Sample	likelihood
0	-3856.0743375440343
500	-4148.176660689597
1000	-3932.2398670634543
1500	-3985.1928721538
2000	-3944.3350561982083
2500	-3973.58861122284
3000	-4263.014147053013
3500	-3946.981905314569
4000	-3921.044958466617
4500	-3965.221826178456
5000	-3893.696075046178
5500	-4267.908762313571
6000	-3854.199954046402
6500	-4003.5849996265797
7000	-4111.309254292169
7500	-4097.2426039717975
8000	-3885.089844773744
8500	-3982.561241702606
9000	-3888.9663818762338
9500	-3891.894630987365
10000	-3858.9515795644425
10500	-4033.412342271777
11000	-4045.664312450702
11500	-4021.2535093528577
12000	-4207.012889610713
12500	-3960.089031556692
13000	-3958.0678643552656
13500	-3874.9700476646794
14000	-4002.4446325778913
14500	-4022.943356833029
15000	-3957.160782798889
15500	-4370.39803129051
16000	-4106.138237732024
16500	-3943.754982982493
17000	-4093.8369536604664
17500	-4138.4235875653585
18000	-4052.7601678015735
18500	-3979.1763486581885
19000	-4011.1887349569547
19500	-4110.973899360291
20000	-4027.0640503149384
20500	-4058.654893022806
21000	-3860.4989851707555
21500	-3952.603305393532
22000	-3850.6224225399915
22500	-3805.484200649055
23000	-4144.375803540793
23500	-4011.0579418722186
24000	-3995.2182681858167
24500	-4068.5914462074343
25000	-3907.2931837335473
25500	-4084.0310245998685
26000	-4071.8764597344266
26500	-4048.2955517618693
27000	-4042.795019314083
27500	-4206.568368369589
28000	-4226.2455589158435
28500	-4359.452817893363
29000	-4005.3179417170318
29500	-3886.236273930075
30000	-3857.504892508439
30500	-3958.57285774428
31000	-3979.4104556240686
31500	-3888.172135779681
32000	-3998.4807485110937
32500	-3902.249555191579
33000	-3991.7369816663877
33500	-4086.8079952737294
34000	-4014.375347669723
34500	-4221.747592709343
35000	-4269.199367987098
35500	-4048.2418340517625
36000	-4108.450172546083
36500	-4458.778977367629
37000	-4131.22456955917
37500	-4207.108480429455
38000	-4350.216028462369
38500	-4254.099150006435
39000	-4077.7933103255277
39500	-4062.248484719914
40000	-4144.421384019414
40500	-4247.376207884926
41000	-4191.264812166699
41500	-4164.630404951068
42000	-3786.862192741366
42500	-4079.3518136912617
43000	-4104.837930933276
43500	-4115.7071987312875
44000	-4047.757105361831
44500	-4037.1096046593184
45000	-3973.793040407167
45500	-3935.6168759401125
46000	-3891.011298031645
46500	-4201.472232953552
47000	-4101.434384242417
47500	-4381.852914471647
48000	-4378.789156002376
48500	-4237.768924005248
49000	-4189.28331606894
49500	-4046.6083787623797
50000	-4254.983592674506
50500	-4219.843450459677
51000	-4044.3646150748596
51500	-4049.9652917928533
52000	-4059.1545445256297
52500	-4137.163514652892
53000	-4207.465178043729
53500	-4207.397254020745
54000	-4057.2296190361913
54500	-4124.181688150203
55000	-3987.7151042579167
55500	-4083.3596967152994
56000	-4186.089098357933
56500	-4307.066676134236
57000	-4207.280437311159
57500	-4042.4020074786213
58000	-4131.5759762966245
58500	-4119.226692833228
59000	-4169.179868336486
59500	-4154.8814906062
60000	-4122.600482048847
60500	-4199.005953199571
61000	-4292.680651447861
61500	-4523.122007955585
62000	-4365.10344175044
62500	-4334.214206855896
63000	-4157.6929698771755
63500	-4177.837448202304
64000	-4183.313544972837
64500	-4144.404362367856
65000	-4498.3576943331
65500	-4182.946048704687
66000	-4155.1141373165565
66500	-4142.5012572499945
67000	-4369.603455796575
67500	-4010.0489757713885
68000	-4001.7350802167543
68500	-4207.59705837138
69000	-4083.8497285345074
69500	-4055.017139959005
70000	-4154.097613443447
70500	-4008.7720170584957
71000	-4203.928255515396
71500	-4142.487122440759
72000	-4215.802014350543
72500	-4170.183574548041
73000	-4217.137917066271
73500	-4160.41536704389
74000	-4260.178977284616
74500	-4107.245950167148
75000	-4240.196964941319
75500	-4224.136450677663
76000	-4149.949711023168
76500	-4283.744675816569
77000	-4161.969778294305
77500	-4193.209600818227
78000	-4147.318507963502
78500	-4314.426778591597
79000	-4299.3130682787605
79500	-4246.9977952200215
80000	-4316.689920924626
80500	-4389.23996383331
81000	-4156.187748416787
81500	-4057.9927335605985
82000	-4175.21904225066
82500	-4214.866414983513
83000	-4296.537757261504
83500	-4154.3736611633685
84000	-4045.0014155545387
84500	-4086.0676501528496
85000	-3892.829468033082
85500	-3868.0066287917257
86000	-4120.181599071621
86500	-4080.1661523645757
87000	-3943.7288510848416
87500	-3960.87411709324
88000	-4127.979532197506
88500	-4092.848664352658
89000	-4267.396152922411
89500	-4073.5813156592017
90000	-4138.058885780723
90500	-4033.4499254185994
91000	-4115.70058987329
91500	-4073.9250159036455
92000	-4077.6346914237374
92500	-4278.349007167133
93000	-4124.582923484567
93500	-4371.556172159483
94000	-4136.756360671566
94500	-4201.10298212065
95000	-4004.879317487973
95500	-4059.1670959302055
96000	-4038.873599062233
96500	-4107.493807025187
97000	-4152.126328511292
97500	-4112.78131988663
98000	-4216.888393088874
98500	-4171.065787055038
99000	-4046.569204522128
99500	-3963.8217793653944
100000	-4267.179653132359
100500	-4091.898332236759
101000	-3921.135745390387
101500	-3969.0953932185284
102000	-3965.459821875107
102500	-4095.883913103183
103000	-4050.3309021873465
103500	-4048.3413652928116
104000	-4052.0549266513362
104500	-4198.998050715473
105000	-4130.6159560931355
105500	-4126.431944879691
106000	-3981.4996452079104
106500	-4133.732543154484
107000	-4113.255479854372
107500	-3971.7321080332563
108000	-4193.903496665115
108500	-3988.665552303375
109000	-4195.535407604117
109500	-4025.169091171267
110000	-3992.460901337057
110500	-4024.0642581883194
111000	-4140.786357986364
111500	-4141.231716228065
112000	-3961.851425435192
112500	-4000.538297281473
113000	-4151.671959882378
113500	-4275.267480082865
114000	-4134.8315266994005
114500	-4149.97601760257
115000	-3841.730493110277
115500	-3954.0187219091185
116000	-3950.55586506132
116500	-4135.488554609449
117000	-4080.087661456452
117500	-4021.1642452329165
118000	-4048.096521883345
118500	-4184.255599702769
119000	-4354.584825239109
119500	-4289.745313342212
120000	-3987.22682864567
120500	-3957.1029676044445
121000	-3986.512551610993
121500	-3969.9132541489257
122000	-4019.693210356377
122500	-3982.3952844584273
123000	-4144.827355185198
123500	-3974.393809942393
124000	-3979.146658605445
124500	-3934.7225198075753
125000	-4153.620735209928
125500	-3943.260268462751
126000	-3949.300409520189
126500	-3887.205197328931
127000	-3866.4406255762888
127500	-4055.924557110818
128000	-4066.605198250001
128500	-4138.307474059513
129000	-4287.442419877931
129500	-4170.729324760619
130000	-4091.7977395235084
130500	-4209.886890899588
131000	-4447.33423729634
131500	-4216.334981422609
132000	-4228.009168142579
132500	-4133.447016520098
133000	-4019.479792470027
133500	-4310.362419384505
134000	-3968.7802228885685
134500	-3948.9834123743117
135000	-3839.1760002373335
135500	-3942.91373235715
136000	-4031.758941903431
136500	-3967.604885501415
137000	-3921.581084817762
137500	-4088.7776998547633
138000	-4031.9639980021593
138500	-4040.1591151585017
139000	-3975.34816474536
139500	-4140.768689908094
140000	-3905.442551029254
140500	-3984.257552130534
141000	-4141.5025177204425
141500	-3909.403581525411
142000	-3918.6816976537275
142500	-4005.032734861903
143000	-4128.677079807361
143500	-4011.008652929254
144000	-3905.15409023331
144500	-4127.895478129181
145000	-4035.306153118111
145500	-3997.701556378189
146000	-4051.8592028065877
146500	-3985.344578494475
147000	-3898.935187090959
147500	-4108.18790829901
148000	-3947.6907204493887
148500	-4003.1675666932356
149000	-4099.96080202549
149500	-4033.790002357824
150000	-3939.827508993101
150500	-4144.758974795355
151000	-4017.025059750834
151500	-4112.655112032307
152000	-4031.004883339164
152500	-4030.2943929008097
153000	-4038.756155008917
153500	-4125.769593703004
154000	-4119.7720257410965
154500	-3969.968723061681
155000	-3912.7618791808013
155500	-3985.738940032576
156000	-3998.712872417466
156500	-4106.831394308145
157000	-3898.7490161321657
157500	-4008.165906904208
158000	-4091.181547767156
158500	-3827.400752292064
159000	-4231.903074032583
159500	-4156.771223262354
160000	-4240.200511252318
160500	-4176.810150460733
161000	-4194.123280452846
161500	-4055.3940644837194
162000	-3995.391389201716
162500	-4115.0606140758
163000	-3966.316332911639
163500	-4024.6387602923637
164000	-4071.2820293523328
164500	-3941.1344930277323
165000	-4113.2253720015315
165500	-3909.518030482434
166000	-4089.186990396597
166500	-4027.743344162627
167000	-4139.9108883634735
167500	-4082.057733155702
168000	-4046.7673019389335
168500	-3997.013300775286
169000	-3957.139001023196
169500	-3929.924534240598
170000	-3878.3472510526017
170500	-3972.83622273244
171000	-3957.5026235716336
171500	-4018.824527848124
172000	-4029.792251884686
172500	-4596.111677514473
173000	-4148.881115975755
173500	-4024.326019353183
174000	-4130.366959438109
174500	-4293.580236980648
175000	-3972.128531947396
175500	-3986.2920804899763
176000	-4080.4705266918227
176500	-4116.8156129849685
177000	-3849.8633467273976
177500	-4156.58183078737
178000	-4140.422918475576
178500	-4193.666224889992
179000	-4031.1865039018794
179500	-3831.9719617441506
180000	-3955.6047188305033
180500	-3943.819801423657
181000	-4155.035913478535
181500	-3935.174561292326
182000	-4138.363427548732
182500	-3997.827286056588
183000	-4118.014272004807
183500	-4376.074483449473
184000	-3982.0050320894425
184500	-4153.595529879247
185000	-3907.542876668448
185500	-3998.1910155604824
186000	-4087.9459030521016
186500	-3946.8484413073706
187000	-3905.327320940192
187500	-3857.699221814292
188000	-4230.018761495197
188500	-3960.746938830383
189000	-3863.193900717698
189500	-3891.581645838791
190000	-4079.1736027873226
190500	-4074.1314763483415
191000	-4108.405000167794
191500	-3889.2650754305887
192000	-4091.196419775556
192500	-4010.916685085038
193000	-4090.503560336275
193500	-4111.348016232196
194000	-4055.071672990386
194500	-4212.846406528279
195000	-4205.982058901581
195500	-4154.520457220306
196000	-4080.852859306089
196500	-4198.350466619097
197000	-3898.1776216019502
197500	-3868.52859941421
198000	-3975.836380769688
198500	-4064.4816802760047
199000	-4100.326328084478
199500	-4060.039170560258
200000	-4002.558558826091
200500	-4101.545494031758
201000	-3899.1550169576262
201500	-4064.381212362878
202000	-3921.060800500236
202500	-3981.6741862665376
203000	-3970.1339190035847
203500	-4008.280882749293
204000	-3891.7948827684004
204500	-3925.3654817203683
205000	-3858.053993974295
205500	-3876.838377211559
206000	-4068.5231885944568
206500	-3988.124857277406
207000	-4072.8280688531545
207500	-4173.332713777364
208000	-4098.154720789384
208500	-4008.957641749191
209000	-3934.1349516303153
209500	-4175.843571301678
210000	-4150.277671910729
210500	-4062.723491090894
211000	-4060.476650525111
211500	-4216.473605421992
212000	-4125.484818612556
212500	-4159.845142711049
213000	-4283.005864441314
213500	-4006.074657865215
214000	-4029.080943364957
214500	-3992.296176885009
215000	-3873.5639213291633
215500	-4006.0478304477347
216000	-4261.962694646782
216500	-4190.926482691215
217000	-3967.1920961408705
217500	-4072.4384571805963
218000	-4212.609313047794
218500	-4139.210363856862
219000	-4362.654462123626
219500	-4311.610353778251
220000	-4259.370355746432
220500	-4230.302498154963
221000	-4219.211428597506
221500	-4190.74210008317
222000	-4132.288624556916
222500	-4033.9509118670103
223000	-4020.6657327891003
223500	-3986.60528770187
224000	-3949.502816569824
224500	-3961.1125853867143
225000	-3941.9143763913544
225500	-4247.9244741775
226000	-4154.630447912899
226500	-4127.80955631249
227000	-4209.058508502245
227500	-4298.687362516739
228000	-4220.035501540802
228500	-4106.756840052217
229000	-4110.530243353766
229500	-4148.8695870597685
230000	-3984.184423538887
230500	-4028.530382905921
231000	-4087.418392551828
231500	-4079.451680356158
232000	-4281.7631544761925
232500	-4386.677387951852
233000	-4165.546222280867
233500	-4134.100124834519
234000	-4289.404866134842
234500	-3969.9262315552783
235000	-4172.810241012907
235500	-4134.904287579104
236000	-4195.2908690426075
236500	-3959.289869992253
237000	-4339.472147640223
237500	-4345.565868512866
238000	-4378.418914060279
238500	-4312.958597541693
239000	-4193.592809572166
239500	-4151.838824508707
240000	-4227.1636971154585
240500	-4082.7422865537187
241000	-4097.217358669095
241500	-4233.316132253891
242000	-4268.101714366802
242500	-3933.725917808737
243000	-4122.622717650348
243500	-4008.2675015170507
244000	-4071.9998767124957
244500	-4172.047258771146
245000	-4230.813878312761
245500	-4087.586680207066
246000	-4213.411263716203
246500	-4161.592335367967
247000	-3987.0783669905923
247500	-4231.963893660113
248000	-4102.53439634243
248500	-4117.671566464754
249000	-4015.8106409254983
249500	-4156.420018283151
250000	-4035.531397733346
250500	-3973.461203974579
251000	-3987.344001916462
251500	-4156.941582679824
252000	-4010.075077477475
252500	-4078.9881444303087
253000	-3998.8695224253524
253500	-4121.4190013355055
254000	-4108.546275600603
254500	-4304.897773866569
255000	-4011.859827625364
255500	-4176.968157123787
256000	-4163.0763308263195
256500	-4027.402725400996
257000	-4139.982921834393
257500	-4208.252488206188
258000	-4088.9937910437734
258500	-4062.248431844471
259000	-3954.8389966750274
259500	-4112.931822844024
260000	-4233.170406584418
260500	-4356.411477113825
261000	-4281.208574764598
261500	-4335.2713919658045
262000	-4408.288871557728
262500	-4145.785744482716
263000	-4025.9466232320992
263500	-4365.061113355423
264000	-4209.349359576236
264500	-4368.9452405006
265000	-4044.306774802773
265500	-4147.641065203343
266000	-4181.195021661008
266500	-4018.66327531337
267000	-4110.240957936874
267500	-4071.3299811800275
268000	-3873.4263164020317
268500	-4208.88074317725
269000	-4174.842416317357
269500	-3947.441958827888
270000	-3887.519087387095
270500	-3934.9957388683893
271000	-4046.2253233231477
271500	-3928.9646621606776
272000	-4039.500084837597
272500	-4061.522319717637
273000	-4164.569656894184
273500	-4157.367762533164
274000	-4079.5613241108776
274500	-4055.487970497931
275000	-4196.039968492524
275500	-4037.1829258618104
276000	-4133.766744466803
276500	-3971.042467782393
277000	-4179.336767591099
277500	-4069.4612977979364
278000	-3878.00133876689
278500	-3822.5337317475755
279000	-4299.613694363003
279500	-3958.4837838570425
280000	-3827.8522727151344
280500	-3927.0804135267995
281000	-3899.502437492091
281500	-4044.322003798834
282000	-3958.723721946098
282500	-3981.150474164285
283000	-3906.766396241123
283500	-3997.928241240674
284000	-3925.7275834039624
284500	-3971.9904887054186
285000	-3853.1141289328175
285500	-3920.2464604649817
286000	-4201.210483008066
286500	-4190.126465781248
287000	-4120.082696038143
287500	-4030.460232734174
288000	-4206.440251849506
288500	-3980.5871074940987
289000	-4127.664711949674
289500	-4062.7034302258335
290000	-3900.1946574845524
290500	-3763.7915108585503
291000	-3814.4521954365127
291500	-3849.64894037707
292000	-4072.5547196606503
292500	-4204.802760522545
293000	-4558.063039771531
293500	-4115.3019544360695
294000	-4401.364640060132
294500	-4251.387564304346
295000	-4383.116677046532
295500	-4167.914635922627
296000	-4088.4885498207764
296500	-4075.8599016530834
297000	-4058.287785900212
297500	-4049.092547265513
298000	-3940.3532447285234
298500	-4186.4449296571975
299000	-4224.761983741698
299500	-4319.590752550387
300000	-4096.836642925424
300500	-3897.901228357373
301000	-3973.1452418099752
301500	-3951.2552530254234
302000	-4232.406931016162
302500	-4243.504995369371
303000	-4282.02067875906
303500	-4256.795685164335
304000	-4074.8926150096822
304500	-4341.595008389055
305000	-3895.2661399855833
305500	-4085.639265921677
306000	-4057.9541357115545
306500	-4234.0613012660415
307000	-4144.623835084675
307500	-3976.0869962020856
308000	-4109.620669577439
308500	-4081.1435575731316
309000	-4131.6394840620205
309500	-4188.08342193594
310000	-4112.934444119241
310500	-4197.609438576082
311000	-4159.068640855075
311500	-4259.192562625486
312000	-4288.838964030531
312500	-4286.5703733290875
313000	-4402.422483117378
313500	-4121.3078968904765
314000	-4080.856634919411
314500	-4011.7189981665733
315000	-4165.721011473809
315500	-4071.8964346367698
316000	-4071.5006542994024
316500	-4358.457463318222
317000	-4248.931620448208
317500	-4129.047553942943
318000	-4093.4024748801307
318500	-4034.5096991565483
319000	-4041.9620335632167
319500	-3981.384351812416
320000	-4132.015505914206
320500	-4173.7754648375385
321000	-4060.8454601229923
321500	-4183.533775447201
322000	-4116.674445538733
322500	-4247.075464942521
323000	-4228.877493794356
323500	-3859.433365900288
324000	-3855.8524860418834
324500	-4028.5465662408287
325000	-4062.2322959527605
325500	-3974.270487365433
326000	-4161.99379301575
326500	-4394.076517383145
327000	-4157.509356368957
327500	-3961.406938077794
328000	-4087.9427799202504
328500	-3988.3354622287484
329000	-3951.8714963588513
329500	-4000.2867399800475
330000	-3982.933815318626
330500	-3878.7411954053014
331000	-3855.764422736472
331500	-4034.7590806142493
332000	-4055.4617423468944
332500	-4024.7433311539858
333000	-3994.188727119992
333500	-4193.085836166824
334000	-4231.233960817544
334500	-4299.764533089001
335000	-3963.444303207286
335500	-4131.2045515810405
336000	-4023.1527732297723
336500	-4108.330135087962
337000	-4218.458180793557
337500	-4000.6139190787403
338000	-4120.374652660687
338500	-4236.207854182968
339000	-4113.060790230939
339500	-3867.4595360221906
340000	-3986.8562858736436
340500	-4104.798107049717
341000	-4250.696867940669
341500	-4076.0244108918814
342000	-4161.431703537222
342500	-4107.101110049479
343000	-4287.561047287172
343500	-4118.278011646337
344000	-4203.266080597037
344500	-3950.869001395046
345000	-4014.040911288436
345500	-4074.750637426732
346000	-4022.6899081905613
346500	-4023.4099520152217
347000	-3848.787544381248
347500	-4056.0076299815673
348000	-3964.680155423377
348500	-4040.6990995492106
349000	-4114.320410716038
349500	-4211.62174605078
350000	-4089.8598970860107
350500	-4321.765994524942
351000	-4077.662820014841
351500	-4141.881344042232
352000	-4149.6896320179985
352500	-3992.165280367752
353000	-4265.89965666545
353500	-4219.806127910742
354000	-4419.790321907874
354500	-4230.802994102972
355000	-4094.451306133955
355500	-4128.24140718573
356000	-4006.5370513484554
356500	-4109.723679550557
357000	-4132.287108770471
357500	-4022.704640133741
358000	-3899.8261514236774
358500	-3788.8794285900703
359000	-3808.3663874042095
359500	-3895.3845707296605
360000	-3874.913017336159
360500	-3905.306327974521
361000	-3958.0053341642506
361500	-4009.4695762002348
362000	-4113.755885131025
362500	-3877.0029335998943
363000	-3891.71142144684
363500	-3970.2158183967817
364000	-3866.8345129875856
364500	-3846.4159634038806
365000	-3917.3663868061835
365500	-3916.727382319222
366000	-3948.839715627294
366500	-3982.5327416006617
367000	-3971.201656178005
367500	-4129.2098136596705
368000	-4167.218399887427
368500	-4206.165967666744
369000	-4091.8306551610895
369500	-4033.3916363513144
370000	-4173.047353149273
370500	-4158.062032593154
371000	-4298.660776490901
371500	-4210.995691990111
372000	-4113.6630055451005
372500	-4102.145201022007
373000	-4073.4504590352685
373500	-4112.911702797305
374000	-4143.60384343042
374500	-4068.405397297405
375000	-4025.4402991376296
375500	-4148.314844099283
376000	-4276.822298399124
376500	-4177.749421155922
377000	-4114.77403640405
377500	-4072.3477646687475
378000	-3939.908979102552
378500	-4130.181041869978
379000	-4091.2200959970346
379500	-4064.1836934400026
380000	-4049.427420543176
380500	-4064.7886265276247
381000	-3986.1521486349416
381500	-4056.370754112191
382000	-4098.732484447003
382500	-4222.615768116104
383000	-4082.591706434163
383500	-4108.988366245434
384000	-3999.7815796823734
384500	-3891.1203239144115
385000	-4017.874487053809
385500	-3955.5863541600015
386000	-3927.054230938692
386500	-4009.0732311651755
387000	-3924.2308584614593
387500	-3914.601419339141
388000	-3997.4751770259854
388500	-4060.1098539168884
389000	-3905.1124748849065
389500	-4014.6109346996454
390000	-4255.656285746722
390500	-4154.329083095769
391000	-4124.791300010496
391500	-4117.745940141998
392000	-4193.829664732973
392500	-4038.2345460588294
393000	-4065.7658186921153
393500	-4273.121958616478
394000	-4216.038337468705
394500	-4259.313358060455
395000	-4281.340333564306
395500	-4263.068145986093
396000	-4225.37672122834
396500	-4239.17259822082
397000	-4445.301562983265
397500	-4243.194611432293
398000	-4228.341922501165
398500	-4270.578852165709
399000	-4167.115122648526
399500	-4211.686399589496
400000	-4266.303111425216
400500	-4055.5325511117567
401000	-4084.686139070559
401500	-4155.78199235752
402000	-4098.265101290675
402500	-4058.631419868942
403000	-4206.995327890593
403500	-4080.394174184642
404000	-4053.7893274315447
404500	-4087.370254022973
405000	-4187.941638312812
405500	-3916.373829518612
406000	-4033.134107498131
406500	-4454.349997971904
407000	-4013.443111145055
407500	-4009.6337909236127
408000	-4032.876677766668
408500	-4014.961140890654
409000	-4137.527542921616
409500	-4264.14961953377
410000	-4102.655018971167
410500	-3979.4820583424453
411000	-3999.2887831747857
411500	-4193.667273111287
412000	-3967.5079655516956
412500	-4028.1991172400217
413000	-4135.198198853995
413500	-4181.056535520996
414000	-3955.013332345367
414500	-4076.318977862394
415000	-4006.02385387476
415500	-4004.0095720850836
416000	-3945.120713401174
416500	-3932.051489155397
417000	-3963.4153800023055
417500	-4006.453907195256
418000	-4135.1693386608995
418500	-3903.2379561700127
419000	-4102.9344746548795
419500	-4111.293515752251
420000	-3917.4679114893434
420500	-4157.829164229162
421000	-4012.7217737668725
421500	-4096.978216896406
422000	-4215.765215382673
422500	-4165.53471193905
423000	-4146.972784256735
423500	-4030.4022517746866
424000	-4034.4628871828922
424500	-4139.469164946342
425000	-4125.153220391486
425500	-4017.254313567
426000	-4037.467525617869
426500	-4173.58035637263
427000	-4199.615779086889
427500	-4098.809799916133
428000	-4139.864500082669
428500	-4051.3940129195144
429000	-4115.534409501619
429500	-4160.501103735156
430000	-4054.8562693463464
430500	-4339.377963858763
431000	-4306.886765251524
431500	-4185.671194586675
432000	-4181.976185894271
432500	-4236.20507126122
433000	-4185.177096243701
433500	-4113.089209485653
434000	-4049.120646988266
434500	-4202.37591575925
435000	-4093.1449000124467
435500	-4261.5981891905885
436000	-3972.6597601961244
436500	-4035.6760336174
437000	-4024.002342136032
437500	-3959.2611881714333
438000	-4305.596651194263
438500	-3956.0577679075354
439000	-4016.439389732365
439500	-4099.260226257876
440000	-3958.9620510024342
440500	-3917.092767791904
441000	-4111.501025958249
441500	-4066.5354634951223
442000	-4013.5770660628536
442500	-3892.2243155079636
443000	-4035.1717701951693
443500	-3985.225218384748
444000	-3914.183952214169
444500	-3992.000610383564
445000	-3949.0614868858247
445500	-4245.159591442261
446000	-4190.291741897244
446500	-4135.282473112122
447000	-4108.056998640743
447500	-4097.253569803349
448000	-3998.781868411667
448500	-4039.699601009243
449000	-4067.235989767404
449500	-4084.942958548387
450000	-4066.4434423072857
450500	-4067.840994396007
451000	-4172.047821079437
451500	-4148.175203826108
452000	-4058.6406107367957
452500	-4195.393877270083
453000	-4017.5939344958247
453500	-3957.222245704484
454000	-4001.294380564725
454500	-3939.6863678279033
455000	-4030.228627250244
455500	-4152.43797637957
456000	-4193.713573164678
456500	-4040.7777453409963
457000	-4076.491093772573
457500	-3984.7511268250582
458000	-4150.323242267272
458500	-3846.4679182636382
459000	-4045.3728133245227
459500	-4147.733681065762
460000	-4178.0174060137315
460500	-4195.235958597788
461000	-4304.623356027907
461500	-4435.292305591805
462000	-4047.218707840188
462500	-4266.388841762255
463000	-4201.388881640426
463500	-3927.3934999735307
464000	-4255.521118160118
464500	-4140.161095937494
465000	-3939.6861961485265
465500	-3987.3816158646064
466000	-4033.4745736417913
466500	-4339.7152724554735
467000	-4242.727421251242
467500	-4241.897066950084
468000	-4212.389946879053
468500	-4308.3888243116535
469000	-4161.609152572878
469500	-3958.2195094917834
470000	-3984.6446639197916
470500	-3968.3383112135807
471000	-4101.608048167478
471500	-4138.527245927416
472000	-4057.9509007649012
472500	-3944.921004508385
473000	-4026.4709296647798
473500	-3976.4125229170377
474000	-3966.3930884617116
474500	-3827.366130189208
475000	-3788.2650029532356
475500	-4062.675553380269
476000	-3900.4797199987106
476500	-3999.892846666348
477000	-3863.5239805405417
477500	-3935.510404105464
478000	-3837.9099874780068
478500	-3917.3208588634993
479000	-3869.968343928034
479500	-4110.846816990266
480000	-3715.935540684981
480500	-3892.3956932759525
481000	-3873.7567876151666
481500	-4035.471536350997
482000	-4139.973724908133
482500	-4161.0290489868175
483000	-4056.2598473963676
483500	-3957.894962982652
484000	-4076.4009845570295
484500	-3962.547761220768
485000	-3828.249874365519
485500	-3748.0209825217676
486000	-3967.4094114036375
486500	-3874.4938524080903
487000	-3965.1472195750034
487500	-3900.821080896069
488000	-3817.605483810055
488500	-3881.211495412592
489000	-4010.660856740516
489500	-3862.7310176095284
490000	-3907.8604254221123
490500	-4225.884485153677
491000	-3953.2099400374054
491500	-3808.335896588061
492000	-3848.4483056913714
492500	-3931.080721268908
493000	-3976.779978038551
493500	-4154.286846865995
494000	-4220.783710977847
494500	-4013.0303831685183
495000	-4015.690193088436
495500	-4272.075624276584
496000	-3984.5460353996973
496500	-4029.9480447526907
497000	-4063.1641313729897
497500	-3975.5430432008757
498000	-4061.0928635722903
498500	-4082.1324351260823
499000	-3944.366070460107
499500	-4100.965105711162
500000	-4006.51056577
500500	-3911.2673694433024
501000	-4094.8092621993696
501500	-3975.2733502177753
502000	-3993.3098451090345
502500	-4139.057517910662
503000	-4134.316256409705
503500	-4003.2071171039465
504000	-4086.0576475699318
504500	-4100.562192113467
505000	-4086.394742039916
505500	-4064.5563732188925
506000	-4049.8890496716826
506500	-4064.61526887996
507000	-4371.039726192509
507500	-4154.273449944424
508000	-4162.822030490859
508500	-4160.488271483561
509000	-4088.9678820299578
509500	-4093.2130768803017
510000	-3949.728327618835
510500	-4071.658714210914
511000	-4010.8550251742386
511500	-4069.8931801027484
512000	-3886.5806718905546
512500	-3996.371386822129
513000	-4009.175482038668
513500	-3906.3009456792947
514000	-3977.2399260806915
514500	-3859.773821070296
515000	-3899.9208190574054
515500	-4029.4160933042804
516000	-3974.4797181168806
516500	-3981.1012187895185
517000	-4040.3016207124974
517500	-4011.9105177685246
518000	-4109.960761200952
518500	-4174.30348730195
519000	-4154.713324408063
519500	-4050.313878484643
520000	-3997.7013841633334
520500	-3907.445585703409
521000	-4084.522787897807
521500	-3957.6924004808334
522000	-3942.5714727681825
522500	-4172.033287252847
523000	-4029.6830953224753
523500	-4133.529828112225
524000	-4144.012536517578
524500	-4049.8315011200225
525000	-4159.069349973861
525500	-4106.797118576887
526000	-3934.1157762987996
526500	-4053.6569095954096
527000	-3983.231763120983
527500	-4135.728285082358
528000	-4126.373778379253
528500	-3981.0710103580413
529000	-4040.9904727019975
529500	-4119.859305713015
530000	-4256.108084715431
530500	-3994.0546186880615
531000	-3867.80056382429
531500	-3929.9444830513316
532000	-3979.1159770901827
532500	-4133.103267146938
533000	-4101.437630754564
533500	-3927.2522240774824
534000	-4061.1172561924986
534500	-3978.694876583236
535000	-3875.302082830862
535500	-4005.274370079975
536000	-4028.1818730603964
536500	-4240.9685268862395
537000	-4024.738526625085
537500	-4229.206504013751
538000	-4139.222085589303
538500	-4034.8414571661706
539000	-4121.998299488957
539500	-4116.78412444174
540000	-4177.735802360644
540500	-4009.8811416744456
541000	-3895.119135138276
541500	-4077.943006221841
542000	-4140.017849809201
542500	-3939.6621450657467
543000	-3894.9878089319996
543500	-4132.196009982305
544000	-3985.740522805101
544500	-4050.9579199250347
545000	-4038.4346098738115
545500	-3988.8045751397412
546000	-4018.020364118436
546500	-4123.182610716303
547000	-3927.347033425606
547500	-3927.6527153157845
548000	-4127.520134003917
548500	-4189.285832359882
549000	-4217.4777529838675
549500	-4206.620692103491
550000	-4279.370663919085
550500	-4235.275936248422
551000	-4404.463961559041
551500	-4121.579615857543
552000	-3966.1603908561724
552500	-4014.902431156331
553000	-4129.936847461324
553500	-3991.8798270284537
554000	-3742.6675016863933
554500	-4191.409796608655
555000	-3991.0606453815512
555500	-3979.1382702655505
556000	-4026.7759412239684
556500	-3964.5569935830954
557000	-4098.914612991715
557500	-4070.575246325855
558000	-3964.959576808934
558500	-3908.7667717902355
559000	-3991.5718578273736
559500	-3887.974566301605
560000	-3899.943262483842
560500	-3966.355979684285
561000	-4090.42589565932
561500	-3876.571856293392
562000	-3940.302670437146
562500	-3976.6658378925795
563000	-4029.789524152393
563500	-3910.484116149864
564000	-4170.541027536883
564500	-4065.7369846566235
565000	-4338.861258060814
565500	-3963.153436863308
566000	-4188.100185551681
566500	-4203.146397193892
567000	-4169.7341247628265
567500	-4152.109570265798
568000	-4179.762955947507
568500	-4297.636064713184
569000	-4073.867924238462
569500	-4174.443880108613
570000	-4003.612617021267
570500	-4215.90080019497
571000	-4207.567222504322
571500	-4174.782748780787
572000	-4112.035251857419
572500	-4183.758535171031
573000	-4078.6903905917106
573500	-4025.9395215486343
574000	-4070.1648149230373
574500	-3979.2341206548285
575000	-3920.91606787818
575500	-3980.0261057402276
576000	-4167.322353221288
576500	-4055.104639683662
577000	-4049.696387626018
577500	-4280.940442174857
578000	-4302.997393060334
578500	-4187.919507492268
579000	-4018.9987429490952
579500	-3999.4261785559106
580000	-4038.343744286929
580500	-4120.973230236106
581000	-4167.882114607189
581500	-4089.084029597792
582000	-4149.826428621111
582500	-4112.224223709534
583000	-4111.193129761718
583500	-4021.7299722962453
584000	-4252.051616167713
584500	-4134.939552681047
585000	-4217.980992447611
585500	-4114.39610756323
586000	-4054.188024898048
586500	-4148.445139773267
587000	-4057.1931188952935
587500	-4287.666474046105
588000	-3995.0514355454975
588500	-4109.295183433123
589000	-4239.431633778997
589500	-4010.602223028696
590000	-4217.143980716091
590500	-4153.874414657865
591000	-4023.491388183788
591500	-4053.459636032072
592000	-4029.874745552394
592500	-3964.3300122147216
593000	-3982.2408743590177
593500	-3905.929470731779
594000	-4002.409886491909
594500	-3858.3754873556168
595000	-3864.0791245260416
595500	-4028.931571227645
596000	-4053.4348757924713
596500	-4085.5075380079743
597000	-4031.051287924359
597500	-4010.0969577256433
598000	-4057.9797646892657
598500	-3998.1726501736252
599000	-4237.644351922209
599500	-4155.786913738205
600000	-4182.902298215457
600500	-4130.657800049436
601000	-4165.151088075232
601500	-4095.270358869888
602000	-3875.062040131787
602500	-4107.097174754219
603000	-4190.9285983722875
603500	-3924.6740703966557
604000	-3900.383480661297
604500	-4085.312092417892
605000	-3922.0950926386545
605500	-3975.0294887983932
606000	-3982.2299166205894
606500	-3820.6942819230753
607000	-3878.2871552442343
607500	-3889.8057002693154
608000	-3958.698711556908
608500	-4071.7598765037806
609000	-4038.0902054499984
609500	-3925.7188121948484
610000	-4077.4295339821733
610500	-4074.3936000214744
611000	-4096.748268255798
611500	-4168.859026734431
612000	-4158.154387797071
612500	-3921.775656656193
613000	-4019.482548903703
613500	-4052.6249097303826
614000	-3953.95174645588
614500	-3971.8463468955183
615000	-4016.7817460237125
615500	-4327.64964835423
616000	-3914.482240009253
616500	-3934.7719241507925
617000	-3881.910421048027
617500	-4142.250834890037
618000	-4042.789720470048
618500	-3916.6714929172235
619000	-3882.399462739872
619500	-3939.485316072606
620000	-3912.0396110537617
620500	-3928.114243037936
621000	-4031.5316796844354
621500	-3989.00227722088
622000	-3939.1152431934697
622500	-3834.6244605574193
623000	-4012.3355647122958
623500	-3942.648157768454
624000	-3899.285789538848
624500	-4009.138461349323
625000	-3833.324426659617
625500	-3884.931514458207
626000	-3912.0466387575207
626500	-3863.9012646493693
627000	-3777.8864185129073
627500	-3941.038419279032
628000	-3796.5148002162396
628500	-3986.357265098755
629000	-4040.8742619870613
629500	-4119.610946926975
630000	-3815.8249831376465
630500	-4090.2280368085358
631000	-4016.4295682488037
631500	-3815.0336305189303
632000	-3976.38872133493
632500	-3939.0454613937623
633000	-3944.8713833095826
633500	-3963.790158377718
634000	-3877.0866964559136
634500	-3942.8797994822085
635000	-3818.391783361482
635500	-3929.7543887098823
636000	-4009.749144227208
636500	-3838.7291294356673
637000	-3979.1917915755134
637500	-3964.8694519186292
638000	-3990.816497211186
638500	-4106.860885665146
639000	-3932.225102502643
639500	-4016.996907631369
640000	-3972.33424339664
640500	-3921.325210950673
641000	-4098.206148417796
641500	-4047.247235172712
642000	-4005.437102177931
642500	-4058.30136494517
643000	-4114.181221434806
643500	-3907.670142483317
644000	-3997.684548480043
644500	-3822.864878994527
645000	-4056.846683681647
645500	-4032.388182580626
646000	-3987.891681350608
646500	-3994.909995149536
647000	-3975.969424160479
647500	-4144.256173025166
648000	-3940.959798065352
648500	-3890.3822633171776
649000	-3922.5246334847893
649500	-4106.747683004013
650000	-4286.910136460422
650500	-3974.95191291899
651000	-4236.283777156193
651500	-4160.895514670963
652000	-4557.87304112178
652500	-4363.233158959348
653000	-4205.98819956116
653500	-4078.982177759534
654000	-4103.96602633013
654500	-4261.251364549008
655000	-4051.3114096535423
655500	-3978.4233695273015
656000	-3969.7041696681445
656500	-3891.0425993904732
657000	-4050.278559719618
657500	-3873.508286032833
658000	-4209.679195057084
658500	-4277.554700089785
659000	-4142.414120489974
659500	-3954.174261808285
660000	-4175.222452518593
660500	-3901.9195609522544
661000	-3993.2649444536855
661500	-4115.899024039398
662000	-4071.713826049247
662500	-4343.590164304885
663000	-4164.442506006988
663500	-3997.446457441865
664000	-3958.027315529438
664500	-4117.551297235863
665000	-4096.197314747232
665500	-4138.898805457964
666000	-4046.562729935542
666500	-3924.87404409375
667000	-4025.7532816084176
667500	-4110.765712759491
668000	-3977.105499936097
668500	-4020.2429600793653
669000	-4037.777556496715
669500	-4038.872492655043
670000	-4003.885476660145
670500	-4226.141481460495
671000	-4040.2590554695666
671500	-3983.036240463714
672000	-3961.982305925883
672500	-3990.666641084255
673000	-4182.889995569234
673500	-4038.4773592718993
674000	-4028.1716161944123
674500	-4062.6090655299777
675000	-4180.938802934007
675500	-3925.247549225044
676000	-4472.230650741259
676500	-4057.7977267920464
677000	-3877.405141420964
677500	-3889.4315500913995
678000	-3960.3680550547383
678500	-4097.310611927941
679000	-4068.4818737067203
679500	-4593.703105254223
680000	-3929.372954492089
680500	-4255.826147489629
681000	-4180.248554985102
681500	-4296.093097343403
682000	-4023.5137495572912
682500	-4144.612791719251
683000	-4175.796910303588
683500	-4169.479341880129
684000	-4188.774629447536
684500	-4055.91374717919
685000	-4038.8805965747574
685500	-4039.1104430135333
686000	-4108.631662974066
686500	-4253.6921971933525
687000	-4240.001942014176
687500	-3930.2020731526122
688000	-4029.3311823973418
688500	-3978.194610382705
689000	-4037.6422158646997
689500	-4044.8126022184465
690000	-3961.764838957884
690500	-3890.624374203256
691000	-3790.873823037705
691500	-3816.953333049316
692000	-3977.582320046218
692500	-4012.8637962728358
693000	-3922.2402013323263
693500	-4094.105591797066
694000	-4026.0615471004844
694500	-3981.682885936989
695000	-3832.1977065618344
695500	-4029.0553619460825
696000	-3955.5967090590934
696500	-4079.2379850735842
697000	-4092.281774251741
697500	-4065.745566957034
698000	-4230.522017460207
698500	-4081.5965967592656
699000	-4109.058247315159
699500	-3971.4781864725446
700000	-3994.9606176606553
700500	-4147.829390243437
701000	-3997.3752026266916
701500	-3966.200496222131
702000	-4045.484731370315
702500	-3909.2869975268227
703000	-4160.781596632273
703500	-4069.7633970994766
704000	-4141.13568901811
704500	-3844.021962887891
705000	-4038.619751310078
705500	-4051.089029196013
706000	-4164.059169044984
706500	-4157.4062872986015
707000	-3956.525972344442
707500	-4197.911033918853
708000	-3876.7193194628394
708500	-4045.852017360841
709000	-4044.587811442031
709500	-4362.110553579495
710000	-4148.588896675384
710500	-4054.9943696479113
711000	-4060.5785833173095
711500	-4040.3215816638162
712000	-4226.667709605303
712500	-4146.557965402721
713000	-4022.759430449086
713500	-3861.3979627702533
714000	-3996.6259782605594
714500	-3965.321309433776
715000	-4100.8834342047085
715500	-4080.65415294783
716000	-4178.2079055667455
716500	-4154.536456088057
717000	-4042.368820551755
717500	-4042.0275895776686
718000	-4013.7343050247396
718500	-3991.7784477396317
719000	-3874.0091357156152
719500	-4021.384556854115
720000	-4038.3663154490314
720500	-4122.425998846646
721000	-4024.8616085065296
721500	-4151.255638177213
722000	-4277.416177164967
722500	-4107.669735061584
723000	-4025.9045383234266
723500	-4109.839118408417
724000	-4036.955678448842
724500	-3968.540407804117
725000	-3944.2922543975674
725500	-4086.1948631202054
726000	-3954.3918193027303
726500	-4068.8631256326394
727000	-4170.165603562763
727500	-4078.9701542733333
728000	-4045.91859391756
728500	-3829.378111203359
729000	-4118.710419808768
729500	-4256.053955204526
730000	-4076.365238056892
730500	-4095.212956764542
731000	-3970.946497438797
731500	-4139.836701383158
732000	-4229.6378601044935
732500	-4076.1655120778396
733000	-4112.773545367103
733500	-4166.627499114631
734000	-4035.5298226855807
734500	-4286.692401133887
735000	-4029.6822729280875
735500	-4052.666267868261
736000	-4064.318897359716
736500	-4089.8374762492904
737000	-4035.0357364007846
737500	-4137.741959623231
738000	-4093.9686177618105
738500	-4117.388987649803
739000	-4162.050403213143
739500	-4278.035124525342
740000	-3908.2119785521736
740500	-3916.932469746566
741000	-4219.406707372183
741500	-4067.4087276639557
742000	-4026.4714863900545
742500	-4011.7034243366656
743000	-3920.182100240984
743500	-4045.716274877398
744000	-4197.096490883474
744500	-4002.95924810585
745000	-4036.4020315882567
745500	-4046.9260759846197
746000	-4138.519156264082
746500	-4246.747903615821
747000	-4270.5115597977365
747500	-4137.045361564216
748000	-4221.749478795775
748500	-4041.3702768469366
749000	-4101.594886562931
749500	-4128.026545746836
750000	-3981.9566803101575
750500	-4034.9762117968735
751000	-3950.63948807519
751500	-4122.483705976427
752000	-4156.362734417917
752500	-3971.927251072829
753000	-4131.35905354293
753500	-4138.646542550557
754000	-4129.408049233906
754500	-3953.7895676422313
755000	-4027.5088527522316
755500	-4221.495111618981
756000	-3987.7420347965194
756500	-4036.6173915970885
757000	-3877.9853186077885
757500	-4013.0786665873356
758000	-4060.861477002602
758500	-3915.6170669716275
759000	-4233.207228192687
759500	-4497.428609052497
760000	-4200.730505500087
760500	-4403.884960347242
761000	-4167.96976815465
761500	-4134.833630512952
762000	-4078.5303761829723
762500	-4081.1298996084756
763000	-4094.6228806712343
763500	-4132.580269883034
764000	-4017.7427335364187
764500	-4143.399777854608
765000	-4071.203442161575
765500	-4061.153441214452
766000	-4059.984746496923
766500	-4062.269028645063
767000	-3930.409337471749
767500	-4132.394249762369
768000	-3958.561864476668
768500	-3999.5688489517643
769000	-3909.6036955233276
769500	-3841.454299910936
770000	-4145.127213188881
770500	-4311.56380899669
771000	-4009.363782460351
771500	-4041.818223053144
772000	-4129.949614949241
772500	-4181.636765728656
773000	-4088.300671772859
773500	-4110.013287320313
774000	-4318.156099079615
774500	-4171.792785714974
775000	-4373.787058405545
775500	-4270.709352153185
776000	-4285.0147090291875
776500	-4065.98243983792
777000	-4150.780612780111
777500	-3927.05539883655
778000	-4034.907798737529
778500	-3985.7593279512453
779000	-3994.603248716863
779500	-4093.164267339675
780000	-4157.809101797623
780500	-4172.42385132812
781000	-4103.697191499145
781500	-4050.271607021069
782000	-4217.447012797789
782500	-4117.456627206961
783000	-3964.8966133099784
783500	-4212.218635350338
784000	-4166.452478547173
784500	-4141.353920199762
785000	-4464.894699719575
785500	-4449.918626126977
786000	-4013.538528362166
786500	-4322.559440593029
787000	-4404.8731748680775
787500	-4109.346105166897
788000	-4231.177706746546
788500	-4245.4276852696385
789000	-4190.609088020447
789500	-4111.130483110512
790000	-4228.039552770242
790500	-4075.5792550833753
791000	-4123.745916095265
791500	-4355.801534800183
792000	-4169.223850724107
792500	-4428.888421691661
793000	-4260.300857395129
793500	-4157.563058996162
794000	-4123.402563258533
794500	-4192.226701981318
795000	-4162.381672756983
795500	-4177.332838219792
796000	-4066.4076032578964
796500	-4379.593779039954
797000	-4334.108688876548
797500	-4324.57459024274
798000	-4394.734692705231
798500	-4180.212602428914
799000	-4327.7875367776205
799500	-4062.489152079863
800000	-4081.7126450527594
800500	-4233.062265948009
801000	-4143.157943030145
801500	-4147.797562735374
802000	-4031.486982446151
802500	-4215.904612507994
803000	-4090.4673094022514
803500	-4103.287621980193
804000	-4146.5985161819235
804500	-3977.4710871660004
805000	-4134.6513829266405
805500	-4082.8595977872756
806000	-3960.0098247198484
806500	-4126.287045151081
807000	-4126.423814073203
807500	-4001.573751796822
808000	-4100.119509848322
808500	-4181.386906650837
809000	-4251.1473250390245
809500	-4183.884394470406
810000	-4080.8741824837857
810500	-4333.509711582728
811000	-3932.90394219883
811500	-3983.797420025891
812000	-4048.278190626675
812500	-4067.0896984772935
813000	-4038.2427030571753
813500	-4165.13207085551
814000	-4022.948113926751
814500	-3984.3846312472565
815000	-4030.9553991113476
815500	-4091.2221075398056
816000	-3971.987202551962
816500	-4062.2872140847767
817000	-4037.4956708034465
817500	-4088.7026956907966
818000	-4052.598618715945
818500	-4387.25232156038
819000	-4342.1247897514795
819500	-4252.766530319409
820000	-4084.1146765412277
820500	-4143.705751470294
821000	-4056.183391823762
821500	-3987.1967721619403
822000	-4071.64129473234
822500	-4031.8487630131926
823000	-4143.170343515009
823500	-3948.453700949568
824000	-4223.89113595292
824500	-4109.738049926509
825000	-4149.639572264049
825500	-4178.828520199991
826000	-4116.130964666236
826500	-4008.9621537322837
827000	-4150.174920864922
827500	-4074.1452690572296
828000	-3964.8478267168284
828500	-3939.807923025312
829000	-4090.2780146068785
829500	-3992.7702884307387
830000	-3894.644886400281
830500	-4149.627198760201
831000	-4217.248951855344
831500	-4047.467379892468
832000	-4059.884964179171
832500	-4164.050554973199
833000	-4006.372616441292
833500	-3952.124290547834
834000	-3988.1964817856197
834500	-3998.0586332209286
835000	-4133.08510605686
835500	-3945.664571990922
836000	-4054.549588698116
836500	-3968.576126411952
837000	-4057.0265348362313
837500	-4062.5616060069656
838000	-3991.979326534216
838500	-4015.7054639685302
839000	-3923.158263434117
839500	-3944.499973784412
840000	-4142.2533712339355
840500	-3851.070581732334
841000	-3939.580410896141
841500	-3946.075408733304
842000	-3871.3446462468296
842500	-3907.3578498863385
843000	-3886.1487115471614
843500	-3878.638292486212
844000	-4008.158981932073
844500	-4011.887912084324
845000	-3767.695610402668
845500	-3873.095831169541
846000	-4150.101409424244
846500	-4012.53195665178
847000	-4133.83803430547
847500	-4068.838081125809
848000	-4048.7041552789838
848500	-3932.2107096105074
849000	-3985.9680393091544
849500	-4412.687928087659
850000	-4201.528452321118
850500	-4213.050548552387
851000	-4187.678489405207
851500	-3995.365385449735
852000	-3931.970924310099
852500	-3931.793034544998
853000	-3843.5831683597034
853500	-4269.974260081824
854000	-4213.108176726002
854500	-4050.4462034319813
855000	-4264.106515905216
855500	-4295.370289638016
856000	-4180.238779905212
856500	-3989.0580029793086
857000	-3923.107601138412
857500	-4130.929665678138
858000	-4028.825017998108
858500	-4176.336223196869
859000	-4117.60282477343
859500	-4039.7701454045346
860000	-4144.35644514251
860500	-4066.256765302832
861000	-4184.9597337889945
861500	-4022.069371570988
862000	-3956.371835688636
862500	-3995.8181948127485
863000	-4025.3342444434084
863500	-3930.3823352096656
864000	-4017.6538637693684
864500	-3963.7633938933714
865000	-4142.2637676202485
865500	-4179.240488228464
866000	-4058.279191317259
866500	-3997.624805732355
867000	-4211.615485611206
867500	-4035.2684046865184
868000	-3993.365207081146
868500	-4094.974739952662
869000	-4217.476992035266
869500	-4070.423038302297
870000	-4043.3683761402895
870500	-4189.066196014381
871000	-4225.863872897858
871500	-4118.399295358652
872000	-4082.891994723323
872500	-4062.5710814721215
873000	-4205.740871115406
873500	-3988.2856849597874
874000	-4110.4158036989575
874500	-4209.129620229522
875000	-4123.61211939791
875500	-4006.781281665671
876000	-4017.702097647348
876500	-4055.292657802201
877000	-4157.085230999927
877500	-3918.2320391967337
878000	-4093.9152144139
878500	-4165.390209814073
879000	-3993.1413341843427
879500	-4130.747763357362
880000	-4149.530604939833
880500	-4082.3217782542065
881000	-4038.864326013296
881500	-4014.3300799439185
882000	-4118.239289306725
882500	-4155.463057153249
883000	-3968.8135277480937
883500	-3956.6259866914793
884000	-4113.401470350736
884500	-4084.5033388637157
885000	-4037.738643624706
885500	-3960.32963019634
886000	-4169.537484728299
886500	-4162.577430572148
887000	-4078.2972390686546
887500	-4223.578782393257
888000	-4067.3014843069845
888500	-4193.364581998908
889000	-3936.59492799043
889500	-3909.7360125243113
890000	-3929.6703938468727
890500	-4012.9548194861372
891000	-4060.375205380987
891500	-3960.2056500636654
892000	-4166.575337539858
892500	-4111.664655822299
893000	-3769.807550131264
893500	-3787.6457688021965
894000	-3977.474967616586
894500	-3992.486820834843
895000	-4266.501428219107
895500	-4128.046056120467
896000	-4101.499113055307
896500	-4118.6663376068755
897000	-4234.170478979571
897500	-3930.804771526355
898000	-4086.615982784126
898500	-4166.153634955804
899000	-4063.081760558325
899500	-4150.781772920174
900000	-4214.820025738069
900500	-4022.019246744496
901000	-4103.050621733836
901500	-3995.7666444630595
902000	-4061.9963878642106
902500	-4108.030678832011
903000	-3961.82246178457
903500	-4070.23834423101
904000	-4012.38635805149
904500	-4391.737569780207
905000	-4401.762212349633
905500	-4172.52366414817
906000	-4121.176003672581
906500	-4216.991358952616
907000	-4200.960160399561
907500	-4080.2432702475294
908000	-4032.4351896161324
908500	-3966.759384918523
909000	-4094.085986270551
909500	-3920.936726761028
910000	-3946.8638508324743
910500	-4024.940537262065
911000	-4072.3570901362336
911500	-3983.5147500216594
912000	-3993.9334992819527
912500	-4077.685339179496
913000	-4103.791693502911
913500	-3979.640776448701
914000	-3994.523976720973
914500	-3915.9480951637383
915000	-4083.8610358816154
915500	-4005.737402528607
916000	-3959.763648516987
916500	-4223.780527047041
917000	-4147.06658948191
917500	-4293.968790930152
918000	-4218.242540710601
918500	-4057.719324834765
919000	-3956.43351325929
919500	-4144.93620756343
920000	-4088.968386068384
920500	-4088.587403172469
921000	-4203.8602371060015
921500	-4203.354037127343
922000	-4262.7049365272305
922500	-4197.458281743178
923000	-3910.5552312678074
923500	-4024.673432898129
924000	-3974.2949093906777
924500	-3975.8330984082495
925000	-4285.828148155746
925500	-4138.991571617694
926000	-4275.806712032241
926500	-4451.0312100105975
927000	-4164.790872375249
927500	-4134.998148907499
928000	-3997.685912664783
928500	-3965.464266950177
929000	-4046.122123125598
929500	-4213.086005603064
930000	-4027.636873173984
930500	-4102.976516265491
931000	-4144.8732624016275
931500	-3972.89751644184
932000	-3866.516915832136
932500	-3964.565531799962
933000	-3924.6853418689057
933500	-4004.35820782411
934000	-3804.5935951228353
934500	-3841.8816908562576
935000	-3863.550482636374
935500	-3890.2328025198976
936000	-3962.655114922683
936500	-3974.4897506314464
937000	-4079.9512462906114
937500	-4193.888959566881
938000	-4062.6129080490896
938500	-4153.932786081144
939000	-4150.066688775976
939500	-3997.479529746854
940000	-4014.400769913405
940500	-4234.32075131185
941000	-4019.6577735971055
941500	-4175.277233636769
942000	-4072.9974230820526
942500	-4043.9596876274377
943000	-4066.033004707258
943500	-4085.610832277281
944000	-3974.1364437002007
944500	-4066.5486134740067
945000	-4060.832864466596
945500	-4054.0635102395454
946000	-4067.5037154248507
946500	-4004.8055716614963
947000	-4122.818643522646
947500	-4107.160689380671
948000	-4174.564673620483
948500	-3984.666099779199
949000	-4018.6744673077724
949500	-4015.4362749905335
950000	-4101.35420667107
950500	-4188.732667983815
951000	-4125.225033440855
951500	-4075.6237857757183
952000	-4224.4817484965515
952500	-4292.042253381629
953000	-4158.207963407986
953500	-4196.155425343296
954000	-4058.210775817384
954500	-4300.466027904985
955000	-4245.699985301017
955500	-4432.048077719413
956000	-4279.878078241462
956500	-4374.247670915511
957000	-4149.155710593687
957500	-4168.602390374497
958000	-4090.7331003858294
958500	-4071.4672080995288
959000	-4047.4753968550494
959500	-4257.87453012311
960000	-4059.719980161849
960500	-4034.7346726809283
961000	-4148.056258361131
961500	-4216.480219462885
962000	-4094.601180702179
962500	-4182.786251774574
963000	-4125.542852956564
963500	-4312.364050266761
964000	-4282.287419994051
964500	-4111.407612963292
965000	-4014.5810310007296
965500	-4078.6650132749305
966000	-3987.2310283898864
966500	-4154.8270590692355
967000	-4128.130488894723
967500	-4048.697738020789
968000	-3932.9276056588924
968500	-4008.785340383537
969000	-4017.5420890538007
969500	-4292.910097171821
970000	-4072.9160176030186
970500	-4218.071140017223
971000	-4107.664209984649
971500	-4116.55615547134
972000	-4214.912770188223
972500	-3991.784518100787
973000	-4069.114477697722
973500	-4066.564710979691
974000	-4153.999134160116
974500	-3915.3317347704033
975000	-4138.766853758983
975500	-3992.1333826557584
976000	-4005.029889357009
976500	-4030.3494433835444
977000	-3973.2451893982147
977500	-3878.482972594411
978000	-4062.6320921986976
978500	-4168.499570006044
979000	-3983.84878104656
979500	-3928.0570541109987
980000	-3875.634717752257
980500	-4228.714944566087
981000	-4156.246064961057
981500	-3940.6638089651397
982000	-4064.698444987809
982500	-3965.433621289955
983000	-3993.3362799330716
983500	-3887.734833260379
984000	-3919.2244622300127
984500	-4281.783029319904
985000	-4319.592224920022
985500	-4222.262906704464
986000	-4151.103004785049
986500	-4173.582702109166
987000	-3893.5652450772536
987500	-3925.8259920780883
988000	-4095.741847099142
988500	-3989.7279261419194
989000	-4015.3321600716286
989500	-4205.840535069103
990000	-4040.743732763676
990500	-4160.1285810630725
991000	-4171.441995836928
991500	-4251.870977954551
992000	-4069.641962635236
992500	-3996.2749143550595
993000	-3791.426758417273
993500	-3965.4415782976207
994000	-4348.893656290457
994500	-3955.996098685242
995000	-4172.313218677043
995500	-4154.758100594604
996000	-4046.155502924018
996500	-4150.475161287027
997000	-4139.126963683509
997500	-4119.484716405044
998000	-4055.836474863525
998500	-4023.3729437417014
999000	-4216.66236304339
999500	-4196.773830102973
1000000	-4193.7253064667375
1000500	-4000.492641594252
1001000	-3961.5592292847186
1001500	-4010.159106467656
1002000	-4035.487008341576
1002500	-4003.8539617203473
1003000	-3858.43311508023
1003500	-4042.8063873139727
1004000	-3955.419099899721
1004500	-4072.1758096096128
1005000	-3993.055748711452
1005500	-4117.1482576678045
1006000	-3909.893605920061
1006500	-3969.629779304341
1007000	-4009.916957568154
1007500	-3879.5960585159846
1008000	-3927.342194338508
1008500	-3983.192423918134
1009000	-4009.77828216175
1009500	-4349.337445404892
1010000	-4038.8312942706652
1010500	-4217.670500066258
1011000	-4048.899461461812
1011500	-4034.87138770671
1012000	-3931.759911351117
1012500	-4040.0824804133767
1013000	-4026.7159910457817
1013500	-3912.4939178205764
1014000	-3929.5205195988087
1014500	-4038.2111040137315
1015000	-4025.7251035929307
1015500	-4145.374322400871
1016000	-4084.1166168293457
1016500	-4359.117936373822
1017000	-4286.830410697606
1017500	-4194.996752336401
1018000	-4171.135132546351
1018500	-4106.07398586184
1019000	-3998.1010142686114
1019500	-3992.351269637695
1020000	-3823.5486020042886
1020500	-4008.833599803633
1021000	-3884.7478825321114
1021500	-4062.879889982875
1022000	-4012.92715031721
1022500	-3917.0698638670574
1023000	-4090.5731670786217
1023500	-4053.5915341827413
1024000	-4111.426122991667
1024500	-3998.614264370422
1025000	-4205.790173922716
1025500	-4114.565741766104
1026000	-4106.630524065934
1026500	-4112.2747346179
1027000	-3913.4199792181143
1027500	-3921.1195605297025
1028000	-4028.2251921600036
1028500	-4109.9274487962375
1029000	-4000.9284483764563
1029500	-4411.474524434191
1030000	-4250.5743136230385
1030500	-3905.7355163522766
1031000	-4031.118795246505
1031500	-3961.7474373830514
1032000	-3988.8476952670267
1032500	-3990.3714750083664
1033000	-3972.0310729318244
1033500	-4115.561015382724
1034000	-4193.300848230792
1034500	-3968.6281229110996
1035000	-3925.901940136261
1035500	-4080.9739594941634
1036000	-3983.263390865912
1036500	-3922.537273828326
1037000	-4269.882403777629
1037500	-4202.115546250872
1038000	-3987.6791782481023
1038500	-4105.632705580906
1039000	-4246.984930850047
1039500	-4008.9386302690023
1040000	-4039.7101377038407
1040500	-4037.0252000091805
1041000	-4067.5822053417533
1041500	-4155.291356639382
1042000	-4211.559718045591
1042500	-3961.7474856873737
1043000	-4078.1068961281867
1043500	-4179.142014546691
1044000	-4089.5888868375246
1044500	-4119.61610096091
1045000	-4209.498406227515
1045500	-4050.5826583556836
1046000	-3973.26906438896
1046500	-4216.187547042661
1047000	-3976.576937983513
1047500	-4162.099573117724
1048000	-3940.6639196694737
1048500	-4055.9576424908146
1049000	-4038.982410561384
1049500	-4019.8098726394533
1050000	-4109.582702791205
1050500	-3961.019181140783
1051000	-3956.6344158768156
1051500	-3935.8799127781053
1052000	-4059.005753148477
1052500	-3884.6344963068914
1053000	-3895.484988703743
1053500	-3830.8401288434648
1054000	-4015.087830609208
1054500	-4005.3534792840314
1055000	-4011.4929155744126
1055500	-4119.666775487041
1056000	-4135.325598580809
1056500	-4150.55862566861
1057000	-4046.584216391936
1057500	-4080.6965325730807
1058000	-4054.398299506485
1058500	-4001.4753116291313
1059000	-3969.2464765739237
1059500	-3995.7638561672084
1060000	-3933.0744669093106
1060500	-4134.146341634903
1061000	-3993.9408882124085
1061500	-4050.3995481496995
1062000	-3936.633168174008
1062500	-4082.4314244899365
1063000	-4145.3639458466305
1063500	-3926.499436706292
1064000	-4085.599397090487
1064500	-4004.4883486797785
1065000	-3924.7391521604613
1065500	-4154.430966422171
1066000	-3997.0104456304994
1066500	-3849.4038973578777
1067000	-3896.8228108003127
1067500	-3910.346554716381
1068000	-3955.5913941004414
1068500	-4084.2313624997223
1069000	-4123.154078872795
1069500	-4172.585158511853
1070000	-3977.8616968126053
1070500	-4194.930638341684
1071000	-4141.283542747091
1071500	-4211.939295501882
1072000	-3948.0435373019295
1072500	-3943.1442696872778
1073000	-3927.878583230471
1073500	-3838.685648583046
1074000	-4027.7934972287608
1074500	-4046.9525711398114
1075000	-4127.871047707218
1075500	-4057.637132394325
1076000	-4132.474768320394
1076500	-4434.835620129688
1077000	-4087.882200891334
1077500	-4050.4057650821737
1078000	-4041.8297939525814
1078500	-4047.486670066737
1079000	-3912.1168019966735
1079500	-3809.153534179553
1080000	-3979.908010760686
1080500	-4002.6160128883816
1081000	-4019.594682475048
1081500	-4019.3566019922896
1082000	-4014.05790745929
1082500	-4158.314629921011
1083000	-4209.280963904496
1083500	-3952.6341342522223
1084000	-4247.010575621575
1084500	-4262.7756964852815
1085000	-4064.3377018506917
1085500	-4287.005537328267
1086000	-3995.0862601345784
1086500	-3891.5057456610357
1087000	-3868.2220276147136
1087500	-3847.4249863149857
1088000	-4214.070588755158
1088500	-3950.9122930923213
1089000	-4112.176289309815
1089500	-4186.90855347247
1090000	-4160.8310762736055
1090500	-4067.9993370836332
1091000	-3906.5608126279794
1091500	-4100.416580540529
1092000	-4021.338765574273
1092500	-4101.103896157893
1093000	-3934.327343227928
1093500	-3916.1078888219117
1094000	-3951.785602454021
1094500	-3866.9324041663817
1095000	-3974.530771527124
1095500	-4097.043481820548
1096000	-4190.540336435739
1096500	-3927.176577782093
1097000	-4090.4940892747445
1097500	-4019.6112391038664
1098000	-3845.5261519464107
1098500	-3954.4270207366135
1099000	-3973.337842168207
1099500	-4023.673756009875
1100000	-4023.5405562380647
1100500	-3755.3137522430243
1101000	-3894.836052964922
1101500	-4025.9636370428757
1102000	-3993.789135613701
1102500	-4015.619972969887
1103000	-4135.881074670604
1103500	-4175.815452890527
1104000	-4227.032349589787
1104500	-4153.871172602803
1105000	-4033.2973046859497
1105500	-4041.429733680857
1106000	-4034.2462591667063
1106500	-3980.678924778677
1107000	-4164.630646963217
1107500	-4116.475201920197
1108000	-4089.2756823644286
1108500	-4017.2799963273656
1109000	-4003.6491120644423
1109500	-3949.663524808821
1110000	-3961.022328979373
1110500	-4066.3141799259274
1111000	-4172.775633954251
1111500	-4289.853054781057
1112000	-4467.041607222998
1112500	-4302.786521991953
1113000	-4174.7384283184565
1113500	-4129.021252263845
1114000	-4077.0164581870526
1114500	-4050.42839574022
1115000	-4073.183963521536
1115500	-4110.264116974223
1116000	-4166.7679165417085
1116500	-4222.5173217994925
1117000	-3970.0781711427367
1117500	-4036.763735743446
1118000	-4025.827135721744
1118500	-4062.249303577424
1119000	-3953.8939488294045
1119500	-3925.7687812365057
1120000	-3996.0283581118547
1120500	-4041.9213631163807
1121000	-4012.5096673636385
1121500	-4158.513299743565
1122000	-4060.065877908833
1122500	-4467.848581633796
1123000	-4057.8828998882245
1123500	-4109.475903067252
1124000	-4232.070142987527
1124500	-4180.592179911275
1125000	-4117.406887692682
1125500	-4064.9305973634678
1126000	-4099.051610453663
1126500	-4175.150009725351
1127000	-4037.7167461688896
1127500	-4121.556327748823
1128000	-4170.048525552317
1128500	-4262.839001527305
1129000	-4040.6329192550443
1129500	-4170.072688773197
1130000	-4207.472076793712
1130500	-4039.2501580511707
1131000	-4067.5283357433696
1131500	-4146.499995036749
1132000	-4275.412288056661
1132500	-4179.370461213682
1133000	-3880.9311277958072
1133500	-4116.737789296441
1134000	-4328.088052875987
1134500	-4328.0620865826295
1135000	-4513.223610681134
1135500	-4497.012946404991
1136000	-4368.934908540521
1136500	-4019.199542194879
1137000	-4080.451555161724
1137500	-4103.512519209413
1138000	-4366.585827858293
1138500	-4078.8618549234234
1139000	-4121.6195750910565
1139500	-4172.295984693895
1140000	-4011.088334422466
1140500	-4142.494738942895
1141000	-4109.2915842004495
1141500	-4261.577809756384
1142000	-4209.049472533625
1142500	-4407.984923656716
1143000	-4136.974196684426
1143500	-4335.098972520138
1144000	-4129.599792689893
1144500	-4204.346086137729
1145000	-4479.941926092557
1145500	-4510.60401595153
1146000	-4351.854032373976
1146500	-4240.737455630124
1147000	-4199.081388103931
1147500	-4058.9788576726983
1148000	-4143.917775130779
1148500	-4172.637440066128
1149000	-4233.322611321023
1149500	-3995.6114407850996
1150000	-3853.5791448759796
1150500	-4018.875278307484
1151000	-4062.0278136765223
1151500	-4010.3867985362717
1152000	-4086.895635052319
1152500	-4074.7271615089526
1153000	-4148.223286100561
1153500	-4140.789984255527
1154000	-4046.5722174971625
1154500	-4204.579418213853
1155000	-3956.818945740951
1155500	-4126.702239866873
1156000	-4245.678666690265
1156500	-4115.764350924009
1157000	-4137.243169870935
1157500	-4247.214536469049
1158000	-4282.376280268498
1158500	-4114.84983337887
1159000	-3983.585810843975
1159500	-4240.153240448776
1160000	-4115.622760281776
1160500	-4157.15857835154
1161000	-4031.3841833851347
1161500	-4217.729135821937
1162000	-4397.140831318229
1162500	-4175.408307295339
1163000	-4114.502098248675
1163500	-3937.6062426516437
1164000	-4096.4965378886645
1164500	-4038.624794626356
1165000	-4075.750913916645
1165500	-4187.652684101598
1166000	-4082.998852368549
1166500	-4013.6007593276945
1167000	-4032.227766899711
1167500	-4078.3522377794925
1168000	-4133.534826781176
1168500	-4042.776897254568
1169000	-4127.071396701461
1169500	-3994.44515801204
1170000	-4045.329136062826
1170500	-4006.333657630084
1171000	-4045.322981092579
1171500	-4046.9517233626184
1172000	-4061.905899084275
1172500	-4126.183242153334
1173000	-4158.289175125135
1173500	-4057.1268561269894
1174000	-4183.9804911452575
1174500	-4036.0811503566206
1175000	-4276.064373373906
1175500	-4082.9421576531795
1176000	-3975.7478653217418
1176500	-4298.204947736847
1177000	-4018.2323154965798
1177500	-3998.0634271771314
1178000	-3987.482922339205
1178500	-4051.637953758278
1179000	-4310.766565911274
1179500	-4185.334716218576
1180000	-4168.085966457717
1180500	-4158.045064361997
1181000	-4050.3423779859554
1181500	-4172.361663121768
1182000	-4160.118305329876
1182500	-4112.995392258224
1183000	-4242.460982624899
1183500	-4271.301749147131
1184000	-4263.6724070653745
1184500	-4192.034019209919
1185000	-3957.9753520853415
1185500	-4047.638671732089
1186000	-4001.164215850164
1186500	-3884.5768956236
1187000	-4007.201268854471
1187500	-4113.137687542232
1188000	-4023.1262532764003
1188500	-3972.8735925035394
1189000	-3891.711701559074
1189500	-3968.7863134917247
1190000	-4076.450214330378
1190500	-3987.6196152745333
1191000	-4070.30190824282
1191500	-4049.069118910509
1192000	-4096.898106493586
1192500	-4304.266897688356
1193000	-4072.025063659347
1193500	-4062.4548000526693
1194000	-3979.3536012067525
1194500	-4084.9191145881637
1195000	-4439.9887050922525
1195500	-4258.064169919806
1196000	-4039.677753773424
1196500	-4018.9903376683
1197000	-4097.143056654964
1197500	-4136.310920493136
1198000	-4311.796320809109
1198500	-4056.3496847086412
1199000	-4302.671776680626
1199500	-4082.555779043635
1200000	-4160.5759319424415
1200500	-3956.149514238982
1201000	-3994.483007275733
1201500	-4163.2817367610905
1202000	-4072.641653779294
1202500	-4279.49572942523
1203000	-4177.16774306858
1203500	-4127.7601127336175
1204000	-3993.94208577652
1204500	-4085.7737091705217
1205000	-4249.825834997703
1205500	-4107.730939302842
1206000	-4210.11095495915
1206500	-4257.709747503995
1207000	-3963.718082219789
1207500	-3861.383107410398
1208000	-4090.833732243182
1208500	-3840.2342048916976
1209000	-3880.102923952616
1209500	-3797.2012073209926
1210000	-3998.7301767724875
1210500	-3955.8258556053734
1211000	-3950.084617296689
1211500	-4136.393488795344
1212000	-3999.224745416091
1212500	-4054.8144436792118
1213000	-4050.197267673465
1213500	-4064.337497356807
1214000	-4075.2093833644203
1214500	-4041.3253646967046
1215000	-4030.307891233862
1215500	-3860.2384830469646
1216000	-3944.285956713787
1216500	-3995.5188589339627
1217000	-3925.9019245751583
1217500	-4016.9300368421877
1218000	-3952.336504032316
1218500	-4117.300545517051
1219000	-4019.95678387874
1219500	-4000.9700995486673
1220000	-3781.3221038657593
1220500	-4035.5886590790014
1221000	-3902.238703036452
1221500	-4129.530077744063
1222000	-3916.8399898679504
1222500	-3915.743956896459
1223000	-3979.835782640506
1223500	-3903.05658812899
1224000	-4047.793319364171
1224500	-3901.753969412159
1225000	-4083.3001495204535
1225500	-3879.6729007660274
1226000	-3842.0443048470397
1226500	-3918.6848588182825
1227000	-4083.873124851155
1227500	-4267.77703352004
1228000	-4295.115908806201
1228500	-4355.691759151346
1229000	-4431.245640008325
1229500	-4177.785651131923
1230000	-4272.529190648567
1230500	-4318.872321930479
1231000	-4236.926639820855
1231500	-4239.285997789128
1232000	-4149.094601885721
1232500	-4108.007304510443
1233000	-4107.062216360625
1233500	-4081.3102937356116
1234000	-4126.871866096636
1234500	-4271.457765097127
1235000	-4144.72926570449
1235500	-4150.539222739148
1236000	-4196.8731251609
1236500	-4123.635789982632
1237000	-4095.607507780611
1237500	-4118.550029378528
1238000	-4162.922106489274
1238500	-3988.6641352231404
1239000	-4162.908524486842
1239500	-4102.262090675423
1240000	-4103.82701128537
1240500	-4054.7788608219403
1241000	-4300.755999032626
1241500	-4210.608448817532
1242000	-4137.467254474856
1242500	-4055.7835099249855
1243000	-4076.333973389294
1243500	-4159.598849604482
1244000	-4040.309315243847
1244500	-4090.7829063048157
1245000	-3993.4421647571376
1245500	-4004.03892038779
1246000	-4085.6519708063124
1246500	-4156.633693961009
1247000	-4138.0265091517695
1247500	-4068.725089345908
1248000	-4219.650256790825
1248500	-4210.121923531096
1249000	-4076.160571633045
1249500	-4064.1039789713695
1250000	-3963.0904484008397
1250500	-4178.127788965553
1251000	-4334.625004660584
1251500	-4196.195091205344
1252000	-4260.890337328934
1252500	-4409.963157820762
1253000	-4338.002424567576
1253500	-4384.065633970346
1254000	-4531.041840492454
1254500	-4132.111328486518
1255000	-4243.276292438856
1255500	-4191.085368838083
1256000	-4112.185223972165
1256500	-4161.240838706637
1257000	-4216.512323841008
1257500	-3960.0127790370493
1258000	-4159.7845305721585
1258500	-4147.011541730611
1259000	-4266.058479402391
1259500	-4187.797710160385
1260000	-4249.992047667463
1260500	-4253.735805486139
1261000	-4244.038095647897
1261500	-4272.759018845839
1262000	-4194.640430482879
1262500	-4113.409857893062
1263000	-4161.776626469569
1263500	-4093.3467599423575
1264000	-4147.38906489618
1264500	-3891.0885619609985
1265000	-3863.720841149092
1265500	-3868.2308916726997
1266000	-3807.943027496572
1266500	-3913.9548189980783
1267000	-3965.321195165856
1267500	-4086.795755589015
1268000	-4180.765891233815
1268500	-4240.06896829548
1269000	-4062.7442312527237
1269500	-3893.9928369194463
1270000	-3954.4975043628788
1270500	-3917.406761270279
1271000	-3979.7907192223956
1271500	-4011.198828234095
1272000	-4123.718047722803
1272500	-4033.985032343334
1273000	-4099.773783462799
1273500	-4105.285328691746
1274000	-4095.667857130356
1274500	-4127.569960925486
1275000	-4068.427612393848
1275500	-3999.168511940135
1276000	-4065.0907776629783
1276500	-4127.5325337995655
1277000	-4056.64961757293
1277500	-3971.6958978116013
1278000	-3899.394632209555
1278500	-3938.2764584924803
1279000	-3855.9950708212286
1279500	-3943.6543972231375
1280000	-4086.456389006329
1280500	-4203.680461744271
1281000	-4124.047124596331
1281500	-4004.1199128067137
1282000	-4123.626065801677
1282500	-4092.79378009209
1283000	-4081.334503701448
1283500	-4197.021431648333
1284000	-4219.3967484301265
1284500	-4146.4362579858425
1285000	-3972.029632511159
1285500	-4178.5671770834015
1286000	-4195.750959286907
1286500	-3877.944949141106
1287000	-3970.8443297089107
1287500	-4073.1490834827073
1288000	-4303.39740918189
1288500	-4232.478415772499
1289000	-4165.18233387795
1289500	-4172.753752338845
1290000	-3963.3019357040007
1290500	-3996.2106329051508
1291000	-4122.760004934366
1291500	-4097.946259475589
1292000	-3968.009854285183
1292500	-4227.401941658082
1293000	-4079.599093848232
1293500	-3860.31024637879
1294000	-3929.5177953653606
1294500	-3890.0790415209062
1295000	-4015.3034066426712
1295500	-4096.382155435978
1296000	-4058.5273038905957
1296500	-4014.7544622253668
1297000	-3981.871088328993
1297500	-4032.07062519932
1298000	-3934.4626871111664
1298500	-4054.1787210947755
1299000	-4137.356889680894
1299500	-3979.363672349351
1300000	-4053.751755728982
1300500	-4331.624706202305
1301000	-4243.583059523887
1301500	-4049.4540488819657
1302000	-4055.3254993710098
1302500	-4189.836567339994
1303000	-4259.784160977277
1303500	-4335.592590781404
1304000	-4319.813033138505
1304500	-4276.709965307313
1305000	-4348.157236970537
1305500	-4238.754466332935
1306000	-4399.3042128624875
1306500	-4362.31340181502
1307000	-4299.366856957629
1307500	-4250.612890640839
1308000	-3957.73828900623
1308500	-4255.74699429109
1309000	-4096.196621168979
1309500	-4135.220010291409
1310000	-4032.77361580201
1310500	-3778.1530021161875
1311000	-4091.2941409721216
1311500	-3856.6065805302605
1312000	-3914.8418685875695
1312500	-3959.0891873559276
1313000	-3903.7068655269713
1313500	-3981.120057953916
1314000	-3923.904577072269
1314500	-3983.7258717350132
1315000	-3965.8969816485364
1315500	-3935.3000264258867
1316000	-3982.617939353426
1316500	-4045.7658736630297
1317000	-3898.0934953682145
1317500	-3944.6301051424257
1318000	-4247.553760598435
1318500	-4135.944303611828
1319000	-4026.9435036359687
1319500	-4121.367550092402
1320000	-3831.2650199522805
1320500	-3999.040250003991
1321000	-3936.9149850447398
1321500	-4291.691580106452
1322000	-4125.458758688013
1322500	-4040.4554529223096
1323000	-4239.6365570131165
1323500	-4075.6444871695435
1324000	-4169.895906649167
1324500	-4061.9877431335512
1325000	-3934.7274327932155
1325500	-4008.4898589588374
1326000	-4063.757254606852
1326500	-4093.404617638456
1327000	-4061.5703020522496
1327500	-4073.772169336759
1328000	-3976.834885607607
1328500	-3938.295431205511
1329000	-4021.457230277262
1329500	-3962.2760835720164
1330000	-3994.9910773415113
1330500	-3800.628852767577
1331000	-3976.3570411063556
1331500	-3920.16714299759
1332000	-3843.548715691266
1332500	-3994.0719572133744
1333000	-3968.2911327963034
1333500	-3926.977435749959
1334000	-3859.101552147709
1334500	-3834.9276483990316
1335000	-3950.464861447357
1335500	-3916.2091576316097
1336000	-4058.575148559355
1336500	-4039.2256885077836
1337000	-3904.9284993873753
1337500	-4079.128334935169
1338000	-4007.779258394306
1338500	-3922.4572421394255
1339000	-3922.4883637938683
1339500	-4051.1714573128484
1340000	-3965.3497902425975
1340500	-3869.37968110407
1341000	-3998.8712709425395
1341500	-4024.939676785793
1342000	-4067.076186535913
1342500	-3941.6193680162573
1343000	-3851.9451641473042
1343500	-3917.5038106917978
1344000	-4059.2079537144755
1344500	-4142.191180404115
1345000	-3976.419809511705
1345500	-3917.7588987014037
1346000	-4112.697045094934
1346500	-4091.4652665241674
1347000	-4157.022835021295
1347500	-4082.957341926679
1348000	-3991.4545658093425
1348500	-4043.424908998096
1349000	-4058.954869119118
1349500	-4164.571431959157
1350000	-3926.0385552332805
1350500	-4016.6184896447467
1351000	-3875.3861190765147
1351500	-3861.920193522393
1352000	-3946.926836880056
1352500	-4076.9486701399546
1353000	-4091.807277608292
1353500	-3979.341277710827
1354000	-3890.94581560304
1354500	-3882.591011549438
1355000	-4010.223611782283
1355500	-4045.7520831582397
1356000	-3914.467081391499
1356500	-3867.0121103527413
1357000	-4135.324459573869
1357500	-3964.660062323422
1358000	-3869.1101570424394
1358500	-3923.8068374787763
1359000	-3894.111596270336
1359500	-3996.5132358813344
1360000	-3767.288654055554
1360500	-3969.2160380355967
1361000	-4025.7298358160997
1361500	-3897.082479825855
1362000	-3947.8394893616937
1362500	-3912.937323972414
1363000	-3917.361107634156
1363500	-4060.770761407793
1364000	-4196.641527018807
1364500	-3901.3052085136596
1365000	-3984.9188846917173
1365500	-4052.846619562962
1366000	-3978.7105417245493
1366500	-4044.606713827961
1367000	-3960.292733351136
1367500	-3827.2305101119955
1368000	-4303.587062138417
1368500	-4017.7312908351223
1369000	-3781.2320032202897
1369500	-4030.766620147409
1370000	-4068.78461273028
1370500	-3947.6826723892364
1371000	-4025.196276790005
1371500	-3956.0949430144346
1372000	-4112.011855221425
1372500	-4118.361687408503
1373000	-3976.233525953319
1373500	-4076.364843184951
1374000	-4038.6953759959288
1374500	-4051.9227625088724
1375000	-4146.583874034608
1375500	-4282.032544369379
1376000	-4024.3537668678423
1376500	-3961.2086989871837
1377000	-4025.691760084543
1377500	-4037.649973010556
1378000	-3952.909116719449
1378500	-4037.4737075678304
1379000	-4094.7009851031225
1379500	-3824.9370199503305
1380000	-4031.857250787392
1380500	-3987.6704396294454
1381000	-3987.8316995680534
1381500	-4097.93632860132
1382000	-3990.78636698733
1382500	-4004.8110675014627
1383000	-3868.7773757386767
1383500	-3942.036511860115
1384000	-3906.2562073454187
1384500	-3981.574921594964
1385000	-3855.9713903895126
1385500	-3918.034038558346
1386000	-4161.881596485791
1386500	-4118.351933458983
1387000	-4218.6659782172355
1387500	-3953.097189069767
1388000	-4146.422165194811
1388500	-3965.0322459530817
1389000	-4249.896058413153
1389500	-4207.414634333652
1390000	-4271.229396627125
1390500	-3932.231986751981
1391000	-4147.608145504671
1391500	-4070.805009306407
1392000	-3989.013676235575
1392500	-3888.2426856881398
1393000	-3848.377421946768
1393500	-3923.0799663557655
1394000	-3960.713072589482
1394500	-3966.5566932672455
1395000	-4075.7361654706397
1395500	-3862.821551502998
1396000	-3886.7206863666147
1396500	-3938.15380977486
1397000	-3881.2725224262
1397500	-4132.565592727069
1398000	-4353.971102810742
1398500	-4042.1154675563416
1399000	-4048.560465045967
1399500	-4031.60996097226
1400000	-3940.233579654511
1400500	-3990.5233534797176
1401000	-3930.369515823189
1401500	-3982.812356147876
1402000	-3904.3705788994716
1402500	-4025.6421492428426
1403000	-3844.905841976825
1403500	-3915.2307927506745
1404000	-3905.13959031385
1404500	-3923.9859244265404
1405000	-4242.465327952546
1405500	-3937.148023950211
1406000	-3959.9352672808036
1406500	-4020.8112232596077
1407000	-3956.8211403688338
1407500	-4146.863642907963
1408000	-4066.9537147144283
1408500	-3969.768127974552
1409000	-3987.2634197466946
1409500	-3904.4710616961497
1410000	-3963.7898286184886
1410500	-3989.7370418311243
1411000	-3882.001226782156
1411500	-3996.223906551242
1412000	-4088.8519398164362
1412500	-3880.1070234740246
1413000	-3942.282584694208
1413500	-4233.370626895711
1414000	-4173.521380456534
1414500	-4053.6919543251797
1415000	-3950.6189779599563
1415500	-4021.3543703427026
1416000	-4030.07479844128
1416500	-3831.852662257661
1417000	-3811.241079864164
1417500	-3887.580583277442
1418000	-4058.4015572990247
1418500	-4205.885866800795
1419000	-4053.051046100705
1419500	-4183.990386650145
1420000	-4095.7037153850306
1420500	-4227.20914113837
1421000	-4069.8944772800487
1421500	-4109.501447127252
1422000	-4087.1835865523553
1422500	-4008.847437721967
1423000	-4036.4121453168395
1423500	-4005.8966948000993
1424000	-4018.7613038279865
1424500	-4085.6453955431434
1425000	-3967.8353133609576
1425500	-4117.270188737132
1426000	-4029.7315821897187
1426500	-4112.466900661242
1427000	-4181.733395497769
1427500	-4189.643197589756
1428000	-4039.0395310073595
1428500	-3982.653742451028
1429000	-4326.9971589602965
1429500	-4418.054195278628
1430000	-4296.931940073561
1430500	-4121.163387018701
1431000	-4113.809313696035
1431500	-4049.2012790930307
1432000	-4106.844556761629
1432500	-3974.036787259152
1433000	-3960.695399967307
1433500	-3960.7900656320116
1434000	-4000.6154134160392
1434500	-3854.376684929935
1435000	-4028.069568640989
1435500	-3961.8623441855902
1436000	-3981.8432822932436
1436500	-4068.591231158336
1437000	-4072.6675247660432
1437500	-4135.844008825558
1438000	-4070.724619945956
1438500	-4102.09331974572
1439000	-4098.150412401508
1439500	-4185.1880599480855
1440000	-4009.484902603243
1440500	-3964.6350646858705
1441000	-3923.8749450691103
1441500	-4052.828005525413
1442000	-4129.802289657816
1442500	-4225.760800060512
1443000	-4071.139217669657
1443500	-3877.63866712002
1444000	-3913.094952125019
1444500	-3941.6692539075907
1445000	-3923.420151695508
1445500	-3875.324836816811
1446000	-3996.55092322244
1446500	-3956.691428957865
1447000	-3992.989979392192
1447500	-3985.3715812571486
1448000	-4094.78624942631
1448500	-4093.0233956111874
1449000	-4051.2972758980723
1449500	-4084.889458004251
1450000	-3865.103131831559
1450500	-4010.1356050373774
1451000	-4019.5458594008273
1451500	-4371.378096221732
1452000	-4171.934922433715
1452500	-4285.8093235331
1453000	-4176.24855399121
1453500	-4306.488128766091
1454000	-3987.1685161716464
1454500	-4088.9590312947544
1455000	-4181.78978648305
1455500	-4032.036564288077
1456000	-4161.550392202208
1456500	-4134.955014229374
1457000	-4098.643095846127
1457500	-3989.45087261989
1458000	-4045.0662891586753
1458500	-4215.375442749805
1459000	-3977.8057578577345
1459500	-4147.5516212769335
1460000	-4220.282177773744
1460500	-4349.271848246089
1461000	-4317.6828426504035
1461500	-4206.270525723632
1462000	-4314.164409525482
1462500	-4071.1412003788146
1463000	-4245.079524009794
1463500	-4428.240789453409
1464000	-3995.5508053400035
1464500	-4139.202868126208
1465000	-4061.3225100130594
1465500	-4026.681886309713
1466000	-4192.959415946078
1466500	-4191.459400043595
1467000	-4341.015904191561
1467500	-4203.891460610213
1468000	-4059.405067224087
1468500	-4308.362073501668
1469000	-4196.711747035924
1469500	-4368.063173152474
1470000	-4154.967558155279
1470500	-4118.650619400518
1471000	-3965.6340859615166
1471500	-4053.4625988735693
1472000	-4124.093741725026
1472500	-4340.809032904091
1473000	-4247.70504658797
1473500	-4370.454799793027
1474000	-4268.98657610558
1474500	-4392.845161980889
1475000	-4235.430683982079
1475500	-4118.48885810735
1476000	-4004.065673316523
1476500	-3912.9258014371485
1477000	-3910.9755120618743
1477500	-3961.3706847865833
1478000	-3976.6997790911523
1478500	-3934.354687978193
1479000	-4149.260643683248
1479500	-4045.7723525651945
1480000	-3861.410421751746
1480500	-4033.8774176642623
1481000	-3966.6819780403516
1481500	-3751.9033751042116
1482000	-3939.5731726582685
1482500	-3940.513477178317
1483000	-4046.922537127542
1483500	-4175.729713814211
1484000	-4170.147719200267
1484500	-4085.6348367624805
1485000	-4248.010818058321
1485500	-4229.364739613489
1486000	-4271.654712738045
1486500	-4025.7350064878456
1487000	-4088.828025819796
1487500	-4157.325665297316
1488000	-4448.0338211559665
1488500	-4223.352842617295
1489000	-4447.521057131333
1489500	-4090.023481739816
1490000	-3887.4487797047395
1490500	-3779.138701766272
1491000	-3886.5366228648863
1491500	-3804.2065217584154
1492000	-4140.473457343916
1492500	-4287.909999143063
1493000	-4276.149989406081
1493500	-4547.202077524377
1494000	-4103.67796550087
1494500	-4201.617896386716
1495000	-4316.155161381677
1495500	-4104.517851785274
1496000	-4134.2358805600525
1496500	-4078.731991572426
1497000	-4266.886071327106
1497500	-4173.798881575209
1498000	-4229.354597913016
1498500	-4283.075805742936
1499000	-4239.544695723588
1499500	-4046.7621655245393
1500000	-4114.764186480952
