Sample	likelihood
0	-4579.552085541279
500	-4594.199904890478
1000	-4756.6022798683825
1500	-5041.351473409363
2000	-4849.192443575191
2500	-4590.668878805005
3000	-4755.805714457707
3500	-4819.206601351861
4000	-4771.381520091096
4500	-5323.493467391374
5000	-5497.7163873214095
5500	-5001.699484893046
6000	-5006.854783979005
6500	-5091.9170173900975
7000	-5169.546113325434
7500	-5072.34488020311
8000	-4855.401207431456
8500	-4763.0429837070815
9000	-4914.45114388202
9500	-5039.096755318952
10000	-5041.709661399995
10500	-5041.709661399995
11000	-5041.709661399995
11500	-5041.709661399995
12000	-5041.709661399995
12500	-5041.709661399995
13000	-5041.709661399995
13500	-5041.709661399995
14000	-5041.709661399995
14500	-4893.616383187366
15000	-5136.321766770243
15500	-5233.6312386294885
16000	-4982.15989101433
16500	-5012.471412163352
17000	-4832.918204271555
17500	-5045.186602434797
18000	-4973.388436358749
18500	-5029.474570547836
19000	-5078.139615018016
19500	-5241.91856687528
20000	-5316.622382695364
20500	-5703.474410457928
21000	-5413.84391011451
21500	-5240.600334585816
22000	-5355.950893521847
22500	-5146.411236623179
23000	-5265.014868195178
23500	-4883.74527804598
24000	-5097.287956976269
24500	-4594.103056115645
25000	-4468.27886191044
25500	-4476.438903309269
26000	-4707.498025948451
26500	-4745.908177249427
27000	-4947.416556898968
27500	-4616.644824824231
28000	-4694.051204760752
28500	-4675.901013600823
29000	-4534.003990122801
29500	-4614.682193574206
30000	-4547.475211034536
30500	-4510.1956864282265
31000	-4682.6328465029155
31500	-4774.923479829786
32000	-4873.431759089984
32500	-4592.046626395859
33000	-5043.997447553317
33500	-5977.844251078608
34000	-4559.216550985167
34500	-4832.353640363122
35000	-4670.737989716235
35500	-4561.77523181
36000	-4536.842533966681
36500	-4724.109484023636
37000	-4579.733683782644
37500	-4730.4849287664865
38000	-4570.1874062945935
38500	-4714.48322595186
39000	-4698.6096715950225
39500	-4470.710807007978
40000	-4736.416116054556
40500	-4625.177482508088
41000	-5124.835585327905
41500	-4980.095412672253
42000	-4614.73047925607
42500	-4767.144619645015
43000	-4871.587989246293
43500	-5201.484955178496
44000	-5845.062934390839
44500	-5658.54504449995
45000	-5723.774735435859
45500	-5127.610821216599
46000	-5703.163205818119
46500	-5630.653711924659
47000	-5680.329801098034
47500	-5869.99263599555
48000	-5552.3650180188715
48500	-5434.419311191567
49000	-5363.05895539536
49500	-5787.525855952684
50000	-5907.529600099026
50500	-5959.57648218296
51000	-5669.196713906371
51500	-5949.117887125427
52000	-5859.049759536815
52500	-5747.1798354925695
53000	-5778.230923269773
53500	-5477.694925652932
54000	-5632.4191514094055
54500	-5648.810235158785
55000	-5848.948717651337
55500	-5757.921001973444
56000	-6346.599826651124
56500	-5758.686671649114
57000	-5731.953872452633
57500	-5405.634652582385
58000	-5379.46045018904
58500	-5501.687115878595
59000	-5439.91173055244
59500	-5407.834240864882
60000	-5797.137754558973
60500	-5411.795877508746
61000	-5448.571602974004
61500	-5220.271109891509
62000	-4825.491021972113
62500	-4741.647355927356
63000	-4985.781105411293
63500	-4897.553428601457
64000	-5146.847109553808
64500	-5038.012130641441
65000	-5262.319494708419
65500	-5846.889572553259
66000	-5120.1593090542865
66500	-4843.009577614361
67000	-4876.608002035556
67500	-5704.86433732959
68000	-5287.3092566233945
68500	-4911.079378710609
69000	-5029.492134484104
69500	-4554.56606184783
70000	-5005.0028510427765
70500	-4815.890406276825
71000	-4852.3804152531875
71500	-4662.750126194173
72000	-4786.626845041532
72500	-4903.784324430496
73000	-4848.684440605754
73500	-4992.258956458212
74000	-4946.233333861375
74500	-5045.138695434631
75000	-5082.363196233386
75500	-4874.93278941834
76000	-4920.614011503152
76500	-5004.220017428024
77000	-4951.802714486915
77500	-5113.984771039952
78000	-5123.5683324106
78500	-4982.157641661749
79000	-5277.3396105553065
79500	-5644.981023761855
80000	-5404.506964903436
80500	-5096.0354498777815
81000	-5075.889606507495
81500	-5024.5526073248575
82000	-4586.05618659227
82500	-4425.887267146437
83000	-4466.859870046179
83500	-4906.730839491291
84000	-4596.915516015845
84500	-4577.778712638717
85000	-5044.530754130591
85500	-5039.058643699233
86000	-4929.735649136968
86500	-4963.815538761064
87000	-4876.063048663242
87500	-5017.65745585782
88000	-4850.018360655523
88500	-5057.660628541046
89000	-5121.025135238622
89500	-5362.345022834474
90000	-5176.726077390586
90500	-5637.721123768957
91000	-6097.18906713555
91500	-5645.125350384963
92000	-5071.858167096503
92500	-5148.778850246344
93000	-5390.0825580380515
93500	-5443.9315655495975
94000	-5405.165879296665
94500	-4966.325138154583
95000	-4456.552869078511
95500	-4400.244033948048
96000	-4359.512262479737
96500	-4252.4373847881025
97000	-4242.562902056293
97500	-4343.545846866004
98000	-4538.56767733157
98500	-4354.951723804121
99000	-4693.697251838627
99500	-4557.265865173244
100000	-4811.329001156898
100500	-4607.60467654367
101000	-4550.776955509796
101500	-4668.139848834056
102000	-4840.029054687137
102500	-4778.703890800908
103000	-4795.82682396116
103500	-4646.1005698326035
104000	-4532.92306221238
104500	-5078.980680339512
105000	-5150.393144622439
105500	-5224.387916006757
106000	-5080.769323697617
106500	-4598.465549330577
107000	-4265.422385404554
107500	-5002.690745931135
108000	-4945.164951372084
108500	-4310.024915137892
109000	-4981.062252754784
109500	-4804.463660212637
110000	-5003.612824790654
110500	-4718.485667322462
111000	-4656.178816188655
111500	-4625.1825653866945
112000	-4726.614718958974
112500	-4284.558015743517
113000	-4377.26004132974
113500	-4397.864464000837
114000	-4411.717748582545
114500	-4419.905123136673
115000	-4712.709381307405
115500	-4726.588110259575
116000	-4487.878442986229
116500	-4734.051184942741
117000	-4856.254227222939
117500	-4608.324004298861
118000	-5236.247163130249
118500	-5740.490010197479
119000	-5682.920782180516
119500	-5150.030783071683
120000	-4219.445413937338
120500	-4825.661612281929
121000	-5206.455861392525
121500	-5441.931983296434
122000	-5016.194102920338
122500	-5050.916842300719
123000	-4852.203784965406
123500	-5648.158704653198
124000	-5357.266514103899
124500	-5755.121542586013
125000	-5398.774446701018
125500	-5367.062528369407
126000	-5336.965472588259
126500	-5530.861591081411
127000	-5340.442688672277
127500	-5444.341827995155
128000	-6020.786027525961
128500	-6072.696705092421
129000	-5543.098913977369
129500	-4792.531974633298
130000	-4865.092846285738
130500	-5233.37473351342
131000	-5306.812212397448
131500	-5151.661710912907
132000	-5254.902006287101
132500	-5217.204600652205
133000	-5712.312572619975
133500	-6273.372374751409
134000	-5453.272575336226
134500	-5580.381735351289
135000	-5710.891320861466
135500	-5653.956122104154
136000	-5230.360084157631
136500	-5026.2694316447305
137000	-5335.498270502103
137500	-5413.033473536486
138000	-5641.138356586742
138500	-5351.875663635747
139000	-4785.925526529429
139500	-4414.972642157302
140000	-4349.996975932451
140500	-4600.201483938243
141000	-4565.0368810127475
141500	-4827.117508120202
142000	-5220.620489221918
142500	-4656.954277592661
143000	-4760.4270979261955
143500	-4800.184612471348
144000	-4642.66469281647
144500	-4475.212251043819
145000	-4285.339879504349
145500	-4285.280627140419
146000	-4481.532237224611
146500	-4507.735208002941
147000	-4360.315748417921
147500	-4612.155580033926
148000	-4423.472985669955
148500	-4703.704050119989
149000	-4727.398058834362
149500	-5541.733199021193
150000	-5151.900755249581
150500	-5046.284335513109
151000	-5443.473159087817
151500	-5132.1357108693155
152000	-5161.141435567117
152500	-5150.233807559791
153000	-5071.519698900093
153500	-5371.197816965509
154000	-4878.355902594714
154500	-4929.314167331554
155000	-5300.504409586096
155500	-5387.741995361046
156000	-5456.29908299101
156500	-5459.745561173011
157000	-5488.9923155981
157500	-5884.801651011583
158000	-5516.967978586743
158500	-5512.641553363717
159000	-6297.5069652207785
159500	-6355.364643922993
160000	-6652.507033480551
160500	-6557.745530161445
161000	-7553.3414544344705
161500	-7814.288157268899
162000	-8077.033713658386
162500	-8065.148046085124
163000	-8080.728375241798
163500	-8306.613027889263
164000	-8659.511191976739
164500	-9559.273603319527
165000	-9558.274113549389
165500	-10124.681777961865
166000	-10029.251415282988
166500	-10217.916776070953
167000	-10484.613122230257
167500	-9915.780709483282
168000	-9864.658864173165
168500	-9974.849714665055
169000	-10281.318506706213
169500	-10438.509853628357
170000	-10187.992056416846
170500	-9730.968145609073
171000	-8749.018640018558
171500	-9646.249297604958
172000	-9206.340553955217
172500	-9587.317653904842
173000	-10158.245082829872
173500	-9966.013662923682
174000	-9801.560798370012
174500	-8931.919573615402
175000	-9452.066716769452
175500	-9363.905113210456
176000	-9183.86908945833
176500	-8986.347873857649
177000	-9166.373280476528
177500	-9093.559136367758
178000	-9209.442260786462
178500	-8331.14859815249
179000	-8236.061012357104
179500	-7904.684434708739
180000	-7516.656177704595
180500	-7724.321768848032
181000	-7660.769395816603
181500	-7439.012330485611
182000	-6842.290566134767
182500	-7418.121785067376
183000	-7012.719369422618
183500	-7235.689077949415
184000	-7220.876950948659
184500	-7406.171760671219
185000	-7473.691354511815
185500	-6949.528847550086
186000	-6449.085136479299
186500	-7128.3401120381595
187000	-7094.634469837633
187500	-7335.087431004334
188000	-7055.498435026696
188500	-8223.45881546885
189000	-7815.598727408752
189500	-7308.428167923323
190000	-7003.549647285409
190500	-6989.391583180376
191000	-6733.553350626413
191500	-6131.959963411632
192000	-6472.20371353407
192500	-6883.925728789914
193000	-6787.920828961337
193500	-6363.876576447202
194000	-7617.573867825507
194500	-7463.160162922643
195000	-7363.184074990273
195500	-7343.292015801488
196000	-7877.214805552113
196500	-8381.74812878634
197000	-8372.255829519556
197500	-8542.700044709209
198000	-8156.41067106069
198500	-8439.662242360473
199000	-7644.896261931317
199500	-7675.353617095905
200000	-8194.493338618258
200500	-8004.645532751174
201000	-8129.2761059058375
201500	-8421.471793849045
202000	-8317.60906994639
202500	-8850.787599814941
203000	-8680.274987862196
203500	-8756.457228453422
204000	-8847.260239551437
204500	-8507.19356437691
205000	-8534.952331649358
205500	-8531.441094239368
206000	-8725.277138307289
206500	-8598.10189059652
207000	-9101.689376938293
207500	-8529.710285877869
208000	-9253.114995393371
208500	-9319.338571379056
209000	-9170.830066314842
209500	-8210.499190697738
210000	-7996.008874943645
210500	-8087.949912394656
211000	-8143.485178400659
211500	-8140.388053582532
212000	-8420.505192481325
212500	-8226.137006771485
213000	-7427.220933853148
213500	-7018.027164575662
214000	-6499.997017652608
214500	-6587.298553521644
215000	-6407.4422832888085
215500	-6847.884788567893
216000	-6413.996451839373
216500	-6582.215233470493
217000	-6876.516431945923
217500	-7548.318908463557
218000	-8406.754889714875
218500	-8864.937014262498
219000	-8276.351304576892
219500	-7866.260856684989
220000	-7391.006240324712
220500	-7909.892512805911
221000	-7896.553948778719
221500	-7555.99695837471
222000	-7390.265563019444
222500	-7058.115431822807
223000	-7641.247443776586
223500	-7014.1186344146345
224000	-6778.241475180646
224500	-6767.059725527259
225000	-6568.423965250946
225500	-6089.6904641959945
226000	-5929.159327476985
226500	-6104.429990709432
227000	-6235.249417161563
227500	-6168.43020146858
228000	-5863.637927637825
228500	-6221.360123587525
229000	-6088.987622644218
229500	-6360.7477607883375
230000	-5702.86084747584
230500	-5935.134193628893
231000	-5985.230846359635
231500	-6404.9279130369005
232000	-6286.178263263525
232500	-6270.1615976653875
233000	-6256.918906649004
233500	-6142.574532070724
234000	-5910.302572769636
234500	-5589.535305338091
235000	-5677.541333959294
235500	-5797.034689845627
236000	-5927.410999657335
236500	-6325.290585097421
237000	-6159.108723584963
237500	-5944.25027480981
238000	-6154.27214681802
238500	-6299.741661451768
239000	-6130.040608147568
239500	-5719.961343334599
240000	-5515.978507755673
240500	-5531.747950778602
241000	-5489.608829210664
241500	-5994.210938569556
242000	-5455.138736099778
242500	-5290.89907873122
243000	-5565.19424860353
243500	-6060.394162128377
244000	-6283.420673386861
244500	-6591.728601634857
245000	-6177.293167487435
245500	-5324.160858698006
246000	-4934.751112283994
246500	-4571.4678125957535
247000	-4505.286073446055
247500	-4460.888064221092
248000	-4421.327935140792
248500	-4516.965753646185
249000	-4745.221999372175
249500	-4678.957530987878
250000	-4374.442589217994
250500	-4463.424617500991
251000	-4647.749847754756
251500	-4554.373954096022
252000	-4898.075335273749
252500	-4424.491978017267
253000	-4808.892611222513
253500	-4679.294536279368
254000	-4564.83885204338
254500	-4316.401783055405
255000	-4363.626847062844
255500	-4511.497462917677
256000	-4468.171985535964
256500	-4228.7503807506
257000	-4412.395124251376
257500	-4193.500616197625
258000	-4217.679697123263
258500	-4228.195774135143
259000	-4276.00596822217
259500	-4395.899824258885
260000	-4305.123559125424
260500	-4325.5501058453
261000	-4237.901636817537
261500	-4270.326766899186
262000	-4346.921988206187
262500	-4280.185735894787
263000	-4184.111885029849
263500	-4095.994210097082
264000	-4071.502495890787
264500	-4215.122510872111
265000	-4127.331328291293
265500	-4186.169958081482
266000	-4337.6100434661375
266500	-4220.262123842311
267000	-4132.229838952355
267500	-4403.329752429587
268000	-4401.545411909814
268500	-4393.293119490375
269000	-4464.977516688815
269500	-4238.7133485200975
270000	-5286.677493438261
270500	-5094.967038578179
271000	-4710.082498072861
271500	-5006.703641916722
272000	-4740.073966578686
272500	-4951.986994895376
273000	-4932.60502887281
273500	-4217.985836866167
274000	-4605.8495196749445
274500	-4744.727466554071
275000	-4460.290471507847
275500	-4340.451616814
276000	-4347.4761349193695
276500	-4099.387880147894
277000	-4407.724149827023
277500	-4328.967759990743
278000	-4328.235647524631
278500	-4154.857796458058
279000	-4197.015788606982
279500	-4816.604621988036
280000	-4672.198288528837
280500	-4938.850233193855
281000	-4834.501108461587
281500	-4325.092735085821
282000	-4302.344853149022
282500	-4365.515699041628
283000	-4371.476623861409
283500	-4287.172206300431
284000	-4597.206110085221
284500	-5206.386002573251
285000	-5152.826578870811
285500	-4612.53218345035
286000	-4480.219117408336
286500	-4574.769922297344
287000	-4540.311375740977
287500	-4526.47517714573
288000	-4429.415007935692
288500	-4793.794637784167
289000	-5468.8848148614225
289500	-5386.807274481468
290000	-5206.782683025098
290500	-5168.653984947716
291000	-5000.93023937265
291500	-5078.83101800948
292000	-4713.899618733873
292500	-4875.442969223961
293000	-5561.803013092262
293500	-4858.3828963495125
294000	-4671.640852740296
294500	-4733.7835621439035
295000	-4724.54003245219
295500	-5004.450193253333
296000	-5292.314154733214
296500	-5320.96396671813
297000	-4903.144042907912
297500	-4806.656378018048
298000	-4477.532393663687
298500	-4239.23291544223
299000	-4527.966690082904
299500	-4630.521529935517
300000	-4580.832074790775
300500	-4500.3844335726835
301000	-4224.44088201571
301500	-4772.411418422442
302000	-4318.872901707876
302500	-4551.765153704728
303000	-4497.439600262025
303500	-4628.224434070724
304000	-4417.374669253857
304500	-4478.5594611014285
305000	-4349.879938448025
305500	-4405.449035122767
306000	-4370.6459215514105
306500	-4462.685837954817
307000	-4447.006106172637
307500	-4361.105265550767
308000	-4611.685840691455
308500	-4658.012955113247
309000	-4814.59404757054
309500	-5403.892995520508
310000	-5033.355233254107
310500	-5737.699052759049
311000	-5874.148017719874
311500	-5341.498303485659
312000	-5325.271997644837
312500	-4613.502784179494
313000	-4800.823971876985
313500	-4909.821163712228
314000	-4493.250828739835
314500	-4383.781570702649
315000	-4436.41238461559
315500	-4341.949697988318
316000	-4476.610980907357
316500	-4664.822333857169
317000	-4749.2808736709885
317500	-4486.8790327264705
318000	-4395.451714565096
318500	-4745.439878581937
319000	-4834.816052126568
319500	-4606.787496532
320000	-4671.875705322532
320500	-5072.649140963129
321000	-4706.602579896423
321500	-4638.95970808757
322000	-4793.344860775239
322500	-4524.308806560977
323000	-4752.888916989466
323500	-5171.349919092534
324000	-4505.713944213334
324500	-5419.597336277054
325000	-5458.798627578435
325500	-5460.523875651716
326000	-5264.582353802821
326500	-5318.206197358391
327000	-5510.517752412389
327500	-4951.118436497861
328000	-5179.14612205774
328500	-4702.720749778622
329000	-5565.351266960577
329500	-6531.9878702599335
330000	-7012.7107733183775
330500	-6660.641662769126
331000	-6992.774650936054
331500	-7164.538441622171
332000	-7189.627207050282
332500	-7374.391324954146
333000	-6366.764812147981
333500	-6981.968962876448
334000	-6627.529084596419
334500	-6703.42408683746
335000	-7385.701182402401
335500	-7315.645934471956
336000	-7329.81375702947
336500	-7275.28116458732
337000	-6202.169331982202
337500	-6468.963001910814
338000	-6320.009007950247
338500	-6942.004209028865
339000	-7119.875281516842
339500	-7924.913743794683
340000	-6752.031034171464
340500	-6381.000776816535
341000	-6045.22184953799
341500	-6564.674692837748
342000	-6084.208097614581
342500	-5598.087314992158
343000	-5572.253521097342
343500	-6347.764172637865
344000	-6569.770445975911
344500	-6809.202854401629
345000	-7069.773546594407
345500	-6418.2931483732755
346000	-6500.379833960315
346500	-6548.968785196189
347000	-6700.291698364191
347500	-6662.090420921399
348000	-7310.582216893607
348500	-7150.646621862188
349000	-6581.640338133628
349500	-6210.2468289159715
350000	-6921.326221858059
350500	-7071.881798853576
351000	-7286.1303902812115
351500	-6967.346530717079
352000	-6829.2825142780075
352500	-6796.879121219596
353000	-6929.745081081011
353500	-7191.3615282739775
354000	-6554.381640446059
354500	-7175.057258718007
355000	-7348.971619565447
355500	-6979.461087742988
356000	-6785.464174928421
356500	-6819.703714512976
357000	-7042.596093956742
357500	-6722.551137519485
358000	-6447.783176933825
358500	-6239.661574729048
359000	-6484.585526987745
359500	-6671.501277882098
360000	-6374.004827883924
360500	-5766.273850113754
361000	-5575.241711005611
361500	-5593.315159118056
362000	-6454.143228505572
362500	-6428.167801102254
363000	-6305.324636732107
363500	-6277.041342166513
364000	-6502.256802991516
364500	-6448.124173617908
365000	-6611.332744055398
365500	-6285.800077762992
366000	-6330.574564164478
366500	-6470.578690843256
367000	-6147.007704493737
367500	-5889.184465995315
368000	-5819.617735486283
368500	-5797.68442911639
369000	-6033.232529660053
369500	-6324.215581837
370000	-6363.457872332776
370500	-6501.627350498746
371000	-6983.139752731884
371500	-6659.332754887726
372000	-6857.224574147386
372500	-6999.156692703241
373000	-6424.853313400612
373500	-6420.48072867876
374000	-6458.025197489195
374500	-6523.8633742711345
375000	-6743.529709361238
375500	-6756.494366322805
376000	-6681.173516697589
376500	-6848.782674966972
377000	-6640.389117073252
377500	-6564.744600294449
378000	-7356.962736854621
378500	-7463.058918842146
379000	-7422.695355663513
379500	-7557.602811756267
380000	-7499.3755549701145
380500	-7971.675928997082
381000	-7771.19871377182
381500	-7874.833769768854
382000	-7725.61821931545
382500	-8195.970027666983
383000	-7136.11402767096
383500	-7010.492818164073
384000	-7155.650033928626
384500	-6799.5073545130435
385000	-7085.997969368582
385500	-7157.332293695486
386000	-7045.052496680323
386500	-7447.876667046692
387000	-6986.204406654848
387500	-7050.726212041165
388000	-7459.900703396463
388500	-7603.616387888785
389000	-8068.336577082362
389500	-7888.29592938435
390000	-7896.698138922081
390500	-7909.976728152764
391000	-8023.618584378125
391500	-7845.563376604187
392000	-7810.645944911451
392500	-8162.756906273135
393000	-8009.254960551855
393500	-7564.108506875516
394000	-7624.471078673376
394500	-7520.8129787529615
395000	-7684.894246464755
395500	-7633.042525386988
396000	-8055.7663420131785
396500	-8712.633661097778
397000	-8294.257584242876
397500	-7549.019227862992
398000	-7615.922880817262
398500	-7036.628468959708
399000	-7191.774885448485
399500	-7205.155848516405
400000	-7863.094993023944
400500	-7830.706297605232
401000	-7715.862483864161
401500	-6788.931237527198
402000	-6213.01373551736
402500	-6188.129793152058
403000	-6009.465404888186
403500	-5473.527786800849
404000	-5531.3577029064745
404500	-5559.1617430096
405000	-5514.129314327008
405500	-5743.905059940754
406000	-5590.009896206478
406500	-6010.220502157547
407000	-5558.385153018764
407500	-5745.458490472993
408000	-6054.501240247135
408500	-5899.948532982881
409000	-5977.835520565581
409500	-6427.865997429277
410000	-6687.529824128207
410500	-6051.814449016372
411000	-5644.905066422877
411500	-5582.145954538843
412000	-5839.344666454883
412500	-5440.603452360516
413000	-5614.0640054989735
413500	-5775.555391488467
414000	-5706.373791301573
414500	-6377.556496273174
415000	-6562.803810452684
415500	-5924.661783884559
416000	-5694.289271911252
416500	-5801.810998998868
417000	-5441.504094319147
417500	-5447.839335253489
418000	-5132.858993457535
418500	-5162.228219657518
419000	-5305.57217958791
419500	-5663.802731391258
420000	-5131.3828700203
420500	-5199.611950736599
421000	-5077.484218668071
421500	-4812.874736362596
422000	-4586.099809824689
422500	-5069.604244700235
423000	-4681.506982342255
423500	-5090.423119141516
424000	-6043.5540482511615
424500	-5787.169440863056
425000	-5007.2196834581555
425500	-5901.4388142197995
426000	-5882.603727106318
426500	-5758.125387433291
427000	-5817.476449145941
427500	-5830.005877755942
428000	-6280.1895740142445
428500	-6157.532527932876
429000	-6247.1447502087985
429500	-6354.189011076906
430000	-6404.090616779371
430500	-6419.073364843282
431000	-6416.518504015955
431500	-6403.423898545873
432000	-6383.957634773499
432500	-6394.831500410431
433000	-6269.802456342077
433500	-6134.208300799177
434000	-6210.18719613828
434500	-6356.804211006979
435000	-6272.283095815987
435500	-5904.474904174416
436000	-6081.728345922311
436500	-6330.29588065971
437000	-5790.195244441384
437500	-6286.513109451099
438000	-6184.920845093925
438500	-6386.4281907947525
439000	-6288.974436136634
439500	-6417.004747227567
440000	-6419.105776546539
440500	-6419.104615130915
441000	-6419.105777157002
441500	-6419.105777156925
442000	-6418.731660925538
442500	-6384.513328071088
443000	-6398.590194348796
443500	-6412.79465218256
444000	-6268.871189817375
444500	-6229.314920540657
445000	-6418.814981382563
445500	-6412.682713822887
446000	-6418.573520274911
446500	-6407.766682540935
447000	-6419.1057771342275
447500	-6399.126036775459
448000	-6419.003096246693
448500	-6388.8920916818715
449000	-6281.874446568407
449500	-6419.097585937256
450000	-6419.105761248112
450500	-6419.105777157462
451000	-6419.105777157462
451500	-6419.105777157462
452000	-6419.105633038849
452500	-6415.599688838427
453000	-6168.599766398022
453500	-6383.4227557463855
454000	-6237.305946846164
454500	-6329.105910007927
455000	-6419.10484296743
455500	-6417.11189112527
456000	-6397.212627453826
456500	-6419.105766647599
457000	-6419.105777118829
457500	-6419.10577715303
458000	-6372.024489931527
458500	-6373.469582149062
459000	-6415.091315368849
459500	-6413.930305615255
460000	-6419.105743374133
460500	-6419.1056511255465
461000	-6419.105777157468
461500	-6388.086334486241
462000	-6419.105777157468
462500	-6409.432920418539
463000	-6362.714893176891
463500	-6417.617049796251
464000	-6336.767674385271
464500	-5239.44048343113
465000	-6419.1056233800755
465500	-6419.085835955875
466000	-6419.105777157468
466500	-6418.3289649793915
467000	-6419.006246569878
467500	-6412.038253707212
468000	-6414.539064446439
468500	-6419.085437527768
469000	-6301.054187545511
469500	-6419.105777157349
470000	-6411.286741903772
470500	-6419.1057753044615
471000	-6419.105777157468
471500	-6419.105777157458
472000	-6260.120569184351
472500	-6306.183868749728
473000	-6290.959125919878
473500	-6314.267226846026
474000	-6336.025361277677
474500	-6247.596236204642
475000	-6096.1239361523
475500	-6149.190922912114
476000	-6047.743684407949
476500	-5621.171089454952
477000	-5246.711065331919
477500	-4552.862690701079
478000	-4458.710800603572
478500	-4510.028591303016
479000	-4228.076925691895
479500	-4310.2387271280595
480000	-4332.292559248087
480500	-4311.806577422253
481000	-4612.385137834
481500	-4337.891757917861
482000	-4198.875922441603
482500	-4402.808271246591
483000	-4531.769005596797
483500	-4797.008408329169
484000	-4958.587073436716
484500	-4206.24082240298
485000	-4652.127739420529
485500	-4385.796798325838
486000	-4398.689114266032
486500	-4324.869309462614
487000	-5609.169392672402
487500	-5447.230303137834
488000	-5765.766277660118
488500	-6105.499024370556
489000	-5402.3100019557805
489500	-6163.019236912516
490000	-5559.496096316872
490500	-4388.312905221252
491000	-4421.478772374485
491500	-4540.78012024118
492000	-4570.054680123374
492500	-4921.8107905178495
493000	-4747.319697179983
493500	-4574.428338155439
494000	-4849.254974309311
494500	-4739.057220210217
495000	-5041.217753111743
495500	-4926.678560562027
496000	-4891.607555935099
496500	-4802.078286738812
497000	-5070.732575557656
497500	-4852.706451175042
498000	-4881.341620816638
498500	-4918.881094939832
499000	-4890.025077211798
499500	-4627.303709245478
500000	-4812.933621799198
500500	-5094.997939107651
501000	-5014.24314428602
501500	-4818.17098749123
502000	-4868.591572328957
502500	-5277.9444042543655
503000	-5856.489980291358
503500	-5941.401734462495
504000	-5180.17647207706
504500	-4821.04155436947
505000	-4712.893979070536
505500	-4582.57665167449
506000	-4610.4634303893545
506500	-4458.77838320098
507000	-4962.013026789001
507500	-4726.146918948343
508000	-4759.605107427356
508500	-4933.199012464718
509000	-4723.982918995114
509500	-5023.597168679653
510000	-4717.759796932158
510500	-4552.11157820771
511000	-4833.788630381137
511500	-4772.7184444747945
512000	-4748.830395377921
512500	-4832.062275266957
513000	-4620.108632962578
513500	-4653.866095410888
514000	-4759.693576281979
514500	-4507.84453709376
515000	-4559.265370083631
515500	-4492.489617401395
516000	-4279.776469846927
516500	-4302.550770280541
517000	-4408.40929846301
517500	-4448.427840504391
518000	-4282.263778429974
518500	-4480.921012642236
519000	-4574.13666824673
519500	-4535.927913657384
520000	-4734.774281037761
520500	-4692.726991873924
521000	-4879.8775730241805
521500	-5276.808084324553
522000	-4783.4649886839015
522500	-4933.56175409124
523000	-5121.635973531716
523500	-4872.670709552425
524000	-4318.47784405195
524500	-4534.79300548342
525000	-4555.069855974809
525500	-4692.126610233793
526000	-4349.742151844293
526500	-5927.033316799068
527000	-6120.615149965193
527500	-5999.1485228397305
528000	-5790.3364129055535
528500	-5600.376624649738
529000	-5413.37084372901
529500	-5016.630803288704
530000	-5063.801746058124
530500	-5165.530999788574
531000	-5417.720352224011
531500	-5678.4645597177905
532000	-4862.819471965807
532500	-5561.603390974866
533000	-5090.422695841244
533500	-5203.910177977975
534000	-5093.738963384905
534500	-5509.425119984742
535000	-5446.77422150969
535500	-5710.421372524175
536000	-5152.140460459032
536500	-5414.013765437045
537000	-5129.300278023711
537500	-4659.044882383219
538000	-4945.0439210354
538500	-5271.728554380773
539000	-5278.602421701367
539500	-5602.070369875808
540000	-5229.710479459701
540500	-4991.641523524316
541000	-4822.229504083894
541500	-5015.228894424674
542000	-4696.727427690251
542500	-4525.8007112627865
543000	-4550.9456624391805
543500	-4670.151635361884
544000	-4869.745596065003
544500	-4383.488686624121
545000	-4634.974209050966
545500	-4492.577750197256
546000	-4473.565279631741
546500	-4834.31508709301
547000	-4853.7341182037135
547500	-5128.636106449573
548000	-4698.4851418867
548500	-4765.584392412774
549000	-4800.691831119782
549500	-4996.233125937885
550000	-5177.21160044996
550500	-5112.358708794297
551000	-5520.886397662704
551500	-5520.082486143461
552000	-6036.877895892697
552500	-6157.348467354292
553000	-6391.233645371203
553500	-6019.626578165372
554000	-4598.9483496870225
554500	-4488.546275753952
555000	-4450.2094911714485
555500	-4344.37166217963
556000	-4463.882536463676
556500	-4456.962077544345
557000	-4458.390637800386
557500	-4515.653590352452
558000	-4238.565008825513
558500	-4306.139541724459
559000	-4512.846077908096
559500	-4912.612388233926
560000	-4774.645903849438
560500	-4659.821430450015
561000	-4671.780160325554
561500	-4784.363230521992
562000	-4477.694863369012
562500	-4585.680656215934
563000	-4459.985831974285
563500	-4669.9460098828395
564000	-4741.396120953914
564500	-4432.949456342328
565000	-4551.861789124642
565500	-4383.80583697689
566000	-4687.777626674104
566500	-4617.22703690763
567000	-4720.84571011736
567500	-4950.888592855219
568000	-5024.319523070092
568500	-5320.756309701185
569000	-4725.095126747313
569500	-4333.148315981625
570000	-4397.074105402447
570500	-4372.8352656713405
571000	-4237.016905726359
571500	-4912.968236134371
572000	-5097.19070068244
572500	-5158.405404935716
573000	-5132.648875995383
573500	-4905.339574545576
574000	-4499.536961972839
574500	-4343.584790351793
575000	-4922.3929106021915
575500	-4737.5254251149045
576000	-4518.967490080485
576500	-4830.6422050740275
577000	-5119.7983821806365
577500	-5520.027307869849
578000	-5040.130364708823
578500	-4464.136116310443
579000	-4754.962570670852
579500	-4296.163791804319
580000	-4684.639373567913
580500	-4825.833678558607
581000	-4444.614289652907
581500	-4303.9495337088465
582000	-5129.153409473329
582500	-5028.130864345377
583000	-4599.784996890618
583500	-4616.305253841677
584000	-4568.199962172236
584500	-4674.4065847022175
585000	-5283.513406169303
585500	-5185.292221607003
586000	-4566.253223811297
586500	-4696.8983371656395
587000	-5545.569345143813
587500	-5591.652492098089
588000	-4764.056169797737
588500	-4816.691148570196
589000	-5487.914492048531
589500	-5069.64491645291
590000	-5731.5852553854465
590500	-6209.6999805803625
591000	-6169.673463129172
591500	-6351.210942047571
592000	-6106.018603646273
592500	-6151.62999788203
593000	-5925.659220485974
593500	-6715.077213575913
594000	-5710.496976664545
594500	-5230.70467585982
595000	-4626.740676032325
595500	-4378.151747232403
596000	-4683.200969399817
596500	-4568.925372871404
597000	-4534.166306966347
597500	-4543.8863342936575
598000	-4753.166856874945
598500	-4494.109861139736
599000	-4830.323415437928
599500	-4959.352794381956
600000	-4282.288984554956
600500	-4205.02948812864
601000	-4347.816872261008
601500	-4247.727982907485
602000	-5024.919795622402
602500	-4483.2577903446145
603000	-4474.839542170434
603500	-4523.356221044631
604000	-5144.965956646282
604500	-5614.031412031385
605000	-6024.453088118181
605500	-6028.811399410354
606000	-5858.36981046506
606500	-5964.340871191545
607000	-6365.769226439987
607500	-6264.376460358307
608000	-6377.296898566172
608500	-6210.143167565604
609000	-6288.048950154245
609500	-6286.119910051746
610000	-5995.941335526664
610500	-5705.230680650874
611000	-5942.305251017028
611500	-6271.900116969626
612000	-6234.663485870064
612500	-6364.253018851252
613000	-6232.793162373224
613500	-6164.168681081043
614000	-6377.543586609413
614500	-6377.832861399496
615000	-6375.158215219353
615500	-6379.851472806826
616000	-6179.735153197918
616500	-6035.291940362718
617000	-5926.454389337481
617500	-5195.375967030611
618000	-5739.948796269593
618500	-5706.444739476666
619000	-5563.327362359394
619500	-5819.679465126708
620000	-5808.004341961817
620500	-5983.855558231624
621000	-6145.17430249031
621500	-6117.221587018024
622000	-6222.496081557644
622500	-6069.719250371734
623000	-6203.524081738999
623500	-6569.110717856117
624000	-6643.668951777242
624500	-6818.174669811605
625000	-6726.603440827333
625500	-6575.908561341082
626000	-6484.969667896254
626500	-6873.030700453101
627000	-7050.547420836577
627500	-7111.485942521985
628000	-6955.192464081284
628500	-7116.697561018114
629000	-7029.584466546802
629500	-6938.10060220471
630000	-6725.140708056154
630500	-6981.79000630807
631000	-6062.5064384738225
631500	-6675.383813576537
632000	-6651.061359655425
632500	-6650.405796727089
633000	-5179.186772731775
633500	-5135.14713767819
634000	-4540.727142271227
634500	-4646.596091624254
635000	-4544.732142984991
635500	-4605.7752506819015
636000	-4259.797612348545
636500	-4238.8754920677875
637000	-4462.305759652294
637500	-4643.52845477101
638000	-4955.506088930348
638500	-5160.7435999732
639000	-5006.306905978237
639500	-5258.029301402121
640000	-5250.828656573933
640500	-5616.40709771197
641000	-5409.520642067359
641500	-4823.900667790277
642000	-4822.5999023448585
642500	-4765.888177058307
643000	-5232.580613263512
643500	-4709.931678133322
644000	-4653.829143204835
644500	-4540.346996253808
645000	-4514.989535264963
645500	-4435.993213213043
646000	-4388.238989689274
646500	-4546.600303499281
647000	-4888.620566341702
647500	-5398.674215458584
648000	-5910.464470805014
648500	-6050.348206203969
649000	-6191.920460581755
649500	-6161.029822611779
650000	-5052.749245094473
650500	-4595.752092216925
651000	-4724.069120890157
651500	-4394.4200785917
652000	-4529.331979885804
652500	-5324.938285771339
653000	-5547.428695282053
653500	-5827.432776348345
654000	-5769.342216780501
654500	-6736.766112169628
655000	-6656.915944931659
655500	-8228.377184201909
656000	-8874.501350323404
656500	-8410.556965645348
657000	-9968.290445895598
657500	-9544.858677837894
658000	-9800.779269768702
658500	-9952.214522123611
659000	-9621.236342096205
659500	-9801.346192419769
660000	-9330.088414603457
660500	-8366.773083839122
661000	-7735.584927982605
661500	-6568.30167905404
662000	-4822.645071630895
662500	-4533.57903022219
663000	-4681.519232470841
663500	-4524.822372527935
664000	-5107.6153751534985
664500	-5431.170463227548
665000	-4497.344046524624
665500	-5710.177959632688
666000	-5797.6482702391895
666500	-6585.7992154853655
667000	-6809.944056692075
667500	-7017.03362008363
668000	-6938.317607349196
668500	-6580.610544050514
669000	-7131.796064997486
669500	-6919.962868798667
670000	-7435.5435987165765
670500	-7949.575678330092
671000	-8297.625346744388
671500	-7801.159050321657
672000	-8679.560476143815
672500	-8381.886391871656
673000	-8558.626668515466
673500	-8003.810618268332
674000	-8207.867188791584
674500	-8138.856707610855
675000	-8991.81986783976
675500	-9260.468379771504
676000	-9517.392642258397
676500	-10646.821877814302
677000	-9479.071571524753
677500	-10164.97667315337
678000	-9189.285403850172
678500	-9067.743776796118
679000	-8748.392377904072
679500	-9022.250279797743
680000	-9766.479736816675
680500	-10318.56137727937
681000	-10148.78444324151
681500	-9929.228722744601
682000	-10221.63359595732
682500	-11154.184709591522
683000	-11144.889157491734
683500	-11451.99146527569
684000	-11433.349360095806
684500	-9966.502166424181
685000	-9878.650348945775
685500	-9881.230240223726
686000	-11002.762019813883
686500	-9892.74729259722
687000	-9887.876790504992
687500	-9744.830770985367
688000	-9986.268014150037
688500	-10292.604605344497
689000	-9726.966265789031
689500	-9294.941477378425
690000	-8912.54240298759
690500	-8518.96483206458
691000	-8235.216795590908
691500	-9279.765994582984
692000	-9231.51586955408
692500	-8888.998531902258
693000	-9330.431976439027
693500	-9380.719955582945
694000	-9397.981982613317
694500	-9674.010754961982
695000	-9734.572902833885
695500	-9926.652034282966
696000	-10702.018388600038
696500	-11500.412134183696
697000	-11237.309165433582
697500	-11635.837352198483
698000	-10529.178815704916
698500	-12408.32335812886
699000	-11122.509557899195
699500	-11028.481400593373
700000	-11146.450606952303
700500	-10776.482224598716
701000	-10343.884286263308
701500	-10169.539559714254
702000	-9868.296048194949
702500	-9967.905119726236
703000	-10637.655615192842
703500	-9716.146560744059
704000	-9474.098231690034
704500	-9609.415700265847
705000	-10171.57236399677
705500	-9143.71854397534
706000	-9399.749196373012
706500	-9885.51960954182
707000	-10352.926617384946
707500	-9850.515221366784
708000	-9559.197398354781
708500	-9928.48613768338
709000	-10386.979089953862
709500	-10198.713189891943
710000	-10469.33970837066
710500	-9463.607889597735
711000	-8854.907045797334
711500	-9458.684900728706
712000	-9323.127432722815
712500	-9380.408369022514
713000	-9041.756079934516
713500	-9132.614648577754
714000	-9780.440426426492
714500	-9703.183627661812
715000	-9624.83971137141
715500	-8890.423538430021
716000	-9256.459843585384
716500	-8608.803774250106
717000	-8550.834113580531
717500	-8644.023046699522
718000	-8946.862013921085
718500	-8398.6083544695
719000	-7973.39339258371
719500	-8159.049678973437
720000	-7814.103251230951
720500	-7837.558387248713
721000	-7753.317235930979
721500	-8134.773970778311
722000	-7710.803726355067
722500	-7845.72897618098
723000	-9004.00231538146
723500	-8776.137988334149
724000	-8705.153565236651
724500	-8306.105830154032
725000	-8040.033001974826
725500	-7926.994106526582
726000	-7597.526605013766
726500	-6875.7119714097935
727000	-7347.096048637801
727500	-7892.844602261291
728000	-7361.09547973359
728500	-7096.414103089749
729000	-7485.543082351568
729500	-8062.169281322422
730000	-8075.207603890071
730500	-8415.15940146364
731000	-8321.17366413467
731500	-8011.520266428879
732000	-7640.447276999074
732500	-7554.151623010828
733000	-7549.231114828235
733500	-7505.187192140203
734000	-7179.753091713071
734500	-7282.122572442229
735000	-8153.163055616241
735500	-7722.909300624782
736000	-8028.583123620852
736500	-7874.58312343344
737000	-7842.384637118331
737500	-7485.717731637268
738000	-7583.022886851644
738500	-7699.355519724167
739000	-7391.824964280857
739500	-7071.5511322826205
740000	-7668.629666843224
740500	-7463.138235954828
741000	-7364.915275075049
741500	-7014.723135406209
742000	-7058.281097114092
742500	-6159.884519589179
743000	-5556.764112091515
743500	-5916.182839326479
744000	-6180.7432438258165
744500	-6025.511012079859
745000	-6540.703651465787
745500	-7142.875755776228
746000	-6771.144491250404
746500	-6459.309187102358
747000	-7225.691834933447
747500	-7299.184799220553
748000	-6626.973212562013
748500	-6880.790120135001
749000	-7182.412012497186
749500	-6518.895693600358
750000	-6405.781750968504
750500	-6625.337555912631
751000	-6290.249061031688
751500	-6292.679660464154
752000	-6423.841527092778
752500	-6265.228860669459
753000	-6398.326201792415
753500	-6315.895679956051
754000	-5865.7754792248725
754500	-6219.455208314496
755000	-6083.7182174087575
755500	-6304.87743024468
756000	-6169.9237248773
756500	-5671.458155390697
757000	-5265.4914743713625
757500	-4905.238970215662
758000	-5100.216587983414
758500	-5194.469021745347
759000	-5467.969111146245
759500	-5691.290176832592
760000	-5042.053226810418
760500	-5145.774445736772
761000	-4772.350836783428
761500	-4835.06555158107
762000	-4986.557797159408
762500	-4742.255850801597
763000	-4794.454550778241
763500	-4316.590866868625
764000	-4376.553882683411
764500	-4390.7076944534065
765000	-4616.493947579706
765500	-4768.542481584396
766000	-5058.8870891582055
766500	-4944.541797835054
767000	-6152.613280104962
767500	-6297.034568557153
768000	-6189.7304533481965
768500	-5902.104936848991
769000	-6091.243382057197
769500	-5499.153336249151
770000	-5412.5115874393
770500	-5364.375099192717
771000	-5315.213672848922
771500	-4791.83904535215
772000	-4809.719536696422
772500	-4677.446522497455
773000	-4726.074207412947
773500	-4438.019579176944
774000	-4962.173821359963
774500	-4542.619809774992
775000	-4374.518707232478
775500	-4596.193062676809
776000	-4711.303316997028
776500	-4460.284551062649
777000	-4430.218536865003
777500	-4579.322314416208
778000	-4851.31355894947
778500	-4725.807960458324
779000	-4566.609669375224
779500	-4672.44642126954
780000	-5096.0482579455675
780500	-4658.892645956276
781000	-4715.880923019081
781500	-4510.30466160218
782000	-4899.4534228695475
782500	-5504.824163550901
783000	-4842.008730612011
783500	-4854.311847646888
784000	-5376.344048540684
784500	-5468.2620547690185
785000	-5071.764284738821
785500	-5535.6513398874085
786000	-5184.409289291755
786500	-5146.322215025757
787000	-5868.174697950224
787500	-4867.38614640724
788000	-4733.518580543447
788500	-4863.122231141535
789000	-4621.323940245544
789500	-5005.551755661308
790000	-4772.637433734549
790500	-4695.418987098558
791000	-4776.08739225177
791500	-4951.721358882923
792000	-5151.990384903287
792500	-4960.500462456692
793000	-5299.676365863247
793500	-6097.717675254245
794000	-6241.748684258012
794500	-6000.985435813045
795000	-6241.037899395731
795500	-6028.109131552726
796000	-6311.155446456946
796500	-6298.063642486866
797000	-6416.56945610944
797500	-6198.228683060783
798000	-5709.900688306207
798500	-6438.597747130665
799000	-6161.118131664175
799500	-6631.786373885677
800000	-6077.471732003008
800500	-5755.426659007183
801000	-5367.1953786804725
801500	-5587.304574266518
802000	-6103.653645862385
802500	-5933.773942319282
803000	-5859.665916850266
803500	-5780.380410566231
804000	-6032.878233816455
804500	-6060.370195885772
805000	-5800.0311147686325
805500	-5724.509373508329
806000	-5376.885022688949
806500	-5414.656711050769
807000	-5861.413449567491
807500	-5423.933243266704
808000	-6287.47560116467
808500	-6334.93492954024
809000	-6025.047073895529
809500	-5994.956563984133
810000	-5168.267097226077
810500	-5975.045635178943
811000	-5710.8220717627655
811500	-5170.175212663445
812000	-5390.2593938694845
812500	-5705.196360150448
813000	-5281.951473475774
813500	-5380.530004355123
814000	-5240.777520952784
814500	-5300.040466320107
815000	-5244.884724005234
815500	-5104.186057444375
816000	-5475.820923498563
816500	-5835.5163833036195
817000	-5927.546610680298
817500	-5305.736963416189
818000	-5337.568478178044
818500	-5040.035931996991
819000	-5238.573956674966
819500	-4761.462013667773
820000	-4881.468017298306
820500	-4783.945937065761
821000	-4902.235137717644
821500	-5131.114589373882
822000	-5125.730593851536
822500	-5062.686221151586
823000	-5771.197095221657
823500	-6220.362728174946
824000	-6326.6689135418965
824500	-6344.707341079279
825000	-6323.697837316173
825500	-6291.27827783024
826000	-6311.541004672034
826500	-6207.471231084427
827000	-6186.291931282007
827500	-6102.151520729532
828000	-6181.487718358726
828500	-6191.123612928881
829000	-6315.917937575662
829500	-6379.871216578171
830000	-6061.657695091895
830500	-6358.178091610857
831000	-6370.893000024673
831500	-6239.492221082798
832000	-6145.302556899268
832500	-6260.196711209256
833000	-6273.483048394934
833500	-6291.158664599666
834000	-6283.9276979784945
834500	-6329.931776996984
835000	-6294.668651414249
835500	-6353.111884021581
836000	-6378.645985917631
836500	-6302.981115310389
837000	-6285.010048982825
837500	-6284.531468965017
838000	-6376.778095570818
838500	-6366.726616373181
839000	-6380.360529452477
839500	-6380.36212960903
840000	-6380.359819793099
840500	-6213.991022894701
841000	-6376.32657284793
841500	-6375.243329664423
842000	-6371.813906398491
842500	-6296.759860907448
843000	-6136.813837200022
843500	-6166.995287362304
844000	-6330.594203287908
844500	-6298.060399220177
845000	-6380.3461237243
845500	-6146.667694902951
846000	-6353.65023858218
846500	-6330.161316249295
847000	-6145.902341812356
847500	-5902.8818067398115
848000	-6180.010406057078
848500	-6299.176753199033
849000	-6168.870837249378
849500	-6371.131035871087
850000	-5858.340045912248
850500	-6221.240190309326
851000	-6288.434263903196
851500	-6189.2036782280775
852000	-6263.249371555097
852500	-6247.340042544417
853000	-5960.591736377695
853500	-6363.76485898488
854000	-6793.229304190434
854500	-6056.303963346346
855000	-6593.349475547169
855500	-5935.693762681173
856000	-5988.942262812366
856500	-6066.199899106189
857000	-6793.321546898915
857500	-6832.396321797502
858000	-7067.373204643455
858500	-6859.647841055955
859000	-6717.814273646994
859500	-6154.500775229407
860000	-5964.4067175415275
860500	-6322.488362418335
861000	-6154.482328673833
861500	-6168.576053319048
862000	-6025.967110493162
862500	-5908.245162133542
863000	-5581.7124646346665
863500	-5866.127178502369
864000	-6426.219161367431
864500	-6341.326806032362
865000	-6267.908426548937
865500	-6343.949822331946
866000	-6147.127825447859
866500	-6784.061400457617
867000	-7091.571724406937
867500	-7261.870322832199
868000	-7158.230967321717
868500	-7111.192376057074
869000	-7109.396943536396
869500	-7269.162629709564
870000	-7265.473487410497
870500	-9053.297572108875
871000	-9106.588594145442
871500	-7762.246151708794
872000	-6877.02715087648
872500	-5740.970398348494
873000	-6176.3182320630285
873500	-4511.3154682882905
874000	-4304.213298974507
874500	-4724.933172498378
875000	-5150.8386741192835
875500	-5243.213293016433
876000	-5263.441238451853
876500	-6571.296485943003
877000	-7127.137963905763
877500	-7587.285661541342
878000	-7949.749865169448
878500	-7938.728108559327
879000	-7418.578822567123
879500	-7831.833687067976
880000	-7417.844576795956
880500	-7750.556607413388
881000	-7051.118499875099
881500	-7019.50424310232
882000	-6900.027731739771
882500	-7289.415672824821
883000	-7424.940076562883
883500	-7629.148566761211
884000	-7519.372826253042
884500	-7733.226057604095
885000	-9300.590852544934
885500	-9056.02604711411
886000	-8659.409738901264
886500	-7187.829048870087
887000	-6878.082991447511
887500	-6956.89241011384
888000	-6501.402034935122
888500	-5391.520389975026
889000	-5822.882429791601
889500	-6162.582157763137
890000	-6303.2891845134745
890500	-6514.458218219929
891000	-6247.766057528272
891500	-6497.342052259777
892000	-6319.176169088545
892500	-6747.028708473547
893000	-7197.916654206851
893500	-6998.921371768589
894000	-6665.528182328502
894500	-6748.552448876426
895000	-6958.784087705748
895500	-7200.678290984503
896000	-7206.153843071916
896500	-7322.554248233755
897000	-6687.286390167592
897500	-7286.190075085901
898000	-7243.270174638783
898500	-7173.548091001897
899000	-7109.1186766078135
899500	-7466.055980245506
900000	-7780.49260874542
900500	-7439.983000325137
901000	-7490.027289328785
901500	-7551.315265277981
902000	-7517.31022322086
902500	-7519.6149441147545
903000	-7649.367994710503
903500	-7092.981123087147
904000	-6722.894737977545
904500	-7742.552397358517
905000	-7675.306717866516
905500	-7651.297049396866
906000	-7878.422550626322
906500	-7870.787519886458
907000	-7753.348721633315
907500	-7871.240173027891
908000	-7715.380971950791
908500	-7775.188343760407
909000	-7629.746573876998
909500	-7219.56570804794
910000	-7153.914314688647
910500	-7965.194802066482
911000	-7875.914604492363
911500	-7964.538590621956
912000	-7965.702840147776
912500	-7964.592516080255
913000	-7920.984385335066
913500	-7772.382602468799
914000	-7964.232345201124
914500	-7962.116539813066
915000	-7961.712521169354
915500	-7952.454144952209
916000	-8693.535850578626
916500	-8793.062095279332
917000	-7114.236716643219
917500	-7210.026860690647
918000	-7134.566221198031
918500	-7172.231269274634
919000	-7060.873594913352
919500	-7071.486751770486
920000	-6931.412629098268
920500	-6683.82128540173
921000	-6822.288385420861
921500	-7014.551846400324
922000	-7002.789608878953
922500	-6878.673723259365
923000	-7122.698150261404
923500	-7216.914440458343
924000	-7220.267281442123
924500	-7227.799465390201
925000	-7201.945167866018
925500	-7202.472662478558
926000	-7236.606691113672
926500	-7236.602018172533
927000	-7181.462461590791
927500	-7207.60674108201
928000	-7215.167815950435
928500	-7233.052561679025
929000	-7146.351290897414
929500	-7233.828723993236
930000	-7235.935524479358
930500	-7233.721752136188
931000	-5940.985214446972
931500	-6498.321830371879
932000	-6829.583848465329
932500	-6241.665097143077
933000	-4370.284294051394
933500	-4509.996185846572
934000	-4494.052933727327
934500	-4541.862125356435
935000	-4600.890962802336
935500	-4631.495039320235
936000	-4683.837836808894
936500	-4643.369085404316
937000	-4413.030720090239
937500	-4705.61626551428
938000	-4706.433687318556
938500	-4770.204930525929
939000	-4830.285911118855
939500	-4711.628077461133
940000	-4777.142770050014
940500	-4965.5103392039955
941000	-5059.860376936923
941500	-5723.3025668994305
942000	-5790.979554475841
942500	-5454.864693034955
943000	-4891.910341235261
943500	-5085.015026937412
944000	-4878.241955184889
944500	-4906.371917442928
945000	-4913.425081335416
945500	-5159.474356176007
946000	-4460.578848640355
946500	-4814.3507325264545
947000	-4601.762711886178
947500	-4967.791225208554
948000	-4979.522232604229
948500	-4949.681274622439
949000	-5155.290783154229
949500	-5013.961236083845
950000	-6328.939934745746
950500	-6644.823875911361
951000	-6611.588237529394
951500	-7081.881478058488
952000	-6676.294451899712
952500	-6767.054302529928
953000	-6817.62310188273
953500	-6434.1891647505345
954000	-6369.877416701233
954500	-7113.4363854799585
955000	-7516.172193824872
955500	-7846.720489340378
956000	-7901.548371804777
956500	-8281.424688203322
957000	-8322.651677315385
957500	-8317.033239584345
958000	-8364.66741381782
958500	-8227.524515902633
959000	-8279.476188375473
959500	-8457.555032627231
960000	-8422.886966113485
960500	-8351.472080935648
961000	-8295.261538664789
961500	-8333.288170968359
962000	-6993.009111052614
962500	-6912.604168111556
963000	-7980.813766047087
963500	-8236.36208043816
964000	-7858.514468525595
964500	-8018.265798640179
965000	-7933.096836482615
965500	-7962.209145131348
966000	-7112.275421687461
966500	-5187.6260763182445
967000	-5389.38487375126
967500	-5335.062251928403
968000	-4859.348155569782
968500	-5089.695371660234
969000	-4674.045666309124
969500	-4804.93277657816
970000	-4972.495495325774
970500	-4646.727444689494
971000	-4585.749135027945
971500	-5246.743658963973
972000	-4985.464578699642
972500	-6234.745571727671
973000	-7915.634064793877
973500	-8037.658980528297
974000	-5122.16937165404
974500	-5264.037935537103
975000	-5314.132033844476
975500	-4958.180884219804
976000	-5137.597527489459
976500	-4965.10204156984
977000	-5122.4293139135725
977500	-5158.332149111091
978000	-5308.299913080665
978500	-5040.853937430479
979000	-4762.371001856719
979500	-4971.152782246015
980000	-5028.663346873849
980500	-4846.454085996774
981000	-4994.385005061725
981500	-4948.433213834767
982000	-5460.305897290188
982500	-5276.179008856727
983000	-6008.54978927772
983500	-6152.749974358038
984000	-6021.549799949802
984500	-5552.611814781873
985000	-5774.183480475175
985500	-6197.069603792182
986000	-6194.3287687211905
986500	-5788.231661048678
987000	-6271.55288406366
987500	-5740.418566976754
988000	-5985.898702325946
988500	-6326.210528494497
989000	-6708.2337732175965
989500	-6081.341595486782
990000	-6775.011088587115
990500	-5748.445019696898
991000	-6066.447812992539
991500	-6237.376549280454
992000	-6399.5179659212135
992500	-6057.123136796111
993000	-5144.953861348972
993500	-5620.73468514536
994000	-5540.042099748964
994500	-5787.128716660604
995000	-5054.131198703491
995500	-5716.189397119987
996000	-5500.933010960663
996500	-5450.305733642112
997000	-6055.190365232709
997500	-5838.167302052143
998000	-5903.132769984029
998500	-5928.379691452187
999000	-6425.065453909667
999500	-6438.1363520254135
1000000	-6273.066834058952
1000500	-4727.650312931461
1001000	-4775.061772787592
1001500	-4892.997750652522
1002000	-4589.186129977508
1002500	-4739.153372019573
1003000	-4791.1191217333635
1003500	-4882.056424022267
1004000	-4788.951686927586
1004500	-4890.125001953702
1005000	-4711.91684131386
1005500	-4817.2375669171915
1006000	-4802.645000093975
1006500	-4880.074581247109
1007000	-4654.168338624679
1007500	-4827.185099189803
1008000	-4889.19036458079
1008500	-5907.938317402461
1009000	-5004.640187036221
1009500	-5785.335258637818
1010000	-5661.686476463868
1010500	-5200.128032612969
1011000	-5117.125293161104
1011500	-4723.907595163695
1012000	-4796.3769997894315
1012500	-4653.478937748911
1013000	-4545.899155810725
1013500	-4501.769524470664
1014000	-4589.081003333976
1014500	-4573.8216185048395
1015000	-4522.431842970532
1015500	-4622.551524835539
1016000	-4660.728036332235
1016500	-4727.88952655528
1017000	-4583.997528941735
1017500	-4757.018830808752
1018000	-4955.148248301362
1018500	-4711.708954276357
1019000	-4751.413835212039
1019500	-4757.96109769729
1020000	-5383.3046097756705
1020500	-5967.310978733523
1021000	-5093.085879203721
1021500	-5461.386816917481
1022000	-5895.343106712596
1022500	-5788.733343579509
1023000	-5642.509038018704
1023500	-4834.120754887093
1024000	-4799.027630952685
1024500	-4854.956997360556
1025000	-4814.6996090433095
1025500	-4628.2203271784765
1026000	-4554.800574982397
1026500	-5117.105665963985
1027000	-4727.699558796581
1027500	-5429.370540087498
1028000	-5049.546658084528
1028500	-4872.360595625141
1029000	-4873.9129211663685
1029500	-5188.836807672381
1030000	-4369.29483162141
1030500	-4859.507863200093
1031000	-4677.221972551283
1031500	-5094.77659769919
1032000	-5558.439413101449
1032500	-6952.734780042433
1033000	-7895.203052136338
1033500	-8267.391932847284
1034000	-8344.06133529287
1034500	-8237.07513304169
1035000	-8350.370850508338
1035500	-8410.421189971234
1036000	-7748.811834716227
1036500	-7748.651194124461
1037000	-7411.274656921311
1037500	-7411.211932253378
1038000	-7411.213347964403
1038500	-7395.987672978435
1039000	-7386.792729663635
1039500	-7018.513853959531
1040000	-7225.6772930188645
1040500	-7220.4696638197465
1041000	-7380.373786654816
1041500	-7368.45064292735
1042000	-7389.813359441792
1042500	-7342.938514291225
1043000	-6167.056102326547
1043500	-6219.477495754612
1044000	-5812.3853801738205
1044500	-5375.756622992729
1045000	-5289.131629093087
1045500	-5303.50948688916
1046000	-4913.4517297925195
1046500	-5545.742501056913
1047000	-5629.290393634245
1047500	-6015.546089938027
1048000	-6415.359884921807
1048500	-6079.832862432261
1049000	-5932.661464599512
1049500	-6220.556438428272
1050000	-6294.039379494515
1050500	-6294.839597426916
1051000	-6147.414565594199
1051500	-6463.570478769582
1052000	-6499.126716402413
1052500	-6553.390293503786
1053000	-6525.572070678143
1053500	-6642.705166885544
1054000	-6659.150840830441
1054500	-6653.102745975384
1055000	-6157.277556039958
1055500	-6475.037970833667
1056000	-6358.796949713162
1056500	-6485.297077072845
1057000	-6594.665681562727
1057500	-5933.571392925925
1058000	-6573.59939918862
1058500	-6700.136017395893
1059000	-6568.8309574849
1059500	-6545.9683313350515
1060000	-6347.070287717117
1060500	-6513.044959857347
1061000	-6483.590702652998
1061500	-6484.233294071033
1062000	-6400.481024764405
1062500	-6496.0600898180255
1063000	-6167.006941711883
1063500	-4923.931489472257
1064000	-4996.773561641748
1064500	-5430.28801603854
1065000	-5303.648304240784
1065500	-5663.181727680697
1066000	-6132.333426289169
1066500	-5201.583472285669
1067000	-5009.746738369318
1067500	-5167.25035322014
1068000	-4912.617672962934
1068500	-4725.570397599484
1069000	-4648.561523984174
1069500	-4960.119951721719
1070000	-4959.690971860434
1070500	-4716.954430995008
1071000	-4550.867846507602
1071500	-4403.834263063313
1072000	-4570.9521628018365
1072500	-4535.974861335662
1073000	-5028.07571862082
1073500	-4544.1912327451555
1074000	-4362.455553632801
1074500	-4586.327149856314
1075000	-4540.302389022803
1075500	-5315.2207288648
1076000	-5562.078007355516
1076500	-5395.63003401424
1077000	-5312.676411761681
1077500	-5965.6375258057715
1078000	-5720.794831859339
1078500	-6156.910219446932
1079000	-6034.5525547273055
1079500	-6172.704316299772
1080000	-6153.82655653685
1080500	-6133.32686928116
1081000	-5704.700808362352
1081500	-5393.314033673306
1082000	-5137.477216296622
1082500	-5527.092077909997
1083000	-5429.438061910048
1083500	-5867.309678055212
1084000	-5520.554619784051
1084500	-5573.886099189811
1085000	-5804.0076859978135
1085500	-5585.676153372622
1086000	-5989.575442900854
1086500	-6105.7075763083085
1087000	-5932.637191238533
1087500	-5592.86286889984
1088000	-5154.877191178381
1088500	-5669.513321641057
1089000	-5477.618516064378
1089500	-5509.000622480303
1090000	-5063.164211544596
1090500	-4956.821306342263
1091000	-4926.033287157179
1091500	-5082.354674295432
1092000	-5357.18188826255
1092500	-5535.487434965491
1093000	-5174.287705237295
1093500	-5778.540423770303
1094000	-5356.959134091699
1094500	-6348.951379556106
1095000	-6081.487128203203
1095500	-4664.873533544348
1096000	-4739.506496102586
1096500	-4872.669468254243
1097000	-4520.271159455174
1097500	-4353.118802128801
1098000	-4498.507906412587
1098500	-5444.70144953967
1099000	-5951.589318959733
1099500	-5479.615575916322
1100000	-4730.393597873749
1100500	-4702.176999427376
1101000	-4683.430048159478
1101500	-4419.619745344778
1102000	-4562.515227574171
1102500	-4509.788630301553
1103000	-4502.868854757085
1103500	-4560.159124638326
1104000	-4775.644048758325
1104500	-4539.936869314599
1105000	-4482.96329183024
1105500	-4544.875287805722
1106000	-4540.637800329408
1106500	-4618.852431951656
1107000	-4553.189088305868
1107500	-5298.533987956003
1108000	-4911.542361611013
1108500	-5437.909881717674
1109000	-5733.830617498364
1109500	-4637.150928519559
1110000	-4891.207555998833
1110500	-4907.0849057523055
1111000	-4586.105114623069
1111500	-4544.10050993118
1112000	-4898.230580465362
1112500	-5089.285958077372
1113000	-5162.435803688742
1113500	-5346.043010667677
1114000	-4714.709460138591
1114500	-4650.048648529111
1115000	-4959.6705328994785
1115500	-5011.331099970636
1116000	-5116.391244631182
1116500	-4926.299468637281
1117000	-4794.178866113507
1117500	-5226.387253330049
1118000	-5114.886805687883
1118500	-5083.156688752484
1119000	-5450.149058024438
1119500	-5222.881066834371
1120000	-5305.261977345851
1120500	-6072.760106850788
1121000	-5741.833241020141
1121500	-6401.9877046334195
1122000	-5986.238054226928
1122500	-6626.370566465959
1123000	-5555.951102536192
1123500	-5319.118112356806
1124000	-5305.7949213357315
1124500	-4665.115183036368
1125000	-4835.949708647466
1125500	-4712.789249350225
1126000	-5043.469809992834
1126500	-5574.9213759812
1127000	-6358.406520425933
1127500	-4862.33556861825
1128000	-4407.25850466252
1128500	-4261.859055869998
1129000	-4490.418721115961
1129500	-6176.140220203309
1130000	-6147.3669412200525
1130500	-6049.5188547897005
1131000	-6139.247103189984
1131500	-6153.186960664022
1132000	-6109.46756027414
1132500	-6195.296624569499
1133000	-6222.883180674789
1133500	-6061.329102170546
1134000	-6004.042082963793
1134500	-5932.141774140207
1135000	-6226.959267671894
1135500	-6078.18754590145
1136000	-6233.368786174856
1136500	-6186.491516856145
1137000	-6232.945063948184
1137500	-6233.085365254647
1138000	-5845.4426800447045
1138500	-5970.245242656747
1139000	-5141.084078001193
1139500	-5868.030133749815
1140000	-6255.392043292008
1140500	-6034.984136761139
1141000	-6005.555819736658
1141500	-5108.731234479321
1142000	-5151.876867772141
1142500	-5125.488855611992
1143000	-6233.579527291849
1143500	-6233.580982120634
1144000	-6233.579759333785
1144500	-7975.151272330559
1145000	-7859.814627383333
1145500	-7980.83060730739
1146000	-7714.218433717487
1146500	-7756.422517771848
1147000	-8014.64994154295
1147500	-8014.649904365956
1148000	-8014.640757938485
1148500	-8014.649838698149
1149000	-7985.008132356554
1149500	-7915.355258465743
1150000	-7577.608741209506
1150500	-7258.355098120305
1151000	-5186.132818074017
1151500	-4538.076778950319
1152000	-5713.60681034781
1152500	-5287.468006819337
1153000	-5278.6123013057795
1153500	-5107.574233216063
1154000	-5043.723694424792
1154500	-5255.603399793749
1155000	-5246.62053585004
1155500	-5135.120632439576
1156000	-5472.2976649706425
1156500	-5646.399070227836
1157000	-5734.646934414203
1157500	-5808.584811411299
1158000	-6364.622004136493
1158500	-4773.34854033693
1159000	-4833.641513140323
1159500	-5139.954491059821
1160000	-4833.752305100558
1160500	-4392.661616482892
1161000	-4911.320769821082
1161500	-5768.8887600212765
1162000	-5887.261629875127
1162500	-5352.970322704534
1163000	-4775.577468552519
1163500	-5152.205280163635
1164000	-5205.39312645508
1164500	-5185.685335288419
1165000	-6274.077049062015
1165500	-6389.755527385129
1166000	-6454.405402529096
1166500	-6771.071080639817
1167000	-6984.498373417928
1167500	-7016.033080948411
1168000	-6652.841651785375
1168500	-6307.2187953449675
1169000	-6305.744761760978
1169500	-6648.490842682569
1170000	-6128.734296438198
1170500	-6439.439482162063
1171000	-6605.492357504555
1171500	-6669.301869206081
1172000	-6244.882191435241
1172500	-6486.89101523032
1173000	-6656.342664705732
1173500	-7269.380946340391
1174000	-7048.069576311796
1174500	-6821.260739256848
1175000	-6635.449115596143
1175500	-6332.118127870891
1176000	-6165.353542372573
1176500	-6569.00819462701
1177000	-6139.088679395805
1177500	-6505.836842644534
1178000	-6147.749390920081
1178500	-5975.267828718094
1179000	-5949.580862701007
1179500	-5384.463776909572
1180000	-5560.548580324496
1180500	-5922.7418739757
1181000	-5914.279794662892
1181500	-6073.9195352589495
1182000	-5979.5790144954135
1182500	-5892.845981930228
1183000	-6694.9665640771345
1183500	-6455.851022885223
1184000	-6642.606166274589
1184500	-6332.137873771547
1185000	-6723.204964872429
1185500	-6348.918396201833
1186000	-6455.053698237929
1186500	-5837.615799873379
1187000	-6372.737743272732
1187500	-5730.136574252441
1188000	-5626.557098458016
1188500	-5407.836853161045
1189000	-5034.721428865227
1189500	-5074.552068777826
1190000	-5027.273609722598
1190500	-5070.482288313406
1191000	-4932.028317882283
1191500	-4902.253335954609
1192000	-5291.496524913077
1192500	-5194.709354012677
1193000	-5582.172398378341
1193500	-6187.519385349605
1194000	-5917.4748421320755
1194500	-5510.007596199324
1195000	-6175.580225499393
1195500	-5879.561806351571
1196000	-6006.048493929972
1196500	-5739.222381102519
1197000	-5712.017037357703
1197500	-6087.984122192775
1198000	-6195.230088970736
1198500	-6465.500882669895
1199000	-6300.072480367752
1199500	-5939.627285920959
1200000	-5913.489550161105
1200500	-7453.057929472738
1201000	-7119.399949347963
1201500	-7464.533218541673
1202000	-7425.040848829161
1202500	-7042.32259622388
1203000	-7359.913746886008
1203500	-7077.5265417660685
1204000	-6552.185237180334
1204500	-6317.592301140597
1205000	-5639.631938072126
1205500	-5933.495995195201
1206000	-5593.909197299501
1206500	-5076.04893134777
1207000	-5056.187024536261
1207500	-5223.388039018697
1208000	-5039.993666784942
1208500	-4994.424357337331
1209000	-5036.439303636064
1209500	-5616.7850603060315
1210000	-5346.623468985629
1210500	-5526.132525203866
1211000	-5204.148655509609
1211500	-5416.047559460733
1212000	-5238.599822441925
1212500	-5283.363123547357
1213000	-5193.551042322805
1213500	-5015.507149221354
1214000	-4928.6548037202765
1214500	-4607.283473123879
1215000	-4828.614925374771
1215500	-4975.0176069988665
1216000	-4520.163775557282
1216500	-4713.43275854822
1217000	-4802.065718783859
1217500	-4610.587272666748
1218000	-4630.908387872312
1218500	-4767.089421667179
1219000	-4852.146919239548
1219500	-4852.8234445617145
1220000	-5151.997407434921
1220500	-5534.789611141686
1221000	-5455.863776583369
1221500	-5422.955844137736
1222000	-5095.858886450885
1222500	-5368.2714921437755
1223000	-4975.309815865684
1223500	-5123.875645297738
1224000	-4743.612344475315
1224500	-4872.903186033269
1225000	-4573.54239705621
1225500	-4705.628183283064
1226000	-4656.5956049226825
1226500	-4561.8194531373665
1227000	-4582.469921711446
1227500	-4490.120011826335
1228000	-4619.294444811765
1228500	-4599.83332005008
1229000	-4527.959137756601
1229500	-4621.43964504396
1230000	-4663.389423253399
1230500	-5156.402100472916
1231000	-4480.420848000145
1231500	-4554.878262346254
1232000	-4450.966112907466
1232500	-4576.006262201865
1233000	-4481.171074291453
1233500	-4893.464888402282
1234000	-5404.267565814688
1234500	-5089.775685000683
1235000	-6230.469903261006
1235500	-6226.764701842975
1236000	-5763.249917455515
1236500	-6598.187795072779
1237000	-6994.31857106238
1237500	-7055.543526443411
1238000	-7183.610560370467
1238500	-7143.98102834225
1239000	-7189.603993019669
1239500	-7268.099095707615
1240000	-7190.882702355626
1240500	-7031.467257912459
1241000	-7247.677018696982
1241500	-6616.071040389903
1242000	-7208.935856237446
1242500	-7240.983061993951
1243000	-7264.602634931007
1243500	-7267.736726123962
1244000	-7228.770376852527
1244500	-7215.113142031942
1245000	-7065.346877645448
1245500	-7115.376637355412
1246000	-6332.82816731174
1246500	-6277.1549981494745
1247000	-5987.3956072707015
1247500	-5749.391485956083
1248000	-6347.786035767633
1248500	-5515.822777068642
1249000	-6094.500125823581
1249500	-5506.273878065287
1250000	-5576.469214401078
1250500	-4590.699899540876
1251000	-4570.893416888115
1251500	-5297.023592770181
1252000	-5115.222132157507
1252500	-4723.528935756987
1253000	-4450.5499455391955
1253500	-4391.135201581125
1254000	-4417.999810722455
1254500	-4802.525646191049
1255000	-4769.350681706858
1255500	-4830.632000164475
1256000	-4839.428038405347
1256500	-4940.688375922608
1257000	-5194.856602505953
1257500	-5143.431276038731
1258000	-4836.333299122486
1258500	-4834.5744936569
1259000	-4704.84028073052
1259500	-4720.8927989844415
1260000	-4722.03326178735
1260500	-5614.344833117535
1261000	-4596.717998148847
1261500	-4859.276574922135
1262000	-4765.877249669843
1262500	-4769.684842614318
1263000	-4996.7264530925795
1263500	-5163.123235745375
1264000	-5129.049209093082
1264500	-5488.472743896365
1265000	-5559.6792741625795
1265500	-5645.45944197603
1266000	-5734.259155197598
1266500	-6159.306602287149
1267000	-5756.298508010319
1267500	-5525.301657304533
1268000	-5392.985632643657
1268500	-5027.50778714324
1269000	-5392.187381585283
1269500	-4926.399135430997
1270000	-5224.00038085716
1270500	-5343.537980112592
1271000	-6061.685277977261
1271500	-5676.196240026802
1272000	-6260.321739264733
1272500	-6214.016548929337
1273000	-6025.05400192187
1273500	-5963.7564034164825
1274000	-5937.833167082555
1274500	-5521.474377312578
1275000	-5826.610445632
1275500	-5605.078824792154
1276000	-5513.845656371425
1276500	-5342.865675503481
1277000	-5571.010691037533
1277500	-5684.899739287325
1278000	-5426.546934044152
1278500	-6055.523135655488
1279000	-5376.692813125745
1279500	-5813.858873783324
1280000	-6557.016543618668
1280500	-6928.438089156966
1281000	-7092.484817604181
1281500	-7300.584797238593
1282000	-7564.337970012733
1282500	-7247.6604044110445
1283000	-7638.792657686168
1283500	-7831.628566720216
1284000	-8153.412685364607
1284500	-8246.769839225213
1285000	-8218.118224684506
1285500	-8457.422706465426
1286000	-7977.179170429681
1286500	-7869.617897254586
1287000	-7628.300149863313
1287500	-7452.568105895885
1288000	-7426.698212796566
1288500	-7152.195200837697
1289000	-7162.608042434169
1289500	-7543.969520544912
1290000	-7726.933234384017
1290500	-7124.233394133054
1291000	-8151.531907082251
1291500	-7712.217759931384
1292000	-8597.01876997205
1292500	-9028.61209020389
1293000	-8106.844747910306
1293500	-7895.378624011683
1294000	-7657.353845286764
1294500	-8235.101773738848
1295000	-8492.906941305258
1295500	-8364.039859434415
1296000	-8165.153162622386
1296500	-7666.520336383779
1297000	-7550.693483957954
1297500	-7475.71961905034
1298000	-6882.57198126726
1298500	-6978.125703936674
1299000	-6976.617335308608
1299500	-7039.283121775215
1300000	-6659.602667854093
1300500	-6437.240323259974
1301000	-6277.551569189177
1301500	-6101.901704951157
1302000	-5670.691538020303
1302500	-5748.200904462537
1303000	-6365.399567738596
1303500	-6601.185526373608
1304000	-7104.572712522538
1304500	-7231.401314631208
1305000	-6753.676624881938
1305500	-6887.6526742108
1306000	-7190.393366095048
1306500	-7126.321117134161
1307000	-7092.43578507338
1307500	-7296.389379149425
1308000	-6887.824458632556
1308500	-6891.8483299008
1309000	-6841.408954024407
1309500	-6264.273660596546
1310000	-6111.7804340932225
1310500	-5929.378479887543
1311000	-6292.7509170612475
1311500	-5722.839023411325
1312000	-5949.137485948928
1312500	-5758.3916277731305
1313000	-5421.136279892398
1313500	-5604.164390246763
1314000	-5522.084770596419
1314500	-5748.632496102777
1315000	-5626.356876123158
1315500	-5879.449451090707
1316000	-6571.629569451505
1316500	-6651.428219644222
1317000	-7304.433365393937
1317500	-6928.554735236679
1318000	-7034.3713985873555
1318500	-7027.229676396714
1319000	-6732.648308296317
1319500	-6379.127110798004
1320000	-5920.890009007318
1320500	-5619.023199616725
1321000	-5382.988754414102
1321500	-5294.576660022476
1322000	-5364.047245281288
1322500	-5031.227011171151
1323000	-5677.534786801696
1323500	-5871.4705411738705
1324000	-5671.832943285485
1324500	-5844.619844442837
1325000	-5733.454331531128
1325500	-5320.320031856524
1326000	-5431.324253032848
1326500	-5395.296621409812
1327000	-4986.802292370588
1327500	-5296.721992301954
1328000	-5403.642081125836
1328500	-5098.049487660796
1329000	-5537.1974163850255
1329500	-5273.561398928738
1330000	-5075.534513768779
1330500	-4815.675026860269
1331000	-4876.186534387212
1331500	-4412.692973194273
1332000	-4263.775997593661
1332500	-4576.8634000750435
1333000	-4779.414697988111
1333500	-7576.547652210127
1334000	-9687.41572211958
1334500	-9242.527336582794
1335000	-9429.140140134516
1335500	-9654.219490358913
1336000	-7664.592508096613
1336500	-7598.9807312801195
1337000	-7410.764944360709
1337500	-7644.578996744379
1338000	-7497.053426770427
1338500	-7652.011945469231
1339000	-7671.653892826104
1339500	-7477.106706035151
1340000	-7631.255387158633
1340500	-7677.173416320227
1341000	-7459.767627166981
1341500	-7581.344738850662
1342000	-7639.782448120894
1342500	-7648.329017679703
1343000	-6483.663652311203
1343500	-6429.989835236431
1344000	-6368.762985339409
1344500	-6284.52874267055
1345000	-6092.111503357602
1345500	-6388.430764422587
1346000	-6377.284422754965
1346500	-6210.4114967915575
1347000	-6214.1650240895015
1347500	-6259.364378802939
1348000	-6148.009920171334
1348500	-5910.352024572163
1349000	-5473.871115800304
1349500	-5463.03650567361
1350000	-4624.281949244875
1350500	-4506.849069719836
1351000	-4306.827622070447
1351500	-4315.655248534921
1352000	-4402.6837491947235
1352500	-4520.178256440002
1353000	-4660.154107104831
1353500	-4575.203966862258
1354000	-4460.695834701767
1354500	-4551.7059001193975
1355000	-4801.6760505299
1355500	-4874.956335802562
1356000	-5058.751175072515
1356500	-5774.235074188001
1357000	-6045.756770457804
1357500	-5987.069265834413
1358000	-5665.124243566233
1358500	-6109.021222047755
1359000	-6408.1065216081
1359500	-6482.232174086352
1360000	-4931.876884150276
1360500	-4790.616111302067
1361000	-5101.324622323338
1361500	-4669.272126148535
1362000	-4727.321434818176
1362500	-4594.93545650814
1363000	-4573.7047777728085
1363500	-4843.409909356175
1364000	-4809.091555611071
1364500	-4977.666336938743
1365000	-4840.7738672590385
1365500	-5051.287280983112
1366000	-6266.0814373959565
1366500	-6324.101415743028
1367000	-6483.413315219717
1367500	-6483.58738505226
1368000	-6461.335490010862
1368500	-6483.643585996727
1369000	-6426.62070505172
1369500	-6189.622076780694
1370000	-6015.63961393236
1370500	-6047.557160869435
1371000	-5840.173193578246
1371500	-6469.0211448743485
1372000	-6416.011415563346
1372500	-6460.027487498176
1373000	-6463.113436081678
1373500	-6483.663705572887
1374000	-6483.663705671671
1374500	-6483.532994368599
1375000	-6478.2947812971715
1375500	-6483.65007259611
1376000	-6345.661050352259
1376500	-6483.663180855279
1377000	-6473.715441673456
1377500	-6295.205194289518
1378000	-5716.998544220836
1378500	-5564.407669961061
1379000	-4866.128536131744
1379500	-5177.0533294752395
1380000	-5777.508206082238
1380500	-6481.49280504384
1381000	-6483.158162673833
1381500	-6365.371793968046
1382000	-6482.244678687952
1382500	-6376.131501509489
1383000	-5770.701442483412
1383500	-5592.5036928635955
1384000	-5930.151429681579
1384500	-6092.182456890728
1385000	-5911.1327587800115
1385500	-6008.996370185754
1386000	-6110.351255657956
1386500	-6222.577227716355
1387000	-6115.261484021519
1387500	-6337.200623862505
1388000	-6316.981209999281
1388500	-6483.662954415203
1389000	-6315.436785128952
1389500	-6358.143129105038
1390000	-6426.437912678805
1390500	-6463.00308335647
1391000	-6456.971898273504
1391500	-6480.379809376712
1392000	-6247.811998968142
1392500	-4748.172284909595
1393000	-5635.841901139406
1393500	-5639.618384840474
1394000	-5976.357879292194
1394500	-6709.810702788607
1395000	-7979.228713419782
1395500	-8546.532771200153
1396000	-9416.534816313344
1396500	-9031.595863580535
1397000	-9015.18778897153
1397500	-7810.844397434449
1398000	-5774.283598677618
1398500	-5742.323242024099
1399000	-5461.676076292671
1399500	-4912.2504126348485
1400000	-4771.911993467004
1400500	-4909.7203578850085
1401000	-4806.386563929398
1401500	-4799.506452634679
1402000	-4762.656980364904
1402500	-4818.234054380848
1403000	-5412.281381637831
1403500	-5553.8937721256125
1404000	-4841.101327979195
1404500	-4811.802957478413
1405000	-4901.748997547692
1405500	-5409.5237510669995
1406000	-4772.401161943001
1406500	-5373.163654655709
1407000	-5301.139377261276
1407500	-5060.538743561399
1408000	-4796.591216515249
1408500	-4765.633696280899
1409000	-4705.716854463705
1409500	-4786.249723645507
1410000	-5277.098730839898
1410500	-4999.6024983379775
1411000	-4861.772236833285
1411500	-5204.921780981289
1412000	-5091.782572419608
1412500	-6125.8859304948555
1413000	-5760.86104531395
1413500	-4853.747647616562
1414000	-5410.450684935036
1414500	-5779.531811729272
1415000	-5101.051272368401
1415500	-4987.839690829699
1416000	-4821.312789847451
1416500	-4786.903228938097
1417000	-5038.617981362758
1417500	-4641.966364794243
1418000	-5339.784180031305
1418500	-5338.572825779008
1419000	-5716.300831385532
1419500	-4844.8749472017225
1420000	-4982.870868206628
1420500	-4790.195841963872
1421000	-4852.968146272235
1421500	-4848.439415567103
1422000	-5059.395209322295
1422500	-5000.647112830919
1423000	-5611.069850803174
1423500	-5459.654028229427
1424000	-5061.141241183917
1424500	-5033.377674754688
1425000	-4712.167951143316
1425500	-4449.602674486313
1426000	-4789.877243771912
1426500	-4819.897264234403
1427000	-4798.352419495108
1427500	-5015.52091020543
1428000	-6610.683821964111
1428500	-7022.034979355658
1429000	-6619.21104781226
1429500	-5051.852805753794
1430000	-4809.16550719163
1430500	-6588.564389120051
1431000	-6602.143924833114
1431500	-6568.759147725875
1432000	-6599.803892971486
1432500	-4725.372866230108
1433000	-4760.199804211905
1433500	-5012.429563085395
1434000	-5059.3392825203955
1434500	-5059.70974353494
1435000	-4898.387589471819
1435500	-4990.822253053606
1436000	-5372.412003180285
1436500	-5394.288749932908
1437000	-5616.329583717803
1437500	-5169.067453488704
1438000	-4611.154909923179
1438500	-4811.622774273534
1439000	-4771.533750808391
1439500	-4558.027016118013
1440000	-4711.464342040561
1440500	-4602.405831529995
1441000	-4717.6649050417045
1441500	-4860.217445969441
1442000	-5094.432945170093
1442500	-5040.3985388825195
1443000	-4793.729253331746
1443500	-5468.452832568065
1444000	-5955.320921978218
1444500	-5005.1460822994195
1445000	-4958.133876843525
1445500	-6513.297329371722
1446000	-5979.34450423283
1446500	-5648.700745477941
1447000	-5507.16239296356
1447500	-5247.610097589494
1448000	-4993.659591213919
1448500	-4955.9315621867145
1449000	-4818.89826909685
1449500	-4477.747522094224
1450000	-4493.620087204285
1450500	-4528.516746350902
1451000	-4845.4946121330795
1451500	-4739.969091006565
1452000	-4563.189914404354
1452500	-4552.664400586932
1453000	-5073.001764899843
1453500	-4769.786197084203
1454000	-4553.630497116856
1454500	-4937.062607118373
1455000	-5084.297124999775
1455500	-5884.436514240118
1456000	-6617.527181808508
1456500	-6086.377988584473
1457000	-6637.3727538009325
1457500	-8389.918950396535
1458000	-8455.582174211631
1458500	-6281.749884920519
1459000	-6279.028399374223
1459500	-6257.839220494683
1460000	-6278.735699820383
1460500	-6235.964603559684
1461000	-6252.079358041984
1461500	-6232.361492426077
1462000	-6019.4872375241985
1462500	-5866.407621423236
1463000	-6201.886549268305
1463500	-6286.918973143297
1464000	-6286.921019032477
1464500	-6286.920952053112
1465000	-6286.926295437196
1465500	-6286.9194106912355
1466000	-6286.918747484547
1466500	-6250.545009996366
1467000	-6077.921043764602
1467500	-5856.609133701457
1468000	-6236.130969451979
1468500	-6138.047703953865
1469000	-6283.0646865784265
1469500	-6286.809764630319
1470000	-6274.280262938388
1470500	-6085.640602895543
1471000	-5725.418449818547
1471500	-5846.442140729731
1472000	-5993.243710073522
1472500	-6286.875707621231
1473000	-6225.809420030913
1473500	-6253.920142967246
1474000	-6129.297051950184
1474500	-6148.1462910157725
1475000	-6228.431360846172
1475500	-6193.395226746409
1476000	-6281.090610338257
1476500	-6244.2030608991645
1477000	-6283.235455864143
1477500	-6176.333810342067
1478000	-5973.693970603227
1478500	-6264.903110996779
1479000	-6364.594576348507
1479500	-5973.573483513369
1480000	-5938.004360451539
1480500	-6286.921676288521
1481000	-6256.974975819102
1481500	-6161.190212980212
1482000	-4882.041473144761
1482500	-4592.0841421092655
1483000	-5788.869811937592
1483500	-4656.587720469167
1484000	-4788.12687708788
1484500	-5685.0619728151005
1485000	-6023.5367971663
1485500	-5808.611131668132
1486000	-5933.1572976537245
1486500	-5951.932449408955
1487000	-5895.193404396459
1487500	-6166.118530565653
1488000	-6010.359274770815
1488500	-6079.067538995061
1489000	-6243.4867931136
1489500	-6039.394802959984
1490000	-7812.257931998264
1490500	-7644.219065459611
1491000	-7545.324614712646
1491500	-7771.538434455345
1492000	-6605.336696704402
1492500	-6400.850100238266
1493000	-6372.973735713677
1493500	-5666.170672011995
1494000	-5390.556120649737
1494500	-6507.11561124034
1495000	-5881.3530160006885
1495500	-6271.619817205841
1496000	-6770.348442257743
1496500	-6391.981878256493
1497000	-6864.232100931146
1497500	-7165.668019742586
1498000	-6189.081134094734
1498500	-5948.665922480535
1499000	-5489.980351095385
1499500	-5843.491795275994
1500000	-6263.458991789946
