Sample	likelihood
0	-3435.060993023041
500	-3430.3384525767337
1000	-3441.2803692724456
1500	-3439.1709994813623
2000	-3437.1052647594724
2500	-3452.790402291343
3000	-3444.446544036589
3500	-3445.0872819962806
4000	-3446.841356863184
4500	-3449.053790240376
5000	-3453.2270663672994
5500	-3460.070821982309
6000	-3452.284222631965
6500	-3468.4904742971808
7000	-3446.4159955418886
7500	-3437.0718858264395
8000	-3443.817972938062
8500	-3441.9827294909405
9000	-3437.033139317937
9500	-3438.501841961977
10000	-3433.1779250384743
10500	-3448.3073588280436
11000	-3443.4331255696557
11500	-3448.7035332690766
12000	-3437.679550582725
12500	-3436.7641993987786
13000	-3430.9829729586504
13500	-3436.4021391499073
14000	-3435.008888393118
14500	-3430.6791550867492
15000	-3435.2439173492394
15500	-3431.481235490116
16000	-3432.5665117023104
16500	-3431.9405863537527
17000	-3430.792874123237
17500	-3427.919814948757
18000	-3435.9273416019773
18500	-3438.2182090350893
19000	-3431.724747286532
19500	-3429.310548080225
20000	-3437.208986920363
20500	-3429.646146158207
21000	-3430.4532082403434
21500	-3437.660497287985
22000	-3430.6107887401363
22500	-3453.223212981429
23000	-3429.7330853294893
23500	-3430.8543255054324
24000	-3442.289580645587
24500	-3436.5768510433
25000	-3441.549055033253
25500	-3428.461528338956
26000	-3430.3025014308787
26500	-3428.000835836203
27000	-3431.2666164639795
27500	-3430.410036700581
28000	-3442.076963663798
28500	-3427.655638047487
29000	-3436.4023634130417
29500	-3427.324927054538
30000	-3438.1913700425666
30500	-3431.903904138573
31000	-3439.11339639104
31500	-3452.748117655249
32000	-3433.0827929742454
32500	-3437.156058542549
33000	-3450.9415350586623
33500	-3434.5436113325013
34000	-3439.001471273057
34500	-3431.72218262802
35000	-3450.901202873602
35500	-3437.7686379722577
36000	-3432.9939897308705
36500	-3430.6747396218507
37000	-3432.822605261724
37500	-3441.1292387748276
38000	-3439.8912949905994
38500	-3445.4023426565554
39000	-3446.936614912104
39500	-3432.7862169708583
40000	-3454.0988990352307
40500	-3439.160937068812
41000	-3445.834027800524
41500	-3457.007459645094
42000	-3438.4592355366713
42500	-3427.165948055091
43000	-3431.2537842150564
43500	-3446.7240581898536
44000	-3440.5724314635727
44500	-3439.8813207540215
45000	-3431.475239373493
45500	-3425.7523006873153
46000	-3435.174997838069
46500	-3431.7462824312493
47000	-3424.972485601001
47500	-3428.1668104511514
48000	-3429.964623222559
48500	-3439.982822255756
49000	-3436.1178413924663
49500	-3426.8804703291603
50000	-3444.2706981286015
50500	-3442.433125569418
51000	-3436.023568608306
51500	-3441.044538961315
52000	-3432.4211755031774
52500	-3440.7594773091814
53000	-3440.338958088182
53500	-3425.303524965378
54000	-3434.628731340057
54500	-3434.2634248228414
55000	-3432.2330707585884
55500	-3446.8470958089106
56000	-3440.907104144143
56500	-3451.083787901622
57000	-3444.6758004198014
57500	-3437.171002777452
58000	-3452.4247197044165
58500	-3447.290226174999
59000	-3431.27051568427
59500	-3433.3290681565604
60000	-3438.68978019957
60500	-3442.1393969839082
61000	-3435.704327551599
61500	-3424.1582862332484
62000	-3435.571719202529
62500	-3449.7745253380244
63000	-3437.497051661469
63500	-3437.9495970629114
64000	-3429.94970981625
64500	-3444.285403110834
65000	-3427.2513690112555
65500	-3436.8794056874312
66000	-3435.3011117266906
66500	-3442.6804902900412
67000	-3434.038939138395
67500	-3433.5709072313625
68000	-3441.9537004578615
68500	-3440.7076555540502
69000	-3460.323733950385
69500	-3462.787640721204
70000	-3451.346425880928
70500	-3457.06717943047
71000	-3442.656709858206
71500	-3441.3588291427136
72000	-3465.1241947646904
72500	-3450.6638327979013
73000	-3445.176310970406
73500	-3435.9381401145115
74000	-3437.5929288493303
74500	-3441.564789949296
75000	-3445.8208829778014
75500	-3447.8511060238516
76000	-3448.790060762017
76500	-3453.166295308329
77000	-3465.9694387697914
77500	-3455.9781092534768
78000	-3446.2274141575513
78500	-3455.858362738207
79000	-3454.815807788262
79500	-3451.8305431349227
80000	-3438.812375063394
80500	-3444.7640502249724
81000	-3450.8952965308063
81500	-3443.1245523396433
82000	-3453.772225591922
82500	-3433.740150256806
83000	-3451.97192322661
83500	-3436.613878575647
84000	-3423.5941344300804
84500	-3444.0046191382235
85000	-3423.435078803613
85500	-3447.0290232793636
86000	-3440.4497184145052
86500	-3445.7488000909293
87000	-3446.9826591655583
87500	-3432.232215595968
88000	-3435.741300078989
88500	-3437.258967284944
89000	-3446.0178842559535
89500	-3434.0082822655777
90000	-3441.652687163453
90500	-3432.1012299222534
91000	-3433.756586564848
91500	-3427.488984259807
92000	-3430.976869823027
92500	-3443.544019317223
93000	-3443.8213914501957
93500	-3422.45233134981
94000	-3435.666164158571
94500	-3437.6562362832756
95000	-3442.263148869579
95500	-3450.277309850825
96000	-3447.861367879773
96500	-3459.816144790098
97000	-3439.4499337082734
97500	-3435.795423799486
98000	-3438.7873283002846
98500	-3434.6494762213556
99000	-3431.516326998031
99500	-3449.0821362585243
100000	-3433.1594689670123
100500	-3436.352094287711
101000	-3440.12216658289
101500	-3445.778940278847
102000	-3425.355631334257
102500	-3434.0103947782277
103000	-3439.9786656470187
103500	-3427.982762089833
104000	-3425.5444221380003
104500	-3442.178954580454
105000	-3425.7124506258097
105500	-3433.416516584678
106000	-3441.8569271681613
106500	-3429.7390489820336
107000	-3438.5229374127616
107500	-3432.572940435888
108000	-3422.8988324143734
108500	-3433.007577619039
109000	-3426.987672156725
109500	-3439.824862613944
110000	-3443.867604778846
110500	-3432.1762333153983
111000	-3442.4774873012766
111500	-3449.4187554779614
112000	-3450.1228462918593
112500	-3432.238163376007
113000	-3434.6227849278857
113500	-3439.340920452506
114000	-3433.304005974564
114500	-3440.3205135450708
115000	-3432.4645083029513
115500	-3442.537076736041
116000	-3434.0665325361383
116500	-3436.2151844254686
117000	-3435.1202209981225
117500	-3433.828208970339
118000	-3457.479918997264
118500	-3451.0911649259538
119000	-3440.600084928504
119500	-3446.3153798528956
120000	-3460.996052118576
120500	-3443.0572317924357
121000	-3438.0648172985275
121500	-3449.7248106711095
122000	-3437.8359635159286
122500	-3449.3212992240506
123000	-3439.1643572356425
123500	-3440.2153540330805
124000	-3432.5437934224988
124500	-3434.1920326448862
125000	-3429.1226152664335
125500	-3420.450111513891
126000	-3431.2529956026497
126500	-3435.791293623299
127000	-3431.439342532128
127500	-3435.374022291755
128000	-3425.9734511516
128500	-3432.24005236944
129000	-3426.846835878031
129500	-3436.0149304244514
130000	-3447.3034003016924
130500	-3438.1367061405
131000	-3430.7346397126366
131500	-3429.4560695096243
132000	-3429.2582885188776
132500	-3440.9566291375786
133000	-3424.973949827691
133500	-3429.31506233871
134000	-3431.8334905140705
134500	-3440.6637921891684
135000	-3457.7970776832813
135500	-3439.328904334573
136000	-3441.3798034374568
136500	-3439.0256316526657
137000	-3450.9602460831397
137500	-3439.1586129166303
138000	-3446.5908664947897
138500	-3444.753690028764
139000	-3438.0955928899334
139500	-3445.721931149321
140000	-3453.9723761395994
140500	-3442.9497045501944
141000	-3446.6149713780756
141500	-3446.660322117203
142000	-3460.2758696196215
142500	-3444.5565036114035
143000	-3449.2083179378
143500	-3448.5717052072446
144000	-3443.777716502214
144500	-3451.6042403169836
145000	-3449.9769110727234
145500	-3466.0274714484217
146000	-3458.4805355806634
146500	-3451.7794894879726
147000	-3451.4622948610418
147500	-3443.8940272589207
148000	-3459.611269271861
148500	-3448.5935890356773
149000	-3446.8864174843548
149500	-3452.7513261272957
150000	-3430.3283433578636
150500	-3426.583081549406
151000	-3430.932832334344
151500	-3435.5083147184732
152000	-3447.7129253695416
152500	-3454.292600717982
153000	-3440.22738131996
153500	-3439.8811073327347
154000	-3438.728855281546
154500	-3449.2184898870223
155000	-3435.950089588224
155500	-3441.0900672984403
156000	-3438.666710028343
156500	-3441.5703361446203
157000	-3437.122678157455
157500	-3441.765655010717
158000	-3447.5559186562778
158500	-3431.9213666535215
159000	-3448.3715481950917
159500	-3442.958203404887
160000	-3454.8644730548885
160500	-3459.9220665922144
161000	-3457.136214992067
161500	-3439.8569840722885
162000	-3440.091313481371
162500	-3446.0388612210118
163000	-3448.128843542111
163500	-3447.195677866799
164000	-3446.8820674031963
164500	-3435.916862929011
165000	-3446.6923131747985
165500	-3439.4992705537256
166000	-3445.6281048103583
166500	-3455.5241817809415
167000	-3456.6080198604486
167500	-3446.90951747104
168000	-3443.1178247057906
168500	-3449.9770080151293
169000	-3459.9126178393317
169500	-3452.2558484122833
170000	-3442.030632605147
170500	-3444.7384236891953
171000	-3447.8473364854203
171500	-3442.1988055636866
172000	-3441.781050156938
172500	-3441.597006214319
173000	-3435.9206926652464
173500	-3447.56450623607
174000	-3433.6975033882195
174500	-3440.2699707799907
175000	-3438.303281511634
175500	-3431.2690338374264
176000	-3432.6581634161166
176500	-3435.4418996827053
177000	-3454.6314062699385
177500	-3442.6652184496093
178000	-3449.510084162365
178500	-3441.1859795334462
179000	-3447.254937071078
179500	-3451.970832208003
180000	-3459.4436258506703
180500	-3451.0629250432903
181000	-3456.1801129986748
181500	-3445.7068224637715
182000	-3453.795467968875
182500	-3467.965356185123
183000	-3448.013625690923
183500	-3452.1488020030106
184000	-3459.9069942424394
184500	-3442.4803441822874
185000	-3443.052403494553
185500	-3452.6319752656345
186000	-3437.422824399197
186500	-3442.4294435562833
187000	-3437.8287974801506
187500	-3445.097544551846
188000	-3439.8070774688613
188500	-3440.0633669548793
189000	-3437.4912193222744
189500	-3435.77286538369
190000	-3432.8725187900573
190500	-3442.7465742966483
191000	-3432.838757359425
191500	-3434.0020747314775
192000	-3451.286003616189
192500	-3440.526177149625
193000	-3444.37444949524
193500	-3438.641034140224
194000	-3424.67517970577
194500	-3438.9983403767565
195000	-3430.6710319218487
195500	-3440.5099960945045
196000	-3431.272182216447
196500	-3428.033943341414
197000	-3431.82642633303
197500	-3432.4108582247386
198000	-3428.923301531864
198500	-3422.4243211152843
199000	-3433.763352282481
199500	-3424.597640594626
200000	-3420.8255065253184
200500	-3433.2762620032036
201000	-3431.0929191200366
201500	-3437.140382298788
202000	-3435.202838200484
202500	-3430.990461098527
203000	-3453.305043386769
203500	-3446.037098678802
204000	-3448.8578881609797
204500	-3451.462158135326
205000	-3451.9984332991444
205500	-3435.634444353472
206000	-3441.292810997638
206500	-3444.8176144244
207000	-3442.736557923171
207500	-3447.862881062473
208000	-3444.5626145655506
208500	-3443.1875504706363
209000	-3445.663022671382
209500	-3438.904043761584
210000	-3452.6745467730966
210500	-3437.376110486198
211000	-3445.8225344972975
211500	-3449.621824790257
212000	-3448.2571344639814
212500	-3440.471191496531
213000	-3449.5055456952455
213500	-3448.7669804182756
214000	-3449.4111677628007
214500	-3449.637255888984
215000	-3444.6772468455333
215500	-3439.016148049554
216000	-3441.1065058671797
216500	-3441.536971159268
217000	-3438.3245838384028
217500	-3452.890951794838
218000	-3439.8944610214994
218500	-3439.7347065648532
219000	-3449.8864020619603
219500	-3451.3660526531357
220000	-3456.2777107163765
220500	-3462.9789559624187
221000	-3460.875082087013
221500	-3452.2147566869476
222000	-3456.4768690928845
222500	-3453.199269234758
223000	-3450.122236508154
223500	-3441.9373323347972
224000	-3444.6392890228117
224500	-3437.6307800335476
225000	-3434.2679885066354
225500	-3450.1541523755086
226000	-3437.1713027717637
226500	-3441.658453158062
227000	-3451.4757062474223
227500	-3459.0637745895497
228000	-3438.6597132214383
228500	-3433.283160114541
229000	-3434.614846771785
229500	-3432.5225720024114
230000	-3456.8638411890156
230500	-3434.2574218957247
231000	-3440.4395027082405
231500	-3445.0209089554537
232000	-3444.1980621608363
232500	-3427.6050792317983
233000	-3443.5556849449486
233500	-3427.1224177201966
234000	-3434.0512893318346
234500	-3434.62254674772
235000	-3425.897511318879
235500	-3427.8482338908493
236000	-3428.2636432650293
236500	-3436.1998837082806
237000	-3426.982590137789
237500	-3436.6056018221193
238000	-3439.346806662555
238500	-3438.9580207393974
239000	-3458.5073523869823
239500	-3451.5818109155216
240000	-3447.560190284626
240500	-3444.137878957281
241000	-3441.77129568702
241500	-3443.1541725937814
242000	-3433.06648419281
242500	-3422.3499200557994
243000	-3423.5517801451865
243500	-3429.7143567750795
244000	-3437.9583518992854
244500	-3424.9509738372262
245000	-3438.8076803110525
245500	-3454.277479300825
246000	-3438.919529523807
246500	-3438.0865945250102
247000	-3440.3006644669863
247500	-3436.7189808972767
248000	-3459.3720001174256
248500	-3449.7041948704477
249000	-3452.6327307948814
249500	-3440.6316956583664
250000	-3438.3454234018836
250500	-3449.2924936082345
251000	-3446.866849943053
251500	-3440.5820911664387
252000	-3437.259408973656
252500	-3445.9908812467006
253000	-3449.787220659414
253500	-3433.3501697853894
254000	-3420.864188455893
254500	-3431.7334727646407
255000	-3434.6842512143803
255500	-3435.51361147409
256000	-3440.7187266392775
256500	-3428.5022995617046
257000	-3427.7088543543287
257500	-3434.1041717396274
258000	-3437.1933014770143
258500	-3438.181430005367
259000	-3428.979363849115
259500	-3430.619922278202
260000	-3437.1586332476813
260500	-3431.015258435238
261000	-3431.476852594511
261500	-3427.061622556559
262000	-3437.700964245332
262500	-3441.4897916711047
263000	-3422.771663233499
263500	-3430.7008944413565
264000	-3434.254938737296
264500	-3429.836913077106
265000	-3437.8571934685724
265500	-3431.2119492134307
266000	-3436.0399243342
266500	-3437.64055655648
267000	-3436.213477412897
267500	-3444.988279868354
268000	-3438.394413469379
268500	-3424.1784962805364
269000	-3432.5509197768206
269500	-3424.0529092805605
270000	-3430.5934105817205
270500	-3432.152586473857
271000	-3438.796198044909
271500	-3428.5032513322676
272000	-3422.3711617350054
272500	-3429.055745951892
273000	-3443.8413072278836
273500	-3431.849537606398
274000	-3439.471069419596
274500	-3436.9210503942104
275000	-3431.4503357124995
275500	-3444.4024616536854
276000	-3456.8640433988053
276500	-3428.1869352574267
277000	-3431.6966433903754
277500	-3430.177641319645
278000	-3434.8291856789597
278500	-3436.843503419801
279000	-3444.4683707595136
279500	-3429.456036862519
280000	-3430.3906161329624
280500	-3423.8621261927588
281000	-3426.8401905781307
281500	-3425.1609936716272
282000	-3432.6260021645244
282500	-3437.4055834967703
283000	-3426.700621941274
283500	-3444.973532810077
284000	-3427.2797550021983
284500	-3446.707772157245
285000	-3451.8061112320843
285500	-3431.270074826626
286000	-3427.6177559080934
286500	-3436.6172461573155
287000	-3431.403468126991
287500	-3434.6339047979372
288000	-3432.705581526847
288500	-3432.0214705981516
289000	-3438.9365272928485
289500	-3430.7271829212823
290000	-3433.0607682324494
290500	-3427.217020053751
291000	-3425.4748060369902
291500	-3430.1076807591294
292000	-3420.0728807270557
292500	-3428.377358874413
293000	-3424.9834773073476
293500	-3437.792038177222
294000	-3435.4365082420436
294500	-3440.145156152816
295000	-3421.55877616134
295500	-3425.6989303215432
296000	-3433.1635324461868
296500	-3434.7408743083183
297000	-3424.0961865018025
297500	-3427.932359610192
298000	-3441.5033125406167
298500	-3426.5589888383242
299000	-3424.364065045833
299500	-3420.27844951751
300000	-3425.3395061327037
300500	-3427.9667548645966
301000	-3429.9414753125357
301500	-3426.8102021147693
302000	-3430.4673992484286
302500	-3426.911926308019
303000	-3421.652829922828
303500	-3435.306829305688
304000	-3421.6269187683642
304500	-3434.928456088276
305000	-3425.4711383708345
305500	-3425.9688651608108
306000	-3431.1295293693556
306500	-3419.274368995348
307000	-3433.1475470422247
307500	-3425.97653207365
308000	-3429.147085916183
308500	-3425.9423054323975
309000	-3434.316113066041
309500	-3450.237133637425
310000	-3456.8417598158017
310500	-3443.1324994273386
311000	-3449.131422653532
311500	-3442.3403905239243
312000	-3452.4872733678812
312500	-3448.4508240069663
313000	-3454.2675718785918
313500	-3449.4295255207035
314000	-3449.431030357406
314500	-3444.769192690329
315000	-3448.6484901325152
315500	-3446.3521053439767
316000	-3438.4316723196243
316500	-3448.201822069858
317000	-3437.6777352959866
317500	-3442.12511600806
318000	-3438.1465471711335
318500	-3442.6065032004294
319000	-3424.597147131343
319500	-3430.8584792255824
320000	-3435.7469089419133
320500	-3443.9948118858406
321000	-3448.495138647885
321500	-3463.5866812306117
322000	-3450.3718291534956
322500	-3445.3677500031454
323000	-3432.7229248168937
323500	-3426.4690688678456
324000	-3434.8377197609334
324500	-3440.4913994947383
325000	-3426.530931141872
325500	-3417.3602623757624
326000	-3427.5229582828274
326500	-3439.106318100515
327000	-3432.0396913302106
327500	-3430.7114090687337
328000	-3440.5976285480274
328500	-3461.3472773538424
329000	-3446.6872375408025
329500	-3444.2978889175706
330000	-3436.1937860373014
330500	-3427.9188962935636
331000	-3435.918600839886
331500	-3443.5909527812764
332000	-3436.370946020399
332500	-3450.512964077942
333000	-3433.409625661248
333500	-3432.570238294708
334000	-3435.5782737811764
334500	-3427.6826725836136
335000	-3437.889441586687
335500	-3428.293615956965
336000	-3426.193409148058
336500	-3433.120450491402
337000	-3438.6768416314803
337500	-3432.687432473678
338000	-3433.7757138263596
338500	-3432.602194472115
339000	-3433.6955540878985
339500	-3438.5256242587984
340000	-3442.0916309293084
340500	-3436.365404954014
341000	-3442.0477474196714
341500	-3442.08907711585
342000	-3440.461308685806
342500	-3441.570981478257
343000	-3438.6712541475904
343500	-3436.5570590396887
344000	-3431.356870250511
344500	-3448.4364686618674
345000	-3442.7881813400595
345500	-3451.818972410122
346000	-3456.595785071963
346500	-3458.071813870952
347000	-3437.442407426024
347500	-3442.382750728503
348000	-3431.6002592614423
348500	-3432.581422441702
349000	-3446.4619008725917
349500	-3437.651780337636
350000	-3428.9854659019247
350500	-3439.112463566362
351000	-3434.6772647162834
351500	-3440.026487578851
352000	-3426.1324329880126
352500	-3421.9151562550314
353000	-3429.6573570870073
353500	-3436.9108259171016
354000	-3434.4818451355
354500	-3432.7348176455207
355000	-3428.5689251286212
355500	-3441.6296916896517
356000	-3430.4701487306465
356500	-3432.2638998986267
357000	-3437.6714265029223
357500	-3431.6080769682835
358000	-3439.3819235427804
358500	-3434.8541927548567
359000	-3432.24186042498
359500	-3429.085181601758
360000	-3422.8150209280507
360500	-3428.869051556771
361000	-3429.7689594718895
361500	-3441.2716321021576
362000	-3445.413355541342
362500	-3445.3562074760143
363000	-3437.266382702545
363500	-3440.094149321579
364000	-3444.8468458712423
364500	-3444.584286033522
365000	-3449.259310893466
365500	-3446.5896487787027
366000	-3457.0856984883007
366500	-3457.2890882532383
367000	-3443.076442843515
367500	-3438.1008839583606
368000	-3450.6367290505755
368500	-3454.4560693857343
369000	-3439.14565600668
369500	-3438.220639737857
370000	-3435.0816682433588
370500	-3437.72354858225
371000	-3451.9269229857578
371500	-3425.52119794151
372000	-3438.235662202441
372500	-3458.5541878816744
373000	-3461.6966322970607
373500	-3454.858909178557
374000	-3440.2393820044745
374500	-3439.4773886134576
375000	-3437.348731874634
375500	-3435.7386486899522
376000	-3443.4010949627977
376500	-3436.058156690276
377000	-3440.765113911342
377500	-3444.5444667137167
378000	-3453.906900740241
378500	-3471.860617280666
379000	-3476.61856516391
379500	-3456.281403441844
380000	-3449.599103135661
380500	-3443.907819495125
381000	-3442.2655575455206
381500	-3450.6740680756575
382000	-3448.0200709661735
382500	-3440.0383136630862
383000	-3446.361959680534
383500	-3445.730221077698
384000	-3455.5851089562175
384500	-3460.2122415692893
385000	-3441.6217131029453
385500	-3431.1736432965617
386000	-3440.654019823055
386500	-3445.284925524333
387000	-3432.206068705109
387500	-3438.3318061198356
388000	-3433.1487934319957
388500	-3438.065891481022
389000	-3433.5618556855984
389500	-3442.571985560146
390000	-3442.662056437036
390500	-3455.8097648463236
391000	-3456.839821233961
391500	-3439.494249066119
392000	-3438.671917474957
392500	-3441.3926566172354
393000	-3445.5526107745136
393500	-3463.357466229833
394000	-3434.9446649149577
394500	-3445.7720077721096
395000	-3441.7756236238006
395500	-3454.1137372140292
396000	-3452.9196647771496
396500	-3454.0902875621077
397000	-3455.7878909407773
397500	-3439.7895845820826
398000	-3449.7612250004827
398500	-3442.1971310787076
399000	-3440.3746502620393
399500	-3447.011753494259
400000	-3444.727340617098
400500	-3446.6710786614694
401000	-3445.305492333309
401500	-3445.4058273662117
402000	-3452.33966059342
402500	-3436.5143095692965
403000	-3448.878387529501
403500	-3433.520338452287
404000	-3431.8450949300786
404500	-3437.8871612556263
405000	-3442.782898679146
405500	-3444.377178832902
406000	-3440.022780193347
406500	-3431.1293368359666
407000	-3434.4038557783
407500	-3440.668041396129
408000	-3436.049780904474
408500	-3426.0370560909587
409000	-3436.6289339102473
409500	-3436.1937605787607
410000	-3436.7255438047396
410500	-3441.94541388457
411000	-3456.753695701282
411500	-3438.7640491628135
412000	-3436.2632260967594
412500	-3430.990458940729
413000	-3438.1084324990143
413500	-3433.3692360258565
414000	-3430.210995798811
414500	-3433.7555263119007
415000	-3436.8112993026634
415500	-3430.7241977055724
416000	-3428.7188319653606
416500	-3430.725699427532
417000	-3426.4036016532336
417500	-3432.093110139669
418000	-3424.58968791953
418500	-3435.8066716282997
419000	-3438.3727890547507
419500	-3437.83695803497
420000	-3434.7952332280774
420500	-3432.831044853425
421000	-3424.902632068957
421500	-3439.145545476367
422000	-3444.0078973611166
422500	-3440.893380321295
423000	-3440.521855181035
423500	-3436.5019024387984
424000	-3438.5810230246493
424500	-3437.4101618330665
425000	-3445.4903869975124
425500	-3435.322321235273
426000	-3440.337508535797
426500	-3455.082078283955
427000	-3431.3438071025
427500	-3433.3283276999055
428000	-3425.865810856658
428500	-3437.6352897314605
429000	-3437.16320509911
429500	-3432.449030775526
430000	-3451.546911098744
430500	-3444.0185551519735
431000	-3440.2311413847838
431500	-3435.119648948778
432000	-3436.9760722858823
432500	-3430.532518324981
433000	-3432.706304087783
433500	-3453.607798898069
434000	-3435.4584823192477
434500	-3443.1877307699556
435000	-3436.957059996268
435500	-3430.3281122962867
436000	-3430.5549984780896
436500	-3431.480403504134
437000	-3429.075408130314
437500	-3438.218813220748
438000	-3435.2417222191375
438500	-3447.1649304888115
439000	-3433.092650774023
439500	-3449.0377419017805
440000	-3436.2540427049153
440500	-3433.384657250437
441000	-3427.7855968240424
441500	-3436.7470459618958
442000	-3438.169891873017
442500	-3426.0507617569106
443000	-3436.999053398374
443500	-3426.7730175668494
444000	-3432.13787344058
444500	-3427.8666619701407
445000	-3435.7994756227386
445500	-3428.9960627494993
446000	-3421.8619211570517
446500	-3435.2233970583834
447000	-3432.2391525841113
447500	-3439.1385012947285
448000	-3439.979596205209
448500	-3432.3750160771765
449000	-3437.2504084515776
449500	-3437.3791243056503
450000	-3440.5303005176365
450500	-3429.175967946159
451000	-3439.701591790611
451500	-3438.8775587238656
452000	-3435.6638911275795
452500	-3434.9730339355883
453000	-3431.0032274111372
453500	-3436.593410421323
454000	-3436.5986700082635
454500	-3434.3474071057194
455000	-3454.8919520265094
455500	-3454.185836398586
456000	-3441.799936149973
456500	-3433.8188682797563
457000	-3435.0156261599245
457500	-3438.6861145671596
458000	-3427.520333752962
458500	-3425.4433038121656
459000	-3429.2661898368915
459500	-3427.8136161686907
460000	-3430.4681773514267
460500	-3428.9337238963894
461000	-3442.070964195776
461500	-3426.9997469957807
462000	-3427.3934611188433
462500	-3424.8878774396157
463000	-3435.232938326706
463500	-3429.499359348857
464000	-3433.6702515558286
464500	-3425.5934854114207
465000	-3435.3159067612805
465500	-3436.1354471335876
466000	-3435.3585782307846
466500	-3437.983278940817
467000	-3433.925474896571
467500	-3435.1539897894813
468000	-3435.5744624507133
468500	-3435.6825010047974
469000	-3432.908310705719
469500	-3434.9750042759206
470000	-3431.1149493960907
470500	-3435.3356094356095
471000	-3437.9422136530857
471500	-3440.9217165369123
472000	-3450.5550667928246
472500	-3436.8828913432244
473000	-3446.6250401974053
473500	-3437.2190074935493
474000	-3425.9464329845227
474500	-3448.7685095430597
475000	-3428.854787197275
475500	-3435.3363058821333
476000	-3445.846476386548
476500	-3436.3834356294287
477000	-3439.320698867896
477500	-3433.412487832553
478000	-3433.5427844374985
478500	-3436.0332377859613
479000	-3450.689775741741
479500	-3448.0086743675947
480000	-3448.677343431304
480500	-3438.1382331071286
481000	-3433.4314881592836
481500	-3447.0938800616723
482000	-3443.421387716527
482500	-3435.6477566638805
483000	-3434.7356683647804
483500	-3436.7767938274324
484000	-3437.8041392935193
484500	-3424.5807970112965
485000	-3439.41013167384
485500	-3446.2086945466876
486000	-3433.5695575828017
486500	-3448.0275281101326
487000	-3444.365321332294
487500	-3442.286486353473
488000	-3442.340781612247
488500	-3432.36261835189
489000	-3441.89607081804
489500	-3443.2897956775905
490000	-3436.4577166393287
490500	-3431.78656756692
491000	-3442.6288860502577
491500	-3436.7989061986273
492000	-3440.61957495184
492500	-3440.6008057907643
493000	-3452.8089426546753
493500	-3455.031669707965
494000	-3460.1994465618354
494500	-3464.4466873357537
495000	-3457.3901720488443
495500	-3469.6775207068235
496000	-3458.8683621451682
496500	-3459.4089292458316
497000	-3452.610584624069
497500	-3455.592905139791
498000	-3466.7748094613594
498500	-3464.8996201790787
499000	-3444.114317843788
499500	-3437.9456785748603
500000	-3434.438864639332
500500	-3442.0940629955694
501000	-3447.1031383008653
501500	-3442.0229401390043
502000	-3438.862148502198
502500	-3451.4124465268414
503000	-3461.050825728822
503500	-3444.0505990454567
504000	-3438.8500685985878
504500	-3451.5520116376747
505000	-3437.0104563908803
505500	-3442.4648318027043
506000	-3435.4209063472035
506500	-3433.435920006056
507000	-3439.8112251999705
507500	-3431.351026322056
508000	-3441.764720599608
508500	-3445.0464597907753
509000	-3436.510311016857
509500	-3440.9795734903287
510000	-3436.3669004645676
510500	-3450.529923390359
511000	-3441.9963423922272
511500	-3440.7869577157794
512000	-3435.7557556591196
512500	-3438.880959733547
513000	-3435.8767849324495
513500	-3442.474734216305
514000	-3443.2808833006434
514500	-3443.1902275621137
515000	-3445.587825177172
515500	-3438.754836902856
516000	-3441.52251953587
516500	-3445.4515695211003
517000	-3453.9595273813866
517500	-3446.0456234445874
518000	-3439.636457505916
518500	-3444.0679649581816
519000	-3442.4438281258062
519500	-3441.5981549221083
520000	-3443.735023435767
520500	-3448.171421315779
521000	-3446.0168174313144
521500	-3446.7913371397244
522000	-3448.533671127015
522500	-3443.629851575505
523000	-3440.975439442829
523500	-3450.0067062690205
524000	-3447.920230186974
524500	-3441.695310194338
525000	-3433.174215703869
525500	-3444.262626717548
526000	-3439.1122689278545
526500	-3446.5707979381837
527000	-3453.5856134072737
527500	-3450.6060379525484
528000	-3451.832625450851
528500	-3451.7643351762817
529000	-3456.576577414811
529500	-3442.5246900855827
530000	-3448.5830965556925
530500	-3427.545518451785
531000	-3451.2803167906436
531500	-3446.422726847783
532000	-3445.062114951085
532500	-3439.3054750586007
533000	-3435.057881088235
533500	-3433.9941914515744
534000	-3441.10573549905
534500	-3437.170331886229
535000	-3433.241024831618
535500	-3449.0759494805948
536000	-3450.083712281604
536500	-3442.069312773866
537000	-3439.3068091133837
537500	-3443.010923089717
538000	-3449.2688017617525
538500	-3438.900634755762
539000	-3436.1226262028263
539500	-3448.0694504431385
540000	-3433.1973355670093
540500	-3432.8906776332083
541000	-3434.6780767929545
541500	-3428.3042898955287
542000	-3432.616389101488
542500	-3435.62362512932
543000	-3438.001008030758
543500	-3432.399256588361
544000	-3434.3414917345153
544500	-3439.675096078694
545000	-3431.077051089749
545500	-3438.9786354125326
546000	-3435.191381555601
546500	-3429.8278899441225
547000	-3434.410020459905
547500	-3434.6595058486273
548000	-3439.8723183229745
548500	-3448.498843040919
549000	-3435.7326419191018
549500	-3439.0422733518953
550000	-3436.6834609440193
550500	-3430.1281216702596
551000	-3431.393884018303
551500	-3433.4098478275055
552000	-3434.7071126821043
552500	-3440.128398800364
553000	-3444.5766302972397
553500	-3435.1476309577556
554000	-3438.48708786528
554500	-3449.7715079481327
555000	-3444.554570245685
555500	-3445.62565155292
556000	-3441.6360529738686
556500	-3442.270079610713
557000	-3435.8893918980316
557500	-3443.644152082977
558000	-3430.922322769328
558500	-3445.5866774223014
559000	-3439.417033227338
559500	-3430.097969516976
560000	-3439.2604987930263
560500	-3437.3015161405433
561000	-3447.974416769168
561500	-3434.4229735088293
562000	-3446.104269068049
562500	-3442.807038890241
563000	-3427.5794074561295
563500	-3429.6144420511273
564000	-3437.096255764062
564500	-3434.1870234599146
565000	-3441.1046617892766
565500	-3434.8710885352803
566000	-3426.1444251799417
566500	-3433.230217518405
567000	-3442.071830857128
567500	-3430.8015602982814
568000	-3424.8765728271283
568500	-3427.879748130937
569000	-3428.8490745737677
569500	-3431.7105470977103
570000	-3438.8885900136065
570500	-3432.186908169938
571000	-3436.324809899555
571500	-3436.243369047544
572000	-3439.953423120549
572500	-3431.8045275622876
573000	-3435.1069008566824
573500	-3437.7890362916746
574000	-3440.0842003241196
574500	-3436.6573091871733
575000	-3446.2979836469394
575500	-3445.3471951805814
576000	-3441.2030931509576
576500	-3449.1161866725774
577000	-3442.851769880463
577500	-3436.383151844176
578000	-3442.587029918532
578500	-3435.985630267215
579000	-3440.2547478461775
579500	-3440.3993365667584
580000	-3449.333545973519
580500	-3442.972155285469
581000	-3464.0545823334496
581500	-3444.1534341428005
582000	-3439.2917510726943
582500	-3444.5348631026122
583000	-3446.538386538405
583500	-3445.749885861706
584000	-3444.822710787512
584500	-3444.275792677588
585000	-3441.621403296576
585500	-3441.647786285943
586000	-3445.0222581409625
586500	-3448.993821742812
587000	-3433.269854623383
587500	-3436.424039013504
588000	-3445.3895716437282
588500	-3431.612814651434
589000	-3437.22244860544
589500	-3433.589960564995
590000	-3436.975169578107
590500	-3427.6669987341165
591000	-3437.072591777693
591500	-3434.8270309001987
592000	-3426.709888111428
592500	-3426.10293829769
593000	-3428.8030119120945
593500	-3438.2630536531387
594000	-3431.753457995159
594500	-3439.0389960984016
595000	-3439.046612482816
595500	-3433.0796510266687
596000	-3436.3315403851734
596500	-3436.023482777593
597000	-3434.0676001912816
597500	-3441.899611137051
598000	-3435.635481793361
598500	-3434.310665952224
599000	-3436.2277149983893
599500	-3432.213895552439
600000	-3429.114002447005
600500	-3429.8796052031994
601000	-3434.14390702162
601500	-3426.923740930034
602000	-3444.8875746197436
602500	-3447.136556296521
603000	-3452.849424929963
603500	-3445.8670494119724
604000	-3457.210806615886
604500	-3441.0994727331163
605000	-3450.1841314299304
605500	-3438.8324532983565
606000	-3427.9635546969225
606500	-3432.235045153943
607000	-3431.4383614375224
607500	-3427.8795902380366
608000	-3424.4139011892
608500	-3437.3063325069083
609000	-3430.8000088924355
609500	-3452.7327278607413
610000	-3435.618982791049
610500	-3438.912696778717
611000	-3432.7375882082856
611500	-3430.2489316493425
612000	-3439.8146965237775
612500	-3432.77912101142
613000	-3437.3000293452865
613500	-3427.521819458327
614000	-3437.6851066832105
614500	-3428.59405734185
615000	-3429.818001332749
615500	-3440.885044001679
616000	-3435.3369491223248
616500	-3435.2010772750336
617000	-3435.0964117536478
617500	-3438.331651832636
618000	-3428.1034746298405
618500	-3428.5173449571553
619000	-3443.9326510441897
619500	-3438.7033707892615
620000	-3446.9590965425436
620500	-3435.3716024283794
621000	-3428.934681183011
621500	-3440.560508385997
622000	-3446.6045275912456
622500	-3444.1117722883487
623000	-3448.263661999458
623500	-3432.6387342322555
624000	-3436.104984992849
624500	-3434.88934385638
625000	-3439.08550622783
625500	-3447.999829745521
626000	-3435.4425968186288
626500	-3447.873069773928
627000	-3449.8020624898777
627500	-3445.78376496479
628000	-3443.908190798529
628500	-3446.1957339161713
629000	-3442.7772972660955
629500	-3451.3618508644886
630000	-3459.920047152485
630500	-3454.47872951124
631000	-3450.59164036182
631500	-3448.1196073248893
632000	-3439.0075624145284
632500	-3437.5081592496163
633000	-3438.7993742113285
633500	-3442.9192584523917
634000	-3456.700191416709
634500	-3462.317804606893
635000	-3449.083863125675
635500	-3455.519697820619
636000	-3450.787886786284
636500	-3449.2556999988133
637000	-3450.426325169166
637500	-3447.432200736218
638000	-3462.7415695303775
638500	-3442.0924162459387
639000	-3446.080218816026
639500	-3439.050787083034
640000	-3440.706934732011
640500	-3444.1835912400734
641000	-3436.3924103641307
641500	-3443.3517470975357
642000	-3441.9388451670748
642500	-3443.5399317417255
643000	-3436.310219410593
643500	-3426.066145146962
644000	-3432.1860677176087
644500	-3430.5441261760993
645000	-3437.509005911501
645500	-3433.6672873202774
646000	-3426.9523660990994
646500	-3426.6914273564357
647000	-3435.988898215429
647500	-3429.088105479491
648000	-3428.163002321
648500	-3426.4251786619857
649000	-3432.803258471371
649500	-3433.671431755464
650000	-3433.3830939001887
650500	-3445.4662955047197
651000	-3438.87839358409
651500	-3425.0963453400614
652000	-3432.411679208601
652500	-3438.9529157307197
653000	-3430.688512020336
653500	-3434.0135075172207
654000	-3426.4030070542103
654500	-3430.2405864348066
655000	-3426.0073534812987
655500	-3447.0242483671614
656000	-3432.4292759626583
656500	-3445.6782956429265
657000	-3434.960356086116
657500	-3442.500130048045
658000	-3432.760287477915
658500	-3428.877065353114
659000	-3436.17405685546
659500	-3436.3465237617097
660000	-3428.6360795549163
660500	-3439.2889534788837
661000	-3437.6207389897922
661500	-3438.9880034560547
662000	-3431.074874741343
662500	-3443.0215925726725
663000	-3443.692934950641
663500	-3444.353809076308
664000	-3430.4066015261246
664500	-3432.6390325302164
665000	-3437.552692253763
665500	-3438.3656276045426
666000	-3435.5634909660057
666500	-3427.862515186425
667000	-3433.5632937609043
667500	-3440.3858346821207
668000	-3439.13022689744
668500	-3437.980437162865
669000	-3438.727811116635
669500	-3430.9524535683117
670000	-3438.9770419127663
670500	-3438.786877563863
671000	-3434.83653192962
671500	-3440.654136255617
672000	-3432.082059926126
672500	-3433.804483955956
673000	-3443.059037471194
673500	-3431.4608385104634
674000	-3434.7126680573197
674500	-3439.956586820341
675000	-3438.820375508032
675500	-3424.70162733144
676000	-3442.6545613613284
676500	-3447.9014931005077
677000	-3435.3609235262848
677500	-3447.4412411590915
678000	-3439.7816852976052
678500	-3454.927252903082
679000	-3453.4708528592323
679500	-3439.9095496899417
680000	-3445.0259896307716
680500	-3446.7365718517044
681000	-3437.4807943450637
681500	-3440.6546219873962
682000	-3431.5762024652304
682500	-3430.070293842933
683000	-3451.3349283110138
683500	-3445.707914320998
684000	-3437.9052761820008
684500	-3443.2287880968174
685000	-3437.821777397573
685500	-3442.8949543760004
686000	-3430.455040803741
686500	-3437.3873121920424
687000	-3436.2844438901966
687500	-3435.3668529557735
688000	-3435.730605456393
688500	-3437.4794576477602
689000	-3445.8914398024413
689500	-3450.223561307488
690000	-3434.627066227615
690500	-3444.986375636506
691000	-3456.1920832112132
691500	-3434.3764068606556
692000	-3457.7844946986347
692500	-3428.5895383955603
693000	-3428.5041503217876
693500	-3439.870792293843
694000	-3432.796205212698
694500	-3443.335313205645
695000	-3434.3666033256104
695500	-3432.8987259312134
696000	-3443.9867208301816
696500	-3442.353127672826
697000	-3437.042028495078
697500	-3437.1467537205704
698000	-3433.3752520764024
698500	-3449.584666129547
699000	-3446.114219887257
699500	-3435.9514904338716
700000	-3437.0756584935652
700500	-3430.3162220430486
701000	-3434.579216534821
701500	-3433.6648831647194
702000	-3433.900877170181
702500	-3449.01804394726
703000	-3438.1238658896264
703500	-3441.928556419812
704000	-3436.768415717503
704500	-3450.28005073906
705000	-3436.370135216578
705500	-3450.375404154762
706000	-3434.3008380476017
706500	-3434.694492839794
707000	-3427.826464344007
707500	-3437.220787226882
708000	-3434.9038697121928
708500	-3440.828931754154
709000	-3435.0037786979997
709500	-3429.154629988122
710000	-3442.337802345174
710500	-3433.4620114506133
711000	-3428.871676923903
711500	-3425.7935027008157
712000	-3440.7428367203
712500	-3440.3621267000685
713000	-3440.8720056500956
713500	-3434.0414281124067
714000	-3434.2930533812378
714500	-3436.9852943828328
715000	-3448.5738177292983
715500	-3435.701927301467
716000	-3440.903121157894
716500	-3433.8687604660686
717000	-3430.109401970336
717500	-3432.2308638632753
718000	-3440.0244059083375
718500	-3427.884808076725
719000	-3435.4178997364997
719500	-3436.1938873857944
720000	-3445.860950451396
720500	-3449.205045820396
721000	-3440.128331597647
721500	-3441.020801606133
722000	-3451.169496564766
722500	-3435.140798134377
723000	-3447.0355798690007
723500	-3444.382499082566
724000	-3433.3470098258904
724500	-3435.8386803543235
725000	-3447.5157290846287
725500	-3441.666116219827
726000	-3438.978251900745
726500	-3428.403137695445
727000	-3439.2957310125917
727500	-3432.1338811541077
728000	-3439.3631201327566
728500	-3432.620452436057
729000	-3428.1330754789547
729500	-3442.200016922116
730000	-3434.638718790309
730500	-3439.823861587855
731000	-3435.226810132854
731500	-3439.3972108340313
732000	-3442.494609624152
732500	-3426.4519200550117
733000	-3436.8354247097236
733500	-3429.5820056980865
734000	-3424.4331490615273
734500	-3436.280458799142
735000	-3431.287274221953
735500	-3437.772889340125
736000	-3441.849045378101
736500	-3440.5439179731698
737000	-3443.2064369933487
737500	-3438.3617842538997
738000	-3439.178719503165
738500	-3435.851325641755
739000	-3436.885225547479
739500	-3438.475040402039
740000	-3436.569023288761
740500	-3433.3057323140533
741000	-3447.58818752316
741500	-3438.6315984923062
742000	-3441.4081892441113
742500	-3434.7624138899428
743000	-3435.1328608755953
743500	-3428.99097360578
744000	-3445.6653625209187
744500	-3434.920344925559
745000	-3440.4595663268915
745500	-3440.641944148114
746000	-3446.922990658034
746500	-3447.9904199166735
747000	-3458.9260705737197
747500	-3448.411890727081
748000	-3451.6340460901565
748500	-3438.71480332799
749000	-3445.180050780407
749500	-3428.3862291012188
750000	-3441.9827874013376
750500	-3446.091817254723
751000	-3436.504923381449
751500	-3435.4177541276104
752000	-3433.8995212124787
752500	-3434.2847880615423
753000	-3429.120791699101
753500	-3430.440316515093
754000	-3442.697861360065
754500	-3425.0665753978114
755000	-3432.7806901278295
755500	-3426.2202738220726
756000	-3437.8309267955597
756500	-3429.410612173663
757000	-3440.4491573153546
757500	-3432.4338707919087
758000	-3446.7236555126406
758500	-3439.311911495375
759000	-3437.3779319298055
759500	-3427.898618998239
760000	-3434.546262815697
760500	-3433.9220665356725
761000	-3441.408671126537
761500	-3437.549107477624
762000	-3441.3143715881497
762500	-3440.5518033422504
763000	-3436.2068389617675
763500	-3443.90267939855
764000	-3440.5997855148285
764500	-3434.7640825369513
765000	-3431.3602024239863
765500	-3435.051414837742
766000	-3434.909381828504
766500	-3434.2089476628735
767000	-3437.6294634279457
767500	-3435.556374888058
768000	-3425.0203517134346
768500	-3431.7014602330823
769000	-3439.5256232802867
769500	-3436.7569125944033
770000	-3428.3797447467045
770500	-3430.8671579362153
771000	-3432.0408160603
771500	-3432.6735741733737
772000	-3433.610000794737
772500	-3435.4076273726473
773000	-3428.4585877320046
773500	-3434.2939234784812
774000	-3430.8991803631666
774500	-3444.358674939682
775000	-3431.500387930884
775500	-3433.3648114117577
776000	-3450.771183696294
776500	-3434.702405620472
777000	-3440.6790541613414
777500	-3434.5708566333014
778000	-3428.975714728212
778500	-3432.245617342123
779000	-3430.31746058138
779500	-3432.6052116016067
780000	-3435.392342266099
780500	-3435.926183060018
781000	-3454.2817118069293
781500	-3433.3252012056264
782000	-3431.599081184235
782500	-3432.3425189520553
783000	-3433.4953450761795
783500	-3439.362868738168
784000	-3433.764544408966
784500	-3428.711789511949
785000	-3431.115854256809
785500	-3445.218488472597
786000	-3433.235410592731
786500	-3431.65926637987
787000	-3432.775942583573
787500	-3433.1120821293966
788000	-3441.4883104052424
788500	-3432.7575704567676
789000	-3428.877950909287
789500	-3451.9014299031087
790000	-3446.7448716672106
790500	-3434.9343111650574
791000	-3444.8735405784487
791500	-3434.50119737809
792000	-3434.039854315446
792500	-3437.6236398983824
793000	-3435.4334166927415
793500	-3439.210875359964
794000	-3443.5676859110586
794500	-3447.8889703785535
795000	-3436.0100018968
795500	-3429.3728898614386
796000	-3427.6321175612493
796500	-3427.248079131027
797000	-3435.1809982929494
797500	-3427.5918645049674
798000	-3427.725675233749
798500	-3438.224196507165
799000	-3432.8963815476063
799500	-3427.9347474879205
800000	-3430.203230327673
800500	-3434.3279517347637
801000	-3431.6282803191766
801500	-3435.0144742469192
802000	-3429.8829617911983
802500	-3435.444898551646
803000	-3432.2589456013657
803500	-3435.3513358596433
804000	-3437.810433408709
804500	-3428.5326571504006
805000	-3430.092698842415
805500	-3440.5113989574998
806000	-3435.6752593310907
806500	-3436.570416205638
807000	-3430.252917266515
807500	-3429.0685531518993
808000	-3424.256078345659
808500	-3450.9927060288596
809000	-3438.234012261943
809500	-3442.0406922996012
810000	-3429.950934487746
810500	-3434.627160813276
811000	-3433.647721321403
811500	-3430.3710352023504
812000	-3428.0989284123434
812500	-3432.6786050432233
813000	-3435.628162389501
813500	-3440.016656429884
814000	-3438.5454723108546
814500	-3427.3235907647686
815000	-3435.2761263852653
815500	-3452.5298691204994
816000	-3431.2558398231135
816500	-3435.7765315048687
817000	-3438.9474434699428
817500	-3437.9760749448524
818000	-3436.507839287248
818500	-3438.1714769718574
819000	-3436.8809583090906
819500	-3438.603801047949
820000	-3439.266551532251
820500	-3441.5207905211523
821000	-3438.8880847117857
821500	-3441.9575363508234
822000	-3439.871360399351
822500	-3435.2713542005686
823000	-3434.312273362852
823500	-3434.5248083145493
824000	-3439.9566780737023
824500	-3436.992493394986
825000	-3430.759192288872
825500	-3435.538533408852
826000	-3437.347538133802
826500	-3423.5156700681664
827000	-3441.362016034707
827500	-3438.897689808615
828000	-3424.756335615263
828500	-3434.017567020405
829000	-3446.9859944244204
829500	-3441.004296836516
830000	-3442.300300699318
830500	-3446.84708985825
831000	-3445.900520357953
831500	-3441.582683796349
832000	-3429.450645415709
832500	-3429.553600147728
833000	-3426.152127671673
833500	-3433.4261365857637
834000	-3440.8104741866514
834500	-3434.500020705337
835000	-3431.3687220830025
835500	-3438.2592580202854
836000	-3435.460779879617
836500	-3439.280044419466
837000	-3442.612962871595
837500	-3455.253260221344
838000	-3445.783894665706
838500	-3447.673743524858
839000	-3459.305779180739
839500	-3445.426139962382
840000	-3441.802665863052
840500	-3437.5663257600954
841000	-3438.0952501970737
841500	-3436.422270010693
842000	-3426.7055009534106
842500	-3456.018317141644
843000	-3437.6186673820275
843500	-3433.609382902106
844000	-3439.9686391059186
844500	-3431.5647836983035
845000	-3438.8273518470287
845500	-3440.2425575214243
846000	-3436.01385863259
846500	-3429.3784106175885
847000	-3431.9467366438153
847500	-3431.2235921508104
848000	-3434.1169011957754
848500	-3438.0513363203186
849000	-3435.7970272301936
849500	-3449.857502379202
850000	-3447.6392883072654
850500	-3431.9507441129535
851000	-3435.811683679787
851500	-3433.727480206271
852000	-3431.0868352545945
852500	-3427.276958082054
853000	-3443.296967793149
853500	-3437.938919217417
854000	-3442.5730843359133
854500	-3431.74203511662
855000	-3436.3781814388767
855500	-3444.3077870822026
856000	-3438.139749834423
856500	-3432.979053082082
857000	-3445.6821767049805
857500	-3438.5420740545424
858000	-3431.8977178085997
858500	-3427.7346234041283
859000	-3431.9042398599595
859500	-3439.8870725586557
860000	-3436.9991614390606
860500	-3431.3417805370564
861000	-3435.0075274799256
861500	-3441.7307980945006
862000	-3440.5210231553424
862500	-3432.8087324023845
863000	-3438.372769077335
863500	-3436.8653861750545
864000	-3444.4390198149295
864500	-3446.456867136987
865000	-3429.3572646377856
865500	-3431.8202113526954
866000	-3433.220991763612
866500	-3439.190305988486
867000	-3443.1802174004747
867500	-3429.971310376424
868000	-3435.7032432595956
868500	-3431.542993724909
869000	-3428.409188601925
869500	-3429.0944608853356
870000	-3434.2921680707827
870500	-3438.2048309328234
871000	-3441.0979314979013
871500	-3435.316477040849
872000	-3434.395139393929
872500	-3427.7635868162315
873000	-3435.5217423422755
873500	-3441.1720369885134
874000	-3434.48349631185
874500	-3429.3663022267724
875000	-3432.677704595971
875500	-3435.0315266575462
876000	-3431.9618379444164
876500	-3442.5253735157767
877000	-3428.4069277339554
877500	-3430.2252457985433
878000	-3433.7443634898295
878500	-3438.291565844282
879000	-3432.454215620582
879500	-3446.8512568218866
880000	-3433.5990348922364
880500	-3439.701786860704
881000	-3431.3783335609096
881500	-3429.2413557105147
882000	-3434.3160655771817
882500	-3433.0727615390833
883000	-3427.0849526675934
883500	-3439.732943336571
884000	-3424.233957764299
884500	-3441.650775418126
885000	-3440.3531157541324
885500	-3440.3799722944605
886000	-3431.08750715937
886500	-3438.744404012843
887000	-3441.876545099219
887500	-3437.1973215225644
888000	-3437.928595606071
888500	-3437.289272418651
889000	-3435.7554422455814
889500	-3445.907201920193
890000	-3440.3203636700014
890500	-3440.652043499882
891000	-3429.450578968224
891500	-3448.414975831104
892000	-3436.7225169468343
892500	-3440.332792410888
893000	-3434.0378019883274
893500	-3434.9774958932067
894000	-3426.0489563095916
894500	-3433.011405165076
895000	-3437.1535872851828
895500	-3437.993031179305
896000	-3435.93443764769
896500	-3442.9161927827768
897000	-3433.5700251897415
897500	-3461.121465730933
898000	-3435.5096730511036
898500	-3445.0842989963844
899000	-3438.868463864551
899500	-3455.330436313559
900000	-3455.120612421321
900500	-3442.636532889665
901000	-3447.094066613652
901500	-3441.0674709204163
902000	-3438.8761857561876
902500	-3442.2232905318137
903000	-3449.4370286385715
903500	-3439.8101994662375
904000	-3445.4692282611736
904500	-3448.9897048531666
905000	-3440.9045994068133
905500	-3441.090428576749
906000	-3450.116361457693
906500	-3455.6961426664298
907000	-3465.445986423725
907500	-3456.3054331992453
908000	-3448.0877729146996
908500	-3448.058518568378
909000	-3452.5967249870314
909500	-3451.8413251278407
910000	-3449.8356674674346
910500	-3438.9573720764947
911000	-3438.9658925808367
911500	-3433.881586856937
912000	-3444.764993139335
912500	-3453.6644264701654
913000	-3445.871259777475
913500	-3446.937874851972
914000	-3449.7311055843275
914500	-3449.1108267685854
915000	-3444.109513288071
915500	-3455.821087309828
916000	-3448.1368618054985
916500	-3459.686314684301
917000	-3452.5524472907923
917500	-3444.3947669482995
918000	-3436.7085708467116
918500	-3447.4139561159486
919000	-3446.631470665967
919500	-3441.9072472000757
920000	-3438.4438649082927
920500	-3440.1943714758736
921000	-3442.392439722365
921500	-3438.651261024483
922000	-3445.2976598366104
922500	-3441.3237685622753
923000	-3448.249421415663
923500	-3439.8800578825803
924000	-3455.8974281860615
924500	-3443.60030264428
925000	-3458.676065378531
925500	-3441.209239070869
926000	-3433.848314613989
926500	-3445.819658454632
927000	-3452.9635249862686
927500	-3448.4396499100462
928000	-3442.0169740879996
928500	-3452.1497093133585
929000	-3457.8931301089365
929500	-3455.750282945328
930000	-3457.0341120234343
930500	-3445.307406206139
931000	-3452.3595648784044
931500	-3439.820437362399
932000	-3443.310977216698
932500	-3449.023445292756
933000	-3437.8216074648954
933500	-3447.869546742652
934000	-3460.9307125406117
934500	-3438.4373933496413
935000	-3462.1563701221835
935500	-3445.154596275604
936000	-3453.0947011205835
936500	-3448.2292683403475
937000	-3440.8521474863155
937500	-3443.3726348186165
938000	-3450.2163868818297
938500	-3443.842283718312
939000	-3441.0115059573977
939500	-3439.3854960002527
940000	-3437.6748055972203
940500	-3432.251009815582
941000	-3427.5057342502273
941500	-3439.505480856552
942000	-3434.985763313378
942500	-3439.201944618391
943000	-3433.1794031057157
943500	-3450.9727865264754
944000	-3438.222418755877
944500	-3453.3698050204016
945000	-3441.013293770648
945500	-3439.058184332113
946000	-3431.4857807837047
946500	-3434.530082073171
947000	-3441.0480759982415
947500	-3436.5684403349674
948000	-3437.4648696361583
948500	-3432.9132558519123
949000	-3445.3025389100044
949500	-3434.1096118017954
950000	-3425.3533317797023
950500	-3438.2140021084747
951000	-3432.525338605634
951500	-3430.0358640188488
952000	-3445.111142674011
952500	-3439.722631065015
953000	-3431.6421231240715
953500	-3432.1297033932456
954000	-3439.93862906384
954500	-3436.7304375990166
955000	-3444.7888831497057
955500	-3431.841633700478
956000	-3436.708309023547
956500	-3433.240204256397
957000	-3430.2126767687582
957500	-3434.145989001683
958000	-3430.7624512189564
958500	-3440.5046316983057
959000	-3436.4852524758553
959500	-3451.3236776390545
960000	-3435.872574347246
960500	-3432.087313384191
961000	-3423.562958834204
961500	-3433.664870357594
962000	-3434.2655807502997
962500	-3426.9346758741754
963000	-3430.2662756881177
963500	-3431.4776971366896
964000	-3437.115821676971
964500	-3435.7215949993233
965000	-3429.4872132534897
965500	-3433.1543273788006
966000	-3440.911978410729
966500	-3436.2510539643677
967000	-3439.811606913266
967500	-3430.8461118518967
968000	-3433.2461359001295
968500	-3438.2672595059425
969000	-3429.8458718862635
969500	-3436.5038971407407
970000	-3427.5979995991065
970500	-3432.6097247313664
971000	-3431.6243084843686
971500	-3430.5769809664994
972000	-3435.6589056188304
972500	-3437.08399570934
973000	-3437.364539321392
973500	-3431.76387769782
974000	-3437.9966212361396
974500	-3441.5820294723653
975000	-3435.6373921594436
975500	-3442.0569893884667
976000	-3436.646176733291
976500	-3429.7666089849563
977000	-3436.075957208074
977500	-3429.394357298161
978000	-3432.599944457703
978500	-3461.651661246518
979000	-3436.8690494862485
979500	-3439.3045502334576
980000	-3444.534853908223
980500	-3439.3298383161386
981000	-3438.4119652234535
981500	-3431.4063579136055
982000	-3441.994979308022
982500	-3435.639818201756
983000	-3429.674882347603
983500	-3439.313495408323
984000	-3443.957493325344
984500	-3432.384161867854
985000	-3433.0460784605098
985500	-3430.3496141376036
986000	-3443.4317492064943
986500	-3440.773527228263
987000	-3437.962805948394
987500	-3442.846280698894
988000	-3439.26626875863
988500	-3428.5128061892938
989000	-3434.840294560903
989500	-3432.8967460891918
990000	-3428.620744842724
990500	-3433.9417983428466
991000	-3439.8067547252144
991500	-3431.777120742081
992000	-3437.4158589452018
992500	-3436.1521316089593
993000	-3436.8278123884106
993500	-3437.0362672913034
994000	-3436.8027514518885
994500	-3428.1610621575287
995000	-3436.2936491023725
995500	-3433.6535021334903
996000	-3438.114112348523
996500	-3441.047450077749
997000	-3433.3279346232184
997500	-3430.9744435135694
998000	-3431.7544063219284
998500	-3433.1979228820614
999000	-3435.8142472179784
999500	-3441.13069859365
1000000	-3428.8686556563803
1000500	-3435.485072747785
1001000	-3434.6034970273636
1001500	-3433.340077679486
1002000	-3446.068800249147
1002500	-3452.0916275595378
1003000	-3450.2975499867725
1003500	-3439.283173048702
1004000	-3449.200991573579
1004500	-3454.0257322231446
1005000	-3447.2765797421193
1005500	-3448.4531767700328
1006000	-3461.170510147495
1006500	-3451.987782161643
1007000	-3439.434154783648
1007500	-3443.084229523351
1008000	-3441.4437415782804
1008500	-3439.094773305039
1009000	-3444.007990717818
1009500	-3453.66088774797
1010000	-3449.824910685455
1010500	-3454.6819122627094
1011000	-3445.7302653405122
1011500	-3442.1010535431647
1012000	-3445.0223242676366
1012500	-3446.4828968169168
1013000	-3447.030197114431
1013500	-3439.4626902343693
1014000	-3432.00312253964
1014500	-3434.112650589241
1015000	-3437.871505150581
1015500	-3438.5043396884257
1016000	-3428.791838288379
1016500	-3439.9172666152294
1017000	-3448.3942144424045
1017500	-3453.639657245013
1018000	-3440.8774298166104
1018500	-3445.1226255347524
1019000	-3456.331844378947
1019500	-3446.131043024125
1020000	-3440.1548267845833
1020500	-3430.0395848112917
1021000	-3439.027205829509
1021500	-3424.6375366601674
1022000	-3438.2644415352574
1022500	-3429.209831636846
1023000	-3435.511351538709
1023500	-3430.710023451054
1024000	-3443.6880282816574
1024500	-3430.0637217481194
1025000	-3429.450236334314
1025500	-3433.290087863695
1026000	-3435.5175884313367
1026500	-3434.1432026093994
1027000	-3445.0410571651564
1027500	-3437.8126330999385
1028000	-3444.330185637635
1028500	-3460.53646169356
1029000	-3441.5932023207124
1029500	-3444.5549982418343
1030000	-3453.4226664456305
1030500	-3453.4226664456305
1031000	-3453.4226664456305
1031500	-3453.4226664456305
1032000	-3453.4226664456305
1032500	-3453.4226664456305
1033000	-3453.4226664456305
1033500	-3453.4226664456305
1034000	-3453.4226664456305
1034500	-3453.4226664456305
1035000	-3453.4226664456305
1035500	-3453.4226664456305
1036000	-3453.4226664456305
1036500	-3453.4226664456305
1037000	-3453.4226664456305
1037500	-3453.4226664456305
1038000	-3453.4226664456305
1038500	-3453.4226664456305
1039000	-3453.4226664456305
1039500	-3453.4226664456305
1040000	-3453.4226664456305
1040500	-3453.4226664456305
1041000	-3453.4226664456305
1041500	-3454.8081707886486
1042000	-3437.7160713318394
1042500	-3442.146323628538
1043000	-3447.826376680838
1043500	-3443.249213707167
1044000	-3452.4926262786303
1044500	-3437.361855833012
1045000	-3452.067988534747
1045500	-3448.1742798957716
1046000	-3445.7968857941314
1046500	-3443.651006153153
1047000	-3448.0706142338113
1047500	-3453.0359186296805
1048000	-3448.224818953517
1048500	-3448.514416921698
1049000	-3430.414490840061
1049500	-3437.160108532016
1050000	-3436.129856046142
1050500	-3429.913111563773
1051000	-3433.674435438736
1051500	-3426.1682048711123
1052000	-3427.6013794141486
1052500	-3429.2537091849267
1053000	-3427.304404720993
1053500	-3438.36903354341
1054000	-3424.583685590767
1054500	-3426.219974132515
1055000	-3438.344280004805
1055500	-3434.2815571128845
1056000	-3436.1787204419534
1056500	-3440.6264264217284
1057000	-3435.0709462962564
1057500	-3422.7055134666102
1058000	-3432.5254510284176
1058500	-3434.922573813352
1059000	-3435.69312870648
1059500	-3426.7270770205655
1060000	-3437.432367675628
1060500	-3438.246843343384
1061000	-3432.608657955164
1061500	-3427.861441471916
1062000	-3442.4043063825225
1062500	-3431.8400831089207
1063000	-3453.1595187556327
1063500	-3432.4213702517327
1064000	-3430.3054559841357
1064500	-3447.8543153468063
1065000	-3454.8758208820213
1065500	-3455.3137477058262
1066000	-3451.237884940186
1066500	-3445.1313549483402
1067000	-3442.693629743369
1067500	-3450.641986170315
1068000	-3438.940138843326
1068500	-3455.6438571683498
1069000	-3450.8602667243727
1069500	-3440.682126996039
1070000	-3445.38977190871
1070500	-3448.468766354441
1071000	-3441.489316031351
1071500	-3453.7507217913603
1072000	-3447.2841501563457
1072500	-3439.494071550372
1073000	-3447.6534211456637
1073500	-3448.4056498635005
1074000	-3441.525576232614
1074500	-3441.375896247804
1075000	-3432.7710919175524
1075500	-3439.517235875229
1076000	-3429.7243224255344
1076500	-3433.904462349147
1077000	-3428.3693787410175
1077500	-3427.9453661958773
1078000	-3433.9565789800663
1078500	-3429.5648483341142
1079000	-3429.5404559184753
1079500	-3424.996557849299
1080000	-3432.463881357787
1080500	-3430.5248555367284
1081000	-3440.388979175637
1081500	-3437.252782114264
1082000	-3429.039014858284
1082500	-3427.8280549061265
1083000	-3432.1438943688836
1083500	-3437.6500695451537
1084000	-3441.2810615225776
1084500	-3443.004057348087
1085000	-3451.810813124013
1085500	-3440.17903265393
1086000	-3440.023963295509
1086500	-3436.458658328627
1087000	-3433.104345273742
1087500	-3441.7417887586603
1088000	-3429.039025311832
1088500	-3435.078130535002
1089000	-3434.417853196094
1089500	-3436.9210278946266
1090000	-3435.5002284659813
1090500	-3435.9447358000334
1091000	-3439.2677099829593
1091500	-3429.1801990710937
1092000	-3446.4941749634245
1092500	-3439.8667722832256
1093000	-3441.495387493162
1093500	-3437.2298866352708
1094000	-3437.105741365383
1094500	-3429.6604348857286
1095000	-3448.9859821418772
1095500	-3442.076583865703
1096000	-3454.6380701148546
1096500	-3440.0106347495034
1097000	-3437.9825036149787
1097500	-3442.6332375983734
1098000	-3445.024831589319
1098500	-3443.687543405562
1099000	-3432.5436066526054
1099500	-3434.7193562125753
1100000	-3432.636235906761
1100500	-3433.2029418875904
1101000	-3434.7337729437313
1101500	-3438.597898482974
1102000	-3424.4926223352954
1102500	-3450.1247432683112
1103000	-3453.7067758875314
1103500	-3438.4645883107096
1104000	-3439.977596827145
1104500	-3441.5642057866676
1105000	-3433.3578696606
1105500	-3438.5696651035137
1106000	-3442.932390101064
1106500	-3434.521396623902
1107000	-3454.5096254275095
1107500	-3442.724265678847
1108000	-3440.0923286340008
1108500	-3437.552981860011
1109000	-3443.4105562542395
1109500	-3438.2222064517146
1110000	-3431.5380368029546
1110500	-3431.585743324591
1111000	-3441.6631446916363
1111500	-3442.378587347444
1112000	-3424.9013293341277
1112500	-3429.479060388691
1113000	-3433.442239256462
1113500	-3430.1983157750615
1114000	-3429.803763898107
1114500	-3442.593180094687
1115000	-3448.3310071444726
1115500	-3431.619011257613
1116000	-3439.6140811412783
1116500	-3429.3320726832826
1117000	-3435.0779432773857
1117500	-3433.2658080511583
1118000	-3435.7254400471024
1118500	-3427.7756831264815
1119000	-3438.2540547679705
1119500	-3443.4820461931517
1120000	-3452.081169490343
1120500	-3440.899529213296
1121000	-3444.6446585682256
1121500	-3440.71047926274
1122000	-3440.206298093544
1122500	-3437.176672547559
1123000	-3437.126520646668
1123500	-3449.5272467751215
1124000	-3442.005780374659
1124500	-3439.359608912151
1125000	-3439.1711309514985
1125500	-3434.6257674820076
1126000	-3436.0656127930824
1126500	-3447.991788427574
1127000	-3432.2131054965207
1127500	-3433.8191510888523
1128000	-3441.85971170529
1128500	-3430.0478893751974
1129000	-3433.4764677006165
1129500	-3436.7782115376563
1130000	-3441.5197875873228
1130500	-3447.8500229402753
1131000	-3451.816968684688
1131500	-3453.1795883015675
1132000	-3437.061713308526
1132500	-3427.5957456192573
1133000	-3443.0762027201727
1133500	-3441.851187336659
1134000	-3442.735880331278
1134500	-3446.319179864144
1135000	-3462.7080318758312
1135500	-3453.394103345132
1136000	-3449.232566178608
1136500	-3447.7220744567335
1137000	-3455.8343594665116
1137500	-3439.4607624045457
1138000	-3450.348815206869
1138500	-3452.8745096788853
1139000	-3453.059940128908
1139500	-3450.281779178304
1140000	-3445.7927259936855
1140500	-3464.541317311179
1141000	-3431.174151598641
1141500	-3438.711277779468
1142000	-3436.6178807670867
1142500	-3439.0118696784716
1143000	-3433.57199915197
1143500	-3431.315410457472
1144000	-3429.3151939605873
1144500	-3423.017159479374
1145000	-3425.820571329803
1145500	-3430.554229752506
1146000	-3426.217013536331
1146500	-3432.346349643723
1147000	-3432.594974488245
1147500	-3427.940134915877
1148000	-3438.5090253270346
1148500	-3456.0512782170795
1149000	-3432.278795559965
1149500	-3458.226138156326
1150000	-3453.1467625712835
1150500	-3450.279827517631
1151000	-3453.360980803159
1151500	-3441.3459757220726
1152000	-3450.2987377352706
1152500	-3436.794321916071
1153000	-3446.7777467235455
1153500	-3441.158630290594
1154000	-3462.6029393618505
1154500	-3450.945047901255
1155000	-3456.2692108634064
1155500	-3455.3129249415015
1156000	-3436.6154754697955
1156500	-3429.765705355926
1157000	-3444.748349059078
1157500	-3445.5607700190653
1158000	-3430.3286880628575
1158500	-3433.1449056073
1159000	-3435.8711825787523
1159500	-3427.6620936739573
1160000	-3430.715103574189
1160500	-3443.377311380724
1161000	-3428.1610125942943
1161500	-3445.774484398982
1162000	-3436.4934038484
1162500	-3428.647764184585
1163000	-3440.7076953734227
1163500	-3426.511898749141
1164000	-3426.3013209848896
1164500	-3427.144223261454
1165000	-3431.89438378508
1165500	-3437.1814396668897
1166000	-3433.4971967496826
1166500	-3427.2893502794777
1167000	-3424.2828562217182
1167500	-3429.9819635454346
1168000	-3425.1533987627986
1168500	-3444.5480988947475
1169000	-3425.0462936391523
1169500	-3430.513351369037
1170000	-3433.0283556359236
1170500	-3435.529983726793
1171000	-3429.643534355365
1171500	-3430.5238736799542
1172000	-3422.9375374517786
1172500	-3430.7482548848097
1173000	-3428.2864585705393
1173500	-3426.9580268058985
1174000	-3424.474047083801
1174500	-3430.9565534976655
1175000	-3439.5726179523786
1175500	-3460.548342516095
1176000	-3444.553607054798
1176500	-3442.2266146780485
1177000	-3442.0583017627123
1177500	-3428.0205621494038
1178000	-3435.6894073794037
1178500	-3424.6037207343807
1179000	-3439.097397898122
1179500	-3425.006583372723
1180000	-3432.3964828945773
1180500	-3433.4703227276723
1181000	-3422.6978394542984
1181500	-3425.0909303751137
1182000	-3438.4201431305796
1182500	-3440.504068654996
1183000	-3442.9408464995286
1183500	-3434.409959378908
1184000	-3440.6102205571847
1184500	-3431.7129342936687
1185000	-3428.379686004166
1185500	-3435.0703925222447
1186000	-3427.966037209536
1186500	-3426.071853089985
1187000	-3431.6547043367964
1187500	-3425.2140518583146
1188000	-3432.357711854042
1188500	-3422.477322760207
1189000	-3434.5821530553744
1189500	-3437.8778107091453
1190000	-3432.8355144380816
1190500	-3415.3603708636006
1191000	-3427.410412208723
1191500	-3431.978385363279
1192000	-3437.0305741158327
1192500	-3425.676233119088
1193000	-3429.8996241667555
1193500	-3438.0139510490303
1194000	-3428.349992624219
1194500	-3426.0376543213206
1195000	-3428.9944181254687
1195500	-3431.1670435167703
1196000	-3437.840232524998
1196500	-3436.595487481168
1197000	-3429.7283458870907
1197500	-3427.5924145669032
1198000	-3428.0477733398347
1198500	-3452.8584955362903
1199000	-3449.5822616678824
1199500	-3423.688611863742
1200000	-3426.894770462209
1200500	-3433.5474565756003
1201000	-3439.4401767588724
1201500	-3442.575393359505
1202000	-3437.4888157287164
1202500	-3431.0219754263358
1203000	-3427.6996364958627
1203500	-3429.9726841732972
1204000	-3434.394443591709
1204500	-3424.5898622959057
1205000	-3437.508284436769
1205500	-3427.9914801805135
1206000	-3448.182021656559
1206500	-3428.8225278124755
1207000	-3436.6043727337424
1207500	-3423.793024194434
1208000	-3440.8978517885976
1208500	-3428.1728372404336
1209000	-3421.5698870560404
1209500	-3435.1540283974264
1210000	-3429.892704060383
1210500	-3427.9374269667487
1211000	-3435.3304539244755
1211500	-3434.1385269085695
1212000	-3434.996960837214
1212500	-3434.312103780398
1213000	-3431.767321784233
1213500	-3440.981408959146
1214000	-3446.2889643576177
1214500	-3442.084209693018
1215000	-3428.1880400956466
1215500	-3444.358464054984
1216000	-3427.2818248813523
1216500	-3442.3741558425468
1217000	-3440.239219368166
1217500	-3430.9852033628854
1218000	-3425.153415432681
1218500	-3441.8157902529597
1219000	-3422.3864128534938
1219500	-3448.636480811157
1220000	-3427.97091629914
1220500	-3427.911193355873
1221000	-3435.9646534332655
1221500	-3431.4506230661655
1222000	-3430.18740753829
1222500	-3436.3984953641334
1223000	-3428.475455214231
1223500	-3440.101222744288
1224000	-3425.9153056545397
1224500	-3431.502898043643
1225000	-3423.444673776663
1225500	-3439.762288886179
1226000	-3437.6993455293955
1226500	-3436.5276312617766
1227000	-3429.1234079946626
1227500	-3429.428625578899
1228000	-3425.9259174071467
1228500	-3430.513531894116
1229000	-3421.251961625056
1229500	-3429.6524474311277
1230000	-3435.84761060984
1230500	-3433.318134082502
1231000	-3429.303104093433
1231500	-3420.7182267118856
1232000	-3433.163383191139
1232500	-3433.9920072847326
1233000	-3426.7197276871075
1233500	-3426.6217504143697
1234000	-3423.7287396403135
1234500	-3425.0030958484167
1235000	-3431.1740151415006
1235500	-3424.6114419930045
1236000	-3446.210860364949
1236500	-3443.3422199662905
1237000	-3444.883750021232
1237500	-3444.8114811660694
1238000	-3448.0129412827027
1238500	-3429.4366266872444
1239000	-3436.7989364138684
1239500	-3439.025993804181
1240000	-3430.467957575729
1240500	-3432.6178037133504
1241000	-3435.1961478561366
1241500	-3433.2273041167223
1242000	-3424.5897012646506
1242500	-3429.7155218956887
1243000	-3435.135327492504
1243500	-3436.31202426063
1244000	-3424.9106891028164
1244500	-3432.016401649474
1245000	-3431.7511920708193
1245500	-3436.6736013495565
1246000	-3435.017378172431
1246500	-3440.421068744159
1247000	-3436.9373981889926
1247500	-3440.5847469679943
1248000	-3425.946339439665
1248500	-3428.040883068819
1249000	-3436.2417811296746
1249500	-3435.5869691125295
1250000	-3438.587023031177
1250500	-3423.0534062066577
1251000	-3428.8325156938204
1251500	-3436.233864880938
1252000	-3454.462559758994
1252500	-3438.3398808347465
1253000	-3442.182872280059
1253500	-3437.1225942313026
1254000	-3433.3986338160166
1254500	-3433.932444018747
1255000	-3433.664398135668
1255500	-3426.8427382344175
1256000	-3433.5598487680795
1256500	-3429.3111981623733
1257000	-3437.616978698988
1257500	-3428.475945746136
1258000	-3437.099007026649
1258500	-3447.8947093541206
1259000	-3444.097841167913
1259500	-3447.107070341502
1260000	-3437.0972709875596
1260500	-3439.948478107386
1261000	-3445.6305459758873
1261500	-3444.1333035294083
1262000	-3439.2170435396056
1262500	-3435.124463776752
1263000	-3435.5679786945866
1263500	-3440.6349488640585
1264000	-3422.393305475545
1264500	-3431.184462033719
1265000	-3437.5006768974067
1265500	-3447.5033910065963
1266000	-3434.7330312775443
1266500	-3439.8801351837
1267000	-3427.0883570101673
1267500	-3436.5505981820406
1268000	-3435.59860496525
1268500	-3441.3070926543983
1269000	-3448.2411533211503
1269500	-3438.808292790314
1270000	-3433.3660856531537
1270500	-3431.4069972735133
1271000	-3436.6563824130976
1271500	-3435.3639522181684
1272000	-3431.490063244488
1272500	-3426.993093236257
1273000	-3440.9250696338113
1273500	-3446.6907818695026
1274000	-3435.100783582549
1274500	-3433.8056571259044
1275000	-3444.808381359176
1275500	-3451.916437288467
1276000	-3439.7861593613043
1276500	-3434.5398850919128
1277000	-3432.6090002721994
1277500	-3431.756839725398
1278000	-3430.9741832232344
1278500	-3428.8037108412504
1279000	-3435.530481996492
1279500	-3439.7708847265044
1280000	-3438.8219231692924
1280500	-3435.46473728872
1281000	-3431.868498618154
1281500	-3430.8505001743692
1282000	-3423.6802300682734
1282500	-3435.6124515615465
1283000	-3442.19215248132
1283500	-3437.326831201748
1284000	-3444.841597765694
1284500	-3433.7961548591156
1285000	-3432.8543671991106
1285500	-3432.9801849593446
1286000	-3436.4272207887943
1286500	-3446.141185975443
1287000	-3443.0661193303526
1287500	-3438.0202667271737
1288000	-3433.4238021739043
1288500	-3431.3908191628825
1289000	-3459.1381864853192
1289500	-3433.7968152332865
1290000	-3436.6743917635517
1290500	-3431.3055236930322
1291000	-3432.0080143216137
1291500	-3435.5006307483764
1292000	-3436.6323707712095
1292500	-3464.42539426556
1293000	-3435.244323341218
1293500	-3432.9423001275263
1294000	-3436.939949795653
1294500	-3441.324749457952
1295000	-3451.9836783972914
1295500	-3452.338677895489
1296000	-3437.5858259420656
1296500	-3437.5479168611264
1297000	-3441.5133739412668
1297500	-3436.193929589171
1298000	-3429.4363185478182
1298500	-3436.1587194098133
1299000	-3443.249247664862
1299500	-3431.79567373584
1300000	-3439.2617788267476
1300500	-3429.3165704448097
1301000	-3436.2228146998136
1301500	-3448.216023002076
1302000	-3431.272763821314
1302500	-3431.56188451832
1303000	-3433.09536501963
1303500	-3434.4385406211327
1304000	-3433.8045601551107
1304500	-3429.1005981256
1305000	-3425.0315956322083
1305500	-3433.74539954021
1306000	-3436.343068088821
1306500	-3447.4911681471776
1307000	-3446.8524461373704
1307500	-3454.1894254545687
1308000	-3462.3309426774977
1308500	-3445.2354550703553
1309000	-3452.9658978136495
1309500	-3450.3505629371493
1310000	-3459.408772766627
1310500	-3437.7385793647
1311000	-3446.1767336482817
1311500	-3436.8023974006132
1312000	-3429.6214521402853
1312500	-3446.5889318846152
1313000	-3439.7372865944385
1313500	-3440.017700858661
1314000	-3440.416878641972
1314500	-3436.277632794413
1315000	-3431.2137809760825
1315500	-3440.648115447648
1316000	-3438.162786228833
1316500	-3430.8385668821993
1317000	-3438.980471998597
1317500	-3454.507516974846
1318000	-3449.65852138064
1318500	-3444.7862430320633
1319000	-3438.314327715691
1319500	-3433.3017115355096
1320000	-3435.937449711646
1320500	-3440.804914576635
1321000	-3450.426353009196
1321500	-3437.0406907792612
1322000	-3447.1071717790655
1322500	-3434.526344679529
1323000	-3428.1399191197015
1323500	-3439.7196380101454
1324000	-3442.1439081370854
1324500	-3433.3508908886156
1325000	-3440.1467546027175
1325500	-3444.6540489553518
1326000	-3435.9098445876407
1326500	-3441.073709109747
1327000	-3443.4333589818993
1327500	-3438.101206152785
1328000	-3445.1282734005117
1328500	-3451.6008933787166
1329000	-3438.6717678744726
1329500	-3439.2234460336144
1330000	-3440.3858648213413
1330500	-3443.817166800771
1331000	-3447.588219156759
1331500	-3455.1010948988983
1332000	-3454.184712804344
1332500	-3444.5494196591967
1333000	-3443.694986680176
1333500	-3443.385804343374
1334000	-3440.884209499247
1334500	-3450.5771366462723
1335000	-3451.160981950982
1335500	-3443.700489504678
1336000	-3447.11791914075
1336500	-3443.3526704207093
1337000	-3444.3223927232957
1337500	-3445.933424095109
1338000	-3442.2151573007454
1338500	-3438.6743512373478
1339000	-3443.877096077684
1339500	-3445.7642509988627
1340000	-3437.909080909156
1340500	-3441.3596300790023
1341000	-3451.1390874759413
1341500	-3434.976042014798
1342000	-3431.442962075808
1342500	-3442.121828753695
1343000	-3446.016336343212
1343500	-3437.142008886786
1344000	-3439.988023336242
1344500	-3445.3405484782843
1345000	-3445.790364320247
1345500	-3441.703505339977
1346000	-3437.5683558806054
1346500	-3442.1610770333455
1347000	-3430.5317008629686
1347500	-3446.4367174399927
1348000	-3438.0096063513247
1348500	-3441.520179601998
1349000	-3442.188169779553
1349500	-3445.670794348976
1350000	-3436.041352115734
1350500	-3439.951633450887
1351000	-3436.322768284475
1351500	-3445.6840609155456
1352000	-3451.5573075577217
1352500	-3444.1817008182365
1353000	-3453.1403455606787
1353500	-3452.5652400424196
1354000	-3439.2915175933113
1354500	-3430.28934673636
1355000	-3422.570161467546
1355500	-3430.2773806340133
1356000	-3445.435520177856
1356500	-3435.036566932418
1357000	-3427.814382589458
1357500	-3442.953541207936
1358000	-3434.6132543252797
1358500	-3436.6271148259216
1359000	-3428.9898302847614
1359500	-3429.9470011372896
1360000	-3436.3896808745285
1360500	-3440.2338397881294
1361000	-3440.5827928466856
1361500	-3437.189038728722
1362000	-3448.7693120301033
1362500	-3431.027519208344
1363000	-3443.594322061798
1363500	-3428.2984970589027
1364000	-3432.7941662240014
1364500	-3430.5849780610115
1365000	-3428.9019953046754
1365500	-3427.1127206395154
1366000	-3427.206871177482
1366500	-3428.511540852946
1367000	-3442.8144704987926
1367500	-3423.4405667614
1368000	-3424.3840250042113
1368500	-3420.4431139928543
1369000	-3436.3835479950135
1369500	-3445.6245827088287
1370000	-3430.57933639706
1370500	-3426.9099784470436
1371000	-3428.9562431940035
1371500	-3428.354603538123
1372000	-3424.1994142503545
1372500	-3443.016424772244
1373000	-3444.422973483084
1373500	-3418.91899248744
1374000	-3425.2992957962447
1374500	-3433.6121025387224
1375000	-3430.3320346004457
1375500	-3430.24544479668
1376000	-3432.7501918708117
1376500	-3443.5378638826046
1377000	-3429.190295675621
1377500	-3429.2921991182225
1378000	-3431.4128919385403
1378500	-3428.9095445580024
1379000	-3434.3681512081407
1379500	-3457.873170675129
1380000	-3426.734373291351
1380500	-3439.319819266597
1381000	-3432.0610059779588
1381500	-3433.087205081955
1382000	-3439.742058942363
1382500	-3441.694624413184
1383000	-3430.200093591818
1383500	-3427.0418764139777
1384000	-3435.37253207226
1384500	-3431.784602304336
1385000	-3434.867362112446
1385500	-3432.188002393989
1386000	-3434.719633028363
1386500	-3430.3777910878603
1387000	-3425.848002956805
1387500	-3428.2720668878974
1388000	-3433.054314737853
1388500	-3431.64150503905
1389000	-3426.344486889421
1389500	-3422.685871665536
1390000	-3427.1258890653603
1390500	-3432.5576405092597
1391000	-3425.536254425528
1391500	-3431.308433536558
1392000	-3444.912125124207
1392500	-3435.0418441381526
1393000	-3440.5718307647626
1393500	-3443.2554523607782
1394000	-3438.849941793435
1394500	-3428.3944747789074
1395000	-3452.027744738865
1395500	-3442.5716865606196
1396000	-3429.4976259273444
1396500	-3429.422290083789
1397000	-3432.80889317674
1397500	-3432.010628959531
1398000	-3436.7480454626116
1398500	-3447.3755042289167
1399000	-3431.4303875966225
1399500	-3427.9692766974617
1400000	-3430.5430154256346
1400500	-3426.736332422979
1401000	-3435.641390221023
1401500	-3430.1185699517932
1402000	-3426.6030094190255
1402500	-3433.6213995039643
1403000	-3428.0558166568303
1403500	-3434.285212974151
1404000	-3439.1038460313416
1404500	-3434.9997721636237
1405000	-3446.9483335721156
1405500	-3452.609383919598
1406000	-3445.4505085040237
1406500	-3438.796620043456
1407000	-3445.325648511033
1407500	-3436.25105692478
1408000	-3427.6404729572782
1408500	-3421.7241092970366
1409000	-3447.435338754173
1409500	-3461.848187624299
1410000	-3439.1298614841007
1410500	-3437.0547350536895
1411000	-3427.8597710516797
1411500	-3428.740275568204
1412000	-3430.542742218924
1412500	-3443.666739754008
1413000	-3436.4222572948775
1413500	-3438.799830500704
1414000	-3441.1898613664994
1414500	-3430.897828156888
1415000	-3428.5285147682775
1415500	-3427.6677181802215
1416000	-3434.6543558932217
1416500	-3452.744493564107
1417000	-3448.502727034528
1417500	-3442.6375336614565
1418000	-3427.123897236718
1418500	-3438.8598337026433
1419000	-3441.6352698775086
1419500	-3428.2742606382235
1420000	-3441.41516373161
1420500	-3432.859234548806
1421000	-3433.3113450085775
1421500	-3427.269815712753
1422000	-3446.857968135727
1422500	-3441.922804600982
1423000	-3442.5829604341893
1423500	-3449.4871551184137
1424000	-3435.0656273229138
1424500	-3428.403053446079
1425000	-3429.4101731803125
1425500	-3424.9344885483006
1426000	-3418.4466192668046
1426500	-3423.5564760436673
1427000	-3437.2448221777463
1427500	-3443.6475332960076
1428000	-3452.7496098273696
1428500	-3440.041722930577
1429000	-3430.765467219312
1429500	-3447.075468476468
1430000	-3450.122520849593
1430500	-3456.691143118433
1431000	-3450.049164380662
1431500	-3453.066672637648
1432000	-3464.9770585642245
1432500	-3451.4146870124305
1433000	-3451.441679918682
1433500	-3449.189113513755
1434000	-3444.8552735623894
1434500	-3456.1459017196867
1435000	-3443.6376313300257
1435500	-3428.570113084638
1436000	-3445.309458546399
1436500	-3429.427873229551
1437000	-3428.3133825171276
1437500	-3436.2443139504917
1438000	-3436.43407499881
1438500	-3432.1118467459796
1439000	-3433.7418289847897
1439500	-3436.885641513233
1440000	-3441.785393212062
1440500	-3431.9107417401783
1441000	-3434.772675432485
1441500	-3431.2727793059676
1442000	-3435.863523318453
1442500	-3450.5633102276015
1443000	-3444.432549130003
1443500	-3443.811114000651
1444000	-3437.0858458249963
1444500	-3435.3879721684784
1445000	-3435.9102776210466
1445500	-3429.2396717470137
1446000	-3432.7994884940163
1446500	-3435.706324475148
1447000	-3439.528685837398
1447500	-3439.0173946704253
1448000	-3432.919753409021
1448500	-3459.311850943132
1449000	-3441.117221159685
1449500	-3429.671007846096
1450000	-3428.9476925820572
1450500	-3423.447291722445
1451000	-3427.6939454083995
1451500	-3428.118667739069
1452000	-3431.407206811003
1452500	-3438.186254838902
1453000	-3431.8071230393207
1453500	-3442.5393224907316
1454000	-3432.1032225951826
1454500	-3427.7999577105047
1455000	-3443.165353519461
1455500	-3438.4361223714614
1456000	-3435.7468236643867
1456500	-3418.360017891284
1457000	-3442.1043376668085
1457500	-3436.6182374287223
1458000	-3439.8380863794246
1458500	-3437.5886190767224
1459000	-3434.103731884335
1459500	-3446.4209228709824
1460000	-3435.0607369289164
1460500	-3426.2280770595785
1461000	-3439.045206220738
1461500	-3431.414859277316
1462000	-3440.2961991967245
1462500	-3425.453748941021
1463000	-3425.9565996915485
1463500	-3434.674368800638
1464000	-3437.7202576419095
1464500	-3436.579632708477
1465000	-3430.506536346038
1465500	-3435.1270478945644
1466000	-3438.5117370592766
1466500	-3437.0714830721563
1467000	-3438.150392064411
1467500	-3433.825469500496
1468000	-3434.204980224307
1468500	-3433.1548691821367
1469000	-3432.020636224924
1469500	-3431.176453044743
1470000	-3445.1307882691526
1470500	-3442.0208125181334
1471000	-3429.90257619512
1471500	-3429.566516997985
1472000	-3425.7318059752997
1472500	-3431.226643301243
1473000	-3425.3836735440145
1473500	-3433.7595491808115
1474000	-3429.218603474672
1474500	-3442.259845247681
1475000	-3437.766379225862
1475500	-3429.859614821174
1476000	-3424.8440777854967
1476500	-3435.0506926799785
1477000	-3438.796663250635
1477500	-3440.9146034075866
1478000	-3435.2610982863866
1478500	-3439.6645973194118
1479000	-3434.0967221110827
1479500	-3447.934879897678
1480000	-3449.101480062423
1480500	-3450.151239643591
1481000	-3447.26179316994
1481500	-3425.8804022291683
1482000	-3434.543861423002
1482500	-3440.553163742705
1483000	-3450.176556632461
1483500	-3453.368435704607
1484000	-3442.8912339180297
1484500	-3449.7124799848652
1485000	-3452.228308661462
1485500	-3443.6659729981866
1486000	-3438.4373134108837
1486500	-3451.175735559158
1487000	-3445.7617633996274
1487500	-3447.605971872869
1488000	-3432.34209667122
1488500	-3440.093712825529
1489000	-3428.3751734837956
1489500	-3439.0235693844343
1490000	-3429.952460366772
1490500	-3433.490304188052
1491000	-3437.186834232863
1491500	-3434.881069787522
1492000	-3439.8455032652228
1492500	-3439.4624071509984
1493000	-3443.746369184883
1493500	-3436.001007471953
1494000	-3444.3200662805193
1494500	-3439.5746562158733
1495000	-3449.4945323806746
1495500	-3454.66948745226
1496000	-3440.213196413693
1496500	-3439.4271100765695
1497000	-3444.4329878264293
1497500	-3446.1380693022197
1498000	-3437.382331057464
1498500	-3447.770752760421
1499000	-3452.4813721418755
1499500	-3436.9075216075507
1500000	-3434.973070947568
