Sample	likelihood
0	-3420.874283194826
500	-3429.564038533081
1000	-3430.2524028851794
1500	-3433.5909823939332
2000	-3432.1998172966223
2500	-3443.4177955004275
3000	-3436.9256983743244
3500	-3434.970942584165
4000	-3429.796465062581
4500	-3434.077026635066
5000	-3431.098737224449
5500	-3447.518922915072
6000	-3433.5600865858355
6500	-3463.6240526575157
7000	-3450.5577509830937
7500	-3440.0841422765525
8000	-3423.8093930084688
8500	-3433.4607159426105
9000	-3437.864458550009
9500	-3426.9670159846423
10000	-3434.783059171996
10500	-3439.9431141039495
11000	-3438.7634996580173
11500	-3430.5563478545446
12000	-3429.4429758985616
12500	-3439.039517892584
13000	-3451.1583230315514
13500	-3427.5688792210917
14000	-3441.0390453039427
14500	-3435.6612180671273
15000	-3429.6964370849787
15500	-3435.5732440813194
16000	-3424.564137160329
16500	-3425.4021190256726
17000	-3437.824356404717
17500	-3441.736365272614
18000	-3452.49628360826
18500	-3444.603112309214
19000	-3443.765582098016
19500	-3422.5205092640795
20000	-3431.282348230617
20500	-3443.625445359629
21000	-3431.1712942307504
21500	-3432.0208556605576
22000	-3432.9123245972737
22500	-3437.4080345109146
23000	-3442.596359794962
23500	-3445.6822970205726
24000	-3445.693540354739
24500	-3440.331882847793
25000	-3432.7295770653254
25500	-3437.4163424438575
26000	-3431.168363076754
26500	-3436.2711478550214
27000	-3430.017821295069
27500	-3432.6894627746124
28000	-3436.0201410878403
28500	-3436.1751514280477
29000	-3443.6558529525028
29500	-3427.1673965273308
30000	-3418.147083743975
30500	-3428.930659921718
31000	-3442.753155424492
31500	-3431.886705551289
32000	-3430.684750627971
32500	-3422.291155445021
33000	-3442.583800393169
33500	-3434.714025743169
34000	-3439.8453226813913
34500	-3455.108850856883
35000	-3452.2629403709825
35500	-3441.6728609367533
36000	-3435.7288782155338
36500	-3435.4184020593443
37000	-3438.6268225324093
37500	-3438.1800767741274
38000	-3436.726276499968
38500	-3452.37930096956
39000	-3454.8992320446523
39500	-3449.4408219223224
40000	-3439.897554098369
40500	-3440.7782186097556
41000	-3443.346957265955
41500	-3447.4088854180686
42000	-3432.410866714038
42500	-3434.4874964283786
43000	-3440.6649651552902
43500	-3436.270472292716
44000	-3441.486405507002
44500	-3454.9874937691347
45000	-3449.555703748502
45500	-3440.4514119870414
46000	-3434.0027505139096
46500	-3443.288408519207
47000	-3430.941018931175
47500	-3430.6989614429717
48000	-3425.376456195075
48500	-3436.5213094417068
49000	-3440.2905073893953
49500	-3443.8044362043365
50000	-3442.4844168457917
50500	-3429.161395163489
51000	-3426.410947499616
51500	-3433.3381594957373
52000	-3431.8846740200192
52500	-3446.299650876807
53000	-3445.7962088208446
53500	-3439.187553314547
54000	-3451.041679566999
54500	-3427.4567254537747
55000	-3425.4877354044247
55500	-3444.061733856655
56000	-3433.080428797592
56500	-3430.938131729865
57000	-3456.9515916635332
57500	-3452.045356847619
58000	-3449.2894985646044
58500	-3434.0677975258536
59000	-3440.998391410725
59500	-3436.0380708130447
60000	-3431.6704395253732
60500	-3431.688533844879
61000	-3436.924928809621
61500	-3429.8698467257627
62000	-3432.156365202646
62500	-3438.0825845268137
63000	-3438.372272759743
63500	-3443.6010004647237
64000	-3448.6671474729746
64500	-3439.0938762287265
65000	-3435.922342526232
65500	-3438.5918904861396
66000	-3445.5989420358433
66500	-3462.9714019847615
67000	-3455.019727435458
67500	-3424.6552849973705
68000	-3427.068404334371
68500	-3431.8041706084186
69000	-3434.1484280501077
69500	-3444.795790464464
70000	-3432.3785369239945
70500	-3440.7388495956266
71000	-3451.3880958961686
71500	-3436.0913775619056
72000	-3435.353479489278
72500	-3448.0570966228224
73000	-3435.4612870354035
73500	-3427.5814777999453
74000	-3432.4442612074304
74500	-3441.3365183686665
75000	-3435.1632510012273
75500	-3435.818098674393
76000	-3446.3588661482736
76500	-3434.4960032378185
77000	-3444.8861342541686
77500	-3436.3831838101582
78000	-3429.780577250538
78500	-3436.120463650548
79000	-3446.896375568959
79500	-3445.380444629439
80000	-3428.8240036263933
80500	-3430.932594195765
81000	-3441.7396591917427
81500	-3438.5599791018667
82000	-3441.0031745747356
82500	-3425.4144523086024
83000	-3431.0651518951804
83500	-3432.5076901167445
84000	-3443.578086580096
84500	-3440.829856144234
85000	-3455.1716008643516
85500	-3450.8689402599666
86000	-3442.321094721465
86500	-3451.9371136509753
87000	-3451.5481490865895
87500	-3443.9298875128106
88000	-3443.877756408213
88500	-3434.657614646529
89000	-3451.3808313907384
89500	-3432.0527445458474
90000	-3445.6634246930657
90500	-3449.3908621862147
91000	-3447.0416822483935
91500	-3452.62425208965
92000	-3454.5295802465394
92500	-3441.786534485245
93000	-3432.5928281876586
93500	-3438.2852105651377
94000	-3426.2942935299034
94500	-3456.762642997742
95000	-3445.297491219692
95500	-3439.1004321857936
96000	-3440.847013209891
96500	-3444.362157621543
97000	-3439.423901940586
97500	-3449.455226817571
98000	-3456.2221809465486
98500	-3442.897919167092
99000	-3445.3537061059887
99500	-3440.307122417213
100000	-3432.7324738387438
100500	-3440.769249261439
101000	-3457.8393114162564
101500	-3431.560172747627
102000	-3431.9250061556527
102500	-3430.2860003104834
103000	-3447.793039988976
103500	-3445.3231314321233
104000	-3446.7584012888738
104500	-3439.7348226668796
105000	-3442.709410307303
105500	-3442.155576624144
106000	-3446.6170241657283
106500	-3451.933820562923
107000	-3438.482106854586
107500	-3439.8976891928055
108000	-3440.486529190812
108500	-3437.6127693339536
109000	-3436.3600327819636
109500	-3437.940089966832
110000	-3446.2351130993634
110500	-3440.4260922279523
111000	-3431.9834740488172
111500	-3429.5340412103205
112000	-3429.199419166577
112500	-3434.222463198521
113000	-3431.7792679717736
113500	-3444.7159181931484
114000	-3450.620702605666
114500	-3449.915588910923
115000	-3453.9429166223376
115500	-3453.011935150907
116000	-3448.117360401723
116500	-3444.3499312400245
117000	-3438.947859471391
117500	-3448.785456561638
118000	-3465.1999357472405
118500	-3452.4888384605288
119000	-3424.0554962189062
119500	-3433.990384878139
120000	-3446.975709064932
120500	-3431.4165332094235
121000	-3442.876781456172
121500	-3436.8881795415136
122000	-3432.091579872808
122500	-3441.650480222382
123000	-3445.455427201025
123500	-3422.8847304201836
124000	-3429.8892130149397
124500	-3453.535735387848
125000	-3446.2795119506486
125500	-3437.7712703417524
126000	-3438.163714107419
126500	-3449.393392563822
127000	-3441.115187963973
127500	-3434.605550789235
128000	-3428.280637324178
128500	-3431.2129231210392
129000	-3437.4878781615325
129500	-3428.572665642401
130000	-3434.330178672447
130500	-3439.3392934527146
131000	-3444.367444234242
131500	-3434.479504569926
132000	-3442.373415592312
132500	-3428.6337964096515
133000	-3438.059958323301
133500	-3437.536559328545
134000	-3439.5539810207333
134500	-3442.6717495348753
135000	-3459.2147924145324
135500	-3440.8165933927476
136000	-3438.7309240836394
136500	-3441.992313703365
137000	-3446.141846385333
137500	-3433.8084086032113
138000	-3437.2179880904787
138500	-3434.07769429966
139000	-3442.6633489321903
139500	-3435.836175834412
140000	-3436.657464260453
140500	-3432.9267287587786
141000	-3450.8067663241827
141500	-3434.5677346744765
142000	-3438.1035410369454
142500	-3451.263997561293
143000	-3439.6545494019874
143500	-3440.9852591469153
144000	-3428.992209168633
144500	-3431.5106685462233
145000	-3431.873142841302
145500	-3436.10433979305
146000	-3444.462767621611
146500	-3444.9422688020945
147000	-3429.2197251955286
147500	-3430.1161156702888
148000	-3428.477056712726
148500	-3456.18807807624
149000	-3437.343693141424
149500	-3440.289357602513
150000	-3435.793851771959
150500	-3436.566255579566
151000	-3431.9782594238977
151500	-3436.688461384791
152000	-3435.9585764885173
152500	-3439.3871327047077
153000	-3429.0082962796832
153500	-3433.769352318213
154000	-3437.591409866648
154500	-3429.1818619654205
155000	-3443.120645249756
155500	-3451.512830351954
156000	-3456.1363791069625
156500	-3428.4973877488906
157000	-3430.848962080552
157500	-3427.6045190699924
158000	-3435.9908833919303
158500	-3439.9068023004615
159000	-3431.9166721422016
159500	-3446.742579548339
160000	-3448.5326597145154
160500	-3434.2267328749876
161000	-3443.186827253236
161500	-3427.6479666880878
162000	-3436.2938113393698
162500	-3432.344799057314
163000	-3429.350657453029
163500	-3432.0296144842314
164000	-3426.8885645984774
164500	-3439.104715549195
165000	-3435.5629034567855
165500	-3436.613679467342
166000	-3437.290989659466
166500	-3430.721032181242
167000	-3431.9235199227364
167500	-3430.1436535435178
168000	-3438.6430059942904
168500	-3457.6943843870645
169000	-3433.7328785486143
169500	-3431.8873575851035
170000	-3438.869092924989
170500	-3434.5201807389094
171000	-3446.455099942938
171500	-3430.2237654237183
172000	-3436.773811928259
172500	-3436.161778423504
173000	-3441.9488004336786
173500	-3435.402983059273
174000	-3434.6662402786096
174500	-3450.8416996996416
175000	-3434.951087933981
175500	-3429.7482437526714
176000	-3434.0900482012557
176500	-3434.463522930161
177000	-3427.0109369120123
177500	-3431.796171005557
178000	-3426.8317871665054
178500	-3430.27480619662
179000	-3427.7660306036364
179500	-3440.087168472144
180000	-3451.5563308860987
180500	-3437.8502986258536
181000	-3434.95381968105
181500	-3432.0203311894684
182000	-3437.066397468855
182500	-3429.7160424395597
183000	-3427.7725112239755
183500	-3459.629462881082
184000	-3441.153309708568
184500	-3456.0755872404143
185000	-3446.814940703137
185500	-3445.8178125604422
186000	-3447.95634893535
186500	-3438.7127386683096
187000	-3444.369986089145
187500	-3438.0141042592672
188000	-3435.5715000772743
188500	-3430.0632645960977
189000	-3429.8962835936322
189500	-3428.246217468101
190000	-3435.2195403385035
190500	-3428.1145330473573
191000	-3443.0102343620997
191500	-3433.5180212098053
192000	-3435.9295335392317
192500	-3444.2694888924357
193000	-3453.119549973976
193500	-3439.6325866609027
194000	-3446.809139842017
194500	-3441.600097561695
195000	-3427.8289236421624
195500	-3437.2402263915615
196000	-3436.7706250809497
196500	-3432.8716676290787
197000	-3445.9716851235157
197500	-3436.1024671000728
198000	-3441.329849582595
198500	-3428.7315544325033
199000	-3423.727167423496
199500	-3432.2455808291047
200000	-3432.786818415613
200500	-3433.7768774141646
201000	-3438.8229678962525
201500	-3443.633766563193
202000	-3447.7185307158884
202500	-3432.370225047214
203000	-3441.897873322736
203500	-3441.8940214881736
204000	-3440.6722721548545
204500	-3454.5620690153432
205000	-3440.5969907339086
205500	-3441.663717060485
206000	-3445.965907509208
206500	-3442.716137027649
207000	-3446.1158543779793
207500	-3445.667659138319
208000	-3450.402090801548
208500	-3434.101237518863
209000	-3446.768060707767
209500	-3434.698563395146
210000	-3444.982221441023
210500	-3446.9089509921246
211000	-3435.5776885897626
211500	-3445.3516298588843
212000	-3453.5254195285092
212500	-3450.043542081024
213000	-3435.09776821586
213500	-3440.3082896257374
214000	-3432.234425019766
214500	-3426.568632519981
215000	-3427.173597409309
215500	-3431.300916599672
216000	-3441.663061928227
216500	-3448.7381584856844
217000	-3436.164759802684
217500	-3436.721417725048
218000	-3422.7996851999787
218500	-3436.4301453867774
219000	-3457.5946600660527
219500	-3453.0885410103497
220000	-3447.296196546837
220500	-3468.9474434275103
221000	-3451.218652560802
221500	-3440.2039989859186
222000	-3435.138495570046
222500	-3444.4349743533553
223000	-3448.6591071884873
223500	-3439.377299949246
224000	-3443.379137478173
224500	-3439.1769876297
225000	-3441.836488605141
225500	-3444.747729066135
226000	-3431.7521088576614
226500	-3451.543424905658
227000	-3436.0479936724837
227500	-3428.2577228092478
228000	-3439.8838083692303
228500	-3448.1856915746284
229000	-3439.6668231988683
229500	-3440.797099669448
230000	-3447.228666567641
230500	-3451.915956075026
231000	-3440.416535053187
231500	-3437.094020001388
232000	-3441.4785315734566
232500	-3434.747326307306
233000	-3427.744815645818
233500	-3432.039746403312
234000	-3440.0602928106427
234500	-3430.4126607675717
235000	-3445.162930183967
235500	-3459.3838486067043
236000	-3449.7592232317375
236500	-3442.0406315031814
237000	-3436.238551084973
237500	-3449.291003738214
238000	-3447.4046862469895
238500	-3452.8475986204767
239000	-3432.4486719364627
239500	-3457.1241542267635
240000	-3449.1369817038285
240500	-3444.478397868759
241000	-3440.8197666366873
241500	-3433.866616513177
242000	-3435.4907233891936
242500	-3462.8304619416435
243000	-3445.2210766706994
243500	-3445.4767923509676
244000	-3448.3220184679676
244500	-3437.571288736963
245000	-3443.6057336561553
245500	-3440.2166354283595
246000	-3434.540517097983
246500	-3437.1990098214314
247000	-3435.613417937292
247500	-3431.8383333165375
248000	-3443.659818006689
248500	-3447.0208271979986
249000	-3442.9950438999304
249500	-3429.6529373955314
250000	-3436.8904917124887
250500	-3439.48645271743
251000	-3440.7383008137795
251500	-3438.768835923979
252000	-3426.477728198607
252500	-3442.6201245280586
253000	-3439.7860537824627
253500	-3432.085520944805
254000	-3435.823761468681
254500	-3436.6267651266667
255000	-3445.240768354086
255500	-3440.1856848880225
256000	-3450.9194807851227
256500	-3444.3141780658975
257000	-3452.1167632938896
257500	-3439.1693241894222
258000	-3430.8011457235402
258500	-3436.290680542453
259000	-3439.8501483255236
259500	-3432.2884649951484
260000	-3434.684093806834
260500	-3440.446554541176
261000	-3434.263994715709
261500	-3451.7254056941124
262000	-3443.7591040324337
262500	-3427.5139174295614
263000	-3438.2055208395477
263500	-3439.6052830150043
264000	-3426.734116404895
264500	-3445.855641774802
265000	-3433.57065228256
265500	-3437.7868365033055
266000	-3435.2183589355236
266500	-3430.9787037770097
267000	-3433.3978970432486
267500	-3435.023662183289
268000	-3444.8334692379003
268500	-3441.675271090222
269000	-3440.1294173921174
269500	-3438.7847229919325
270000	-3442.767522669312
270500	-3445.8920708847245
271000	-3452.3919944220715
271500	-3441.6829589134813
272000	-3438.491705863061
272500	-3443.1744072191514
273000	-3438.231111175628
273500	-3435.668552100522
274000	-3439.0998655783346
274500	-3431.2823863003423
275000	-3437.2531436502695
275500	-3439.6445438060146
276000	-3452.5997167465607
276500	-3437.2130659555446
277000	-3438.1294115884425
277500	-3433.4349512491212
278000	-3435.832942857226
278500	-3444.9246613691625
279000	-3434.0446759899028
279500	-3433.617843778167
280000	-3441.0148602953095
280500	-3436.2180333135616
281000	-3441.934858129988
281500	-3432.97587264568
282000	-3441.0576508265226
282500	-3452.7475102875164
283000	-3442.0845908812016
283500	-3452.2839031046215
284000	-3461.7711814835366
284500	-3446.032272347773
285000	-3449.419336577592
285500	-3451.6295815568305
286000	-3459.0291960016502
286500	-3455.302168380979
287000	-3453.506434336547
287500	-3442.182637145359
288000	-3441.211550891988
288500	-3429.4477233981843
289000	-3453.530783027283
289500	-3431.8983498056486
290000	-3437.5047234351396
290500	-3446.74130457433
291000	-3454.0692831408414
291500	-3449.314608035055
292000	-3437.6405573882926
292500	-3432.4777086181743
293000	-3436.72936297937
293500	-3446.50618930658
294000	-3449.0090309032976
294500	-3447.29655163237
295000	-3429.5016313009723
295500	-3448.1727921373017
296000	-3451.46317740232
296500	-3434.073623003798
297000	-3451.137524125011
297500	-3437.8871415588055
298000	-3430.154789865727
298500	-3444.5037534977405
299000	-3440.542664128476
299500	-3436.448814181715
300000	-3441.287185183045
300500	-3436.805838453553
301000	-3440.8811955971037
301500	-3438.103449209963
302000	-3443.9783724391823
302500	-3443.8766841222046
303000	-3445.5568701113657
303500	-3442.0009591544995
304000	-3437.8510904146924
304500	-3435.9454103027992
305000	-3438.7471723911112
305500	-3442.3422182960967
306000	-3441.3053497494993
306500	-3442.2734161342582
307000	-3443.314613003268
307500	-3445.3882449547755
308000	-3441.352071790802
308500	-3436.72311553297
309000	-3444.428832496755
309500	-3446.637133660077
310000	-3451.2300647239435
310500	-3458.9830865333483
311000	-3461.0111551704576
311500	-3451.7889191611284
312000	-3448.833994352402
312500	-3433.776617864879
313000	-3446.445549711656
313500	-3454.525698531109
314000	-3446.7912955851407
314500	-3444.5435614011817
315000	-3428.7397710713017
315500	-3437.3660610016423
316000	-3441.627371517319
316500	-3442.796721748116
317000	-3436.3505441362295
317500	-3430.0670548569738
318000	-3440.137890360898
318500	-3438.494060644419
319000	-3448.619144911368
319500	-3442.6417789270927
320000	-3441.2635715959163
320500	-3440.9717832753213
321000	-3448.016768628395
321500	-3459.9418167268404
322000	-3456.477649458416
322500	-3430.2198737195204
323000	-3444.2245125870186
323500	-3466.468621315702
324000	-3449.5738334976604
324500	-3439.0010492548345
325000	-3439.5917759299846
325500	-3431.224288997657
326000	-3440.4766506722794
326500	-3443.5356787278124
327000	-3449.811274879651
327500	-3444.6739718561525
328000	-3444.9280428394795
328500	-3443.1704404093393
329000	-3440.862102685858
329500	-3438.7723579839944
330000	-3438.6632986068034
330500	-3443.941980891183
331000	-3456.6058129935186
331500	-3461.760124589016
332000	-3440.7299692208508
332500	-3453.2553460688387
333000	-3436.842597163112
333500	-3434.6990542317844
334000	-3454.0497883190233
334500	-3454.577028739353
335000	-3438.9693909239136
335500	-3443.8498883608636
336000	-3445.758811128034
336500	-3435.0129002961826
337000	-3435.736074556387
337500	-3447.3501048229227
338000	-3438.0222246807725
338500	-3432.57204133081
339000	-3433.6917538492426
339500	-3433.4012723097762
340000	-3434.098591333184
340500	-3435.1998316771924
341000	-3427.813700051514
341500	-3424.9247319071533
342000	-3440.1558544687246
342500	-3438.0093594754753
343000	-3450.3919157864975
343500	-3456.787276496135
344000	-3436.815777417687
344500	-3440.9614318857884
345000	-3439.078361784777
345500	-3442.6323493691593
346000	-3441.189790500911
346500	-3436.4877597386153
347000	-3452.846981658704
347500	-3449.5253719459824
348000	-3454.829159979408
348500	-3446.380039531058
349000	-3454.6370110557086
349500	-3437.2733852926563
350000	-3433.113491548719
350500	-3443.483870237024
351000	-3439.3566600175996
351500	-3424.7701990805754
352000	-3425.704160150187
352500	-3440.4331750728984
353000	-3439.3236172280763
353500	-3442.1259815120306
354000	-3434.7057708629663
354500	-3428.9135075382515
355000	-3438.295038688001
355500	-3448.930249412824
356000	-3433.881001278581
356500	-3436.5777539766336
357000	-3442.70498756846
357500	-3437.9298909566332
358000	-3452.183541631549
358500	-3446.124593316716
359000	-3446.438393180449
359500	-3429.7183591443886
360000	-3448.1987617825816
360500	-3436.0775160250337
361000	-3442.577863795827
361500	-3438.272891475762
362000	-3438.043274102603
362500	-3441.823014440284
363000	-3459.2202678446533
363500	-3461.4076219181115
364000	-3449.7591397956594
364500	-3438.9904333753975
365000	-3436.37618747995
365500	-3446.8059447041114
366000	-3440.6771166449744
366500	-3426.8588971486347
367000	-3438.392009828179
367500	-3441.919566738106
368000	-3442.555520575012
368500	-3433.8105631084873
369000	-3440.982061403263
369500	-3445.5341851654007
370000	-3445.2964821838004
370500	-3458.025568015884
371000	-3455.962229181823
371500	-3461.319667433543
372000	-3447.9745868581335
372500	-3438.3341807567836
373000	-3450.5484498255946
373500	-3444.4339149772118
374000	-3457.5364288101114
374500	-3445.6599609918967
375000	-3450.729407177182
375500	-3455.0079822042776
376000	-3442.367850268507
376500	-3439.5905465424826
377000	-3447.631046220454
377500	-3448.765231940093
378000	-3446.5236061571904
378500	-3451.105196216568
379000	-3436.172200715404
379500	-3451.602044643114
380000	-3426.7781116650644
380500	-3440.356139461322
381000	-3436.436822398432
381500	-3438.7233663369325
382000	-3445.4935758252795
382500	-3444.43423582466
383000	-3434.9653035746614
383500	-3441.563415988218
384000	-3436.114616271796
384500	-3433.693795403851
385000	-3434.910397920801
385500	-3445.897703648918
386000	-3443.434671157425
386500	-3437.5295084569348
387000	-3434.685975904769
387500	-3440.8038321286685
388000	-3442.502039570224
388500	-3429.8483807653156
389000	-3437.0285379832712
389500	-3447.2141904542677
390000	-3435.2591714613473
390500	-3438.4792835574135
391000	-3432.5051882944367
391500	-3429.9424177986225
392000	-3440.2867111275636
392500	-3439.0360527515527
393000	-3433.487140202348
393500	-3433.1708024714076
394000	-3428.03808445627
394500	-3433.2614253941983
395000	-3441.6166052496724
395500	-3448.5427633118697
396000	-3434.837776438773
396500	-3437.4286011933154
397000	-3441.6252194912304
397500	-3429.7385518817873
398000	-3429.3796317656243
398500	-3436.5106851248565
399000	-3438.867305022133
399500	-3444.1995356318885
400000	-3435.2159796932815
400500	-3438.388931869466
401000	-3433.555526122074
401500	-3436.5065670525
402000	-3439.25990813602
402500	-3431.7556668925836
403000	-3439.7226126859573
403500	-3451.8341361317243
404000	-3444.1135960397323
404500	-3445.9579774285903
405000	-3441.827644342224
405500	-3439.2350510115843
406000	-3447.292911388735
406500	-3452.1244444262575
407000	-3436.6494430004577
407500	-3435.239894366082
408000	-3434.19593886682
408500	-3436.722232612751
409000	-3438.6190225968203
409500	-3432.0414820906476
410000	-3440.52298145543
410500	-3443.466993161772
411000	-3441.187809854505
411500	-3438.8860533707375
412000	-3442.247054085605
412500	-3434.259160549642
413000	-3441.6045571776463
413500	-3433.6369595882015
414000	-3443.0505274527313
414500	-3440.172230684092
415000	-3439.2807370026485
415500	-3430.414947626928
416000	-3436.9630545315454
416500	-3442.354659794558
417000	-3438.371886620719
417500	-3443.04929782928
418000	-3436.6382981743695
418500	-3435.906564403672
419000	-3430.7799487546854
419500	-3428.8736269850174
420000	-3435.642684805001
420500	-3433.8421738940965
421000	-3454.1187438103625
421500	-3464.801627149812
422000	-3458.830692447436
422500	-3458.7473443842982
423000	-3440.053863932271
423500	-3426.8706814038133
424000	-3450.2550329136816
424500	-3451.160909967563
425000	-3440.111191260842
425500	-3452.0012839841406
426000	-3437.7654933073572
426500	-3441.222147747807
427000	-3428.605779285521
427500	-3449.8526388541554
428000	-3447.856797521223
428500	-3450.5533372913787
429000	-3439.4183952122776
429500	-3434.2475446314475
430000	-3449.441195885925
430500	-3435.194533197952
431000	-3435.1928679770867
431500	-3445.784340260659
432000	-3447.247233436133
432500	-3444.4826727696263
433000	-3442.550141419887
433500	-3441.3251932681587
434000	-3443.300315695336
434500	-3439.4971668641174
435000	-3452.1164236020245
435500	-3444.222076996752
436000	-3433.6854514915253
436500	-3431.120957394287
437000	-3435.2051738440546
437500	-3440.2317058056456
438000	-3438.8814337002054
438500	-3443.561940754182
439000	-3439.6348244930937
439500	-3431.6788896352696
440000	-3446.675496633447
440500	-3441.4489568831323
441000	-3443.43553583792
441500	-3435.887957613836
442000	-3454.0217897410134
442500	-3446.6130675827862
443000	-3464.1594938627045
443500	-3456.2321801809117
444000	-3437.597036110805
444500	-3444.615127537433
445000	-3434.9194924982307
445500	-3442.8174312393508
446000	-3431.241851177733
446500	-3425.4294912323826
447000	-3443.7280720225262
447500	-3423.2965339552948
448000	-3438.6370386679164
448500	-3445.039960335038
449000	-3438.0371991606125
449500	-3435.3468377568615
450000	-3440.354214722641
450500	-3442.8326084467367
451000	-3445.070354839794
451500	-3457.9082497418253
452000	-3456.585795998372
452500	-3454.6064906106776
453000	-3438.7481397722577
453500	-3448.327755102911
454000	-3436.255418799178
454500	-3440.4000220649373
455000	-3450.2988090655926
455500	-3431.610900090151
456000	-3439.6711125856555
456500	-3445.925583376577
457000	-3430.9806103037445
457500	-3434.3537910676982
458000	-3434.5876896483937
458500	-3430.7658085399903
459000	-3433.293755344856
459500	-3432.509313590321
460000	-3434.8709284499623
460500	-3435.55672952666
461000	-3434.8718153898076
461500	-3430.9817693286323
462000	-3423.935157574424
462500	-3432.6503815861493
463000	-3437.9349740742277
463500	-3443.416435932459
464000	-3442.836749217273
464500	-3430.9234492023297
465000	-3447.4502671581195
465500	-3443.574131657345
466000	-3456.4381293572796
466500	-3463.1460087073256
467000	-3436.8585064676327
467500	-3435.467461140398
468000	-3449.0255046724455
468500	-3443.023490918544
469000	-3448.237965919995
469500	-3448.2254321902315
470000	-3430.7089680835966
470500	-3422.3976603503156
471000	-3446.0906182764566
471500	-3434.381643378436
472000	-3453.5501996747853
472500	-3444.3594478364425
473000	-3440.8311199508294
473500	-3434.189328607431
474000	-3452.103157055981
474500	-3445.036749376518
475000	-3451.3480983125937
475500	-3450.994618347759
476000	-3463.1237340652965
476500	-3446.164420079394
477000	-3432.5443546200513
477500	-3432.175826683985
478000	-3439.391397870998
478500	-3445.2522931805265
479000	-3437.3227710934707
479500	-3440.8861986980164
480000	-3437.683393533142
480500	-3432.736791495885
481000	-3431.9271543842806
481500	-3435.015706987629
482000	-3444.5495401086323
482500	-3446.3749784512192
483000	-3442.8537460960433
483500	-3435.3367103387177
484000	-3460.0225858076506
484500	-3456.6194353646442
485000	-3454.9981238160376
485500	-3448.979142746751
486000	-3431.1076408883027
486500	-3439.99489131821
487000	-3452.811145992548
487500	-3440.4324120958586
488000	-3470.591152195558
488500	-3444.123287636913
489000	-3445.0138747947594
489500	-3449.0046745431446
490000	-3449.403266974938
490500	-3437.2072571248905
491000	-3437.27419792977
491500	-3439.7844904147887
492000	-3438.1281884602927
492500	-3429.5331154900323
493000	-3424.003247170571
493500	-3434.726578534789
494000	-3435.311490305
494500	-3435.3176083149397
495000	-3454.2276118285245
495500	-3456.714862311716
496000	-3454.0178454204274
496500	-3460.936198606175
497000	-3439.334580537894
497500	-3438.835606626403
498000	-3442.59299767108
498500	-3425.70930011646
499000	-3439.8225882716793
499500	-3441.170103905468
500000	-3450.7902708599613
500500	-3444.713667104391
501000	-3449.9879546099532
501500	-3444.078519281297
502000	-3450.4406023026613
502500	-3441.829778643207
503000	-3435.9169843441778
503500	-3444.777423818831
504000	-3433.064679454781
504500	-3439.7653669514257
505000	-3435.003265399876
505500	-3439.2501839700385
506000	-3450.9853931218886
506500	-3438.2810090182816
507000	-3441.267991665278
507500	-3428.992480157493
508000	-3434.5392455050096
508500	-3433.2871346566726
509000	-3439.7039920107954
509500	-3429.4142518971817
510000	-3446.905804969756
510500	-3432.511289956291
511000	-3444.9242219137955
511500	-3435.9929415529245
512000	-3437.6531090870362
512500	-3442.7248999771714
513000	-3441.7813481764256
513500	-3461.9663932454405
514000	-3439.8141132003143
514500	-3440.093047984425
515000	-3442.2837643359867
515500	-3448.320130207268
516000	-3450.116854442104
516500	-3442.0842691241105
517000	-3430.3154981124917
517500	-3436.461187467432
518000	-3436.0562578085464
518500	-3438.5865207328334
519000	-3451.8421418767966
519500	-3445.293972937986
520000	-3450.063903575679
520500	-3435.8406211724764
521000	-3446.465454345075
521500	-3446.562382261957
522000	-3438.4055694129315
522500	-3431.9792087316264
523000	-3436.5654640499615
523500	-3437.1211821468496
524000	-3438.9930993767766
524500	-3441.7061339041234
525000	-3426.0228604882495
525500	-3437.7657290099487
526000	-3437.70391752001
526500	-3436.677887067436
527000	-3435.655141981927
527500	-3435.620809722946
528000	-3432.0014460968446
528500	-3441.672935079991
529000	-3442.193007033703
529500	-3433.172977818372
530000	-3438.288572583424
530500	-3437.515587373382
531000	-3428.7271990682693
531500	-3442.906619105516
532000	-3447.5727693203867
532500	-3447.3794933931317
533000	-3445.5300288780413
533500	-3444.218913269979
534000	-3441.5518408634657
534500	-3439.06650258358
535000	-3445.6015443653177
535500	-3439.4160976851113
536000	-3427.6455848378077
536500	-3434.991430505109
537000	-3452.9330392427073
537500	-3446.3872829536285
538000	-3442.194572542536
538500	-3452.0748147894574
539000	-3437.3490725865327
539500	-3446.3531943439634
540000	-3438.8235705189554
540500	-3438.5254365253795
541000	-3429.145545510095
541500	-3449.4626206649814
542000	-3425.441981707629
542500	-3450.1442624478655
543000	-3457.7929362314376
543500	-3457.8320330785764
544000	-3463.3801545136357
544500	-3454.978507042538
545000	-3465.1685379020882
545500	-3460.3545282903206
546000	-3446.3575349025014
546500	-3453.3265282137368
547000	-3434.7724396745066
547500	-3436.181237077776
548000	-3463.4168200596046
548500	-3446.2123023549225
549000	-3442.8195783485894
549500	-3450.9287740999894
550000	-3446.5893060585877
550500	-3438.541995719388
551000	-3440.9931876946066
551500	-3443.02242256599
552000	-3444.8718515708542
552500	-3438.3087789352403
553000	-3445.9533173461637
553500	-3430.4434625872796
554000	-3436.5765101693073
554500	-3435.0473581051556
555000	-3456.2581402702995
555500	-3435.6624204383425
556000	-3459.082799799055
556500	-3445.658173505966
557000	-3440.2100624173804
557500	-3444.5942232025404
558000	-3439.648794632939
558500	-3441.071067126047
559000	-3444.811850569654
559500	-3453.9954801549325
560000	-3436.171213101874
560500	-3433.3722716235166
561000	-3432.8176992186204
561500	-3453.1717696296855
562000	-3442.397164064968
562500	-3439.2964880638297
563000	-3426.960629954632
563500	-3431.2200422086507
564000	-3430.54220066461
564500	-3440.6140772476892
565000	-3437.8049702990807
565500	-3428.123361306029
566000	-3435.1866879638887
566500	-3435.881525131609
567000	-3457.7915126633075
567500	-3445.001911905937
568000	-3440.8442998760493
568500	-3442.9446987436654
569000	-3441.4160224308966
569500	-3431.464432820223
570000	-3429.2248532878475
570500	-3443.2733338750927
571000	-3441.2143599707283
571500	-3436.890374669886
572000	-3438.6180150406626
572500	-3431.7917208757553
573000	-3434.8634193059092
573500	-3437.8850868021723
574000	-3432.4951873098635
574500	-3429.146464456426
575000	-3436.1709402847832
575500	-3439.3828290631395
576000	-3434.828496949623
576500	-3429.947184557858
577000	-3438.805203604771
577500	-3456.8611829440174
578000	-3457.14101973887
578500	-3434.8311103859637
579000	-3447.6633095918896
579500	-3444.3424003338096
580000	-3437.564020402743
580500	-3442.8610724830282
581000	-3448.6603100984407
581500	-3435.990427628972
582000	-3435.016299174224
582500	-3458.293197213609
583000	-3464.9155484866283
583500	-3450.61432039372
584000	-3456.1847237260417
584500	-3432.852299895897
585000	-3432.7901710045
585500	-3434.1534703056923
586000	-3438.8592571581157
586500	-3437.182969230277
587000	-3449.6202646944867
587500	-3434.541353032839
588000	-3444.8249347631836
588500	-3430.333776045577
589000	-3438.963899990821
589500	-3441.439889467753
590000	-3446.886062223889
590500	-3444.8233434917092
591000	-3433.095310879966
591500	-3438.7117074057055
592000	-3432.3207305167425
592500	-3440.697001628633
593000	-3451.1564464117832
593500	-3452.5954658644087
594000	-3460.039125409004
594500	-3462.4126525172705
595000	-3456.967671188972
595500	-3445.2091927420056
596000	-3433.6263765748618
596500	-3449.7158424259037
597000	-3432.818469114812
597500	-3445.056404287441
598000	-3447.8447540020725
598500	-3433.614605642025
599000	-3436.7387271035295
599500	-3446.1601641942834
600000	-3439.2320388624266
600500	-3452.055433247487
601000	-3438.2728073728285
601500	-3445.4849607856304
602000	-3444.8139510634032
602500	-3455.8917746027573
603000	-3457.72638856588
603500	-3470.8906108440383
604000	-3456.520624647975
604500	-3447.840347847813
605000	-3448.067451762408
605500	-3452.322357048836
606000	-3442.1229652062448
606500	-3436.3974100811643
607000	-3435.4282051158143
607500	-3439.2145572104605
608000	-3439.6588285484645
608500	-3449.2995488852625
609000	-3459.958898174326
609500	-3458.417422827409
610000	-3451.8255197626095
610500	-3429.678454283285
611000	-3433.1236915438526
611500	-3445.0753338795234
612000	-3441.047952869581
612500	-3433.132190201112
613000	-3442.3749051440936
613500	-3456.0657506571847
614000	-3441.056695424595
614500	-3445.466546596221
615000	-3450.0739222288375
615500	-3475.9824704632315
616000	-3443.655067758941
616500	-3441.429199705883
617000	-3453.710895672329
617500	-3432.3711942602117
618000	-3440.054728168561
618500	-3440.454506762395
619000	-3447.855243874687
619500	-3437.850292030568
620000	-3435.784220365453
620500	-3444.723952177461
621000	-3452.584233673794
621500	-3439.7662706716637
622000	-3432.5767518501866
622500	-3444.9809388359563
623000	-3450.4994473787256
623500	-3442.624675121825
624000	-3445.8711675723252
624500	-3438.9891069932196
625000	-3456.062170354293
625500	-3453.6212289532723
626000	-3442.1668423011724
626500	-3445.6366579039327
627000	-3446.399577608298
627500	-3445.849669726813
628000	-3452.891978619392
628500	-3446.770872380692
629000	-3440.1016905550377
629500	-3446.0405362597485
630000	-3455.768206377076
630500	-3443.676862112741
631000	-3439.747396004634
631500	-3429.528269774623
632000	-3440.6922834032853
632500	-3439.342936142202
633000	-3448.8567956951583
633500	-3431.278261831459
634000	-3427.5224510737535
634500	-3438.185493011466
635000	-3441.2423024838968
635500	-3439.0956697636193
636000	-3426.019249321027
636500	-3426.7318078211206
637000	-3450.9736288640606
637500	-3466.796190390439
638000	-3459.871323280769
638500	-3453.416983165051
639000	-3430.2375948530907
639500	-3439.556342845661
640000	-3437.242508823571
640500	-3441.438067369196
641000	-3428.6812145957665
641500	-3422.2770292593823
642000	-3428.5442511683013
642500	-3431.3366581694822
643000	-3429.698964983482
643500	-3437.5372597886408
644000	-3437.133119418007
644500	-3438.186813452477
645000	-3452.3176450726755
645500	-3449.1547438363405
646000	-3453.1425745008255
646500	-3430.831045688641
647000	-3427.349514661742
647500	-3440.311542546719
648000	-3444.3575893279817
648500	-3451.6106418874706
649000	-3437.109919152692
649500	-3445.046580295684
650000	-3434.59506249539
650500	-3436.780242421607
651000	-3439.4351123930783
651500	-3461.2136134607617
652000	-3448.177120338183
652500	-3449.545954278862
653000	-3440.2821517136817
653500	-3438.257290523215
654000	-3430.1303278359555
654500	-3443.9604887374503
655000	-3436.0553095734685
655500	-3447.4924494183047
656000	-3433.4518053003358
656500	-3449.4348747650492
657000	-3439.292819340188
657500	-3443.4416140328967
658000	-3451.6656598370605
658500	-3444.027977580126
659000	-3442.4346931683685
659500	-3439.116981597384
660000	-3443.0391563536728
660500	-3431.964373945949
661000	-3427.101274713593
661500	-3422.1969591098646
662000	-3430.3483447856815
662500	-3434.7691787919116
663000	-3441.4702613595614
663500	-3438.686339689828
664000	-3436.643455499977
664500	-3437.9340282975572
665000	-3441.9386216122894
665500	-3445.1206213315013
666000	-3442.362969527778
666500	-3431.9331890634835
667000	-3436.457249841349
667500	-3435.8018144451567
668000	-3437.744665151859
668500	-3442.010397457198
669000	-3438.159470796917
669500	-3451.820116915079
670000	-3440.1150009265743
670500	-3431.0383050654405
671000	-3458.3068848173234
671500	-3437.2489596140827
672000	-3442.1864868794696
672500	-3438.088347549677
673000	-3441.7386893493717
673500	-3440.4217120263866
674000	-3427.623092213336
674500	-3453.279117178679
675000	-3456.520015528441
675500	-3450.79493589065
676000	-3458.366099829036
676500	-3434.2245817446164
677000	-3430.8745083727035
677500	-3431.1902080926225
678000	-3445.09622798223
678500	-3439.112577039437
679000	-3434.1884813655406
679500	-3437.8778746796993
680000	-3437.081020867409
680500	-3435.0613143283704
681000	-3445.191126529552
681500	-3432.00678945341
682000	-3445.4407162615767
682500	-3438.837797895141
683000	-3444.8187022051025
683500	-3435.4271413997044
684000	-3454.39057914955
684500	-3438.575103506292
685000	-3429.977063796107
685500	-3435.2859674183596
686000	-3452.1541807473295
686500	-3440.8163295270992
687000	-3437.891009235869
687500	-3433.0314716712387
688000	-3459.905266489764
688500	-3454.745927586577
689000	-3454.1751878840373
689500	-3433.1238930992567
690000	-3427.8143035031644
690500	-3431.8892089997253
691000	-3439.7110293186247
691500	-3439.792307706394
692000	-3433.745161397113
692500	-3443.38980234151
693000	-3438.7691452587464
693500	-3437.215651801821
694000	-3445.5060624783814
694500	-3437.992672479087
695000	-3439.390559274274
695500	-3429.3745530275255
696000	-3439.5760996370927
696500	-3437.042149856415
697000	-3434.2894627547694
697500	-3442.30090543026
698000	-3442.6555154769326
698500	-3440.0027726157664
699000	-3448.6735507077933
699500	-3441.9836312838147
700000	-3444.7299340461177
700500	-3456.2853156070064
701000	-3453.050997692443
701500	-3426.0944755483433
702000	-3455.0234593165064
702500	-3449.131607896518
703000	-3456.1640137369745
703500	-3450.4118417678683
704000	-3472.1665533542105
704500	-3459.2257496749257
705000	-3451.807669516926
705500	-3454.1303351746615
706000	-3446.7852505831847
706500	-3439.0958362535443
707000	-3436.2140842681265
707500	-3436.906166905264
708000	-3431.7789158351475
708500	-3434.955208978513
709000	-3430.1398083691865
709500	-3434.874714955714
710000	-3422.868698275673
710500	-3427.3284091304804
711000	-3435.8561197406348
711500	-3442.716166038898
712000	-3436.577091399207
712500	-3440.7403218396066
713000	-3439.1112137431965
713500	-3429.2285260489693
714000	-3452.7227656387213
714500	-3437.7497797544147
715000	-3439.593730190623
715500	-3461.949167090674
716000	-3436.7975108887786
716500	-3447.6716642166894
717000	-3441.490358992159
717500	-3435.8749415618586
718000	-3432.068766521968
718500	-3433.270742874714
719000	-3436.3407784728074
719500	-3436.372940796528
720000	-3436.330625537498
720500	-3440.895799179339
721000	-3455.034326278257
721500	-3433.3525918879495
722000	-3431.0654291906644
722500	-3431.1930408283324
723000	-3436.9010712448608
723500	-3445.1722288622564
724000	-3446.468454102415
724500	-3439.44907321828
725000	-3433.8853003129743
725500	-3443.7365301972995
726000	-3427.1329179569216
726500	-3429.643514216656
727000	-3444.4741196498703
727500	-3447.777694769771
728000	-3436.7593105586175
728500	-3446.645281511178
729000	-3430.0156998680554
729500	-3432.682830268085
730000	-3431.80701147341
730500	-3445.562128734404
731000	-3439.0826437003857
731500	-3442.9901817075015
732000	-3429.765131317561
732500	-3436.2874959798346
733000	-3426.701066729262
733500	-3437.1169475093557
734000	-3448.8672021322736
734500	-3427.248878749533
735000	-3433.085155382216
735500	-3429.1939928600086
736000	-3426.4716289646644
736500	-3446.9909079236522
737000	-3434.668885097547
737500	-3430.5912762977896
738000	-3439.0852450755215
738500	-3440.343360440492
739000	-3439.3161677686576
739500	-3446.231066143299
740000	-3427.250005469619
740500	-3422.8262682908835
741000	-3421.753671468013
741500	-3429.622091429535
742000	-3424.706025964724
742500	-3444.5804815266392
743000	-3433.0520922806945
743500	-3431.8428433359536
744000	-3433.5104495160385
744500	-3433.2225553747094
745000	-3439.313276554186
745500	-3441.7424182610757
746000	-3443.2341451693865
746500	-3433.0167839234264
747000	-3439.4392437412284
747500	-3440.8678871537804
748000	-3432.854578450399
748500	-3437.147724838083
749000	-3433.2081764546792
749500	-3439.5524004080726
750000	-3430.580075304023
750500	-3438.469604146274
751000	-3430.77951629471
751500	-3433.3761219307034
752000	-3438.5816779034276
752500	-3434.73098319742
753000	-3467.6523882312927
753500	-3441.707933030156
754000	-3439.7467907870996
754500	-3429.9257937349457
755000	-3450.6521792549643
755500	-3440.7468834881183
756000	-3454.448492376907
756500	-3441.9439359350667
757000	-3450.6212827685627
757500	-3455.292192626448
758000	-3437.3059876534267
758500	-3430.5708351454637
759000	-3432.207997413002
759500	-3442.4780044555655
760000	-3444.4312803358685
760500	-3435.6518460890516
761000	-3428.966223994364
761500	-3439.2393229167424
762000	-3426.9520293475034
762500	-3431.179156295689
763000	-3428.2368439956394
763500	-3444.4524272889203
764000	-3453.9273639761464
764500	-3437.2374172353784
765000	-3440.709430926705
765500	-3451.027809138759
766000	-3442.5778477205163
766500	-3440.067191360592
767000	-3432.0134245420895
767500	-3438.4146688364667
768000	-3434.3903114765817
768500	-3432.2019220624447
769000	-3433.6776887845567
769500	-3440.7416107109134
770000	-3440.0066116881485
770500	-3435.901262798984
771000	-3438.108592736684
771500	-3439.825757296282
772000	-3434.6492558715254
772500	-3440.7113824470116
773000	-3455.202766709833
773500	-3443.8759360250974
774000	-3430.613796263305
774500	-3424.967685527765
775000	-3436.0872377126984
775500	-3444.4617316108843
776000	-3440.1642360702776
776500	-3433.7315222581574
777000	-3442.495512190755
777500	-3452.2513515301475
778000	-3438.720988448493
778500	-3445.3649600343824
779000	-3440.3369653520126
779500	-3433.271072572107
780000	-3435.207080749458
780500	-3447.2407433437124
781000	-3437.2567102556695
781500	-3444.0017429047393
782000	-3455.3281247524274
782500	-3433.4221536219775
783000	-3439.8440043470882
783500	-3423.622017815901
784000	-3425.186409474814
784500	-3428.3946920328826
785000	-3444.2259018763416
785500	-3432.2282242807178
786000	-3432.9953546528395
786500	-3448.7063017572013
787000	-3443.243404166689
787500	-3440.8158475221926
788000	-3446.673721291269
788500	-3435.749153534836
789000	-3432.388156092004
789500	-3433.785783854959
790000	-3437.450317219457
790500	-3435.7489405979404
791000	-3445.1797233710204
791500	-3450.1706942857354
792000	-3439.448674625947
792500	-3450.327879950383
793000	-3455.149416227517
793500	-3455.991419043414
794000	-3452.8088163052757
794500	-3458.076326721626
795000	-3459.7667842842084
795500	-3435.606479256461
796000	-3441.205768764254
796500	-3440.9789856932753
797000	-3446.6803565916757
797500	-3449.3022597341296
798000	-3429.267921526171
798500	-3438.4055897382855
799000	-3435.380458557289
799500	-3442.3792714495257
800000	-3444.286304575678
800500	-3436.507698488466
801000	-3434.6199322754537
801500	-3444.695434551681
802000	-3432.6812104344126
802500	-3436.345717420238
803000	-3436.012893380801
803500	-3448.240876912121
804000	-3438.0585151752257
804500	-3436.18027575944
805000	-3434.9638546874903
805500	-3434.6467485639027
806000	-3420.7258963463773
806500	-3428.9877187093975
807000	-3434.139247222705
807500	-3429.076404168329
808000	-3445.6970595611624
808500	-3451.9881940375535
809000	-3436.0638836444105
809500	-3441.2664710140225
810000	-3434.2594576883885
810500	-3445.9377175394798
811000	-3453.8166793623504
811500	-3439.142659873833
812000	-3432.2355647505906
812500	-3446.210672952789
813000	-3432.855012071916
813500	-3432.5256177907977
814000	-3444.5910853881724
814500	-3434.7169981075594
815000	-3449.7813664614164
815500	-3428.189168642707
816000	-3449.9353593569826
816500	-3439.362774750297
817000	-3428.8224955432997
817500	-3438.450461670617
818000	-3437.8099936981107
818500	-3440.163585287121
819000	-3430.049946199918
819500	-3442.4537170904573
820000	-3444.57767346659
820500	-3449.618078299926
821000	-3444.854289833238
821500	-3430.385322875999
822000	-3447.356880423555
822500	-3432.11685512991
823000	-3440.159989117286
823500	-3447.168933661944
824000	-3427.03038556528
824500	-3439.7127638905117
825000	-3437.130534193871
825500	-3443.1239858360595
826000	-3440.617143507612
826500	-3433.6804607408826
827000	-3439.266526019758
827500	-3442.5891607515578
828000	-3456.0730722365442
828500	-3436.84671105463
829000	-3433.1173553998296
829500	-3432.4885781791513
830000	-3449.5906498447584
830500	-3452.9481449178106
831000	-3461.325589047249
831500	-3433.9713131208864
832000	-3440.2643180620717
832500	-3445.958428624293
833000	-3436.244769943641
833500	-3437.607472819501
834000	-3437.2298492122177
834500	-3433.7663081052347
835000	-3438.9312709200217
835500	-3437.787347466496
836000	-3434.3346088036537
836500	-3449.637365930635
837000	-3433.732739010731
837500	-3439.082328831948
838000	-3439.3656726732333
838500	-3442.875703679374
839000	-3455.761970993255
839500	-3438.7022787712776
840000	-3444.0795904767883
840500	-3436.864858630869
841000	-3450.533937382795
841500	-3443.1366849019178
842000	-3465.1406019786473
842500	-3458.955111866933
843000	-3456.4437009818967
843500	-3449.9452577328248
844000	-3448.514411417912
844500	-3443.3845509039115
845000	-3438.6980218769813
845500	-3456.5055961540393
846000	-3443.5884050770956
846500	-3434.29059564329
847000	-3432.3783383819473
847500	-3462.3843963166246
848000	-3448.924783079847
848500	-3429.3909613180062
849000	-3440.723167407509
849500	-3456.5208131147383
850000	-3457.9836494676083
850500	-3447.5594254383104
851000	-3443.322178185512
851500	-3450.5151652047703
852000	-3436.302750590639
852500	-3425.4148870215186
853000	-3446.2680544533982
853500	-3441.3210555113146
854000	-3441.9773664957906
854500	-3451.0350164028114
855000	-3449.352386486559
855500	-3442.5218767465535
856000	-3444.3484067871127
856500	-3428.4470171231474
857000	-3426.051623514471
857500	-3433.667446584609
858000	-3430.278516011082
858500	-3446.220769320955
859000	-3447.0706065116847
859500	-3453.0598841131105
860000	-3432.9867860394997
860500	-3426.87679028979
861000	-3433.6245753541107
861500	-3452.595156273388
862000	-3443.8618614086954
862500	-3431.63913515246
863000	-3430.15699950357
863500	-3434.3888955984557
864000	-3464.5849827697666
864500	-3436.112847439535
865000	-3435.2796445445274
865500	-3437.5087626046593
866000	-3436.013007490304
866500	-3448.621593091741
867000	-3442.6982272366813
867500	-3461.4858052726195
868000	-3448.985460785666
868500	-3444.3792357325774
869000	-3448.768848055298
869500	-3434.8591315693902
870000	-3438.017716920622
870500	-3429.3601601866458
871000	-3436.1235809278814
871500	-3438.5990919537326
872000	-3435.19313497466
872500	-3438.786580793237
873000	-3432.297771655455
873500	-3442.959452976575
874000	-3441.0788058654325
874500	-3432.4458450063394
875000	-3427.103382353662
875500	-3439.680687438847
876000	-3444.1488444334186
876500	-3439.5500214603203
877000	-3452.9345374667164
877500	-3448.595959405378
878000	-3433.9729702899867
878500	-3438.170051161868
879000	-3439.450079335997
879500	-3445.912791537384
880000	-3440.471198163861
880500	-3423.9770520554293
881000	-3435.0025256635854
881500	-3441.7540855849497
882000	-3433.9876271746857
882500	-3443.9508111329496
883000	-3438.3570025343815
883500	-3442.8645043722418
884000	-3437.518577672749
884500	-3442.672835106418
885000	-3434.2103579852287
885500	-3432.883470615111
886000	-3434.6882996200497
886500	-3446.455605964759
887000	-3449.918683899731
887500	-3444.142786046258
888000	-3439.4430464116645
888500	-3424.730894284735
889000	-3436.855208362614
889500	-3432.9347002633626
890000	-3429.4622509820797
890500	-3426.187743111619
891000	-3433.5956954386816
891500	-3435.204082256529
892000	-3430.362871224921
892500	-3431.6414811225254
893000	-3439.0558604247703
893500	-3420.9563701021802
894000	-3428.5930884310114
894500	-3447.0522907241916
895000	-3431.933188134576
895500	-3434.8582473341303
896000	-3444.9264966223213
896500	-3451.573666016497
897000	-3448.1565071379314
897500	-3447.0164329668837
898000	-3441.293700590411
898500	-3436.817061190377
899000	-3433.369503731126
899500	-3432.923032470897
900000	-3437.9658687999176
900500	-3435.189135371692
901000	-3436.7868759588637
901500	-3441.719911393382
902000	-3446.6423029919474
902500	-3436.349269471626
903000	-3427.515539970639
903500	-3437.604183298695
904000	-3434.4231006311597
904500	-3430.0405551930603
905000	-3445.0750757804426
905500	-3434.9543069442743
906000	-3456.221654286118
906500	-3446.1706834108177
907000	-3436.141738803245
907500	-3432.9147399742474
908000	-3426.9812933096714
908500	-3439.081173479688
909000	-3431.268852690214
909500	-3430.178083907939
910000	-3428.034831421626
910500	-3431.9035725774716
911000	-3434.2207154026323
911500	-3430.9049532339814
912000	-3437.0103262971843
912500	-3435.471849755802
913000	-3432.102921631108
913500	-3443.903949177979
914000	-3442.145102650302
914500	-3438.788767187789
915000	-3430.949636106112
915500	-3454.55353199483
916000	-3448.392726140778
916500	-3430.1877281200454
917000	-3439.7064611132228
917500	-3442.375233141222
918000	-3438.059806085462
918500	-3431.650613056686
919000	-3433.7435804216952
919500	-3424.856584057869
920000	-3429.351387403217
920500	-3435.920216805223
921000	-3436.9830026745203
921500	-3456.615060136699
922000	-3471.6632750223102
922500	-3455.14113476601
923000	-3450.054892086375
923500	-3453.202180174484
924000	-3427.386238601046
924500	-3458.0001564633785
925000	-3448.7395715185507
925500	-3442.2884468332745
926000	-3427.5307440834163
926500	-3458.34171287218
927000	-3435.417868735986
927500	-3449.440473806351
928000	-3438.459251421532
928500	-3435.584856749964
929000	-3446.0029981066896
929500	-3443.1652703986406
930000	-3444.7538784102453
930500	-3435.0744202474916
931000	-3450.264302809358
931500	-3442.822672468354
932000	-3436.8740508025826
932500	-3437.4628494196877
933000	-3436.9928573413004
933500	-3428.9381296503157
934000	-3440.2828624325666
934500	-3438.272613773135
935000	-3434.450950432387
935500	-3437.5806392657287
936000	-3452.0130273195728
936500	-3430.5277741097834
937000	-3442.6857691763116
937500	-3447.427822420846
938000	-3448.2196764816977
938500	-3432.666030502788
939000	-3434.97425715624
939500	-3443.0572250095984
940000	-3439.5325815355222
940500	-3460.7773246103725
941000	-3442.9616133271434
941500	-3441.455048151205
942000	-3446.220851473495
942500	-3439.9181927258383
943000	-3448.459900625167
943500	-3447.9554216518713
944000	-3451.4677044654995
944500	-3429.330827743601
945000	-3450.830808227852
945500	-3442.9829643918756
946000	-3444.222855709811
946500	-3453.3542113098915
947000	-3444.0299590197133
947500	-3458.538950436083
948000	-3446.196945350225
948500	-3468.4980244924373
949000	-3441.355956484628
949500	-3436.369895389482
950000	-3448.88866536004
950500	-3435.0512143521723
951000	-3443.328190149982
951500	-3437.091489628046
952000	-3446.5480798469557
952500	-3443.8742292660436
953000	-3440.567837932008
953500	-3437.6868985850083
954000	-3445.9660725602416
954500	-3443.4479332142
955000	-3439.7931704902553
955500	-3452.746570590171
956000	-3449.4827367845096
956500	-3449.9811437837125
957000	-3460.5324115815038
957500	-3439.7995860532887
958000	-3452.914679018842
958500	-3440.549283187885
959000	-3458.6239878461834
959500	-3435.1130305305005
960000	-3450.992237261561
960500	-3460.745320423195
961000	-3444.0313810910693
961500	-3450.4846918170956
962000	-3444.3208872357172
962500	-3456.1619818414633
963000	-3442.405776352496
963500	-3439.9601970083095
964000	-3424.028651687033
964500	-3436.5909244140003
965000	-3429.7661405171593
965500	-3442.847395479789
966000	-3441.287889638209
966500	-3430.031033313288
967000	-3433.679145231855
967500	-3441.299180563844
968000	-3425.025491250894
968500	-3430.9661513641613
969000	-3457.068226007483
969500	-3469.192058612652
970000	-3441.1493232336034
970500	-3446.1576379569133
971000	-3438.1662763207205
971500	-3439.7346250785395
972000	-3447.060144780683
972500	-3436.7684512773067
973000	-3441.1460739684135
973500	-3442.1866628949906
974000	-3439.07324873484
974500	-3447.0824406008887
975000	-3449.3357322242473
975500	-3428.1429913129446
976000	-3422.1338790442655
976500	-3435.9562027474
977000	-3435.6093104433467
977500	-3438.2542412140574
978000	-3436.41268819638
978500	-3452.1321626622916
979000	-3436.0475025539404
979500	-3451.034754721886
980000	-3428.771151223756
980500	-3437.437089283489
981000	-3436.5158561465582
981500	-3429.981186140521
982000	-3444.669063152202
982500	-3433.770352713471
983000	-3442.810699157679
983500	-3439.2946220235585
984000	-3437.550319235585
984500	-3433.017289021237
985000	-3435.6810657972724
985500	-3435.7774043093887
986000	-3432.8385612978727
986500	-3431.404846775203
987000	-3438.6920544819195
987500	-3440.263153149011
988000	-3440.909919455111
988500	-3435.8337121208006
989000	-3431.42708607738
989500	-3430.391697824728
990000	-3438.1454905975497
990500	-3438.062053480954
991000	-3437.8136962329063
991500	-3433.371866943744
992000	-3438.5527636524475
992500	-3447.2142261712806
993000	-3444.2949120905223
993500	-3429.909545780826
994000	-3425.11698991024
994500	-3445.6445690867963
995000	-3433.6171006708387
995500	-3430.7029103957298
996000	-3449.740830111592
996500	-3431.2391195130867
997000	-3428.7493972754596
997500	-3440.3340675710747
998000	-3430.8433997441607
998500	-3433.0584150465347
999000	-3435.560792872581
999500	-3446.347066326352
1000000	-3431.653712855991
1000500	-3433.723832986059
1001000	-3427.5753614450814
1001500	-3426.689350844148
1002000	-3439.751920399514
1002500	-3444.725069080951
1003000	-3433.511775695784
1003500	-3432.6040608915355
1004000	-3442.0260866713775
1004500	-3438.449690589586
1005000	-3428.97025651318
1005500	-3445.0910208937585
1006000	-3436.571735688112
1006500	-3438.2607806089445
1007000	-3437.5295788861654
1007500	-3441.9432984870996
1008000	-3429.010186220085
1008500	-3445.3348428303116
1009000	-3453.6565122197276
1009500	-3442.0495819163043
1010000	-3458.129129180749
1010500	-3466.718116551292
1011000	-3445.4468842429746
1011500	-3429.430127504791
1012000	-3442.110563175373
1012500	-3439.207734660138
1013000	-3437.480711460627
1013500	-3446.19810784553
1014000	-3446.7376176631606
1014500	-3444.641545969073
1015000	-3443.113155533203
1015500	-3444.756992751509
1016000	-3447.411975841247
1016500	-3424.657689396706
1017000	-3435.81606810455
1017500	-3456.007017878822
1018000	-3432.0253339203496
1018500	-3458.643573692283
1019000	-3452.5356527008503
1019500	-3432.38092787792
1020000	-3446.0516913555307
1020500	-3437.63053975561
1021000	-3449.3359863936066
1021500	-3436.3160910507095
1022000	-3442.6232789447345
1022500	-3445.654299104702
1023000	-3436.6637696307967
1023500	-3436.1650091651186
1024000	-3439.957508910221
1024500	-3442.4241750702345
1025000	-3442.4307627133167
1025500	-3435.8123880953513
1026000	-3441.1064242521875
1026500	-3427.1894870640367
1027000	-3439.956281116133
1027500	-3429.5032013712935
1028000	-3445.444443706866
1028500	-3438.3089574205474
1029000	-3451.005189017614
1029500	-3449.976727998478
1030000	-3449.097793633389
1030500	-3458.473896713877
1031000	-3459.463932458731
1031500	-3440.1648726678427
1032000	-3443.7958474583766
1032500	-3442.07825589358
1033000	-3436.5085816801325
1033500	-3445.1114582638274
1034000	-3424.254244862602
1034500	-3454.1519120096823
1035000	-3455.468877812232
1035500	-3448.082033813348
1036000	-3451.435713307906
1036500	-3437.8016178356256
1037000	-3449.4620203830245
1037500	-3441.3588161298453
1038000	-3442.943538729266
1038500	-3442.84530349003
1039000	-3452.7085490004565
1039500	-3450.347020063719
1040000	-3443.381753074435
1040500	-3439.6599115939307
1041000	-3441.63726869604
1041500	-3437.461842203753
1042000	-3442.109664250237
1042500	-3441.8854717007785
1043000	-3443.1203085777547
1043500	-3437.791263216685
1044000	-3454.5695836652076
1044500	-3436.7105106061103
1045000	-3442.9669373794773
1045500	-3439.4839056171213
1046000	-3447.4548727415086
1046500	-3439.803863494235
1047000	-3472.927449690688
1047500	-3451.0277486505793
1048000	-3449.6125574368853
1048500	-3432.506466117327
1049000	-3440.302665484887
1049500	-3454.2834537483695
1050000	-3444.5050101885613
1050500	-3452.028068785339
1051000	-3456.976504287819
1051500	-3445.0382861269586
1052000	-3440.206374474473
1052500	-3431.361313236772
1053000	-3433.923587783188
1053500	-3432.0395807646237
1054000	-3440.6720959669215
1054500	-3435.31466102299
1055000	-3444.039277089768
1055500	-3430.0980274121794
1056000	-3441.522281542741
1056500	-3443.1077889677294
1057000	-3437.1505310922857
1057500	-3437.4573045955012
1058000	-3445.862400457801
1058500	-3434.9458385323455
1059000	-3432.8780380203357
1059500	-3452.0155958581654
1060000	-3447.7664381103928
1060500	-3450.432765853383
1061000	-3448.0187595344523
1061500	-3454.154523435787
1062000	-3460.950992108946
1062500	-3447.652556338484
1063000	-3443.732410813769
1063500	-3452.2596258334224
1064000	-3434.468633995239
1064500	-3448.6496590480724
1065000	-3445.4510662387206
1065500	-3451.200350582224
1066000	-3430.2070644816044
1066500	-3435.83315941924
1067000	-3444.895352151445
1067500	-3446.6670326199155
1068000	-3455.400749361771
1068500	-3447.069467054331
1069000	-3444.2693791557967
1069500	-3443.6520013853974
1070000	-3450.942953933581
1070500	-3439.5690270564587
1071000	-3435.1115625834086
1071500	-3429.712553223146
1072000	-3435.17442072938
1072500	-3436.2393306863632
1073000	-3442.350172044044
1073500	-3463.0925516488037
1074000	-3453.6972863518977
1074500	-3439.6532610534555
1075000	-3440.2500252560826
1075500	-3448.1895681308524
1076000	-3449.931977127007
1076500	-3445.5716943021807
1077000	-3445.767086173718
1077500	-3448.715206102279
1078000	-3444.8859743579665
1078500	-3448.763454127592
1079000	-3449.7003162269457
1079500	-3452.16610137458
1080000	-3448.495098667839
1080500	-3437.720158392654
1081000	-3450.7026081091017
1081500	-3436.6973359147933
1082000	-3431.9201500083836
1082500	-3441.5401246554475
1083000	-3434.4939516871286
1083500	-3436.98294737425
1084000	-3438.1438531359977
1084500	-3446.874889325041
1085000	-3447.3217106821207
1085500	-3442.8761155806274
1086000	-3461.332702199183
1086500	-3442.8193173700124
1087000	-3437.428157252151
1087500	-3450.9038678910442
1088000	-3444.329902223113
1088500	-3436.2148913196206
1089000	-3436.5268879911932
1089500	-3431.838635761465
1090000	-3439.0887130362235
1090500	-3440.6791195039796
1091000	-3449.576006237311
1091500	-3449.185380726676
1092000	-3450.1190065995556
1092500	-3432.2938346399947
1093000	-3440.153903717854
1093500	-3466.9900062995316
1094000	-3466.2865730036206
1094500	-3454.9713506648977
1095000	-3444.3166291930334
1095500	-3426.174277648859
1096000	-3447.7761011856073
1096500	-3441.785580126057
1097000	-3426.710964211306
1097500	-3431.2974313378227
1098000	-3420.687122848885
1098500	-3430.7644813398438
1099000	-3436.934283089472
1099500	-3444.7267572839114
1100000	-3426.465648469803
1100500	-3448.42664937288
1101000	-3438.469281336879
1101500	-3431.7643401968016
1102000	-3434.397402270685
1102500	-3431.8806373812195
1103000	-3458.997997061857
1103500	-3442.152457624814
1104000	-3444.398438519285
1104500	-3446.927342146507
1105000	-3442.9438814513614
1105500	-3433.3638674306617
1106000	-3455.975383717137
1106500	-3449.8927811318645
1107000	-3439.3872683985082
1107500	-3429.7822385512814
1108000	-3439.2232824699277
1108500	-3454.194472559229
1109000	-3446.359501625813
1109500	-3449.7745302942135
1110000	-3449.0040871811416
1110500	-3452.13772007066
1111000	-3434.8082531987893
1111500	-3436.967316412348
1112000	-3434.6652336705006
1112500	-3432.718735019401
1113000	-3436.020968222409
1113500	-3445.3849283217064
1114000	-3444.756485992265
1114500	-3430.2127768075206
1115000	-3439.6056884288564
1115500	-3440.1945645156816
1116000	-3440.602859861051
1116500	-3444.0376619255485
1117000	-3443.903290321163
1117500	-3454.502611116658
1118000	-3445.184438684142
1118500	-3437.6931831229667
1119000	-3435.439548128357
1119500	-3446.769687216708
1120000	-3447.755711272431
1120500	-3439.2221401950555
1121000	-3442.884990631258
1121500	-3440.3059860578323
1122000	-3438.4573313657984
1122500	-3435.4157559718556
1123000	-3442.547170411972
1123500	-3443.911507347346
1124000	-3450.0721936602745
1124500	-3443.5669247834517
1125000	-3431.1059640052536
1125500	-3434.9473098455755
1126000	-3438.665008582004
1126500	-3433.220356979409
1127000	-3426.629033866686
1127500	-3439.449324907669
1128000	-3439.7412544998992
1128500	-3449.2979267532946
1129000	-3461.2324149709057
1129500	-3449.1146238642095
1130000	-3452.759378244503
1130500	-3443.5266256292566
1131000	-3455.7736746908226
1131500	-3448.126605890773
1132000	-3452.637953539968
1132500	-3443.4988214723903
1133000	-3432.7783908885476
1133500	-3462.2623320405796
1134000	-3445.923683145104
1134500	-3432.3440333654694
1135000	-3438.6009863088716
1135500	-3434.231019088041
1136000	-3451.6595851395055
1136500	-3447.938214049166
1137000	-3435.8609301302554
1137500	-3439.979484897256
1138000	-3453.144625835191
1138500	-3442.139418394057
1139000	-3436.3863964203474
1139500	-3428.814977738942
1140000	-3429.038248609003
1140500	-3444.571686071144
1141000	-3435.4512682966706
1141500	-3437.20157376133
1142000	-3439.906085720285
1142500	-3447.794298843417
1143000	-3438.5596699517723
1143500	-3434.8566410438334
1144000	-3446.7797451053243
1144500	-3431.500703932557
1145000	-3445.7762706288245
1145500	-3448.185019064456
1146000	-3440.1506591426287
1146500	-3440.6545871011767
1147000	-3445.150444840943
1147500	-3464.189789237095
1148000	-3438.770827994194
1148500	-3442.5198277518357
1149000	-3435.7193090829496
1149500	-3453.432353767541
1150000	-3458.4847898290413
1150500	-3439.4843539490885
1151000	-3441.785258173986
1151500	-3442.6088383468314
1152000	-3438.8784436813467
1152500	-3443.482191235343
1153000	-3446.8629585902254
1153500	-3455.0705016166025
1154000	-3450.8789071144065
1154500	-3445.510605073419
1155000	-3446.34651383576
1155500	-3440.9979807868394
1156000	-3435.6252271905123
1156500	-3445.6653531834186
1157000	-3462.682072062225
1157500	-3445.8994502300716
1158000	-3442.06452715885
1158500	-3446.2894321914528
1159000	-3442.3608909861287
1159500	-3460.8584658134346
1160000	-3461.4040271093113
1160500	-3447.4477880180766
1161000	-3439.110291565139
1161500	-3447.5068037906217
1162000	-3449.5839990335803
1162500	-3439.8806952868795
1163000	-3439.2669937418323
1163500	-3448.265461360894
1164000	-3455.6795934600827
1164500	-3420.6874177840978
1165000	-3430.21047251474
1165500	-3427.368325690399
1166000	-3441.2818936285244
1166500	-3434.0666784904447
1167000	-3443.5336855248806
1167500	-3432.8774417570494
1168000	-3431.7730415107076
1168500	-3442.996938826056
1169000	-3447.6179198799678
1169500	-3439.546662475668
1170000	-3437.912222601973
1170500	-3434.7472376552214
1171000	-3438.6620970837507
1171500	-3440.493595948653
1172000	-3428.637170595362
1172500	-3432.6998695697444
1173000	-3439.8490565969933
1173500	-3440.57681941356
1174000	-3430.9689282494874
1174500	-3439.6075188135737
1175000	-3444.0650181562814
1175500	-3445.632473258979
1176000	-3437.151531859701
1176500	-3440.6662692033015
1177000	-3428.007342234973
1177500	-3428.7239853608
1178000	-3436.1879054574174
1178500	-3434.4078150110977
1179000	-3445.052662683844
1179500	-3450.8811407496155
1180000	-3436.5171130641133
1180500	-3429.94257015249
1181000	-3435.202613281115
1181500	-3446.0845349135807
1182000	-3441.719842609437
1182500	-3442.409710234815
1183000	-3452.7556276689975
1183500	-3450.141066373255
1184000	-3449.60875214825
1184500	-3430.77460470623
1185000	-3455.218208167941
1185500	-3445.871885165522
1186000	-3432.5655724656017
1186500	-3446.935922351566
1187000	-3433.4452853045645
1187500	-3443.841283295412
1188000	-3452.701618847896
1188500	-3437.853830272127
1189000	-3441.5859564806315
1189500	-3429.51689918718
1190000	-3439.2094099018823
1190500	-3421.7488326086495
1191000	-3446.705509919142
1191500	-3455.555810174137
1192000	-3438.3765598113914
1192500	-3432.245660903481
1193000	-3435.01775875799
1193500	-3454.317951503061
1194000	-3462.6532469123654
1194500	-3455.738646200498
1195000	-3440.1095263308525
1195500	-3445.6090578576477
1196000	-3447.016733919137
1196500	-3437.2603922324797
1197000	-3440.411977809788
1197500	-3427.1949217554607
1198000	-3432.137594162444
1198500	-3437.173881215047
1199000	-3426.126321600004
1199500	-3444.233819745754
1200000	-3447.548485275334
1200500	-3455.2658799585965
1201000	-3438.8183364719002
1201500	-3445.9580761346706
1202000	-3432.254292160262
1202500	-3432.484973303544
1203000	-3436.3792696360415
1203500	-3430.34894302571
1204000	-3438.1347217877474
1204500	-3443.1015140873487
1205000	-3450.2832512812306
1205500	-3438.6647942025447
1206000	-3452.4096908358206
1206500	-3447.345946497935
1207000	-3438.5420339337406
1207500	-3429.3051674552344
1208000	-3434.1720580579954
1208500	-3432.885118881736
1209000	-3430.744613540162
1209500	-3424.430550504314
1210000	-3432.838845911092
1210500	-3434.5028408436665
1211000	-3455.4334410220636
1211500	-3440.3901965488953
1212000	-3435.7924460202353
1212500	-3449.3900930875407
1213000	-3437.7977887239513
1213500	-3434.7983720267516
1214000	-3439.8990489250828
1214500	-3429.8718020770407
1215000	-3446.8314381255254
1215500	-3429.117501178775
1216000	-3446.97227931921
1216500	-3448.2341053104
1217000	-3450.3319684426438
1217500	-3445.9100947605866
1218000	-3444.1335424650165
1218500	-3439.320464224809
1219000	-3434.6623764890724
1219500	-3436.0748373833053
1220000	-3448.3926075236805
1220500	-3433.061752073941
1221000	-3439.4107100318197
1221500	-3433.756802607523
1222000	-3432.4589368318398
1222500	-3442.7566150498037
1223000	-3435.4396334857674
1223500	-3451.5757179329744
1224000	-3455.528514418445
1224500	-3458.894421511696
1225000	-3456.5298150719714
1225500	-3466.493088647611
1226000	-3455.863986395643
1226500	-3440.6698892464915
1227000	-3429.5487350627136
1227500	-3437.2000743308663
1228000	-3435.379844853606
1228500	-3444.9266193483472
1229000	-3452.2620502956484
1229500	-3440.9840803315033
1230000	-3443.1481000245094
1230500	-3438.2201236926944
1231000	-3449.0791409729864
1231500	-3441.327400248372
1232000	-3426.8734316700566
1232500	-3457.6710488009808
1233000	-3436.53150673527
1233500	-3449.0362906608043
1234000	-3437.737431446685
1234500	-3437.437058773556
1235000	-3438.638565587181
1235500	-3445.9050118959767
1236000	-3439.90265449644
1236500	-3433.140338163445
1237000	-3437.0438375407953
1237500	-3438.029483197062
1238000	-3429.0660497043273
1238500	-3440.722523876662
1239000	-3443.5264820997168
1239500	-3449.020786729436
1240000	-3432.2726469863874
1240500	-3444.561175202567
1241000	-3442.74354082224
1241500	-3445.39188013935
1242000	-3449.4380600130157
1242500	-3431.8852494440885
1243000	-3440.0577066786313
1243500	-3434.7059427394515
1244000	-3454.9773814029277
1244500	-3433.9432608413026
1245000	-3431.378874906724
1245500	-3432.653639828411
1246000	-3432.5445918160744
1246500	-3433.634524927286
1247000	-3433.7067653313397
1247500	-3441.2054690648047
1248000	-3446.3207459376763
1248500	-3438.2328398932937
1249000	-3435.263876362073
1249500	-3436.181884443245
1250000	-3445.558625628648
1250500	-3438.725398307379
1251000	-3450.2910436678944
1251500	-3428.1518736232065
1252000	-3432.7763408367878
1252500	-3436.4985785320987
1253000	-3443.8018278755935
1253500	-3431.34167691214
1254000	-3441.5577265009647
1254500	-3430.360287799886
1255000	-3438.420271523608
1255500	-3447.2097835255495
1256000	-3438.760587225046
1256500	-3435.4856946932537
1257000	-3442.0657884790503
1257500	-3438.0667394444004
1258000	-3428.945106593283
1258500	-3436.1298821887885
1259000	-3438.1919569799197
1259500	-3430.7400685702937
1260000	-3427.8902320851935
1260500	-3433.5534126612974
1261000	-3435.2682993895387
1261500	-3445.5797663310263
1262000	-3437.905266839098
1262500	-3441.2390690378234
1263000	-3438.799712612191
1263500	-3433.5523530025257
1264000	-3428.509619768384
1264500	-3440.585226909874
1265000	-3436.9611409488475
1265500	-3436.8172193978908
1266000	-3434.481805872731
1266500	-3433.6832274735084
1267000	-3435.358428704576
1267500	-3432.8310322417315
1268000	-3434.92592194678
1268500	-3440.4977497957607
1269000	-3444.914217512526
1269500	-3440.324746772576
1270000	-3431.615807075692
1270500	-3429.3816431401797
1271000	-3425.455369788781
1271500	-3439.1579339711184
1272000	-3446.017698356572
1272500	-3434.32852082758
1273000	-3438.2285091408035
1273500	-3434.368806710743
1274000	-3451.288326811659
1274500	-3435.6588974656784
1275000	-3438.299272560329
1275500	-3439.19315555381
1276000	-3439.093934474717
1276500	-3435.8690108749006
1277000	-3448.6152430579355
1277500	-3442.500214545443
1278000	-3438.455018785766
1278500	-3451.137333153029
1279000	-3448.3109385500275
1279500	-3435.214566627822
1280000	-3431.1790051687826
1280500	-3447.8446839289254
1281000	-3441.4528554462595
1281500	-3443.6325770558205
1282000	-3435.436070436478
1282500	-3435.6687754429863
1283000	-3442.6548464019497
1283500	-3446.986082509685
1284000	-3436.5925054276445
1284500	-3444.254130888128
1285000	-3444.7479669814943
1285500	-3439.5005851280384
1286000	-3439.8104355722544
1286500	-3454.4785187949014
1287000	-3441.957777128245
1287500	-3451.7025807692894
1288000	-3433.6508369798726
1288500	-3440.4011467743726
1289000	-3437.144497692117
1289500	-3437.022001416855
1290000	-3430.0789044345124
1290500	-3432.681114335744
1291000	-3432.3911525670305
1291500	-3437.63338257647
1292000	-3433.3183440235434
1292500	-3442.787249329321
1293000	-3435.2501108911943
1293500	-3437.6984225028896
1294000	-3449.458306065616
1294500	-3428.2282531042
1295000	-3433.671375952063
1295500	-3434.1258858820943
1296000	-3435.6953570546525
1296500	-3436.050547268025
1297000	-3456.472480537548
1297500	-3447.3932010007466
1298000	-3441.172965159107
1298500	-3438.2171180835567
1299000	-3448.774076129115
1299500	-3431.8664602570916
1300000	-3435.882425043123
1300500	-3428.0770716568113
1301000	-3442.379523855273
1301500	-3430.179860494074
1302000	-3444.966941661416
1302500	-3437.73735747203
1303000	-3433.1267467395187
1303500	-3424.1157365175372
1304000	-3434.6332892758937
1304500	-3434.7755011060513
1305000	-3438.551422394591
1305500	-3436.182928494197
1306000	-3441.517958670211
1306500	-3443.4076983593854
1307000	-3445.5004982731266
1307500	-3453.3701410506424
1308000	-3457.6761376912245
1308500	-3458.582094086514
1309000	-3443.8034438974196
1309500	-3442.328317515488
1310000	-3438.606352500996
1310500	-3449.9772920036166
1311000	-3454.9321587352097
1311500	-3437.3969175857633
1312000	-3455.9978191384625
1312500	-3446.761123982343
1313000	-3468.387289643371
1313500	-3453.987250699852
1314000	-3445.0179520506294
1314500	-3467.063047777218
1315000	-3456.0135821056665
1315500	-3445.965251148559
1316000	-3432.8277049513417
1316500	-3439.569459390598
1317000	-3447.5528991004007
1317500	-3444.4983616496015
1318000	-3441.1013396948565
1318500	-3438.236605599632
1319000	-3443.5103495647923
1319500	-3433.525238555995
1320000	-3448.3384867952172
1320500	-3441.1051738295655
1321000	-3433.638393404562
1321500	-3441.3920663476006
1322000	-3439.139660306947
1322500	-3440.436098114064
1323000	-3441.3053966066227
1323500	-3440.0231735121347
1324000	-3448.9055279839154
1324500	-3442.719529998041
1325000	-3452.6395815115006
1325500	-3439.74345320559
1326000	-3436.963115401546
1326500	-3435.811798544645
1327000	-3437.6812465091643
1327500	-3432.9241684312688
1328000	-3441.020561797743
1328500	-3439.1562837205856
1329000	-3449.2274612268484
1329500	-3439.974619077927
1330000	-3457.399353801639
1330500	-3456.4071120508897
1331000	-3443.2907036313213
1331500	-3447.7227454676968
1332000	-3438.7298138812034
1332500	-3428.064088158643
1333000	-3454.175662044885
1333500	-3434.025351630321
1334000	-3439.6007351627018
1334500	-3435.6601908126927
1335000	-3454.540019492892
1335500	-3438.149884278319
1336000	-3430.468243892434
1336500	-3440.3655516503477
1337000	-3438.344947220096
1337500	-3443.402067573791
1338000	-3431.905049717087
1338500	-3446.759454506007
1339000	-3460.574767301086
1339500	-3434.041775888297
1340000	-3443.189479417094
1340500	-3440.688016304268
1341000	-3450.954166933987
1341500	-3449.7875002720525
1342000	-3445.875519693592
1342500	-3436.1650143632787
1343000	-3456.4291818809684
1343500	-3448.8047135831785
1344000	-3444.9886050915793
1344500	-3447.0049566180323
1345000	-3452.4434627969445
1345500	-3447.5284318077283
1346000	-3451.383732634479
1346500	-3444.102922444945
1347000	-3442.0883404957217
1347500	-3446.223905636322
1348000	-3451.9272446744626
1348500	-3446.089786524217
1349000	-3441.666291994121
1349500	-3447.3043530627288
1350000	-3437.834405224107
1350500	-3442.1722965797762
1351000	-3438.478209289268
1351500	-3453.610468618506
1352000	-3451.940433568967
1352500	-3459.229252145514
1353000	-3449.528919568878
1353500	-3434.643661572367
1354000	-3443.4408493229344
1354500	-3442.27731935262
1355000	-3441.3409582073605
1355500	-3459.8502120920025
1356000	-3441.841577965763
1356500	-3445.5807473377417
1357000	-3456.695802674325
1357500	-3446.3999749563804
1358000	-3450.786846788542
1358500	-3445.8302121557685
1359000	-3443.591873150665
1359500	-3448.423725479973
1360000	-3455.8476297618745
1360500	-3468.576903980449
1361000	-3465.772441878516
1361500	-3456.2181616439066
1362000	-3458.282344538933
1362500	-3458.201974135373
1363000	-3456.476703373038
1363500	-3449.3400317729365
1364000	-3440.5546519263526
1364500	-3433.9123978904863
1365000	-3440.587389039117
1365500	-3433.668135061911
1366000	-3440.968681725768
1366500	-3441.2308162253644
1367000	-3434.0211725217996
1367500	-3431.832865911546
1368000	-3443.308112872226
1368500	-3444.3779775596117
1369000	-3460.349492000294
1369500	-3451.4946580580768
1370000	-3443.587197121773
1370500	-3438.112434548759
1371000	-3446.2321895529712
1371500	-3434.06426666276
1372000	-3421.288608009283
1372500	-3443.941871333546
1373000	-3442.2142097339606
1373500	-3450.597716341551
1374000	-3453.8734291115506
1374500	-3438.2915111746934
1375000	-3428.593034744148
1375500	-3442.2550649076425
1376000	-3451.179169698768
1376500	-3443.3093779054593
1377000	-3434.9183183010773
1377500	-3447.901020853786
1378000	-3434.0561598760323
1378500	-3434.564148006222
1379000	-3434.966298317489
1379500	-3440.990378592272
1380000	-3439.988824970632
1380500	-3439.6248239573733
1381000	-3439.366136182371
1381500	-3442.5556842546653
1382000	-3441.772154152515
1382500	-3457.316666996092
1383000	-3429.336566409626
1383500	-3446.3058417215534
1384000	-3428.766245955017
1384500	-3436.7088315032993
1385000	-3437.0960936565884
1385500	-3426.3951569402634
1386000	-3429.7943051550574
1386500	-3437.7691474813973
1387000	-3453.47931715748
1387500	-3432.613863540707
1388000	-3445.233315392616
1388500	-3442.0299567360294
1389000	-3440.7956879928947
1389500	-3435.6175425027814
1390000	-3435.1800839477687
1390500	-3442.1171411977493
1391000	-3433.2912877258286
1391500	-3444.2495303272012
1392000	-3442.9249778433737
1392500	-3431.812664980474
1393000	-3442.126636678303
1393500	-3431.401300032725
1394000	-3441.471552570846
1394500	-3437.6067788404694
1395000	-3458.1052970614896
1395500	-3453.278213090643
1396000	-3453.6254170384923
1396500	-3451.206119500771
1397000	-3453.8102936022588
1397500	-3449.1477836540716
1398000	-3458.383620909684
1398500	-3443.4433451465297
1399000	-3446.9628022631664
1399500	-3446.8316435636516
1400000	-3451.4048976751346
1400500	-3442.6864206849245
1401000	-3447.736037474884
1401500	-3435.3060599937307
1402000	-3450.5678048904356
1402500	-3432.796524170591
1403000	-3434.5490991083398
1403500	-3447.8868629921544
1404000	-3442.614689364183
1404500	-3430.6913194380554
1405000	-3448.9785814733254
1405500	-3443.541563113263
1406000	-3432.7249146786776
1406500	-3439.8054737565994
1407000	-3440.256219581972
1407500	-3436.114146881726
1408000	-3433.5088263814587
1408500	-3441.7851946800142
1409000	-3448.3867041184067
1409500	-3441.096946162345
1410000	-3439.7469838254983
1410500	-3437.5208901194387
1411000	-3431.919058739836
1411500	-3429.0533148714153
1412000	-3435.8744971175656
1412500	-3440.908263101502
1413000	-3441.1179902516615
1413500	-3439.4520457878125
1414000	-3442.3666543811437
1414500	-3439.6210970720977
1415000	-3428.395071041931
1415500	-3433.615735150177
1416000	-3433.675954214434
1416500	-3450.5435383791205
1417000	-3461.854072434436
1417500	-3434.8420357789482
1418000	-3449.200510421105
1418500	-3437.3705407716325
1419000	-3424.186704979459
1419500	-3437.9020583463007
1420000	-3432.8840822118937
1420500	-3445.278389305827
1421000	-3448.416196148159
1421500	-3453.4042607973506
1422000	-3436.5759422248093
1422500	-3437.8304770633135
1423000	-3444.5087373378274
1423500	-3443.2730293130057
1424000	-3447.6519456231526
1424500	-3434.3742859849663
1425000	-3438.1286262155463
1425500	-3429.0647103320057
1426000	-3441.780121552421
1426500	-3452.2927764188203
1427000	-3442.8988190614423
1427500	-3430.9057065242296
1428000	-3429.9936949873436
1428500	-3442.816186839515
1429000	-3427.3615251063234
1429500	-3432.4274761376214
1430000	-3435.9544054639605
1430500	-3435.6036826312907
1431000	-3433.0609760251623
1431500	-3443.0165769393157
1432000	-3427.0022389837964
1432500	-3439.1097589974283
1433000	-3456.2042458204064
1433500	-3448.5420918809878
1434000	-3433.389264801133
1434500	-3440.2296444750837
1435000	-3441.43034990133
1435500	-3434.9689473396456
1436000	-3452.929793607015
1436500	-3441.9838224146597
1437000	-3432.078150021763
1437500	-3442.2546267940593
1438000	-3438.734759459772
1438500	-3452.2094637368605
1439000	-3454.5916938190057
1439500	-3437.4263927751003
1440000	-3438.7775010648024
1440500	-3428.887245772458
1441000	-3432.3700402523305
1441500	-3455.8985414722497
1442000	-3448.7416439776716
1442500	-3440.7688022445855
1443000	-3436.911343601842
1443500	-3429.917162431804
1444000	-3440.6056111116054
1444500	-3445.9418589139227
1445000	-3457.1833066484414
1445500	-3437.414817021962
1446000	-3433.9153937157266
1446500	-3441.7302092102427
1447000	-3439.9391029584704
1447500	-3440.0502391928653
1448000	-3436.4190358941146
1448500	-3424.05279436522
1449000	-3435.573311326746
1449500	-3427.8650600785445
1450000	-3427.0386390591043
1450500	-3436.589866148517
1451000	-3446.7808353486926
1451500	-3440.700693462409
1452000	-3436.5947487795393
1452500	-3444.119786555222
1453000	-3449.764734071581
1453500	-3441.6723254188996
1454000	-3425.3785552593195
1454500	-3432.023755400849
1455000	-3434.6541729193427
1455500	-3431.2089028171813
1456000	-3450.8043106448335
1456500	-3440.665018913092
1457000	-3442.8524096496717
1457500	-3444.071891032533
1458000	-3445.874107446028
1458500	-3445.4646887245713
1459000	-3455.607324565942
1459500	-3447.952819907267
1460000	-3450.829239327851
1460500	-3437.531102087636
1461000	-3432.066365705762
1461500	-3421.9517878116726
1462000	-3431.622477752317
1462500	-3434.834206304673
1463000	-3451.16880325545
1463500	-3440.3801206666426
1464000	-3442.3106259292645
1464500	-3437.8578105320566
1465000	-3438.3018095986013
1465500	-3420.532375574636
1466000	-3436.256356196308
1466500	-3431.2675554820803
1467000	-3432.7187678464747
1467500	-3438.180656821756
1468000	-3437.9101535999603
1468500	-3435.141928369637
1469000	-3441.0231918117383
1469500	-3448.76640292389
1470000	-3437.923909381949
1470500	-3442.4710678779456
1471000	-3440.284223903188
1471500	-3440.8758660538956
1472000	-3441.4744228763007
1472500	-3438.2770342258946
1473000	-3448.2195407106024
1473500	-3441.120720871225
1474000	-3433.943008027691
1474500	-3441.8554395390756
1475000	-3436.910249566766
1475500	-3446.8486656379
1476000	-3439.0738151812816
1476500	-3430.1056418537605
1477000	-3430.4932228348434
1477500	-3438.0566807386103
1478000	-3429.852318389866
1478500	-3430.029623484834
1479000	-3431.9276309134707
1479500	-3434.4527876904726
1480000	-3433.7791018763814
1480500	-3440.6893977030645
1481000	-3430.728382327468
1481500	-3436.775558817242
1482000	-3425.6856906046087
1482500	-3427.23711563784
1483000	-3438.129787978775
1483500	-3439.1962674023557
1484000	-3432.4626062943557
1484500	-3438.719445810291
1485000	-3436.414598002949
1485500	-3430.910455223832
1486000	-3436.3524971416537
1486500	-3437.802934213501
1487000	-3433.8773159128177
1487500	-3427.8711959290504
1488000	-3447.0977520994124
1488500	-3433.8944094768367
1489000	-3425.8868455759257
1489500	-3440.4050019656916
1490000	-3443.913371612895
1490500	-3433.6128646867564
1491000	-3448.4796592769976
1491500	-3446.7572219423078
1492000	-3442.161814893882
1492500	-3436.629333372401
1493000	-3435.695297761577
1493500	-3436.572006206374
1494000	-3436.4652773826338
1494500	-3437.1637359845213
1495000	-3432.7797561190823
1495500	-3441.1434564662245
1496000	-3451.863651939716
1496500	-3441.496522730472
1497000	-3445.633120834377
1497500	-3440.716047328505
1498000	-3433.4773085256998
1498500	-3423.3818780195943
1499000	-3441.2274532878946
1499500	-3450.3621194452157
1500000	-3446.488207315565
