Sample	likelihood
0	-3862.173545765146
500	-3867.7331938115676
1000	-3904.8352438171573
1500	-3865.258824500411
2000	-3939.7237316580677
2500	-3890.9544423079883
3000	-3862.951532468411
3500	-3879.956776529396
4000	-3946.8636200877495
4500	-3934.1578496560905
5000	-3896.3246912117056
5500	-3967.6938667123395
6000	-3918.4279868924295
6500	-4015.6590886805398
7000	-4028.8914579764587
7500	-3913.222039258613
8000	-4064.8237998969107
8500	-3961.6335162056657
9000	-3940.9031287172697
9500	-3791.6666635167994
10000	-3973.003126898931
10500	-3921.0957667660196
11000	-3783.8049446737264
11500	-3786.24210301827
12000	-3881.9985824833143
12500	-3888.9840733853353
13000	-3890.453629838569
13500	-3934.3016247241935
14000	-3952.507247139243
14500	-3993.6399067047437
15000	-4043.6086414898336
15500	-3949.1084630909595
16000	-3848.6771482247455
16500	-3904.736981931798
17000	-3981.2779447345283
17500	-3874.7582283488387
18000	-4062.012404864397
18500	-3987.6638578979378
19000	-4012.5773088782626
19500	-4004.723843629342
20000	-3956.2043211570244
20500	-3933.5627435082956
21000	-3925.0202060522806
21500	-3948.5075145112305
22000	-3924.99733702074
22500	-3913.5535621794033
23000	-3952.747765850763
23500	-4015.8682600788998
24000	-3919.4626785668884
24500	-3878.357517534552
25000	-3863.8866041274214
25500	-3918.5864268701675
26000	-3943.0438494828786
26500	-3885.0503872789686
27000	-3986.7990680566368
27500	-3892.059523021635
28000	-3907.108131226024
28500	-3925.39258561783
29000	-3953.6265149883097
29500	-4005.979598652459
30000	-3899.9885606015705
30500	-3951.974705167831
31000	-3924.561415744893
31500	-3904.4230365108733
32000	-3842.0324852701415
32500	-3815.0993424078206
33000	-3851.46087401409
33500	-3877.386237393063
34000	-3897.1031220004024
34500	-3863.294971679069
35000	-3877.7371365015847
35500	-3904.639597125733
36000	-3908.400534348555
36500	-3908.400534348555
37000	-3908.400534348555
37500	-3898.419110113789
38000	-3965.9738376080827
38500	-3911.515761414483
39000	-3908.442692199966
39500	-3895.665809356237
40000	-3839.104782689546
40500	-3928.0271798000094
41000	-3884.849615479512
41500	-3922.7174264283535
42000	-3899.3760274263973
42500	-4004.6532204284167
43000	-3864.4304614591188
43500	-3905.12784595997
44000	-3863.342428883558
44500	-3817.8317630179504
45000	-3847.311302343378
45500	-3880.7096018908446
46000	-3884.42391356271
46500	-3957.3385469807845
47000	-3997.1659726307103
47500	-3988.896521436446
48000	-3904.8508344724187
48500	-3901.12829470052
49000	-4001.8890319391094
49500	-4106.417603449229
50000	-3886.856894254297
50500	-3967.220880801811
51000	-3906.386777756661
51500	-3910.552327528132
52000	-3858.0611237342578
52500	-3945.3467538560026
53000	-3930.8673411480813
53500	-3996.8175323384717
54000	-4014.9224830618928
54500	-4051.489395988074
55000	-3990.1034875019727
55500	-4047.1606068617343
56000	-4121.073158600121
56500	-4123.786370470796
57000	-4107.845118726269
57500	-4029.466970502357
58000	-3946.902092776468
58500	-3871.714026231789
59000	-3887.34332096179
59500	-4038.8243149673367
60000	-3985.774802677433
60500	-4088.8591106828994
61000	-3988.3198322620706
61500	-3973.757564751359
62000	-4029.070974507426
62500	-4001.3658442373953
63000	-3952.135437807231
63500	-3930.1888811974354
64000	-4004.2274765138595
64500	-3941.7845644204112
65000	-3992.9747996819083
65500	-4014.5101808274594
66000	-4027.6446740058345
66500	-4020.1991183123264
67000	-4096.971112624977
67500	-4089.520636900815
68000	-4035.6208771151973
68500	-3929.0204964872682
69000	-4010.650201394442
69500	-3961.4153330321883
70000	-4059.149322119786
70500	-3987.050275966983
71000	-4035.7714448350393
71500	-4064.3159153123083
72000	-3962.825132776358
72500	-3943.9942837957738
73000	-3943.5843634005787
73500	-3881.2286220208352
74000	-3927.489901316204
74500	-3977.488218212163
75000	-3883.6229353155136
75500	-3854.097955792311
76000	-3885.562829554244
76500	-3889.124823783125
77000	-3926.0597132566027
77500	-3880.040697530384
78000	-3805.8852472684916
78500	-3774.2550437900973
79000	-3793.186760421676
79500	-3958.3247392728326
80000	-3943.1466043165474
80500	-3865.8278370961775
81000	-3887.2179816507737
81500	-3925.6362494335963
82000	-4038.25219758016
82500	-3923.9743822837186
83000	-3865.5712759507664
83500	-3868.2115039696328
84000	-3931.963742296436
84500	-3889.020730623989
85000	-3842.736230921393
85500	-3863.2262127577605
86000	-3838.1435952298248
86500	-3815.00791306027
87000	-3818.910311467977
87500	-3845.4598835375195
88000	-3761.965442040843
88500	-3811.916559267987
89000	-3859.8033460485317
89500	-3825.7619014238253
90000	-3788.123785899512
90500	-3777.467238538114
91000	-3766.8094619943145
91500	-3731.231246377143
92000	-3812.789041979411
92500	-3799.524596449401
93000	-3836.052966913251
93500	-3757.0590468507207
94000	-3795.7526310341286
94500	-3825.734926331092
95000	-3834.684075283812
95500	-3877.4432894992
96000	-3968.3261876105976
96500	-3871.01329741335
97000	-3889.030565191039
97500	-3870.9993982892825
98000	-3884.153305605428
98500	-3930.4378437679466
99000	-3845.112042927413
99500	-3921.972370233261
100000	-3812.837665234705
100500	-3770.4959737627246
101000	-3896.2217786177885
101500	-3849.1538584220953
102000	-3855.1512728865405
102500	-3806.7199043600085
103000	-3759.8852135897573
103500	-3766.4837397055558
104000	-3840.007009994921
104500	-3810.244821538469
105000	-3838.9433515718624
105500	-3850.060094655624
106000	-3887.6020852845913
106500	-3785.3353450241457
107000	-3779.0200423128176
107500	-3809.0458384939075
108000	-3753.932430074032
108500	-3751.135317561584
109000	-3709.9763279138792
109500	-3789.9648994915638
110000	-3809.6498660356683
110500	-3737.95759657002
111000	-3742.809295851
111500	-3738.8932709033525
112000	-3784.6344480640105
112500	-3917.8963957035617
113000	-3939.128096313828
113500	-3880.511580128336
114000	-3871.6377888244833
114500	-3918.40628627027
115000	-3945.2571257252357
115500	-3950.5449515715977
116000	-3989.9534122699492
116500	-3872.0549558914745
117000	-3836.7102800656417
117500	-3987.856959664839
118000	-4056.323886950415
118500	-4038.2997680735534
119000	-3947.6331322891406
119500	-4013.059090532103
120000	-3941.947262321428
120500	-3954.0881388048697
121000	-3953.3130129257347
121500	-3963.92698651017
122000	-3945.9758580109865
122500	-3923.2446960927086
123000	-3998.3271965981644
123500	-3955.946633606506
124000	-3853.9801564754416
124500	-3928.894077033281
125000	-3846.5668416504277
125500	-3947.5957401174596
126000	-4003.805826343781
126500	-3992.2631689751124
127000	-3880.714087416931
127500	-3987.78259352878
128000	-3974.5399809209584
128500	-3796.135676936744
129000	-3905.9770575502203
129500	-3838.8235772516855
130000	-3861.8509142625
130500	-3936.0308905812767
131000	-3919.2580508022165
131500	-3907.5439128947396
132000	-3937.609759509336
132500	-3937.651142307654
133000	-4068.4479951722856
133500	-3892.8442356435803
134000	-3935.2681359280755
134500	-3986.608434359233
135000	-3982.4784434368194
135500	-4071.31476884275
136000	-3977.5105873784696
136500	-4080.998964567836
137000	-4034.69878858312
137500	-4084.1298090230457
138000	-3946.4345188427264
138500	-3942.258047790156
139000	-3828.0517533619136
139500	-3812.055826190975
140000	-3845.9558481306094
140500	-3805.7307073989864
141000	-3793.449908911919
141500	-3815.3151024392632
142000	-3831.033020795525
142500	-3827.855256806165
143000	-3854.1314673655233
143500	-3900.157458867342
144000	-3930.7481117110233
144500	-3747.1160218931373
145000	-3825.5712335233607
145500	-3797.640728124799
146000	-3744.391391281052
146500	-3740.7873277334534
147000	-3752.0865447857013
147500	-3776.161835612224
148000	-3630.660555374561
148500	-3715.83025104145
149000	-3776.3417289832214
149500	-3758.2258767366557
150000	-3717.6882154082646
150500	-3709.522498011455
151000	-3666.0784945444325
151500	-3665.4684704214233
152000	-3712.495822823994
152500	-3720.789153798446
153000	-3700.9549663227326
153500	-3810.0413496425717
154000	-3632.029559614062
154500	-3643.7544221449057
155000	-3678.6884164172043
155500	-3816.790746165127
156000	-3804.2688043784865
156500	-3838.6565673244136
157000	-3849.167150835701
157500	-3878.653142795803
158000	-3907.6897831487895
158500	-3915.308160735456
159000	-3866.4114266618694
159500	-3876.079326071425
160000	-3827.4366119975953
160500	-3937.2634991524806
161000	-3854.177947367723
161500	-3852.9649059544736
162000	-3844.8387388830374
162500	-3858.504063657897
163000	-3871.420852216508
163500	-3865.607318240419
164000	-3795.4079504724855
164500	-3798.4106050258742
165000	-3867.1913992472873
165500	-3800.7643006456665
166000	-3855.3567539398455
166500	-3800.9793188916406
167000	-3846.7778676228277
167500	-3901.6140371122647
168000	-3813.0465026943134
168500	-3739.996040592861
169000	-3824.131626025846
169500	-3821.1914839761243
170000	-3775.7954356995256
170500	-3853.8190294846786
171000	-3901.0437807181743
171500	-3815.756836506015
172000	-3871.32931015924
172500	-3903.6371931213857
173000	-3889.6408897206898
173500	-3838.145403633425
174000	-3777.5289889085325
174500	-3860.4780844304064
175000	-3840.7494570409453
175500	-3841.2984957704125
176000	-3879.807515607559
176500	-3821.978706904768
177000	-3788.852091340799
177500	-3637.9928335434843
178000	-3772.232400709081
178500	-3842.2319347348566
179000	-3865.005166971358
179500	-3962.8564295322785
180000	-3985.2172734605133
180500	-3920.819258882524
181000	-3940.8828166038784
181500	-3869.3743133964927
182000	-3884.4303225529225
182500	-3923.6815040405013
183000	-4021.504056841997
183500	-3963.4945432033683
184000	-3909.0403423854846
184500	-3979.2015746487305
185000	-3946.5760766727058
185500	-3834.267119109485
186000	-3792.209941149141
186500	-3783.9782160394207
187000	-3806.299962864154
187500	-3924.62938487708
188000	-3949.7706803831325
188500	-3935.696741833998
189000	-3986.7743537871966
189500	-4038.7564063950026
190000	-3970.039592839657
190500	-3897.9521643097955
191000	-3911.093528340435
191500	-3881.6221029015624
192000	-3907.1917089460458
192500	-3905.020214632148
193000	-3917.1834567913684
193500	-3943.0131969355716
194000	-3966.949541200117
194500	-3926.4803958058947
195000	-3891.5557567690844
195500	-3881.8901204115145
196000	-3898.4783369166325
196500	-3889.288973184697
197000	-4002.525470536182
197500	-3933.41900456421
198000	-4002.017068035256
198500	-4072.267630178751
199000	-3950.9646034242087
199500	-4037.0476870098746
200000	-3943.544524334732
200500	-3951.6533288216897
201000	-3976.1616635761306
201500	-3952.3104697025005
202000	-3896.550161046175
202500	-3842.7848307661498
203000	-3900.462772501557
203500	-3868.1018159006753
204000	-3878.8067952817805
204500	-3963.029325685108
205000	-3924.7485463693856
205500	-3942.08830030148
206000	-3941.5117035348917
206500	-3878.6411750831544
207000	-3952.1212005627635
207500	-3873.2991167665596
208000	-3831.7397487688168
208500	-3855.266341706109
209000	-3883.130272964714
209500	-3907.6055073868183
210000	-3895.6975547907196
210500	-3956.852259112172
211000	-3973.5148310135437
211500	-3921.1117250362126
212000	-3854.9011432838824
212500	-3935.593848090354
213000	-3888.1121193848157
213500	-3984.0439100830645
214000	-3871.273688865626
214500	-3883.110354330546
215000	-3907.0214470868227
215500	-3986.9069914408924
216000	-3918.094770233569
216500	-3903.265451953339
217000	-3830.499877939786
217500	-3854.481197772934
218000	-3905.8905891003214
218500	-3830.7277744534163
219000	-3793.5469923913743
219500	-3788.1051733269755
220000	-3728.781306667351
220500	-3723.1904825811084
221000	-3840.8094024371535
221500	-3951.493009009442
222000	-3913.927173274401
222500	-3854.699749653638
223000	-3867.873936191665
223500	-3848.286825444959
224000	-3878.1145216639607
224500	-3896.802869418346
225000	-3963.1369793469266
225500	-3964.7307236024476
226000	-3965.6479212582494
226500	-3862.855345020776
227000	-3788.847798241711
227500	-3882.128149488711
228000	-3907.9427436022265
228500	-3838.745665272027
229000	-3892.8864407373317
229500	-3740.282258192338
230000	-3734.2274597951196
230500	-3681.597642606294
231000	-3647.2539087264913
231500	-3693.779970600619
232000	-3657.918999874498
232500	-3663.512954835262
233000	-3632.103660043979
233500	-3721.598327881044
234000	-3678.6829440544707
234500	-3739.2539341619545
235000	-3731.7723391943105
235500	-3728.7458508804184
236000	-3642.5122340984144
236500	-3706.358779769832
237000	-3734.375046623098
237500	-3667.2293412070876
238000	-3741.816383275725
238500	-3689.418743811018
239000	-3686.572380191513
239500	-3678.4094748989173
240000	-3723.4834715189686
240500	-3697.5064705256364
241000	-3693.109453374545
241500	-3690.169036553276
242000	-3812.4745916529864
242500	-3792.6359817789066
243000	-3633.7801592205674
243500	-3695.6435424168662
244000	-3699.1665945057966
244500	-3675.4608685262556
245000	-3756.8176297936716
245500	-3742.1576872162295
246000	-3656.789180945993
246500	-3614.3178839781795
247000	-3647.737790045487
247500	-3638.325597706401
248000	-3601.35996289962
248500	-3678.9947838074117
249000	-3696.9340513327807
249500	-3748.06510361284
250000	-3772.2429982484
250500	-3754.752585382721
251000	-3857.3043543354297
251500	-3928.637278103247
252000	-3958.330264460228
252500	-3818.837333692456
253000	-3833.234238872261
253500	-3927.1102962751415
254000	-3958.9261313574007
254500	-3957.913109599256
255000	-3976.192462232561
255500	-3968.27591478553
256000	-3842.6751379668785
256500	-3914.9872383704824
257000	-3847.379945883052
257500	-3922.853178593009
258000	-3974.07549865869
258500	-3952.2424277206937
259000	-3894.663065953363
259500	-3937.0898022918464
260000	-3880.7903173893405
260500	-3949.1130369172583
261000	-3873.63284520831
261500	-4001.977787416852
262000	-3908.650433014775
262500	-3946.8180095141097
263000	-3879.250671180042
263500	-3897.595245058139
264000	-3772.003623708282
264500	-3853.5011778529074
265000	-3815.5152704551892
265500	-3818.086454634637
266000	-3787.4034875232273
266500	-3794.5259065434043
267000	-3818.8939849649028
267500	-3928.1783224355577
268000	-3853.7610217213773
268500	-3855.0122995139873
269000	-3839.4598554135287
269500	-3853.423781306499
270000	-3862.9274596320533
270500	-3802.809453466527
271000	-3817.636139014057
271500	-3782.2580430729827
272000	-3785.8926485249103
272500	-3771.8199625514408
273000	-3879.7580074225625
273500	-3853.1942666933487
274000	-3819.88806673632
274500	-3863.848082860226
275000	-3791.7163412116674
275500	-3853.243281371917
276000	-3838.8602605393053
276500	-3736.6979714874387
277000	-3877.3076425074946
277500	-3811.8609392342464
278000	-3843.2638862132108
278500	-3915.8192674519782
279000	-3892.7087242077987
279500	-3900.777149856006
280000	-3850.4816277178566
280500	-3819.6163010290757
281000	-3832.129014113657
281500	-3822.805200988088
282000	-3851.2350562849233
282500	-3869.722037922241
283000	-3925.270427184415
283500	-3858.13025819889
284000	-3927.7109708632165
284500	-3809.2220763372693
285000	-3895.121449003154
285500	-3794.6997587412234
286000	-3897.8973801413485
286500	-3848.5489448143485
287000	-3840.387204959869
287500	-3830.2725167420244
288000	-3754.5556219686487
288500	-3787.0559067224294
289000	-3771.9854429388297
289500	-3771.862338466884
290000	-3828.18554455621
290500	-3815.2315713058297
291000	-3848.3481874729664
291500	-3755.4884967054227
292000	-3741.940809253697
292500	-3808.7242916415103
293000	-3809.2910165123385
293500	-3875.0975873602224
294000	-3810.9017957167066
294500	-3908.5406331521294
295000	-3938.74363592571
295500	-3818.7475878956297
296000	-3762.6239916622308
296500	-3773.3555961552547
297000	-3866.0395013142875
297500	-3867.0310845568347
298000	-3856.3622846203766
298500	-3896.233614678076
299000	-3801.916595125445
299500	-3892.565986297423
300000	-3737.841270244412
300500	-3751.731379685149
301000	-3687.9266026108126
301500	-3812.317367818407
302000	-3853.549734759215
302500	-3726.2444550310906
303000	-3772.2900592237334
303500	-3846.8950160550603
304000	-3789.5486825399053
304500	-3803.3879499292616
305000	-3825.8924094066747
305500	-3863.3740205665536
306000	-3891.8912533354387
306500	-3849.4416615840064
307000	-3804.300189965051
307500	-3841.42332549903
308000	-3863.020548865399
308500	-3823.059680139088
309000	-3822.0729036122902
309500	-3741.528519495812
310000	-3885.3795271130293
310500	-3845.966576795851
311000	-3763.025754863102
311500	-3865.2778672902346
312000	-3789.688661683967
312500	-3845.978605660461
313000	-3811.9249881941573
313500	-3759.3442418655163
314000	-3885.858634609427
314500	-3885.718599992516
315000	-3925.9003298691237
315500	-3860.948532205841
316000	-3885.429113815338
316500	-3913.727448421225
317000	-3983.044624158244
317500	-3921.747828875697
318000	-3856.0471510713337
318500	-3882.497449772639
319000	-3828.955873927416
319500	-3914.0888192889192
320000	-3886.7088330600877
320500	-3870.6401371232
321000	-3865.610952560961
321500	-3819.6606981382474
322000	-3888.83524079413
322500	-3965.6222146300383
323000	-3971.8236040260977
323500	-3905.7509499520897
324000	-3894.3339731884043
324500	-3855.734550385904
325000	-3849.708231542037
325500	-3821.431531962711
326000	-3928.3539506997477
326500	-4004.6542892959496
327000	-3932.8813709251453
327500	-3962.5205687013645
328000	-3990.775749882409
328500	-3835.2218903094536
329000	-3868.778953990151
329500	-3895.653329558648
330000	-3975.0734677333585
330500	-3934.9805107674015
331000	-3932.0701649250855
331500	-3907.4082619951805
332000	-3953.5665941009274
332500	-3915.0200093270882
333000	-3877.997208378584
333500	-3944.189981396463
334000	-3950.7222782581243
334500	-3929.994517877151
335000	-3888.154266434781
335500	-4042.868887664731
336000	-4032.672894902466
336500	-4040.8044702290854
337000	-3897.3171306540157
337500	-3914.677879943755
338000	-3938.461359480893
338500	-3967.180523695687
339000	-3950.697452274811
339500	-3901.1975117168945
340000	-3980.567960939292
340500	-3863.1323633027555
341000	-3897.975919164676
341500	-3831.971544404778
342000	-3839.7110765200955
342500	-3867.202639132539
343000	-3881.019697557592
343500	-3907.1143139759997
344000	-3802.481883050531
344500	-3872.761866727553
345000	-3782.9862995726053
345500	-3800.4030079107843
346000	-3873.954720490467
346500	-3764.648027377171
347000	-3810.2518507489253
347500	-3890.7284187303335
348000	-3906.475944900518
348500	-3698.9089519341833
349000	-3671.7687353648525
349500	-3670.2988414891465
350000	-3737.5777812087854
350500	-3729.004829278094
351000	-3667.260680790887
351500	-3674.447728340878
352000	-3744.8062027828582
352500	-3737.093672106019
353000	-3731.076138030885
353500	-3699.5018287889116
354000	-3754.722226904901
354500	-3808.8802768216615
355000	-3750.7948303385324
355500	-3751.3404119545
356000	-3794.2600053853353
356500	-3803.6164320882544
357000	-3738.3914616744632
357500	-3726.576818771194
358000	-3845.3284582348856
358500	-3831.407738076724
359000	-3846.482402262788
359500	-3894.8014297662457
360000	-3899.7472165206427
360500	-3992.3941552434067
361000	-3933.360354628769
361500	-3845.6047701827474
362000	-3858.1451768993593
362500	-3808.756178609762
363000	-4008.030921594858
363500	-3838.7513474288826
364000	-3947.8896768784325
364500	-3901.6691969077374
365000	-3838.540696466763
365500	-3849.2900267421164
366000	-3792.270141934048
366500	-3737.639900754999
367000	-3761.263958947994
367500	-3745.41356811945
368000	-3855.6794088157812
368500	-3842.138038729536
369000	-3882.5386009817666
369500	-3745.2635371627703
370000	-3844.945691842873
370500	-3839.1757675986696
371000	-3822.3242821891713
371500	-3793.577182097346
372000	-3775.5610719987258
372500	-3756.0079234032255
373000	-3756.7030134958495
373500	-3746.645059483446
374000	-3871.6017367284194
374500	-3852.5758492201317
375000	-3806.043039307575
375500	-3815.4513019784736
376000	-3736.477967607017
376500	-3699.565744719014
377000	-3717.5852958243154
377500	-3738.4534158776523
378000	-3801.7902798305972
378500	-3756.2379700883794
379000	-3700.750888220757
379500	-3729.2943608001924
380000	-3745.873531625258
380500	-3756.7455743842015
381000	-3685.135709873513
381500	-3754.3891642819162
382000	-3762.1348131678087
382500	-3780.0728950402095
383000	-3765.1334894580054
383500	-3834.0717614068553
384000	-3816.7457363283206
384500	-3750.314555416688
385000	-3758.7964087264513
385500	-3820.2866112208867
386000	-3819.6857046228497
386500	-3776.9441772527575
387000	-3758.645717437697
387500	-3768.346834673609
388000	-3753.868947431669
388500	-3840.3289081493404
389000	-3714.534677993529
389500	-3704.468252892829
390000	-3734.781830539346
390500	-3737.083674424742
391000	-3779.1677596032987
391500	-3896.920907248975
392000	-3869.4145410827255
392500	-3875.5259041427216
393000	-3807.747647526937
393500	-3770.418777582614
394000	-3828.3755428324303
394500	-3768.9236708002854
395000	-3711.323142582459
395500	-3758.970905731197
396000	-3730.1842927473995
396500	-3761.5538835952048
397000	-3789.1288824176136
397500	-3797.7868878339746
398000	-3812.93317881106
398500	-3828.324156600405
399000	-3930.0242992029403
399500	-3855.5725848337884
400000	-3768.083158810152
400500	-3719.10937647912
401000	-3811.8895938351743
401500	-3823.3472124385935
402000	-3823.886973228222
402500	-3841.1976998966006
403000	-3854.1329706333295
403500	-3858.3365490541933
404000	-3861.699819936114
404500	-3895.7468451106047
405000	-3790.86110204368
405500	-3832.9389012342003
406000	-3841.887339745177
406500	-3864.5315847048373
407000	-4038.9026100874394
407500	-3839.1497238411457
408000	-3888.3000314589235
408500	-3858.9978024892066
409000	-3947.100996893964
409500	-3847.929253352196
410000	-3834.212228151261
410500	-3940.026210791729
411000	-3863.475857427933
411500	-3820.96949080114
412000	-3901.9678896965893
412500	-3866.7506058122553
413000	-3835.975789898783
413500	-3775.401242936874
414000	-3764.410393831465
414500	-3706.1583954449043
415000	-3710.5815602636594
415500	-3781.715615857681
416000	-3816.2255413622056
416500	-3736.8604434244717
417000	-3807.4484358481136
417500	-3848.2844853769375
418000	-3826.713651569645
418500	-3789.1112739484643
419000	-3759.3850116414183
419500	-3793.5261821509202
420000	-3777.1500566724894
420500	-3724.2439453922157
421000	-3715.2825515682935
421500	-3675.8462797053844
422000	-3845.9928584982476
422500	-3858.7019113174874
423000	-3875.695674802351
423500	-3865.2909940238137
424000	-3896.185138024249
424500	-3767.217678230617
425000	-3744.4584316617297
425500	-3773.963552298277
426000	-3794.124187694998
426500	-3738.926664547264
427000	-3726.963341350344
427500	-3748.852604395903
428000	-3816.393099965832
428500	-3844.5053445869703
429000	-3797.37075170437
429500	-3749.083040318055
430000	-3837.964822973314
430500	-3719.8818273968377
431000	-3814.5243833530258
431500	-3810.7384645904617
432000	-3781.702310708898
432500	-3800.8436959270766
433000	-3811.192052296587
433500	-3870.539401676668
434000	-3916.9178197952665
434500	-3871.2256173779765
435000	-3797.14703483093
435500	-3796.65470730739
436000	-3874.5670142793997
436500	-3784.3735063716
437000	-3772.1579960334484
437500	-3730.639698683033
438000	-3810.661943968759
438500	-3947.4737731957725
439000	-3887.02188198144
439500	-3891.2121338401903
440000	-3898.350764716607
440500	-3961.9022651165083
441000	-3970.6146946467097
441500	-3989.422763233355
442000	-3934.7302522741684
442500	-3912.2179008583553
443000	-3865.662957059935
443500	-3825.6705518831104
444000	-3819.9556161573287
444500	-3838.183310357652
445000	-3797.4455843076944
445500	-3963.1105208025124
446000	-3998.281598059464
446500	-3894.212626436274
447000	-3792.5242679506496
447500	-3885.3829859885773
448000	-3936.284003147931
448500	-3908.243923005769
449000	-3820.167833029354
449500	-3970.1466324520143
450000	-3884.616606930095
450500	-3882.91347537405
451000	-3865.4681986889327
451500	-3911.810970893569
452000	-3967.750770459426
452500	-3943.6193653360697
453000	-3903.675819251637
453500	-3879.8635757924076
454000	-3914.2769793713346
454500	-3805.9833618761018
455000	-3787.8404555925863
455500	-3853.197761043483
456000	-3954.7863341131006
456500	-3847.879679315219
457000	-3859.9163476590375
457500	-3914.3608061440063
458000	-3929.148964818402
458500	-3903.901476924674
459000	-3886.877826200356
459500	-3850.909865802779
460000	-3851.751618715691
460500	-3911.5002720953776
461000	-3879.002635920413
461500	-3917.9473528949543
462000	-4009.353402090322
462500	-4012.870725802012
463000	-3959.0695562218843
463500	-3897.2284798015226
464000	-3981.6692827478555
464500	-3918.8242905676307
465000	-3965.6021550527917
465500	-3960.9117474952254
466000	-3954.5991628928377
466500	-3911.453992985152
467000	-3950.1997754723043
467500	-3922.8673109989554
468000	-3912.655412713574
468500	-4018.7205247904094
469000	-4005.5153578523336
469500	-3957.1145283990722
470000	-4052.9650947217197
470500	-3916.2982364497493
471000	-3992.5440537437753
471500	-3968.0072180808593
472000	-3893.5998188683275
472500	-3982.8013476397578
473000	-3942.9503591818934
473500	-3884.80525395345
474000	-3880.2904846238325
474500	-3963.235492297858
475000	-3882.9645158460175
475500	-3940.3210189902397
476000	-3994.887866169567
476500	-4008.310384576092
477000	-4019.641313720118
477500	-3948.9898112497626
478000	-3963.8687265415633
478500	-3920.180685055578
479000	-3949.9523080062368
479500	-3873.488620433632
480000	-3800.194202577925
480500	-3860.798044944253
481000	-3819.4038779676966
481500	-3847.3406861596127
482000	-3933.2499663568624
482500	-3816.2076082980802
483000	-3875.964518785663
483500	-3920.951140805392
484000	-3870.143636980828
484500	-3966.8832665846066
485000	-3857.2011753774427
485500	-3888.226359009575
486000	-3903.9709774337975
486500	-3867.880840766213
487000	-3798.785426283714
487500	-3856.698047776993
488000	-3817.763578327803
488500	-3839.2523902977987
489000	-3961.488306801118
489500	-4010.284193581224
490000	-3930.900902681578
490500	-3880.6058410524274
491000	-3940.1001311554437
491500	-3968.412706079893
492000	-4059.3761446052004
492500	-3970.4623889072172
493000	-4008.2572691709374
493500	-3889.293000190063
494000	-3933.031923249094
494500	-3931.2295318623437
495000	-3974.8430094941787
495500	-3982.8739544391487
496000	-4096.12527031327
496500	-3954.2812098539316
497000	-4030.3174901810175
497500	-4008.479874607113
498000	-4023.067787916939
498500	-4099.8209197815795
499000	-4070.511472703216
499500	-3989.93640776032
500000	-3943.259589238931
500500	-3718.761564760104
501000	-3745.0430978049217
501500	-3750.863431411489
502000	-3816.593700612663
502500	-3878.7358745830616
503000	-3772.4375081259177
503500	-3736.6134554705545
504000	-3742.158886327916
504500	-3830.923146101656
505000	-3833.622926935686
505500	-3748.4827707221343
506000	-3755.0482120864667
506500	-3714.749601501244
507000	-3836.0221681628664
507500	-3733.617084152445
508000	-3760.905122956558
508500	-3709.9082733362243
509000	-3810.083413799456
509500	-3819.66501498345
510000	-3794.716313883099
510500	-3759.1501772699016
511000	-3754.5338944398777
511500	-3864.01342524475
512000	-3833.215549429431
512500	-3976.0361226403456
513000	-3844.2046124166613
513500	-3762.3559040474966
514000	-3766.837114148352
514500	-3709.2627946739963
515000	-3790.5748209421085
515500	-3765.4649414338073
516000	-3730.3924470135407
516500	-3809.4779450319734
517000	-3824.5559698855413
517500	-3760.9189977566607
518000	-3793.920363224047
518500	-3795.4003009537487
519000	-3744.003319770294
519500	-3739.4730170995485
520000	-3742.357691154738
520500	-3780.5404491677095
521000	-3782.861568046752
521500	-3771.0741259106626
522000	-3783.127851246421
522500	-3784.4844222967827
523000	-3693.05609642142
523500	-3731.7636060438736
524000	-3674.452405069098
524500	-3741.5023399268166
525000	-3696.005072787728
525500	-3765.9412739020213
526000	-3799.985818758992
526500	-3749.6527352461317
527000	-3799.466281387162
527500	-3918.32479907718
528000	-3844.025249112357
528500	-3799.9980828601815
529000	-3771.002031835149
529500	-3767.7756708041147
530000	-3851.7777665155845
530500	-3811.067074027963
531000	-3852.6118183264757
531500	-3830.8713541817738
532000	-3864.845889332447
532500	-3863.215488244176
533000	-3760.8148543599477
533500	-3787.798706412999
534000	-3746.2183024588353
534500	-3801.0159883957454
535000	-3789.093010302417
535500	-3806.480744960972
536000	-3824.826735543741
536500	-3825.9680208021714
537000	-3805.8042921934466
537500	-3850.469911398993
538000	-3838.9021214310847
538500	-3974.0122557951863
539000	-3741.012640302699
539500	-3804.863757540952
540000	-3868.5142666222055
540500	-3862.0719330352235
541000	-3889.2756547364233
541500	-3826.3383167591387
542000	-3796.6254808763924
542500	-3830.328532328318
543000	-3872.486847637541
543500	-3806.8250754519936
544000	-3811.7222705370477
544500	-3859.173987123024
545000	-3926.82914387292
545500	-4038.222333526964
546000	-3845.543438457427
546500	-3899.60703051561
547000	-3882.4115783958214
547500	-3900.401827249599
548000	-3892.3729001501365
548500	-3869.057546175758
549000	-3835.798223513689
549500	-3810.6438484213472
550000	-3733.9346008469
550500	-3800.550625944256
551000	-3885.4038310652654
551500	-3854.139522685956
552000	-3808.692025741275
552500	-3896.7424562113674
553000	-3790.989549171521
553500	-3746.674183294247
554000	-3723.7164461094953
554500	-3744.7190508110393
555000	-3731.9145392914243
555500	-3819.410427421316
556000	-3713.0205945023945
556500	-3760.896629047349
557000	-3832.81534146613
557500	-3751.1575535286715
558000	-3759.64840053687
558500	-3721.1055032152835
559000	-3903.9829210468397
559500	-3812.203599821793
560000	-3825.6019622168355
560500	-3834.6726941707125
561000	-3766.7877162810955
561500	-3841.629069218399
562000	-3920.6298858681826
562500	-3821.3520305384372
563000	-3844.660144248583
563500	-3839.7763087121702
564000	-3895.889119583493
564500	-3901.637668252053
565000	-3840.6529318470966
565500	-3833.744032451116
566000	-3724.756366935329
566500	-3806.219872435291
567000	-3846.143710561035
567500	-3809.7120968831523
568000	-3794.635126074145
568500	-3738.217093081937
569000	-3741.011935795307
569500	-3789.865124082602
570000	-3816.3762777181305
570500	-3832.1190378682286
571000	-3760.5462461167044
571500	-3802.0730706067866
572000	-3828.9936385992273
572500	-3788.5433821589663
573000	-3829.763566208443
573500	-3823.7717752542358
574000	-3883.120162640884
574500	-3792.0670681655124
575000	-3804.9183807243203
575500	-3833.296031839086
576000	-3904.2923311494874
576500	-3819.8642514433523
577000	-3840.359337014534
577500	-3800.8567479478384
578000	-3774.418171404603
578500	-3894.944558235462
579000	-3859.37851392593
579500	-3835.8800022618875
580000	-3811.9745875844524
580500	-3845.3312801565035
581000	-3896.9109903228077
581500	-3842.5487614522253
582000	-3868.9231558743513
582500	-3844.970293603862
583000	-3835.2424306550724
583500	-3780.8983027955687
584000	-3841.500560082374
584500	-3787.401824415568
585000	-4062.9958673365672
585500	-3953.7221648953687
586000	-3859.4470794967865
586500	-3875.090276226477
587000	-3817.9413474959956
587500	-3839.762640682267
588000	-3997.615188132472
588500	-3888.193198919693
589000	-3801.6495771333693
589500	-3840.691233519541
590000	-3842.736115518123
590500	-3837.367829650161
591000	-3764.0806300461336
591500	-3778.587713507919
592000	-3695.682739975829
592500	-3749.8481396146826
593000	-3710.2713638202513
593500	-3773.3172984771245
594000	-3720.3321521804087
594500	-3833.465965987832
595000	-3775.4827033679326
595500	-3723.90798685006
596000	-3829.895452161903
596500	-3751.650522373897
597000	-3755.7312171107615
597500	-3815.182941816286
598000	-3737.74767322054
598500	-3759.967417019223
599000	-3789.1100635377716
599500	-3834.041749680186
600000	-3790.291704359434
600500	-3901.555948231364
601000	-3854.8814309625636
601500	-3768.8887978033526
602000	-3739.659772561764
602500	-3653.506913476294
603000	-3648.484308796276
603500	-3703.9588286556686
604000	-3625.7022755942608
604500	-3762.0092387221775
605000	-3812.252977623306
605500	-3813.810136495667
606000	-3769.9135144335005
606500	-3784.077934103949
607000	-3738.97727849746
607500	-3730.2061579235974
608000	-3713.7726749611033
608500	-3717.734497871775
609000	-3755.460156778172
609500	-3774.3804774531804
610000	-3746.6115051149277
610500	-3726.692764717913
611000	-3736.075540151807
611500	-3734.1456095393423
612000	-3718.7531273167597
612500	-3779.228671181693
613000	-3706.339951445309
613500	-3693.364870072667
614000	-3648.6392184165334
614500	-3757.104771106098
615000	-3714.969210475727
615500	-3751.0108751720704
616000	-3691.7040453047157
616500	-3751.347555631567
617000	-3835.576905029276
617500	-3823.2974701864173
618000	-3805.7865788514678
618500	-3808.530238179236
619000	-3688.2621298577583
619500	-3681.2778826318354
620000	-3682.41685805145
620500	-3695.15104466298
621000	-3734.002667441282
621500	-3733.1632894135046
622000	-3842.305607502587
622500	-3762.6846055630836
623000	-3795.8895627902216
623500	-3759.9894341893737
624000	-3694.42561810738
624500	-3847.43052594711
625000	-3789.395770641606
625500	-3804.419425639271
626000	-3770.986870198948
626500	-3735.588369506211
627000	-3770.145973623602
627500	-3647.8638564483426
628000	-3662.8126999508922
628500	-3649.17642955256
629000	-3653.105854541751
629500	-3699.683499444631
630000	-3725.0218895677235
630500	-3814.8452743721737
631000	-3816.3604275331095
631500	-3876.774968111795
632000	-3798.3072566804226
632500	-3789.4045305153973
633000	-3814.855231064348
633500	-3803.3147440018784
634000	-3852.0759420359873
634500	-3848.7071697058354
635000	-3814.1627334695672
635500	-3929.0057345161867
636000	-3785.250585053643
636500	-3820.630533626034
637000	-3880.98142099105
637500	-3819.164241716772
638000	-3847.9956758174512
638500	-3911.96796043353
639000	-3828.826477151191
639500	-3960.7208078902936
640000	-3911.135945129739
640500	-3776.7764830869496
641000	-3786.8984181246524
641500	-3790.253895354456
642000	-3749.797582017619
642500	-3736.172112797277
643000	-3791.5733364211646
643500	-3809.2753552905983
644000	-3762.0486454742804
644500	-3801.145615681353
645000	-3812.097450369723
645500	-3944.7103070487024
646000	-3830.0394826590427
646500	-3728.490186990032
647000	-3730.1962070551454
647500	-3764.1180614347336
648000	-3665.730044089291
648500	-3723.2927641935667
649000	-3698.8955606858867
649500	-3721.8822037961377
650000	-3792.6389087680077
650500	-3767.714707275409
651000	-3807.5059447458784
651500	-3766.7129787634694
652000	-3755.334198157357
652500	-3809.9205623802613
653000	-3733.8500137510737
653500	-3724.906376385199
654000	-3724.5393762850103
654500	-3772.9213580263204
655000	-3795.4529733630193
655500	-3766.576520738446
656000	-3780.566420976247
656500	-3793.616836768562
657000	-3806.7745935994913
657500	-3790.8439485198887
658000	-3804.6230657352203
658500	-3757.223242964119
659000	-3812.884333739494
659500	-3763.1937247859064
660000	-3766.5261649777003
660500	-3848.3324134363975
661000	-3877.163064996941
661500	-3867.8038262206655
662000	-3822.3060541529376
662500	-3896.373514014991
663000	-3894.5644169207726
663500	-4000.233304504694
664000	-3832.0009528940973
664500	-3828.918473496434
665000	-3744.05424536097
665500	-3788.073316147107
666000	-3803.948546136888
666500	-3831.9689656958094
667000	-3859.98500885608
667500	-3840.065489841966
668000	-3846.455810126079
668500	-3847.6998433310964
669000	-3858.5059896837965
669500	-3882.6023337314564
670000	-3764.434010706214
670500	-3864.878966049458
671000	-3926.98575113342
671500	-3828.956124293369
672000	-3861.6779081786294
672500	-3883.1279499390007
673000	-3854.9828070006633
673500	-3812.975702273602
674000	-3818.048687518875
674500	-3868.584586028172
675000	-3852.808447005326
675500	-3787.4310435369753
676000	-3888.9614508634213
676500	-3850.4877153120465
677000	-3817.5997128927715
677500	-3796.2396373993033
678000	-3776.222393582782
678500	-3735.0051820061553
679000	-3886.1484352807497
679500	-3810.2572806917465
680000	-3791.2809799599772
680500	-3823.5657530116046
681000	-3867.279177169567
681500	-3934.450217728085
682000	-4048.4464522254484
682500	-3870.345184435625
683000	-3917.1872453518904
683500	-3986.0520758154844
684000	-3930.2523741630057
684500	-3952.5107464822136
685000	-3937.5416109964062
685500	-3886.6044878169946
686000	-3847.3295602903613
686500	-3881.450959854095
687000	-3984.157858362069
687500	-3927.220906484733
688000	-3945.485273823988
688500	-3951.9837782920054
689000	-3989.7076150415305
689500	-3901.901708683046
690000	-4019.6644656737617
690500	-3903.939630204395
691000	-3876.4016479814686
691500	-3930.151604470046
692000	-3942.884621252692
692500	-3887.722465081546
693000	-3886.3790838599098
693500	-3922.265532635953
694000	-3814.5096077066946
694500	-3889.033277975001
695000	-3852.929886172548
695500	-3867.6399195649615
696000	-3853.4539593870113
696500	-3906.207748712638
697000	-3894.158588392126
697500	-3890.6390770074718
698000	-3764.2766187414977
698500	-3902.7666966022484
699000	-3888.023067864748
699500	-3907.0092476538925
700000	-4017.535631712705
700500	-4027.703027715333
701000	-3968.547109956178
701500	-3921.4845021612155
702000	-3879.164934887119
702500	-3943.7598069222795
703000	-3974.290977131916
703500	-3949.7529510715676
704000	-3926.4879225032787
704500	-3873.8153146023005
705000	-3881.104165569074
705500	-3844.0051146286314
706000	-3824.275751086148
706500	-3825.639744382725
707000	-3807.8207719623283
707500	-3746.148921192446
708000	-3744.2213106564436
708500	-3746.367601590205
709000	-3810.124916891374
709500	-3892.3697096736646
710000	-3976.2425550892685
710500	-3916.2676587268356
711000	-3939.7213124063674
711500	-3929.835309562977
712000	-3883.8281027064695
712500	-3920.2048294339897
713000	-3830.6605552838505
713500	-3854.770494794837
714000	-3864.6019592327852
714500	-3859.740083387596
715000	-3801.4749504859183
715500	-3886.5066736360313
716000	-3814.1257787689256
716500	-3833.578031377619
717000	-3891.7082959183267
717500	-3882.713206000827
718000	-3851.0792118528607
718500	-3823.8071433118157
719000	-3850.087699524902
719500	-3827.113298040306
720000	-3845.526366835177
720500	-3734.9884181861403
721000	-3752.1371828087413
721500	-3777.0204064042605
722000	-3718.998306592121
722500	-3705.914468948249
723000	-3733.7964912285706
723500	-3746.9405742463687
724000	-3667.297583733204
724500	-3769.544630429557
725000	-3821.2710748253544
725500	-3815.0038252900167
726000	-3757.511211487078
726500	-3733.3546569143373
727000	-3888.510250774059
727500	-3683.4775215200784
728000	-3609.727186527926
728500	-3754.342786159633
729000	-3645.5371581415625
729500	-3771.7656906268744
730000	-3805.8843840147883
730500	-3720.016379071077
731000	-3652.3840569543445
731500	-3676.9787090942873
732000	-3666.973298842366
732500	-3629.4881152715866
733000	-3721.2215518566754
733500	-3795.915424523357
734000	-3649.8677317023653
734500	-3693.160331628677
735000	-3703.917851744317
735500	-3654.0190072551304
736000	-3703.677042988725
736500	-3724.8751931169536
737000	-3690.6096030975687
737500	-3710.1611484288946
738000	-3785.208557437285
738500	-3628.3449418561895
739000	-3771.3513867952806
739500	-3845.947650071239
740000	-3749.6610710969935
740500	-3738.7165076465462
741000	-3692.423716757806
741500	-3732.0553513063537
742000	-3721.6896253406185
742500	-3720.5602671103784
743000	-3837.1226084041655
743500	-3822.665941287172
744000	-3860.2572378824334
744500	-3863.01178453595
745000	-3803.394437474214
745500	-3794.203720875107
746000	-3813.9207925393803
746500	-3770.6067326074985
747000	-3852.4750492607154
747500	-3820.1450530278503
748000	-3849.759695419342
748500	-3865.1760300149267
749000	-3905.957240862022
749500	-3848.667479795014
750000	-3840.9416920169397
750500	-3808.0605821291733
751000	-3780.674279293809
751500	-3732.4667998340565
752000	-3754.3908998052625
752500	-3811.352590777727
753000	-3757.2213171356707
753500	-3815.3429592197294
754000	-3913.447930929718
754500	-3822.198010308228
755000	-3901.311286339351
755500	-3887.525586914655
756000	-3799.92202165664
756500	-3734.8601653455726
757000	-3762.60323035964
757500	-3926.577247904693
758000	-3814.9223437512355
758500	-3881.251921108319
759000	-3855.488283789262
759500	-3887.293702255289
760000	-3817.5041618496584
760500	-3901.7420177597346
761000	-3837.8785330020005
761500	-3864.6582683250585
762000	-3895.3316816374354
762500	-3839.103987686248
763000	-3874.628614832698
763500	-3906.707595814961
764000	-3969.2030681671977
764500	-3931.3074664259166
765000	-3841.132511445207
765500	-3887.635257504163
766000	-3951.5363581822985
766500	-3872.1038147497534
767000	-3874.9427716248465
767500	-3967.306548295142
768000	-3948.200361603111
768500	-3955.2677870311713
769000	-3830.0888513352047
769500	-3781.009558500404
770000	-3878.446930201525
770500	-3800.708390364222
771000	-3856.7232869732097
771500	-3831.313603789659
772000	-3919.895019352546
772500	-3793.9284061410685
773000	-3791.7247361576315
773500	-3862.059199326374
774000	-3817.0340933335638
774500	-3789.0364130302314
775000	-3890.4717908059215
775500	-3811.9029686711547
776000	-3773.428572708126
776500	-3954.532475883629
777000	-3859.343811929894
777500	-3821.39562364675
778000	-3912.728551565967
778500	-3815.184460545305
779000	-3740.8249393012843
779500	-3815.943461049012
780000	-3826.2207391534757
780500	-3895.605817887468
781000	-3868.273908786263
781500	-3800.512488477038
782000	-3896.1941200544693
782500	-3773.5677368839024
783000	-3812.91423114775
783500	-3765.8018277190818
784000	-3877.950889826113
784500	-3777.9124940530037
785000	-3884.1860858398372
785500	-3887.91328575386
786000	-3893.017845633005
786500	-3852.6337344915796
787000	-3774.1901047621445
787500	-3809.6781368185643
788000	-3915.1372741737605
788500	-3857.559038537817
789000	-3862.1938354150966
789500	-3897.003773738756
790000	-3821.150397092714
790500	-3858.768014913519
791000	-3850.133779613975
791500	-3839.4885652143994
792000	-4011.3334859644565
792500	-4078.720432618911
793000	-3886.315027638734
793500	-3875.492074633812
794000	-3823.1286819190427
794500	-3803.969652860211
795000	-3813.2118409181026
795500	-3817.9731392777016
796000	-3985.607101874196
796500	-3841.178232659361
797000	-3896.1705954651597
797500	-3868.40371765285
798000	-3859.2481282163094
798500	-3858.671336158556
799000	-3799.73527239841
799500	-3864.794744411168
800000	-3828.2839268943003
800500	-3803.100148693301
801000	-3900.091868130625
801500	-3840.0936387829106
802000	-3823.5757048813603
802500	-3838.125228267143
803000	-3765.3905997506913
803500	-3904.9491193776666
804000	-3801.4019866813046
804500	-3793.6124769581047
805000	-3787.296940271871
805500	-3766.084793770035
806000	-3791.6364707432817
806500	-3706.507290822061
807000	-3690.366794399595
807500	-3796.891512091857
808000	-3730.459631606954
808500	-3809.9429240892423
809000	-3766.955978651668
809500	-3701.250391715441
810000	-3679.77699578982
810500	-3738.45429978171
811000	-3930.3739642083046
811500	-3720.1965837585035
812000	-3754.703344988972
812500	-3734.6370326120905
813000	-3668.1170445848747
813500	-3689.3749725469484
814000	-3714.7776161594456
814500	-3661.371855315167
815000	-3707.777091078364
815500	-3647.104712452419
816000	-3729.003603659512
816500	-3795.3803290478145
817000	-3792.2693600349894
817500	-3660.6186504282023
818000	-3676.8605457943104
818500	-3655.1943718280295
819000	-3689.7729134556685
819500	-3673.899713489352
820000	-3712.577238672092
820500	-3744.5901277979233
821000	-3754.02776662914
821500	-3782.170962417483
822000	-3753.3417552836713
822500	-3917.757166452398
823000	-3808.475315850744
823500	-3819.2730957438575
824000	-3643.449222959252
824500	-3693.669214450579
825000	-3659.012438017471
825500	-3660.4059868236372
826000	-3693.6736789986057
826500	-3737.6708188130087
827000	-3725.3140296459233
827500	-3772.658636667996
828000	-3688.756165366918
828500	-3723.2878027633433
829000	-3716.8786293879525
829500	-3731.6009247469683
830000	-3779.652395643991
830500	-3819.1195614190515
831000	-3668.9618625051353
831500	-3715.866585478804
832000	-3763.5802667954295
832500	-3935.181885756812
833000	-3802.033158731003
833500	-3760.3376065568978
834000	-3776.6093862535818
834500	-3763.072080867528
835000	-3690.0311828742542
835500	-3676.1020918059253
836000	-3768.849525667955
836500	-3805.2352857005694
837000	-3857.814216808259
837500	-3820.7819687424353
838000	-3733.038691239776
838500	-3772.564299937933
839000	-3733.512863774167
839500	-3793.244750787742
840000	-3783.891746347033
840500	-3750.631105270529
841000	-3939.174012263308
841500	-3935.972710342336
842000	-3924.922261801808
842500	-3867.0645826973528
843000	-3830.658286523392
843500	-3774.9672040548685
844000	-3775.8928065072178
844500	-3936.698559690968
845000	-3926.152682541908
845500	-3736.13688871768
846000	-3732.8884216344572
846500	-3753.5074038621296
847000	-3739.6926401615447
847500	-3784.9614410336894
848000	-3684.170577528828
848500	-3786.107965483401
849000	-3773.213096958173
849500	-3921.512788583871
850000	-3805.5336277190554
850500	-3823.7447886608143
851000	-3780.0130122507653
851500	-3856.192392751521
852000	-3836.2198693776645
852500	-3875.491273128764
853000	-3937.378106921753
853500	-3897.989960626525
854000	-3954.1453225041996
854500	-3894.8398038357404
855000	-3823.2535403233337
855500	-3827.7393105790406
856000	-3889.2316996719246
856500	-3961.1776672953815
857000	-3951.100227709895
857500	-3965.7841136600473
858000	-3852.26286433861
858500	-3806.9376103815634
859000	-3984.4428348631873
859500	-4010.03374300096
860000	-3991.233096876742
860500	-3896.4229746823953
861000	-3928.552162668568
861500	-3830.385235557061
862000	-3865.568423883925
862500	-3890.6873713107952
863000	-3865.018216259725
863500	-3876.2750582972585
864000	-3924.591118392082
864500	-3851.628921245755
865000	-3904.080267054247
865500	-3920.4707493857504
866000	-3915.0995773854797
866500	-3868.8521044411286
867000	-3903.0253912670105
867500	-3927.021821319584
868000	-3859.1713441905013
868500	-3937.485915764475
869000	-4006.566952694975
869500	-3896.74856960208
870000	-3930.0152200296634
870500	-3893.566243312876
871000	-3873.6360264800373
871500	-3931.454611334155
872000	-4023.392911413396
872500	-4024.672327290446
873000	-3934.603430098404
873500	-3924.25900398201
874000	-3940.952055379309
874500	-3927.8993186761863
875000	-3920.48016419584
875500	-3955.2076554124633
876000	-3864.1862468859654
876500	-3919.2014482983986
877000	-3856.438059932493
877500	-3983.1411095029594
878000	-4025.2975197210853
878500	-3973.444392796762
879000	-3931.479630553089
879500	-3918.9623588899053
880000	-3903.24726565537
880500	-3880.8971470236156
881000	-3899.0682967614175
881500	-3915.3114585796407
882000	-3930.3923561046126
882500	-3941.546748699154
883000	-3909.9825768606433
883500	-3897.104854300217
884000	-3849.3790645606514
884500	-3920.821545676137
885000	-3905.42406698017
885500	-3920.0797285128606
886000	-3894.419979875829
886500	-3834.585591721977
887000	-3902.9400624954487
887500	-3733.680228832839
888000	-3756.4782099431145
888500	-3865.2599607966686
889000	-3784.167807523015
889500	-3749.151485038725
890000	-3812.331661291515
890500	-3802.1741833448223
891000	-3761.4006522105246
891500	-3779.325733225798
892000	-3806.3167918532918
892500	-3767.367224647332
893000	-3826.4603407054105
893500	-3848.069804097166
894000	-3810.774841338795
894500	-3914.090335281599
895000	-3856.778045163801
895500	-3788.202003471864
896000	-3910.9066673155653
896500	-3768.560812843517
897000	-3783.745404511312
897500	-3916.263208031339
898000	-3825.7082889844355
898500	-3850.2673964282058
899000	-3794.193404864321
899500	-3909.401877671355
900000	-3888.725834962317
900500	-3835.4506919221058
901000	-3866.661351368312
901500	-3845.38788373198
902000	-3822.2435909490514
902500	-3820.6669758024273
903000	-3858.142160228228
903500	-3912.8493135732397
904000	-3880.9761092024205
904500	-3873.9256372416603
905000	-3826.0336306782096
905500	-3798.6393061298472
906000	-3806.074547116707
906500	-3888.0315632436573
907000	-3948.847532005943
907500	-3927.0759688121107
908000	-3931.9467096258413
908500	-3798.772430114052
909000	-3791.257425144463
909500	-3789.846589917931
910000	-3834.3782231538694
910500	-3867.3033674376366
911000	-3820.220741821874
911500	-3821.0455097310564
912000	-3791.4033944128896
912500	-3806.591332626828
913000	-3756.9808032723918
913500	-3730.0266913553814
914000	-3818.6927724163493
914500	-3807.7472232960886
915000	-3778.8098042360266
915500	-3869.7102283115037
916000	-3880.818975062087
916500	-3874.89392539536
917000	-3812.570744900749
917500	-3825.7319477536516
918000	-3895.5142832808124
918500	-3862.9149783462053
919000	-3911.995790572199
919500	-3848.059831347784
920000	-3799.93959114679
920500	-3846.317819557281
921000	-3863.6893550005507
921500	-3822.303744697465
922000	-3850.7533050125357
922500	-3839.999338066187
923000	-3813.107167962326
923500	-3821.0273599801953
924000	-3841.0268326749983
924500	-3861.2511618117546
925000	-3937.3291246995254
925500	-3817.055334513923
926000	-3817.1593145709876
926500	-3799.8922730925588
927000	-3797.1683729419874
927500	-3838.5565745504778
928000	-3852.665754818077
928500	-3905.4354955349463
929000	-3813.526281805188
929500	-3794.8511899014156
930000	-3804.4419488295416
930500	-3796.4393133784215
931000	-3811.865369815685
931500	-3820.7623241134615
932000	-3841.436188451237
932500	-3804.460795078658
933000	-3821.2017621475593
933500	-3935.800271221697
934000	-3857.8925039697456
934500	-3818.99239024834
935000	-3773.5723210055266
935500	-3772.5006510511716
936000	-3864.7106310960585
936500	-3775.0160941476606
937000	-3842.385930412025
937500	-3811.382766374354
938000	-3866.129158425591
938500	-3811.002113517619
939000	-3924.9903309114165
939500	-3895.0257618967435
940000	-3938.674345476558
940500	-3797.2839676757294
941000	-3831.5294271319517
941500	-3897.0997714989935
942000	-3928.8947637342303
942500	-3936.7608750499853
943000	-3904.4626813734353
943500	-3862.334905235914
944000	-3871.590447389761
944500	-3898.6760032328784
945000	-3850.0048841464563
945500	-3767.959355610431
946000	-3979.903318482056
946500	-3908.275475953516
947000	-3939.421925691148
947500	-3863.081097324823
948000	-3898.337704111536
948500	-3893.183529567137
949000	-3890.2228783710066
949500	-3961.337035693389
950000	-3976.6514926131213
950500	-3890.16368229289
951000	-3966.3395098156466
951500	-3804.4858247608445
952000	-3808.1782756226435
952500	-3865.088831536986
953000	-3826.957876698383
953500	-3916.3561364988527
954000	-3795.629232406266
954500	-3841.392651491977
955000	-3856.92356860937
955500	-3790.629523571594
956000	-3823.1660785893696
956500	-3864.318987023566
957000	-3841.1760890265878
957500	-3827.9618258145574
958000	-3803.3048228370894
958500	-3869.208269805592
959000	-3793.802006101296
959500	-3782.142734184759
960000	-3744.9412515552613
960500	-3719.988034219271
961000	-3770.5517590432178
961500	-3807.9140519686985
962000	-3766.6134780562206
962500	-3720.948419369717
963000	-3843.3187753385405
963500	-3810.692392800633
964000	-3765.2446897215714
964500	-3765.427787106311
965000	-3803.4357723218827
965500	-3880.3519771862075
966000	-3939.322048906123
966500	-3785.042744403689
967000	-3796.4313062020174
967500	-3876.965574761429
968000	-3815.4714434737666
968500	-3820.4331801839267
969000	-3859.2108019607876
969500	-3809.5358582161357
970000	-3830.019652866014
970500	-3790.076794760616
971000	-3809.446766463704
971500	-3760.9063330715735
972000	-3808.207798219803
972500	-3810.474402286466
973000	-3837.6079355933052
973500	-3847.435974884002
974000	-3797.327361665511
974500	-3753.515750012873
975000	-3767.4341386638885
975500	-3845.2738519518325
976000	-3825.2614911129685
976500	-3895.1019242721413
977000	-3836.8948695991476
977500	-3884.6066413504623
978000	-3822.233642568983
978500	-3826.411039121372
979000	-3866.734834586334
979500	-3809.6689733460794
980000	-3832.6685234761785
980500	-3836.7193323578845
981000	-3896.1855013541444
981500	-3877.288568389026
982000	-3812.933567399498
982500	-3820.6604984198952
983000	-3829.7992237643293
983500	-3907.980024621916
984000	-3946.0145458678335
984500	-3887.179718100816
985000	-3923.025635092425
985500	-3869.723711670183
986000	-3845.9299517366167
986500	-3874.3078466889087
987000	-3858.7822815049426
987500	-3793.5452425778135
988000	-3786.7963763123844
988500	-3840.1761974903584
989000	-3786.094973455946
989500	-3796.5438127036377
990000	-3823.4127361229866
990500	-3772.560513675977
991000	-3858.993367896104
991500	-3779.656564404507
992000	-3720.051996470669
992500	-3754.8299831144755
993000	-3861.071730768802
993500	-3964.411575136639
994000	-3845.683498676335
994500	-3987.8724681726057
995000	-3895.6972974653904
995500	-3944.6231109250543
996000	-3870.132878194202
996500	-3936.1774687490974
997000	-3924.9353937447845
997500	-3798.4052159214702
998000	-3869.4976884397947
998500	-3841.284666944952
999000	-3933.4500799254747
999500	-3870.5710467798795
1000000	-3721.327410636145
1000500	-3835.409433314532
1001000	-3867.8954707496655
1001500	-3853.994754342333
1002000	-3861.084864468863
1002500	-3842.148469885144
1003000	-3830.3214410544088
1003500	-3815.1443720618277
1004000	-3849.5367687370167
1004500	-3847.43420577185
1005000	-3852.062475457476
1005500	-3849.9699790604463
1006000	-3879.772176282145
1006500	-3894.73080205871
1007000	-3984.030531396014
1007500	-3865.4306283516335
1008000	-3889.873858745251
1008500	-3840.265718348635
1009000	-3875.932160844752
1009500	-3924.1625289744293
1010000	-3902.651871504525
1010500	-3902.651871504525
1011000	-3902.651871504525
1011500	-3902.651871504525
1012000	-3902.651871504525
1012500	-3902.651871504525
1013000	-3915.3867537725487
1013500	-4209.042105860353
1014000	-3857.2596282248123
1014500	-3840.804723890568
1015000	-4010.1070521133474
1015500	-3867.8312547856126
1016000	-3774.327237713063
1016500	-3816.5464870895726
1017000	-3913.8997038350735
1017500	-3908.5590045964063
1018000	-3806.067280570776
1018500	-3823.4918784874994
1019000	-3864.113403605381
1019500	-3862.2565881741443
1020000	-3780.3312418278942
1020500	-3795.6560902364804
1021000	-3741.4615387384106
1021500	-3759.9429634156068
1022000	-3807.637309922426
1022500	-3818.557656626117
1023000	-3902.6247815982856
1023500	-3846.9670943116366
1024000	-3816.515227517232
1024500	-3843.747103614094
1025000	-3856.9277740011917
1025500	-3799.01801201354
1026000	-3868.155014961651
1026500	-3816.4939103228694
1027000	-3807.8602979994694
1027500	-3871.6604911038185
1028000	-3810.1678847006724
1028500	-3764.0581883307154
1029000	-3810.611604779602
1029500	-3803.867326408118
1030000	-3824.6214618609756
1030500	-3928.282008473742
1031000	-3876.9073984798692
1031500	-3832.1015113795293
1032000	-3823.0445148283893
1032500	-3929.359999347866
1033000	-3836.447291719894
1033500	-3846.0040597132083
1034000	-3850.573944400423
1034500	-3859.5823045758357
1035000	-3820.4663181654514
1035500	-3773.0209613937946
1036000	-3811.5502819147177
1036500	-3838.0373071697118
1037000	-3900.488042434821
1037500	-3859.7026431802565
1038000	-3867.734363297474
1038500	-3861.2437507746204
1039000	-3873.0287594070664
1039500	-3905.537426264024
1040000	-3874.3717044900386
1040500	-3826.4933361551584
1041000	-3831.3527158247575
1041500	-3835.8053826421274
1042000	-3896.9335171397215
1042500	-3855.80411534674
1043000	-3976.555193900414
1043500	-3854.7048143116153
1044000	-3841.0667831795913
1044500	-3878.4323937172085
1045000	-3935.172075553339
1045500	-4005.5974640165223
1046000	-3839.8494258887267
1046500	-3902.108940325171
1047000	-3957.8071014222946
1047500	-3967.1764293889087
1048000	-3915.3100941326834
1048500	-3896.9940180290646
1049000	-3914.680439413903
1049500	-3992.004116429143
1050000	-3866.941533979638
1050500	-3774.25462022585
1051000	-3916.6889377035277
1051500	-3880.946687114093
1052000	-3858.309730050185
1052500	-3809.9574625913842
1053000	-3861.0353587722175
1053500	-3831.1395311960673
1054000	-3858.5871876781353
1054500	-3850.7159360602577
1055000	-3848.1092220875184
1055500	-3932.635622228376
1056000	-3876.775514308378
1056500	-3835.235528559302
1057000	-3887.108930315316
1057500	-3814.5125103061796
1058000	-3896.4368646772373
1058500	-3932.358128574818
1059000	-3813.671311600055
1059500	-3921.0612515400157
1060000	-3939.001034126286
1060500	-3845.724332389364
1061000	-3987.713209753708
1061500	-3811.753922146774
1062000	-3839.4967755361727
1062500	-3885.2435326783616
1063000	-3912.0979223937447
1063500	-3877.030725338069
1064000	-3789.4476021257806
1064500	-3904.176801115666
1065000	-3834.599567563293
1065500	-3797.9333042375756
1066000	-3774.5654375153354
1066500	-3729.9662058005874
1067000	-3783.8237247284046
1067500	-3787.681135669767
1068000	-3810.8891635325513
1068500	-3791.0956074463184
1069000	-3807.483805122828
1069500	-3809.136726628102
1070000	-3760.141912114182
1070500	-3751.3696837204325
1071000	-3767.0562931478603
1071500	-3827.156704600425
1072000	-3775.4823197525734
1072500	-3873.4255350011977
1073000	-3807.960798106286
1073500	-3737.2766774979755
1074000	-3819.808478889305
1074500	-3785.712505936475
1075000	-3817.4766753233175
1075500	-3796.3711033441314
1076000	-3850.9565581176603
1076500	-3845.624494474045
1077000	-3839.7379107479906
1077500	-3855.4191239339234
1078000	-3888.881500525258
1078500	-3887.607514434297
1079000	-3837.41307082315
1079500	-3773.6138016171153
1080000	-3852.578119317162
1080500	-3735.862633216539
1081000	-3776.036670553728
1081500	-3789.0850117086757
1082000	-3833.238308982505
1082500	-3787.0874921460704
1083000	-3814.3065639148326
1083500	-3769.897424441884
1084000	-3763.37552144
1084500	-3779.705459007878
1085000	-3849.2512421812235
1085500	-3757.4926044786644
1086000	-3779.6585985179545
1086500	-3817.856136984303
1087000	-3776.1980177171777
1087500	-3811.107919646538
1088000	-3838.2167020584584
1088500	-3822.6693932249027
1089000	-3859.8742817553234
1089500	-3904.535471296788
1090000	-3872.4663515370903
1090500	-3963.7443329229995
1091000	-4043.98939866339
1091500	-3845.1012965082796
1092000	-3839.2524660341624
1092500	-3782.1462764914677
1093000	-3782.5742963966263
1093500	-3810.405031186834
1094000	-3826.8356119535238
1094500	-3762.1096657685525
1095000	-3776.4599415278212
1095500	-3822.811820230861
1096000	-3751.8474656468634
1096500	-3767.8786413507055
1097000	-3786.299109542252
1097500	-3773.2020720381083
1098000	-3678.280997231983
1098500	-3710.946514334732
1099000	-3734.5487703087306
1099500	-3850.040750334292
1100000	-3729.2253321703606
1100500	-3871.2560156422455
1101000	-3852.849098092756
1101500	-3822.6258686889446
1102000	-3805.02540269087
1102500	-3819.942454842798
1103000	-3850.6514131778927
1103500	-3855.0347889357304
1104000	-3874.629964523073
1104500	-3854.495079160456
1105000	-3949.4901846703056
1105500	-3908.2969538625453
1106000	-3917.013829439957
1106500	-3873.885932565014
1107000	-3949.784381183477
1107500	-3829.9503361639877
1108000	-3880.896459297486
1108500	-3930.228776710487
1109000	-3887.8250419954506
1109500	-3846.477687010583
1110000	-3876.988796510081
1110500	-3898.2918016615718
1111000	-3771.509383476082
1111500	-3808.9618504891764
1112000	-3810.4733201365716
1112500	-3857.379820662428
1113000	-3848.6876593326456
1113500	-3818.318475776219
1114000	-3852.9491512547525
1114500	-3813.424813074764
1115000	-3799.4310043168625
1115500	-3832.365417070365
1116000	-3867.472951345721
1116500	-3897.5959819131085
1117000	-3877.773438675352
1117500	-3877.7195262404125
1118000	-3818.8891647970945
1118500	-3825.308418539403
1119000	-3815.8312559579713
1119500	-3892.465246461002
1120000	-3829.2288740537383
1120500	-3787.567108191849
1121000	-3804.4411484827506
1121500	-3847.5621199355414
1122000	-3800.1037952685915
1122500	-3794.623925924548
1123000	-3879.5480236791495
1123500	-3876.5586535231223
1124000	-3844.671096681263
1124500	-3850.209726268102
1125000	-3748.42889964689
1125500	-3810.9894201754746
1126000	-3853.437498934697
1126500	-3838.9980987898784
1127000	-3853.19802329896
1127500	-3902.755435003535
1128000	-3881.156632429347
1128500	-3822.907638443634
1129000	-3857.79936857713
1129500	-3862.743554530917
1130000	-3863.002207407539
1130500	-3896.749527682556
1131000	-3869.0726488692003
1131500	-3963.692784954868
1132000	-3891.020384018271
1132500	-3971.8343214746706
1133000	-3938.130337471661
1133500	-3812.474718652373
1134000	-3903.8802672036095
1134500	-3941.584306812343
1135000	-3832.095908852257
1135500	-3826.122475994439
1136000	-3916.652549181969
1136500	-3960.3690972185605
1137000	-3883.31202040957
1137500	-3864.1525310284974
1138000	-3795.760426432947
1138500	-3921.547736738878
1139000	-3897.1146198755405
1139500	-3872.0185293067925
1140000	-3935.9861220527105
1140500	-3948.0670941154704
1141000	-3885.52834801735
1141500	-3860.3691814144267
1142000	-3925.1178970915407
1142500	-3885.9510903971236
1143000	-3769.090259864538
1143500	-3777.5150176215466
1144000	-3927.1750816075587
1144500	-3911.61729331428
1145000	-3883.270994094751
1145500	-3791.9433676988697
1146000	-3841.9786626514674
1146500	-3793.7833886303083
1147000	-3916.686595220057
1147500	-3860.971012943042
1148000	-3912.5439174484213
1148500	-3892.740477646274
1149000	-3845.1514341414095
1149500	-3874.9664960370724
1150000	-3928.870987118117
1150500	-3784.7195525499224
1151000	-3770.013645380054
1151500	-3831.111046017525
1152000	-3873.0659287474746
1152500	-3860.042177977661
1153000	-3767.59886814402
1153500	-3858.2271655310055
1154000	-3813.7667637251297
1154500	-3691.930529495961
1155000	-3754.822486454734
1155500	-3807.254418473097
1156000	-3788.958038543593
1156500	-3729.7253431561444
1157000	-3848.9469851454287
1157500	-3836.992351374694
1158000	-3792.1396639657896
1158500	-3755.631947800946
1159000	-3800.2700678539063
1159500	-3808.95144130023
1160000	-3766.9721889932575
1160500	-3831.643080535289
1161000	-3811.034975272902
1161500	-3766.2190413451253
1162000	-3776.7094672229205
1162500	-3813.037830827809
1163000	-3834.314627215686
1163500	-3810.2651498878276
1164000	-3788.633169089004
1164500	-3794.233548181169
1165000	-3751.2498140362663
1165500	-3745.1176485952014
1166000	-3738.9475430884795
1166500	-3832.2478384851947
1167000	-3798.2398697694603
1167500	-3777.045967737252
1168000	-3707.1084859797165
1168500	-3887.2069035609375
1169000	-3753.587548867642
1169500	-3809.7104358313168
1170000	-3751.6057924500196
1170500	-3774.2966479781576
1171000	-3745.648906903147
1171500	-3797.507375059761
1172000	-3759.8763958453064
1172500	-3749.4829985620213
1173000	-3784.5087033860173
1173500	-3767.947540406025
1174000	-3815.10968063004
1174500	-3730.7945834569173
1175000	-3858.7532446667674
1175500	-3818.493053875726
1176000	-3770.7783619389315
1176500	-3851.227474697087
1177000	-3818.0056305333737
1177500	-3823.9757529831286
1178000	-3885.5396618335317
1178500	-3869.8407777554685
1179000	-3990.448033792211
1179500	-3876.36968529985
1180000	-3890.517953387665
1180500	-3972.5925309693853
1181000	-3922.001379927375
1181500	-3835.9517373485764
1182000	-3907.719511631078
1182500	-3827.7767406722483
1183000	-3853.519502772125
1183500	-3777.959539979638
1184000	-3738.9072482902893
1184500	-3727.4517110045804
1185000	-3765.8372662222455
1185500	-3706.285502065225
1186000	-3816.1463971168346
1186500	-3793.4647041336857
1187000	-3792.9333280611804
1187500	-3839.2787945400623
1188000	-3799.607938083281
1188500	-3905.0498780279477
1189000	-4032.746142040041
1189500	-3899.961659057751
1190000	-3942.5654001690036
1190500	-3929.644012797181
1191000	-3946.5022210757197
1191500	-3973.223727805484
1192000	-3966.027019808178
1192500	-3975.689560183367
1193000	-3912.732947887919
1193500	-3871.9431722624204
1194000	-3866.563568904317
1194500	-3862.3957473733703
1195000	-3857.8786313619335
1195500	-3869.314447176348
1196000	-3860.7599431878
1196500	-3898.0501850132655
1197000	-3842.5024751651135
1197500	-3968.459266288805
1198000	-3998.5326454180736
1198500	-3919.7949228255884
1199000	-3813.2558498425624
1199500	-3898.032308021477
1200000	-3827.364828964181
1200500	-3829.1012883270023
1201000	-3809.2777285173197
1201500	-3831.106627169653
1202000	-3853.2106532745483
1202500	-3844.542900563688
1203000	-3789.3883122652796
1203500	-3835.15345833398
1204000	-3786.284115947124
1204500	-3771.07063733914
1205000	-3783.9562371151337
1205500	-3807.499517943256
1206000	-3824.191392761798
1206500	-3789.00144074658
1207000	-3788.935203085559
1207500	-3828.1852925488956
1208000	-3852.0590564047457
1208500	-3867.917009602267
1209000	-3897.1398527836977
1209500	-3845.590904531845
1210000	-3881.1199940792217
1210500	-3872.7339077152783
1211000	-3911.2594135689837
1211500	-3894.2378601726477
1212000	-3922.146454415873
1212500	-3892.057272766731
1213000	-3817.6867072831783
1213500	-3860.6697785049664
1214000	-3876.0650343394177
1214500	-3833.4012175860844
1215000	-3946.30914179358
1215500	-3897.972102042937
1216000	-3834.098663015133
1216500	-3914.8012621689377
1217000	-3792.0030953541095
1217500	-3802.2976967769755
1218000	-3901.926055483307
1218500	-3866.205087368344
1219000	-3849.944191168679
1219500	-3913.9636955930728
1220000	-3929.5819013242854
1220500	-3954.360040396096
1221000	-3958.6336299462014
1221500	-4040.797082342617
1222000	-3906.6753414286827
1222500	-3828.463237895147
1223000	-3927.6883218570597
1223500	-3829.2438621036404
1224000	-3833.8953839633186
1224500	-3828.2595420921884
1225000	-3880.3271294574324
1225500	-3744.4212500535937
1226000	-3805.3280421746504
1226500	-3819.5152862526916
1227000	-3880.747158334072
1227500	-3891.2457106210463
1228000	-3821.124407629951
1228500	-3867.7512869965817
1229000	-3794.415184422957
1229500	-3821.129918065191
1230000	-3850.1643503214423
1230500	-3861.5816084341945
1231000	-3824.631359478008
1231500	-3859.344942129508
1232000	-3825.9085466832194
1232500	-3830.066600772806
1233000	-3843.90893969709
1233500	-3786.273072038566
1234000	-3834.99574716568
1234500	-3821.275446398171
1235000	-3804.276938335773
1235500	-3785.824882537862
1236000	-3719.3499920257873
1236500	-3782.541594836121
1237000	-3792.9688368738985
1237500	-3821.9135748096965
1238000	-3833.6982234106513
1238500	-3831.8190774109116
1239000	-3783.8673346521828
1239500	-3736.884782858809
1240000	-3739.5331783317642
1240500	-3763.4262836188273
1241000	-3901.649702747796
1241500	-3780.0809364821343
1242000	-3824.752240932229
1242500	-3838.3777833489726
1243000	-3782.064287172192
1243500	-3809.4824365229438
1244000	-3826.7499251966565
1244500	-3842.8647052788065
1245000	-3814.248529848701
1245500	-3895.756498883406
1246000	-3913.792757935622
1246500	-3900.142552254894
1247000	-3892.105179879958
1247500	-4012.763468046186
1248000	-4012.852106817246
1248500	-4023.240406774955
1249000	-3823.5488662764697
1249500	-3826.7166724192457
1250000	-3941.1944266557616
1250500	-3875.8355968089672
1251000	-3887.622575488334
1251500	-3832.660826098671
1252000	-3779.3096513066407
1252500	-3897.698731911242
1253000	-3753.616668714158
1253500	-3805.968007116467
1254000	-3752.431554084856
1254500	-3767.205607367746
1255000	-3817.751006000873
1255500	-3778.315716462868
1256000	-3806.2042702872145
1256500	-3802.515163044903
1257000	-3750.0243871932735
1257500	-3803.4737168119755
1258000	-3747.102940827224
1258500	-3811.298781886112
1259000	-3749.4070824512214
1259500	-3737.4909655590386
1260000	-3772.8832227025323
1260500	-3812.4994991745966
1261000	-3898.4324659774993
1261500	-3786.4401817196094
1262000	-3769.3691571879476
1262500	-3713.927162113319
1263000	-3740.3746747411897
1263500	-3689.915287501614
1264000	-3753.567527645471
1264500	-3759.658904743806
1265000	-3762.27026161709
1265500	-3775.0273388569785
1266000	-3744.151890804397
1266500	-3798.967013668223
1267000	-3705.1357944625706
1267500	-3801.9541636720287
1268000	-3746.927493845389
1268500	-3761.0130273364707
1269000	-3774.4914458949956
1269500	-3768.318228057936
1270000	-3831.5869807516237
1270500	-3765.7147706575615
1271000	-3723.3332559014775
1271500	-3903.444128572618
1272000	-3849.2776531887457
1272500	-3818.775615682844
1273000	-3773.4014832418443
1273500	-3757.764572485395
1274000	-3726.914174351911
1274500	-3793.7414153541554
1275000	-3866.7230213725024
1275500	-3817.4607506119773
1276000	-3731.0592002603585
1276500	-3738.278020243675
1277000	-3752.7512396300444
1277500	-3709.4792336163155
1278000	-3781.094176461882
1278500	-3769.8465037290425
1279000	-3764.101769678909
1279500	-3805.6860668563368
1280000	-3726.07066823104
1280500	-3857.7017689137583
1281000	-3770.3161137712636
1281500	-3836.947073754958
1282000	-3830.8848952797175
1282500	-3876.3104568086223
1283000	-3791.899744203774
1283500	-3830.3658052613096
1284000	-3845.3498143900338
1284500	-3900.474067824102
1285000	-3905.7793779116496
1285500	-3835.122204311908
1286000	-3839.769174436491
1286500	-3868.6106779692336
1287000	-3786.3273772098755
1287500	-3831.0932609628903
1288000	-3878.842485565177
1288500	-3867.3543409762033
1289000	-3880.3191764060657
1289500	-3843.1988018023667
1290000	-3812.3363930335213
1290500	-3742.6819469619527
1291000	-3736.7774317383432
1291500	-3881.615816530972
1292000	-3843.9426113450295
1292500	-3842.41913021575
1293000	-3851.5615391361384
1293500	-3771.8649777449414
1294000	-3772.241889412845
1294500	-3784.305785005889
1295000	-3773.702445329252
1295500	-3810.1015779913955
1296000	-3863.3322669712466
1296500	-3951.9682954178224
1297000	-3849.1709804252996
1297500	-3809.478462195258
1298000	-3784.4953117062037
1298500	-3872.191248753083
1299000	-3874.208411879917
1299500	-3887.976357686447
1300000	-3810.5939809485867
1300500	-3846.713942726462
1301000	-3788.490449624163
1301500	-3765.3886832771623
1302000	-3973.1542439359364
1302500	-3851.4643900790006
1303000	-3848.669017624111
1303500	-3756.6414970078226
1304000	-3816.561193740674
1304500	-3820.8811967106267
1305000	-3833.290520232226
1305500	-3788.046230340211
1306000	-3774.0258043128774
1306500	-3731.6325527618114
1307000	-3811.123625201557
1307500	-3746.0697758353954
1308000	-3871.0434319213427
1308500	-3910.5340692608847
1309000	-3860.2445815322953
1309500	-3786.007243505986
1310000	-3782.621584449815
1310500	-3807.108503983955
1311000	-3795.9173045333673
1311500	-3819.977409348988
1312000	-3846.650921850589
1312500	-3786.5089402687777
1313000	-3794.2153213838715
1313500	-3852.3810051393352
1314000	-3852.396636133755
1314500	-3873.164010528901
1315000	-3826.31437291858
1315500	-3857.2051065964783
1316000	-3895.5906657494397
1316500	-3874.8108322498138
1317000	-3873.0979117515317
1317500	-3868.745791098251
1318000	-3764.756167199289
1318500	-3805.3318895556413
1319000	-3890.8530550795363
1319500	-3885.0373907390453
1320000	-3879.1498157446167
1320500	-3955.1175297950676
1321000	-3934.68629027775
1321500	-3915.887059610295
1322000	-3950.057834909915
1322500	-3870.500680749999
1323000	-3891.6146217985297
1323500	-3878.398341513022
1324000	-3965.255301401579
1324500	-3899.742252730165
1325000	-3924.3488607679506
1325500	-3858.8781040670387
1326000	-3899.4394754081445
1326500	-3926.257718845078
1327000	-3887.9107522031645
1327500	-3895.30905445112
1328000	-3858.6276067269205
1328500	-3798.0157568120926
1329000	-3805.80082041414
1329500	-3791.734312150721
1330000	-3762.3874130415065
1330500	-3828.9444064655504
1331000	-3816.5893153407565
1331500	-3785.7646320316103
1332000	-3819.770155686556
1332500	-3811.9240033593924
1333000	-3828.2097425124284
1333500	-3783.1832161977472
1334000	-3787.769571636097
1334500	-3766.75831479899
1335000	-3812.672600625456
1335500	-3748.105402700217
1336000	-3795.114113859022
1336500	-3791.9889206394664
1337000	-3766.8605950299057
1337500	-3794.2153288192785
1338000	-3797.14933768986
1338500	-3849.3262597902276
1339000	-3753.798188266271
1339500	-3776.4003258030257
1340000	-3836.9212754671344
1340500	-3822.7104434468442
1341000	-3988.467806939623
1341500	-4062.1417249173805
1342000	-3909.112749688569
1342500	-3971.390196716977
1343000	-3983.397027893131
1343500	-3951.6810616941375
1344000	-3958.1179087670766
1344500	-3774.0984336673982
1345000	-3939.0471487283403
1345500	-3922.6455927768156
1346000	-3837.403420997509
1346500	-3909.1143746002504
1347000	-3824.7172477788063
1347500	-3838.010888634788
1348000	-3829.5063430246123
1348500	-3887.8753296232658
1349000	-3910.6570746181515
1349500	-3907.653615620312
1350000	-3977.238911879798
1350500	-3954.7627611597472
1351000	-4097.6087854688185
1351500	-3982.8345558852507
1352000	-4024.0085890633154
1352500	-4044.785518903454
1353000	-3959.89739309211
1353500	-3970.5932615948814
1354000	-4125.421768845396
1354500	-3910.350744469932
1355000	-3939.266025990823
1355500	-3842.739853295026
1356000	-3828.082713570648
1356500	-3671.9307844155983
1357000	-3766.472500280992
1357500	-3785.54904958644
1358000	-3861.129407631602
1358500	-3857.6112761398463
1359000	-3803.2242947816785
1359500	-3816.915419063978
1360000	-3867.0094844017826
1360500	-3841.7798862461796
1361000	-3861.0481525652544
1361500	-3778.0535546969036
1362000	-3806.1254674297047
1362500	-3908.128161308366
1363000	-3803.823855337311
1363500	-3909.8231048175194
1364000	-3899.049488574549
1364500	-3939.7600039780295
1365000	-3915.999660132597
1365500	-3956.398992596832
1366000	-3944.7436961274275
1366500	-3823.459976409955
1367000	-3865.9883423249216
1367500	-3851.132820812889
1368000	-3881.2422786864154
1368500	-3884.336032794336
1369000	-3902.513566428348
1369500	-3982.2970453758876
1370000	-3920.1177402260732
1370500	-3928.3533645252983
1371000	-3990.273993149391
1371500	-3874.1068401582484
1372000	-3863.0097957976186
1372500	-3812.2925661476784
1373000	-3817.939046296737
1373500	-3841.9048323265743
1374000	-3927.655654469987
1374500	-3958.051158697463
1375000	-3826.986091908378
1375500	-3823.910281661525
1376000	-3765.6217943087318
1376500	-3875.2444316877227
1377000	-3829.1670893735327
1377500	-3864.7852661452903
1378000	-3874.8289218641703
1378500	-3772.148362067057
1379000	-3800.255226925371
1379500	-3767.81242606318
1380000	-3833.727033494945
1380500	-3732.50741695031
1381000	-3808.3477654402122
1381500	-3705.100224117715
1382000	-3708.151993804946
1382500	-3774.5797233458684
1383000	-3741.695739127698
1383500	-3641.2330806186706
1384000	-3733.3761644331976
1384500	-3727.619690853259
1385000	-3684.410847537303
1385500	-3723.7764391558057
1386000	-3839.003996793848
1386500	-3814.319947795611
1387000	-3788.9923161835227
1387500	-3796.9738041329983
1388000	-3876.616437695177
1388500	-4052.199531137674
1389000	-4105.354702152658
1389500	-3912.050964407365
1390000	-3828.897101486797
1390500	-3859.0626980915276
1391000	-3913.3671245034648
1391500	-3805.807678821736
1392000	-3848.1563291900957
1392500	-3817.9452510330416
1393000	-3722.6063894917775
1393500	-3813.330360172061
1394000	-3803.7685927554876
1394500	-3764.9097981428627
1395000	-3748.980649083489
1395500	-3730.631958496299
1396000	-3865.509032624934
1396500	-3894.915864344761
1397000	-3780.5857369007763
1397500	-3800.670452854726
1398000	-3850.567986595922
1398500	-3908.4035906234235
1399000	-3837.111362777083
1399500	-3810.300849607187
1400000	-3853.8888973821176
1400500	-3763.2728600366213
1401000	-3938.1689025724927
1401500	-3906.409567112264
1402000	-3946.2456144263815
1402500	-3956.458241429523
1403000	-3800.1809944137935
1403500	-3897.4422216038947
1404000	-3803.8483498407427
1404500	-3874.7841444520445
1405000	-3863.238236809488
1405500	-3833.0049662524802
1406000	-3850.3561192970483
1406500	-3882.468005250513
1407000	-3924.0644701046986
1407500	-3790.1938285339543
1408000	-3809.9958497828993
1408500	-3825.9194329539464
1409000	-3853.549571370056
1409500	-3751.803323611626
1410000	-3804.975116725285
1410500	-3784.2184152810028
1411000	-3755.386830928531
1411500	-3794.9712010762464
1412000	-3729.440823579064
1412500	-3746.4722400239775
1413000	-3769.6753479689582
1413500	-3776.3375597113145
1414000	-3794.5527404660033
1414500	-3823.1782873239513
1415000	-3741.9822267972886
1415500	-3769.1399390392107
1416000	-3747.410461768185
1416500	-3695.997881641352
1417000	-3732.5414880623293
1417500	-3695.4734676635144
1418000	-3710.045813268407
1418500	-3771.0859695616514
1419000	-3768.4960467244814
1419500	-3777.175383345058
1420000	-3748.71093641086
1420500	-3737.10386059132
1421000	-3747.93362303879
1421500	-3835.8151942431305
1422000	-3712.8991763465388
1422500	-3772.4192825560635
1423000	-3835.738087506141
1423500	-3664.3071775998988
1424000	-3718.8223265435063
1424500	-3730.5928400663965
1425000	-3730.8589868385275
1425500	-3862.774586963738
1426000	-3734.5341613480664
1426500	-3710.2032981717653
1427000	-3828.4672043934474
1427500	-3821.30027703557
1428000	-3742.9993835306536
1428500	-3744.912588744074
1429000	-3767.7947117482263
1429500	-3724.8009763405057
1430000	-3751.1248758205265
1430500	-3847.6183116311063
1431000	-3757.4337825667644
1431500	-3660.786123128537
1432000	-3722.128144723084
1432500	-3773.7191447980777
1433000	-3787.91452896255
1433500	-3753.019856273009
1434000	-3743.216926056725
1434500	-3735.24594666175
1435000	-3783.2342123137273
1435500	-3804.16541452884
1436000	-3740.8323403856043
1436500	-3772.9389300937673
1437000	-3861.1416681075675
1437500	-3875.192774253572
1438000	-3769.5218320123217
1438500	-3809.723062009456
1439000	-3877.4390396812087
1439500	-3794.2415786300817
1440000	-3773.6007778944777
1440500	-3825.166015121081
1441000	-3760.2521622539366
1441500	-3762.4231453080088
1442000	-3789.099103390009
1442500	-3718.215295213878
1443000	-3760.6078559734565
1443500	-3798.14546599265
1444000	-3728.4605920519284
1444500	-3753.68661247005
1445000	-3823.0461450321477
1445500	-3779.318890532766
1446000	-3751.6296360164806
1446500	-3792.3759340633173
1447000	-3765.2501043586403
1447500	-3810.224160045282
1448000	-3750.1634822988954
1448500	-3819.0319385912208
1449000	-3870.8874123913433
1449500	-3854.386235935894
1450000	-3826.7870928497196
1450500	-3836.596068895531
1451000	-3870.32552272125
1451500	-3828.89862456525
1452000	-3893.8404654187325
1452500	-3864.6982234624534
1453000	-3874.481296768843
1453500	-3851.3405764887884
1454000	-3719.6024999292936
1454500	-3746.8967101342087
1455000	-3770.6796242634305
1455500	-3800.046584948963
1456000	-3910.2542241946635
1456500	-3770.1387713375116
1457000	-3770.4373601235557
1457500	-3741.932166797895
1458000	-3759.2629538340584
1458500	-3699.186267222677
1459000	-3711.3253455017666
1459500	-3775.748318437852
1460000	-3751.104800595148
1460500	-3762.3700772085313
1461000	-3769.66387367597
1461500	-3741.7396504574326
1462000	-3700.9525714113265
1462500	-3749.4143509409764
1463000	-3678.6762599847934
1463500	-3697.203483627971
1464000	-3670.5757914295323
1464500	-3729.230473895978
1465000	-3767.7604357275072
1465500	-3822.400980656644
1466000	-3826.403036306249
1466500	-3836.5324771839937
1467000	-3884.0535582542684
1467500	-3846.796580789195
1468000	-3882.228534838907
1468500	-3892.8117958128446
1469000	-3840.7539551559034
1469500	-3847.0372217459385
1470000	-3837.565134324698
1470500	-3887.5845166545623
1471000	-3849.5282164858654
1471500	-3824.2143137822222
1472000	-3891.8073208124415
1472500	-3963.420380223529
1473000	-4005.0409233041373
1473500	-3958.798626857252
1474000	-3955.407672670243
1474500	-3877.1440244303967
1475000	-3846.9423699879594
1475500	-3876.555083572865
1476000	-4000.3124841090075
1476500	-3945.389321219576
1477000	-4000.6498315157874
1477500	-3806.6422760891646
1478000	-3939.689032698545
1478500	-3900.904363277521
1479000	-3946.2861666679187
1479500	-3975.5421499686527
1480000	-4029.629672068017
1480500	-3973.2120245406927
1481000	-3960.4445784229
1481500	-3889.2385141422287
1482000	-3874.3440671381327
1482500	-3868.4323775532794
1483000	-3927.9629305682456
1483500	-3895.3349228188986
1484000	-3908.1411845279463
1484500	-3895.4812688298903
1485000	-4016.307672701446
1485500	-3937.2129832920705
1486000	-3954.9037082679192
1486500	-3935.565366626105
1487000	-3938.632568995568
1487500	-3953.955334781634
1488000	-3925.8307936625365
1488500	-3923.674533895634
1489000	-3922.597413747882
1489500	-3884.2207561509867
1490000	-3812.2618249706106
1490500	-3902.058345960187
1491000	-3794.5590316836547
1491500	-3747.8235345449384
1492000	-3811.9362973398643
1492500	-3738.2286910131666
1493000	-3723.4927948647514
1493500	-3737.597037271693
1494000	-3880.4797599450512
1494500	-3903.986136759225
1495000	-3953.7453694038527
1495500	-3936.948622166984
1496000	-3890.6761981705176
1496500	-3941.952705385879
1497000	-3933.853573049278
1497500	-3849.6799548326535
1498000	-3827.281464382229
1498500	-3826.3075902814758
1499000	-3911.1910659852792
1499500	-3879.792773846505
1500000	-3813.8097619514306
