Sample	likelihood
0	-3775.7212253647585
500	-3831.211980085743
1000	-3830.726806246741
1500	-3776.3984385260756
2000	-3836.547194661652
2500	-3804.5808502208015
3000	-3782.938915038427
3500	-3795.819896147498
4000	-3810.9632109686618
4500	-3824.1240489723186
5000	-3876.773291971421
5500	-3782.9407838772504
6000	-3893.1747598272163
6500	-3885.4534081110064
7000	-3832.722145256714
7500	-3851.2267537993193
8000	-3771.430821012
8500	-3863.6338382849817
9000	-3847.0107545607184
9500	-3805.276856343164
10000	-3889.387336346387
10500	-3838.0341005282144
11000	-3923.228628688055
11500	-3817.5257985759595
12000	-3772.2002057017503
12500	-3860.98850027336
13000	-3836.30061575641
13500	-3886.971247747032
14000	-3836.055040708881
14500	-3765.3904713101115
15000	-3776.6547331598063
15500	-3734.933452321398
16000	-3759.336361359226
16500	-3731.3071849504145
17000	-3740.8453620455043
17500	-3793.8226963552324
18000	-3882.397221757841
18500	-3699.3983648247863
19000	-3719.292597603226
19500	-3813.5711638805446
20000	-3711.2073554480144
20500	-3636.2635781979175
21000	-3682.627285437545
21500	-3752.0155521953106
22000	-3838.3589116689895
22500	-3672.629974542663
23000	-3888.0602294815226
23500	-3853.5467651394997
24000	-3809.5443425385083
24500	-3756.1882758575584
25000	-3923.249553336284
25500	-3723.678602756151
26000	-3789.4623325769203
26500	-3814.589980911494
27000	-3778.107022287265
27500	-3778.421793115739
28000	-3739.619121554697
28500	-3722.7635286397317
29000	-3818.0274613932042
29500	-3934.996787649318
30000	-3755.5295618341065
30500	-3817.2703815828345
31000	-3825.301574173321
31500	-3802.012748931038
32000	-3934.768935122512
32500	-3855.707480628521
33000	-3807.0559723890105
33500	-3747.5015128701707
34000	-3727.005042354249
34500	-3898.7073634941435
35000	-3784.380319833692
35500	-3786.204395534309
36000	-3786.654671236148
36500	-3819.6118138519037
37000	-3752.4664180231434
37500	-3803.897028197435
38000	-3880.942431260707
38500	-3809.398240780186
39000	-3887.242874195051
39500	-3766.9715278862423
40000	-3783.572491947438
40500	-3725.018182843545
41000	-3630.8684251318814
41500	-3691.8566922418413
42000	-3647.6053821664414
42500	-3719.5627272430393
43000	-3694.310754137564
43500	-3821.7582115883156
44000	-3667.0951874618722
44500	-3697.560380577094
45000	-3607.3996313728426
45500	-3727.6586792220005
46000	-3716.72357503988
46500	-3731.3290626378443
47000	-3620.337032736656
47500	-3617.768788047432
48000	-3695.276460922402
48500	-3779.2953109656455
49000	-3729.326257011712
49500	-3704.2128936468516
50000	-3662.4611280407603
50500	-3665.276907694724
51000	-3628.84151020464
51500	-3729.4054137864186
52000	-3717.3315516109346
52500	-3808.239442970511
53000	-3756.283491371833
53500	-3787.0239074182723
54000	-3744.4949264849993
54500	-3818.536363206229
55000	-3806.393960989204
55500	-3808.89649010143
56000	-3844.0321578818075
56500	-3821.440880465855
57000	-3881.138750274666
57500	-3852.2846220729193
58000	-3712.2151515638934
58500	-3720.726432511261
59000	-3781.886544333873
59500	-3761.012491195916
60000	-3848.7642144633005
60500	-3836.70173869799
61000	-3890.6829834713985
61500	-3830.7928385096816
62000	-3878.6234524745278
62500	-3794.946469879058
63000	-3846.4017895250195
63500	-3840.527310839632
64000	-3825.714250352405
64500	-3794.2956714202746
65000	-3879.326405602214
65500	-3802.0696802620837
66000	-3841.829717285644
66500	-3773.2246827158992
67000	-3796.435620886431
67500	-3826.7973590322804
68000	-3829.7830662268893
68500	-3767.4504668753807
69000	-3814.5121538412145
69500	-3730.9036717132826
70000	-3743.3389390484626
70500	-3650.650080897328
71000	-3859.0439253206805
71500	-3720.4800507089203
72000	-3764.8482530939987
72500	-3719.24754945843
73000	-3735.7821230058103
73500	-3870.1502894128103
74000	-3865.5503976218606
74500	-3755.113878445288
75000	-3802.3106803506844
75500	-3718.0412680573622
76000	-3831.8391500359016
76500	-3780.921518524522
77000	-3696.334853321573
77500	-3686.847342295294
78000	-3725.215689314401
78500	-3705.2945387206614
79000	-3776.628676239923
79500	-3907.353683876706
80000	-3944.0467261895237
80500	-3713.395701251543
81000	-3808.6805002979645
81500	-3920.4723064370705
82000	-3835.135932553813
82500	-3794.9687450570937
83000	-3789.7637429432357
83500	-3901.454528268489
84000	-3832.546621823021
84500	-3907.986508578429
85000	-3938.892547632033
85500	-3975.2232418865947
86000	-3910.033411281758
86500	-3939.619998464628
87000	-3910.038348529467
87500	-3770.1672909695953
88000	-3831.391129625968
88500	-3884.5194057431554
89000	-3875.480946554013
89500	-3888.8386090969416
90000	-3895.03659760674
90500	-3866.4468376829186
91000	-3838.726015886495
91500	-3892.4808220166187
92000	-3773.7982270659827
92500	-3724.1670657040518
93000	-3784.5842225406495
93500	-3742.362425080656
94000	-3766.5922997026605
94500	-3612.8010927732153
95000	-3614.0262278496416
95500	-3685.876612292316
96000	-3808.410770553165
96500	-3754.1381448140023
97000	-3663.5305468482748
97500	-3660.632258638265
98000	-3687.8498906346003
98500	-3783.5011478663673
99000	-3927.5925224753496
99500	-3819.5510943307327
100000	-3931.7350368413927
100500	-3919.913146884718
101000	-3822.842857182703
101500	-3921.4345619407586
102000	-3803.139460547992
102500	-3746.3345367154975
103000	-3695.9892362028863
103500	-3744.899712741877
104000	-3716.829832314693
104500	-3782.616064597591
105000	-3882.9139195354846
105500	-3841.0379751593755
106000	-3870.738120285534
106500	-3843.393050502926
107000	-3814.3320658749667
107500	-3821.2523068351993
108000	-3714.8859636928432
108500	-3707.119694746114
109000	-3760.4409365661227
109500	-3791.4587487211193
110000	-3805.977679670753
110500	-3824.850875847353
111000	-3822.0554896520025
111500	-3782.8724461491183
112000	-3747.644190122377
112500	-3816.336218230711
113000	-3766.1461831003385
113500	-3811.9344085181956
114000	-3802.4995187001036
114500	-3814.0066955003495
115000	-3808.0018106938523
115500	-3662.3111444455453
116000	-3753.3364084142277
116500	-3673.0351523981476
117000	-3685.510000029214
117500	-3739.397372486043
118000	-3734.034482906121
118500	-3730.026087645967
119000	-3715.1251265736346
119500	-3792.419904336807
120000	-3730.9673362998246
120500	-3738.124060381149
121000	-3807.737818592461
121500	-3712.6763570779417
122000	-3842.679644208689
122500	-3852.311443990086
123000	-3799.2907587983746
123500	-3754.543506116282
124000	-3839.1582199120867
124500	-3727.591386065941
125000	-3827.187370345919
125500	-3996.312057653515
126000	-3762.4359309975025
126500	-3859.054672984141
127000	-3789.6275302654094
127500	-3668.232127121744
128000	-3639.4773845952986
128500	-3718.5176897882725
129000	-3673.498068563421
129500	-3642.4657968892593
130000	-3665.4421411294106
130500	-3633.927436152418
131000	-3776.1432550221793
131500	-3831.5737415839367
132000	-3734.0412353590746
132500	-3769.505457769424
133000	-3727.7847083411516
133500	-3755.3217021228957
134000	-3760.3318498858685
134500	-3797.5801018742004
135000	-3765.912996106206
135500	-3746.7937663001044
136000	-3733.1003140801195
136500	-3702.05983537197
137000	-3671.868886147981
137500	-3726.657176799851
138000	-3612.1754538462064
138500	-3665.368755257123
139000	-3688.851153890153
139500	-3691.258805530157
140000	-3705.834317239005
140500	-3609.214014820297
141000	-3674.286528497822
141500	-3585.374544293331
142000	-3641.2230094372435
142500	-3686.5576868509397
143000	-3708.2438924498992
143500	-3702.377871649306
144000	-3702.5762937540585
144500	-3752.0667865881096
145000	-3692.9364324463763
145500	-3771.579558743409
146000	-3803.493027251265
146500	-3777.8671807270516
147000	-3703.259009203085
147500	-3655.000539226351
148000	-3800.3280122332512
148500	-3655.710165997485
149000	-3807.571245531425
149500	-3780.401567001906
150000	-3694.574634212551
150500	-3761.813403731429
151000	-3747.978117238865
151500	-3732.3298982232122
152000	-3716.4603918120683
152500	-3795.496278657518
153000	-3815.738818790899
153500	-3738.959997400655
154000	-3738.30184084906
154500	-3669.5556971454953
155000	-3806.0332466122104
155500	-3707.2052798587542
156000	-3738.379282705136
156500	-3667.9922332874894
157000	-3696.8409507730235
157500	-3700.11048231177
158000	-3739.542094338102
158500	-3841.502509364892
159000	-3766.2494689256837
159500	-3721.545552988849
160000	-3877.829326468816
160500	-3733.0429502165957
161000	-3680.010137203153
161500	-3670.594446693421
162000	-3753.3942031589418
162500	-3765.3835517781085
163000	-3747.4397483676757
163500	-3708.353599696344
164000	-3759.914528035046
164500	-3819.0399482297626
165000	-3682.0838345450024
165500	-3658.5673112150075
166000	-3665.8169789046237
166500	-3795.144862955827
167000	-3769.8189094739228
167500	-3818.9329246471198
168000	-3831.5367690980333
168500	-3737.68533925654
169000	-3777.4156747359607
169500	-3865.992789856294
170000	-3798.968033664654
170500	-3744.121139016994
171000	-3783.265718720648
171500	-3810.596176689094
172000	-3834.3768240996956
172500	-3715.2737937779066
173000	-3752.729914682988
173500	-3656.646025143474
174000	-3693.0120768630018
174500	-3682.9471778105203
175000	-3701.3645500629486
175500	-3731.5129140386352
176000	-3747.079352767281
176500	-3803.1058649587994
177000	-3735.2424800129174
177500	-3697.6034975723337
178000	-3672.755482234861
178500	-3785.6226932387376
179000	-3795.7437540393657
179500	-3827.522627997987
180000	-3756.523573419442
180500	-3711.527401277387
181000	-3694.6842827485443
181500	-3692.17949768936
182000	-3845.288482068199
182500	-3906.529906321384
183000	-3850.5074014785923
183500	-3886.566197719523
184000	-3753.04569730662
184500	-3762.367472183653
185000	-3742.2526089804796
185500	-3796.4536262273377
186000	-3853.921318165707
186500	-3925.064429520767
187000	-3822.1681389568816
187500	-3715.447129289966
188000	-3720.9327721151008
188500	-3634.688517305771
189000	-3620.511277158898
189500	-3625.4102861804495
190000	-3654.8958260594695
190500	-3701.46034691898
191000	-3713.954924008392
191500	-3701.87049968829
192000	-3763.3499086781253
192500	-3775.3068277298776
193000	-3783.932302761109
193500	-3738.6204007626566
194000	-3781.8991889636773
194500	-3795.0659907792538
195000	-3816.489935673566
195500	-3819.3630959416364
196000	-3793.974307503479
196500	-3782.368864929128
197000	-3818.951789711172
197500	-3901.233839151848
198000	-3903.8894672683987
198500	-3787.7905014786415
199000	-3854.8227843483223
199500	-3826.885212455603
200000	-3769.1497616633987
200500	-3768.0665810170954
201000	-3624.275290607892
201500	-3732.0999126914458
202000	-3763.807260648785
202500	-3682.8038558270605
203000	-3735.1048900060164
203500	-3755.232566743237
204000	-3770.1019355401754
204500	-3713.7296701232426
205000	-3755.684498242338
205500	-3761.3285631266053
206000	-3589.3143213875273
206500	-3632.002930276678
207000	-3743.7946135954103
207500	-3608.6649476223956
208000	-3660.5412566343757
208500	-3665.6656530126943
209000	-3693.6598341049585
209500	-3736.5986422305477
210000	-3854.122279912971
210500	-3752.687632289201
211000	-3812.7620746632692
211500	-3770.739886985136
212000	-3731.3034426620065
212500	-3752.9060020274596
213000	-3692.208723124291
213500	-3783.334037245854
214000	-3808.2995960563903
214500	-3763.48727398439
215000	-3794.711087628577
215500	-3757.414798722343
216000	-3796.3762217753815
216500	-3802.270982957321
217000	-3857.846527244148
217500	-3757.681616378969
218000	-3747.846205745568
218500	-3737.766642493912
219000	-3716.9231902647966
219500	-3782.1013821395854
220000	-3738.037597914306
220500	-3793.188205996528
221000	-3745.8981758871128
221500	-3748.807441498236
222000	-3840.1205889404055
222500	-3780.9826576644286
223000	-3882.110297780537
223500	-3811.5964648200356
224000	-3775.428904796728
224500	-3784.3310238648596
225000	-3775.572946636829
225500	-3906.1050151252175
226000	-4004.506288921392
226500	-3854.9356782721215
227000	-3791.3291405229857
227500	-3723.8791910783893
228000	-3765.8335546698972
228500	-3683.7240573719423
229000	-3796.4517297028415
229500	-3805.383324933834
230000	-3850.1696424507218
230500	-3732.523077044768
231000	-3665.097098655121
231500	-3819.0949517031345
232000	-3757.0606907771853
232500	-3805.351974866477
233000	-3782.3996535741007
233500	-3673.557450175061
234000	-3661.570344457911
234500	-3719.5176845980454
235000	-3780.090047407911
235500	-3736.575445947523
236000	-3676.3374795268355
236500	-3695.745828592387
237000	-3694.880233705323
237500	-3730.3123445368274
238000	-3731.8231740468214
238500	-3729.1012169508713
239000	-3782.8146696526633
239500	-3693.2182709829813
240000	-3659.8308443433593
240500	-3633.295707076368
241000	-3641.6899330500714
241500	-3713.933076991786
242000	-3689.909018028926
242500	-3837.170254965434
243000	-3743.316903181818
243500	-3773.796122730989
244000	-3702.304272981599
244500	-3751.416978411179
245000	-3790.0625544838035
245500	-3816.897642930283
246000	-3830.8662142261524
246500	-3779.0689329475117
247000	-3767.8876345609756
247500	-3802.119960826112
248000	-3930.3928493973604
248500	-3877.400782545527
249000	-3823.3142241234646
249500	-3619.6195095201556
250000	-3601.8636585859613
250500	-3690.903321211419
251000	-3746.670455009627
251500	-3789.1076644410714
252000	-3731.3560377039935
252500	-3738.3512287144117
253000	-3834.034584390169
253500	-3750.4982390816617
254000	-3792.6265860479143
254500	-3721.633413452675
255000	-3743.4399433274616
255500	-3731.477039031836
256000	-3768.302858229088
256500	-3761.5201849620858
257000	-3781.2020042843637
257500	-3702.2902775561984
258000	-3693.2469489971672
258500	-3703.2090316346053
259000	-3620.258891853491
259500	-3725.7369955752492
260000	-3689.561133546369
260500	-3742.7710345679648
261000	-3696.776411364692
261500	-3686.6904194852445
262000	-3685.2063781605134
262500	-3619.374865730857
263000	-3699.6700549479865
263500	-3725.800434620329
264000	-3813.884166843247
264500	-3819.44731818849
265000	-3734.178675081925
265500	-3814.663233323389
266000	-3926.8358912172075
266500	-3764.8090265003125
267000	-3740.8080154715026
267500	-3694.011753773234
268000	-3692.951713850133
268500	-3819.663920219024
269000	-3855.8984332509717
269500	-3854.6679388943176
270000	-3874.1138043914193
270500	-3800.502350296977
271000	-3823.517009114438
271500	-3835.2291587087816
272000	-3754.11750154234
272500	-3769.1919275434284
273000	-3686.787283700877
273500	-3813.1842894436154
274000	-3686.570522280114
274500	-3752.103503030818
275000	-3787.443196075863
275500	-3837.988292492439
276000	-3969.1024639417556
276500	-3869.525168968323
277000	-3887.333798025385
277500	-3821.9419144356316
278000	-3750.948522003721
278500	-3834.8865956773307
279000	-3800.9547032497053
279500	-3774.3482364479028
280000	-3729.1749637807156
280500	-3727.47932634315
281000	-3709.7781600887615
281500	-3740.7605217447485
282000	-3710.281244406108
282500	-3737.6543032427867
283000	-3797.2916003926593
283500	-3721.0157118432944
284000	-3667.7942638355557
284500	-3560.4409540398756
285000	-3652.5904873246927
285500	-3690.072980622123
286000	-3665.3039315092415
286500	-3679.5003395615354
287000	-3655.15344699591
287500	-3739.612201907538
288000	-3799.5301747304734
288500	-3779.521304326613
289000	-3748.3108420065905
289500	-3715.7176141583786
290000	-3708.8160844894765
290500	-3705.271336852902
291000	-3696.8671076089213
291500	-3715.9402601601278
292000	-3703.5138853488234
292500	-3702.6099519779095
293000	-3734.1404831720843
293500	-3678.274787534526
294000	-3691.008395939864
294500	-3690.101727443568
295000	-3763.4202276822007
295500	-3727.378240911451
296000	-3739.62197823322
296500	-3720.356871163878
297000	-3715.1104698608788
297500	-3730.511731964988
298000	-3783.5216565830797
298500	-3672.4146481513562
299000	-3776.9410789765348
299500	-4021.279459148083
300000	-3867.132775331291
300500	-3839.3712338649766
301000	-3760.734914838448
301500	-3851.893735110743
302000	-3826.092768612868
302500	-3840.1652222092275
303000	-3789.687077320402
303500	-3771.4304605323964
304000	-3738.4854225401136
304500	-3718.3600362352454
305000	-3792.7745695837993
305500	-3724.4360897219035
306000	-3746.1422741121514
306500	-3768.433167362994
307000	-3740.8021660048803
307500	-3799.69942158361
308000	-3771.628623111505
308500	-3812.315244567778
309000	-3804.417624590098
309500	-3835.0758653980824
310000	-3852.199023398944
310500	-3871.9284129562575
311000	-3966.926699159173
311500	-3900.604852217383
312000	-3833.883900563309
312500	-3836.547746179158
313000	-3858.3742111489764
313500	-3753.2106175373465
314000	-3717.0177796750254
314500	-3741.1660411398875
315000	-3708.4884978886644
315500	-3744.705780655911
316000	-3693.072506202438
316500	-3786.2409424401767
317000	-3946.5108239280885
317500	-3870.1171302920984
318000	-3719.1265892599986
318500	-3685.9140410842
319000	-3891.551378490443
319500	-3860.3423419055457
320000	-3714.286445624692
320500	-3833.461703163015
321000	-3898.7265752309845
321500	-3860.0332307953327
322000	-3794.11098165918
322500	-3813.005940629291
323000	-3780.8248678805703
323500	-3873.7863236006997
324000	-3845.868256632087
324500	-3747.4491115095348
325000	-3755.0123877027386
325500	-3794.5343207444134
326000	-3910.598697213912
326500	-3842.1316742830854
327000	-3888.789142098044
327500	-3853.4850158940085
328000	-3893.7932946253677
328500	-3795.4518894370017
329000	-3772.6035646469713
329500	-3908.77148142197
330000	-3882.547278722315
330500	-3837.4310106747894
331000	-3836.609150219156
331500	-3787.2819765507434
332000	-3817.8389640988366
332500	-3916.3662921696273
333000	-3930.9952760655906
333500	-3857.224622083125
334000	-3817.744733243909
334500	-3792.178067611597
335000	-3879.065239395596
335500	-3941.0954617950765
336000	-3827.448257732516
336500	-3730.14375579853
337000	-3855.115644434646
337500	-3767.3698294469523
338000	-3789.433356561451
338500	-3848.6578960603615
339000	-3787.1675025027903
339500	-3820.269828569041
340000	-3686.8911830183297
340500	-3702.8501894998103
341000	-3655.089069801228
341500	-3819.5177762254507
342000	-3679.6495035763714
342500	-3643.5626284517057
343000	-3777.723591998544
343500	-3622.700420731254
344000	-3613.6582266048417
344500	-3654.0951113643473
345000	-3753.6755230792414
345500	-3724.0496272722075
346000	-3778.709280704972
346500	-3647.0842083218067
347000	-3586.8239896604537
347500	-3798.3868462367773
348000	-3687.6093758683787
348500	-3782.7942333220894
349000	-3715.768227937132
349500	-3764.704759235235
350000	-3670.7387105565645
350500	-3760.606374554386
351000	-3635.074791606965
351500	-3594.7935053627434
352000	-3675.9023769035357
352500	-3733.734703121906
353000	-3741.4607248212583
353500	-3647.5990351393298
354000	-3663.5758905937346
354500	-3668.729885064515
355000	-3700.9662707286852
355500	-3706.3537593272977
356000	-3745.3707501357667
356500	-3725.8286530058162
357000	-3668.882991139454
357500	-3737.2133614156132
358000	-3679.2302762571753
358500	-3747.713054621574
359000	-3695.6953276231034
359500	-3645.42311639966
360000	-3819.353587836926
360500	-3750.8434141018133
361000	-3896.7765236800274
361500	-3958.9899408220563
362000	-3911.7379514159225
362500	-3904.693044386011
363000	-3821.0168901427387
363500	-3702.822392780725
364000	-3784.5874229567503
364500	-3787.2367288680534
365000	-3757.705439491817
365500	-3993.2584277948395
366000	-3860.055500702993
366500	-3820.162534327705
367000	-3762.2007296880997
367500	-3771.353060984605
368000	-3871.020313363225
368500	-3829.9870861945606
369000	-3877.0620830815305
369500	-3816.2892635937706
370000	-3767.977238524918
370500	-3849.742777585258
371000	-3758.7712815556924
371500	-3843.738465609359
372000	-3831.0231465891998
372500	-3763.5508214527895
373000	-3861.3697906263315
373500	-3801.565467428159
374000	-3751.2356998325286
374500	-3753.885972952824
375000	-3697.2472925366137
375500	-3645.0424159522945
376000	-3702.4468797939503
376500	-3692.295855112276
377000	-3642.7194255756654
377500	-3660.002137160128
378000	-3663.3669613086054
378500	-3772.6006509292224
379000	-3805.145343465338
379500	-3834.4500345047168
380000	-3835.123471754392
380500	-3938.3326050381906
381000	-3815.034099430042
381500	-3857.377157496119
382000	-3767.737905006672
382500	-3801.834740073632
383000	-3752.9760006660877
383500	-3706.7041973248834
384000	-3758.3039253967067
384500	-3583.011822386062
385000	-3609.1097536518596
385500	-3763.476048070204
386000	-3741.249159991361
386500	-3801.1810693197117
387000	-3706.7654809111214
387500	-3711.3174768030235
388000	-3733.6755998453627
388500	-3629.4173578388286
389000	-3660.301449358105
389500	-3710.323095981763
390000	-3683.360826757606
390500	-3674.2391905292898
391000	-3793.575655950603
391500	-3754.6273528705797
392000	-3734.6663448999097
392500	-3619.5232519642304
393000	-3807.6660842876804
393500	-3751.597255156598
394000	-3774.739480882641
394500	-3751.2847686792425
395000	-3642.892923430493
395500	-3720.765461903027
396000	-3647.5369018698766
396500	-3727.6074855218726
397000	-3854.816098128445
397500	-3839.152419720809
398000	-3858.5443119526544
398500	-3700.2777453665494
399000	-3738.1527496159442
399500	-3762.745007758373
400000	-3752.464255074994
400500	-3775.301618840969
401000	-3829.057154197433
401500	-3770.840345171176
402000	-3774.523279600113
402500	-3794.984415239479
403000	-3814.800171837256
403500	-3861.6581807425464
404000	-3755.429711518722
404500	-3913.8338706450595
405000	-3741.518914712638
405500	-3729.4682869403205
406000	-3764.8697852708515
406500	-3760.671377960197
407000	-3760.254830878956
407500	-3744.1351809700036
408000	-3849.9680279386116
408500	-3708.2445594809587
409000	-3734.354330903271
409500	-3771.5031979495166
410000	-3700.96792340452
410500	-3633.7351190004874
411000	-3739.1821904110493
411500	-3694.824960181613
412000	-3838.569387256991
412500	-3716.6447027389427
413000	-3745.8125414013075
413500	-3818.288247093006
414000	-3864.398712155293
414500	-3827.434044768087
415000	-3895.3104417074464
415500	-3841.000613344176
416000	-3806.7058306833733
416500	-3847.256894367817
417000	-3917.743857518632
417500	-3863.989117956982
418000	-3872.3523815410836
418500	-3734.7016281108895
419000	-3722.91115485312
419500	-3639.8175061765523
420000	-3756.1697057024962
420500	-3652.696194311284
421000	-3870.625341763323
421500	-3850.314724113719
422000	-3908.4115705833206
422500	-3910.5186258733647
423000	-3888.5654125031424
423500	-3837.927756259292
424000	-3949.7044021702004
424500	-3825.9685008744905
425000	-3825.2275746359796
425500	-3753.4723323181934
426000	-3672.7444236450297
426500	-3726.148489385012
427000	-3682.720780456169
427500	-3648.2378613131236
428000	-3676.0633318426835
428500	-3736.924178293995
429000	-3783.662421215265
429500	-3733.6825878922764
430000	-3723.3845066366903
430500	-3747.775934835651
431000	-3837.785341380276
431500	-3675.540461403897
432000	-3678.4174432515583
432500	-3719.2187036215714
433000	-3727.820168162412
433500	-3685.7767227041263
434000	-3789.7849581812848
434500	-3822.311841244189
435000	-3812.314498504417
435500	-3704.1015660886924
436000	-3787.8424758101028
436500	-3665.1021410990397
437000	-3709.3025463246054
437500	-3646.8101364625018
438000	-3552.9920995866564
438500	-3663.4775511320454
439000	-3617.874930503373
439500	-3606.9416053882283
440000	-3718.3853535855715
440500	-3716.5625969817565
441000	-3702.777741707036
441500	-3589.828339674215
442000	-3740.1890812451716
442500	-3672.6932767845874
443000	-3761.8120991722394
443500	-3915.3070871599566
444000	-3889.895114773169
444500	-3747.95430190196
445000	-3678.136674242634
445500	-3701.3093892967217
446000	-3859.048371797331
446500	-3658.8876122814067
447000	-3666.104601540042
447500	-3675.3456851497053
448000	-3774.0955003633553
448500	-3657.87757613465
449000	-3637.0534812715896
449500	-3624.4919707959466
450000	-3729.8026853247875
450500	-3722.7873295746626
451000	-3721.354570784221
451500	-3786.5033358444775
452000	-3870.5512309768374
452500	-3828.917434681144
453000	-3743.600991965022
453500	-3809.1820367996424
454000	-3899.260800927028
454500	-3799.6499234377075
455000	-3696.7175188319525
455500	-3594.232082173571
456000	-3645.8097316964845
456500	-3776.12998738005
457000	-3776.895125545407
457500	-3681.361617932611
458000	-3683.893215340025
458500	-3744.452321780036
459000	-3853.781761926051
459500	-3771.7838705035983
460000	-3696.1737489147235
460500	-3727.221691763493
461000	-3626.6563206109254
461500	-3741.8209974113424
462000	-3786.3434199823546
462500	-3725.115462589859
463000	-3627.9052531001003
463500	-3703.203488929222
464000	-3688.167613689081
464500	-3736.610421668237
465000	-3739.5734192501177
465500	-3696.619964289518
466000	-3736.4119096003556
466500	-3728.37019909752
467000	-3719.436251732389
467500	-3719.565119377114
468000	-3761.4836510498185
468500	-3598.6677198740203
469000	-3634.0420682698837
469500	-3682.3907346436313
470000	-3641.723389654477
470500	-3766.212387468352
471000	-3643.9168410021675
471500	-3672.136068694784
472000	-3666.795278625985
472500	-3736.254924326205
473000	-3844.4440767344777
473500	-3842.377014508373
474000	-3885.008818144011
474500	-3770.3378193778467
475000	-3869.959321693433
475500	-3914.8888881042067
476000	-3887.4264384263206
476500	-3851.3042118071103
477000	-3859.117264912481
477500	-3785.388883730617
478000	-3740.6456847798204
478500	-3765.203009343087
479000	-3864.854300566958
479500	-3766.102838905329
480000	-3648.4209112998496
480500	-3740.002776334263
481000	-3740.7150383233475
481500	-3892.843712478164
482000	-3778.434187561598
482500	-3702.44858770188
483000	-3697.0543103794394
483500	-3736.9401331279028
484000	-3686.0689816466524
484500	-3743.757768460514
485000	-3639.0108578199943
485500	-3705.9673708255573
486000	-3934.0914236154586
486500	-3827.265586007622
487000	-3783.6380129063123
487500	-3694.48929396066
488000	-3642.3055209850927
488500	-3738.7351116080913
489000	-3617.0735799519093
489500	-3687.0945338688784
490000	-3754.9092059400027
490500	-3598.531436989244
491000	-3664.7835451739948
491500	-3743.7499063840623
492000	-3709.718145012244
492500	-3813.57657957663
493000	-3816.888899381222
493500	-3688.3707601188394
494000	-3808.555634756135
494500	-3761.795614571091
495000	-3801.012124270069
495500	-3781.0056202893143
496000	-3800.3017449101035
496500	-3751.0311048843055
497000	-3779.44738588218
497500	-3761.509820553834
498000	-3791.989070018786
498500	-3690.4248597528785
499000	-3771.650322715886
499500	-3714.6306563371886
500000	-3736.3644365217638
500500	-3750.0826770392496
501000	-3727.4279483470887
501500	-3794.1594927001097
502000	-3714.8886393369376
502500	-3799.2497835411646
503000	-3804.749976699189
503500	-3701.6956227160763
504000	-3709.4316220692695
504500	-3760.209269534376
505000	-3736.250411781479
505500	-3742.6486523366907
506000	-3728.5374577532857
506500	-3662.97064114464
507000	-3617.0872999331177
507500	-3769.445693526525
508000	-3655.7502741970234
508500	-3667.0890251824653
509000	-3711.6852475076585
509500	-3635.9474581791064
510000	-3735.690736137877
510500	-3895.1568149611344
511000	-3732.8634568827492
511500	-3711.797783337968
512000	-3683.2075111691306
512500	-3783.632591502221
513000	-3702.306297967255
513500	-3685.0407773745633
514000	-3659.9820296264847
514500	-3631.4799078352607
515000	-3648.8168355150187
515500	-3656.0361089441685
516000	-3727.513450074489
516500	-3771.409029751823
517000	-3629.34433461174
517500	-3753.097439058778
518000	-3804.2834566744204
518500	-3893.324371255621
519000	-3855.4574416982846
519500	-3823.314278103378
520000	-3762.9134093192765
520500	-3799.2251148973505
521000	-3787.802106274125
521500	-3804.435445268575
522000	-3847.424158714432
522500	-3773.9794911916165
523000	-3799.768601310602
523500	-3741.0170345985916
524000	-3780.480508506851
524500	-3761.8685614385618
525000	-3792.467090089962
525500	-3857.59015085424
526000	-3677.802092179414
526500	-3695.2085200742313
527000	-3754.184455880145
527500	-3722.723952161733
528000	-3792.288753653004
528500	-3731.841636756834
529000	-3818.2650535427124
529500	-3816.7481072507735
530000	-3799.2307978384893
530500	-3811.5440813081045
531000	-3884.2838470335764
531500	-3777.6666048078464
532000	-3747.66199429123
532500	-3816.7590214597653
533000	-3774.6260692147403
533500	-3714.3174523730127
534000	-3641.7751117322773
534500	-3679.2036409181396
535000	-3803.6190794890963
535500	-3799.306715042889
536000	-3727.581171431743
536500	-3662.2194909667514
537000	-3646.5004916143594
537500	-3687.4719152861685
538000	-3668.0835894925494
538500	-3705.816358864058
539000	-3682.2124096303114
539500	-3721.0327519610332
540000	-3661.413989227998
540500	-3623.2613384306546
541000	-3651.7107589198667
541500	-3781.3993117149994
542000	-3800.0883195479787
542500	-3719.9313645766642
543000	-3725.894201421345
543500	-3871.1115068757285
544000	-3779.744558608446
544500	-3669.689124780441
545000	-3643.119367491018
545500	-3639.6533055150458
546000	-3729.3640587404793
546500	-3828.935412650593
547000	-3753.4155754557924
547500	-3657.365279388638
548000	-3654.4801540227622
548500	-3688.0675342122513
549000	-3789.9769774893293
549500	-3738.18560346177
550000	-3738.674901077797
550500	-3694.188996389502
551000	-3735.854639051276
551500	-3827.3546913360888
552000	-3738.405590480695
552500	-3726.949916912752
553000	-3783.182539161076
553500	-3812.7928260395197
554000	-3855.7499713321777
554500	-3859.636733510519
555000	-3788.9926527848884
555500	-3858.214664556285
556000	-3884.877845226866
556500	-3858.653866811022
557000	-3838.267806218163
557500	-3879.21828098456
558000	-3911.862506476425
558500	-3793.4173646352574
559000	-3784.565391185683
559500	-3809.8756877331925
560000	-3755.8613607484713
560500	-3802.313932272609
561000	-3740.1285919831607
561500	-3776.757002357384
562000	-3855.035524995816
562500	-3829.208339411562
563000	-3763.393298751637
563500	-3811.1961035445183
564000	-3860.7732598915495
564500	-3875.9322511068294
565000	-3837.4392026725354
565500	-3755.8908617563548
566000	-3768.341578105436
566500	-3779.2246351058243
567000	-3847.3395399265355
567500	-3802.951679752727
568000	-3856.7762982287654
568500	-3809.7327064840447
569000	-3842.954088409022
569500	-3855.771006153984
570000	-3791.968338533074
570500	-3866.217177670364
571000	-3943.5960080518885
571500	-3833.8690540106527
572000	-3725.303177765648
572500	-3800.5642377343147
573000	-3754.886782671358
573500	-3754.0774701509504
574000	-3833.2953836933543
574500	-3821.6764752421814
575000	-3701.8203391120346
575500	-3754.7290722634148
576000	-3767.047415967637
576500	-3717.365042631879
577000	-3859.29111121536
577500	-3719.3036378495267
578000	-3675.7380406080238
578500	-3706.7548198913028
579000	-3751.0426509871327
579500	-3867.7770728827236
580000	-3784.917563399034
580500	-3736.5130545642965
581000	-3678.0150435617315
581500	-3642.468658783672
582000	-3907.275989000718
582500	-3916.8021113391587
583000	-3757.5239041783916
583500	-3691.8585559601083
584000	-3753.8330985557077
584500	-3628.4327889440906
585000	-3684.7506166557528
585500	-3647.695447739465
586000	-3659.392538017661
586500	-3713.544728769295
587000	-3695.1184907862835
587500	-3709.6533889763823
588000	-3787.847058755214
588500	-3697.7120771503082
589000	-3685.772442459922
589500	-3738.8082636262825
590000	-3693.8562080734478
590500	-3706.859414570799
591000	-3729.2020359227554
591500	-3713.997662604376
592000	-3768.0469210760175
592500	-3800.4756485022103
593000	-3846.4009924718202
593500	-3886.930710656205
594000	-3788.966683874021
594500	-3775.9147771997887
595000	-3804.9243566997407
595500	-3721.059587568056
596000	-3667.376013769217
596500	-3629.9602279112873
597000	-3652.929299315652
597500	-3681.4439562707166
598000	-3685.456034493082
598500	-3668.4382844209504
599000	-3744.332256215689
599500	-3736.2487267786128
600000	-3785.833007414987
600500	-3767.0159259538996
601000	-3786.530238217323
601500	-3711.3984653707344
602000	-3687.342038963472
602500	-3743.1771875710097
603000	-3743.0074119373676
603500	-3692.3992507574503
604000	-3645.840856135554
604500	-3678.7958164938145
605000	-3715.6153920450956
605500	-3671.5420113978007
606000	-3703.252380417781
606500	-3634.075616022468
607000	-3777.728513090025
607500	-3729.8964368912443
608000	-3777.215333051757
608500	-3680.1203847636707
609000	-3733.7238791833847
609500	-3629.402505598275
610000	-3767.439483528951
610500	-3833.527016438554
611000	-3803.2381434259246
611500	-3848.842927377013
612000	-3936.79427808279
612500	-3876.3405406578036
613000	-3863.861642778126
613500	-3901.000721790779
614000	-3814.5221299152304
614500	-3870.878820689216
615000	-3830.285491966143
615500	-3785.5993730753744
616000	-3788.5719808445983
616500	-3867.271396079665
617000	-3867.8146757700906
617500	-3818.451804590224
618000	-3807.861355681852
618500	-3836.117236849305
619000	-3831.288170458266
619500	-3844.4718403584925
620000	-3889.7759017640556
620500	-3898.584120450159
621000	-3811.741401616949
621500	-3856.6421489615177
622000	-3795.5749167399676
622500	-3759.9656257362117
623000	-3769.847625965394
623500	-3793.243567038951
624000	-3818.8736063499396
624500	-3835.856034620301
625000	-3905.3578145209513
625500	-3842.384189887863
626000	-3807.223802072883
626500	-3826.0784487222213
627000	-3896.770828251304
627500	-3804.0633471154433
628000	-3839.4673000629814
628500	-3922.5663611226405
629000	-3901.9024468965604
629500	-3918.4152602494655
630000	-3784.481059591643
630500	-3793.086940818064
631000	-3746.5938114750306
631500	-3806.980520818167
632000	-3739.8098653371235
632500	-3693.3736487349756
633000	-3723.7798051489785
633500	-3652.600911129724
634000	-3746.206150515449
634500	-3800.6245861235184
635000	-3674.4026212496437
635500	-3668.6590529724376
636000	-3793.7480163940913
636500	-3740.0703462589668
637000	-3826.222109440309
637500	-3822.2329321366096
638000	-3719.369759530511
638500	-3664.2077750281255
639000	-3801.7433403395617
639500	-3887.3326494797884
640000	-3767.870572427814
640500	-3822.1479789650334
641000	-3802.1111953446148
641500	-3762.165073665144
642000	-3834.2621449108515
642500	-3725.46248931405
643000	-3664.76108282345
643500	-3693.3632584235133
644000	-3735.49627060337
644500	-3694.4043836825845
645000	-3710.2016288657037
645500	-3736.950034302763
646000	-3789.093792444217
646500	-3761.055089579773
647000	-3726.0380741143354
647500	-3759.6891584500277
648000	-3859.9008622057913
648500	-3726.026307780878
649000	-3785.682034732866
649500	-3698.1433876727333
650000	-3734.354336793708
650500	-3757.7557669203306
651000	-3870.246862509449
651500	-3805.970123189989
652000	-3756.7603462275724
652500	-3806.2960042283667
653000	-3729.2196624035987
653500	-3641.99810104984
654000	-3743.115005010518
654500	-3873.696750149499
655000	-3716.8236003346287
655500	-3803.7346829171456
656000	-3758.034649665726
656500	-3759.660323290611
657000	-3694.645046400337
657500	-3813.329384528216
658000	-3701.281577163684
658500	-3761.5059193654347
659000	-3702.919359036774
659500	-3824.46015204162
660000	-3819.7790670163995
660500	-3791.256064382773
661000	-3771.094827161333
661500	-3762.774257192065
662000	-3780.6868874433135
662500	-3761.2319407236187
663000	-3908.715835229754
663500	-3747.780472974265
664000	-3676.83719534587
664500	-3675.9161978987604
665000	-3668.580606752699
665500	-3720.904257858232
666000	-3711.7678635754446
666500	-3708.531675457875
667000	-3703.8985585170567
667500	-3705.403658401124
668000	-3722.272882730437
668500	-3796.817599664502
669000	-3760.1211572191505
669500	-3784.791351032549
670000	-3820.6163272016356
670500	-3831.245172933591
671000	-3816.126990621467
671500	-3748.73667780046
672000	-3720.2076438969393
672500	-3739.5811632561604
673000	-3773.34385910809
673500	-3659.5535892865487
674000	-3631.704422194284
674500	-3650.6914466745493
675000	-3739.009795788066
675500	-3702.159027356656
676000	-3738.572083933523
676500	-3622.349896436003
677000	-3678.0734365152807
677500	-3622.932345233088
678000	-3648.360248404129
678500	-3720.813456748677
679000	-3711.417976742296
679500	-3599.3043555900695
680000	-3725.100846954043
680500	-3716.477654971627
681000	-3769.5368368852655
681500	-3769.2468153951677
682000	-3641.121004081887
682500	-3679.389500215187
683000	-3729.4662458481844
683500	-3735.313402433007
684000	-3773.6769862946285
684500	-3881.165871754074
685000	-3748.75444434573
685500	-3766.7533084401534
686000	-3849.1409535650555
686500	-3800.5069548439114
687000	-3701.082382794503
687500	-3773.4070735857435
688000	-3665.2294902330236
688500	-3804.82999225064
689000	-3710.3385643023817
689500	-3781.6587920490947
690000	-3735.544855137547
690500	-3723.510725161154
691000	-3779.979218842463
691500	-3744.1033413620735
692000	-3762.782088669751
692500	-3816.0614410785533
693000	-3796.9669501611247
693500	-3673.0591932955886
694000	-3700.5869712377025
694500	-3727.557707656938
695000	-3726.1777900905545
695500	-3639.1545603066356
696000	-3682.937720747534
696500	-3690.70115460641
697000	-3793.9888632930406
697500	-3684.312355020625
698000	-3709.180341890616
698500	-3692.668783798915
699000	-3730.1455568598067
699500	-3711.037680104828
700000	-3740.562398670817
700500	-3712.205899137335
701000	-3702.81360097539
701500	-3641.057422173011
702000	-3684.992335066896
702500	-3731.1160023175994
703000	-3673.596457312473
703500	-3791.7693354378903
704000	-3763.905782406835
704500	-3853.0422596233766
705000	-3846.8091858253
705500	-3817.9341275718575
706000	-3886.0445444894344
706500	-3789.6017584525966
707000	-3846.403993943059
707500	-3793.6911829959467
708000	-3790.530180397259
708500	-3691.664420963218
709000	-3803.490710305313
709500	-3768.541345584676
710000	-3642.662147454786
710500	-3661.3910861233003
711000	-3656.127926003475
711500	-3736.8180099700753
712000	-3632.4282551574283
712500	-3685.7236943601597
713000	-3755.2331172847357
713500	-3722.802726982566
714000	-3798.428184673625
714500	-3659.9803661266506
715000	-3664.470383351471
715500	-3715.164292970584
716000	-3722.1784520957613
716500	-3756.801711864247
717000	-3773.474501029983
717500	-3840.581610009137
718000	-3829.3595707304016
718500	-3686.6985001576986
719000	-3723.354457888475
719500	-3683.492767584981
720000	-3658.6882047994263
720500	-3687.8138397876496
721000	-3733.6344367331867
721500	-3754.3027142617
722000	-3747.8172205087412
722500	-3701.2192038388307
723000	-3717.389963538251
723500	-3755.4536333742876
724000	-3821.897902250935
724500	-3719.8011641266376
725000	-3785.722282777918
725500	-3747.6783237709433
726000	-3776.12299698785
726500	-3799.6387883331463
727000	-3733.7206331544126
727500	-3794.2642586897687
728000	-3821.0426904266915
728500	-3839.5754230505886
729000	-3726.3553327005384
729500	-3768.3975343020425
730000	-3758.6371892227835
730500	-3663.29729176003
731000	-3782.453609288988
731500	-3805.972182695141
732000	-3850.894712661437
732500	-3851.3110829567
733000	-3726.1640680117507
733500	-3795.371069221298
734000	-3837.307851707272
734500	-3858.562387425241
735000	-3935.2361239616603
735500	-3834.237971406707
736000	-3924.845328637312
736500	-3800.4898856623095
737000	-3725.1081321685674
737500	-3859.0621694241204
738000	-3782.0843862308793
738500	-3749.329156804201
739000	-3717.270244724935
739500	-3697.2092253619835
740000	-3737.4352906169174
740500	-3764.2311120507097
741000	-3707.293207092442
741500	-3665.648066186819
742000	-3741.4460001158695
742500	-3692.1436377904697
743000	-3787.1635672274538
743500	-3791.247760515555
744000	-3701.367120833111
744500	-3738.9549028470187
745000	-3864.1256452921643
745500	-3833.2702480536736
746000	-3897.9133404411946
746500	-3797.6857885994395
747000	-3888.747915380425
747500	-3911.169243883302
748000	-3853.5927232308554
748500	-3863.423489238213
749000	-3822.9505257494397
749500	-3928.5423948044613
750000	-3877.217348526007
750500	-3826.7927645405853
751000	-3910.263423212409
751500	-3908.829079322361
752000	-3867.8820638165066
752500	-3857.179907189691
753000	-3802.9138801161466
753500	-3867.7267496977092
754000	-3808.960176183665
754500	-3815.2204357234755
755000	-3786.8974683490837
755500	-3785.157844399582
756000	-3808.38941649088
756500	-3901.590258905545
757000	-3767.799214862756
757500	-3753.9111853884424
758000	-3673.0641786162287
758500	-3663.6778903931995
759000	-3641.92657137062
759500	-3732.6649427517573
760000	-3764.4660427781814
760500	-3837.3288087881265
761000	-3801.4232794140944
761500	-3782.047770190401
762000	-3810.2732356246142
762500	-3877.7218862299505
763000	-3804.628877122317
763500	-3686.1266781559493
764000	-3775.0356649530836
764500	-3729.3555049584797
765000	-3754.4719158234543
765500	-3736.3378950712627
766000	-3760.6202250895226
766500	-3741.80168350994
767000	-3650.90968891294
767500	-3729.811124005952
768000	-3660.4085535884587
768500	-3685.0154620215294
769000	-3630.4104207491596
769500	-3756.100894527738
770000	-3774.668628610563
770500	-3690.322739231114
771000	-3734.563105807393
771500	-3813.3680427036843
772000	-3828.9477794992117
772500	-3912.225806653789
773000	-3717.4577037218
773500	-3803.414866628335
774000	-3697.463464152808
774500	-3721.731622451759
775000	-3729.4344657185507
775500	-3663.6610975866615
776000	-3639.366159954811
776500	-3619.986931345363
777000	-3686.712974089393
777500	-3680.3083890756643
778000	-3768.065884760605
778500	-3747.8625037279403
779000	-3779.9972034368084
779500	-3892.427874933195
780000	-3929.90191937045
780500	-3797.7535331297945
781000	-3839.9126313052147
781500	-3836.5349565495453
782000	-3868.9683717511625
782500	-3912.0853740440316
783000	-3921.333193920918
783500	-3847.0174151784304
784000	-3833.2942446299508
784500	-3828.2821450768815
785000	-3809.650418954583
785500	-3854.3506785685763
786000	-3772.95625805555
786500	-3799.8619806176257
787000	-3800.2090828025684
787500	-3907.7525554659233
788000	-3924.8364487612434
788500	-3764.773057637464
789000	-3724.1099202431424
789500	-3743.001442783658
790000	-3705.1903109660207
790500	-3727.8859908665595
791000	-3730.023303830848
791500	-3852.031243477666
792000	-3634.2585697485392
792500	-3685.188955754452
793000	-3671.0523703194435
793500	-3679.1427223912096
794000	-3546.810850197319
794500	-3664.1057400459213
795000	-3576.4299087671325
795500	-3655.7380579596015
796000	-3594.0732060005344
796500	-3676.5898569252386
797000	-3704.215003810269
797500	-3654.3634166617226
798000	-3720.8395582351636
798500	-3689.327999846125
799000	-3691.699459539568
799500	-3646.499968279738
800000	-3728.5842929555047
800500	-3767.8309343611513
801000	-3795.6285861653882
801500	-3688.9279757429904
802000	-3600.29693367959
802500	-3672.973058938882
803000	-3711.5100809205906
803500	-3656.8011163140536
804000	-3687.013873933004
804500	-3687.166004085762
805000	-3826.4092914673665
805500	-3706.012746238256
806000	-3805.1942358431284
806500	-3871.5713676993787
807000	-3845.3496479202463
807500	-3800.221728204377
808000	-3907.7425581381867
808500	-3837.528163133603
809000	-3673.235912365391
809500	-3699.8557827548743
810000	-3741.544736439932
810500	-3670.04387805481
811000	-3746.5175602860604
811500	-3842.9445916505
812000	-3656.796013487212
812500	-3804.1912682292636
813000	-3759.72282921295
813500	-3798.2734411033944
814000	-3809.760694017919
814500	-3725.7975226390945
815000	-3633.54208144344
815500	-3577.2117015586173
816000	-3627.507358186965
816500	-3725.693575319239
817000	-3755.960975946811
817500	-3676.3652538015235
818000	-3645.8497046673365
818500	-3712.191151025827
819000	-3736.6906854965823
819500	-3700.1845908874698
820000	-3732.971828255871
820500	-3831.984946000026
821000	-3756.1387045699403
821500	-3801.115060336124
822000	-3759.669345603031
822500	-3731.71395578936
823000	-3951.715025020809
823500	-3822.166154733477
824000	-3807.935175766579
824500	-3737.497215662785
825000	-3728.6252660020778
825500	-3903.320324233461
826000	-3722.734645056909
826500	-3674.4104686437554
827000	-3822.872382478424
827500	-3846.6839202621136
828000	-3782.5313187427064
828500	-3718.142139049715
829000	-3793.8983096666975
829500	-3882.645623748824
830000	-3675.3673406352705
830500	-3719.4854242804463
831000	-3677.1151948460965
831500	-3641.9872183670645
832000	-3631.943399029367
832500	-3600.586288865342
833000	-3781.773709322493
833500	-3569.4613696833894
834000	-3600.797559936993
834500	-3668.5890150282057
835000	-3737.0087923500487
835500	-3620.7680669385254
836000	-3700.498769827506
836500	-3763.636964381498
837000	-3670.0390088063023
837500	-3635.909274483584
838000	-3697.2547608430436
838500	-3683.656922975991
839000	-3572.110187627161
839500	-3657.132449900781
840000	-3716.71607472113
840500	-3710.708276928879
841000	-3697.927702104431
841500	-3664.2208202333
842000	-3705.442405972178
842500	-3727.5378731067567
843000	-3706.935153490922
843500	-3768.2366842386878
844000	-3655.8545683383545
844500	-3688.8879821985543
845000	-3667.0401118639443
845500	-3722.698232159349
846000	-3752.418447487715
846500	-3851.0257266048575
847000	-3662.8782254602993
847500	-3749.1356730156367
848000	-3639.6855244359303
848500	-3737.723911091944
849000	-3751.1372795341667
849500	-3779.2212726291264
850000	-3808.8726690974304
850500	-3824.442205190142
851000	-3749.0656414973255
851500	-3901.8561881537375
852000	-3842.38871035449
852500	-3786.2310536263767
853000	-3694.019167553111
853500	-3858.4364756288633
854000	-3770.386301505242
854500	-3745.225911653262
855000	-3724.759509024942
855500	-3789.7618232353816
856000	-3757.7308100122364
856500	-3832.346653449623
857000	-3762.7403944446587
857500	-3937.3458195582416
858000	-3879.7632484551696
858500	-3848.9672585245658
859000	-3871.2698947817944
859500	-3775.1212660407227
860000	-3873.1903234268584
860500	-3838.9386593857903
861000	-3718.857717887798
861500	-3701.3386142625295
862000	-3685.3731755703584
862500	-3619.1297833030007
863000	-3686.2363169349887
863500	-3710.9046580796394
864000	-3716.1174885261007
864500	-3660.987456651929
865000	-3573.417845865401
865500	-3686.236487882099
866000	-3701.240947267856
866500	-3637.480277117997
867000	-3675.856495709935
867500	-3649.743637074312
868000	-3641.9182528076617
868500	-3671.00933945563
869000	-3601.709726118327
869500	-3751.3306045031527
870000	-3651.9984655808894
870500	-3599.3030847785185
871000	-3724.8859134838285
871500	-3713.0938968349296
872000	-3765.7571482016774
872500	-3651.4946473044656
873000	-3640.553415014872
873500	-3640.542204784179
874000	-3662.4420445140295
874500	-3740.4209026434437
875000	-3741.268503497194
875500	-3722.012261829027
876000	-3831.1239773633474
876500	-3883.3488925016886
877000	-3788.9548838641604
877500	-3879.955235144117
878000	-3760.897026791176
878500	-3728.0390188504093
879000	-3730.1024195230966
879500	-3771.4738649043156
880000	-3765.154565857736
880500	-3816.4003441536074
881000	-3798.895126402899
881500	-3801.4235147588265
882000	-3732.456008640061
882500	-3809.1863829359036
883000	-3789.7959155669378
883500	-3797.105486457661
884000	-3855.162197278889
884500	-3823.9407995404786
885000	-3863.796693655983
885500	-3838.7524580213258
886000	-3853.6836199566424
886500	-3751.9347916104293
887000	-3774.8660159529277
887500	-3694.405332631026
888000	-3743.979257753725
888500	-3715.9796582052613
889000	-3785.527805768415
889500	-3809.7614101502177
890000	-3820.895753849736
890500	-3873.865823989797
891000	-3857.5501417578294
891500	-3852.042214812113
892000	-3707.5263141534037
892500	-3874.9987240724718
893000	-3797.9171899269063
893500	-3795.371101681542
894000	-3761.568098134089
894500	-3787.71484601938
895000	-3737.70445003905
895500	-3834.7607812463752
896000	-3796.0016253968693
896500	-3837.4388047202965
897000	-3845.411232441929
897500	-3863.438770835595
898000	-3775.163796058085
898500	-3720.4737808983805
899000	-3779.8566829480033
899500	-3816.1929890007564
900000	-3826.737463522294
900500	-3778.8496373877233
901000	-3830.663661707105
901500	-3860.2893406953394
902000	-3789.488602906288
902500	-3827.8089973770766
903000	-3806.1427951136125
903500	-3837.3361186902653
904000	-3744.088566615648
904500	-3701.6460251631056
905000	-3796.1245296940438
905500	-3860.0924185766157
906000	-3793.8164794991603
906500	-3786.828865518196
907000	-3778.9130891630343
907500	-3785.7067388188957
908000	-3788.507275778487
908500	-3781.8252388008445
909000	-3875.787137705651
909500	-3764.440514327668
910000	-4003.0222232911333
910500	-3921.8497728206594
911000	-3755.367420865876
911500	-3854.3787687784975
912000	-3820.1903145447695
912500	-3717.1527226227713
913000	-3729.720858035877
913500	-3733.6703098414246
914000	-3708.2300891194354
914500	-3824.2056054709838
915000	-3812.6101746978156
915500	-3769.9212713143047
916000	-3772.987209805505
916500	-3737.5025936585016
917000	-3897.311557363231
917500	-3757.485813657554
918000	-3839.1886642292493
918500	-3777.067007664216
919000	-3720.1955166879607
919500	-3780.4080621299595
920000	-3795.407393211614
920500	-3847.198773315666
921000	-3874.7790962303143
921500	-3751.2879160556663
922000	-3854.517142316487
922500	-3748.296652463269
923000	-3739.630176429817
923500	-3730.8032741078596
924000	-3815.714409589326
924500	-3817.991899469581
925000	-3797.8399387577338
925500	-3716.84249421494
926000	-3650.5565994031585
926500	-3737.485598942032
927000	-3699.905417853521
927500	-3713.234778473198
928000	-3748.4470341757337
928500	-3759.8050163384223
929000	-3752.4582204472827
929500	-3740.2512698517153
930000	-3734.975652974129
930500	-3872.3869739266784
931000	-3871.9645037212726
931500	-3878.8717461443375
932000	-3851.7000963186792
932500	-3726.397374413161
933000	-3744.773998169885
933500	-3835.3759035179746
934000	-3807.3299780772695
934500	-3724.642754843352
935000	-3742.0688107779015
935500	-3765.749945811953
936000	-3816.962415266074
936500	-3741.6030200029604
937000	-3756.22812343837
937500	-3825.5196122846673
938000	-3774.963236850659
938500	-3818.036465531494
939000	-3836.0106570433263
939500	-3962.4915716131336
940000	-3729.858580674782
940500	-3795.568784661117
941000	-3796.6340707241393
941500	-3946.896077551461
942000	-3915.694928793615
942500	-3794.077883363831
943000	-3860.773300935059
943500	-3884.2100401973553
944000	-3874.2520908276374
944500	-3792.4166143831885
945000	-3769.813975980227
945500	-3726.1129990842196
946000	-3769.651252902061
946500	-3768.3304774747576
947000	-3755.2275063183083
947500	-3681.002938231064
948000	-3698.6076788569417
948500	-3608.1837305510717
949000	-3706.777146835617
949500	-3700.863824811591
950000	-3708.9384034755367
950500	-3768.078394148205
951000	-3877.688155688977
951500	-3866.394286861438
952000	-3887.105491938638
952500	-3695.253341014508
953000	-3723.6429020108685
953500	-3725.855484824314
954000	-3692.6598818193243
954500	-3665.1974850742354
955000	-3681.653193086754
955500	-3665.784600829799
956000	-3692.229335870926
956500	-3680.5683764765954
957000	-3635.3767005780473
957500	-3764.1327076809416
958000	-3679.8325738265494
958500	-3697.8573627587107
959000	-3667.804246434999
959500	-3675.8242731871346
960000	-3730.1269539555183
960500	-3711.4687590665585
961000	-3733.5204813005034
961500	-3846.017914496363
962000	-3776.926828002951
962500	-3802.1898981674804
963000	-3801.6069725452667
963500	-3894.5287744851917
964000	-3909.223624636729
964500	-3863.382459106967
965000	-3727.1015452812712
965500	-3678.777190314948
966000	-3749.341553499103
966500	-3721.8544759929046
967000	-3781.3902806703218
967500	-3768.7186845626943
968000	-3795.5864131649546
968500	-3744.6678790230817
969000	-3750.831054621002
969500	-3685.9042441747483
970000	-3688.193154932198
970500	-3673.9374297429354
971000	-3711.9422299462517
971500	-3699.7846548417324
972000	-3717.4715048372773
972500	-3682.8757388090876
973000	-3657.270767627635
973500	-3720.9505186255656
974000	-3960.9185814640996
974500	-3738.7108173100446
975000	-3811.765778390341
975500	-3882.4061882358105
976000	-3879.3824189520783
976500	-3818.894787092798
977000	-3791.908928463543
977500	-3824.381611557746
978000	-3834.4823229705476
978500	-3718.7292064862677
979000	-3769.8423346816576
979500	-3689.0493910083023
980000	-3778.01324468098
980500	-3916.7652348914476
981000	-3922.044777768341
981500	-3805.146018952893
982000	-3778.9813029746374
982500	-3863.3123565981746
983000	-3940.2513406368985
983500	-3898.6397937079655
984000	-3906.649077046211
984500	-3815.782346947789
985000	-3800.31225335035
985500	-3684.7012846869725
986000	-3770.1318666864263
986500	-3815.217607856554
987000	-3846.5687449740926
987500	-3893.085423463299
988000	-3851.0376929831955
988500	-3857.113829446784
989000	-3863.521708957818
989500	-3842.405624566977
990000	-3806.601921716449
990500	-3769.117448074932
991000	-3775.7910611085276
991500	-3836.9084980100533
992000	-3789.156070621392
992500	-3794.2865374154394
993000	-3810.134241551855
993500	-3816.5740306165467
994000	-3747.8957165756506
994500	-3751.510623219922
995000	-3730.9945949864205
995500	-3836.3477699765494
996000	-3779.572476462725
996500	-3784.9009186301732
997000	-3781.354104207563
997500	-3739.091179436296
998000	-3813.3301946637857
998500	-3756.589191016818
999000	-3822.3912679101986
999500	-3731.20392511964
1000000	-3767.928142484425
1000500	-3661.641631043199
1001000	-3792.5018764542137
1001500	-3847.7792086560794
1002000	-3780.4685049736017
1002500	-3756.5208518289364
1003000	-3711.4655825191458
1003500	-3685.309731854279
1004000	-3839.8634780660504
1004500	-3701.304797643075
1005000	-3690.515889332571
1005500	-3745.8144158514883
1006000	-3672.1414405320297
1006500	-3745.412640393739
1007000	-3777.14766610621
1007500	-3791.500156048648
1008000	-3659.5980228726476
1008500	-3649.811897274324
1009000	-3745.71125692293
1009500	-3763.453235000442
1010000	-3776.588555165794
1010500	-3700.339477493384
1011000	-3754.0877354997538
1011500	-3683.5092158906014
1012000	-3922.203990330942
1012500	-3761.8952863313934
1013000	-3809.2861541952257
1013500	-3735.2484806741018
1014000	-3710.5475531705515
1014500	-3821.250021958445
1015000	-3852.891093559586
1015500	-3694.7756296385023
1016000	-3686.4924049474707
1016500	-3600.3375045533235
1017000	-3696.369383885066
1017500	-3721.3137173009613
1018000	-3820.5710248098176
1018500	-3885.9487240045128
1019000	-3815.17489932517
1019500	-3764.0715782808675
1020000	-3733.625397128061
1020500	-3719.1240512237828
1021000	-3728.896205276974
1021500	-3767.8349355492846
1022000	-3764.1146325594314
1022500	-3725.4080502670517
1023000	-3723.6466333696735
1023500	-3732.166185448733
1024000	-3828.2138172861905
1024500	-3698.431608368783
1025000	-3664.3001068282506
1025500	-3802.8862800896386
1026000	-3842.442072245635
1026500	-3889.7997071515283
1027000	-3891.2770720218705
1027500	-3786.4134878210184
1028000	-3867.7249659040776
1028500	-3739.128582570526
1029000	-3652.3261568529238
1029500	-3771.784330823712
1030000	-3877.147556151405
1030500	-3758.4882636589546
1031000	-3870.636332848747
1031500	-3694.17440504774
1032000	-3699.6693309705643
1032500	-3676.3817238180263
1033000	-3713.7191090196916
1033500	-3722.1624815180508
1034000	-3792.7520403354747
1034500	-3751.788103122725
1035000	-3715.3496787054974
1035500	-3750.1192110298175
1036000	-3681.2758202030827
1036500	-3708.6762935335464
1037000	-3871.288186004288
1037500	-3905.001175984679
1038000	-3842.502290467062
1038500	-3794.89685853404
1039000	-3804.7716084890444
1039500	-3761.967610770347
1040000	-3826.0407082657885
1040500	-3705.2367379945917
1041000	-3616.6743064469056
1041500	-3792.14472286295
1042000	-3897.29381892131
1042500	-3731.366047253955
1043000	-3680.0125837299493
1043500	-3661.522444335657
1044000	-3790.3812287317273
1044500	-3733.3387300215363
1045000	-3645.4198859535863
1045500	-3839.56103736471
1046000	-3665.131738262532
1046500	-3677.8619743731842
1047000	-3707.0015962953826
1047500	-3726.6432291661226
1048000	-3735.601491543562
1048500	-3694.0394922036244
1049000	-3726.7547735913718
1049500	-3784.3169320195966
1050000	-3785.54649131835
1050500	-3765.292359286494
1051000	-3754.606124509494
1051500	-3747.059805029034
1052000	-3735.961763373586
1052500	-3761.2363921799065
1053000	-3714.9435140633514
1053500	-3784.296908387657
1054000	-3759.799381236035
1054500	-3732.0839495685454
1055000	-3776.300962417717
1055500	-3787.665793628238
1056000	-3792.0337806278767
1056500	-3791.5375017033925
1057000	-3907.2581606427557
1057500	-3852.9344655478435
1058000	-3764.97506156841
1058500	-3860.069178012225
1059000	-3740.1660134993353
1059500	-3756.952091436815
1060000	-3703.6583261606215
1060500	-3801.4823615336127
1061000	-3758.9328087988056
1061500	-3688.145170828837
1062000	-3715.349169131278
1062500	-3698.857306224182
1063000	-3719.825493770239
1063500	-3720.5242534764325
1064000	-3677.581880667916
1064500	-3670.719337193038
1065000	-3721.3856467397973
1065500	-3865.8472497751122
1066000	-3835.855117428406
1066500	-3824.922259616124
1067000	-3811.0593203152825
1067500	-3766.9991306005213
1068000	-3762.485286592915
1068500	-3714.2249143956305
1069000	-3777.109097305996
1069500	-3630.832930862675
1070000	-3732.0251132788007
1070500	-3629.8250466302666
1071000	-3758.8351921846706
1071500	-3792.392676075319
1072000	-3592.3925228382973
1072500	-3558.997984642178
1073000	-3583.4971247647736
1073500	-3584.0588124140468
1074000	-3613.6423297168853
1074500	-3564.5427258526584
1075000	-3599.200602263136
1075500	-3630.3707430120867
1076000	-3661.878656538048
1076500	-3672.5701285873506
1077000	-3683.059679019633
1077500	-3629.9252717224263
1078000	-3704.8057787919874
1078500	-3775.076703862922
1079000	-3797.001038667549
1079500	-3674.535937701061
1080000	-3590.2063621552916
1080500	-3712.383841951853
1081000	-3654.7272906372914
1081500	-3675.957488995253
1082000	-3736.2762123498187
1082500	-3612.8270324755817
1083000	-3686.9121644059474
1083500	-3745.1479679592157
1084000	-3675.7282123641885
1084500	-3645.3099439390007
1085000	-3581.887792668512
1085500	-3594.2044667031005
1086000	-3672.5333922343198
1086500	-3753.6029393223703
1087000	-3604.1309112842264
1087500	-3622.8627684153553
1088000	-3742.2843354462448
1088500	-3702.162261913158
1089000	-3672.450531638255
1089500	-3784.5422163661606
1090000	-3675.643487701348
1090500	-3702.8090656231007
1091000	-3647.7201899899014
1091500	-3738.7505959733917
1092000	-3726.707871519402
1092500	-3710.8957943043492
1093000	-3791.298892267469
1093500	-3678.439081842905
1094000	-3688.5623444636394
1094500	-3733.98149295597
1095000	-3625.772773030352
1095500	-3707.761066855289
1096000	-3619.762081228838
1096500	-3718.1037139181058
1097000	-3686.656771153524
1097500	-3658.122658783232
1098000	-3735.526553476542
1098500	-3709.256813463817
1099000	-3684.54002958261
1099500	-3691.5852918459605
1100000	-3716.5500163417564
1100500	-3696.4527937032885
1101000	-3759.247759026965
1101500	-3710.820408057452
1102000	-3649.1790100252833
1102500	-3698.296107373252
1103000	-3707.2152904509544
1103500	-3688.6015920884947
1104000	-3712.202449665417
1104500	-3796.3570355716784
1105000	-3763.576108176012
1105500	-3727.6928997757564
1106000	-3802.0456468900134
1106500	-3710.102308646344
1107000	-3779.238849094908
1107500	-3772.7734304935675
1108000	-3725.535272710601
1108500	-3798.694829715805
1109000	-3762.5518757978152
1109500	-3783.8128828393574
1110000	-3762.827626695747
1110500	-3715.5998988798915
1111000	-3809.057411216608
1111500	-3859.0884520663494
1112000	-3840.325666618429
1112500	-3663.475213372211
1113000	-3730.3958263031286
1113500	-3835.0059370720405
1114000	-3703.4308861301993
1114500	-3679.2947908237197
1115000	-3721.4780204065314
1115500	-3687.6544199051086
1116000	-3667.9119523547793
1116500	-3742.6485344471685
1117000	-3663.4607161915987
1117500	-3682.9826372538837
1118000	-3704.7508216134092
1118500	-3700.049043378816
1119000	-3743.6009723001725
1119500	-3774.401214051485
1120000	-3835.8669399708224
1120500	-3744.728400508137
1121000	-3663.2453673563728
1121500	-3665.2812313145314
1122000	-3712.1985735546177
1122500	-3744.842038356589
1123000	-3799.4090585940544
1123500	-3672.6354982541075
1124000	-3644.2238816945987
1124500	-3702.8206213999574
1125000	-3746.3908097103467
1125500	-3647.1196930087776
1126000	-3675.354620492066
1126500	-3678.2593201379473
1127000	-3679.4050449415918
1127500	-3730.91340605212
1128000	-3665.6551148288177
1128500	-3684.254449597081
1129000	-3707.179252265176
1129500	-3820.863076576517
1130000	-3683.228605344208
1130500	-3671.6961300711805
1131000	-3762.8458081098497
1131500	-3761.7425965898997
1132000	-3738.1415963739432
1132500	-3738.890494869651
1133000	-3911.7306330153924
1133500	-3783.615769837253
1134000	-3689.5777661541847
1134500	-3744.430776770346
1135000	-3793.947158950518
1135500	-3797.0804011514138
1136000	-3758.6683321331548
1136500	-3845.0651927417002
1137000	-3800.8415421131976
1137500	-3820.4191094300036
1138000	-3905.6652654163413
1138500	-3881.345092567396
1139000	-3732.6580275918786
1139500	-3729.1359014115824
1140000	-3802.061798606501
1140500	-3667.338656153399
1141000	-3716.0680283234947
1141500	-3782.568689125711
1142000	-3733.528735223192
1142500	-3560.8053020179777
1143000	-3820.757015670785
1143500	-3794.794764789001
1144000	-3734.9910208622773
1144500	-3805.0826062659603
1145000	-3763.6796500379337
1145500	-3714.7885251424855
1146000	-3761.5613093325337
1146500	-3766.7245280834945
1147000	-3764.577657807373
1147500	-3759.3862888132285
1148000	-3858.2110337756003
1148500	-3839.116513050229
1149000	-3808.4241191356755
1149500	-3847.5540163583014
1150000	-3736.555676751766
1150500	-3743.9621817420175
1151000	-3721.8361382817116
1151500	-3737.9783439604457
1152000	-3732.057738615805
1152500	-3788.683191242218
1153000	-3807.9587629012312
1153500	-3844.858970297586
1154000	-3866.3287140603366
1154500	-3823.0673879486294
1155000	-3778.936153552212
1155500	-3797.968055310748
1156000	-3882.903732410546
1156500	-3812.890341992923
1157000	-3864.7131501302083
1157500	-3811.2395501273086
1158000	-3878.4173310167757
1158500	-3827.4377961874934
1159000	-3902.121727718613
1159500	-3832.4045563523246
1160000	-3764.862167135913
1160500	-3835.7080157746964
1161000	-3816.0260651583108
1161500	-3708.5794247504223
1162000	-3679.9653170845745
1162500	-3707.202784150717
1163000	-3672.725248604606
1163500	-3813.4023246817383
1164000	-3819.5605778343934
1164500	-3722.5648088608477
1165000	-3738.7133347353383
1165500	-3788.8282517416906
1166000	-3713.1896512887224
1166500	-3781.1976052969644
1167000	-3728.2094207611676
1167500	-3762.158376065426
1168000	-3717.0711467674764
1168500	-3733.6563698792716
1169000	-3685.687303671183
1169500	-3693.471576706385
1170000	-3665.8450944589017
1170500	-3666.977565584163
1171000	-3660.642302760535
1171500	-3673.8207379578184
1172000	-3628.3373208773314
1172500	-3645.8876963553435
1173000	-3696.3861409734977
1173500	-3617.2617866554237
1174000	-3646.3101012041348
1174500	-3590.821913199677
1175000	-3613.7290145988836
1175500	-3566.940001147947
1176000	-3619.0598884988535
1176500	-3680.6198725713266
1177000	-3765.6333054666184
1177500	-3719.839914478267
1178000	-3738.846013358319
1178500	-3673.2368138063184
1179000	-3840.3953949692923
1179500	-3677.781518063824
1180000	-3682.0996549298343
1180500	-3675.914766717514
1181000	-3713.2959277861582
1181500	-3714.861561389835
1182000	-3761.7602377657836
1182500	-3721.876185179074
1183000	-3729.4308480644972
1183500	-3748.1280560122523
1184000	-3684.318893554576
1184500	-3721.1090548346783
1185000	-3777.181487977875
1185500	-3755.3793972102135
1186000	-3727.2789843967935
1186500	-3807.0024598202544
1187000	-3688.3460353899827
1187500	-3670.2437556785535
1188000	-3767.241559681226
1188500	-3823.813961911157
1189000	-3811.2494002161307
1189500	-3830.355835238607
1190000	-3874.426017416426
1190500	-3870.2305753187597
1191000	-3811.0578151336845
1191500	-3801.3773824049367
1192000	-3831.493831956286
1192500	-3824.695365395617
1193000	-3725.1717962972252
1193500	-3761.029543940233
1194000	-3728.2012414017136
1194500	-3827.074704416477
1195000	-3872.5000223290695
1195500	-3851.303202149449
1196000	-3698.988642908456
1196500	-3739.121865499469
1197000	-3794.7004238299373
1197500	-3683.4967917866343
1198000	-3718.926506555066
1198500	-3738.4267358791835
1199000	-3695.147085225007
1199500	-3768.739727984026
1200000	-3751.50959811441
1200500	-3698.925628555859
1201000	-3677.459270282361
1201500	-3757.1606886347176
1202000	-3669.329365416763
1202500	-3833.092215564463
1203000	-3768.4311480514416
1203500	-3732.174457859644
1204000	-3854.364407370269
1204500	-3704.0553391588824
1205000	-3746.0170552310574
1205500	-3715.756189806088
1206000	-3755.2474995691705
1206500	-3698.47655617779
1207000	-3838.263029415028
1207500	-3769.4584958632195
1208000	-3837.695448139633
1208500	-3764.2333565073977
1209000	-3844.503179138509
1209500	-3817.631398384212
1210000	-3805.5629546938635
1210500	-3827.545600375615
1211000	-3779.150133957375
1211500	-3774.3841024567105
1212000	-3829.526339397318
1212500	-3791.1417229010494
1213000	-3760.6271709361545
1213500	-3829.8158895844144
1214000	-3766.6526103050664
1214500	-3878.0089539859214
1215000	-3859.6083727915966
1215500	-3728.511058882295
1216000	-3695.5427030546844
1216500	-3753.308329678935
1217000	-3808.567913054968
1217500	-3874.1273612364557
1218000	-3826.9057776829504
1218500	-3747.8456519671618
1219000	-3784.1407349356537
1219500	-3817.6522699731163
1220000	-3841.2265994553604
1220500	-3812.2168058339093
1221000	-3774.877987588295
1221500	-3861.44783250851
1222000	-3802.4648796901492
1222500	-3821.0800608715285
1223000	-3786.39520798174
1223500	-3861.8756278609712
1224000	-3745.6035529982537
1224500	-3803.6416413259026
1225000	-3858.7947642244753
1225500	-3841.1574333237486
1226000	-3832.8680138402356
1226500	-3820.811503734201
1227000	-3946.0121555617447
1227500	-3816.2240600982573
1228000	-3743.6226610386916
1228500	-3919.4787026496515
1229000	-3832.990926546072
1229500	-3764.1530699339405
1230000	-3816.9810576694954
1230500	-3715.5984651128333
1231000	-3733.993063427733
1231500	-3741.0412048338426
1232000	-3800.999886783043
1232500	-3889.839677809178
1233000	-3879.738936727938
1233500	-3970.7243218599683
1234000	-3819.344122699394
1234500	-3832.432643526171
1235000	-3821.624462055769
1235500	-3883.583778560814
1236000	-3879.1300739252288
1236500	-3936.922784359763
1237000	-3837.0506631982907
1237500	-3804.1477583740125
1238000	-3913.434399768492
1238500	-3915.5736334048584
1239000	-3846.9446825339664
1239500	-3858.2168630274527
1240000	-3841.318184438247
1240500	-3821.1060690885033
1241000	-3908.3391595393205
1241500	-3778.462213101373
1242000	-3822.7916212540977
1242500	-3920.1901797004825
1243000	-3804.678538242766
1243500	-3889.790165516571
1244000	-3911.757526668094
1244500	-3734.407783573423
1245000	-3845.571538090352
1245500	-3955.5334071976276
1246000	-3909.2177087630107
1246500	-3944.539122765793
1247000	-3947.7070334246737
1247500	-3796.9401180654827
1248000	-3760.274392596166
1248500	-3674.2951159444715
1249000	-3768.333402229345
1249500	-3810.71828712213
1250000	-3717.3408769137104
1250500	-3785.214400013992
1251000	-3839.5714439878757
1251500	-3864.1211717017245
1252000	-3834.6268586819165
1252500	-3974.2935924393087
1253000	-3868.6751494021364
1253500	-3819.86904551306
1254000	-3787.9692623562373
1254500	-3734.462955568475
1255000	-3809.713286382009
1255500	-3800.598910629827
1256000	-3645.9052706126354
1256500	-3794.88894727414
1257000	-3740.1093762878268
1257500	-3658.086780054725
1258000	-3729.5620988748256
1258500	-3799.337461404469
1259000	-3851.0136465686055
1259500	-3880.0076257906658
1260000	-3800.4630054789777
1260500	-3766.7661693563737
1261000	-3688.0002544388694
1261500	-3686.269884069294
1262000	-3749.624811855728
1262500	-3817.277890122883
1263000	-3687.7465315514237
1263500	-3585.1109176677387
1264000	-3759.450441672468
1264500	-3782.959909535393
1265000	-3698.878631729859
1265500	-3797.581107289507
1266000	-3740.609478096389
1266500	-3829.762991408529
1267000	-3830.883206120332
1267500	-3926.0901419595953
1268000	-3947.00993548662
1268500	-3870.733557132552
1269000	-3841.6110194818207
1269500	-3889.828797556304
1270000	-3858.568532425991
1270500	-3872.3225256272667
1271000	-3846.6496206022853
1271500	-3739.956765568873
1272000	-3780.7029569485267
1272500	-3933.4006586275987
1273000	-3928.418211626525
1273500	-3823.1389701040407
1274000	-3756.000616935557
1274500	-3879.598623499726
1275000	-3736.3076531560523
1275500	-3722.934669340002
1276000	-3842.8351373655423
1276500	-3776.826204558084
1277000	-3780.1258007779475
1277500	-3809.5784524457063
1278000	-3828.443476223624
1278500	-3801.309829404975
1279000	-3865.8998900047686
1279500	-3829.206370590681
1280000	-3854.45551628462
1280500	-3859.7193474587802
1281000	-3835.5722497276483
1281500	-3763.6441724471733
1282000	-3777.9647967969313
1282500	-3751.258161943999
1283000	-3783.8764049771803
1283500	-3586.0768787027205
1284000	-3613.0392935990003
1284500	-3632.844872846261
1285000	-3696.2258016740448
1285500	-3769.0710707543676
1286000	-3647.015436778527
1286500	-3699.9214338404586
1287000	-3720.034139173913
1287500	-3836.2178359091213
1288000	-3892.0099624588706
1288500	-3811.947622193858
1289000	-3854.2487083522656
1289500	-3708.2643336086944
1290000	-3763.997560886554
1290500	-3739.2292504944876
1291000	-3665.4165522308663
1291500	-3646.9990480759334
1292000	-3704.5823941427684
1292500	-3666.3587445271937
1293000	-3626.507869832431
1293500	-3674.1996998623013
1294000	-3701.9621568575863
1294500	-3665.1552179109335
1295000	-3725.750766450416
1295500	-3754.1013344691723
1296000	-3698.907852662951
1296500	-3701.317756343294
1297000	-3710.5404538212106
1297500	-3712.9619406895326
1298000	-3720.470760976225
1298500	-3786.4340658015726
1299000	-3858.9908274778645
1299500	-3843.8499405700027
1300000	-3811.142276583777
1300500	-3818.1099327854536
1301000	-3835.888417065522
1301500	-3814.2049827326255
1302000	-3793.088313431841
1302500	-3814.7001365919505
1303000	-3841.929560893468
1303500	-3864.245190674033
1304000	-3744.5904226285156
1304500	-3812.5104183426156
1305000	-3692.64129217275
1305500	-3618.9421020115788
1306000	-3817.3561413431867
1306500	-3753.0598493197936
1307000	-3651.139464845531
1307500	-3674.6443992835866
1308000	-3779.5634058070573
1308500	-3789.8488657938606
1309000	-3784.9554715149043
1309500	-3806.685559200561
1310000	-3741.688800348598
1310500	-3757.2317094785667
1311000	-3789.241247166695
1311500	-3728.838126920455
1312000	-3725.4092902852626
1312500	-3690.208396032264
1313000	-3741.4755056954236
1313500	-3762.2992436153827
1314000	-3773.294611132683
1314500	-3797.3174494652303
1315000	-3720.3597510335185
1315500	-3829.431606491593
1316000	-3801.6577555047697
1316500	-3805.3102421642966
1317000	-3862.459482062949
1317500	-3777.2944292781726
1318000	-3842.833255421353
1318500	-3793.8995775998033
1319000	-3881.6733103243937
1319500	-3769.9040735612907
1320000	-3726.1817059731393
1320500	-3690.099637197582
1321000	-3681.2857668503916
1321500	-3674.0252231118543
1322000	-3761.6041137558564
1322500	-3758.754182227286
1323000	-3718.2126834883766
1323500	-3721.268215722033
1324000	-3703.225100290316
1324500	-3650.119155777254
1325000	-3617.4561638656687
1325500	-3614.383996930226
1326000	-3689.284087509235
1326500	-3694.480656272838
1327000	-3752.0461432949146
1327500	-3744.141107348495
1328000	-3701.9567781207443
1328500	-3786.116714498326
1329000	-3726.016009687626
1329500	-3890.810919233184
1330000	-3787.4532247452507
1330500	-3832.617634468778
1331000	-3773.5205103642124
1331500	-3774.4680346524374
1332000	-3804.3731609515144
1332500	-3772.0806173965475
1333000	-3923.334786858575
1333500	-3785.3784646155
1334000	-3726.5388757706605
1334500	-3856.6011922917323
1335000	-3780.252271062603
1335500	-3837.9619694552794
1336000	-3894.921929625209
1336500	-3768.480570031092
1337000	-3845.0897435521765
1337500	-3661.6389328926884
1338000	-3674.4510937042023
1338500	-3684.2487287978397
1339000	-3771.295363741246
1339500	-3757.6534387866836
1340000	-3687.553285008248
1340500	-3727.883605623975
1341000	-3767.7745902761376
1341500	-3755.6496080052552
1342000	-3703.432895571707
1342500	-3707.1671158377017
1343000	-3734.0579946334888
1343500	-3712.83299915712
1344000	-3635.913225481264
1344500	-3683.0076512864125
1345000	-3756.5580550715886
1345500	-3641.7771054964746
1346000	-3706.3101989279953
1346500	-3657.8150392164093
1347000	-3622.5313737652136
1347500	-3642.9424281070474
1348000	-3647.4222444457873
1348500	-3594.8392301320914
1349000	-3730.0584907075263
1349500	-3807.446652183599
1350000	-3750.090749977931
1350500	-3569.288054067448
1351000	-3683.7873552930487
1351500	-3581.978895682315
1352000	-3590.0147078748
1352500	-3630.4778231021714
1353000	-3674.794541245447
1353500	-3750.3832434920173
1354000	-3668.9909004451506
1354500	-3735.3519852122936
1355000	-3623.325773306713
1355500	-3797.4978751370304
1356000	-3652.6447904021197
1356500	-3703.7356928260892
1357000	-3622.268785546715
1357500	-3640.7890803343294
1358000	-3779.983914359322
1358500	-3756.390936220797
1359000	-3736.032331644986
1359500	-3854.177520837607
1360000	-3836.916378852367
1360500	-3731.5443378795144
1361000	-3676.739715425501
1361500	-3598.4650411422003
1362000	-3748.3237090914704
1362500	-3855.7724265689667
1363000	-3761.931505257968
1363500	-3732.0165432642807
1364000	-3805.9245134210037
1364500	-3717.240458589757
1365000	-3741.548458836876
1365500	-3832.236242822044
1366000	-3826.3467110558145
1366500	-3722.42124288088
1367000	-3769.4889956365023
1367500	-3818.3068910449783
1368000	-3802.8858800552607
1368500	-3878.709486106088
1369000	-3709.2197623696684
1369500	-3807.9899322355327
1370000	-3817.8318642881954
1370500	-3849.23980809859
1371000	-3800.3601837829683
1371500	-3751.069326936267
1372000	-3745.952379417862
1372500	-3689.221709726897
1373000	-3812.571692954663
1373500	-3748.839910071326
1374000	-3784.1912905544505
1374500	-3766.1930265104534
1375000	-3792.8702640786087
1375500	-3791.2520823240766
1376000	-3736.7478155977974
1376500	-3700.209111056343
1377000	-3885.614353997333
1377500	-3721.8335766638684
1378000	-3748.2004455330757
1378500	-3866.96040761679
1379000	-3766.0474571204227
1379500	-3780.064915970647
1380000	-3798.7377753167257
1380500	-3708.3611351070135
1381000	-3764.46459192037
1381500	-3742.226791336183
1382000	-3669.522046867345
1382500	-3728.548971353123
1383000	-3689.7492537596518
1383500	-3886.6517625418337
1384000	-3764.4542621843984
1384500	-3848.9887078258175
1385000	-3867.890214389923
1385500	-3837.534653074624
1386000	-3710.202390598461
1386500	-3820.229890491477
1387000	-3867.2028208901406
1387500	-3724.3551160416455
1388000	-3712.9202578017344
1388500	-3746.791028235984
1389000	-3725.1026524648214
1389500	-3908.801411354871
1390000	-3855.8628782386268
1390500	-3725.062309615215
1391000	-3750.001662210849
1391500	-3665.7646637393145
1392000	-3740.046002013637
1392500	-3763.4313897688767
1393000	-3689.4358741906854
1393500	-3655.851447101013
1394000	-3597.774193197832
1394500	-3553.894600417049
1395000	-3728.819850950916
1395500	-3671.7279256152992
1396000	-3605.908542847716
1396500	-3666.0293007513906
1397000	-3665.7481097672403
1397500	-3584.7672323953284
1398000	-3640.982553278509
1398500	-3680.1330056911675
1399000	-3746.3907174602236
1399500	-3664.423676060108
1400000	-3601.917736749293
1400500	-3654.421304015393
1401000	-3715.215753726601
1401500	-3755.2213733888357
1402000	-3847.022053620063
1402500	-3879.682882923517
1403000	-3766.7513101918707
1403500	-3792.489110091693
1404000	-3693.3380012909006
1404500	-3708.1162825119454
1405000	-3757.2248219666485
1405500	-3847.7811290518916
1406000	-3814.389421739425
1406500	-3777.3014217055816
1407000	-3733.0822675558784
1407500	-3820.2721877466724
1408000	-3854.119977259727
1408500	-3765.113005005849
1409000	-3716.8348065478935
1409500	-3673.5533181298624
1410000	-3780.335737547898
1410500	-3730.60024041008
1411000	-3733.367973762414
1411500	-3737.282428051322
1412000	-3687.109010842928
1412500	-3763.751738808094
1413000	-3772.546237769254
1413500	-3819.0126323716895
1414000	-3749.922527375276
1414500	-3677.9263025353325
1415000	-3722.964348181004
1415500	-3708.5201342836226
1416000	-3724.8637785872056
1416500	-3734.477037338998
1417000	-3862.7457804044043
1417500	-3789.716510168339
1418000	-3840.02771931443
1418500	-3812.744487305941
1419000	-3746.725057077194
1419500	-3780.352045744425
1420000	-3676.042660085588
1420500	-3689.6557186933674
1421000	-3673.084306455713
1421500	-3702.3111830518783
1422000	-3723.242333910284
1422500	-3709.246014447502
1423000	-3758.09373966882
1423500	-3860.162556112692
1424000	-3782.283790061606
1424500	-3870.227274257459
1425000	-3859.5956999256073
1425500	-3904.6511225040394
1426000	-3852.4751586167504
1426500	-3825.3204571139286
1427000	-3878.5160987336303
1427500	-3822.9052584246215
1428000	-3741.8576047696247
1428500	-3760.5999622750433
1429000	-3782.5238095761874
1429500	-3764.3442332054283
1430000	-3753.185547578443
1430500	-3811.6909519745645
1431000	-3810.287412231949
1431500	-3785.590126938277
1432000	-3867.771441457669
1432500	-3807.9300774461753
1433000	-3886.117426581479
1433500	-3923.3700563544835
1434000	-3851.3674034862847
1434500	-3843.680313265409
1435000	-3821.643202392883
1435500	-3829.81042460217
1436000	-3842.7681957747714
1436500	-3732.9738898184596
1437000	-3799.2017804327816
1437500	-3797.678636696247
1438000	-3816.402740637617
1438500	-3796.395028413547
1439000	-3825.112203520669
1439500	-3831.795840705723
1440000	-3774.4258800871917
1440500	-3882.49138832997
1441000	-3822.8939198358134
1441500	-3853.430147276239
1442000	-3783.682504750804
1442500	-3866.3904357936644
1443000	-3860.332987066398
1443500	-3753.766703581627
1444000	-3843.2572524554143
1444500	-3769.688400430887
1445000	-3812.1187756002864
1445500	-3982.537699961114
1446000	-3870.9497952466954
1446500	-3801.2776081886122
1447000	-3818.6829023738746
1447500	-3787.826409526216
1448000	-3745.0712558315813
1448500	-3694.809867428572
1449000	-3684.255814033411
1449500	-3715.51047387144
1450000	-3723.8683850072516
1450500	-3687.562770147285
1451000	-3842.094938171281
1451500	-3800.01846075519
1452000	-3836.083676508194
1452500	-3725.3686811888533
1453000	-3720.813378298465
1453500	-3731.8261515269955
1454000	-3721.2428734289606
1454500	-3806.1338102461364
1455000	-3731.673236608655
1455500	-3801.598514307851
1456000	-3798.5139977538392
1456500	-3714.9160773485114
1457000	-3778.1957445237394
1457500	-3819.5956447659382
1458000	-3859.206699310218
1458500	-3839.9740905698886
1459000	-3761.230865026703
1459500	-3803.0184137103324
1460000	-3851.9925186018704
1460500	-3867.8540540421577
1461000	-3928.1688351429852
1461500	-3869.745292673822
1462000	-3859.478955987113
1462500	-3844.555271294348
1463000	-3782.9351801210537
1463500	-3632.416126391496
1464000	-3678.864718631484
1464500	-3752.781244333038
1465000	-3813.2139142856226
1465500	-3625.113524759914
1466000	-3710.045881076267
1466500	-3780.4247796016916
1467000	-3692.451873636754
1467500	-3731.1432539310963
1468000	-3858.320797897284
1468500	-3733.080333373631
1469000	-3775.7807258869784
1469500	-3750.907566024913
1470000	-3809.5177290387714
1470500	-3750.2407775977235
1471000	-3704.179825033496
1471500	-3740.597916134954
1472000	-3769.747899800088
1472500	-3724.3714399507107
1473000	-3695.159275987156
1473500	-3765.7073574357096
1474000	-3749.037221640723
1474500	-3680.4139767980564
1475000	-3652.6398745400347
1475500	-3863.606777181324
1476000	-3739.910310268711
1476500	-3708.236864196961
1477000	-3857.874138326328
1477500	-3824.604940737867
1478000	-3692.594767584658
1478500	-3854.07797391053
1479000	-3833.472182485622
1479500	-3775.8979858148327
1480000	-3782.67566983262
1480500	-3866.591501112798
1481000	-3862.378437856749
1481500	-3928.076863966091
1482000	-3870.100413795227
1482500	-3808.08674236088
1483000	-3757.649004742425
1483500	-3695.4447215940572
1484000	-3680.051726445598
1484500	-3756.9723684117325
1485000	-3685.9086167940523
1485500	-3715.849513651059
1486000	-3828.997791222345
1486500	-3762.4204785254583
1487000	-3794.0132879190255
1487500	-3761.4096400028698
1488000	-3666.6802106381742
1488500	-3771.2366856605627
1489000	-3672.397107713011
1489500	-3691.0979658599817
1490000	-3699.9396940086635
1490500	-3730.9638067779943
1491000	-3688.220993328795
1491500	-3637.58280733306
1492000	-3706.82599292998
1492500	-3688.088484374479
1493000	-3684.011564445169
1493500	-3712.324441737594
1494000	-3701.2353910830984
1494500	-3686.3449499738635
1495000	-3750.478820304176
1495500	-3698.2547385524103
1496000	-3730.7888577037074
1496500	-3672.5986008249615
1497000	-3751.3710766497124
1497500	-3749.37349435906
1498000	-3786.4011114338573
1498500	-3692.6249646252063
1499000	-3605.2440114978326
1499500	-3791.6892546911104
1500000	-3705.282769852876
