Sample	likelihood
0	-3421.743023557232
500	-3423.421413671299
1000	-3427.1675754410944
1500	-3424.7108183753307
2000	-3417.2709329890768
2500	-3430.569366715031
3000	-3427.8525826539117
3500	-3425.1574398072007
4000	-3429.7420032381037
4500	-3424.77745752246
5000	-3430.6581287496992
5500	-3434.0895969021058
6000	-3435.2601380580895
6500	-3433.824742183566
7000	-3431.6256082336927
7500	-3429.3410252723693
8000	-3428.2094411410912
8500	-3428.4681952445867
9000	-3437.6686912242553
9500	-3425.025314097905
10000	-3424.990430083655
10500	-3430.1404654474986
11000	-3429.178741966643
11500	-3426.250980129908
12000	-3427.461239279555
12500	-3434.224642953734
13000	-3434.933346594881
13500	-3429.972985061152
14000	-3422.1734000872643
14500	-3426.7621454977175
15000	-3430.3859963208693
15500	-3430.331016091467
16000	-3427.025155877568
16500	-3434.3350044443537
17000	-3427.6272155233473
17500	-3427.4517799700116
18000	-3423.93452783036
18500	-3423.9182709753563
19000	-3426.857915703407
19500	-3427.893692223718
20000	-3426.9594702566883
20500	-3441.4480646144516
21000	-3433.0201845354222
21500	-3442.699313376422
22000	-3441.48139235481
22500	-3435.8112908878315
23000	-3432.2183778130916
23500	-3430.092384879899
24000	-3432.22847503933
24500	-3432.1624850081735
25000	-3428.1190561870176
25500	-3432.5359884699255
26000	-3430.5391740076507
26500	-3424.9147181520416
27000	-3431.348462333802
27500	-3424.713747425935
28000	-3427.710098786377
28500	-3429.775897542731
29000	-3426.140641111498
29500	-3432.386274105041
30000	-3424.588255065345
30500	-3425.493261005279
31000	-3425.735657323283
31500	-3429.997757386058
32000	-3424.9868263435255
32500	-3425.1508737006275
33000	-3431.9371436801503
33500	-3424.2420866377824
34000	-3417.5350459331084
34500	-3435.1945049084356
35000	-3433.4587818940877
35500	-3422.8247710112155
36000	-3428.6680768678398
36500	-3434.149877845395
37000	-3425.815393283901
37500	-3430.794337672574
38000	-3432.3414018054073
38500	-3429.8809918991506
39000	-3431.8694880117723
39500	-3424.9438883269636
40000	-3424.2636242976023
40500	-3432.147916271331
41000	-3434.1469266170607
41500	-3436.2958824742677
42000	-3441.5541128312384
42500	-3432.434273609859
43000	-3430.674078155587
43500	-3432.050301666449
44000	-3433.404889532941
44500	-3432.981400481314
45000	-3433.8370285151177
45500	-3424.574296796834
46000	-3434.6316757582704
46500	-3432.763957202807
47000	-3428.890504116608
47500	-3418.145007446113
48000	-3421.0375725925433
48500	-3428.159463307395
49000	-3430.7010208389993
49500	-3427.226673635339
50000	-3422.0602354730227
50500	-3422.493564090083
51000	-3425.6512098549824
51500	-3419.3399703289742
52000	-3429.5238852832886
52500	-3416.6923100960435
53000	-3424.3898916124003
53500	-3430.593547327673
54000	-3433.4737949674177
54500	-3426.856405383459
55000	-3422.8264692080334
55500	-3427.4465808640225
56000	-3427.302392102186
56500	-3432.1799951767875
57000	-3421.172245767138
57500	-3420.868117257903
58000	-3430.62341475262
58500	-3424.7555940938482
59000	-3432.725195073833
59500	-3424.859040968022
60000	-3427.9953395471575
60500	-3435.834265714807
61000	-3435.841683841914
61500	-3431.5425184339138
62000	-3436.3429047649574
62500	-3439.590198028697
63000	-3437.5170369940297
63500	-3427.061402816603
64000	-3432.012596037389
64500	-3421.3803138982557
65000	-3425.9836030130114
65500	-3426.3026101700407
66000	-3434.023805487827
66500	-3436.6275389887414
67000	-3434.73473982408
67500	-3437.4049513203213
68000	-3428.9645745241432
68500	-3435.7270955995564
69000	-3432.6487101514335
69500	-3427.781302013697
70000	-3429.828064639935
70500	-3425.0245489712506
71000	-3432.782745111361
71500	-3437.41139610485
72000	-3440.2177233655834
72500	-3433.8550087636168
73000	-3438.1975314539277
73500	-3444.410068405056
74000	-3426.5296605248013
74500	-3431.8176656182527
75000	-3430.5502325825496
75500	-3433.7021880919146
76000	-3433.4880349983164
76500	-3434.219082227436
77000	-3431.5651839769744
77500	-3432.2085140403046
78000	-3426.7562427782987
78500	-3437.4099883375948
79000	-3429.1749393268037
79500	-3430.746786529872
80000	-3428.353474378025
80500	-3429.823290408715
81000	-3427.6162802212502
81500	-3430.121745962565
82000	-3425.351443767214
82500	-3428.9208892156516
83000	-3432.69598164576
83500	-3423.3048842267767
84000	-3424.218828830445
84500	-3422.4680423437785
85000	-3422.710114391784
85500	-3424.969579991169
86000	-3423.8406388427347
86500	-3420.990500890377
87000	-3426.6248782246935
87500	-3426.852414955538
88000	-3437.6143143986674
88500	-3421.596598532787
89000	-3437.0371487595535
89500	-3428.3848341908774
90000	-3428.695449320301
90500	-3423.0041559408937
91000	-3423.3490977470974
91500	-3434.661435835543
92000	-3429.831293771708
92500	-3436.6470156570113
93000	-3431.230962890291
93500	-3426.73096698713
94000	-3423.758106537677
94500	-3428.2523437111395
95000	-3424.4578765302226
95500	-3424.9498077572557
96000	-3425.8716647907886
96500	-3426.9232321106715
97000	-3431.32011027505
97500	-3422.056762920187
98000	-3431.251359546852
98500	-3428.4259009947245
99000	-3430.7073551522853
99500	-3435.841238699125
100000	-3417.051962758658
100500	-3423.8967470191574
101000	-3428.4571672330735
101500	-3424.0843764654655
102000	-3426.322102708712
102500	-3431.0774541302326
103000	-3424.2739728828687
103500	-3435.6221153184815
104000	-3424.2692317209053
104500	-3430.311173830976
105000	-3428.9336217194063
105500	-3423.199155851127
106000	-3425.471266911791
106500	-3423.8228093924504
107000	-3422.7475483678563
107500	-3421.2907404239545
108000	-3427.4186793648587
108500	-3428.3757394373456
109000	-3423.0803942683056
109500	-3441.8401886582305
110000	-3415.708364557014
110500	-3425.202740734823
111000	-3428.7782837254995
111500	-3431.780565585723
112000	-3431.360323879497
112500	-3423.8987941737987
113000	-3425.3416121266855
113500	-3437.899116225497
114000	-3437.971756997463
114500	-3424.5555612953467
115000	-3423.895621357442
115500	-3427.9729120382995
116000	-3423.203571597254
116500	-3436.6024829440685
117000	-3436.343444226012
117500	-3441.3950418668387
118000	-3422.168558579428
118500	-3422.701875274322
119000	-3424.3334413454268
119500	-3427.644436358278
120000	-3417.863486358553
120500	-3423.1911607787424
121000	-3425.560467413373
121500	-3431.469568706329
122000	-3435.0429599414138
122500	-3435.851510361956
123000	-3425.0515186063167
123500	-3425.257216864047
124000	-3420.5120880748104
124500	-3418.5506034073983
125000	-3427.5998650090864
125500	-3430.3483601337975
126000	-3425.7900653932625
126500	-3432.7485243703727
127000	-3423.990281606673
127500	-3432.298740167214
128000	-3420.19959349725
128500	-3425.7932932125627
129000	-3429.9478502112293
129500	-3423.7295756988347
130000	-3425.210115531485
130500	-3425.8929424354747
131000	-3421.3958850816466
131500	-3426.2596423067253
132000	-3427.9578739246394
132500	-3425.482787091924
133000	-3428.954788748066
133500	-3427.6715269868487
134000	-3433.005041947817
134500	-3430.1339624825882
135000	-3431.7704041787
135500	-3426.469480855777
136000	-3424.732437161487
136500	-3424.3209316375587
137000	-3430.8537617590446
137500	-3419.953165955781
138000	-3434.303122771974
138500	-3422.4647874938087
139000	-3423.6421900845153
139500	-3440.805589382924
140000	-3439.155328034349
140500	-3423.770019141683
141000	-3440.6096008175405
141500	-3424.78205275613
142000	-3434.7559180061708
142500	-3424.217962565726
143000	-3425.2488167134197
143500	-3422.2038646096644
144000	-3422.037997658632
144500	-3427.1186775987358
145000	-3421.39212648642
145500	-3422.3809487818903
146000	-3423.343256124731
146500	-3421.8442149002217
147000	-3436.3336988388005
147500	-3419.1500877280837
148000	-3428.1684060913535
148500	-3436.1947515909255
149000	-3428.7154603809818
149500	-3428.23951556505
150000	-3431.1510035467727
150500	-3428.83178093746
151000	-3431.2431687437684
151500	-3428.616280463596
152000	-3431.8392683859365
152500	-3430.2556055554396
153000	-3425.292081602425
153500	-3432.25827059376
154000	-3426.9478161834363
154500	-3424.3293402111876
155000	-3424.005089104142
155500	-3424.176062586256
156000	-3426.7476191150117
156500	-3431.4719193058195
157000	-3421.854067882064
157500	-3432.5903724351283
158000	-3427.0514041271254
158500	-3423.589678775429
159000	-3432.1326654581408
159500	-3432.3377305533418
160000	-3430.4672492640057
160500	-3432.5564102422672
161000	-3430.0482834376517
161500	-3433.965884212629
162000	-3427.3019908839296
162500	-3432.634534132992
163000	-3425.1423066815773
163500	-3427.668105132248
164000	-3428.7008793398363
164500	-3422.588982444084
165000	-3432.8035781157273
165500	-3425.067109708823
166000	-3430.702199099066
166500	-3426.5390038928554
167000	-3427.499065663256
167500	-3424.3914456325783
168000	-3423.7683829673933
168500	-3420.039074569778
169000	-3429.4380074912847
169500	-3428.458290355209
170000	-3427.51935265717
170500	-3425.928034958001
171000	-3433.8788325850646
171500	-3431.270886313972
172000	-3432.823588320091
172500	-3434.6730390189755
173000	-3418.2983673039175
173500	-3445.723734432485
174000	-3436.4176963914097
174500	-3433.99950105927
175000	-3428.241951150662
175500	-3421.0391751410352
176000	-3423.4515577794186
176500	-3425.242472785596
177000	-3426.56481059857
177500	-3421.2516304224296
178000	-3422.0411645866566
178500	-3426.345033054682
179000	-3425.089141899574
179500	-3428.5362744408126
180000	-3431.6181178142165
180500	-3433.5720511697605
181000	-3425.719343468093
181500	-3427.7846122290616
182000	-3425.9541111968147
182500	-3433.548402725044
183000	-3426.669303274424
183500	-3430.5194150517978
184000	-3432.867872817337
184500	-3433.998010935418
185000	-3430.485667007363
185500	-3432.5249696308224
186000	-3430.55424578651
186500	-3433.6738533512603
187000	-3427.4441662979966
187500	-3440.888119449859
188000	-3434.258552962721
188500	-3433.15349647039
189000	-3432.782262111004
189500	-3433.9348559842124
190000	-3428.7285408371117
190500	-3433.0612812069785
191000	-3433.6671291410835
191500	-3433.3522073090585
192000	-3433.447115254207
192500	-3435.608038662748
193000	-3426.7796358293854
193500	-3432.453013205593
194000	-3432.1081977869294
194500	-3429.231497517034
195000	-3433.8067258749948
195500	-3433.5240534954305
196000	-3429.42018131923
196500	-3429.240554970558
197000	-3430.3446289324124
197500	-3432.3395344278265
198000	-3432.943811745936
198500	-3431.1428400689006
199000	-3434.48767220707
199500	-3433.611371354843
200000	-3429.850757282429
200500	-3436.874987721807
201000	-3424.6800968745993
201500	-3442.496065873168
202000	-3438.584306389968
202500	-3433.102816507525
203000	-3433.0337864705543
203500	-3430.4965424956163
204000	-3427.8948753943755
204500	-3431.638489802934
205000	-3436.0623895643726
205500	-3433.47646695386
206000	-3428.9877848909596
206500	-3427.454311064124
207000	-3431.08133075621
207500	-3423.2717317799707
208000	-3428.4656131546235
208500	-3424.140216924566
209000	-3433.718698626078
209500	-3435.6743962971245
210000	-3424.842138682481
210500	-3424.3588389392903
211000	-3439.9738446816023
211500	-3427.753380286233
212000	-3439.0293391691116
212500	-3422.6110659397186
213000	-3430.906416655392
213500	-3425.969008280275
214000	-3431.013724536153
214500	-3427.016190216676
215000	-3430.107617822447
215500	-3431.7959639800924
216000	-3429.210612982933
216500	-3428.053149548598
217000	-3427.5408356815283
217500	-3426.370185991411
218000	-3419.5243126782075
218500	-3420.4483060186017
219000	-3430.936512115786
219500	-3431.4319509205393
220000	-3424.7610426602764
220500	-3437.1251622997333
221000	-3430.3731684262702
221500	-3427.6793721751897
222000	-3427.013194528005
222500	-3433.2080525491856
223000	-3424.9986433361446
223500	-3431.80543775674
224000	-3429.8540735589645
224500	-3423.351691326635
225000	-3424.7180056575294
225500	-3422.9483823186733
226000	-3430.903982392821
226500	-3426.1896970380476
227000	-3419.4528589197366
227500	-3429.070605482576
228000	-3428.9377081780985
228500	-3422.322288258118
229000	-3424.302937522651
229500	-3424.172029417079
230000	-3422.6163117382666
230500	-3433.5460165003988
231000	-3427.1572069882777
231500	-3425.284835629893
232000	-3427.05134893525
232500	-3428.6165491115075
233000	-3433.6373655982165
233500	-3426.027159874121
234000	-3433.206620952012
234500	-3433.519718174227
235000	-3428.169277928853
235500	-3435.794927227964
236000	-3427.227052294484
236500	-3434.6294571818717
237000	-3434.117803769761
237500	-3438.029984121712
238000	-3442.6835732426307
238500	-3435.4057174423865
239000	-3440.432076613333
239500	-3429.060408549945
240000	-3425.55787403532
240500	-3429.9988861035176
241000	-3442.0459767035873
241500	-3426.8333716736984
242000	-3444.7138439142363
242500	-3440.18625145952
243000	-3437.2840088350536
243500	-3439.8549558090344
244000	-3432.2103372592987
244500	-3439.6670511056004
245000	-3434.413204571351
245500	-3433.737364551634
246000	-3428.944320884441
246500	-3428.869383509999
247000	-3420.1220424445287
247500	-3437.179775251902
248000	-3424.084873844578
248500	-3424.7969663832228
249000	-3422.0976046964756
249500	-3429.3055449594194
250000	-3434.4880135133812
250500	-3417.8590416218094
251000	-3421.8770087375015
251500	-3426.33161675335
252000	-3419.6119208325363
252500	-3424.488841484011
253000	-3430.3644344862996
253500	-3434.4173113086945
254000	-3432.215391989587
254500	-3424.20805541092
255000	-3433.712964547794
255500	-3433.7220046781886
256000	-3427.2448256556363
256500	-3426.795027852687
257000	-3432.040392889374
257500	-3438.496444753709
258000	-3438.1874103234686
258500	-3428.8486362343783
259000	-3431.739749980794
259500	-3428.7524291043246
260000	-3431.166464759632
260500	-3429.681709596263
261000	-3423.4748933179153
261500	-3429.9724740611323
262000	-3432.1956644082616
262500	-3429.3425635437616
263000	-3426.2342966790948
263500	-3423.4810848054
264000	-3432.8155078950485
264500	-3420.2782431562405
265000	-3431.5623809367567
265500	-3425.7038348728884
266000	-3434.1973551381907
266500	-3430.535293161419
267000	-3423.0300819480003
267500	-3427.019557645775
268000	-3425.7389840137507
268500	-3427.1747637600233
269000	-3437.299924107197
269500	-3431.5636147149908
270000	-3429.5686956647987
270500	-3424.564966146667
271000	-3423.429567864159
271500	-3430.7301310313187
272000	-3425.400221046461
272500	-3423.021894295864
273000	-3432.484653478043
273500	-3444.959983949965
274000	-3441.9517149870817
274500	-3447.552048894532
275000	-3442.2943554500853
275500	-3439.7674532540755
276000	-3437.0096729514357
276500	-3429.3970806804973
277000	-3424.321671482028
277500	-3432.3648457882487
278000	-3427.807877080917
278500	-3427.6642422079967
279000	-3428.8489537350047
279500	-3438.4390040837134
280000	-3433.485333981317
280500	-3440.344448265567
281000	-3434.9801492568567
281500	-3440.1864398653524
282000	-3439.1420144298545
282500	-3439.167840202677
283000	-3454.5417657278103
283500	-3446.6350416628848
284000	-3430.8111285918694
284500	-3434.7950701413083
285000	-3439.5734699183454
285500	-3442.0613101503504
286000	-3436.7823255818053
286500	-3445.7255753561567
287000	-3441.077204581554
287500	-3438.8968525804544
288000	-3446.8973960476496
288500	-3439.2762033369486
289000	-3431.089471103318
289500	-3432.5886821270724
290000	-3438.4365223737896
290500	-3430.2233122324683
291000	-3438.619176652058
291500	-3437.8811368317847
292000	-3446.450411494744
292500	-3429.2368719256415
293000	-3441.765582488371
293500	-3437.6690737377417
294000	-3437.7713309736273
294500	-3440.32772336379
295000	-3431.674759625658
295500	-3431.6262584363067
296000	-3425.6480678384896
296500	-3428.2269323779574
297000	-3430.8257855659385
297500	-3426.9449730472456
298000	-3443.8645676864353
298500	-3426.0540225819204
299000	-3438.7881708272294
299500	-3426.2683335521706
300000	-3426.407584628515
300500	-3426.970394237954
301000	-3439.427455612382
301500	-3439.915703072105
302000	-3433.495976099235
302500	-3439.769881580081
303000	-3434.2744144939566
303500	-3432.521687723656
304000	-3431.557139244331
304500	-3444.4497539045956
305000	-3429.307003976571
305500	-3431.607544393214
306000	-3438.03089503785
306500	-3431.4402085619154
307000	-3432.1114532544943
307500	-3443.3253134238303
308000	-3433.7883149993113
308500	-3429.1615303128883
309000	-3426.5019233285566
309500	-3438.7385721727105
310000	-3431.3550264913024
310500	-3427.4735287391422
311000	-3434.703345416382
311500	-3429.8983752000854
312000	-3425.222406621326
312500	-3427.7408587133154
313000	-3431.229294741738
313500	-3439.0664687824165
314000	-3433.9010158459278
314500	-3436.895256390601
315000	-3424.2264085144734
315500	-3426.6493412824625
316000	-3426.407748808173
316500	-3426.754656919439
317000	-3427.2227892519472
317500	-3430.683351204019
318000	-3436.6476859814047
318500	-3428.6080164993955
319000	-3429.4769773296557
319500	-3430.0406481255345
320000	-3429.369706975928
320500	-3423.647010891751
321000	-3423.4519710893974
321500	-3420.616213703539
322000	-3428.3808566250864
322500	-3431.8711895970982
323000	-3431.555964298203
323500	-3428.0585900680844
324000	-3422.2561694569285
324500	-3421.683264952894
325000	-3421.5709903411407
325500	-3426.8800573843832
326000	-3426.803099878666
326500	-3427.869113119837
327000	-3420.8705374617134
327500	-3422.099711103912
328000	-3433.5971106893644
328500	-3428.5885796475886
329000	-3431.977150592607
329500	-3430.2208813821812
330000	-3429.0622710626335
330500	-3427.609482412808
331000	-3431.1964116443323
331500	-3430.543332031668
332000	-3443.4430812028695
332500	-3425.817086363912
333000	-3431.9189172103656
333500	-3426.993858439699
334000	-3430.646578312739
334500	-3434.486751382618
335000	-3422.9174801676027
335500	-3427.4299530328176
336000	-3433.126117414193
336500	-3425.528713756189
337000	-3426.893306286921
337500	-3418.376041713158
338000	-3435.1230056596405
338500	-3429.3260701189947
339000	-3431.467701559421
339500	-3442.235042734726
340000	-3426.583757619593
340500	-3426.1334569783535
341000	-3426.711103910473
341500	-3428.004141156759
342000	-3433.7263469019185
342500	-3435.4642904587645
343000	-3440.090341176425
343500	-3428.1282496168424
344000	-3428.1203851954247
344500	-3434.4365413453056
345000	-3428.6393565848134
345500	-3424.0524677491035
346000	-3428.481272919916
346500	-3429.483380162787
347000	-3428.772995827663
347500	-3422.7248326463446
348000	-3426.991874042113
348500	-3429.075564958746
349000	-3437.9989477778918
349500	-3435.3391241510963
350000	-3422.6634862730048
350500	-3419.514213608184
351000	-3427.3332291157476
351500	-3426.865572069009
352000	-3436.2280596898668
352500	-3424.972612184194
353000	-3415.8496764476595
353500	-3435.2365443565145
354000	-3426.483236603361
354500	-3429.213739795772
355000	-3436.0993941958204
355500	-3423.9823281789563
356000	-3430.7004668181717
356500	-3426.9705168299406
357000	-3432.3862946605113
357500	-3421.5738283256364
358000	-3426.582336545478
358500	-3428.0712840252554
359000	-3436.2540336634556
359500	-3435.669300765883
360000	-3429.820820155596
360500	-3430.331763285611
361000	-3427.0532400897696
361500	-3445.5953028230715
362000	-3433.429930787056
362500	-3433.7080277846067
363000	-3433.264031456087
363500	-3430.1238259151755
364000	-3424.231403281592
364500	-3443.6084185613577
365000	-3442.9848362446937
365500	-3435.793003136435
366000	-3438.222573391462
366500	-3436.1859343967753
367000	-3433.8928526075356
367500	-3432.503684886416
368000	-3434.04527102311
368500	-3432.818332741515
369000	-3443.403427311961
369500	-3438.791433251965
370000	-3431.635774276982
370500	-3433.1372641253256
371000	-3434.4532415412173
371500	-3438.7409097537648
372000	-3435.4491080026573
372500	-3436.5534432792347
373000	-3431.0700529608284
373500	-3430.002165807038
374000	-3426.4403979345493
374500	-3427.2208475821362
375000	-3425.349063193852
375500	-3423.90952204454
376000	-3440.719921110925
376500	-3437.068876229105
377000	-3431.2439572665744
377500	-3432.1139079804934
378000	-3429.444095468578
378500	-3429.268677779167
379000	-3427.137213010539
379500	-3426.040526604385
380000	-3431.2876967070456
380500	-3421.579599334347
381000	-3424.889793515137
381500	-3432.9162242804805
382000	-3430.846981341271
382500	-3428.8714630366403
383000	-3431.2917047768556
383500	-3431.1382850971404
384000	-3431.984771699887
384500	-3424.6927423241846
385000	-3422.6726665517544
385500	-3429.515707277837
386000	-3430.0515611643664
386500	-3428.7772581036425
387000	-3431.2678567556627
387500	-3437.9038517023087
388000	-3422.7773868335707
388500	-3428.8762820271854
389000	-3420.729941231362
389500	-3427.739504556534
390000	-3426.320920303582
390500	-3428.5911414933394
391000	-3420.5217662631035
391500	-3435.2836652669002
392000	-3426.4825524310736
392500	-3426.1904009241503
393000	-3425.772405627132
393500	-3443.046034887563
394000	-3425.746846966613
394500	-3432.043080873894
395000	-3432.8227203214383
395500	-3435.761177470034
396000	-3434.7663387578914
396500	-3438.9940509337434
397000	-3432.157394070921
397500	-3427.031546781168
398000	-3433.5521507867475
398500	-3424.7183883339917
399000	-3432.8542539022683
399500	-3424.4998782646294
400000	-3425.210926544062
400500	-3432.8764968934083
401000	-3437.345059519254
401500	-3431.935510790302
402000	-3442.1336645537194
402500	-3434.78450330849
403000	-3422.6878125149688
403500	-3434.0084974034394
404000	-3438.269826352938
404500	-3442.4053032669585
405000	-3431.0384952633494
405500	-3433.215491867502
406000	-3427.393421452465
406500	-3428.294199386729
407000	-3429.3131668508886
407500	-3426.7199620789506
408000	-3425.44291672286
408500	-3425.34919948987
409000	-3422.2452080990483
409500	-3419.6431716157704
410000	-3430.6443787514368
410500	-3438.7943206673344
411000	-3426.8609115630443
411500	-3426.070279070739
412000	-3423.502731452072
412500	-3432.237099576597
413000	-3428.162551621914
413500	-3431.9372553610165
414000	-3433.5039345808336
414500	-3432.4175484339307
415000	-3425.5877514325234
415500	-3429.901632448461
416000	-3425.6823799720146
416500	-3435.1526331586574
417000	-3428.9965144604507
417500	-3427.424962179355
418000	-3422.07905216251
418500	-3428.0005866958777
419000	-3431.8551311820606
419500	-3423.3473558741657
420000	-3424.981245763267
420500	-3424.581147481606
421000	-3419.7109272224716
421500	-3418.255853404475
422000	-3430.9529511134215
422500	-3420.0983093213495
423000	-3427.366350667574
423500	-3431.0532605367516
424000	-3422.0343472687514
424500	-3419.8700163385174
425000	-3425.523287533825
425500	-3427.664581774715
426000	-3424.137070856822
426500	-3434.61453756974
427000	-3432.724827441932
427500	-3431.2274847187255
428000	-3428.253172518862
428500	-3426.854773533965
429000	-3429.5650280932045
429500	-3424.6005825434963
430000	-3426.9586455619396
430500	-3422.353244239544
431000	-3423.120293157871
431500	-3421.787334905078
432000	-3429.6736898118384
432500	-3431.9863533063817
433000	-3429.9384410022553
433500	-3431.1594436046257
434000	-3432.0638176287903
434500	-3428.945260256154
435000	-3435.203471700402
435500	-3430.8505368840533
436000	-3431.5552957933496
436500	-3432.3742704609176
437000	-3437.7200123191496
437500	-3433.643901980158
438000	-3435.770395638736
438500	-3420.750390750815
439000	-3431.1534515640697
439500	-3432.972465763938
440000	-3432.176852248918
440500	-3432.9495704786486
441000	-3434.258018103321
441500	-3430.320229075925
442000	-3434.0306070017996
442500	-3422.3758118520013
443000	-3424.106937046404
443500	-3436.895444535821
444000	-3420.919543559656
444500	-3421.5727723431837
445000	-3418.4922089302754
445500	-3415.9937151211793
446000	-3418.854682161903
446500	-3439.0564427750883
447000	-3438.3545103794036
447500	-3428.110495616851
448000	-3427.473648106214
448500	-3424.575813501079
449000	-3423.1533869698123
449500	-3426.774462870745
450000	-3421.742319643122
450500	-3433.5316471611627
451000	-3427.675961649135
451500	-3429.7651207778795
452000	-3428.2126606832917
452500	-3419.4647338122973
453000	-3425.809224335852
453500	-3436.17584077985
454000	-3445.662860009819
454500	-3437.5361121267238
455000	-3448.6811627937036
455500	-3425.9184185300765
456000	-3439.8246313148916
456500	-3441.51569656227
457000	-3432.6988361622366
457500	-3429.6783946315495
458000	-3433.1719212305134
458500	-3439.2488692061597
459000	-3431.746620055192
459500	-3426.6489846401164
460000	-3442.449561699405
460500	-3426.8014785577725
461000	-3426.9034383777075
461500	-3428.0964045198375
462000	-3434.2461364595333
462500	-3432.7933804786644
463000	-3434.580810574714
463500	-3423.204226145969
464000	-3435.339459717962
464500	-3436.342549811756
465000	-3439.478654187686
465500	-3427.7983396569502
466000	-3442.2349639377794
466500	-3436.7401584977943
467000	-3430.7402692602045
467500	-3425.360006504058
468000	-3432.4182115943313
468500	-3432.242150712877
469000	-3434.0536445069797
469500	-3420.7676807929392
470000	-3427.5132554252186
470500	-3429.6608815705163
471000	-3420.068275914649
471500	-3426.847966272933
472000	-3424.4421440038477
472500	-3428.06178789695
473000	-3427.61774203482
473500	-3437.376962047208
474000	-3439.26212441521
474500	-3433.509502899117
475000	-3431.18330247692
475500	-3437.279413947272
476000	-3431.9261135122615
476500	-3443.670799044869
477000	-3431.517145389666
477500	-3427.5638452491685
478000	-3427.9469367126967
478500	-3439.5622620137906
479000	-3430.3856723794515
479500	-3425.439340111102
480000	-3431.675162963559
480500	-3437.7846370523966
481000	-3431.9734736521377
481500	-3436.3939236842575
482000	-3425.895791721993
482500	-3428.6646625707776
483000	-3423.9013384419286
483500	-3432.402235984322
484000	-3436.877669091178
484500	-3425.5041420801417
485000	-3423.1210011041126
485500	-3421.369202895555
486000	-3423.7660138023075
486500	-3416.2488545352458
487000	-3431.85191871292
487500	-3422.9038069089606
488000	-3430.685611751436
488500	-3420.047010039068
489000	-3422.883273653486
489500	-3423.5891667634974
490000	-3426.469081276775
490500	-3434.906799548043
491000	-3424.496856806837
491500	-3427.4932760836587
492000	-3435.9502999240885
492500	-3429.897457236804
493000	-3427.2658272364024
493500	-3433.272965432333
494000	-3423.174876626557
494500	-3426.2815252955725
495000	-3420.450977835952
495500	-3425.6928145759275
496000	-3430.600518168312
496500	-3433.9203597281944
497000	-3428.6925354179903
497500	-3423.770976686032
498000	-3431.9138569653855
498500	-3425.862898994322
499000	-3417.7962612824663
499500	-3426.0928202816367
500000	-3430.9333244988275
500500	-3439.7533072882356
501000	-3437.1340780866913
501500	-3445.1362909245954
502000	-3436.4117849303198
502500	-3428.83965058536
503000	-3431.703206488804
503500	-3436.098647357139
504000	-3436.1001563305585
504500	-3434.290371193708
505000	-3442.943516863758
505500	-3435.2454088463533
506000	-3432.0798744290146
506500	-3433.5972371879902
507000	-3432.7780165076124
507500	-3440.8575837919093
508000	-3429.7359058192005
508500	-3433.9407458241917
509000	-3425.8288519110606
509500	-3425.546609606504
510000	-3427.205951450894
510500	-3429.59444234169
511000	-3433.7419813311703
511500	-3432.8555667100454
512000	-3430.0291139746196
512500	-3434.994797962755
513000	-3434.933991744708
513500	-3433.4562854953638
514000	-3430.6113531995165
514500	-3435.5362960455677
515000	-3426.3693901345337
515500	-3434.804308846083
516000	-3442.644510635299
516500	-3439.129922728934
517000	-3425.583180140569
517500	-3433.1217135667644
518000	-3437.850879079642
518500	-3436.7346611161865
519000	-3436.3141153269157
519500	-3430.2229724937915
520000	-3432.377849456012
520500	-3427.996680429423
521000	-3432.777056698236
521500	-3429.4791289041837
522000	-3434.105035584611
522500	-3435.485684085742
523000	-3432.1020389571895
523500	-3428.4909199847425
524000	-3431.6063788354722
524500	-3434.141043837316
525000	-3441.1549270421656
525500	-3427.893535444817
526000	-3438.9853754921196
526500	-3428.779490229147
527000	-3425.488751306848
527500	-3430.8253934448076
528000	-3431.030731801773
528500	-3427.1867443104984
529000	-3432.3403102459233
529500	-3426.824769907131
530000	-3432.1282148198675
530500	-3425.00946535866
531000	-3431.9712032223256
531500	-3427.644785203711
532000	-3434.5662576151517
532500	-3434.945721590259
533000	-3425.6521553548423
533500	-3426.6600632658783
534000	-3427.7245458852462
534500	-3430.0471398114687
535000	-3434.884651396919
535500	-3445.4712567182146
536000	-3434.75879971592
536500	-3443.219230602438
537000	-3438.8058620664096
537500	-3432.604528729652
538000	-3431.378792502401
538500	-3431.13512719309
539000	-3430.3606670229033
539500	-3445.5263963808397
540000	-3439.168448916057
540500	-3441.971697251313
541000	-3424.0022700453355
541500	-3435.9868277418163
542000	-3427.140433825806
542500	-3422.641371428419
543000	-3428.0788433969574
543500	-3422.2617544833083
544000	-3426.7752941246713
544500	-3423.1746009397416
545000	-3422.590965284898
545500	-3420.644381118062
546000	-3429.54662326377
546500	-3433.0298439965345
547000	-3429.323084503328
547500	-3422.634876893508
548000	-3427.3347272700366
548500	-3430.7710584360275
549000	-3427.9417341714825
549500	-3427.7952250465055
550000	-3429.7140861998055
550500	-3429.9052172364777
551000	-3432.143232521687
551500	-3437.509266629115
552000	-3438.422219202427
552500	-3435.081482485597
553000	-3439.035079984528
553500	-3427.154193594299
554000	-3451.475394925822
554500	-3430.426270856137
555000	-3429.861271303318
555500	-3432.242905956012
556000	-3435.22190205656
556500	-3427.5554302343958
557000	-3427.3513694189446
557500	-3422.940367072499
558000	-3431.7120446384347
558500	-3433.1448974818727
559000	-3438.1418114338976
559500	-3431.5604292044213
560000	-3427.549696457927
560500	-3429.763624137146
561000	-3434.3584738850795
561500	-3438.4973730891484
562000	-3430.9237731031258
562500	-3430.116986744094
563000	-3430.669659496744
563500	-3429.9629352657475
564000	-3427.6140852858493
564500	-3440.5272578400295
565000	-3433.595410651395
565500	-3433.4085077071245
566000	-3426.173363694392
566500	-3435.4708185220384
567000	-3423.5105120068674
567500	-3432.4312067772953
568000	-3430.606619582517
568500	-3424.3508670377105
569000	-3418.6308395818332
569500	-3425.868374613276
570000	-3431.563331384096
570500	-3424.804048931733
571000	-3426.616926187524
571500	-3430.3863009451065
572000	-3428.7627482999123
572500	-3424.1646373991553
573000	-3427.9350908957285
573500	-3428.8839616637506
574000	-3423.741758981218
574500	-3425.1856879937336
575000	-3446.617386180166
575500	-3426.9969929134386
576000	-3433.8525225410654
576500	-3428.973612917057
577000	-3427.6228348729833
577500	-3434.237571476284
578000	-3436.5846665541767
578500	-3431.3590320662474
579000	-3428.7789110204812
579500	-3433.2126367384503
580000	-3430.9324561001877
580500	-3425.0097602986193
581000	-3427.2210181219884
581500	-3432.6799944107265
582000	-3432.3208881636356
582500	-3438.116952749276
583000	-3431.4623767079815
583500	-3431.0084481366357
584000	-3437.403604793549
584500	-3432.186153959975
585000	-3434.561659253821
585500	-3425.391083252732
586000	-3429.2096160327715
586500	-3428.9703947144
587000	-3428.7733130153574
587500	-3443.86510463635
588000	-3435.4766290207117
588500	-3419.7154022699174
589000	-3419.4220368055758
589500	-3425.5227518671804
590000	-3423.7712883255467
590500	-3426.7128639635243
591000	-3425.2100395973434
591500	-3434.607222670322
592000	-3428.7801565884
592500	-3430.044023151866
593000	-3424.515720798539
593500	-3423.1125380235853
594000	-3428.776709338864
594500	-3424.3148375017117
595000	-3434.925414415144
595500	-3433.808264711592
596000	-3431.6177591405585
596500	-3427.207613455677
597000	-3430.7732089092115
597500	-3435.3071721558304
598000	-3434.807187319851
598500	-3438.224907394676
599000	-3434.982218195916
599500	-3437.4511186288696
600000	-3429.345349520332
600500	-3440.008877052154
601000	-3434.097553066956
601500	-3423.7199167219064
602000	-3430.293633700546
602500	-3438.810299367859
603000	-3430.0037490973223
603500	-3435.3052912188145
604000	-3429.3405112042688
604500	-3429.0338795252046
605000	-3437.5079167352087
605500	-3439.5310634157913
606000	-3426.7538771330337
606500	-3432.739001933449
607000	-3430.1685338528205
607500	-3436.1422857769035
608000	-3431.733634243861
608500	-3435.9318250980637
609000	-3434.600742238644
609500	-3429.5574739525
610000	-3431.428553658803
610500	-3428.8606969924303
611000	-3431.918107310715
611500	-3435.5860667237635
612000	-3436.755808041418
612500	-3430.6773164670194
613000	-3434.4055379690703
613500	-3436.237253786248
614000	-3430.080685084429
614500	-3444.9571203484925
615000	-3428.7331762688864
615500	-3435.9042532682884
616000	-3433.6394557454923
616500	-3426.9743328450736
617000	-3440.072321987283
617500	-3433.165619261597
618000	-3426.707619297679
618500	-3428.7000783373483
619000	-3423.9617297773852
619500	-3426.5337192016273
620000	-3426.9285700116957
620500	-3437.4986251849546
621000	-3425.535699732493
621500	-3429.6675151422164
622000	-3423.8314289099585
622500	-3429.336923814637
623000	-3428.5260386734158
623500	-3435.034343289895
624000	-3434.9937688529876
624500	-3440.3950470295194
625000	-3434.5033688034864
625500	-3429.2071196814686
626000	-3431.480276560849
626500	-3430.27444483637
627000	-3431.8037274044823
627500	-3429.9848888504325
628000	-3432.9288922318974
628500	-3426.1202149836276
629000	-3422.7149453038237
629500	-3423.038538365158
630000	-3423.498812935946
630500	-3436.366547301335
631000	-3421.631078212808
631500	-3424.1991269860596
632000	-3431.2042178789115
632500	-3424.0427542584152
633000	-3427.770602947777
633500	-3421.231759297509
634000	-3423.246910784518
634500	-3434.8038825611297
635000	-3425.4859705039967
635500	-3444.667896729882
636000	-3422.9571698226127
636500	-3427.431132772463
637000	-3432.0781361878953
637500	-3430.209612930504
638000	-3425.727143282298
638500	-3428.8059668537685
639000	-3435.938262723148
639500	-3435.0189516948517
640000	-3423.3564378995147
640500	-3427.9900336163028
641000	-3422.086068115123
641500	-3430.3009826165003
642000	-3426.274176876229
642500	-3424.5634107781784
643000	-3429.7776483851258
643500	-3428.989590822577
644000	-3420.754104432523
644500	-3429.9373547684513
645000	-3438.8814138309767
645500	-3438.8218962547194
646000	-3437.876865191877
646500	-3426.2065477593997
647000	-3435.0596780491273
647500	-3440.886971891808
648000	-3426.8786994750894
648500	-3425.0386891581647
649000	-3426.9555510315363
649500	-3436.6524201814373
650000	-3434.120541457869
650500	-3424.750406713135
651000	-3434.08650095926
651500	-3422.4742333364084
652000	-3432.259357103941
652500	-3437.5742398310526
653000	-3423.6215363497267
653500	-3433.7197003037054
654000	-3428.119223492013
654500	-3432.4741153430273
655000	-3432.9148988330317
655500	-3427.132437150101
656000	-3433.3641320474003
656500	-3422.4075026342066
657000	-3441.0189637370418
657500	-3427.4955998492587
658000	-3433.368185607888
658500	-3429.4732894634376
659000	-3427.228035728455
659500	-3426.1717408811237
660000	-3423.002972684016
660500	-3433.386180774377
661000	-3424.5077398986177
661500	-3447.7162880540977
662000	-3437.319115896083
662500	-3439.0509846924115
663000	-3431.683779773805
663500	-3441.8418873107667
664000	-3434.371517389728
664500	-3432.5885228840443
665000	-3427.403167645878
665500	-3429.1088050456647
666000	-3428.2797577275214
666500	-3429.0595518853956
667000	-3436.568087045543
667500	-3430.0524161348103
668000	-3428.15474596418
668500	-3434.889996144735
669000	-3425.8361033864094
669500	-3435.330595019707
670000	-3427.357815697808
670500	-3431.2301270898147
671000	-3424.689304972058
671500	-3426.821477427049
672000	-3430.9937576899474
672500	-3431.7520021162177
673000	-3429.3117798618246
673500	-3433.611132970973
674000	-3420.3879456134705
674500	-3425.7511254098695
675000	-3423.77099529091
675500	-3438.307576145948
676000	-3433.2120469203983
676500	-3432.348815664747
677000	-3418.8442769428507
677500	-3427.142265976314
678000	-3428.310276601662
678500	-3437.846597454134
679000	-3425.4146109033995
679500	-3425.8046104866958
680000	-3431.8405419206138
680500	-3427.7022620402045
681000	-3439.016569965325
681500	-3421.1302256675717
682000	-3425.849523217554
682500	-3428.9833182789694
683000	-3423.407385465893
683500	-3444.7154715327883
684000	-3423.5681837458037
684500	-3425.157135947134
685000	-3422.2494275571917
685500	-3427.1814963308034
686000	-3436.435781258903
686500	-3426.839935834486
687000	-3430.9211813563797
687500	-3430.571164427997
688000	-3431.844363470629
688500	-3428.6886157853273
689000	-3433.287702127133
689500	-3435.231631468094
690000	-3426.945902512539
690500	-3427.19998025819
691000	-3424.6990838634642
691500	-3434.855037903444
692000	-3423.2473528545925
692500	-3422.8746398942744
693000	-3424.876302476335
693500	-3432.139121040306
694000	-3426.557520026799
694500	-3430.3264875904806
695000	-3430.155159696922
695500	-3425.5017609082765
696000	-3425.2073330661574
696500	-3428.293655315413
697000	-3429.8608968628555
697500	-3432.4446637304286
698000	-3425.501156783802
698500	-3431.2721304458423
699000	-3434.3917475601165
699500	-3436.5896518404297
700000	-3429.7045798818813
700500	-3431.931424165076
701000	-3432.5349439560996
701500	-3425.7588888005953
702000	-3434.7257522505115
702500	-3424.7274164907444
703000	-3428.3526507465613
703500	-3427.588119061957
704000	-3436.378338514193
704500	-3420.361886105878
705000	-3424.278901834538
705500	-3429.812449792544
706000	-3437.500658787181
706500	-3435.2344960488495
707000	-3421.594323159288
707500	-3431.025271575163
708000	-3438.43141275481
708500	-3427.9884447615186
709000	-3428.4859375978704
709500	-3423.754315021016
710000	-3429.2433135989604
710500	-3429.7698365515566
711000	-3430.2966242652865
711500	-3426.1322387467744
712000	-3420.7958017148794
712500	-3432.9274166240793
713000	-3432.6618907003267
713500	-3424.5270351794666
714000	-3434.254126046435
714500	-3425.2191958420667
715000	-3422.885051216296
715500	-3424.3060409281843
716000	-3429.855049587069
716500	-3420.379359741303
717000	-3437.9870728218325
717500	-3429.812533429469
718000	-3429.1879697596355
718500	-3427.3112949026263
719000	-3423.3261425507785
719500	-3423.8976908484997
720000	-3423.2385592247497
720500	-3422.2842138301435
721000	-3426.927806235105
721500	-3427.1274160638304
722000	-3428.401110939297
722500	-3433.416717426677
723000	-3430.188427785758
723500	-3420.395311260073
724000	-3424.324047235235
724500	-3423.0222450229408
725000	-3428.9035712812533
725500	-3424.9878412556154
726000	-3425.8459091120594
726500	-3426.7334579542344
727000	-3425.633317294018
727500	-3421.884263206926
728000	-3423.9567964673624
728500	-3429.0950204858764
729000	-3425.175125074383
729500	-3423.803445711178
730000	-3424.229972417795
730500	-3425.974830534027
731000	-3422.398170338259
731500	-3445.833513251473
732000	-3441.1993024692233
732500	-3435.7662552965367
733000	-3421.6144542495567
733500	-3430.313258316003
734000	-3426.483057046142
734500	-3427.050893524764
735000	-3426.3040808180067
735500	-3443.3006394329386
736000	-3436.7270070605705
736500	-3431.3658958889755
737000	-3424.073832284209
737500	-3428.7144600898673
738000	-3433.47541885356
738500	-3423.8395527313824
739000	-3432.38254826648
739500	-3432.681374160632
740000	-3427.1699407597243
740500	-3432.518065767021
741000	-3433.6593209643747
741500	-3422.8927095831946
742000	-3431.68043535236
742500	-3427.3019608063455
743000	-3432.0054566099143
743500	-3438.8211386790854
744000	-3426.4709982432996
744500	-3429.676437659053
745000	-3430.257839126387
745500	-3431.764114208148
746000	-3416.9059395240133
746500	-3421.716482970037
747000	-3423.376250287978
747500	-3426.5713266852895
748000	-3425.3267036492193
748500	-3422.603208531891
749000	-3422.513482499585
749500	-3419.945336364497
750000	-3429.452475340382
750500	-3426.0859025501622
751000	-3427.769825455967
751500	-3431.2462843530257
752000	-3418.6496964452876
752500	-3430.32587843902
753000	-3427.9464685399444
753500	-3422.3805812693786
754000	-3424.0845325192895
754500	-3425.2397101966358
755000	-3419.494929125673
755500	-3427.157315050549
756000	-3421.4726530234625
756500	-3432.485033039194
757000	-3423.590408436769
757500	-3425.401090155543
758000	-3423.7862662413895
758500	-3428.7893961632985
759000	-3426.794014076147
759500	-3426.2780714615483
760000	-3428.612721410814
760500	-3427.9455926574897
761000	-3436.740569740645
761500	-3421.604015653771
762000	-3420.422043533447
762500	-3423.615995655632
763000	-3433.074261896475
763500	-3434.411865460694
764000	-3426.542075882804
764500	-3431.5118071046854
765000	-3420.9098790420635
765500	-3433.2969657402155
766000	-3431.4194649903275
766500	-3423.152997409446
767000	-3431.9506357469336
767500	-3426.669310564005
768000	-3424.6635329202113
768500	-3433.19017648493
769000	-3434.3973209517426
769500	-3429.240047926641
770000	-3434.8382078391714
770500	-3428.0642673196276
771000	-3435.9250604122817
771500	-3439.428111754638
772000	-3425.759421521969
772500	-3425.0656140681085
773000	-3422.2816065143147
773500	-3432.3125300892934
774000	-3445.7953229621894
774500	-3430.9208770456494
775000	-3439.770754758584
775500	-3441.1057971013474
776000	-3438.8633538517997
776500	-3434.2077567990405
777000	-3448.6051441300147
777500	-3443.742010499696
778000	-3427.226575763333
778500	-3434.9084942198338
779000	-3434.033600547353
779500	-3428.1873714612143
780000	-3435.158653323262
780500	-3428.619986149474
781000	-3428.5049988380606
781500	-3424.2351037896724
782000	-3427.021871873876
782500	-3426.7276382405803
783000	-3425.4567833001597
783500	-3424.06964495465
784000	-3438.2914786949855
784500	-3431.6682242720467
785000	-3427.9997110347363
785500	-3424.372956020638
786000	-3433.2204579336244
786500	-3430.491657819743
787000	-3422.014827048836
787500	-3434.7019734573114
788000	-3430.2070095346758
788500	-3424.0540617286256
789000	-3426.2270471524566
789500	-3430.2471381472187
790000	-3424.01996707676
790500	-3438.166032993224
791000	-3437.8656946237165
791500	-3428.851663113767
792000	-3435.5558397891177
792500	-3431.624410476473
793000	-3432.8391315641766
793500	-3419.2714475722337
794000	-3421.818139483898
794500	-3424.3061144190283
795000	-3420.8307036959714
795500	-3432.100174777723
796000	-3425.821234746929
796500	-3429.4857731505044
797000	-3421.058458967167
797500	-3422.166976744248
798000	-3422.102957269148
798500	-3420.035893841215
799000	-3433.9804075685274
799500	-3436.830177269499
800000	-3433.288679065445
800500	-3438.1053026012974
801000	-3437.6141175024363
801500	-3433.3247366956075
802000	-3427.80862950477
802500	-3432.4338588644964
803000	-3441.4294295162294
803500	-3427.754820703038
804000	-3427.948080320641
804500	-3435.3960411118164
805000	-3424.921233088072
805500	-3430.8399067770656
806000	-3436.439191799644
806500	-3449.06607079838
807000	-3424.3840151838363
807500	-3429.039232357719
808000	-3435.977020330406
808500	-3430.3340394314514
809000	-3429.1698072267914
809500	-3428.801640605202
810000	-3431.1497478012434
810500	-3443.1399074581886
811000	-3434.8822896408656
811500	-3429.811708536301
812000	-3425.8517015250886
812500	-3432.6764403735974
813000	-3428.446657138454
813500	-3434.9986459743873
814000	-3433.5432429931698
814500	-3422.5339469947685
815000	-3427.7810448039654
815500	-3430.1539363014763
816000	-3431.8206004269396
816500	-3432.4856828741304
817000	-3428.1551553785753
817500	-3436.497372657007
818000	-3422.93198866673
818500	-3431.69499031757
819000	-3427.3146530270546
819500	-3436.3237722105755
820000	-3431.441201788175
820500	-3426.992951703933
821000	-3432.4644264363214
821500	-3431.4414745115596
822000	-3418.880265451641
822500	-3420.5308160244167
823000	-3427.4545804120744
823500	-3429.9750733571095
824000	-3425.672793618181
824500	-3424.116130137897
825000	-3431.9609544977197
825500	-3422.7909022255353
826000	-3440.3115102395404
826500	-3436.0804687844957
827000	-3436.405311776171
827500	-3428.8167043084723
828000	-3428.414446399059
828500	-3428.0604134960104
829000	-3425.5581112734717
829500	-3428.4628794656546
830000	-3423.925792421358
830500	-3426.531251301926
831000	-3429.49199214341
831500	-3425.258698782634
832000	-3429.64742156201
832500	-3432.207185892433
833000	-3437.79322158357
833500	-3423.318933673132
834000	-3425.7408734206706
834500	-3435.1845521177306
835000	-3427.7701807113044
835500	-3433.393455208786
836000	-3430.8632048515715
836500	-3431.1750631505734
837000	-3426.613339801189
837500	-3434.5147530764593
838000	-3434.2161356667325
838500	-3426.7672855200435
839000	-3428.092090505214
839500	-3430.18913602111
840000	-3427.7746707822516
840500	-3429.911983673221
841000	-3429.5623225171857
841500	-3430.3430145591956
842000	-3432.414593944997
842500	-3426.6048125999896
843000	-3424.9255203777175
843500	-3434.4086885421393
844000	-3421.7979964362735
844500	-3427.540530565618
845000	-3433.159024146417
845500	-3425.3645087121217
846000	-3430.3324096286215
846500	-3439.923473051284
847000	-3427.6454854669196
847500	-3440.1212126448595
848000	-3434.4286705932814
848500	-3443.0106077534942
849000	-3432.89413412598
849500	-3435.775090796399
850000	-3428.9835318983924
850500	-3435.0154639588022
851000	-3433.9559287648817
851500	-3431.2926185277597
852000	-3438.770384595202
852500	-3425.953562753906
853000	-3438.9153625384524
853500	-3425.7134532286514
854000	-3426.4419848674747
854500	-3429.164208517656
855000	-3424.620634713125
855500	-3429.7201631963826
856000	-3436.1432845265836
856500	-3430.1654864278157
857000	-3433.950356326575
857500	-3434.151641805109
858000	-3430.7137487495647
858500	-3433.8042551817975
859000	-3431.746302341584
859500	-3426.403458506673
860000	-3435.066083138142
860500	-3436.498245281757
861000	-3439.742426418753
861500	-3433.5279786262417
862000	-3435.524666765941
862500	-3438.26471023704
863000	-3436.989104030176
863500	-3436.1344753189915
864000	-3436.5229169377485
864500	-3445.4085362154124
865000	-3436.134670930383
865500	-3437.068804055081
866000	-3442.8864450035667
866500	-3439.951454097113
867000	-3437.104872271855
867500	-3433.24555791481
868000	-3437.2926199398366
868500	-3433.2037621336617
869000	-3440.4253418618005
869500	-3433.6840191361352
870000	-3429.7089690324
870500	-3439.3333567438553
871000	-3440.475120618392
871500	-3452.6479529829194
872000	-3450.4964094429997
872500	-3448.384156760419
873000	-3445.700602288386
873500	-3443.3693026600286
874000	-3435.3483100619055
874500	-3438.3360585088917
875000	-3440.2572533148395
875500	-3431.6811933004924
876000	-3432.665678900707
876500	-3426.033432164059
877000	-3430.833676719591
877500	-3438.461592434621
878000	-3437.543044467204
878500	-3429.3907450293937
879000	-3429.8760312714194
879500	-3444.245155894219
880000	-3430.6702885384916
880500	-3440.981624220857
881000	-3434.5857144958477
881500	-3430.072698117089
882000	-3439.886382002066
882500	-3432.649036162665
883000	-3426.7921204205786
883500	-3440.747274536073
884000	-3428.9200349431735
884500	-3443.9821133945356
885000	-3454.2740400739167
885500	-3437.588478830713
886000	-3444.849566573968
886500	-3452.3621548969104
887000	-3452.463977174382
887500	-3444.4479968627506
888000	-3444.28875560809
888500	-3442.3690061447396
889000	-3448.9727262689926
889500	-3449.958608226276
890000	-3442.8788304207287
890500	-3440.672082739642
891000	-3439.6066189430107
891500	-3438.489534697762
892000	-3438.579018629718
892500	-3447.3396230451863
893000	-3440.2094199192084
893500	-3440.194148516934
894000	-3439.286567330004
894500	-3435.964615504815
895000	-3444.363463730175
895500	-3435.3925636882714
896000	-3438.8110106335835
896500	-3439.664634936608
897000	-3436.2654170880382
897500	-3436.650205224409
898000	-3447.096761391486
898500	-3430.836305473557
899000	-3439.9162408906
899500	-3433.2486964827635
900000	-3447.5356865965714
900500	-3436.245438223366
901000	-3430.336374292161
901500	-3433.612105373035
902000	-3428.2323188477694
902500	-3428.396187502911
903000	-3436.6155759459207
903500	-3428.999713833661
904000	-3436.5144749854517
904500	-3436.1182920121737
905000	-3423.918542297736
905500	-3425.029646279251
906000	-3430.3241002520995
906500	-3434.4779842111843
907000	-3430.226525662515
907500	-3432.4544401969456
908000	-3432.9940658056853
908500	-3431.8721451643437
909000	-3428.628757667846
909500	-3433.857993437933
910000	-3429.376499025246
910500	-3439.5032765969563
911000	-3425.3725670492167
911500	-3433.171821837498
912000	-3443.860999797927
912500	-3432.8036448966873
913000	-3438.4446410509304
913500	-3427.8355986122015
914000	-3424.4351871196786
914500	-3429.3294186985836
915000	-3430.804111467781
915500	-3435.403100008795
916000	-3431.250852939318
916500	-3427.6697469673
917000	-3427.9286028563106
917500	-3424.4448574123544
918000	-3426.982860267868
918500	-3424.7211889793484
919000	-3425.3300965466983
919500	-3417.8162637034184
920000	-3420.0385763448267
920500	-3426.073915039669
921000	-3433.448264098528
921500	-3432.7341756533124
922000	-3429.846037772345
922500	-3430.4971241925227
923000	-3422.9749456297523
923500	-3425.3339041424233
924000	-3430.4014595720323
924500	-3446.5560523511003
925000	-3430.91929348705
925500	-3428.627866865791
926000	-3429.348653616434
926500	-3431.067226678398
927000	-3437.429878523447
927500	-3435.985168784899
928000	-3437.3569590762954
928500	-3436.8080710845798
929000	-3435.091007931593
929500	-3434.1479108890017
930000	-3438.5841225888244
930500	-3438.6262852209425
931000	-3431.757674584435
931500	-3436.26546223151
932000	-3438.407730820568
932500	-3434.388810263241
933000	-3436.1982942553695
933500	-3445.8261509622316
934000	-3441.6176050074055
934500	-3440.2959016220807
935000	-3443.136476305122
935500	-3442.427092840568
936000	-3443.748235959581
936500	-3449.123536788552
937000	-3427.8049288810485
937500	-3428.1172030114853
938000	-3428.7040862204926
938500	-3433.7646588997154
939000	-3436.2817310098394
939500	-3433.5155945005704
940000	-3439.319090565682
940500	-3436.307452775049
941000	-3439.4980190993733
941500	-3429.754333932511
942000	-3429.0334415074226
942500	-3432.9621644751555
943000	-3437.949458856773
943500	-3424.8326870960545
944000	-3432.827260516748
944500	-3433.0113209866536
945000	-3428.9242734829973
945500	-3424.58278872161
946000	-3431.238842041174
946500	-3437.8246894639824
947000	-3425.4659648484485
947500	-3441.154106543571
948000	-3443.3727868239876
948500	-3435.778078821705
949000	-3434.7537582709406
949500	-3435.263511640769
950000	-3427.827487792789
950500	-3428.0726842080767
951000	-3430.2328990051205
951500	-3428.709397892759
952000	-3429.2589269193086
952500	-3433.0922930499178
953000	-3439.7825235995288
953500	-3432.578227947201
954000	-3428.825004210271
954500	-3430.1362947122357
955000	-3431.6071185862943
955500	-3435.6353983964063
956000	-3443.6731139123144
956500	-3429.331701414053
957000	-3425.8050486478014
957500	-3430.127422662175
958000	-3428.4141098322725
958500	-3427.415921480213
959000	-3427.0604042580608
959500	-3432.3188103301313
960000	-3428.0371564980555
960500	-3427.844739734753
961000	-3421.835688775219
961500	-3433.065875828958
962000	-3428.278168791125
962500	-3428.9695710165493
963000	-3423.6443782623974
963500	-3423.0981696593826
964000	-3427.043308556885
964500	-3429.83631204625
965000	-3430.22976717594
965500	-3430.005817650867
966000	-3435.2693519514632
966500	-3430.8598764206654
967000	-3444.3603592164727
967500	-3433.641120027538
968000	-3436.184083345789
968500	-3431.6474537283707
969000	-3424.804713692913
969500	-3433.4104729086353
970000	-3433.5403079240955
970500	-3437.5025255657247
971000	-3431.439795530167
971500	-3424.8450452378697
972000	-3427.4301641584893
972500	-3432.340081966653
973000	-3434.14171404931
973500	-3442.844039826006
974000	-3425.5470355963903
974500	-3425.2040241853297
975000	-3433.2583294650126
975500	-3430.894429479195
976000	-3423.1125386796552
976500	-3429.342684658472
977000	-3426.1497205687306
977500	-3427.683464854068
978000	-3432.9637744292722
978500	-3428.0889216916853
979000	-3430.786235751538
979500	-3442.8960339830014
980000	-3437.493777263545
980500	-3430.006149671375
981000	-3442.0658149689016
981500	-3426.8181725944796
982000	-3428.5591058577807
982500	-3424.241691112332
983000	-3422.014089880014
983500	-3426.507034714392
984000	-3427.4899237450827
984500	-3432.5281043841806
985000	-3426.1904106779625
985500	-3424.6844204584486
986000	-3433.078410534871
986500	-3432.0032010673053
987000	-3424.387490916296
987500	-3425.7170396512183
988000	-3423.738033096251
988500	-3430.8228504759327
989000	-3422.600921167489
989500	-3431.2529497123464
990000	-3434.5870986273703
990500	-3435.773814264399
991000	-3426.8659100153077
991500	-3428.479006186976
992000	-3425.5967996176787
992500	-3427.1434473783597
993000	-3432.257501194705
993500	-3430.6042111406873
994000	-3427.546594943224
994500	-3426.2607570008745
995000	-3432.174705303519
995500	-3437.6084015954057
996000	-3432.4654083370697
996500	-3427.724918142757
997000	-3427.697412587014
997500	-3427.8780240252668
998000	-3427.1287611141174
998500	-3439.467118699931
999000	-3430.1465555703935
999500	-3430.1775720824185
1000000	-3427.8852696215163
1000500	-3427.1519448704003
1001000	-3432.444265045012
1001500	-3423.587100094817
1002000	-3429.041431745064
1002500	-3424.2606302223667
1003000	-3431.1633461504452
1003500	-3422.8575584997957
1004000	-3429.101163786252
1004500	-3433.8478610959155
1005000	-3433.698162960853
1005500	-3436.1101836848075
1006000	-3432.587122705531
1006500	-3429.110850328074
1007000	-3434.47414769826
1007500	-3441.5679653143525
1008000	-3440.079823209525
1008500	-3440.8703845131877
1009000	-3430.030204263542
1009500	-3434.535417598896
1010000	-3428.2189204543265
1010500	-3431.851601311378
1011000	-3435.9761446326115
1011500	-3428.072089559163
1012000	-3428.7940894088297
1012500	-3434.248168923827
1013000	-3435.698316963595
1013500	-3430.585938624948
1014000	-3430.600454338089
1014500	-3422.933868856758
1015000	-3431.018968864283
1015500	-3423.0532332800417
1016000	-3426.914789711792
1016500	-3432.7742089923195
1017000	-3430.963620532354
1017500	-3433.4251048055785
1018000	-3425.1906713831536
1018500	-3424.4743415229486
1019000	-3427.423412233414
1019500	-3432.21124059691
1020000	-3421.4068906059156
1020500	-3427.2251670946275
1021000	-3428.8679359843804
1021500	-3434.6746973959075
1022000	-3424.754510112419
1022500	-3422.103643978333
1023000	-3430.4998103136895
1023500	-3435.2836978909504
1024000	-3428.5026622715504
1024500	-3428.026990974584
1025000	-3432.6105306717013
1025500	-3426.3301956100154
1026000	-3431.296093002789
1026500	-3422.040904245898
1027000	-3417.597997144414
1027500	-3421.6338029894073
1028000	-3427.072833108724
1028500	-3423.633358938642
1029000	-3432.180385075431
1029500	-3426.3836791096264
1030000	-3422.1130202959507
1030500	-3430.933625647044
1031000	-3418.4084097626114
1031500	-3431.042994831618
1032000	-3430.3816675185685
1032500	-3423.3643089929706
1033000	-3430.158261408574
1033500	-3433.667286485922
1034000	-3432.2848735478833
1034500	-3430.0550374564345
1035000	-3443.438043919207
1035500	-3430.935993138254
1036000	-3426.918872511477
1036500	-3432.9736001595584
1037000	-3427.243455116552
1037500	-3435.72412529403
1038000	-3435.2529150427417
1038500	-3434.3822630513746
1039000	-3429.159720391027
1039500	-3425.432357082931
1040000	-3432.379070407602
1040500	-3431.5732176688857
1041000	-3432.4506811914607
1041500	-3431.349932476964
1042000	-3434.210578473484
1042500	-3431.2447951389527
1043000	-3425.8966808284717
1043500	-3429.334857634261
1044000	-3424.040633583696
1044500	-3421.5974497728803
1045000	-3424.3992293461115
1045500	-3415.8256386660555
1046000	-3437.6430814334776
1046500	-3427.72980009637
1047000	-3424.173101900677
1047500	-3419.4765637810697
1048000	-3427.53475317902
1048500	-3430.376903477889
1049000	-3423.4803967884395
1049500	-3428.3500906279214
1050000	-3421.6919285073677
1050500	-3427.895892120151
1051000	-3418.8137729139635
1051500	-3423.5168845276917
1052000	-3428.0516112974033
1052500	-3425.6982228040547
1053000	-3425.5110471785742
1053500	-3427.438617015993
1054000	-3433.0698105286965
1054500	-3425.371522814393
1055000	-3420.3654340724443
1055500	-3433.2537159625763
1056000	-3422.8608764457404
1056500	-3435.444706050132
1057000	-3429.796376228368
1057500	-3433.5947170432405
1058000	-3432.652778500301
1058500	-3441.746594831046
1059000	-3424.1120562137253
1059500	-3426.1851876783076
1060000	-3419.963419072174
1060500	-3432.400974651286
1061000	-3422.722636893977
1061500	-3429.3715626527473
1062000	-3430.7733543538775
1062500	-3430.9590437588395
1063000	-3426.374428702619
1063500	-3426.0777414385097
1064000	-3428.135873974784
1064500	-3422.6692155307182
1065000	-3429.2437874595134
1065500	-3421.098607423545
1066000	-3425.8616948718277
1066500	-3428.282405492211
1067000	-3423.916568391883
1067500	-3422.347103624492
1068000	-3429.2143419555323
1068500	-3423.3451728720097
1069000	-3420.310769562248
1069500	-3424.2527147906962
1070000	-3437.711532499755
1070500	-3431.1680730177113
1071000	-3435.090772833522
1071500	-3432.638529778338
1072000	-3438.1819761499546
1072500	-3436.0935286388512
1073000	-3431.0320974972415
1073500	-3427.8180330484356
1074000	-3428.5162975013186
1074500	-3437.755129052231
1075000	-3430.320807639839
1075500	-3421.856282645515
1076000	-3427.5418003101295
1076500	-3433.3137960838717
1077000	-3432.5819706437546
1077500	-3429.3852857011448
1078000	-3425.1219589706584
1078500	-3428.853768102117
1079000	-3417.8391014658796
1079500	-3429.300685871239
1080000	-3418.831275184709
1080500	-3428.737372745632
1081000	-3428.484776664622
1081500	-3426.860657149326
1082000	-3421.038076661629
1082500	-3431.2907532046224
1083000	-3424.326638073613
1083500	-3424.5550372283833
1084000	-3424.4602581249824
1084500	-3422.1466620361325
1085000	-3425.46208323682
1085500	-3413.858857861229
1086000	-3423.197179947202
1086500	-3422.9016384125057
1087000	-3428.094610132272
1087500	-3430.363182679526
1088000	-3435.5277048046905
1088500	-3426.8340774292096
1089000	-3427.1692256085635
1089500	-3428.143071372698
1090000	-3426.53198675154
1090500	-3422.0891761718035
1091000	-3424.7686991420724
1091500	-3430.392039781452
1092000	-3420.7816908848376
1092500	-3417.2643913026704
1093000	-3423.8087518928037
1093500	-3418.0762284784723
1094000	-3425.5201342243463
1094500	-3423.342787217883
1095000	-3429.9127864764537
1095500	-3431.3972773033356
1096000	-3428.748989196405
1096500	-3435.341044044976
1097000	-3424.1980715086534
1097500	-3423.0476879312014
1098000	-3424.811103099111
1098500	-3421.165827382765
1099000	-3421.615059983856
1099500	-3417.291178886677
1100000	-3422.356063666526
1100500	-3426.9199743945633
1101000	-3430.9676012845275
1101500	-3432.570525439226
1102000	-3425.214779435915
1102500	-3417.82006826047
1103000	-3433.094995138481
1103500	-3419.2810368894125
1104000	-3426.3970274014914
1104500	-3426.9844703589756
1105000	-3431.926280505811
1105500	-3426.794078413947
1106000	-3436.7998291507697
1106500	-3431.6123392490003
1107000	-3433.2607088549403
1107500	-3415.585497203924
1108000	-3423.552409993099
1108500	-3427.252448260035
1109000	-3425.346928913551
1109500	-3421.2237708913076
1110000	-3429.0847971223175
1110500	-3425.5589266339966
1111000	-3425.874761048331
1111500	-3420.3017017485618
1112000	-3426.9452985732823
1112500	-3422.793800194442
1113000	-3425.0004110781524
1113500	-3418.9790185791603
1114000	-3420.4121624657046
1114500	-3424.8231308613094
1115000	-3428.626473510395
1115500	-3423.3698596192958
1116000	-3422.4073381681505
1116500	-3425.2733869070116
1117000	-3424.66199733797
1117500	-3416.5976528230162
1118000	-3424.086705115524
1118500	-3429.269932454061
1119000	-3426.1785515444
1119500	-3424.740123279797
1120000	-3422.1143271943906
1120500	-3424.6037482413253
1121000	-3428.4497440598684
1121500	-3423.3037577320265
1122000	-3427.0753451552687
1122500	-3425.5286173938143
1123000	-3429.18429292072
1123500	-3430.263697484705
1124000	-3424.2486584903536
1124500	-3432.9846095955795
1125000	-3428.6397901303576
1125500	-3426.038983278851
1126000	-3429.384863742252
1126500	-3425.711741898572
1127000	-3427.7904951692844
1127500	-3426.1398097284127
1128000	-3422.9265161781004
1128500	-3425.8802794885855
1129000	-3429.829956482627
1129500	-3441.422503158357
1130000	-3424.212395777761
1130500	-3426.0260684970367
1131000	-3429.1614901757694
1131500	-3434.506005558724
1132000	-3425.5047340514125
1132500	-3440.6092516871163
1133000	-3426.7085034227034
1133500	-3426.2709013760273
1134000	-3429.4518049239305
1134500	-3426.1846377413676
1135000	-3427.333564071515
1135500	-3429.2710928381916
1136000	-3432.312032490525
1136500	-3428.763170409227
1137000	-3428.5022039469777
1137500	-3422.015854695307
1138000	-3421.9870731211763
1138500	-3431.269591393228
1139000	-3424.3881944977215
1139500	-3448.0386330211486
1140000	-3424.64206261552
1140500	-3424.8282534387863
1141000	-3427.1560508122648
1141500	-3422.7080504608416
1142000	-3427.603723040583
1142500	-3426.39771764998
1143000	-3425.056166551127
1143500	-3430.033815059423
1144000	-3426.5562666770425
1144500	-3427.522459993123
1145000	-3429.0289908694076
1145500	-3424.7905347954948
1146000	-3431.0304092297865
1146500	-3426.072061252305
1147000	-3426.1170685727034
1147500	-3430.6605237355534
1148000	-3428.3821016904194
1148500	-3441.1578596777717
1149000	-3432.152834979261
1149500	-3427.401913142857
1150000	-3419.582986381306
1150500	-3417.6275046285723
1151000	-3425.5940043254263
1151500	-3433.422598691031
1152000	-3430.407320861537
1152500	-3431.36470091729
1153000	-3438.9637710514535
1153500	-3428.334556013288
1154000	-3436.658667968913
1154500	-3426.554706335356
1155000	-3428.0990678044077
1155500	-3426.500308866711
1156000	-3424.1990709510446
1156500	-3424.0792084914665
1157000	-3423.0361804401787
1157500	-3429.1404694488256
1158000	-3434.6959694141237
1158500	-3432.728188260267
1159000	-3436.8779504740232
1159500	-3430.9361707970106
1160000	-3432.60170534355
1160500	-3433.9600857241862
1161000	-3429.9788972449055
1161500	-3425.0771995035757
1162000	-3429.1086632753395
1162500	-3441.199596986092
1163000	-3433.6882758983247
1163500	-3428.19088710414
1164000	-3423.158601818134
1164500	-3428.15332743
1165000	-3430.1931581845774
1165500	-3426.501167519828
1166000	-3436.753700846981
1166500	-3427.1566216629008
1167000	-3429.375624465941
1167500	-3430.3613013656245
1168000	-3433.8295425112
1168500	-3429.956907932405
1169000	-3432.4363322888958
1169500	-3427.246781215607
1170000	-3428.7992542363695
1170500	-3423.954564713412
1171000	-3424.909378115718
1171500	-3424.258609939767
1172000	-3425.1793427343155
1172500	-3425.0973654131485
1173000	-3425.5271328850135
1173500	-3426.8722709826893
1174000	-3424.426878478655
1174500	-3425.8168525520446
1175000	-3433.5801586683106
1175500	-3426.214148198071
1176000	-3428.7776088817873
1176500	-3439.4941864745765
1177000	-3440.048338880382
1177500	-3435.48023559289
1178000	-3436.3872822731823
1178500	-3429.282370383009
1179000	-3439.678810824333
1179500	-3429.171943778057
1180000	-3431.2482878900823
1180500	-3432.8649180240973
1181000	-3425.917131524796
1181500	-3428.0026446996853
1182000	-3425.6201771897913
1182500	-3427.8350862017533
1183000	-3426.573486451645
1183500	-3427.8152390845316
1184000	-3427.7036678028358
1184500	-3423.9376440383667
1185000	-3429.0628848781466
1185500	-3423.382988119472
1186000	-3420.930799261719
1186500	-3429.4991367553785
1187000	-3428.222215845552
1187500	-3428.4213126617356
1188000	-3425.4434615395303
1188500	-3430.749411606817
1189000	-3432.2841504830076
1189500	-3427.5807601982024
1190000	-3426.936510804329
1190500	-3430.307919982232
1191000	-3437.889021217499
1191500	-3420.5119612957274
1192000	-3426.0884308312834
1192500	-3429.9785571139446
1193000	-3429.2633654752076
1193500	-3423.6614958429263
1194000	-3429.4453402044023
1194500	-3428.222390853489
1195000	-3426.135673435261
1195500	-3425.699127827876
1196000	-3438.141536760671
1196500	-3423.8893903995317
1197000	-3427.681882498578
1197500	-3431.3504707779557
1198000	-3429.5937892890547
1198500	-3423.353752448888
1199000	-3430.3179067691667
1199500	-3431.2594757166567
1200000	-3430.516227190461
1200500	-3428.727031795762
1201000	-3443.0451798157746
1201500	-3442.095495699626
1202000	-3439.1550951786985
1202500	-3439.4594504456745
1203000	-3433.4410235142286
1203500	-3431.733545669076
1204000	-3439.6190488939287
1204500	-3422.746756289929
1205000	-3432.4802353606233
1205500	-3429.6323614384914
1206000	-3430.9408388365555
1206500	-3434.2330750025603
1207000	-3426.898972367836
1207500	-3428.9083036225634
1208000	-3429.298605688261
1208500	-3435.776783570817
1209000	-3427.5526808409577
1209500	-3437.501184042393
1210000	-3435.0354483385295
1210500	-3431.750481530675
1211000	-3433.628599186812
1211500	-3433.1690247550564
1212000	-3427.4651466439113
1212500	-3435.74730200846
1213000	-3426.637693798415
1213500	-3420.0710216871157
1214000	-3424.1397427774127
1214500	-3428.0425838209185
1215000	-3423.3100913910503
1215500	-3429.1350130391925
1216000	-3426.13641584641
1216500	-3430.7025900063913
1217000	-3432.0198857583505
1217500	-3424.520587938059
1218000	-3434.028353208785
1218500	-3421.2626496676785
1219000	-3426.1373404509313
1219500	-3428.2004064492276
1220000	-3426.418268029807
1220500	-3427.0246891089246
1221000	-3427.468998821114
1221500	-3426.964628156789
1222000	-3421.5608529380806
1222500	-3425.392402102319
1223000	-3430.229881421929
1223500	-3429.740485187957
1224000	-3423.885371708346
1224500	-3433.065453489782
1225000	-3436.1443373040097
1225500	-3424.575622088614
1226000	-3428.177127666743
1226500	-3435.2060108715195
1227000	-3426.7182882060993
1227500	-3423.7110062288266
1228000	-3432.1582992946096
1228500	-3438.5500416960845
1229000	-3431.6383173423737
1229500	-3440.5976168879224
1230000	-3435.172482785385
1230500	-3433.7303931201554
1231000	-3429.6298301908555
1231500	-3434.2993038775066
1232000	-3436.0797341823627
1232500	-3426.925465431935
1233000	-3429.3912434619774
1233500	-3432.6104086550604
1234000	-3430.4345746484296
1234500	-3424.6845594502047
1235000	-3424.5782794670695
1235500	-3421.714045500025
1236000	-3431.746864138061
1236500	-3433.2531918737004
1237000	-3430.913261614613
1237500	-3435.4417239553886
1238000	-3428.9810580212666
1238500	-3424.1403832780693
1239000	-3425.04088119766
1239500	-3429.4101360951904
1240000	-3437.5901580177806
1240500	-3426.154721420901
1241000	-3429.264962434458
1241500	-3427.8375342977497
1242000	-3426.6255736511825
1242500	-3431.1283593098274
1243000	-3431.9713357188184
1243500	-3431.82559498999
1244000	-3436.3882961711233
1244500	-3430.1954397696672
1245000	-3436.6744367470064
1245500	-3427.913648279549
1246000	-3429.258300487801
1246500	-3433.4351021939847
1247000	-3433.768981006743
1247500	-3425.6567638985657
1248000	-3426.895479565824
1248500	-3427.7830059247767
1249000	-3418.931618734263
1249500	-3419.8058852988906
1250000	-3434.8994266763693
1250500	-3427.276941704927
1251000	-3420.0293548408745
1251500	-3420.1478401269633
1252000	-3421.9625511380295
1252500	-3423.027007316731
1253000	-3426.87614478331
1253500	-3426.4822172567942
1254000	-3427.1858723783403
1254500	-3416.783061966073
1255000	-3424.5451079068557
1255500	-3424.0408150528137
1256000	-3420.8675207144847
1256500	-3419.0069952573112
1257000	-3422.507773929686
1257500	-3424.229990995786
1258000	-3428.1950862539934
1258500	-3426.723882568997
1259000	-3425.8845500317784
1259500	-3430.435081199633
1260000	-3423.390941576399
1260500	-3417.1994677046437
1261000	-3419.5935851475324
1261500	-3421.6557899998647
1262000	-3426.061702321087
1262500	-3438.4186615627573
1263000	-3423.670900859198
1263500	-3434.0401978450545
1264000	-3434.0509492523206
1264500	-3423.836969539803
1265000	-3431.9497822293915
1265500	-3431.2168740292054
1266000	-3434.827016949215
1266500	-3425.9744265146487
1267000	-3426.3090619005748
1267500	-3423.8455646107577
1268000	-3426.5084361821673
1268500	-3427.9187680257305
1269000	-3421.3223985755135
1269500	-3428.4045360106634
1270000	-3433.267679164554
1270500	-3424.4326465403224
1271000	-3427.589959011159
1271500	-3422.905683182165
1272000	-3425.320147600834
1272500	-3428.8138202518444
1273000	-3429.5373688147315
1273500	-3428.6773299060433
1274000	-3423.092625801805
1274500	-3428.4536672070717
1275000	-3429.681435329211
1275500	-3430.4082842484595
1276000	-3428.068737742091
1276500	-3428.4412406517085
1277000	-3425.311218959087
1277500	-3420.187890929317
1278000	-3422.505443646302
1278500	-3424.0643473304626
1279000	-3425.2318343104507
1279500	-3423.1352504002925
1280000	-3416.6363865759554
1280500	-3427.679552682281
1281000	-3426.388328822311
1281500	-3424.6816816064656
1282000	-3435.5440998360255
1282500	-3425.244955468685
1283000	-3425.6119103756732
1283500	-3425.909984836909
1284000	-3420.025152228928
1284500	-3435.2705062316286
1285000	-3429.8776910197444
1285500	-3430.453560262394
1286000	-3440.0076736138826
1286500	-3436.1969064671835
1287000	-3432.5793443064044
1287500	-3437.076833384354
1288000	-3440.8945215648705
1288500	-3426.2895836683815
1289000	-3435.041266263805
1289500	-3426.230405635764
1290000	-3424.006597264669
1290500	-3434.354355674299
1291000	-3425.7991301525567
1291500	-3430.0983027930547
1292000	-3424.3388473122195
1292500	-3422.200861713068
1293000	-3429.998415778819
1293500	-3423.872743256532
1294000	-3431.396327988263
1294500	-3435.7365299411463
1295000	-3429.40420921683
1295500	-3425.8334474336943
1296000	-3423.472221632153
1296500	-3429.757137781668
1297000	-3419.0479885738087
1297500	-3431.058419727998
1298000	-3420.5950258030934
1298500	-3425.770172467883
1299000	-3423.120205582728
1299500	-3429.1012041909366
1300000	-3425.322095030548
1300500	-3428.776045042243
1301000	-3424.248409341512
1301500	-3421.0770638661224
1302000	-3423.180120577054
1302500	-3440.590151125837
1303000	-3424.1310249813105
1303500	-3421.214605975059
1304000	-3426.84968828618
1304500	-3425.769267935704
1305000	-3438.7101757182163
1305500	-3432.1328363758726
1306000	-3441.8363251679334
1306500	-3422.772887969313
1307000	-3426.6429170407896
1307500	-3430.4001291865584
1308000	-3430.633389460574
1308500	-3428.6395424163193
1309000	-3419.987498189615
1309500	-3422.1762000443996
1310000	-3426.1511891133264
1310500	-3430.638838503812
1311000	-3434.9309589077493
1311500	-3429.4754626070994
1312000	-3429.1081238606234
1312500	-3439.6906132718527
1313000	-3438.062763366718
1313500	-3437.7014901818216
1314000	-3440.130596450669
1314500	-3440.6537728560925
1315000	-3431.9754930743266
1315500	-3436.705652981129
1316000	-3435.9661163021415
1316500	-3432.5361536501473
1317000	-3434.7503069283216
1317500	-3430.398948613073
1318000	-3437.190473950332
1318500	-3435.3699052962024
1319000	-3432.428033634329
1319500	-3434.9247578630216
1320000	-3427.8120913679213
1320500	-3427.3690301441557
1321000	-3429.879708683626
1321500	-3432.797421457218
1322000	-3428.3384557738973
1322500	-3429.216442982261
1323000	-3422.41097434249
1323500	-3424.222350975058
1324000	-3422.2110579471846
1324500	-3425.3637491071427
1325000	-3425.834893759942
1325500	-3431.861699271363
1326000	-3427.4683193974292
1326500	-3433.342252290986
1327000	-3425.629479941989
1327500	-3426.1662602847937
1328000	-3439.7457507571157
1328500	-3440.7702556179743
1329000	-3442.3012102123835
1329500	-3427.993638129349
1330000	-3427.370599979054
1330500	-3431.7962297548083
1331000	-3425.579560635424
1331500	-3426.7823548930965
1332000	-3432.853809921225
1332500	-3434.732046436623
1333000	-3422.328793234316
1333500	-3429.3176288065065
1334000	-3434.5901286538715
1334500	-3428.6757238312325
1335000	-3430.9638148565987
1335500	-3437.313073739261
1336000	-3421.0528855906714
1336500	-3435.0993814872195
1337000	-3422.5082000215934
1337500	-3427.184165712954
1338000	-3444.348299639397
1338500	-3432.8934864718444
1339000	-3422.6137303184632
1339500	-3414.646501003693
1340000	-3432.0354484382715
1340500	-3430.661299790925
1341000	-3429.7847415250476
1341500	-3424.6834653444653
1342000	-3428.263713846484
1342500	-3425.0171024991228
1343000	-3431.4102980897183
1343500	-3423.7642754004974
1344000	-3428.3060505404696
1344500	-3425.3253036252236
1345000	-3415.3254255678685
1345500	-3427.912424271917
1346000	-3415.8406648907453
1346500	-3425.691985596453
1347000	-3423.2240916105657
1347500	-3431.5733243296672
1348000	-3428.292198709638
1348500	-3428.9563610166465
1349000	-3422.835824338283
1349500	-3431.0768592248983
1350000	-3419.0755392125866
1350500	-3423.3239910857924
1351000	-3440.421363743268
1351500	-3416.994757229801
1352000	-3427.7677156203526
1352500	-3428.345092691681
1353000	-3437.0670956141626
1353500	-3433.943132893691
1354000	-3432.80655406456
1354500	-3434.966235478465
1355000	-3430.161500057003
1355500	-3430.923674722748
1356000	-3427.324329290841
1356500	-3425.661673656392
1357000	-3421.7897058264984
1357500	-3435.221429806423
1358000	-3426.508045462621
1358500	-3427.743213114799
1359000	-3438.3208542456396
1359500	-3434.5262562852477
1360000	-3429.1673772167096
1360500	-3429.54434181475
1361000	-3423.3426358358483
1361500	-3432.4622984578646
1362000	-3419.4205386776866
1362500	-3423.4870844310094
1363000	-3412.297432167294
1363500	-3419.1056382299994
1364000	-3427.2231159402236
1364500	-3419.835736195628
1365000	-3418.4202459573576
1365500	-3426.8390946865675
1366000	-3425.928612660992
1366500	-3426.497679620765
1367000	-3418.378936559019
1367500	-3423.1841159662176
1368000	-3428.089763193112
1368500	-3428.8341728249134
1369000	-3420.4939634135185
1369500	-3424.120382425184
1370000	-3424.2701430703037
1370500	-3417.072994707856
1371000	-3415.955017103929
1371500	-3427.346389882468
1372000	-3423.409567683126
1372500	-3430.132718390656
1373000	-3440.872363662742
1373500	-3429.0692304656563
1374000	-3431.464829080858
1374500	-3422.878878701371
1375000	-3430.19651347117
1375500	-3421.501478392178
1376000	-3419.4262545477777
1376500	-3428.444633366059
1377000	-3430.1802677147666
1377500	-3434.83045831997
1378000	-3419.99245229112
1378500	-3427.264217307851
1379000	-3423.99058974922
1379500	-3433.268854889245
1380000	-3432.99420519657
1380500	-3445.052319831422
1381000	-3438.954031635067
1381500	-3430.001584116054
1382000	-3431.9514083278073
1382500	-3435.9457285695603
1383000	-3424.9643375855558
1383500	-3428.482347332968
1384000	-3422.25732095644
1384500	-3425.470722692756
1385000	-3431.373488819968
1385500	-3427.244251509123
1386000	-3439.1146300955397
1386500	-3426.7903668938175
1387000	-3427.3414731889534
1387500	-3427.7596968568414
1388000	-3420.7951270339945
1388500	-3422.4882422390265
1389000	-3432.622628622
1389500	-3422.7872724228014
1390000	-3424.608033198982
1390500	-3428.6259011469824
1391000	-3423.804365975281
1391500	-3432.444725161013
1392000	-3444.0189800593134
1392500	-3448.651266976247
1393000	-3433.85660986874
1393500	-3437.1681416808105
1394000	-3431.862571079701
1394500	-3422.7690695017413
1395000	-3429.4965505512637
1395500	-3421.3586458612476
1396000	-3426.8306440903443
1396500	-3447.272530907553
1397000	-3422.9647419675475
1397500	-3428.394858377817
1398000	-3425.2942206049293
1398500	-3430.0251870620805
1399000	-3425.355106496827
1399500	-3432.6120199648462
1400000	-3433.3040920115113
1400500	-3437.668621066812
1401000	-3444.2910352771923
1401500	-3428.8168634483955
1402000	-3422.1636506428717
1402500	-3428.4678591564707
1403000	-3428.3061423015497
1403500	-3429.5501884250934
1404000	-3426.700901963575
1404500	-3434.4748885987856
1405000	-3443.1415132221064
1405500	-3417.7878703505057
1406000	-3431.88010599724
1406500	-3434.3573717162035
1407000	-3421.687941671638
1407500	-3425.9232425812934
1408000	-3417.857518363576
1408500	-3423.1163511596683
1409000	-3426.9836795228225
1409500	-3425.347396130244
1410000	-3428.9927493616383
1410500	-3428.6992712347896
1411000	-3424.3319342451273
1411500	-3424.8776217309764
1412000	-3419.132771093973
1412500	-3420.12824044574
1413000	-3426.645462422015
1413500	-3430.720899014233
1414000	-3422.7645061183384
1414500	-3428.7476908215644
1415000	-3428.676689183723
1415500	-3441.1638020639903
1416000	-3420.976256760836
1416500	-3430.9398460592356
1417000	-3425.9092568488936
1417500	-3429.330832770548
1418000	-3425.4896317952944
1418500	-3428.4897412856003
1419000	-3434.9397365151003
1419500	-3425.5821130637887
1420000	-3430.840256047119
1420500	-3419.8497306178688
1421000	-3421.7590349675547
1421500	-3415.166345085747
1422000	-3424.186083517446
1422500	-3426.3640344862306
1423000	-3429.0884418614255
1423500	-3426.3859346283784
1424000	-3424.732135846099
1424500	-3422.6575690947234
1425000	-3432.0028518202994
1425500	-3425.876957609354
1426000	-3421.532674809955
1426500	-3431.730169964053
1427000	-3424.025834015311
1427500	-3426.107507233237
1428000	-3431.7537642347347
1428500	-3429.825355808011
1429000	-3429.2717024563935
1429500	-3433.0362859758625
1430000	-3432.901490543467
1430500	-3430.279740435864
1431000	-3432.5451406153857
1431500	-3433.5333266433827
1432000	-3436.2691284032944
1432500	-3432.3836865132275
1433000	-3427.902984796013
1433500	-3428.333762407744
1434000	-3425.799799037603
1434500	-3432.7687708888457
1435000	-3426.4162846538406
1435500	-3428.114225736363
1436000	-3421.318674138336
1436500	-3420.27733983695
1437000	-3431.1905322710572
1437500	-3430.663546448621
1438000	-3433.0634798573283
1438500	-3425.2468647817846
1439000	-3432.57072663602
1439500	-3424.6335158143743
1440000	-3422.9699981431563
1440500	-3434.04745138834
1441000	-3436.9131133780734
1441500	-3426.55297528166
1442000	-3428.2538267615273
1442500	-3434.0314071646108
1443000	-3427.0317901886788
1443500	-3435.3927074847616
1444000	-3433.5313482518427
1444500	-3429.4441655461665
1445000	-3426.0849226826244
1445500	-3428.3376583661275
1446000	-3438.50050737889
1446500	-3420.740505495356
1447000	-3434.055103469274
1447500	-3430.2526941926803
1448000	-3427.2606643426698
1448500	-3428.464245803169
1449000	-3425.062039111022
1449500	-3440.4141668021944
1450000	-3434.0134001521214
1450500	-3440.369583120938
1451000	-3431.962058536371
1451500	-3423.1353660770346
1452000	-3440.17112442118
1452500	-3451.6685543487147
1453000	-3434.4191478122048
1453500	-3428.9129085560867
1454000	-3433.8746509210023
1454500	-3440.7074614680837
1455000	-3430.6280675227877
1455500	-3429.932035490777
1456000	-3432.599506555025
1456500	-3425.586425814914
1457000	-3427.5903749829454
1457500	-3424.606071110849
1458000	-3418.5297339112
1458500	-3422.136703843081
1459000	-3432.3773169086376
1459500	-3427.068860452583
1460000	-3422.5607369626873
1460500	-3422.182355497112
1461000	-3432.185223382867
1461500	-3429.834222281232
1462000	-3424.417267077418
1462500	-3426.008104545277
1463000	-3427.7361974930927
1463500	-3426.3281578708575
1464000	-3425.1058755889667
1464500	-3426.8236343646513
1465000	-3426.977726199664
1465500	-3440.20864231958
1466000	-3444.0285591877073
1466500	-3433.45118563199
1467000	-3435.324151764163
1467500	-3439.9624149691595
1468000	-3423.374275404332
1468500	-3424.965836360488
1469000	-3435.318814701459
1469500	-3424.045608896388
1470000	-3432.7742965895186
1470500	-3441.2694802835454
1471000	-3427.751903765461
1471500	-3431.0356469007424
1472000	-3430.8368233258943
1472500	-3433.339942194823
1473000	-3439.4962323872433
1473500	-3430.7482024543096
1474000	-3433.975890850893
1474500	-3429.732490643694
1475000	-3436.464827399321
1475500	-3444.9854569263002
1476000	-3449.5670275890398
1476500	-3435.5787033763168
1477000	-3433.6392132242318
1477500	-3430.256679393388
1478000	-3425.4384362157193
1478500	-3428.8962868421004
1479000	-3431.1124858200346
1479500	-3426.16994287037
1480000	-3436.334473966508
1480500	-3433.785302304001
1481000	-3439.731353997673
1481500	-3438.193425791483
1482000	-3429.9537692754247
1482500	-3426.597410466651
1483000	-3428.7909621819326
1483500	-3433.8419300066885
1484000	-3436.5929050418554
1484500	-3442.5998272675993
1485000	-3440.358539347929
1485500	-3439.2594752204054
1486000	-3430.5090680406433
1486500	-3437.5421550927367
1487000	-3443.1486984097846
1487500	-3432.798459272157
1488000	-3428.593549603602
1488500	-3435.718133929382
1489000	-3427.2016603591087
1489500	-3429.6353082058395
1490000	-3436.3513858993147
1490500	-3442.4953022152445
1491000	-3426.2368688051934
1491500	-3437.3392760716165
1492000	-3428.3927709160535
1492500	-3429.9754637063947
1493000	-3435.698064732517
1493500	-3432.6516260876137
1494000	-3436.015192529149
1494500	-3442.60508215595
1495000	-3434.9596628499926
1495500	-3430.612610856888
1496000	-3426.8120867420944
1496500	-3432.9116724610603
1497000	-3425.2050341319737
1497500	-3429.5657213319287
1498000	-3432.4437777879934
1498500	-3432.7463632004783
1499000	-3426.743114780471
1499500	-3426.898792323929
1500000	-3434.2246597481585
