Sample	likelihood
0	-4670.051035180326
500	-4403.977646942901
1000	-4498.720997925509
1500	-4239.1811062813895
2000	-4458.791102866412
2500	-4487.8851114454
3000	-4330.405476671384
3500	-4248.241171950164
4000	-4286.625567856253
4500	-4400.326943726693
5000	-4249.978394433539
5500	-4394.862808051935
6000	-4289.690777103842
6500	-4385.798264841191
7000	-4338.6020243788325
7500	-4488.498886102189
8000	-4359.962903480135
8500	-4307.694856092385
9000	-4571.589367081609
9500	-4388.0379162240215
10000	-4177.831007313878
10500	-4448.25089724821
11000	-4237.928610365202
11500	-4634.376314820375
12000	-4503.521800840802
12500	-4164.315398878901
13000	-4296.278655798636
13500	-4501.921480299993
14000	-4249.804117526179
14500	-4219.752568966895
15000	-4252.46913376988
15500	-4330.897641712445
16000	-4112.076503498338
16500	-4378.113730498202
17000	-4344.977919075302
17500	-4294.28036612397
18000	-4284.900919999714
18500	-4678.853757079084
19000	-4580.176517407049
19500	-4668.160015499985
20000	-4536.63872907404
20500	-4487.897283090192
21000	-4535.772762906371
21500	-4273.065329491342
22000	-4539.980376186477
22500	-4822.69511583023
23000	-4599.975343951946
23500	-4850.177705331805
24000	-4533.830627702312
24500	-4339.377878007927
25000	-4391.19664728786
25500	-4358.53855764409
26000	-4316.335755956817
26500	-4227.672475618119
27000	-4256.323425919653
27500	-4332.825032813408
28000	-4299.819716250736
28500	-4303.33290516894
29000	-4371.754960491059
29500	-4371.573579004582
30000	-4259.632069797531
30500	-4410.611960973323
31000	-4126.224252039353
31500	-4306.583494679442
32000	-4274.677867158969
32500	-4211.095366163482
33000	-4133.222146190833
33500	-4378.5515803105245
34000	-4328.773375967157
34500	-4269.2841160018825
35000	-4411.568884408923
35500	-4426.064585212558
36000	-4598.83071713035
36500	-4517.250101440851
37000	-4191.1456626752015
37500	-4483.444608856227
38000	-4559.316115382565
38500	-4266.154078079662
39000	-4183.690199004377
39500	-4093.337849264491
40000	-4224.193769476206
40500	-4457.994118233017
41000	-4556.518019766789
41500	-4490.176183589111
42000	-4302.18517982578
42500	-4396.493765092719
43000	-5005.047605882175
43500	-4560.461709348317
44000	-4385.864035131216
44500	-4417.021602474754
45000	-4233.994919164609
45500	-4444.506975395082
46000	-4381.34555235043
46500	-4607.012933901887
47000	-4543.704467654817
47500	-4964.001563791618
48000	-4485.261659985608
48500	-4494.446710715361
49000	-4436.5591733389865
49500	-4416.845782825672
50000	-4231.815167693772
50500	-4258.5101266639895
51000	-4186.10874090273
51500	-4356.515553556676
52000	-4325.972751492997
52500	-4500.786525315349
53000	-4320.153610092562
53500	-4932.008450604708
54000	-4250.175278795014
54500	-4429.74411484321
55000	-4230.17056939459
55500	-4178.443903665959
56000	-4169.732541140617
56500	-4091.979619993697
57000	-4153.907484991244
57500	-4179.318488492557
58000	-4074.476676031112
58500	-4147.140017628283
59000	-4295.208027249675
59500	-4296.876651636975
60000	-4359.342365724107
60500	-4179.102503808072
61000	-4029.3227665395
61500	-4158.483160269352
62000	-4195.270029699547
62500	-4094.7498892165436
63000	-4528.776847098689
63500	-4299.997356106718
64000	-4569.592374835781
64500	-4337.581008283427
65000	-4321.926921270482
65500	-4311.631683858268
66000	-4580.701755448336
66500	-4449.175045089055
67000	-4560.9337806972935
67500	-4428.538791483105
68000	-5163.149263803466
68500	-4835.254432683031
69000	-4277.802911178668
69500	-4295.421507632519
70000	-4144.716002752836
70500	-4149.080324141897
71000	-4277.02782560311
71500	-4238.264465558866
72000	-4142.522496042281
72500	-4211.075214528231
73000	-4221.014963223366
73500	-4115.810050439703
74000	-4280.413236216149
74500	-4156.231029596587
75000	-4100.268413269141
75500	-4192.422552913058
76000	-4259.645615609812
76500	-4310.601630918458
77000	-4052.8311452693724
77500	-4427.029580524938
78000	-4329.584575935984
78500	-4193.845432135743
79000	-4182.96053834456
79500	-4284.220919954396
80000	-4322.315632697695
80500	-4643.695863129792
81000	-4222.532973773205
81500	-4264.355295130784
82000	-4256.291015608463
82500	-4349.104226670044
83000	-4295.075747541604
83500	-4247.407968244302
84000	-4442.722130272678
84500	-4377.116379522175
85000	-4444.714291712422
85500	-4340.18789140818
86000	-4314.701486979043
86500	-4284.818281995448
87000	-4609.469621836428
87500	-4297.129641328867
88000	-4302.847037248297
88500	-4244.309814125465
89000	-4215.984291883324
89500	-4222.797372890188
90000	-4364.5469570302685
90500	-4446.543348059074
91000	-4270.567984595435
91500	-4343.782893314135
92000	-4136.710511961162
92500	-4198.020923135547
93000	-4200.529193177441
93500	-4166.34573086565
94000	-4214.481740949102
94500	-4143.009739973554
95000	-4179.900662105904
95500	-4013.9250354702663
96000	-4129.380976712297
96500	-4112.440078307613
97000	-4306.01166673912
97500	-4177.94366349191
98000	-4138.35675350537
98500	-4203.749340970366
99000	-4080.603887300123
99500	-4040.1873554348927
100000	-4124.591751186069
100500	-4035.0348717009815
101000	-4141.086681897044
101500	-4079.402562659671
102000	-4159.520764857203
102500	-4442.153782013555
103000	-4096.46840479268
103500	-4374.23258584322
104000	-4279.915160002947
104500	-4199.390283421502
105000	-4129.277453802454
105500	-4300.646728061362
106000	-4238.276430868809
106500	-4371.109475000222
107000	-4282.280591173224
107500	-4465.177788316383
108000	-4550.96279474004
108500	-4424.93783301406
109000	-4440.187162560236
109500	-4486.246650322996
110000	-4436.356748085192
110500	-4237.009176545631
111000	-4741.841133915484
111500	-4648.912617855976
112000	-4336.864424833159
112500	-4463.119284363149
113000	-4302.145462418172
113500	-4326.111392986589
114000	-4358.907854972131
114500	-4346.239789644751
115000	-4469.490090525158
115500	-4213.662640188466
116000	-4282.181193780738
116500	-4201.107827588624
117000	-4420.663872801993
117500	-4275.448275631636
118000	-4340.34915233176
118500	-4327.80856349782
119000	-4296.103168568263
119500	-4289.8952106973575
120000	-4269.3902433795565
120500	-4429.746201607934
121000	-4311.031769252065
121500	-4327.680157561288
122000	-4316.512702824863
122500	-4473.767127113753
123000	-4490.838482832382
123500	-4466.022155657525
124000	-4514.763785009599
124500	-4397.47111309884
125000	-4427.763371926064
125500	-4455.915982900339
126000	-4726.073691158226
126500	-4517.178527642121
127000	-4257.087219050141
127500	-4484.76439162685
128000	-4295.794999700339
128500	-4252.157867783752
129000	-4166.253688532419
129500	-4512.3514695423955
130000	-4433.052633420395
130500	-4345.929904853735
131000	-4438.270373526081
131500	-4329.161888848964
132000	-4389.636678989537
132500	-4418.232395964348
133000	-4404.978892001003
133500	-4591.279984226473
134000	-4457.169031824627
134500	-4390.764911957091
135000	-4299.142248383916
135500	-5026.305836506282
136000	-4768.590871318239
136500	-4823.384458603574
137000	-4852.395984308907
137500	-4945.041859758349
138000	-5026.388332087483
138500	-4518.598784284814
139000	-4486.1812429487545
139500	-4321.574440275292
140000	-4398.217703864962
140500	-4385.306539214418
141000	-4394.755849830258
141500	-4675.96407086179
142000	-4972.764817897783
142500	-4724.163389634152
143000	-4558.399123980567
143500	-4335.989974425467
144000	-4366.550131876383
144500	-4314.355986698133
145000	-4561.2438946461125
145500	-4596.203961839266
146000	-4565.293056070588
146500	-4468.295491865301
147000	-4443.145036356461
147500	-4351.141417605782
148000	-4553.409602295751
148500	-4577.289655570367
149000	-4616.603077917996
149500	-4587.5808372725405
150000	-4400.755025214939
150500	-4507.190120943267
151000	-4511.903092029514
151500	-4454.597764472584
152000	-4575.3320278680485
152500	-4353.348325413375
153000	-4368.075723754821
153500	-4234.068347155143
154000	-4421.123481277965
154500	-4610.853154608183
155000	-4655.786714234079
155500	-4770.691572023397
156000	-4465.996895201802
156500	-4502.53469568204
157000	-4389.619404986244
157500	-4654.435221118779
158000	-4364.951967837224
158500	-4460.667972313719
159000	-4512.994188702763
159500	-4569.63849369228
160000	-4676.370792284506
160500	-4581.538665403038
161000	-4460.848477466928
161500	-4370.647126037441
162000	-4300.204415833971
162500	-4333.374423010433
163000	-4370.1456678120185
163500	-4620.954408468637
164000	-4560.25057824723
164500	-4782.3028739991
165000	-4579.111954306928
165500	-4732.178516782707
166000	-5382.237136970535
166500	-5076.669161285753
167000	-4845.838021148862
167500	-4358.354142539788
168000	-4754.216919693531
168500	-4292.373974025729
169000	-4491.483370360029
169500	-4848.686395252753
170000	-4838.473270490771
170500	-4579.667025960441
171000	-4438.4232497207
171500	-4153.83910929487
172000	-4544.756357072561
172500	-4837.281706079718
173000	-4514.17274212188
173500	-4357.139166530382
174000	-4320.7826567188295
174500	-4505.396923972791
175000	-4291.947939763458
175500	-4340.048987016701
176000	-4343.2202136918
176500	-4096.090099060527
177000	-4208.472262380845
177500	-4322.088151302589
178000	-4237.691921807276
178500	-4254.751156973347
179000	-4536.578327113409
179500	-4282.276622130585
180000	-4282.978921900345
180500	-4277.65308562973
181000	-4301.985146148697
181500	-4422.690171178548
182000	-4310.823822998036
182500	-4330.7392289236695
183000	-4426.947570197211
183500	-4323.199753521311
184000	-4381.383364730377
184500	-4430.633304904359
185000	-4404.14763903116
185500	-4396.218323434553
186000	-4501.584012431959
186500	-4493.993633380042
187000	-4262.040612823061
187500	-4299.372594118511
188000	-4187.2185172051495
188500	-4175.492031982472
189000	-4102.798957016537
189500	-4165.514916123383
190000	-4343.975333401204
190500	-4091.038949594798
191000	-4171.122371593111
191500	-4167.1498948882345
192000	-4198.49141365254
192500	-4417.472055793669
193000	-4202.565346621807
193500	-4282.42259484571
194000	-4548.016270395445
194500	-4255.809512069668
195000	-4387.887862025068
195500	-4519.779983961279
196000	-4431.84255523121
196500	-4497.6144659877455
197000	-4477.072898416794
197500	-4487.946767999723
198000	-4408.056642012326
198500	-4289.449459063078
199000	-4535.068260906725
199500	-4503.694771892228
200000	-4946.389090004147
200500	-4615.852196923128
201000	-4494.358480697549
201500	-4372.556045234603
202000	-4373.930898138055
202500	-4388.028675504755
203000	-4345.994198486039
203500	-4236.582056192541
204000	-4384.129921578224
204500	-4223.526921795763
205000	-4465.055236733114
205500	-4325.616343620816
206000	-4367.3210927287155
206500	-4434.24437524294
207000	-4290.817641391741
207500	-4325.271202004732
208000	-4249.618668949759
208500	-4365.067911664404
209000	-4445.349936553452
209500	-4346.0091876580445
210000	-4241.682783095702
210500	-4605.7780615186175
211000	-4352.072653126493
211500	-4428.937031360888
212000	-4350.43741750588
212500	-4317.2001922595855
213000	-4569.270567262575
213500	-4736.88294026469
214000	-4933.704221154377
214500	-4417.159044109699
215000	-4587.018432711142
215500	-4629.152960582714
216000	-4997.767426179046
216500	-4715.83425319853
217000	-4745.123053958404
217500	-4812.000548204407
218000	-4522.4253377030855
218500	-4367.452765351705
219000	-4177.07568225311
219500	-4073.0349124574573
220000	-4283.359874213136
220500	-4091.5078644196733
221000	-4157.202235824281
221500	-4383.030822266565
222000	-4482.260220892421
222500	-4506.358562465266
223000	-4530.806847553794
223500	-4292.346436561406
224000	-4554.970851467142
224500	-4274.11273823435
225000	-4080.3093710394437
225500	-4363.110240200709
226000	-4210.444241104837
226500	-4202.380056655769
227000	-4208.694660432824
227500	-4274.34526986663
228000	-4269.929610840403
228500	-4439.902982396192
229000	-4104.015322106346
229500	-4317.2184683821615
230000	-4521.739434106682
230500	-4374.461164740975
231000	-4210.279368252651
231500	-4163.491692705835
232000	-4348.804730727551
232500	-4353.597206164382
233000	-4174.768065799081
233500	-4268.508523849651
234000	-4286.687167470277
234500	-4310.627444535772
235000	-4109.655554042445
235500	-4125.086332415165
236000	-4123.389052979235
236500	-4171.962548912038
237000	-4242.4398927857455
237500	-4208.13799831411
238000	-4167.653533278492
238500	-4080.7173942072104
239000	-4135.196568666926
239500	-3966.250960920641
240000	-3982.782800041506
240500	-4016.8925086178506
241000	-4209.018514137087
241500	-4132.910898418334
242000	-4288.752956619904
242500	-4406.244096914139
243000	-4310.663586964358
243500	-4198.159590607748
244000	-4246.483399673281
244500	-4317.398868029463
245000	-4248.487521830203
245500	-4484.204650864615
246000	-4544.212798004104
246500	-4491.679116030967
247000	-4659.411598051742
247500	-4566.609849281357
248000	-4427.724816161516
248500	-4373.838594434664
249000	-4190.157808813055
249500	-4215.538878915182
250000	-4088.663707119144
250500	-4226.295621943439
251000	-4236.862886267417
251500	-4189.508080906089
252000	-4279.38095490124
252500	-4244.7265080390525
253000	-4267.703610884972
253500	-4317.2365320253575
254000	-4504.999287067946
254500	-4310.126241713128
255000	-4352.099911804004
255500	-4358.698658220152
256000	-4375.710893822829
256500	-4756.28481033745
257000	-4790.751721599035
257500	-4520.283233653277
258000	-4483.436596636641
258500	-4351.891574755326
259000	-4134.61586972732
259500	-4292.904547130666
260000	-4399.086225435013
260500	-4908.615947516245
261000	-4645.921468532408
261500	-4800.333374604834
262000	-4604.698377232263
262500	-4250.606201432459
263000	-4259.206910420951
263500	-4170.33062923508
264000	-4070.267150170159
264500	-4239.891680335837
265000	-4245.858429001172
265500	-4353.693966025317
266000	-4254.221567831231
266500	-4272.91608164074
267000	-4446.332554126396
267500	-4427.006944888314
268000	-4250.066262602923
268500	-4151.1872655425295
269000	-4304.7874865300155
269500	-4308.47353915304
270000	-4368.091458139316
270500	-4494.999829983831
271000	-4589.079193416577
271500	-4238.735477294707
272000	-4295.369848581817
272500	-4217.274256295585
273000	-4342.436854125522
273500	-4961.235423473836
274000	-4308.243872626631
274500	-4416.593225699744
275000	-4370.330281751508
275500	-4225.5724015744445
276000	-4309.23705772768
276500	-4364.1607774307895
277000	-4475.244555182612
277500	-4344.731157219849
278000	-4762.547291908792
278500	-4444.657072777816
279000	-4275.432186899117
279500	-4439.0365883210025
280000	-4369.091913795288
280500	-4453.173996360249
281000	-4394.201451045955
281500	-4293.74065446795
282000	-4395.307219323242
282500	-4472.503406048428
283000	-4301.136475012926
283500	-4578.728168424898
284000	-4243.03857872951
284500	-4550.573059158221
285000	-4451.909700518466
285500	-4245.454855556295
286000	-4456.259602190676
286500	-4202.0889290621835
287000	-4319.8392229381525
287500	-4305.3798440878045
288000	-4364.109679243335
288500	-4371.6699237008415
289000	-4283.778518301292
289500	-4272.730868121864
290000	-4488.8408625262655
290500	-4698.955715815985
291000	-4171.077935942215
291500	-4186.523051463711
292000	-4136.298360267152
292500	-4399.630300120656
293000	-4245.203219233495
293500	-4257.9538576665645
294000	-4381.364342952072
294500	-4351.890564473932
295000	-4204.472894580466
295500	-4470.946765047927
296000	-4328.373814315736
296500	-4251.586799826014
297000	-4357.3611753196465
297500	-4313.874677667964
298000	-4276.709367053526
298500	-4322.925680334016
299000	-4581.76299821245
299500	-4525.156059299635
300000	-4700.519767258986
300500	-4385.925398523665
301000	-4388.054104462609
301500	-4442.359818086042
302000	-4468.446518665433
302500	-4573.3055050692865
303000	-4793.601996880967
303500	-4553.938735161218
304000	-4706.747110958737
304500	-4499.121504066411
305000	-4812.251635909786
305500	-4670.9521844697665
306000	-4669.136241904446
306500	-4614.668938225149
307000	-4613.973275368745
307500	-4502.424417998645
308000	-4592.4065231392615
308500	-4299.989151641448
309000	-5006.648865680544
309500	-4482.346453072838
310000	-4651.067488246232
310500	-4534.275486809673
311000	-4480.968323674956
311500	-4595.273529479237
312000	-4578.684284140081
312500	-4486.290784474506
313000	-4364.491506277496
313500	-4420.984824761442
314000	-4601.987027088696
314500	-4497.565760430542
315000	-4439.9281671116
315500	-4449.499331922291
316000	-4528.024688870136
316500	-4450.615117346702
317000	-4440.479110314309
317500	-4478.678474258037
318000	-4568.198291473496
318500	-4371.700507009038
319000	-4779.195856177614
319500	-4907.191794550263
320000	-5037.107691919917
320500	-4748.581002235815
321000	-4548.677314086016
321500	-4635.9740269595095
322000	-4477.073506325691
322500	-4453.584334121352
323000	-4366.35689926014
323500	-4380.624081439447
324000	-4360.0477654485385
324500	-4326.905629137015
325000	-4239.56937331608
325500	-4361.876344702224
326000	-4318.154858212891
326500	-4268.556417106128
327000	-4240.7694611280795
327500	-4276.599558711989
328000	-4369.218705633035
328500	-4237.628676382688
329000	-4344.215158110589
329500	-4607.877823517142
330000	-4468.2268670422445
330500	-4655.247666617038
331000	-4307.307528502932
331500	-4292.769690217681
332000	-4339.584026248093
332500	-4369.127218839571
333000	-4380.457637002442
333500	-4377.190493792747
334000	-4653.708646437833
334500	-4521.127925896999
335000	-4184.6567826859
335500	-4201.72433760705
336000	-4282.982111974558
336500	-4304.140061173894
337000	-4347.596147408039
337500	-4438.496301313145
338000	-4216.660345904287
338500	-4337.439824905836
339000	-4286.461116617384
339500	-4501.1450953967305
340000	-4160.078915458303
340500	-4200.483956499416
341000	-4315.747772476793
341500	-4263.28496954424
342000	-4242.969590763075
342500	-4134.397176392446
343000	-4337.976672798455
343500	-4230.093782253392
344000	-4286.205972770706
344500	-4198.40133857662
345000	-4394.9630556811235
345500	-4236.4287462225975
346000	-4030.172902655569
346500	-4341.612600231604
347000	-4348.301191919903
347500	-4383.712249859212
348000	-4365.0738357563005
348500	-4250.065661423126
349000	-4426.1360942268575
349500	-4316.907723277459
350000	-4269.735799672366
350500	-4429.841926173092
351000	-4349.973365660032
351500	-4360.118668714445
352000	-4412.6139441212235
352500	-4351.390076785132
353000	-4479.512026608202
353500	-4460.642904826403
354000	-4393.83382909078
354500	-4572.88502960608
355000	-4396.757281149412
355500	-4387.57136551684
356000	-4773.454610104149
356500	-4933.491039249107
357000	-4444.893683486583
357500	-4441.4369093551595
358000	-4563.799216726463
358500	-4342.526741333994
359000	-4348.253196753041
359500	-4410.058455527376
360000	-4396.8038080863935
360500	-4346.024692212164
361000	-4361.976894216615
361500	-4268.8452052535295
362000	-4566.673156351714
362500	-4235.539067456842
363000	-4291.082684978324
363500	-4160.355088469638
364000	-4600.047316455193
364500	-4540.490731676043
365000	-4274.78780557919
365500	-4347.389459490132
366000	-4409.28958821907
366500	-4227.840656450126
367000	-4376.900444638618
367500	-4563.665185358146
368000	-4424.219256062173
368500	-4289.653491289753
369000	-4305.359968902017
369500	-4346.197447588334
370000	-4272.677401954053
370500	-4415.231489724034
371000	-4258.432877264506
371500	-4457.046634991239
372000	-4557.72574847312
372500	-4577.004718003114
373000	-4574.148491077739
373500	-4438.705072970905
374000	-4354.523970998214
374500	-4370.627281237929
375000	-4283.812063287311
375500	-4403.814622313338
376000	-4648.767069635785
376500	-4683.616777515048
377000	-4884.3454452807255
377500	-4844.575432205024
378000	-4684.284606351304
378500	-4356.492617046936
379000	-4301.062567603761
379500	-4417.774006618216
380000	-4616.974482412955
380500	-4592.768927313252
381000	-4688.232504030121
381500	-4675.479569557976
382000	-4601.067192376716
382500	-4295.646348605793
383000	-4340.580101463186
383500	-4403.583108823798
384000	-4322.687691441118
384500	-4419.87349922323
385000	-4460.3190478718
385500	-4388.098750996402
386000	-4358.491679316179
386500	-4377.352481044445
387000	-4236.727518812649
387500	-4294.093964806131
388000	-4285.007152032514
388500	-4522.776014127678
389000	-4506.645248687152
389500	-4713.3180501577635
390000	-4441.745756157942
390500	-4616.317236721307
391000	-4603.233293134132
391500	-4725.509953679528
392000	-4819.052387828903
392500	-5241.329532152966
393000	-5179.739387546292
393500	-5364.826729220704
394000	-4726.460300046935
394500	-5087.495765328946
395000	-4629.058445246503
395500	-4487.105524064286
396000	-4703.205380613444
396500	-4499.918627625483
397000	-4393.61206078225
397500	-4508.36582960385
398000	-4690.069971437074
398500	-4534.251577899023
399000	-4555.162552831697
399500	-4342.570245957711
400000	-4292.731698583139
400500	-4231.530555625169
401000	-4196.712943420026
401500	-4565.656297438112
402000	-4363.960998932273
402500	-4525.233100825336
403000	-4320.093515074085
403500	-4266.157822200475
404000	-4308.512831480502
404500	-4404.068527753808
405000	-4678.667538299052
405500	-4509.925272419316
406000	-4464.827780834567
406500	-4288.107854884803
407000	-4517.451988243058
407500	-4289.251696625726
408000	-4365.602697125785
408500	-4277.891308400248
409000	-4283.676339637066
409500	-4372.7872746485955
410000	-4638.639552122252
410500	-4854.2713144311865
411000	-4407.32295262472
411500	-4363.697250662303
412000	-4432.0947069152635
412500	-4569.798717446595
413000	-4496.86769182306
413500	-4820.7814748546925
414000	-4563.892104666226
414500	-4437.051392969568
415000	-4560.981816503034
415500	-4875.002049760582
416000	-4465.969295939333
416500	-4399.497889035903
417000	-4477.906233373692
417500	-4559.915420236611
418000	-4718.673591403166
418500	-4461.156200885851
419000	-4319.3843056065025
419500	-4405.897879798716
420000	-4624.475302839708
420500	-4774.628096829229
421000	-4363.3506209271745
421500	-4602.703680289229
422000	-4742.940755213294
422500	-4585.039465136033
423000	-4411.69999053215
423500	-4592.570397485845
424000	-4600.371045218487
424500	-4136.702575011782
425000	-4418.115785443706
425500	-4309.805125959518
426000	-4598.031145731043
426500	-4446.178035192665
427000	-4399.851907945423
427500	-4432.2914780194305
428000	-4279.712820937538
428500	-4430.641346601153
429000	-4460.71477800336
429500	-4354.280799492448
430000	-4352.2576902057635
430500	-4407.143598589564
431000	-4301.1187111721465
431500	-4625.420654096322
432000	-4660.144694426069
432500	-4531.886946124539
433000	-4530.999335400824
433500	-4764.365681214222
434000	-4403.1115753377935
434500	-4512.111590768469
435000	-4617.126105008675
435500	-4309.755061279377
436000	-4405.2127943592295
436500	-4254.35263200965
437000	-4238.083581839843
437500	-4221.056799964095
438000	-4159.981365762908
438500	-4205.940730482424
439000	-4220.28036195144
439500	-4329.15155157708
440000	-4262.12832244568
440500	-4444.707885909611
441000	-4297.914424043279
441500	-4290.9709958725825
442000	-4294.638523770845
442500	-4341.341184707916
443000	-4782.056791624605
443500	-4434.468927292206
444000	-4389.9887037848985
444500	-4399.696564029195
445000	-4256.703490789774
445500	-4323.663824044105
446000	-4225.8257297767595
446500	-4537.811302791798
447000	-4457.659528504371
447500	-4385.826234513186
448000	-4369.924467700051
448500	-4365.9562042813595
449000	-4191.123668011276
449500	-4335.538967771961
450000	-4286.563259260299
450500	-4363.941796859422
451000	-4289.276115275778
451500	-4244.613456044275
452000	-4223.4101547166965
452500	-4153.309834407204
453000	-4244.336257557709
453500	-4277.11916780701
454000	-4448.772775381536
454500	-4236.0304947032455
455000	-4175.814915429052
455500	-4180.133808379009
456000	-4321.411306819916
456500	-4203.191367433971
457000	-4439.944165665019
457500	-4778.153314000925
458000	-4734.053585602129
458500	-4385.7760190207
459000	-4279.529481081313
459500	-4319.427939864833
460000	-4389.768567325383
460500	-4194.21191259696
461000	-4266.041136227598
461500	-4220.934976657564
462000	-4254.072667353158
462500	-4354.1457140818775
463000	-4413.88092024006
463500	-4293.56857668236
464000	-4167.385287056191
464500	-4208.718166613217
465000	-4298.4249706371575
465500	-4225.018985997008
466000	-4482.972965767845
466500	-4389.289033807803
467000	-4403.975928244218
467500	-4211.217569407197
468000	-4273.3383064709415
468500	-4437.654195910753
469000	-4406.51446800101
469500	-4475.226597183208
470000	-4461.130678915456
470500	-4076.2416244090064
471000	-4182.545870617309
471500	-4283.2092871216155
472000	-4258.653162219724
472500	-4388.106487993328
473000	-4445.11554943563
473500	-4477.126484023554
474000	-4384.831189897466
474500	-4418.076318284749
475000	-4478.349021265619
475500	-4443.277444435998
476000	-4470.252768724176
476500	-4376.981729321606
477000	-4561.192677676978
477500	-4406.67979576031
478000	-4440.2206904295035
478500	-4583.144620387641
479000	-4494.558780810687
479500	-4410.202002489745
480000	-4773.53540399894
480500	-4588.61652130948
481000	-4616.0758901311565
481500	-4740.431624013057
482000	-4464.3191826397
482500	-4595.0889074700335
483000	-4740.206866471389
483500	-5034.380807983874
484000	-4900.582615992152
484500	-5251.212319505423
485000	-4750.295140710014
485500	-4603.826675282487
486000	-4690.083200664658
486500	-4704.23222478428
487000	-4603.356586318278
487500	-4390.045210826658
488000	-5082.775028390451
488500	-4897.05643370818
489000	-4734.463033549377
489500	-4650.476750438247
490000	-4725.726381239486
490500	-4495.11117828438
491000	-4344.636651773756
491500	-4426.471803786539
492000	-4272.544287768107
492500	-4247.652169792403
493000	-4294.921173955281
493500	-4276.3932632099595
494000	-4461.939372005808
494500	-4354.042166871667
495000	-4292.745533370531
495500	-4401.869399367499
496000	-4382.449508900036
496500	-4478.572585318166
497000	-4302.514529596038
497500	-4460.50202673067
498000	-4243.64690206172
498500	-4202.251095406997
499000	-4395.480974495577
499500	-4106.655270128641
500000	-4256.969930709537
500500	-4394.887008292406
501000	-4135.594249054915
501500	-3932.295127185491
502000	-4028.2647423303474
502500	-4151.525557112985
503000	-4128.98203190116
503500	-4110.054996450168
504000	-3999.876334106775
504500	-4443.936331915024
505000	-4133.004391998035
505500	-4133.354975800336
506000	-4062.897313825251
506500	-4016.501472660797
507000	-4078.6724670073345
507500	-4020.1052806019193
508000	-4022.558724452691
508500	-4050.1798528421714
509000	-4098.897555454561
509500	-4117.367874267077
510000	-4142.485808475595
510500	-4148.115992572932
511000	-4065.0365837111635
511500	-4285.0866117265
512000	-4521.983806262794
512500	-4052.0549986787464
513000	-4095.530166440227
513500	-4314.105658167537
514000	-4248.923224035214
514500	-3987.0239012688044
515000	-4062.7164822908476
515500	-4071.7096622523427
516000	-4039.2429250376813
516500	-4014.1191374865375
517000	-4248.845653110379
517500	-4306.877127762324
518000	-4152.536989648914
518500	-4620.550149394608
519000	-4191.012119393951
519500	-4179.180178392498
520000	-4233.892393947616
520500	-4236.318989469048
521000	-4270.244474982434
521500	-4094.5112714789443
522000	-4108.223451578527
522500	-4076.1124350893692
523000	-4322.154662106848
523500	-4160.325893567406
524000	-4414.580907942807
524500	-4227.737528034986
525000	-4171.82116386567
525500	-4224.431997255841
526000	-4138.9304149934
526500	-4064.8116257035003
527000	-4170.916693572494
527500	-4383.5793064641775
528000	-4202.766742004088
528500	-4404.235802558209
529000	-4197.363683331481
529500	-4266.862596597275
530000	-4409.431982037137
530500	-4360.720122444583
531000	-4178.271550093958
531500	-4160.710184255294
532000	-4748.191921769104
532500	-4140.034194244545
533000	-4345.4551531607995
533500	-4323.264520863365
534000	-4281.187317777822
534500	-4381.160189069031
535000	-4509.119767068265
535500	-4225.4624198464035
536000	-4052.832158115554
536500	-4227.710860226432
537000	-4347.601596422815
537500	-4420.573653496243
538000	-4286.606053259902
538500	-4184.593518751601
539000	-4174.466398248685
539500	-4163.41013490965
540000	-4243.555309380974
540500	-4373.758478665098
541000	-4132.650612108566
541500	-4245.599820417994
542000	-4317.94931275488
542500	-4696.8707248716455
543000	-4001.8171206004727
543500	-4188.537540359441
544000	-4247.417805592769
544500	-4493.616089642484
545000	-4214.160760331627
545500	-4254.729503331374
546000	-4260.372685218645
546500	-4167.477847549867
547000	-4138.863396788693
547500	-4182.7028669477995
548000	-4450.144474637955
548500	-4189.430225523053
549000	-4504.226180785676
549500	-4384.600794045356
550000	-4444.088369696259
550500	-4225.159230587102
551000	-4315.708112876376
551500	-4356.147477907662
552000	-4506.572223879963
552500	-4458.022520728408
553000	-4453.4117683294435
553500	-4493.0525101441
554000	-4571.643227225648
554500	-4243.492359530669
555000	-4632.640701108796
555500	-4208.065875626104
556000	-4326.251589497062
556500	-4581.823022119823
557000	-4465.220626454574
557500	-4688.390820784042
558000	-4495.031447872507
558500	-4764.742288204769
559000	-4407.971680229852
559500	-4418.77027353925
560000	-4516.564436277842
560500	-4325.960618235208
561000	-4440.889321738192
561500	-4658.242772763865
562000	-4608.8446243262
562500	-4231.494663743059
563000	-4183.735177615693
563500	-4344.592607955645
564000	-4331.60320648215
564500	-4353.368784268878
565000	-4468.5298484812965
565500	-4642.385628596581
566000	-4430.473328945489
566500	-4475.496611692426
567000	-4602.502526512544
567500	-4891.636209573497
568000	-4233.582392556188
568500	-4572.072839899964
569000	-4282.163860995856
569500	-4287.744642488706
570000	-4295.85385873209
570500	-4334.004634987658
571000	-4203.642233128262
571500	-4061.6350905801455
572000	-4169.99554929935
572500	-4088.9000467545666
573000	-4331.090692932477
573500	-4175.995113584352
574000	-4127.024706130283
574500	-4272.546471559341
575000	-4858.604312193281
575500	-4394.704176826362
576000	-4520.012376421958
576500	-4386.264603280429
577000	-4136.1011498311045
577500	-3979.5701573971846
578000	-4253.720141223153
578500	-4275.361677411314
579000	-4248.022443806872
579500	-4087.3023052838926
580000	-4039.5625883641055
580500	-4178.979527349054
581000	-4450.648194404825
581500	-4215.642356657533
582000	-4305.144394703946
582500	-4234.197112825111
583000	-4168.549005010977
583500	-4423.980692634846
584000	-4323.618499281783
584500	-4694.064967581692
585000	-4584.044298669279
585500	-4544.892453393272
586000	-4563.017700691421
586500	-4724.292529711163
587000	-4584.588544217244
587500	-4493.858346443472
588000	-4419.614275195157
588500	-4437.276582397297
589000	-4405.497660571109
589500	-4691.920638473447
590000	-4739.984202791623
590500	-4308.940837589374
591000	-4502.516910560814
591500	-4623.7681785635405
592000	-4511.080216150927
592500	-4476.598532436537
593000	-4467.188038682962
593500	-4444.764631371537
594000	-4529.212802719457
594500	-4653.0659935217545
595000	-4508.985406183903
595500	-4684.198498201487
596000	-4936.774669006339
596500	-4985.646799335938
597000	-4266.301279979665
597500	-4185.5500131578265
598000	-4280.73706532469
598500	-4375.399711091768
599000	-4287.846979713732
599500	-4319.291958767319
600000	-4426.218992638749
600500	-4475.475627069826
601000	-4350.800933903744
601500	-4385.085072230532
602000	-4471.198924981204
602500	-4320.002032444405
603000	-4436.171992010625
603500	-4404.212941737566
604000	-4474.493944752033
604500	-4582.677009842812
605000	-4367.278397377284
605500	-4529.564187432303
606000	-4682.973749063158
606500	-4397.482575691789
607000	-4502.399183776974
607500	-4326.227925069826
608000	-4382.078721837396
608500	-4588.3443362692415
609000	-4456.396562054136
609500	-4570.435459005616
610000	-4629.325888014976
610500	-4445.708257834554
611000	-4417.872070141363
611500	-4717.703616456402
612000	-4347.426279687842
612500	-4435.966057400506
613000	-4496.321843149284
613500	-4454.3747962644275
614000	-4600.906527239347
614500	-4459.1364838738255
615000	-4439.446880707461
615500	-4506.656925031167
616000	-4503.928474169566
616500	-4387.541582518
617000	-4451.432878758644
617500	-4358.510723967857
618000	-4542.045541412733
618500	-4324.8857741659685
619000	-4376.047696118472
619500	-4391.971574500161
620000	-4333.10968011287
620500	-4223.620241849688
621000	-4300.762606704253
621500	-4499.598872939771
622000	-4253.743363326829
622500	-4569.11431166255
623000	-4270.822057244621
623500	-4203.096759607681
624000	-4387.644041167613
624500	-4413.814161014849
625000	-4480.964262525178
625500	-4520.444557626963
626000	-4588.231912728443
626500	-4667.641293071361
627000	-4686.896928119682
627500	-4541.756039133706
628000	-4399.034445146571
628500	-4260.99700541767
629000	-4282.980333153167
629500	-4179.891901929906
630000	-4345.230723872295
630500	-4666.158707917196
631000	-4276.367163969202
631500	-4336.571985875979
632000	-4210.855034909725
632500	-4305.501676442573
633000	-4546.801400550934
633500	-4322.112214693126
634000	-4322.266963408634
634500	-4357.597178134697
635000	-4175.156531927821
635500	-4299.656261209977
636000	-4448.39515453258
636500	-4492.035526910132
637000	-4446.066598458826
637500	-4631.570355525382
638000	-4470.070421734461
638500	-4382.043017615038
639000	-4398.532141853083
639500	-4652.09785383365
640000	-4968.8861710654
640500	-4536.865169126426
641000	-4790.857004373796
641500	-4818.207936162586
642000	-4740.118814071205
642500	-4747.518663020889
643000	-4793.98542866017
643500	-4726.681216296735
644000	-4733.74463743338
644500	-4818.169124298676
645000	-4921.190430091112
645500	-4925.913610208183
646000	-5279.042982711084
646500	-5122.675624566035
647000	-5125.9219864763845
647500	-4978.9942796221985
648000	-4893.370110895151
648500	-5039.863557939325
649000	-4925.006049078665
649500	-4920.727883383679
650000	-4823.093261012595
650500	-4867.321385676452
651000	-4665.811593124042
651500	-4777.489050408568
652000	-5072.3633991401775
652500	-5042.97028692486
653000	-4796.625672435639
653500	-5113.08295226018
654000	-5005.734027338878
654500	-5083.010675066045
655000	-4780.473098040596
655500	-4907.623564884589
656000	-4993.292541620588
656500	-4779.266130937911
657000	-4776.200573321618
657500	-4294.480324436743
658000	-4506.3038322861485
658500	-4191.836606368302
659000	-4436.636685124581
659500	-4588.165986993271
660000	-4455.602399970473
660500	-4384.089688799868
661000	-4883.49319957192
661500	-4968.310000128835
662000	-4541.072894749117
662500	-4382.887960815298
663000	-4461.229348607444
663500	-4813.041703626768
664000	-4305.408159018701
664500	-4396.102945141035
665000	-4565.923246053514
665500	-4726.6352615156175
666000	-4647.727989669546
666500	-4937.96334528682
667000	-4633.173552021341
667500	-4572.368466090697
668000	-4932.630500808182
668500	-4733.865680471298
669000	-4601.753435506208
669500	-4598.8042143014545
670000	-4514.250398637499
670500	-4924.020839628946
671000	-4577.236678846205
671500	-4441.110373472587
672000	-4331.11640197554
672500	-4636.744188652487
673000	-4360.309159162897
673500	-4643.977752705522
674000	-4291.98295314757
674500	-4387.5986201888
675000	-4451.329793701834
675500	-4645.151022382002
676000	-4532.80031713412
676500	-4596.260574923347
677000	-4471.661266871341
677500	-4400.8093738861
678000	-4385.907595339288
678500	-4141.069484166875
679000	-4155.308376292733
679500	-4370.689357799636
680000	-4484.061754686877
680500	-4531.5799715025205
681000	-4329.410067897175
681500	-4439.53127446938
682000	-4374.7208580333645
682500	-4487.573110654281
683000	-4446.943459172443
683500	-4192.997004505402
684000	-4409.395039452337
684500	-4366.616825038648
685000	-4202.881420795081
685500	-4424.637170750953
686000	-4419.356913795622
686500	-4511.484014101206
687000	-4319.622167652742
687500	-4225.483395643265
688000	-4291.021485259119
688500	-4169.637962043987
689000	-4117.716004153961
689500	-4639.829144815219
690000	-4808.247357922793
690500	-4114.695291246158
691000	-5026.095669658561
691500	-4389.683537657213
692000	-4206.938872573601
692500	-4242.109823871976
693000	-4248.807139369554
693500	-4458.319011229595
694000	-4262.934988120101
694500	-4357.786099377177
695000	-4313.242582986895
695500	-4390.8246337967485
696000	-4752.073710570841
696500	-4659.113367697438
697000	-4360.106318507877
697500	-4419.009212376283
698000	-4466.582327715329
698500	-4287.995467160836
699000	-4392.559242167459
699500	-4610.8979570174915
700000	-4273.63822731206
700500	-4518.072683778282
701000	-4492.78807072333
701500	-4834.961738293853
702000	-4586.398181032289
702500	-4363.029456273634
703000	-4629.866339534054
703500	-4366.428172445068
704000	-4250.084401421488
704500	-4523.153323970808
705000	-4329.1838232987875
705500	-4293.353531818242
706000	-4525.016109131296
706500	-4245.177784227283
707000	-4249.039383567793
707500	-4342.003331939199
708000	-4444.338005914994
708500	-4500.683345127326
709000	-4434.651560162635
709500	-4440.38392567426
710000	-4410.293722982626
710500	-4543.129384436932
711000	-4221.244330910812
711500	-4670.30858353152
712000	-4610.404977905621
712500	-4566.700337744709
713000	-4345.706530499039
713500	-4400.017865975896
714000	-4564.602428014848
714500	-4449.070222103558
715000	-4474.356203591691
715500	-4448.633168330676
716000	-4392.910586644515
716500	-4150.28036536823
717000	-4404.2100026094095
717500	-4786.65513271818
718000	-4400.730511030276
718500	-4213.475609244168
719000	-4583.6787588372
719500	-4337.395127154032
720000	-4808.1364692319385
720500	-5190.8533821585
721000	-4590.410418626463
721500	-4530.419451454524
722000	-4311.062599460168
722500	-4100.375592104591
723000	-4246.083228052615
723500	-4452.708158040062
724000	-4534.442631707316
724500	-4299.986801144621
725000	-4596.497762946458
725500	-4575.096935708296
726000	-4513.426357302229
726500	-4158.46570604174
727000	-4317.697119624066
727500	-4091.101222121632
728000	-4235.043444161397
728500	-4366.957623408628
729000	-4528.971285472954
729500	-4414.726085788954
730000	-4629.7196162214
730500	-4243.356472963398
731000	-4290.393681007425
731500	-4615.340555313938
732000	-4707.957624479984
732500	-4375.793804419278
733000	-4660.061594835023
733500	-4441.298339058566
734000	-4502.536652207092
734500	-4415.882028850508
735000	-4416.910039914099
735500	-4316.897509798644
736000	-4615.989197880965
736500	-4745.954111268867
737000	-4358.88469601309
737500	-4355.449659999684
738000	-4717.355137816022
738500	-4420.266164360467
739000	-4463.683552187442
739500	-4378.764682739916
740000	-4495.939990967227
740500	-4524.983791174556
741000	-4442.150142559828
741500	-4736.8779145986755
742000	-4273.026596842247
742500	-4353.9711409372985
743000	-4595.355377865337
743500	-4542.779561619744
744000	-4780.050216186317
744500	-4572.836332349194
745000	-4389.304617089471
745500	-4705.43755111527
746000	-4777.182648887549
746500	-4532.807209106099
747000	-4488.778560614307
747500	-4545.689099503304
748000	-4544.6741074907395
748500	-4618.415959859688
749000	-4641.916874704887
749500	-4749.051955885859
750000	-4182.13032797036
750500	-4478.827351074631
751000	-4976.260921115978
751500	-4831.016049781935
752000	-4776.5182212506725
752500	-4618.954664970589
753000	-4496.371651845825
753500	-4317.905104314704
754000	-4266.9227060418025
754500	-4180.642747090915
755000	-4903.146661430849
755500	-4993.0884820949705
756000	-4406.320139322612
756500	-4177.6220668917085
757000	-4628.991252617425
757500	-4453.828687132398
758000	-4330.288120287439
758500	-4300.155745680153
759000	-4404.873468985576
759500	-4917.26639556323
760000	-4338.79449906027
760500	-4393.672221789055
761000	-4467.377742003471
761500	-4426.793942742373
762000	-4664.755448514541
762500	-4551.944124949428
763000	-4414.937511664534
763500	-4507.650427722644
764000	-4491.315388358272
764500	-4456.677219417568
765000	-4411.307918595258
765500	-4718.232879578455
766000	-4721.802594164094
766500	-4776.701029872807
767000	-4486.604639113734
767500	-4370.805577610474
768000	-4378.252254139461
768500	-4558.408894955532
769000	-4222.5581742172535
769500	-4427.007752017774
770000	-4309.9124732220225
770500	-4253.3497685195525
771000	-4233.317794118687
771500	-4356.463806254016
772000	-4297.853340985752
772500	-4411.9206688292525
773000	-4510.168715133932
773500	-4312.0886681293105
774000	-4580.953290285408
774500	-4138.545883385019
775000	-4347.492544534455
775500	-4586.113165187009
776000	-4294.881675644556
776500	-4392.422870272419
777000	-4245.843625039273
777500	-4233.1125244070945
778000	-4172.2656322086605
778500	-4193.743921634667
779000	-4312.627385326255
779500	-4439.0177350841495
780000	-4407.685179909091
780500	-4366.536941640918
781000	-4531.834588125751
781500	-4604.187339860911
782000	-4443.972632430295
782500	-4260.2746487034665
783000	-4494.416663511776
783500	-4340.347794390322
784000	-4603.7526564536865
784500	-4484.58550483918
785000	-4585.8833645719915
785500	-4410.739231417612
786000	-4455.458981235155
786500	-4304.6501627119915
787000	-4329.887568041559
787500	-4434.0059591991385
788000	-4540.948685289732
788500	-4452.972993973564
789000	-4747.57224667771
789500	-4728.083311458336
790000	-4365.62397173039
790500	-4466.221603653453
791000	-4708.991086717016
791500	-4318.6776589127
792000	-4321.9054909456
792500	-4285.606348786087
793000	-4228.094281342173
793500	-4302.836462334645
794000	-4129.996062864956
794500	-4219.615254841787
795000	-4190.057613208038
795500	-4268.950945757289
796000	-4253.429598797916
796500	-4165.099135879448
797000	-4627.217055218008
797500	-4538.189660207659
798000	-4319.47559793457
798500	-4632.729006732512
799000	-4735.089598848478
799500	-4512.544835404283
800000	-4261.6184487126
800500	-4289.31515696449
801000	-4575.692260409609
801500	-4447.308236862342
802000	-4368.911724684519
802500	-4263.300623529475
803000	-4079.4703919589265
803500	-4423.972068171955
804000	-4223.908159372098
804500	-4253.368704401338
805000	-4169.71203762289
805500	-4622.869137581501
806000	-4124.332471660792
806500	-4269.538668567435
807000	-4177.658055843734
807500	-4345.904046296313
808000	-4419.536438876373
808500	-4639.104170592581
809000	-4185.123646503292
809500	-4418.325938180714
810000	-4164.176700065366
810500	-4333.024899393592
811000	-4260.932168022734
811500	-4012.5546040660965
812000	-4036.575012324205
812500	-4403.405463759356
813000	-4440.961180339891
813500	-4043.2868030238724
814000	-4024.1683105456477
814500	-4131.640580085023
815000	-4249.784374259167
815500	-4251.852730668061
816000	-4589.7891369735935
816500	-4217.190326364637
817000	-4140.851168180027
817500	-4341.916592705127
818000	-4243.95227051106
818500	-4225.674232889809
819000	-4086.2131259087982
819500	-4199.326395101943
820000	-4292.099037188468
820500	-4207.964972549789
821000	-4500.06099735767
821500	-4190.172756207599
822000	-4266.993772564138
822500	-4335.643492912843
823000	-4217.185826352769
823500	-4180.368684042979
824000	-4720.710243759964
824500	-4303.670777950857
825000	-4337.6668479998425
825500	-4350.221550077675
826000	-4358.684139496582
826500	-4238.788878346952
827000	-4539.677155168428
827500	-4371.864482481517
828000	-4338.271105571806
828500	-4123.056588412186
829000	-4317.831071534689
829500	-4182.3807100699205
830000	-4628.022622748002
830500	-4524.698015737528
831000	-4397.046401413847
831500	-4341.211688038205
832000	-4390.381265804682
832500	-4356.2156969059715
833000	-4383.50959847935
833500	-4232.312580543235
834000	-4310.130944771571
834500	-4298.807500105736
835000	-4114.978552681698
835500	-4778.838318044315
836000	-4472.120570775595
836500	-4566.18314912657
837000	-4747.320985836673
837500	-4442.199940117467
838000	-4342.872795841977
838500	-4469.244266979359
839000	-4557.033992984706
839500	-4397.147114041109
840000	-4500.786316136925
840500	-4539.715925925247
841000	-4546.379538805097
841500	-4596.509359255446
842000	-4471.206191555899
842500	-4313.370289343102
843000	-4442.289496967845
843500	-4688.52907679435
844000	-4580.583079960243
844500	-4541.283764586345
845000	-4598.686667461652
845500	-4373.767366817774
846000	-4589.363919682488
846500	-4734.9711459298405
847000	-4660.039800287291
847500	-4751.372009705076
848000	-4898.184125086622
848500	-4918.596475992715
849000	-4486.801499769305
849500	-4456.252825388529
850000	-4304.142499876558
850500	-4639.288076297303
851000	-4486.234731120209
851500	-4606.075524543883
852000	-4638.446663450721
852500	-4292.49396268684
853000	-4284.498385900521
853500	-4600.1131389114
854000	-4326.07932268464
854500	-4588.383821266789
855000	-4547.882653594221
855500	-4488.375336903709
856000	-4512.816226657033
856500	-4383.548491550972
857000	-4589.191389645744
857500	-4758.019325436195
858000	-4813.511289861114
858500	-4556.120160726141
859000	-4571.774896612434
859500	-4434.053828296735
860000	-4526.610052973959
860500	-4344.7694526555815
861000	-4479.675317312672
861500	-4293.223542600207
862000	-4675.173024013268
862500	-4375.980960494207
863000	-4406.06734488439
863500	-4383.888437343505
864000	-4882.549094161006
864500	-4429.4786388001385
865000	-4531.679180640047
865500	-4699.300979973838
866000	-4942.435872795641
866500	-5211.615082982697
867000	-5076.12200121184
867500	-4745.234260016721
868000	-4640.6592247161125
868500	-5037.776584397166
869000	-5026.743916223605
869500	-4650.431373608157
870000	-4604.945714968268
870500	-4559.838399075937
871000	-4454.479769177255
871500	-4475.611087900691
872000	-4643.200319885612
872500	-4718.21666995898
873000	-4397.065717197881
873500	-4348.140779730176
874000	-4365.97106183133
874500	-4505.857579855771
875000	-4509.512140285166
875500	-4511.800209337141
876000	-4641.6740730244965
876500	-4523.114574715261
877000	-4350.710147088683
877500	-4363.57441822404
878000	-4311.252116691424
878500	-4442.717662983536
879000	-4417.5665510905455
879500	-4551.453836713743
880000	-4716.277150101979
880500	-4557.025764960577
881000	-4840.286531978318
881500	-4667.390944272589
882000	-4402.289845779914
882500	-4550.674360645205
883000	-4726.3200331403405
883500	-4672.098905363789
884000	-5019.648933010046
884500	-4663.065018122202
885000	-4611.766727941615
885500	-4491.212211416015
886000	-4875.117860129166
886500	-5104.485579471858
887000	-4882.187297905015
887500	-4787.595398520584
888000	-4856.056109731578
888500	-4847.815706072518
889000	-4589.37292433718
889500	-4745.052543729634
890000	-5007.339637231819
890500	-4524.010072378285
891000	-4572.834632588846
891500	-4615.399142358959
892000	-4663.202058603318
892500	-4977.90387287134
893000	-4834.297255326774
893500	-4894.089799534833
894000	-4848.301790567026
894500	-4522.981794283392
895000	-4682.943679388415
895500	-4570.402723540993
896000	-4913.0914511611245
896500	-4960.162109828201
897000	-5117.397193722265
897500	-4610.091816501314
898000	-4607.01306217615
898500	-4633.4605770650705
899000	-4509.935344045137
899500	-5051.032566352961
900000	-4717.827860303094
900500	-4714.067190630811
901000	-4787.821741766339
901500	-4896.79129981456
902000	-4839.177062323834
902500	-4518.298767539159
903000	-4870.295216375675
903500	-4974.119035186196
904000	-4774.5037684553345
904500	-4753.821125462556
905000	-4674.539101679224
905500	-4675.1225611785085
906000	-4605.63796400318
906500	-4368.90596294168
907000	-4422.25945010809
907500	-4240.1768114084825
908000	-4426.615953914829
908500	-4278.79626300418
909000	-4399.611073486009
909500	-4326.283711157512
910000	-4152.4808079152845
910500	-4350.735769229797
911000	-4218.666963513055
911500	-4485.259314379049
912000	-4347.965650046852
912500	-4881.589175871615
913000	-4515.327104995262
913500	-4359.423350332481
914000	-4404.2222516110105
914500	-4335.952132633598
915000	-4298.3600100629465
915500	-4351.570880206545
916000	-4172.920472360535
916500	-4326.059458379409
917000	-4168.164937146524
917500	-4387.77134243309
918000	-4305.270597824655
918500	-4303.720616495306
919000	-4218.757164384191
919500	-4291.189849135292
920000	-4289.354014386861
920500	-4348.2239910899825
921000	-4676.04226002558
921500	-4386.119345058013
922000	-4195.600849583374
922500	-4313.805161348517
923000	-4330.94696941409
923500	-4302.242671337924
924000	-4433.33839447632
924500	-4292.778749377826
925000	-4290.179193054427
925500	-4405.206731430986
926000	-4498.262429931132
926500	-4420.385285036175
927000	-4606.944432339403
927500	-4569.068237525763
928000	-4390.851224364753
928500	-4437.722988843978
929000	-4613.685900615239
929500	-4453.018685387936
930000	-4514.347895018399
930500	-4803.836738071485
931000	-4526.483864740381
931500	-4370.135310793979
932000	-4435.508971281492
932500	-4750.737012054291
933000	-4466.11965884839
933500	-4310.32860869967
934000	-4649.712444223749
934500	-4624.569146370984
935000	-4427.591821152706
935500	-4223.854334302557
936000	-4235.458583227444
936500	-4336.820734673349
937000	-4370.716214450601
937500	-4289.648315756283
938000	-4356.210173433358
938500	-4363.832727722682
939000	-4192.824275082021
939500	-4416.170865889074
940000	-4166.815025272936
940500	-4430.295412283315
941000	-4189.8756333232295
941500	-4217.0408069354435
942000	-4374.351094108016
942500	-4335.072459070098
943000	-4582.279760309081
943500	-4331.495181045189
944000	-4178.644884453589
944500	-4178.659250335175
945000	-4131.25564704148
945500	-4157.735551908616
946000	-4202.954281945721
946500	-4368.75232961171
947000	-4048.7081112971364
947500	-4232.92195321865
948000	-4238.45820678245
948500	-4209.705819352864
949000	-4312.261504499613
949500	-4382.866813178376
950000	-4443.678389044854
950500	-4407.2869964834135
951000	-4527.445506625522
951500	-4567.880995481481
952000	-4697.823644936284
952500	-4604.507705723385
953000	-4688.7260761845855
953500	-4695.339152057467
954000	-4568.403465570491
954500	-4627.590301591953
955000	-4481.464915952056
955500	-4675.464454451476
956000	-4483.046179779275
956500	-4876.792619341736
957000	-4830.092820539898
957500	-4953.980363359447
958000	-4502.860373812196
958500	-4485.027922008595
959000	-4392.571851350356
959500	-4578.577593082664
960000	-4531.25633457639
960500	-4589.887797588697
961000	-4803.594849640837
961500	-4474.1871239322
962000	-4669.88894775544
962500	-4769.371999694397
963000	-4777.039575154947
963500	-4435.4683935175035
964000	-4643.097375476651
964500	-4603.543829494352
965000	-4496.49171810738
965500	-4753.052978394694
966000	-4678.125551983479
966500	-4757.253394397897
967000	-4718.59831399134
967500	-4811.9064252955095
968000	-4699.990035392853
968500	-4422.814516112904
969000	-4529.314912188214
969500	-4736.543505369166
970000	-4876.189159772978
970500	-4782.24281831659
971000	-4696.334650225001
971500	-5138.0273394025735
972000	-5243.438829037264
972500	-4683.582645608718
973000	-4822.993556871241
973500	-4469.224004873819
974000	-4461.2847749689145
974500	-4812.70779892235
975000	-4737.194918220153
975500	-4642.087836046632
976000	-4743.097853022982
976500	-4602.852901952121
977000	-4679.821002719564
977500	-4557.33121119451
978000	-4516.783857636127
978500	-4591.055210604762
979000	-4832.339323068762
979500	-4887.37864159943
980000	-4504.876905020496
980500	-5071.625217371091
981000	-5188.460767537643
981500	-4906.088779641458
982000	-4561.403925952618
982500	-5198.705302366634
983000	-4933.00495573
983500	-4494.184880151678
984000	-4774.3240485551805
984500	-4493.009647186087
985000	-4629.3433239676815
985500	-4288.366943650578
986000	-4564.588960834504
986500	-4580.1731993321055
987000	-4756.588966575532
987500	-4641.829815896796
988000	-4809.262233733365
988500	-4607.468476864416
989000	-4525.897531231696
989500	-4562.066138099189
990000	-4747.008470854109
990500	-4577.542703031871
991000	-4581.52088917648
991500	-4605.981799964462
992000	-4639.899060656992
992500	-4671.620255107197
993000	-4670.155406729114
993500	-4704.175655488886
994000	-4580.617516107839
994500	-4417.939891614106
995000	-4421.346692200036
995500	-4459.6451005496265
996000	-4266.213745362687
996500	-4258.098391437926
997000	-4303.672677997344
997500	-4359.919540321068
998000	-4397.188063817731
998500	-4457.0941599719645
999000	-4545.2632730194155
999500	-4464.9302420128315
1000000	-4524.3615820495415
1000500	-4337.27086653742
1001000	-4439.329668019095
1001500	-4385.362044232089
1002000	-4635.405138081157
1002500	-4359.889642560774
1003000	-4426.77878810834
1003500	-4360.606219873858
1004000	-4374.28218562244
1004500	-4596.435950158383
1005000	-4399.374823110423
1005500	-4446.965891736663
1006000	-4325.830486584976
1006500	-4353.545675571966
1007000	-4526.112150705863
1007500	-4400.020933384012
1008000	-4446.0673371408775
1008500	-4422.870887063067
1009000	-4269.0101446782355
1009500	-4448.806828435375
1010000	-4511.741284225754
1010500	-4515.99248742478
1011000	-4515.99248742478
1011500	-4185.737616796406
1012000	-4392.325687181533
1012500	-4576.818463704987
1013000	-4375.317901079118
1013500	-4446.274434688557
1014000	-4444.958121099764
1014500	-4539.988172390724
1015000	-4275.701788647971
1015500	-4229.490983601812
1016000	-4244.536761841746
1016500	-4427.182805356437
1017000	-4289.513837140189
1017500	-4390.318479650875
1018000	-4324.027147740747
1018500	-4334.910865481741
1019000	-4505.458927995876
1019500	-4431.818414221527
1020000	-4919.645611059842
1020500	-5285.577968741768
1021000	-5235.34299483423
1021500	-4767.841512843344
1022000	-4623.222196799304
1022500	-4258.203393034314
1023000	-4267.5411041343295
1023500	-4149.468515182824
1024000	-4219.273317267352
1024500	-4099.680732975023
1025000	-4198.963488735033
1025500	-4071.8272749210314
1026000	-4268.239276170366
1026500	-4441.430947347749
1027000	-4127.070623466662
1027500	-4195.2861020253185
1028000	-4272.133204925613
1028500	-4406.470131367774
1029000	-4527.576588112061
1029500	-4320.888522527719
1030000	-4659.504019591467
1030500	-4588.8106901083565
1031000	-4340.683940464556
1031500	-4251.777239781852
1032000	-4523.499551407022
1032500	-4288.284929099558
1033000	-4191.3041481549635
1033500	-4025.7684717857132
1034000	-4010.363263605265
1034500	-4383.329025957487
1035000	-4106.6371437272255
1035500	-4056.701176013681
1036000	-4009.2628361345346
1036500	-4076.880096773876
1037000	-4011.7348682461625
1037500	-4027.8361212029567
1038000	-4086.171380323385
1038500	-3986.3886048334607
1039000	-4316.974019686845
1039500	-4077.7912641028397
1040000	-4042.1546559502453
1040500	-4146.388550776419
1041000	-4112.730079621127
1041500	-4187.774288434582
1042000	-4003.349791872687
1042500	-4104.986226756435
1043000	-4138.052998317918
1043500	-4322.305374637117
1044000	-4197.729406088599
1044500	-4406.623654061778
1045000	-4312.4606268506295
1045500	-4138.756760905675
1046000	-4591.0938414682905
1046500	-4476.18991059838
1047000	-4289.143919088918
1047500	-4195.794501452505
1048000	-4169.164985678176
1048500	-4134.10344285332
1049000	-4291.579704510688
1049500	-4243.6540603056565
1050000	-4283.7072052888025
1050500	-4501.50504620717
1051000	-4160.651748135865
1051500	-4026.3567389937175
1052000	-4062.8196571514814
1052500	-4313.958810984388
1053000	-4240.25210358839
1053500	-4399.062412692161
1054000	-4378.920342992545
1054500	-4375.810472016499
1055000	-4002.5655234564992
1055500	-4292.481540044787
1056000	-4226.812411961395
1056500	-4330.5351230192055
1057000	-4451.474199475598
1057500	-4154.4192606983925
1058000	-4203.419354014873
1058500	-4353.633237808368
1059000	-4214.749894677173
1059500	-4270.803893742674
1060000	-4356.644034876024
1060500	-4208.6645528774125
1061000	-4152.483406488933
1061500	-4037.840879208541
1062000	-4103.1068856279135
1062500	-3977.4559454137993
1063000	-4034.651240609264
1063500	-4260.9749549700255
1064000	-4023.48798269697
1064500	-3991.0171589644315
1065000	-4024.5934494635444
1065500	-4065.323764240191
1066000	-4135.428902521829
1066500	-4129.454012452507
1067000	-4220.71908378233
1067500	-4202.947657120941
1068000	-4277.219814794848
1068500	-4119.467727339349
1069000	-4201.584065964423
1069500	-4195.245608024673
1070000	-4223.787221415001
1070500	-4227.018835770103
1071000	-4086.090425917211
1071500	-4222.807727760458
1072000	-4322.5345284034365
1072500	-4204.906501490089
1073000	-4209.336505403944
1073500	-4472.237963959336
1074000	-4184.35779589842
1074500	-4665.363197829037
1075000	-4080.385610475235
1075500	-4001.251875750899
1076000	-4132.085286777449
1076500	-4310.872670900701
1077000	-4290.9269022578865
1077500	-4364.678344168175
1078000	-4477.546929886636
1078500	-4475.23825045981
1079000	-4480.419179818174
1079500	-4420.082928737571
1080000	-4306.1705479334805
1080500	-4411.947931875422
1081000	-4327.962182239
1081500	-4178.955142309034
1082000	-4420.707790127405
1082500	-4212.343434452735
1083000	-4357.08345766626
1083500	-4610.035949578423
1084000	-4788.70288356381
1084500	-4404.093892293149
1085000	-4466.297561959272
1085500	-4368.796579169085
1086000	-4198.195577867015
1086500	-4260.438884199956
1087000	-4273.79585485827
1087500	-4170.924393745153
1088000	-4318.726870497111
1088500	-4296.457139683186
1089000	-4679.385833002118
1089500	-4485.214276166329
1090000	-4217.411266941563
1090500	-4304.782975958141
1091000	-4136.528092409973
1091500	-4474.595906635181
1092000	-4470.465133957077
1092500	-4648.922176664016
1093000	-4455.880819769568
1093500	-4512.009341196006
1094000	-4461.620052317722
1094500	-4299.064816997156
1095000	-4212.164159160396
1095500	-4405.044033543976
1096000	-4281.847696459137
1096500	-4607.1046615011
1097000	-4373.143712863037
1097500	-4560.004414932895
1098000	-4282.000594237803
1098500	-4413.010195805325
1099000	-4266.07331871183
1099500	-4465.423802943719
1100000	-4358.150789191724
1100500	-4338.113173935937
1101000	-4419.333058402443
1101500	-4420.705909312913
1102000	-4392.813471491973
1102500	-4370.532634520948
1103000	-4440.54899640779
1103500	-4433.202329373393
1104000	-4510.563608573313
1104500	-4595.680585017188
1105000	-4658.360738166845
1105500	-4250.782994554984
1106000	-4849.598394890921
1106500	-4436.687172061372
1107000	-4879.092934384617
1107500	-4999.793743464584
1108000	-5025.025371201854
1108500	-4369.39381344857
1109000	-4283.635207661647
1109500	-4241.475862213076
1110000	-4330.837452970206
1110500	-4319.237494130947
1111000	-4167.2490902005065
1111500	-4201.359363650648
1112000	-4084.6987288460914
1112500	-4086.9487060709926
1113000	-4158.564638980072
1113500	-4126.978126110734
1114000	-4113.11670781383
1114500	-4104.068763584609
1115000	-4281.145238508074
1115500	-4230.829539716765
1116000	-4164.901951346955
1116500	-4221.1429736040345
1117000	-4197.2487466102075
1117500	-4334.706734028322
1118000	-4321.607128275397
1118500	-4072.5633051746613
1119000	-4143.550772386889
1119500	-3939.250875096685
1120000	-4033.0271848828756
1120500	-3954.7985904204183
1121000	-4033.08145857329
1121500	-4131.708067164994
1122000	-4292.406097241487
1122500	-4163.1044139601145
1123000	-4148.427340160986
1123500	-4043.7129317772165
1124000	-4302.781147300003
1124500	-4167.101813160637
1125000	-4077.4466531986577
1125500	-4193.53061839549
1126000	-4074.004316858636
1126500	-4077.3202165566213
1127000	-4339.655631864764
1127500	-4275.350961416639
1128000	-4245.044128263389
1128500	-4383.612124935827
1129000	-4371.243179568706
1129500	-4082.876573811296
1130000	-4193.969484584892
1130500	-4339.586713264821
1131000	-4138.83377125883
1131500	-4351.641974014923
1132000	-4292.530957162933
1132500	-4638.118249006905
1133000	-4316.8421608747585
1133500	-4535.592074186266
1134000	-4273.003427694316
1134500	-4562.990375630796
1135000	-4320.121341576753
1135500	-4674.355613142337
1136000	-4272.739230900835
1136500	-4443.5362846720145
1137000	-4451.712102981229
1137500	-4286.114925123666
1138000	-4456.037044347726
1138500	-4133.059419209715
1139000	-4158.860214336834
1139500	-4153.469880740719
1140000	-4215.6562917094
1140500	-4559.872478728922
1141000	-4352.175459651052
1141500	-4247.926775815846
1142000	-4329.758588427469
1142500	-4568.328441778913
1143000	-4468.466867672647
1143500	-4346.908317086839
1144000	-4559.325540327893
1144500	-4971.986006678172
1145000	-4919.07845578437
1145500	-4939.026369757801
1146000	-4247.015370575636
1146500	-4432.781153407375
1147000	-4126.141832199047
1147500	-4388.73391188064
1148000	-4191.457350161902
1148500	-4442.55895699451
1149000	-4430.9970794598785
1149500	-4282.189846178072
1150000	-4281.274376716507
1150500	-4116.617102400411
1151000	-4360.210969675945
1151500	-4087.090354862911
1152000	-4321.5798811250515
1152500	-4135.783128880653
1153000	-4345.639794191482
1153500	-4283.45746558858
1154000	-4348.038561773962
1154500	-4282.608605373583
1155000	-4245.046957342166
1155500	-4387.547786631692
1156000	-4364.31420335142
1156500	-4592.031898637288
1157000	-4340.842508747067
1157500	-4317.73337226119
1158000	-4327.14688523384
1158500	-4252.16740896515
1159000	-4409.846182315441
1159500	-4591.325245557224
1160000	-4418.299340338932
1160500	-4527.397139386424
1161000	-4703.619950695082
1161500	-4596.230612250456
1162000	-4781.0167449628225
1162500	-4520.823336888802
1163000	-4519.7596279129575
1163500	-5173.96732606737
1164000	-4754.648326109668
1164500	-5059.190192071928
1165000	-4692.112260001911
1165500	-4633.767377410872
1166000	-4605.692454610132
1166500	-4458.834608534959
1167000	-4552.039834126979
1167500	-4539.476209626279
1168000	-4365.425362971219
1168500	-4332.890047302641
1169000	-4308.716693373896
1169500	-4460.471101286579
1170000	-4500.600483416482
1170500	-4259.936031034622
1171000	-4287.195566047395
1171500	-4332.559360587383
1172000	-4489.649528429253
1172500	-4567.927315474557
1173000	-4993.897761570064
1173500	-4584.900729776511
1174000	-4606.333913813824
1174500	-4553.492708985403
1175000	-5050.849195184538
1175500	-5085.376802622886
1176000	-4704.818515741366
1176500	-4918.038193405649
1177000	-4661.001973364692
1177500	-4684.729156950584
1178000	-4705.048605417089
1178500	-4753.280851681295
1179000	-4761.241191128141
1179500	-4419.756972130886
1180000	-4473.842961226982
1180500	-4199.713003101565
1181000	-4507.186235784068
1181500	-4110.952257970953
1182000	-4361.368124940467
1182500	-4258.175285702188
1183000	-4327.786499556001
1183500	-4190.162922512674
1184000	-4062.1801308294657
1184500	-4141.033988339952
1185000	-4165.243393536713
1185500	-4263.000938037539
1186000	-4238.8436415954375
1186500	-4312.820479955244
1187000	-4163.955289347217
1187500	-4318.065442054805
1188000	-4165.166199751192
1188500	-4239.9893762710935
1189000	-4335.281228393629
1189500	-4595.45313038186
1190000	-4292.491882559509
1190500	-4460.5805768122345
1191000	-4297.782681379126
1191500	-4648.538750851003
1192000	-4246.623289936184
1192500	-4311.809146025439
1193000	-4291.006887771776
1193500	-4521.056423752393
1194000	-4757.046633338425
1194500	-4470.883561998134
1195000	-4290.323409311144
1195500	-4708.168770294111
1196000	-4748.639469436849
1196500	-4276.390165881655
1197000	-4588.743085334527
1197500	-4381.82939536558
1198000	-4309.930882931437
1198500	-4454.168411185666
1199000	-4353.411029788181
1199500	-4347.66937803459
1200000	-4218.068090707105
1200500	-4375.375726986633
1201000	-4266.368722571359
1201500	-4449.583538680065
1202000	-4497.551702658528
1202500	-4465.062446890594
1203000	-4955.984313964843
1203500	-4885.0459199902025
1204000	-4406.954733895528
1204500	-4529.939361958038
1205000	-4435.791584215011
1205500	-4503.051500370405
1206000	-4561.660043002127
1206500	-4271.5941001666815
1207000	-4297.61997891774
1207500	-4585.010541887835
1208000	-4375.933161097241
1208500	-4335.4884430101265
1209000	-4296.773264427759
1209500	-4186.684156549474
1210000	-4182.8870735056835
1210500	-4544.654054580531
1211000	-4547.116732909193
1211500	-4476.213151112105
1212000	-4488.5168195976
1212500	-4336.194434459424
1213000	-4467.491147799627
1213500	-4969.173683546714
1214000	-4643.206426628782
1214500	-4534.331315512156
1215000	-4445.684337800926
1215500	-4317.853224054143
1216000	-4258.498819580815
1216500	-4243.114182090484
1217000	-4212.845844035326
1217500	-4120.088259006927
1218000	-4219.103628974551
1218500	-4469.565276983962
1219000	-4258.465332417415
1219500	-4186.292722331526
1220000	-4231.07918255017
1220500	-4359.819895795487
1221000	-4308.44263156074
1221500	-4341.128802635375
1222000	-4283.682436858371
1222500	-4193.839308313572
1223000	-4371.523682967414
1223500	-4159.1071766359855
1224000	-4279.389007901252
1224500	-4161.125900672446
1225000	-4161.949352655209
1225500	-4193.4573540461215
1226000	-4460.258659631317
1226500	-4419.628631517838
1227000	-4349.973811842531
1227500	-4252.784738397846
1228000	-4100.994103960451
1228500	-4212.40045195387
1229000	-4226.435345368986
1229500	-4494.1503269808745
1230000	-4227.9086211990225
1230500	-4471.571429724559
1231000	-4263.629529337105
1231500	-4414.918736598544
1232000	-4433.234240159446
1232500	-4432.608304485701
1233000	-4358.6437149296
1233500	-4303.057697676378
1234000	-4498.67451236153
1234500	-4242.86560257848
1235000	-4351.114396239228
1235500	-4368.469539099908
1236000	-4353.18853366625
1236500	-4301.923300296319
1237000	-4613.524106391512
1237500	-4762.022497841176
1238000	-4341.516591883961
1238500	-4395.996230324809
1239000	-4391.51178869586
1239500	-4530.176434697397
1240000	-4173.583862617488
1240500	-4215.520919252886
1241000	-4193.179204771152
1241500	-4147.11928694227
1242000	-4331.878311518505
1242500	-4210.601230695607
1243000	-4195.094867382032
1243500	-4497.224383449327
1244000	-4335.711248755902
1244500	-4490.652983090981
1245000	-4593.53657377693
1245500	-4805.975894476927
1246000	-4650.640773317637
1246500	-4465.99690408825
1247000	-4496.810673191864
1247500	-4316.690583961261
1248000	-4431.5906394127205
1248500	-4745.715770029019
1249000	-4256.587766352063
1249500	-4355.494088971993
1250000	-4306.009548115429
1250500	-4230.176605932507
1251000	-4270.500200329436
1251500	-4342.713028639075
1252000	-4734.016180157565
1252500	-4457.4154232458195
1253000	-4527.138358335508
1253500	-4343.235331121436
1254000	-4379.944489681993
1254500	-4463.786499935087
1255000	-4281.600839468447
1255500	-4506.586125640016
1256000	-4228.075152954621
1256500	-4254.192986811366
1257000	-4399.389007049014
1257500	-4284.942980373866
1258000	-4306.825530312647
1258500	-4199.615377522366
1259000	-4368.856142028815
1259500	-4235.472542660172
1260000	-4152.515039723816
1260500	-4791.757366818687
1261000	-4139.154386257584
1261500	-4207.603005405253
1262000	-4169.051233545909
1262500	-4209.937106152326
1263000	-4389.0136970282665
1263500	-4338.047438299081
1264000	-4055.8080418241125
1264500	-4060.300108584454
1265000	-4198.436113479127
1265500	-4218.200731845309
1266000	-4232.380517202969
1266500	-4385.1158690146285
1267000	-4504.464633294204
1267500	-4508.722455056162
1268000	-4134.552928005394
1268500	-4174.776164253594
1269000	-4515.8348240877685
1269500	-4388.064418271103
1270000	-4345.984688201801
1270500	-4370.984336741878
1271000	-4309.2584944383925
1271500	-4528.366497374889
1272000	-4181.111227211943
1272500	-4072.7697706046247
1273000	-4089.89159829055
1273500	-4313.417420390056
1274000	-4049.3028269158945
1274500	-4218.366342525145
1275000	-4099.421332797885
1275500	-3987.809035501707
1276000	-4141.153750944108
1276500	-4193.696366379984
1277000	-4127.594459785186
1277500	-4210.71222200388
1278000	-4099.050635485815
1278500	-4126.588092812113
1279000	-4113.8328861028
1279500	-4135.044406053919
1280000	-4153.581457355672
1280500	-4000.3360920990226
1281000	-4131.597047423547
1281500	-4254.009657634202
1282000	-4630.678771630976
1282500	-4345.9769126387555
1283000	-4256.285518841952
1283500	-4402.9123910993485
1284000	-4308.536469171027
1284500	-4721.9468781180985
1285000	-4177.540649724745
1285500	-4617.853651007609
1286000	-3978.331907153392
1286500	-4100.482328275366
1287000	-4308.766268327099
1287500	-3940.3454019338537
1288000	-4166.388682289571
1288500	-4451.330910542185
1289000	-4189.258831181407
1289500	-4552.557999460719
1290000	-4187.330872271626
1290500	-4221.626686904729
1291000	-4157.949030742098
1291500	-4213.611336858147
1292000	-4273.743350726048
1292500	-4064.186332409585
1293000	-4054.0035721406857
1293500	-4077.608339698069
1294000	-4022.6549526838603
1294500	-4393.756405543346
1295000	-4317.155234578994
1295500	-4313.3152174059005
1296000	-4390.745366036788
1296500	-4376.157975059593
1297000	-4050.9441359346874
1297500	-4104.729954684564
1298000	-4055.7324296256797
1298500	-4066.8017507838526
1299000	-4073.684615421738
1299500	-4280.658927820446
1300000	-4230.974671525475
1300500	-4160.223693317077
1301000	-4121.772193941293
1301500	-4154.949044381469
1302000	-4852.87042784612
1302500	-4751.64319102718
1303000	-4348.154608879128
1303500	-4674.156149296193
1304000	-4748.484515395428
1304500	-4362.1109704110895
1305000	-4311.2492364671725
1305500	-4362.339168181774
1306000	-4297.730385145535
1306500	-4458.65541879466
1307000	-4229.853825021146
1307500	-4319.445896063237
1308000	-4382.602093781263
1308500	-4284.615989102656
1309000	-4422.603297852058
1309500	-4381.17006981692
1310000	-4418.611331406177
1310500	-4250.094656442593
1311000	-4273.037146074812
1311500	-4486.93044725948
1312000	-4515.82820052613
1312500	-4362.822096768284
1313000	-4816.974068843844
1313500	-4752.647073523451
1314000	-4543.837914013105
1314500	-4405.745061092545
1315000	-4373.2624237265845
1315500	-4360.684850819913
1316000	-4875.882183953294
1316500	-4845.964961501899
1317000	-4562.778816498308
1317500	-4549.081470138509
1318000	-4618.570081238876
1318500	-4763.497525220589
1319000	-4650.151231881623
1319500	-4527.992392904947
1320000	-4564.871605911184
1320500	-4440.008900472981
1321000	-4234.058892443533
1321500	-4271.211848949446
1322000	-4188.290858473433
1322500	-4330.740704589486
1323000	-4219.864333832659
1323500	-4431.842803751285
1324000	-4398.768109477597
1324500	-4168.937138845983
1325000	-4261.9129750356
1325500	-4384.012846926832
1326000	-4585.465329095276
1326500	-4405.034086739672
1327000	-4800.56885707624
1327500	-4426.469168020051
1328000	-4333.324423864898
1328500	-4193.075690646772
1329000	-4045.0517408792252
1329500	-4211.661901860334
1330000	-4438.96753443454
1330500	-4153.438674726312
1331000	-4152.32649466351
1331500	-4160.76677783354
1332000	-4163.975571484862
1332500	-5059.6970241710505
1333000	-4620.297851618984
1333500	-4570.866087781441
1334000	-4572.237417019221
1334500	-4409.463456783541
1335000	-4373.001350186233
1335500	-4405.593492270611
1336000	-4287.453626748265
1336500	-4016.252509176259
1337000	-4288.976824127683
1337500	-4705.02730503123
1338000	-3943.405021057419
1338500	-4074.1177261743574
1339000	-4065.9129434658607
1339500	-4166.359691204948
1340000	-4093.7074292365537
1340500	-4178.5866711948875
1341000	-4428.8307811125915
1341500	-4300.219803992393
1342000	-4165.2033280863925
1342500	-4255.17212120753
1343000	-4113.1541018101225
1343500	-4215.422739138325
1344000	-4238.769654614249
1344500	-3971.823307417108
1345000	-4165.264401610145
1345500	-4135.0856141000795
1346000	-4502.796109812263
1346500	-4331.26181055503
1347000	-4299.282120539173
1347500	-4273.838913905961
1348000	-4267.23158884588
1348500	-4098.558229306701
1349000	-4156.172868994911
1349500	-4392.630031663063
1350000	-4322.47990134044
1350500	-4585.947332691971
1351000	-4931.46719732052
1351500	-4319.325326292184
1352000	-4493.883601505067
1352500	-4318.074276018611
1353000	-4397.634872370739
1353500	-4366.737829730085
1354000	-4452.405718815524
1354500	-4585.403778807707
1355000	-4300.429936386691
1355500	-4469.106656646037
1356000	-4460.873916195036
1356500	-4405.228732471593
1357000	-4221.568701432201
1357500	-4391.202776413154
1358000	-4662.839450769173
1358500	-4573.732026303872
1359000	-4893.996867472729
1359500	-4895.2674863222
1360000	-4665.3146609310015
1360500	-4396.707712083784
1361000	-4535.902974706341
1361500	-4588.13540374939
1362000	-4595.370891645467
1362500	-4480.254619885033
1363000	-4403.69743366501
1363500	-4627.169422211414
1364000	-4426.240459038641
1364500	-4258.870944433077
1365000	-4307.145594545974
1365500	-4330.013077508909
1366000	-4583.029918280983
1366500	-4208.22396505889
1367000	-4283.560424962128
1367500	-4282.589785315671
1368000	-4271.21776644602
1368500	-4191.170927550274
1369000	-4312.84888391769
1369500	-4314.399874668941
1370000	-4466.265699080156
1370500	-4219.617633710101
1371000	-4432.978247730724
1371500	-4160.667320934811
1372000	-4088.4865358022207
1372500	-4189.01844540981
1373000	-4123.7729569447565
1373500	-4119.475314830136
1374000	-4370.0305353892145
1374500	-4251.951913764564
1375000	-4234.851337957378
1375500	-4325.383782392153
1376000	-4112.051586223608
1376500	-4240.74721003135
1377000	-4158.002663702526
1377500	-4368.764234335162
1378000	-4542.116322011699
1378500	-4367.118992610262
1379000	-4380.97913002261
1379500	-4348.115524519423
1380000	-4403.204731300376
1380500	-4471.363080490346
1381000	-4345.952062132351
1381500	-4399.303905030429
1382000	-4567.802515706763
1382500	-4736.382783197847
1383000	-4423.714550525858
1383500	-4482.0517880686
1384000	-4547.775166774229
1384500	-4551.171069336813
1385000	-4461.712187762791
1385500	-4402.003189640259
1386000	-4507.798054922057
1386500	-4490.0807534554115
1387000	-4506.5328789215
1387500	-4518.572070772791
1388000	-4390.54980278486
1388500	-4530.578293959794
1389000	-4585.4104937003385
1389500	-4410.757254934065
1390000	-4470.427885116534
1390500	-4630.335395008645
1391000	-5040.210921543972
1391500	-4507.798594704434
1392000	-4428.9611344125515
1392500	-4371.639670733499
1393000	-4594.760142435622
1393500	-4586.333111031876
1394000	-4461.168210622759
1394500	-4297.0942433254
1395000	-4302.340621237451
1395500	-4408.055672975965
1396000	-4617.6098877638715
1396500	-4394.601117924959
1397000	-4416.281604322495
1397500	-4573.99451703274
1398000	-4653.127935081104
1398500	-4524.165664960437
1399000	-4664.385368995152
1399500	-4542.550482806273
1400000	-4307.837607242343
1400500	-4318.012200646431
1401000	-4135.800679112137
1401500	-4122.189831515614
1402000	-4155.895761836229
1402500	-4248.755427665609
1403000	-4357.449893381072
1403500	-4398.596440930367
1404000	-4203.379710278005
1404500	-4267.100768944903
1405000	-4640.639787352487
1405500	-4223.919042246863
1406000	-4210.053028537274
1406500	-4294.69143069081
1407000	-4247.828805034418
1407500	-4198.977400438228
1408000	-4173.2367871820525
1408500	-4292.660536645525
1409000	-4430.829831223015
1409500	-4502.785699427368
1410000	-4340.913902162091
1410500	-4375.293146034255
1411000	-4396.641747543779
1411500	-4181.076501004712
1412000	-4349.9227565342935
1412500	-4379.169030162751
1413000	-4321.8812400465395
1413500	-4399.227738318854
1414000	-4354.696559853256
1414500	-4507.588743904521
1415000	-4606.914300661065
1415500	-4445.153933975199
1416000	-4360.04785152044
1416500	-4488.437998606976
1417000	-4611.078360905693
1417500	-4793.166279458885
1418000	-4352.071200434488
1418500	-4461.718171530613
1419000	-4588.48210918563
1419500	-4420.028006319256
1420000	-4474.466463159437
1420500	-4721.827251450563
1421000	-4713.921637281253
1421500	-4782.643666267972
1422000	-4493.362531945981
1422500	-4519.333830126033
1423000	-4846.472071555114
1423500	-4547.960423262703
1424000	-4584.717728742322
1424500	-4887.5164228178
1425000	-4171.16372045497
1425500	-4117.7928158446175
1426000	-4194.822968312516
1426500	-4334.641843525412
1427000	-4411.860862087823
1427500	-4358.273273913428
1428000	-4321.2239784001495
1428500	-4325.639288063367
1429000	-4330.497218512595
1429500	-4351.652949906414
1430000	-4258.340891872551
1430500	-4227.089256230255
1431000	-4275.935406118611
1431500	-4204.8807374353855
1432000	-4244.136537637601
1432500	-4333.317782371794
1433000	-4192.380657735258
1433500	-4178.938691814048
1434000	-4361.926952469246
1434500	-4208.013151440148
1435000	-4232.786293741924
1435500	-4170.4119146738585
1436000	-4254.091000756748
1436500	-4375.643872326836
1437000	-4303.553364148979
1437500	-4608.366254477534
1438000	-4468.580804958238
1438500	-4414.555062683223
1439000	-4288.65853181062
1439500	-4556.370439816372
1440000	-4409.829289404006
1440500	-4264.659062718939
1441000	-4171.388608006004
1441500	-4235.481181267266
1442000	-4349.058455661472
1442500	-4279.403423015652
1443000	-4136.257930615183
1443500	-4273.670537469877
1444000	-4316.253268733441
1444500	-4139.181750849629
1445000	-4182.588022950458
1445500	-4167.827838403333
1446000	-4390.604367624625
1446500	-4062.9404479380364
1447000	-4477.922687440504
1447500	-4184.573547812576
1448000	-4326.107519836709
1448500	-4197.5032602877045
1449000	-4085.2302038624116
1449500	-4169.573865138967
1450000	-4371.11823472014
1450500	-4104.959963942747
1451000	-4031.7318701141976
1451500	-4285.680719926451
1452000	-4538.157233422456
1452500	-4465.647014854265
1453000	-4169.5718649949795
1453500	-4096.755736235634
1454000	-4294.450950411526
1454500	-4294.088285386216
1455000	-4117.420244215401
1455500	-4305.902432582913
1456000	-4275.474719429381
1456500	-4308.945043524707
1457000	-4256.715818419908
1457500	-4407.872799244887
1458000	-4262.243526613007
1458500	-4155.899066696697
1459000	-4112.846556523771
1459500	-4133.559992715034
1460000	-4331.186486632923
1460500	-4424.033423301616
1461000	-4318.163104622515
1461500	-4221.05436235525
1462000	-4308.36000264913
1462500	-4130.901874647454
1463000	-4409.067119808763
1463500	-4286.323512259907
1464000	-4126.116200497056
1464500	-4312.651495739877
1465000	-4564.302783212948
1465500	-4457.046141730075
1466000	-4412.089376012792
1466500	-4084.892798085454
1467000	-4100.687374057085
1467500	-4164.131862358749
1468000	-4180.434335982463
1468500	-4467.509692832583
1469000	-4537.826420228982
1469500	-5030.645946925907
1470000	-5169.594673175257
1470500	-4423.89625451864
1471000	-4428.412790403767
1471500	-4394.653765779261
1472000	-4340.1584876946645
1472500	-4319.3071894619
1473000	-4621.422823875567
1473500	-4780.374458648827
1474000	-4339.9650454659595
1474500	-4451.060749634543
1475000	-4342.629773737584
1475500	-4396.459126807735
1476000	-4308.964506244859
1476500	-4318.465351905909
1477000	-4415.192967778204
1477500	-4448.41666779181
1478000	-4410.988393913973
1478500	-4343.867505392838
1479000	-4271.0922738119325
1479500	-4200.674695504422
1480000	-4268.348248268521
1480500	-4252.877128770965
1481000	-4418.480143931498
1481500	-4254.549805881749
1482000	-4250.244502483812
1482500	-4189.7280478471275
1483000	-4201.9859942250805
1483500	-4177.496462783753
1484000	-4229.094592190623
1484500	-4277.484200304093
1485000	-4252.5509628320415
1485500	-4370.79369793599
1486000	-4433.848569944978
1486500	-4445.371947843425
1487000	-4445.513537777473
1487500	-4588.711001951388
1488000	-4468.6829507635875
1488500	-4518.906512043663
1489000	-4306.95271380498
1489500	-4465.612812569369
1490000	-4273.120134986892
1490500	-4190.632997244582
1491000	-4491.9743711489
1491500	-4111.86101663735
1492000	-3950.789774566108
1492500	-3988.9595069749466
1493000	-3956.423751634676
1493500	-4139.959336274467
1494000	-4132.250217549375
1494500	-4182.466198740749
1495000	-4253.527675832926
1495500	-4196.919377286155
1496000	-4057.0839222919985
1496500	-4230.761852411961
1497000	-4245.426531183184
1497500	-4729.914014490203
1498000	-4237.47534173185
1498500	-4373.460722393102
1499000	-4128.176196978261
1499500	-4017.959490220258
1500000	-4247.733487689278
