Sample	likelihood
0	-4286.472007713611
500	-4210.384848617286
1000	-4687.8051002526945
1500	-4339.493840534912
2000	-4221.456540510435
2500	-4224.938206452962
3000	-4213.093759682981
3500	-4235.682915056852
4000	-4307.3308272962495
4500	-4303.960892643563
5000	-4280.637777532965
5500	-4271.255247193818
6000	-4426.91135513313
6500	-4488.708990309874
7000	-4349.291837483639
7500	-4152.3637604431115
8000	-4348.89708267846
8500	-4359.723853579512
9000	-4681.179298282873
9500	-4420.0095555956805
10000	-4292.159358469066
10500	-4362.319192501107
11000	-4371.718882154159
11500	-4490.114152521208
12000	-4515.262829934845
12500	-4372.17825348729
13000	-4488.284087632558
13500	-4440.076767773974
14000	-4721.305899529578
14500	-4652.120250896096
15000	-4526.266088122148
15500	-4600.046074694337
16000	-5070.9023503527915
16500	-5076.3525464468175
17000	-5331.037658852109
17500	-5088.672340208788
18000	-5171.942156419803
18500	-5241.8516506574015
19000	-5156.7614222204775
19500	-4826.801540547206
20000	-4526.23427581224
20500	-4544.818907848885
21000	-4552.490294806936
21500	-4913.7975110621355
22000	-4431.319428026557
22500	-4094.5342819234625
23000	-4183.499944423868
23500	-4202.888095064059
24000	-4427.707644878895
24500	-4457.138346074201
25000	-4114.343925789913
25500	-4308.611838682719
26000	-4348.176801169653
26500	-4343.161214221771
27000	-4175.594827159851
27500	-4379.715414231742
28000	-4525.365036778533
28500	-4198.471068535058
29000	-4256.296295758973
29500	-4500.8689866218565
30000	-4690.317318190961
30500	-5198.523541292061
31000	-4973.103304900859
31500	-4337.698819266666
32000	-4207.707863264976
32500	-4249.072522881336
33000	-4464.633498352454
33500	-4640.135635145642
34000	-4471.9560806241725
34500	-4596.573366442444
35000	-4667.6823386311435
35500	-4515.406065649648
36000	-4472.300875700588
36500	-4369.599176380899
37000	-4339.016323915785
37500	-4395.8482296977245
38000	-4434.41170902178
38500	-4481.651233881907
39000	-4257.176486082244
39500	-4311.749594920698
40000	-4394.207880918867
40500	-4221.577288014579
41000	-4101.605858759972
41500	-4647.305203147963
42000	-4278.709595106909
42500	-4581.067918606418
43000	-4373.4748358143115
43500	-4229.4320188201045
44000	-4326.754087908575
44500	-4378.72132089755
45000	-4377.918535731961
45500	-4564.30279377637
46000	-4409.240789595889
46500	-4308.113860836611
47000	-4101.0995683777855
47500	-4325.833813008458
48000	-4313.190122261777
48500	-5084.699486231419
49000	-4868.646464877129
49500	-4954.699945178253
50000	-4282.896654039592
50500	-4641.401676223009
51000	-4795.820126508958
51500	-4758.0762459946445
52000	-4790.296729295954
52500	-4337.727528318554
53000	-4424.902233395964
53500	-4069.335472882229
54000	-4175.494634228405
54500	-4192.02972625908
55000	-4344.6597544352
55500	-4155.137745880039
56000	-4394.427706589675
56500	-4163.6359219651395
57000	-4368.96164827045
57500	-4099.704476412157
58000	-4178.448735555702
58500	-4450.728069395804
59000	-4188.760537724064
59500	-4909.7859506357145
60000	-5482.287222932072
60500	-4824.092259672667
61000	-4197.037289318357
61500	-4280.458344270166
62000	-4163.028154662483
62500	-4578.209497757713
63000	-4540.406972445416
63500	-4199.092715744197
64000	-4203.583534515281
64500	-4331.297915727664
65000	-5131.279007021709
65500	-4449.434670120333
66000	-4768.108252395531
66500	-4559.488264048149
67000	-4425.907061468545
67500	-5088.371347012775
68000	-4655.703703506628
68500	-4475.904328234061
69000	-4728.024193985576
69500	-4549.027782773183
70000	-4486.001425837346
70500	-4319.393356480571
71000	-5141.017555582689
71500	-5084.057327096189
72000	-4768.077760179698
72500	-4366.982505689196
73000	-4342.230925316338
73500	-4178.311845728823
74000	-5434.525851588875
74500	-5058.711391332585
75000	-5088.037104379348
75500	-5128.786795123846
76000	-5490.934717137692
76500	-5152.0243111381815
77000	-5207.3605981498795
77500	-5467.754033463881
78000	-4784.4362994645835
78500	-4521.649841624726
79000	-4469.482966632935
79500	-4614.397087425794
80000	-4182.988629386354
80500	-4298.3565883357705
81000	-4778.53919096422
81500	-4444.8964185617015
82000	-4732.127523019639
82500	-4866.200009835343
83000	-4508.933466027653
83500	-4913.316359300598
84000	-5154.860834373342
84500	-5364.824865806911
85000	-5376.431692752538
85500	-5535.98616635665
86000	-5040.920811145874
86500	-5800.463974910364
87000	-5126.84144580206
87500	-5063.20317020473
88000	-4371.658160560174
88500	-4223.991841208104
89000	-4235.454762886948
89500	-4410.413008116864
90000	-4487.807863284011
90500	-4523.325126204078
91000	-4940.541954793218
91500	-4286.391339283014
92000	-4760.248056002436
92500	-4358.28928746501
93000	-4085.872845666049
93500	-4213.481313578514
94000	-4418.588385506797
94500	-4408.9182201301555
95000	-4523.988508916303
95500	-4430.781079828327
96000	-4418.055239757201
96500	-4409.824093824339
97000	-4192.916233557289
97500	-4357.386830000069
98000	-4372.401446558097
98500	-4228.001688562248
99000	-4424.374268391303
99500	-4470.99301744658
100000	-4328.315307436477
100500	-4501.69721153195
101000	-4509.945941021263
101500	-4496.985568804467
102000	-4576.223741692053
102500	-4519.364898769311
103000	-4455.906840258101
103500	-4286.748552954499
104000	-4474.549264219767
104500	-4302.276644344271
105000	-4436.166449307766
105500	-4083.5556045809894
106000	-4238.6150725030675
106500	-4210.734938256553
107000	-4248.044104931441
107500	-4172.04446136686
108000	-4264.791049028893
108500	-4389.945677002475
109000	-4330.871149830722
109500	-4195.546913746056
110000	-4233.633567424139
110500	-4274.051260444668
111000	-4177.82640968762
111500	-3977.0861530292477
112000	-4173.618899013552
112500	-4588.494461948405
113000	-5322.617984756895
113500	-4602.268575454818
114000	-4979.641586046653
114500	-5176.959053408397
115000	-5333.300705564372
115500	-6280.625978404804
116000	-6245.425099724152
116500	-5971.525592032932
117000	-6215.333433791068
117500	-6093.204606660953
118000	-5849.254242804499
118500	-4810.276399721268
119000	-4728.87934759955
119500	-4870.665249714125
120000	-4914.542615444735
120500	-4845.898887319739
121000	-4854.362993972702
121500	-4645.729032532473
122000	-4212.371344250803
122500	-4214.943003431898
123000	-4062.025316532168
123500	-4393.996358056578
124000	-4825.096336018727
124500	-4384.027808526117
125000	-4384.027808526117
125500	-4384.027808526117
126000	-4384.027808526117
126500	-4384.027808526117
127000	-4384.027808526117
127500	-4300.968376951343
128000	-4288.988371635793
128500	-4296.050964337018
129000	-4391.857809590822
129500	-4338.885693140938
130000	-4145.1588703069565
130500	-4173.797700056725
131000	-4360.413884153733
131500	-4436.75236601032
132000	-4473.406635758751
132500	-4077.5804006808485
133000	-4301.160497483766
133500	-4168.790814471643
134000	-4566.528836341325
134500	-4661.654140507588
135000	-4345.336222588893
135500	-4359.326764096013
136000	-4263.672737067763
136500	-4856.6873915230035
137000	-4624.667216456482
137500	-4176.162922986406
138000	-4208.989288891796
138500	-4354.676998934892
139000	-4240.151776932114
139500	-4302.568285240363
140000	-4302.909622511688
140500	-4356.289519710656
141000	-4116.560056190221
141500	-4222.311838642763
142000	-4366.811737266223
142500	-4448.009903139341
143000	-4595.029117170194
143500	-4513.80818562755
144000	-4600.339555209939
144500	-4636.156936284842
145000	-4576.025536837778
145500	-4836.831830639245
146000	-4999.7732319504
146500	-4446.21856399731
147000	-4332.740264665835
147500	-4318.621455343197
148000	-4210.440879352234
148500	-4351.804982806569
149000	-4498.0699753697045
149500	-4590.636172452935
150000	-4893.716861996263
150500	-4808.063922729979
151000	-4522.3878592652745
151500	-4597.581408610789
152000	-4591.938051273424
152500	-4761.686003192222
153000	-5115.727570739654
153500	-5028.750338776436
154000	-4942.887138058315
154500	-5188.5425297131005
155000	-5314.012292592948
155500	-5121.337192332364
156000	-5349.538653111603
156500	-5018.137510901754
157000	-4715.527657971689
157500	-5034.439454496644
158000	-5141.864962952891
158500	-5897.272381235067
159000	-5976.47434655358
159500	-5415.558706792974
160000	-5292.843173834671
160500	-5175.0491182537535
161000	-5014.571911990478
161500	-5079.055173033138
162000	-4779.429402559458
162500	-4793.11891641696
163000	-5051.573696535913
163500	-4868.78715683638
164000	-5145.468357951718
164500	-5540.09864113972
165000	-5240.916580938152
165500	-5066.135808481063
166000	-4920.892501963124
166500	-4772.821047241351
167000	-4882.613835111574
167500	-4724.92200251256
168000	-4839.260895670173
168500	-4825.704198687291
169000	-4845.917391212563
169500	-4852.681936337936
170000	-4936.683047785759
170500	-4984.369205195428
171000	-4912.299881399614
171500	-4915.078514828306
172000	-5322.84752185721
172500	-5310.5866669433435
173000	-4820.608911544238
173500	-4652.15982908776
174000	-4866.335114967015
174500	-4757.050363538448
175000	-4804.496031898849
175500	-4870.150434732408
176000	-5275.924268442269
176500	-5472.399795036258
177000	-5457.054892367622
177500	-4530.492310899247
178000	-4751.402223653616
178500	-4484.057187176078
179000	-4482.831499037574
179500	-4413.070535242983
180000	-4656.711614821121
180500	-4480.439463199354
181000	-4335.076160065745
181500	-4450.212973532066
182000	-4475.919903656757
182500	-4950.319392618777
183000	-4843.601368462844
183500	-4250.717749798904
184000	-4357.628928623314
184500	-4637.1109341846395
185000	-4722.40910507875
185500	-4440.802968610177
186000	-4581.723979355131
186500	-4321.5205445670135
187000	-4365.02992933557
187500	-4339.824122003707
188000	-4213.194329468929
188500	-4369.637306927924
189000	-4254.9870178304545
189500	-4186.93111063927
190000	-4293.919353684746
190500	-4436.521262060734
191000	-4104.356631548237
191500	-4232.3637295067565
192000	-4111.733356145289
192500	-4197.107634663105
193000	-4231.891584630332
193500	-4166.050024419454
194000	-4010.09096582742
194500	-4177.8727599046815
195000	-4303.946521164751
195500	-4338.691563847827
196000	-4796.279574503869
196500	-4871.926730340714
197000	-4243.292536276962
197500	-4337.6204472896525
198000	-4347.927525573649
198500	-4463.551025222593
199000	-4737.952396143384
199500	-4635.55072423176
200000	-4639.763951218312
200500	-5012.5044689890165
201000	-4837.612808655759
201500	-4775.844895926645
202000	-4801.532512987779
202500	-4515.502874200357
203000	-5055.998787658681
203500	-4908.329417491066
204000	-5101.992506851968
204500	-4400.581192437733
205000	-4478.18192800422
205500	-4232.961396661285
206000	-4329.923087467553
206500	-5015.828065622886
207000	-4651.441920800183
207500	-4625.755611368271
208000	-4612.135872381795
208500	-5086.473394933069
209000	-4709.549065641501
209500	-4475.015865640388
210000	-4565.930006996684
210500	-4462.674982179588
211000	-4685.8929419030255
211500	-4603.240516239673
212000	-4509.973497694766
212500	-4511.167053119812
213000	-4636.169626108615
213500	-4738.627094975924
214000	-4604.683079050942
214500	-4896.012518767882
215000	-4544.497057850533
215500	-4548.936678072491
216000	-4532.741893495671
216500	-4572.472460968281
217000	-4653.757581341231
217500	-4539.583511389574
218000	-4579.154666512878
218500	-4462.6353635755995
219000	-4738.490853306976
219500	-4655.754884921418
220000	-4577.9705104440845
220500	-4592.417340410793
221000	-4562.972562998444
221500	-4699.2393776629115
222000	-4673.111190728182
222500	-4776.716604049949
223000	-4724.532395725079
223500	-4871.007093275768
224000	-4975.258933988177
224500	-5707.97901228513
225000	-5187.8337038860955
225500	-6551.144861085218
226000	-6004.470622390235
226500	-5223.880944223899
227000	-5472.177031080542
227500	-5810.949547084459
228000	-5503.080173014408
228500	-4493.066160668119
229000	-4512.68585449541
229500	-4326.508876334651
230000	-4230.941334444338
230500	-4208.752444544602
231000	-4375.331611355534
231500	-4416.934197890474
232000	-5029.492978780792
232500	-5201.722632263632
233000	-4441.973844601822
233500	-4322.148096066586
234000	-4378.991321997494
234500	-4404.069454951378
235000	-4296.618445173595
235500	-4366.882033805345
236000	-4357.3818940327055
236500	-4482.16477142431
237000	-4510.169352414439
237500	-4520.967705337487
238000	-4544.907002841704
238500	-4340.323721041858
239000	-4448.678286067887
239500	-4360.6117710285125
240000	-4308.414932348388
240500	-4308.153882765377
241000	-4434.846487724364
241500	-5105.628610246789
242000	-4298.6536445805505
242500	-4343.195928171041
243000	-4313.915774756865
243500	-4519.209261830552
244000	-4338.9495559932175
244500	-4388.380590545345
245000	-4308.702690652387
245500	-4499.831519504055
246000	-4678.853425626277
246500	-4515.979392565193
247000	-4366.029759130351
247500	-4244.975034770583
248000	-4286.7644161835815
248500	-5187.024230858946
249000	-4860.5630185205
249500	-4491.225937883402
250000	-4504.740990128416
250500	-4274.622142063472
251000	-4322.681700023579
251500	-4288.7160952700115
252000	-4295.800524833629
252500	-4537.9984536554775
253000	-4490.380574672408
253500	-4717.1629726042975
254000	-4526.060318723363
254500	-4554.567548718094
255000	-4445.5901982138685
255500	-4418.828779076592
256000	-4439.437694928089
256500	-4444.167292359033
257000	-4348.931620532864
257500	-4374.182348260643
258000	-4413.567529027394
258500	-4300.218908878957
259000	-4325.293972268352
259500	-4329.490322390698
260000	-4276.139366629814
260500	-4216.142836354215
261000	-4183.323590301715
261500	-4259.71684478318
262000	-4632.4391314448785
262500	-5134.951847110987
263000	-4252.432857916053
263500	-4223.118538987032
264000	-4251.611078194156
264500	-4138.081760201725
265000	-4095.8346324722133
265500	-4184.732070088238
266000	-4282.58884088422
266500	-4205.426001329263
267000	-4161.4067984536405
267500	-4201.175321720155
268000	-4172.9239478479585
268500	-4221.288186848643
269000	-4310.7264730181
269500	-4382.740043750064
270000	-4119.697613404715
270500	-4363.922963157066
271000	-4663.61145492092
271500	-4532.735064733859
272000	-4604.493032693198
272500	-4286.655174875329
273000	-4290.392424243364
273500	-4353.1287256510595
274000	-4190.209264679005
274500	-4231.58708338667
275000	-4387.732436469813
275500	-4335.040694616171
276000	-4209.7406644306075
276500	-4298.066465546743
277000	-4368.264712847362
277500	-4478.337986479082
278000	-4633.629064359002
278500	-4726.260177192286
279000	-4165.087197534333
279500	-4219.199190095682
280000	-4465.812509555154
280500	-4457.46877337625
281000	-4418.984293944516
281500	-5044.570266306864
282000	-4418.960508191395
282500	-4201.599925380264
283000	-4056.9786263515543
283500	-4221.061036248117
284000	-4550.139804665274
284500	-4458.706318943403
285000	-4710.869106724261
285500	-4637.955340050442
286000	-4794.578990455083
286500	-4378.527531308035
287000	-4205.546406673948
287500	-4520.191559077739
288000	-4386.786294060078
288500	-4292.082693798755
289000	-4191.38831360826
289500	-4095.0015006103185
290000	-4355.940996974808
290500	-4180.698867231823
291000	-4367.986598580801
291500	-4229.809308964197
292000	-4576.678898286318
292500	-4307.793327504797
293000	-4224.610807152201
293500	-4169.299124437676
294000	-4281.490126523269
294500	-4152.297424603599
295000	-4048.273500825535
295500	-4199.710876608687
296000	-4260.676096888201
296500	-4379.800820895773
297000	-4574.19528938602
297500	-4224.475153943967
298000	-4243.698521465868
298500	-4460.010885232112
299000	-5011.511758110891
299500	-4748.96845627437
300000	-4981.691250631754
300500	-5179.590603568902
301000	-5241.716587634904
301500	-5155.571163532793
302000	-5528.299127670414
302500	-5625.627969584321
303000	-5041.626422945183
303500	-5017.767857367978
304000	-5321.60768503589
304500	-4932.938297949179
305000	-5279.931054111521
305500	-5153.962046819484
306000	-4911.767676535892
306500	-5336.255466696772
307000	-4372.336326739157
307500	-4530.315360896887
308000	-4166.176981593568
308500	-4142.915230161175
309000	-4232.337538099483
309500	-4434.7828912192435
310000	-4227.61858220055
310500	-4340.300332967452
311000	-4458.4940083633155
311500	-4461.6061661480035
312000	-4495.17475977119
312500	-4406.432178374038
313000	-4201.268421353486
313500	-4115.989342861687
314000	-4278.059135586524
314500	-4594.098008599928
315000	-4789.416468304116
315500	-5026.586805796988
316000	-4788.219064070421
316500	-4559.267369853088
317000	-4483.786681835486
317500	-4848.478851990373
318000	-4515.661918808582
318500	-4447.077957832148
319000	-4806.443128194828
319500	-4680.777437369797
320000	-4234.399107447225
320500	-4412.607075363077
321000	-4487.447226404158
321500	-4236.944891105345
322000	-4264.426083213877
322500	-4337.016762109177
323000	-4367.519871464591
323500	-4373.60707419189
324000	-4438.818787596861
324500	-4340.483829120811
325000	-4363.00704291297
325500	-4376.845809705188
326000	-4272.426630556002
326500	-4769.032278433112
327000	-5012.805959100003
327500	-5005.897215184115
328000	-4780.693241078933
328500	-4931.716302462512
329000	-4740.751392489836
329500	-4557.589108466542
330000	-4482.874077699766
330500	-4436.6911911195175
331000	-4620.945978982766
331500	-4547.064007634566
332000	-4724.361709848844
332500	-4632.934547845456
333000	-4495.563188118357
333500	-4717.856276556318
334000	-4612.654668466556
334500	-4470.519137786901
335000	-5077.967617430827
335500	-5280.700309910441
336000	-5263.618437381196
336500	-5209.834836722878
337000	-4966.911810818149
337500	-4520.185366707523
338000	-4612.8542477478895
338500	-4652.77000166872
339000	-4609.522370515685
339500	-4583.930787169744
340000	-4681.321609976767
340500	-4439.332736064758
341000	-5142.496894475601
341500	-4665.5719342202565
342000	-4993.659087035488
342500	-5164.516261234612
343000	-5072.730180365261
343500	-4547.067451875076
344000	-4764.526500597045
344500	-4736.287553387154
345000	-4959.566535573763
345500	-5273.757297205795
346000	-5195.479032135324
346500	-5253.572305154971
347000	-4438.037615438438
347500	-4525.04366140864
348000	-4478.212180088115
348500	-4422.364360923202
349000	-4529.654379245174
349500	-4713.485147831156
350000	-4601.123179289987
350500	-4468.533851485177
351000	-4308.334638499214
351500	-4299.87282033572
352000	-4445.722369720533
352500	-4587.137351051396
353000	-4381.9294539578805
353500	-4881.280610101593
354000	-4443.177015979661
354500	-4383.767895764889
355000	-4273.794506225694
355500	-4214.632475687523
356000	-4405.200665053343
356500	-4315.4909984924825
357000	-4393.23998119673
357500	-4388.442882516274
358000	-4378.554297055961
358500	-4289.561526888015
359000	-4380.012566059215
359500	-4142.13712279021
360000	-4427.126634736388
360500	-4211.676683766356
361000	-4162.049380214262
361500	-4185.549653476258
362000	-4144.580573017407
362500	-4288.44366527312
363000	-4733.107103807766
363500	-4821.758580233711
364000	-4562.842817828711
364500	-4474.442962380245
365000	-4490.347869214849
365500	-4427.003484545125
366000	-4234.5673252505185
366500	-4222.442184814397
367000	-4130.46608942011
367500	-4336.919970362039
368000	-4595.4342359557295
368500	-4237.532669403451
369000	-4362.579968394368
369500	-4149.3260177034535
370000	-4114.618955372844
370500	-4375.857797090722
371000	-4153.301635336541
371500	-4416.984381512738
372000	-4495.016423883583
372500	-4132.188002910654
373000	-4312.907237896445
373500	-4369.003082194249
374000	-4322.453456130632
374500	-4807.501368082502
375000	-5166.85172744031
375500	-5170.561406044623
376000	-5068.638653758717
376500	-5063.428937282053
377000	-4450.67193526023
377500	-4351.444699267394
378000	-4424.737093488454
378500	-4462.107685765015
379000	-4314.137942507825
379500	-4615.955699474137
380000	-5074.629041568476
380500	-5078.523871363722
381000	-4699.287386339622
381500	-4343.857083312036
382000	-4202.788470286504
382500	-4391.086862055178
383000	-4340.470371503101
383500	-4233.375511494092
384000	-4163.6195319047665
384500	-4342.936458011767
385000	-4288.36937682034
385500	-4284.628276414889
386000	-4112.023348478977
386500	-4314.6791523884895
387000	-4309.226701295955
387500	-4297.318613519368
388000	-4345.5825868317825
388500	-4400.874783927666
389000	-4187.603840335433
389500	-4316.120183769612
390000	-4374.723319339159
390500	-4433.446176109871
391000	-4638.325245548027
391500	-4788.1627851932835
392000	-4472.050413405288
392500	-4302.246915970182
393000	-4328.648773528131
393500	-4536.013916637181
394000	-4562.114070057516
394500	-4345.660909976635
395000	-4181.662739597908
395500	-4215.817301665924
396000	-4152.775239226661
396500	-4121.562873476449
397000	-4324.707679506853
397500	-4155.071872336698
398000	-4074.1476415427205
398500	-4138.348777771395
399000	-4163.570437980457
399500	-4164.102124487266
400000	-4369.208073562166
400500	-4204.912956169726
401000	-4443.090270465311
401500	-4177.832532861008
402000	-4120.601392915811
402500	-4126.134778301295
403000	-4108.250461619592
403500	-4226.211204489714
404000	-4105.255174419067
404500	-4206.6992826064825
405000	-4399.81783743677
405500	-4178.665007842235
406000	-4230.149384408202
406500	-4359.625890517312
407000	-4321.063410939515
407500	-4536.464057498709
408000	-4344.953812202641
408500	-4476.549744173536
409000	-4511.8054885195315
409500	-4237.43604132921
410000	-4328.042192571285
410500	-4237.066868476058
411000	-4387.086205759964
411500	-4579.7345466235765
412000	-4485.878836625077
412500	-4396.957674466121
413000	-4496.332095932399
413500	-4820.525062726394
414000	-4960.9947694244875
414500	-4704.177008098705
415000	-4393.610761645071
415500	-5136.536815869598
416000	-4485.317238464084
416500	-4872.08192362159
417000	-4625.137303953362
417500	-4708.134955741829
418000	-4530.913663380856
418500	-4411.981624867373
419000	-4719.203802613369
419500	-4624.526006760098
420000	-5089.0127836202955
420500	-4818.500423018158
421000	-4515.430528737335
421500	-4610.1854951071555
422000	-4542.321503912473
422500	-4681.167088772114
423000	-4366.824238691014
423500	-4245.6323264679195
424000	-4174.068530358079
424500	-4407.7749430819385
425000	-4514.752275303215
425500	-4233.952064070011
426000	-4490.9921882754315
426500	-4323.1932649251985
427000	-4438.855449571027
427500	-4080.5716689031838
428000	-4399.906108540751
428500	-4350.176939932041
429000	-4342.182035884135
429500	-4519.435793115933
430000	-4308.609793189925
430500	-4660.848066896824
431000	-4349.197859528453
431500	-4430.726863955175
432000	-4255.910275782548
432500	-4563.682165950418
433000	-4477.522880072419
433500	-4253.363620905467
434000	-4593.226616371713
434500	-5040.7146242267745
435000	-4695.926207777711
435500	-4389.50954802309
436000	-4404.541219037524
436500	-4455.778458922043
437000	-4366.532053728736
437500	-4116.749980746335
438000	-4147.171494738909
438500	-4707.593105684498
439000	-4539.03760440676
439500	-4656.62126494088
440000	-4522.158737483535
440500	-4469.0518691741545
441000	-4340.248773926659
441500	-4581.863818582152
442000	-4509.261761192811
442500	-5436.017034514804
443000	-4418.792270729752
443500	-4892.8597113428295
444000	-4585.225120558207
444500	-5308.119055365651
445000	-5972.597031877976
445500	-5665.943195430962
446000	-5378.12077966426
446500	-5018.487897779062
447000	-4963.63603532738
447500	-4823.0055996608335
448000	-5062.97474784346
448500	-5060.8275556588715
449000	-4786.5620005210985
449500	-4738.563931124583
450000	-4783.17688553885
450500	-4604.432002374957
451000	-4623.957410485967
451500	-4677.364666123968
452000	-4613.103419125374
452500	-4835.454945379656
453000	-4534.279797310345
453500	-4723.909762511977
454000	-4662.4504879950855
454500	-5129.166894888714
455000	-4920.935083374122
455500	-4775.812407737136
456000	-4680.573502150183
456500	-4531.930115667834
457000	-4592.41633223746
457500	-4705.853023698144
458000	-4732.038310714326
458500	-4654.986954017404
459000	-4975.433603173478
459500	-4907.439563564491
460000	-4940.746340847876
460500	-5037.585094265603
461000	-5139.84364093199
461500	-5512.835699825677
462000	-6029.850377722871
462500	-6379.494470523182
463000	-6338.035489692469
463500	-6360.708904760049
464000	-6320.221801531282
464500	-6458.463171519705
465000	-5368.646503907243
465500	-5078.3214772989895
466000	-4929.3684549206
466500	-4891.100863747154
467000	-4944.689247761881
467500	-4923.882744976421
468000	-5420.201298375444
468500	-5217.465201653732
469000	-5272.973269050461
469500	-5208.43651900163
470000	-5307.406266712538
470500	-5184.346581913364
471000	-5023.739114352602
471500	-5590.771106019245
472000	-5173.118175395528
472500	-5025.741169277486
473000	-5243.411094300677
473500	-5286.2714555790435
474000	-5208.812578450376
474500	-5090.116579851354
475000	-5009.586459612823
475500	-4928.778951894032
476000	-5360.890086600701
476500	-5146.763657880282
477000	-5046.559495861871
477500	-5110.909456290321
478000	-4876.7407857911
478500	-4861.525188051489
479000	-4767.608546314948
479500	-5163.636322963901
480000	-5403.149960602688
480500	-5513.015711221659
481000	-5169.064390144482
481500	-4902.050897360507
482000	-5090.062819858486
482500	-5375.823006020906
483000	-4896.706535432831
483500	-4889.568400024899
484000	-4915.296150592276
484500	-4758.497438351306
485000	-4832.092946512792
485500	-4754.338121019865
486000	-4751.697115152671
486500	-4992.156395203981
487000	-4698.460670047802
487500	-4828.9601784962115
488000	-4779.566202454393
488500	-4860.1326339063335
489000	-4882.58100667554
489500	-4891.147796117589
490000	-4796.118993047311
490500	-4745.03277106291
491000	-4798.8946409164255
491500	-4963.487898722594
492000	-5345.085407661543
492500	-5395.696866149501
493000	-4896.264080550106
493500	-5109.98591552954
494000	-5173.051559915182
494500	-5149.465746173257
495000	-5274.664224193608
495500	-5270.112288286028
496000	-4996.946798949382
496500	-5098.141987595821
497000	-5044.545318593177
497500	-5103.397102181562
498000	-5139.323057829474
498500	-4902.307127546542
499000	-4829.4323620069945
499500	-4739.956815142273
500000	-4709.6294021704525
500500	-4479.220699736292
501000	-5061.809940506115
501500	-4832.45510263193
502000	-4943.55719224489
502500	-5036.873034028127
503000	-5393.222906452393
503500	-5010.48645059791
504000	-5021.864869471848
504500	-4834.25075221233
505000	-4956.059247252099
505500	-5064.371976102605
506000	-4863.145794614081
506500	-4635.191953481444
507000	-4619.20667313482
507500	-4940.69162758715
508000	-4987.609463717693
508500	-4583.254522485105
509000	-4558.134970628424
509500	-4263.958984535853
510000	-4483.215408090083
510500	-4476.173969943228
511000	-4471.658105236979
511500	-4397.459873451462
512000	-4255.520060922768
512500	-4453.422247264581
513000	-4337.069267967693
513500	-4567.64048211545
514000	-4258.2712778021705
514500	-4269.147961223388
515000	-4369.620026586521
515500	-4824.825902419069
516000	-4301.516019513483
516500	-4235.96329860469
517000	-4335.324016909607
517500	-4519.141142913682
518000	-4312.22679236225
518500	-4338.027146092912
519000	-4160.467594242557
519500	-4454.263010586214
520000	-4178.8968756683
520500	-4327.483671932125
521000	-4179.832529473847
521500	-4032.6264078462295
522000	-4206.469375286775
522500	-4435.3764849054005
523000	-4458.01562700435
523500	-4494.6762018029885
524000	-4626.4184103335465
524500	-4486.972002026146
525000	-5471.619488645024
525500	-5550.629538068796
526000	-4804.568668511616
526500	-4434.646627819845
527000	-4523.560427628091
527500	-4888.5546559584145
528000	-4694.508657296971
528500	-4674.881099699955
529000	-4820.083130057956
529500	-5145.117422905672
530000	-4999.444835331431
530500	-4722.067778487914
531000	-4282.3194773656405
531500	-4493.556357402242
532000	-4430.742084361234
532500	-4644.359377449507
533000	-4740.61881532405
533500	-4702.886020078926
534000	-4516.807746224428
534500	-4709.074686146085
535000	-4978.6636716378125
535500	-4880.728962473338
536000	-5071.881877207255
536500	-5634.46820771165
537000	-4954.915696117487
537500	-4836.948359219676
538000	-4707.741129402366
538500	-5197.4880478137875
539000	-4524.427401528063
539500	-4873.859014728056
540000	-4891.717544437113
540500	-4803.145323324579
541000	-5175.475795918115
541500	-4626.181071258629
542000	-5575.192992821148
542500	-4974.224514853103
543000	-4897.246584356487
543500	-4590.619006264276
544000	-5308.682736586948
544500	-4817.150814696287
545000	-4730.590039078255
545500	-4415.485717760172
546000	-4558.566971529404
546500	-4501.837313058448
547000	-4476.033067245084
547500	-4499.36211091346
548000	-4370.365092974857
548500	-4262.466911845957
549000	-4525.907974465225
549500	-5016.5306093247855
550000	-5228.663966304122
550500	-5420.276391371045
551000	-5261.804560280606
551500	-4545.823674070867
552000	-4815.697555428511
552500	-4427.975575347205
553000	-4361.869567340142
553500	-4491.347903395232
554000	-4596.293244003339
554500	-4792.47528395602
555000	-5081.414229111631
555500	-5189.694356432062
556000	-4898.5257873470355
556500	-4837.119999931554
557000	-4709.064632406494
557500	-5574.615314781356
558000	-5366.386237561606
558500	-5005.597516533516
559000	-4720.110064321955
559500	-4938.642237052686
560000	-4597.319718911034
560500	-4453.720998060032
561000	-4570.223047158526
561500	-4431.604225037561
562000	-4295.088860178561
562500	-4413.677138933261
563000	-4677.128321632336
563500	-4820.487038830694
564000	-4510.95250878016
564500	-4771.751448373973
565000	-4367.871567755008
565500	-4388.0860700235535
566000	-4516.857099828128
566500	-4805.191416931049
567000	-4763.147497467391
567500	-4664.455709201421
568000	-4500.184735764917
568500	-4800.020007497469
569000	-4760.011417942607
569500	-4481.768448095208
570000	-4800.339154465045
570500	-4767.802759197198
571000	-4465.268979761276
571500	-4742.583964496812
572000	-4357.266125304217
572500	-4669.3973812431905
573000	-4427.42403550918
573500	-5026.843723184268
574000	-4504.146519216823
574500	-4530.313632103746
575000	-4512.841523159415
575500	-4530.59156529751
576000	-4607.7704986578465
576500	-4273.780186275431
577000	-4248.737016489861
577500	-4556.154285078214
578000	-4631.158419613969
578500	-4361.068018726605
579000	-4383.693170890432
579500	-4476.950826466416
580000	-4347.148560221534
580500	-4420.067672829445
581000	-4316.983974256357
581500	-4247.15720702364
582000	-4239.636676026509
582500	-4383.668501583543
583000	-4231.23051783568
583500	-4579.955669120696
584000	-4449.188045702631
584500	-4319.143948999442
585000	-4296.424317666171
585500	-4069.9118370178335
586000	-4142.914914698906
586500	-4259.5388450555765
587000	-4150.379897069463
587500	-4061.715888901667
588000	-4816.837100161301
588500	-5317.135270053709
589000	-4737.914114061008
589500	-4230.780582944207
590000	-4310.313826296686
590500	-4940.513186455022
591000	-5307.27107919615
591500	-5300.293622837329
592000	-5359.115559395139
592500	-5093.185273332205
593000	-5008.456155658256
593500	-4236.47588018838
594000	-4180.5588689801
594500	-4082.3636612188257
595000	-4551.717306387147
595500	-4264.913954566093
596000	-4202.406924129485
596500	-4328.048837563805
597000	-4408.2608177587645
597500	-4366.844116719643
598000	-4329.522550813647
598500	-4536.327830071348
599000	-4526.187980013263
599500	-4323.872635299813
600000	-4382.995912215371
600500	-4724.05827450747
601000	-4365.175997872122
601500	-4205.032021010223
602000	-4663.034612789233
602500	-4421.927432097019
603000	-4427.496223778069
603500	-4644.448225198806
604000	-4532.8016531620215
604500	-4535.8158465506485
605000	-5181.069536271298
605500	-4735.121025372397
606000	-4749.394548763594
606500	-5086.542025306071
607000	-4460.1454411349
607500	-4753.982815705592
608000	-4854.317816625775
608500	-4588.849895871612
609000	-4632.053754076145
609500	-4379.121142024382
610000	-4608.7231227878165
610500	-4285.305994711922
611000	-4382.814814475934
611500	-4427.630315953055
612000	-4495.475685490048
612500	-4377.922136479986
613000	-4360.2017946842025
613500	-4355.266211602586
614000	-4252.889879850721
614500	-4391.704431824054
615000	-4468.110350488321
615500	-4227.0786787646775
616000	-4329.7425279831195
616500	-4259.429471505023
617000	-4518.558076059984
617500	-4219.577461917505
618000	-4257.243701701286
618500	-4393.857823275352
619000	-4093.5153618668382
619500	-4391.966543000097
620000	-4694.952061666081
620500	-4350.997279786968
621000	-4179.528222416927
621500	-4067.0402538013004
622000	-4252.137559784686
622500	-4570.524391166796
623000	-4352.9694469542
623500	-4651.729724990818
624000	-4347.517139244864
624500	-4286.701574564037
625000	-4523.90770360081
625500	-4622.050833188997
626000	-4416.654357800662
626500	-4351.304129151843
627000	-4292.397936270551
627500	-4463.270428509768
628000	-4480.957881376385
628500	-4358.576591410465
629000	-4717.4911464739
629500	-4779.481210656828
630000	-5141.900367270545
630500	-5392.607104980145
631000	-5113.834392188076
631500	-5072.962091965781
632000	-4886.669798689076
632500	-4582.795540307886
633000	-5231.547507052546
633500	-5040.99229164808
634000	-5101.967517431856
634500	-5035.72012539459
635000	-4898.435238827586
635500	-5094.503758687413
636000	-4830.262079455596
636500	-4890.999960418278
637000	-4630.039737270243
637500	-4609.454613158847
638000	-4354.362094680059
638500	-4372.4988701528955
639000	-4314.944335435264
639500	-4481.878321720592
640000	-4316.4749214751955
640500	-4309.137571262303
641000	-4300.433894909877
641500	-4479.686197023668
642000	-4339.133672290156
642500	-4628.0195457465
643000	-5259.662619994643
643500	-4789.263618089013
644000	-4696.855058860096
644500	-4668.475166826273
645000	-4726.602567165442
645500	-4925.457027464758
646000	-5022.220431720793
646500	-4578.608238232495
647000	-4605.608625415613
647500	-4287.001694458742
648000	-4329.690760881265
648500	-4490.307042590203
649000	-4655.206814756103
649500	-4858.824299863965
650000	-4828.72912382681
650500	-5360.042566713237
651000	-5380.7918856422875
651500	-5258.315160062927
652000	-5220.343473760052
652500	-5951.2661543811855
653000	-5825.264916951055
653500	-5138.914505463689
654000	-5215.750003639766
654500	-5378.041031857207
655000	-5313.912468483118
655500	-5398.181775696009
656000	-5232.062748700576
656500	-5473.955906390023
657000	-5153.14912141745
657500	-5122.804457329833
658000	-4980.20291126113
658500	-5077.967004301533
659000	-4974.135132512761
659500	-5166.883238795765
660000	-5068.286466820644
660500	-4813.563032335332
661000	-4915.657732787606
661500	-4975.7523261654105
662000	-5109.2098845062355
662500	-5277.061836889938
663000	-5085.4921345068515
663500	-5198.062482169587
664000	-4904.26208538139
664500	-4637.897062059985
665000	-4875.469207359586
665500	-4501.173115148204
666000	-5197.975274779134
666500	-5283.741388315036
667000	-4891.321377309522
667500	-5112.392594248433
668000	-5122.974943309924
668500	-4682.903277783015
669000	-5381.655660021234
669500	-4573.681250835706
670000	-4751.439769187341
670500	-4615.037571072808
671000	-4404.224708700842
671500	-4341.712042433817
672000	-4451.668941793819
672500	-4412.357160023504
673000	-4164.477373595065
673500	-4214.610497215315
674000	-4184.710129433362
674500	-4204.641534504647
675000	-4525.01338204144
675500	-4784.612589599983
676000	-4409.51448745942
676500	-4458.125947198701
677000	-4710.401386088414
677500	-4514.468311609255
678000	-4417.262159507067
678500	-4286.559002768578
679000	-4330.895507925167
679500	-4463.438500147052
680000	-4480.900474003586
680500	-4075.907078921642
681000	-4554.31372155051
681500	-4911.38987070734
682000	-4456.149689972729
682500	-4713.206466108852
683000	-4589.8641369772895
683500	-4555.191369798478
684000	-4473.850226269148
684500	-4281.55613618457
685000	-4189.358664876116
685500	-5190.99166168295
686000	-4772.560847862997
686500	-4720.028230893939
687000	-5074.391860133032
687500	-4826.980182237435
688000	-4612.568470122322
688500	-4413.794134856435
689000	-4346.4594729987775
689500	-4164.4167232283535
690000	-4319.355819072844
690500	-4408.413415060456
691000	-4494.931993982827
691500	-4979.8099663921785
692000	-4557.668253698297
692500	-4859.970943077217
693000	-4787.688186263593
693500	-4826.611383899228
694000	-4671.352435584294
694500	-4770.296925064272
695000	-4263.63591990569
695500	-4546.73006672642
696000	-4466.070892421598
696500	-4374.425006295221
697000	-4215.1629903770045
697500	-4380.312925519566
698000	-4487.99872563007
698500	-4417.1347223850735
699000	-4525.460815720132
699500	-4826.213374698116
700000	-4602.1540534333335
700500	-4469.327308031984
701000	-4888.068355729458
701500	-4394.65500372446
702000	-4262.710483700103
702500	-4360.019370860509
703000	-4190.959543067395
703500	-4442.516517037206
704000	-4709.487099923802
704500	-4577.269400222757
705000	-4590.06726958995
705500	-4695.367699959337
706000	-4775.409555084639
706500	-4769.198322046417
707000	-4715.738854647742
707500	-4734.267828380814
708000	-4623.689004422963
708500	-4792.004010432383
709000	-4778.843392854904
709500	-4952.8790269961655
710000	-4714.379533595862
710500	-4970.555427524952
711000	-5027.210683227392
711500	-4510.717345132459
712000	-4552.982703320239
712500	-4784.716517431324
713000	-4482.666049168607
713500	-4600.312309763847
714000	-4596.608901401872
714500	-4805.029181974572
715000	-4382.753618307789
715500	-4618.8724036245
716000	-4566.762943168054
716500	-4658.378965122753
717000	-4770.349206213959
717500	-4722.194968394082
718000	-4827.529238816312
718500	-4634.966904000909
719000	-4502.712680059078
719500	-4593.943012376378
720000	-5596.781446095579
720500	-5334.933161693941
721000	-4945.091579717393
721500	-5069.198490496916
722000	-5169.245689452745
722500	-4618.1126493302945
723000	-4396.580661971901
723500	-4665.407980091134
724000	-4733.362598088573
724500	-4574.963815567777
725000	-4595.6832060393535
725500	-4480.379021273335
726000	-4483.001389478241
726500	-4233.9345926650485
727000	-4323.926056254751
727500	-4388.717228483185
728000	-4435.902671813371
728500	-4461.208539800118
729000	-4117.081904421392
729500	-4372.701189599153
730000	-4342.376453229459
730500	-4513.306263698454
731000	-4236.869712713818
731500	-4388.814372327714
732000	-4113.093265509602
732500	-4080.4093063085124
733000	-4216.043369549172
733500	-4106.565906373404
734000	-4352.823075264277
734500	-4397.292960497186
735000	-4630.089054479881
735500	-4589.483600690554
736000	-4479.922243712156
736500	-4553.4157515352235
737000	-4937.775764402556
737500	-4912.7455225123595
738000	-4319.296346238633
738500	-4331.084190137171
739000	-4427.81274632711
739500	-4497.269613739563
740000	-4422.77199471074
740500	-4672.409227192697
741000	-4353.942463086082
741500	-4383.245221029754
742000	-4419.954417844211
742500	-4350.343090629268
743000	-4197.805574563298
743500	-4541.479416300339
744000	-4557.493741188644
744500	-4735.235852603332
745000	-5555.500107584533
745500	-5595.371059991339
746000	-5670.9259083959005
746500	-5716.957021752436
747000	-6275.439652649215
747500	-5713.496856736466
748000	-5653.717744490442
748500	-5557.478583451558
749000	-5100.870550213868
749500	-5194.707654429161
750000	-5515.705626459638
750500	-5021.500265743964
751000	-4992.280356317782
751500	-4563.316714601298
752000	-4368.338006688241
752500	-4560.19491907736
753000	-4588.607848875272
753500	-4567.804673537447
754000	-4635.355262845704
754500	-4703.061267158645
755000	-5425.394778781906
755500	-4914.350018251546
756000	-4829.328007042667
756500	-4694.635794321473
757000	-4398.770443811444
757500	-4559.799860142804
758000	-4363.504849599918
758500	-4435.272175357466
759000	-4414.384684680038
759500	-4602.299657742377
760000	-4735.858785936062
760500	-4302.33615904988
761000	-4752.1664832328315
761500	-4867.407260606778
762000	-4756.098305648862
762500	-5028.314926831727
763000	-4868.545933244755
763500	-4646.893425534415
764000	-4630.509255291727
764500	-4430.435366747592
765000	-4680.315231429712
765500	-4546.848251793286
766000	-4334.558814153358
766500	-4574.7265762678135
767000	-4276.33718479991
767500	-4477.733941632153
768000	-4663.612659159924
768500	-4838.277494197177
769000	-4679.06821020926
769500	-4724.113045398764
770000	-4372.38470322727
770500	-4821.31573233155
771000	-4521.195819584335
771500	-5083.084924077632
772000	-4470.210907573045
772500	-4548.356710564969
773000	-4618.0025103704875
773500	-4318.290962017353
774000	-4479.222609207657
774500	-4508.569146323854
775000	-4276.256867475767
775500	-4705.568276057235
776000	-4532.494949043065
776500	-4504.0490468398375
777000	-5135.388321604263
777500	-4668.826928201862
778000	-4923.069228238899
778500	-4851.924132627083
779000	-5226.336613397488
779500	-4811.0695099544255
780000	-4791.152841424487
780500	-4966.412660264809
781000	-4507.608690086859
781500	-4497.625867128369
782000	-4912.297837990152
782500	-4781.8138220585515
783000	-5347.659468726621
783500	-4871.504764826537
784000	-4877.963431939064
784500	-4927.41249820855
785000	-4810.803489384256
785500	-4627.366965656635
786000	-4989.239722292111
786500	-4698.5200800057855
787000	-4862.398412761005
787500	-4782.478882582734
788000	-4712.477217375802
788500	-5033.046632803463
789000	-4918.529832626175
789500	-4781.426793726961
790000	-4798.7097583391605
790500	-4841.220758092908
791000	-4936.216499824777
791500	-5043.060475025212
792000	-4780.065358311819
792500	-5014.165518742133
793000	-4842.008311642382
793500	-4833.891746164803
794000	-4581.925316590442
794500	-4965.6462553957845
795000	-4905.300028864658
795500	-4689.098185438306
796000	-4534.418610040562
796500	-4907.238589325613
797000	-4800.826987467869
797500	-4720.568434373013
798000	-5951.293730603261
798500	-5017.941310051457
799000	-5062.035113857528
799500	-4793.582064603654
800000	-5111.31739614838
800500	-4982.246384533534
801000	-4784.597569551664
801500	-4978.796021208299
802000	-5055.143058463958
802500	-4759.337904118984
803000	-5321.347332602483
803500	-4812.9722815260375
804000	-5148.48703857156
804500	-4917.2657991443375
805000	-5112.665992248219
805500	-5335.635354146698
806000	-5231.781864233106
806500	-5407.656327279224
807000	-4971.148107578194
807500	-5172.666680826682
808000	-5456.723405077093
808500	-5834.902977145601
809000	-5694.331399348444
809500	-4912.194822769789
810000	-4990.43603468757
810500	-4962.589595655571
811000	-4952.758361343902
811500	-4832.387675506185
812000	-4822.614016304269
812500	-5539.9311484390655
813000	-5620.290640311701
813500	-5636.2534836422865
814000	-5412.561582259529
814500	-5540.948540869549
815000	-5733.032109770174
815500	-5672.889700540856
816000	-6233.340558598493
816500	-6664.330912141622
817000	-5987.170716949311
817500	-5374.828613632233
818000	-5367.924669495614
818500	-6078.55831643457
819000	-5151.2998509713125
819500	-5285.90514056173
820000	-5073.939636248252
820500	-5104.961920508634
821000	-4759.610134036408
821500	-4649.798480941078
822000	-4836.263980371152
822500	-4519.440552534331
823000	-4513.512434617155
823500	-4493.671813190251
824000	-4574.794762952514
824500	-4645.0114655792
825000	-4968.051200260907
825500	-4763.880507233615
826000	-4767.569321284352
826500	-4837.065497136731
827000	-4749.422392822519
827500	-4535.757547134686
828000	-4741.500990752987
828500	-4907.107342922953
829000	-4508.835208287329
829500	-4766.052293571503
830000	-4720.633983630694
830500	-4596.111930805848
831000	-4674.231114015635
831500	-5175.001907262079
832000	-4985.909395012099
832500	-4727.964332328877
833000	-4753.396843651815
833500	-4870.975418519912
834000	-4850.900781747221
834500	-4791.03048270791
835000	-4813.2020733085
835500	-5196.831455918438
836000	-4805.33350615695
836500	-4957.37152195782
837000	-4665.312615615471
837500	-5029.1734863546535
838000	-4816.830490987927
838500	-4705.2271118076715
839000	-4682.172906099517
839500	-4549.104910243469
840000	-4956.485023971518
840500	-4640.538212428964
841000	-4764.6419015173515
841500	-4692.412750261594
842000	-4673.036339167123
842500	-4711.762260354772
843000	-4812.046252667666
843500	-4562.3355373430295
844000	-5053.03799420892
844500	-5534.571972286092
845000	-5318.761580258561
845500	-5330.3984625315525
846000	-5284.478748298036
846500	-4422.114954737887
847000	-4727.1353334647265
847500	-4801.527424946551
848000	-4880.862454475767
848500	-4487.805031056617
849000	-4749.033683464846
849500	-5709.820045665419
850000	-5624.205798497135
850500	-5701.91609985785
851000	-5441.896464411254
851500	-5374.225520111929
852000	-5449.495101009684
852500	-5269.379929111599
853000	-4779.564110134346
853500	-5124.125670985179
854000	-4985.690223305167
854500	-5576.9964500231545
855000	-5569.911911346685
855500	-5865.806454477579
856000	-5685.040018252514
856500	-5805.724684586607
857000	-6167.669816665854
857500	-6094.420545085965
858000	-5618.570301546901
858500	-5233.026719944583
859000	-5318.217696996906
859500	-5066.161781448868
860000	-5569.347366931015
860500	-5730.344536881931
861000	-5254.629516606208
861500	-5365.171175570301
862000	-5487.107972906153
862500	-5465.997715957827
863000	-5175.411432584652
863500	-5276.652570018311
864000	-4677.776213973265
864500	-4332.819147515032
865000	-4751.037303252894
865500	-4686.38431470059
866000	-4756.3749340949835
866500	-4639.384287003342
867000	-5084.646688504741
867500	-4378.50944122352
868000	-4413.202809967589
868500	-4531.856251835758
869000	-4463.434061577165
869500	-4447.117787015135
870000	-4350.35999439492
870500	-4368.519758820957
871000	-4554.93253505669
871500	-4533.3462994043975
872000	-4586.453032816471
872500	-4831.876275178844
873000	-4750.822372931312
873500	-4664.403422985014
874000	-4991.071878855994
874500	-5014.731800397098
875000	-4758.716928708989
875500	-5337.980736382153
876000	-5219.682817790391
876500	-5231.953798733409
877000	-4516.696165286291
877500	-4202.170346798854
878000	-4402.147591225094
878500	-4313.911414403778
879000	-4219.230715605487
879500	-4373.748727785839
880000	-4403.794359234491
880500	-4364.036010405619
881000	-4253.916724738874
881500	-4590.042588164076
882000	-4444.525514656824
882500	-4919.198919204471
883000	-4552.439378437658
883500	-4435.647029905228
884000	-4271.883860331903
884500	-4371.968481276209
885000	-4637.38506375716
885500	-4859.596164683373
886000	-5234.525236258314
886500	-5023.180616111146
887000	-4859.814789016986
887500	-4797.900355720018
888000	-4687.136029598185
888500	-4589.375257850366
889000	-4963.770211670769
889500	-4839.4930768760605
890000	-4677.096528406083
890500	-4892.735968659886
891000	-5071.413558943695
891500	-5047.500936393446
892000	-4842.639900085358
892500	-4805.012784050183
893000	-4827.362117497001
893500	-5099.479568756958
894000	-4872.490816680162
894500	-4689.103587616096
895000	-4790.129298910272
895500	-5215.75056897539
896000	-4992.678784121216
896500	-4768.851086328869
897000	-5070.702359039667
897500	-4825.691731439191
898000	-4759.310419846355
898500	-5110.1064064885195
899000	-5008.856978628997
899500	-5102.706776453009
900000	-5538.914934098966
900500	-5184.918439812183
901000	-4905.315894577607
901500	-4905.09531167148
902000	-4448.851537125501
902500	-4600.340588761855
903000	-4828.231389200783
903500	-4666.558379850577
904000	-4532.137139569301
904500	-4724.267338165054
905000	-4551.123126189404
905500	-4839.070274084986
906000	-4838.1522244669695
906500	-4720.584255291163
907000	-4551.36672338241
907500	-4653.929246282713
908000	-4436.455764954274
908500	-4557.347244559097
909000	-4479.733706808666
909500	-4618.8841425066585
910000	-4795.988632762642
910500	-4816.003915164948
911000	-4934.182740808455
911500	-4947.233578101962
912000	-4943.579980437568
912500	-4552.967462617038
913000	-4610.48644797218
913500	-4575.481025539932
914000	-5007.075558403464
914500	-5384.319390318885
915000	-5650.776822643042
915500	-5817.169346209891
916000	-6290.073594539365
916500	-5978.920528118591
917000	-6302.241139650756
917500	-5949.653662238584
918000	-5751.644588262552
918500	-5840.272932106755
919000	-6087.449954964995
919500	-6100.927476099053
920000	-6007.1672702548285
920500	-5951.425428175102
921000	-5694.383053118931
921500	-6068.203412577352
922000	-6461.232864606465
922500	-6079.444136287285
923000	-6488.306241395158
923500	-6589.487895775521
924000	-6420.1345453173235
924500	-6244.801102685437
925000	-6393.929887333699
925500	-6438.203879335368
926000	-6573.9920819251165
926500	-6356.44079536145
927000	-6471.543510588666
927500	-6455.50186015396
928000	-6196.987295265953
928500	-5867.283866608871
929000	-5958.343206407022
929500	-5723.6877247595285
930000	-5128.214698096659
930500	-4767.8456149533
931000	-4941.0202147162345
931500	-5691.860674519657
932000	-5746.667967639902
932500	-5803.781677337484
933000	-6230.165276242929
933500	-6092.451606204016
934000	-5997.026896337103
934500	-6026.76817970937
935000	-5717.7283418114985
935500	-5567.756842046234
936000	-5629.8921448464325
936500	-5661.707017151212
937000	-5683.023033544383
937500	-5971.880625624903
938000	-5973.176452119867
938500	-5819.994348344136
939000	-5012.464446463328
939500	-4899.07682061922
940000	-5088.34861682234
940500	-5275.425599799961
941000	-5785.3207888004235
941500	-6226.935794264148
942000	-5918.452267047916
942500	-5787.471916851781
943000	-6087.035674137716
943500	-5748.223953379598
944000	-6134.460987604296
944500	-5782.63226046723
945000	-5106.224607307823
945500	-5497.130070729365
946000	-5035.886109133433
946500	-4732.461034160468
947000	-4760.61666947472
947500	-5258.8578393310845
948000	-5143.3132137825005
948500	-5395.753204912922
949000	-5155.778977272198
949500	-5463.683693662215
950000	-5046.93297782022
950500	-5048.7017130869535
951000	-4460.46795265569
951500	-5045.956458225708
952000	-4724.691591523736
952500	-4596.395545461879
953000	-4446.603756988549
953500	-4609.418001509846
954000	-4793.463145754676
954500	-4454.593295450907
955000	-4752.024499348514
955500	-4738.580102426731
956000	-4584.233858869712
956500	-4996.072486312125
957000	-4575.926274433934
957500	-4378.54991366729
958000	-4609.426528069097
958500	-5264.828696809155
959000	-5268.391753262391
959500	-5113.297769804878
960000	-4766.387314016808
960500	-4496.258725296804
961000	-4652.0430834781655
961500	-5136.289374235636
962000	-5352.791956864493
962500	-5487.256666451414
963000	-5431.873553369164
963500	-5187.692085448849
964000	-4761.709582398279
964500	-4577.318452523045
965000	-4466.9736954745
965500	-4894.953345561708
966000	-4882.461516341555
966500	-4777.172901480042
967000	-4655.070735034647
967500	-4759.027288274134
968000	-4831.946968034627
968500	-5003.847653721776
969000	-4587.024511052717
969500	-4818.6594323860145
970000	-4499.337064685049
970500	-4523.702566842474
971000	-4409.36949640646
971500	-4410.469738721115
972000	-4823.062920280476
972500	-4620.175602652317
973000	-5092.863941729948
973500	-4427.849543798536
974000	-4806.773587874573
974500	-4678.883964397745
975000	-4415.136345504316
975500	-4228.279352868399
976000	-4369.740522369077
976500	-4543.540416917186
977000	-4704.334072508932
977500	-4742.14458164738
978000	-4496.63514765763
978500	-4541.884112341453
979000	-4724.785397626483
979500	-4463.179806151671
980000	-4420.351746979914
980500	-4714.532317453371
981000	-4331.31212758607
981500	-4398.124886005425
982000	-4561.610858657889
982500	-5012.3546087349
983000	-4879.04451965072
983500	-5554.556529116233
984000	-5317.142358637407
984500	-4825.935316274228
985000	-4560.7415109877575
985500	-4587.9532194613475
986000	-4485.082423850321
986500	-4779.3542750321085
987000	-4710.06037854115
987500	-4376.621653902448
988000	-4445.215064128739
988500	-4486.9655887383915
989000	-4198.556148859318
989500	-5177.8222233103115
990000	-5211.876345687317
990500	-5327.0366160600215
991000	-4770.690601585464
991500	-5312.141621505511
992000	-5009.868310241804
992500	-4380.841104531265
993000	-4961.019379480748
993500	-4706.30015615997
994000	-4648.2319847934305
994500	-4519.293765444651
995000	-4644.767541259344
995500	-4789.997736795891
996000	-4275.000291987287
996500	-4663.656487714919
997000	-4384.817871359126
997500	-4304.246384582265
998000	-4424.571719320303
998500	-4400.885593667883
999000	-4617.880206016258
999500	-4462.625326798416
1000000	-4544.095275311266
1000500	-4589.152388508491
1001000	-4773.398359317965
1001500	-4540.423983573685
1002000	-4505.836769678033
1002500	-4252.109458819951
1003000	-4806.621929216354
1003500	-4494.94813495375
1004000	-4527.379795380435
1004500	-4487.804595648922
1005000	-4633.349010564963
1005500	-4243.83976296305
1006000	-4244.774200922794
1006500	-4394.8479096615
1007000	-4332.98209805999
1007500	-4356.286410713618
1008000	-4552.6273752672905
1008500	-4528.366546377812
1009000	-4334.178573524035
1009500	-4489.208955893349
1010000	-4363.416846444074
1010500	-4340.076476555779
1011000	-4361.905568641064
1011500	-4367.369949497748
1012000	-4278.533840873052
1012500	-4240.192655203511
1013000	-4196.0353423716
1013500	-4502.222184138764
1014000	-4287.963194496517
1014500	-4275.6587593798085
1015000	-4023.893551642564
1015500	-4287.145106714552
1016000	-4270.374100379413
1016500	-4401.700784943246
1017000	-4761.583879643371
1017500	-4322.689115798923
1018000	-4333.0210707152455
1018500	-4509.342359599065
1019000	-4528.076332848944
1019500	-4437.784042663645
1020000	-4402.448763673223
1020500	-4608.227236999847
1021000	-4893.671308901588
1021500	-4434.08841296737
1022000	-4453.710473796331
1022500	-4471.101712862829
1023000	-4367.909307743067
1023500	-4766.307517007662
1024000	-4845.78117691476
1024500	-4557.397157764318
1025000	-4619.577935375398
1025500	-4985.562382891756
1026000	-5227.5511947642135
1026500	-4768.205888615442
1027000	-4472.3344653649365
1027500	-4537.882610942836
1028000	-4550.518314122654
1028500	-4478.318873477697
1029000	-4492.380715683269
1029500	-4480.915061382605
1030000	-4544.206377531885
1030500	-4463.286565876979
1031000	-4752.547466086579
1031500	-4495.069477132453
1032000	-4372.202617809575
1032500	-4558.125104691474
1033000	-4530.696476666774
1033500	-4750.1386921165595
1034000	-4665.135533893091
1034500	-4758.7345077784585
1035000	-4515.976512309654
1035500	-5091.858130687455
1036000	-4834.048073451016
1036500	-5010.411512414621
1037000	-5055.3725116474525
1037500	-5006.025001753032
1038000	-4674.105235041377
1038500	-4333.506130849852
1039000	-4457.87033852044
1039500	-4254.720646058655
1040000	-4857.853879925431
1040500	-4870.31264415825
1041000	-4805.8882230236295
1041500	-5093.5339336055395
1042000	-4516.266844796618
1042500	-4540.64025870299
1043000	-4624.989282684736
1043500	-4396.0789417355145
1044000	-4221.289555407036
1044500	-4185.465312221583
1045000	-4779.3158754737215
1045500	-4898.09757670202
1046000	-4747.084433678435
1046500	-4333.105131515307
1047000	-5126.8410202957975
1047500	-4838.3443718685585
1048000	-4735.569034840796
1048500	-4821.350701357145
1049000	-5098.794219038144
1049500	-4855.33536544427
1050000	-5070.505010185315
1050500	-5168.778369060472
1051000	-4804.680513458544
1051500	-4902.957159671015
1052000	-4756.181085539485
1052500	-4722.463152411424
1053000	-4693.572457033022
1053500	-4614.378342887955
1054000	-4678.837342999598
1054500	-4613.195127011869
1055000	-4586.441521820202
1055500	-4558.5352474052825
1056000	-4498.215560661066
1056500	-4764.0923656216255
1057000	-4563.682872769631
1057500	-4645.2381137670445
1058000	-5372.882372752009
1058500	-5513.336484541769
1059000	-5402.524672574027
1059500	-5276.217120525984
1060000	-5133.480000799781
1060500	-4834.980398367213
1061000	-4611.555552383731
1061500	-4841.042306371633
1062000	-4629.115798723072
1062500	-4592.44209288853
1063000	-4651.272916393691
1063500	-4759.613239687269
1064000	-5065.05606994285
1064500	-4750.389875787314
1065000	-4670.322877723579
1065500	-4672.692028177639
1066000	-4814.2876524864905
1066500	-4712.237112925418
1067000	-4598.801014507119
1067500	-4745.666372340012
1068000	-4556.071788966852
1068500	-4790.92774498196
1069000	-4963.176793441886
1069500	-4898.126719715582
1070000	-4860.57174474624
1070500	-4803.631487027538
1071000	-4694.974558304616
1071500	-4922.546134997014
1072000	-5150.47554117258
1072500	-4616.688294238937
1073000	-4889.806374658856
1073500	-4883.363382816002
1074000	-4636.0425863182745
1074500	-4664.896227544282
1075000	-4601.5888427556365
1075500	-4750.6198829732875
1076000	-4684.039906901259
1076500	-4716.791132993103
1077000	-4806.531584774715
1077500	-4943.39224226379
1078000	-4605.067652047825
1078500	-4823.614953973286
1079000	-4612.295217608688
1079500	-4522.731110517115
1080000	-4386.289340716342
1080500	-4399.745157822911
1081000	-4518.694615286002
1081500	-4459.862715629503
1082000	-4493.9406133954235
1082500	-4594.393401820053
1083000	-4375.23329683931
1083500	-4369.04144148482
1084000	-4645.4188390987365
1084500	-4718.220762452392
1085000	-4460.318055335712
1085500	-4374.229601868353
1086000	-4524.312199813869
1086500	-4768.096189599616
1087000	-4819.406674301603
1087500	-5210.6361791171685
1088000	-4930.071697982242
1088500	-4810.946596385843
1089000	-4857.692879000653
1089500	-6135.992169433625
1090000	-4639.624907819166
1090500	-4488.884837427635
1091000	-4500.835647169507
1091500	-4761.736540605152
1092000	-4454.643474712431
1092500	-4796.641365076032
1093000	-4294.713510682306
1093500	-4331.9677014059935
1094000	-4388.492072898588
1094500	-4378.771094189214
1095000	-4374.98973797944
1095500	-4224.2721636245515
1096000	-4304.572779744696
1096500	-4237.627337187612
1097000	-4528.417240114834
1097500	-4741.627933698373
1098000	-4584.07658891691
1098500	-4289.261054855855
1099000	-5177.302499716151
1099500	-5106.917585355528
1100000	-4941.747059979629
1100500	-4925.333178877751
1101000	-5048.957190683574
1101500	-4671.900446871623
1102000	-4420.810990426001
1102500	-4535.853046309703
1103000	-4786.742813092071
1103500	-4588.800004409514
1104000	-4693.055247355939
1104500	-4439.364550438169
1105000	-5220.2432462020115
1105500	-5278.392225590995
1106000	-5298.240410722728
1106500	-4954.216578452879
1107000	-5282.934474438747
1107500	-4999.6806749243215
1108000	-5048.505951686612
1108500	-4952.968747015088
1109000	-4920.433950924813
1109500	-4364.040992656848
1110000	-4586.756486618092
1110500	-4606.326104847128
1111000	-4570.576377513691
1111500	-4641.5596421480395
1112000	-4392.240280876627
1112500	-4335.779815302555
1113000	-4457.547896712191
1113500	-4624.740929340991
1114000	-4697.313806575268
1114500	-4722.289015193377
1115000	-4682.691535635078
1115500	-4546.234597230871
1116000	-4605.604446210119
1116500	-4596.425546192049
1117000	-4460.486574584167
1117500	-4472.94498622793
1118000	-4351.48415285172
1118500	-4185.072997500649
1119000	-4738.741883250223
1119500	-4397.685559613687
1120000	-4248.447817819684
1120500	-4344.994207793719
1121000	-4383.929752158004
1121500	-4229.696296088401
1122000	-4230.280523530387
1122500	-4270.141430953629
1123000	-4419.898135808882
1123500	-4128.379219000156
1124000	-4256.233896350018
1124500	-4214.985864377776
1125000	-3943.78532454854
1125500	-4163.675857624694
1126000	-4325.820971414992
1126500	-4357.9060404129805
1127000	-4347.471232333145
1127500	-4285.466600667317
1128000	-4396.720158672081
1128500	-4442.6270474735675
1129000	-4384.458490875363
1129500	-4382.593163046672
1130000	-4195.380561928955
1130500	-4204.77453429128
1131000	-4296.1348569285465
1131500	-4566.457289830884
1132000	-4469.399399537109
1132500	-4271.459731307625
1133000	-4430.035116067946
1133500	-5206.998641780247
1134000	-5006.355459589611
1134500	-5626.828110068328
1135000	-4980.00080416446
1135500	-4670.876813625348
1136000	-4724.556302020579
1136500	-4351.85328422554
1137000	-4354.817961920265
1137500	-4619.402072389949
1138000	-4459.063461358006
1138500	-5084.15786287573
1139000	-5163.606322360394
1139500	-5737.286636117408
1140000	-5505.901044216021
1140500	-5621.266373983744
1141000	-5223.240417693314
1141500	-4983.698200195487
1142000	-4536.179248265287
1142500	-4603.214442922143
1143000	-4356.132738098551
1143500	-4502.208496286378
1144000	-4182.182037877659
1144500	-4197.402608169477
1145000	-4268.56825399893
1145500	-4733.5141234852
1146000	-4643.489056535531
1146500	-4610.0660731919215
1147000	-4403.626488901144
1147500	-4610.489366646355
1148000	-4460.415206176135
1148500	-4344.363722577063
1149000	-4552.750831383222
1149500	-4416.559984612059
1150000	-4488.58976375793
1150500	-4841.659438400341
1151000	-4918.754172533121
1151500	-5207.912896829076
1152000	-5188.587913346435
1152500	-5169.7631620752045
1153000	-5164.385734403694
1153500	-4907.167418624703
1154000	-4562.553299552963
1154500	-4570.432881176039
1155000	-4580.154979479852
1155500	-4600.068677177854
1156000	-4652.131975400011
1156500	-4665.996088727744
1157000	-4697.080562822993
1157500	-4531.924364562451
1158000	-4432.921819786264
1158500	-4617.690932316251
1159000	-4633.569137388727
1159500	-4598.049276715151
1160000	-4565.216618722692
1160500	-5157.328635458193
1161000	-4547.034829310325
1161500	-5051.593609655781
1162000	-4371.045259470551
1162500	-4520.338677459392
1163000	-4259.950264631074
1163500	-4426.207621785629
1164000	-4613.984881138866
1164500	-4639.851749304636
1165000	-5148.214083007891
1165500	-4947.020487764232
1166000	-4817.29247889268
1166500	-4685.421162262763
1167000	-4378.869787557213
1167500	-4515.516944994105
1168000	-4521.768262098581
1168500	-4860.939208989366
1169000	-4498.248496017046
1169500	-4398.9729643863375
1170000	-4680.148616189585
1170500	-4691.6315602259065
1171000	-4559.760345034201
1171500	-4468.311722018903
1172000	-4543.8375783565525
1172500	-4538.749634079482
1173000	-4351.5782137211045
1173500	-4399.125669508017
1174000	-4329.455742024255
1174500	-5099.628840128928
1175000	-4575.094808409645
1175500	-4250.487685460213
1176000	-4321.386720665007
1176500	-4239.6018312155065
1177000	-4032.374125712987
1177500	-4086.702640173929
1178000	-4394.7104853979545
1178500	-4228.3223554115675
1179000	-4250.2669691172005
1179500	-4310.460706456047
1180000	-4296.008414757519
1180500	-4338.746668151197
1181000	-4223.5386264211975
1181500	-4339.376232788911
1182000	-4398.267898007212
1182500	-4357.511953240423
1183000	-4713.49618194155
1183500	-4572.606390039441
1184000	-4310.153861506699
1184500	-4478.150363852555
1185000	-4063.4522979414237
1185500	-4380.715118636688
1186000	-4315.2645489196775
1186500	-4153.8678024619485
1187000	-4070.303897690099
1187500	-4083.5014166855212
1188000	-4189.83465500672
1188500	-4364.395727210207
1189000	-4190.304534096319
1189500	-4035.7179214986604
1190000	-4292.73925165806
1190500	-4040.0235013781066
1191000	-4174.3536829303475
1191500	-4145.150189340432
1192000	-4103.474317334505
1192500	-4557.994646591393
1193000	-4280.623087713833
1193500	-4134.469503608669
1194000	-4116.432398509594
1194500	-4117.021145643111
1195000	-4060.4314011024817
1195500	-4147.953266117796
1196000	-4164.124198844609
1196500	-4238.895571114624
1197000	-4258.489525697353
1197500	-4308.176878692821
1198000	-4606.260929727662
1198500	-4648.2145377897405
1199000	-4539.238691342222
1199500	-4802.474746967899
1200000	-4663.080638624583
1200500	-4756.8891284339925
1201000	-4462.123849240956
1201500	-4718.419236844949
1202000	-4720.869087084955
1202500	-4385.9939166835165
1203000	-4132.39774558587
1203500	-4364.818906300003
1204000	-4287.326127317863
1204500	-4580.783257393539
1205000	-4617.875834614726
1205500	-4519.393860307243
1206000	-4490.920102488218
1206500	-4500.712545971504
1207000	-4226.398281350007
1207500	-4447.279452833726
1208000	-4333.125651287456
1208500	-4412.550951258049
1209000	-4185.674007473799
1209500	-4407.0696917255245
1210000	-4657.280405684479
1210500	-4553.101072351527
1211000	-4375.829817634327
1211500	-4571.2041838749565
1212000	-4596.166772900087
1212500	-4658.80697093469
1213000	-4396.937768147794
1213500	-4619.546570671427
1214000	-4424.8023348985025
1214500	-4421.975840287251
1215000	-4307.605445652806
1215500	-4233.503505407946
1216000	-4155.880820637363
1216500	-4197.028492528375
1217000	-4361.583546312926
1217500	-4755.180606003126
1218000	-5180.036642987312
1218500	-5269.64095016525
1219000	-5473.3622911365965
1219500	-5339.702638814868
1220000	-5090.576147370102
1220500	-4958.431398713225
1221000	-5108.049900855597
1221500	-4780.20846806705
1222000	-4664.314157738021
1222500	-4963.913661173953
1223000	-4988.380743932325
1223500	-4634.630919340062
1224000	-4728.698712570086
1224500	-4510.545089337124
1225000	-4577.070065817741
1225500	-4767.901101442558
1226000	-4812.702947754509
1226500	-4877.993361670974
1227000	-4983.234208616546
1227500	-4937.139646987415
1228000	-5390.5513388967975
1228500	-5334.30084711182
1229000	-5557.06754915073
1229500	-5012.276757673081
1230000	-4754.114758333118
1230500	-4961.330438120855
1231000	-4929.086083175904
1231500	-5056.275917222353
1232000	-4373.035209536673
1232500	-4918.427883537512
1233000	-4603.293090947646
1233500	-5067.138228492886
1234000	-4480.928609374109
1234500	-4583.826033761849
1235000	-4647.793617356288
1235500	-4314.838958610518
1236000	-4123.602580290562
1236500	-4208.259925382936
1237000	-4057.5771136967874
1237500	-4092.6958726383755
1238000	-3922.607013165511
1238500	-3922.412444358511
1239000	-4007.3909033069626
1239500	-4055.2100239052497
1240000	-4062.1446317297396
1240500	-4083.9544491568886
1241000	-3935.7653557563212
1241500	-4155.846272613302
1242000	-4475.767980612135
1242500	-4338.1562042159
1243000	-4722.976119796395
1243500	-4393.208836122276
1244000	-4234.869841107247
1244500	-4480.16048548486
1245000	-4840.329808796224
1245500	-4825.857141719637
1246000	-4306.367327491162
1246500	-4252.545539041702
1247000	-4326.758608728088
1247500	-4474.198144227601
1248000	-4167.9563421190915
1248500	-4194.782506678494
1249000	-4199.913660197395
1249500	-4192.547554115236
1250000	-4166.153798090862
1250500	-4424.826353642155
1251000	-4093.260657287609
1251500	-4259.082453212345
1252000	-4233.9082581315515
1252500	-4386.363316789108
1253000	-4350.5148074735525
1253500	-4331.493673255188
1254000	-4316.700487725525
1254500	-4440.624332153298
1255000	-4515.510928891769
1255500	-4282.354744477368
1256000	-4792.915058777485
1256500	-4412.797858402303
1257000	-4460.576318594897
1257500	-4344.121090470018
1258000	-4573.690831206574
1258500	-4354.13201019816
1259000	-4887.282541290331
1259500	-5045.101303533298
1260000	-5610.642909197249
1260500	-4864.844412024924
1261000	-4425.792645178765
1261500	-4629.176028508507
1262000	-4199.484812318434
1262500	-4178.2873758519745
1263000	-4449.997771016815
1263500	-4105.870465233135
1264000	-4200.656661106573
1264500	-4183.137615293635
1265000	-4225.364737441505
1265500	-4153.519933151331
1266000	-4539.830264266766
1266500	-4557.64427634407
1267000	-4463.794933082978
1267500	-4136.4134263262995
1268000	-4390.83192150417
1268500	-4460.371760483069
1269000	-4573.190648994896
1269500	-5382.373179030062
1270000	-4995.8656913024115
1270500	-5147.579067601858
1271000	-5545.062219511489
1271500	-5721.427332918554
1272000	-5769.829481834622
1272500	-6381.866253359109
1273000	-6200.702080217101
1273500	-5757.482637193659
1274000	-5907.941056784866
1274500	-5894.2360108117455
1275000	-5824.2452522138565
1275500	-5927.299008072038
1276000	-4972.126982241308
1276500	-5364.559337788996
1277000	-5589.08667699621
1277500	-4683.0371013301665
1278000	-4518.7377454838415
1278500	-4286.576367106925
1279000	-4356.221323714591
1279500	-4258.775207398331
1280000	-4494.560179542375
1280500	-4362.387386695648
1281000	-4365.410667451499
1281500	-4458.954942535879
1282000	-4668.443203118979
1282500	-4643.682381397712
1283000	-4476.680174375944
1283500	-5178.271462905312
1284000	-4923.480467617517
1284500	-4886.310626892801
1285000	-4988.278800660519
1285500	-5190.950919825111
1286000	-5524.344238444952
1286500	-5411.557953924031
1287000	-5596.487752394424
1287500	-4845.156813619201
1288000	-5040.1917852190945
1288500	-4684.019857798116
1289000	-4824.108915651004
1289500	-4603.585507903689
1290000	-4536.266847442361
1290500	-4554.334395009037
1291000	-4968.779267884596
1291500	-5197.042625283574
1292000	-4894.3515919698175
1292500	-4661.087384978223
1293000	-4572.875795741452
1293500	-4663.822266324304
1294000	-4954.800929274336
1294500	-4722.022073727004
1295000	-5135.225136716528
1295500	-4608.052770053616
1296000	-4790.12221380017
1296500	-4530.502918245084
1297000	-4184.892545236323
1297500	-4302.1727040017
1298000	-4293.612130722078
1298500	-4604.86441811195
1299000	-4377.216205995275
1299500	-4952.286940628564
1300000	-4520.3961850570595
1300500	-4141.323505542841
1301000	-4227.8275819520995
1301500	-4517.145229837604
1302000	-4562.652530816447
1302500	-4216.168303886407
1303000	-4542.88291084129
1303500	-4243.008034758822
1304000	-4390.750267299073
1304500	-4619.536084404364
1305000	-4434.588732506716
1305500	-4440.8878203788245
1306000	-4191.73603555695
1306500	-4334.327313691488
1307000	-4256.833025460143
1307500	-4387.4579690789715
1308000	-4364.43517220852
1308500	-4465.072306087421
1309000	-4443.623783348163
1309500	-4325.6288342569
1310000	-4448.948287942935
1310500	-4380.430940722435
1311000	-4372.34929860659
1311500	-4303.509811334687
1312000	-4355.710906065301
1312500	-4667.810099539275
1313000	-4424.246614818746
1313500	-4453.440294573066
1314000	-4398.084377524262
1314500	-4478.660092550873
1315000	-4480.012985103901
1315500	-4503.185280451582
1316000	-4308.733576940251
1316500	-4317.482423695718
1317000	-4440.505876636924
1317500	-4241.0342555219395
1318000	-4449.848437256601
1318500	-4337.167908529443
1319000	-4610.733351604691
1319500	-4558.836246798498
1320000	-4468.652393279564
1320500	-4421.004639337102
1321000	-4449.998777040112
1321500	-4539.540130886331
1322000	-4462.713603455952
1322500	-4507.432434637746
1323000	-4461.444277364188
1323500	-4598.448820497358
1324000	-4502.804910673059
1324500	-4700.340376877924
1325000	-4888.965077351473
1325500	-4560.284170184426
1326000	-4433.108311951298
1326500	-4619.424857675825
1327000	-4502.198956847423
1327500	-4551.164434032959
1328000	-4326.616076097661
1328500	-4412.307260131392
1329000	-4306.690040114569
1329500	-4246.810472551079
1330000	-4389.270394558197
1330500	-4408.684667651009
1331000	-4367.399829704524
1331500	-4325.3205268779875
1332000	-4582.969619174275
1332500	-4562.527968288737
1333000	-4853.484096865083
1333500	-4805.573955073192
1334000	-4580.523272825184
1334500	-4560.099249916037
1335000	-4356.127924297837
1335500	-4441.037275559843
1336000	-4404.117188303544
1336500	-4478.555666769578
1337000	-4510.7959129631245
1337500	-4730.674610727593
1338000	-4446.871562925495
1338500	-4621.909069671221
1339000	-4751.561293753378
1339500	-4517.562914322307
1340000	-5084.01459248945
1340500	-4657.90122211756
1341000	-4788.263919345426
1341500	-4748.077773506136
1342000	-4822.093405963066
1342500	-4625.106285695302
1343000	-4680.306996141348
1343500	-4428.381069998144
1344000	-4643.629926341898
1344500	-4749.081084257992
1345000	-4824.788091155411
1345500	-4705.189004894355
1346000	-4386.597068090601
1346500	-4576.500485105423
1347000	-4660.268693243052
1347500	-4489.927296986465
1348000	-4591.863338990354
1348500	-4524.431892859124
1349000	-4542.616820282221
1349500	-4651.505088866632
1350000	-4881.529968797965
1350500	-4631.729015396546
1351000	-4799.5173355549105
1351500	-4814.979186091383
1352000	-5099.721421480726
1352500	-4705.367226580774
1353000	-4885.543847509596
1353500	-4873.041383470243
1354000	-4686.004883161288
1354500	-4925.061834973062
1355000	-4553.732423195044
1355500	-4731.034162800096
1356000	-4658.532487659792
1356500	-4371.163677871145
1357000	-4356.993144702842
1357500	-4340.654680086581
1358000	-4416.408486891982
1358500	-4462.356658862313
1359000	-4427.591954934134
1359500	-4349.662891371271
1360000	-4340.0609716504505
1360500	-4436.254299186042
1361000	-4481.586841101167
1361500	-4620.099683968875
1362000	-4565.640788901374
1362500	-4412.85039748863
1363000	-4861.642535724899
1363500	-5629.11114945741
1364000	-5682.040125777294
1364500	-4967.652708392021
1365000	-4931.387400834016
1365500	-4050.0237073372814
1366000	-4278.196012094578
1366500	-4178.698374280846
1367000	-4092.024618721054
1367500	-4178.490409365768
1368000	-4113.537041223162
1368500	-4214.44335832892
1369000	-4370.914446194903
1369500	-4086.3297087367782
1370000	-4079.949335016646
1370500	-3983.8065921547272
1371000	-4228.889311402929
1371500	-4301.592906896567
1372000	-4025.7594819935234
1372500	-4487.1232583633255
1373000	-4260.524089194256
1373500	-4188.028887304689
1374000	-4199.267003204194
1374500	-4257.591755761129
1375000	-4693.466314033769
1375500	-4329.798501766423
1376000	-4321.262752123748
1376500	-4467.824591264439
1377000	-4623.290123147908
1377500	-4837.143705248641
1378000	-4714.125534761409
1378500	-4503.907178236368
1379000	-4755.36244885509
1379500	-4635.777736098491
1380000	-4963.393701413598
1380500	-4780.0831530097885
1381000	-4734.323274596638
1381500	-4400.291609322053
1382000	-4433.683534737404
1382500	-4618.0727314861615
1383000	-4680.162248235155
1383500	-4646.995974319691
1384000	-4548.124549209793
1384500	-4609.525029645189
1385000	-4537.640077461938
1385500	-4696.023778878019
1386000	-4449.909761222434
1386500	-4625.90095141051
1387000	-4638.670457762659
1387500	-4553.606081520993
1388000	-4509.650085625589
1388500	-4526.673156784178
1389000	-4414.442689568747
1389500	-4310.723646323871
1390000	-5094.596384246576
1390500	-5207.598638452596
1391000	-4864.307625932836
1391500	-4351.249047466345
1392000	-4420.044935028861
1392500	-4889.972269656242
1393000	-5042.283686403952
1393500	-4410.06911186205
1394000	-4294.750629009912
1394500	-4351.744870313877
1395000	-4349.506332015696
1395500	-4474.603511382166
1396000	-4420.246586779748
1396500	-4634.2024518395065
1397000	-4702.606122233889
1397500	-4255.012150724026
1398000	-4275.072841292451
1398500	-4221.338806948669
1399000	-4213.017648370219
1399500	-4442.242515729803
1400000	-4394.442566234321
1400500	-4512.93828220952
1401000	-4368.796112511794
1401500	-4312.360213725047
1402000	-4182.024237141638
1402500	-4213.399267652465
1403000	-4432.860938668913
1403500	-4302.0143877898145
1404000	-4218.763364534197
1404500	-4317.226403112438
1405000	-4530.264087382318
1405500	-4352.085314719127
1406000	-4566.032927198488
1406500	-4618.808159081815
1407000	-4317.679535556674
1407500	-4804.888403242155
1408000	-4637.84236141664
1408500	-4552.71693116057
1409000	-4289.879369182958
1409500	-4545.2742665648275
1410000	-4521.066099623744
1410500	-4438.929735731058
1411000	-4288.781796361122
1411500	-4197.127694776658
1412000	-4242.267932115387
1412500	-4716.672921371922
1413000	-4358.254125872738
1413500	-4357.846632930917
1414000	-4574.446294574786
1414500	-4664.770687263019
1415000	-4380.525025027612
1415500	-4368.284103687239
1416000	-4205.710202589785
1416500	-4125.37505398205
1417000	-4236.2474661992355
1417500	-5075.55190848262
1418000	-5015.1613829899625
1418500	-4745.9736627343045
1419000	-4427.500343336399
1419500	-4503.8784782118855
1420000	-4640.067270164249
1420500	-4503.657227410598
1421000	-4232.269786776188
1421500	-4078.5957561106175
1422000	-4069.59920745602
1422500	-4631.594510148534
1423000	-4177.3517417607245
1423500	-4115.3828952946415
1424000	-4141.138547675829
1424500	-4659.3692443716845
1425000	-4425.143859252608
1425500	-4314.844817887448
1426000	-4442.57728710077
1426500	-4308.4237171825735
1427000	-4396.623545248713
1427500	-4347.5989372174245
1428000	-4564.83398993394
1428500	-4793.279020595699
1429000	-4856.497357153859
1429500	-4984.1896255178735
1430000	-4619.473459875512
1430500	-4452.986404469019
1431000	-4266.088695459801
1431500	-4448.774345473117
1432000	-4550.570612341391
1432500	-4231.018815859677
1433000	-4340.332729284484
1433500	-4312.739061553653
1434000	-4614.0852238164125
1434500	-4195.65663282341
1435000	-4217.6421017816365
1435500	-4207.218368111115
1436000	-4034.470022377639
1436500	-4087.776599099163
1437000	-4120.692257242381
1437500	-4400.177374013984
1438000	-4344.926912452992
1438500	-4258.458730557491
1439000	-4387.964178995514
1439500	-4222.702809164648
1440000	-4198.4881001421745
1440500	-4605.289714137621
1441000	-4468.593465169185
1441500	-4621.3791793378105
1442000	-4880.695830752178
1442500	-4763.9603112782215
1443000	-5428.678450702418
1443500	-5582.6993300365675
1444000	-5736.205386154446
1444500	-5238.007016314982
1445000	-5238.597383397238
1445500	-5411.835240815445
1446000	-5309.271344076467
1446500	-5230.965781925672
1447000	-5297.490580924331
1447500	-5170.631147085351
1448000	-4948.459864704112
1448500	-5481.807205244373
1449000	-4956.268091399949
1449500	-4346.530370371717
1450000	-4429.020444832351
1450500	-4356.560370801129
1451000	-4188.3108699035065
1451500	-4054.539758813269
1452000	-4557.097343324514
1452500	-5149.42701198529
1453000	-4469.817703885762
1453500	-4497.347681806097
1454000	-4638.271212104634
1454500	-4888.496824668501
1455000	-4649.29121080552
1455500	-4585.198952661139
1456000	-5039.635038063198
1456500	-5345.029919545252
1457000	-5282.83757292163
1457500	-5034.160989267413
1458000	-4752.106568668336
1458500	-4486.95477605424
1459000	-4719.713429366757
1459500	-4567.390743203805
1460000	-4414.739161721911
1460500	-4469.461111744043
1461000	-4620.374195686657
1461500	-4623.244424074782
1462000	-4602.3707771314275
1462500	-4804.772038168928
1463000	-5309.749938234731
1463500	-5601.766537939122
1464000	-5513.496416994666
1464500	-5544.466926709173
1465000	-5446.67935581681
1465500	-5404.625187300561
1466000	-4934.644764583627
1466500	-4929.015631311427
1467000	-5265.753199855783
1467500	-5454.731647086957
1468000	-5030.324038708352
1468500	-4564.281825881259
1469000	-4553.794718456358
1469500	-4785.356353828505
1470000	-5175.259463536107
1470500	-5286.208684435124
1471000	-5161.50777456111
1471500	-5478.594731384266
1472000	-5365.175578423389
1472500	-4356.604102925279
1473000	-4321.0258719258445
1473500	-4295.542296572771
1474000	-4182.067705959317
1474500	-4197.123645987015
1475000	-4187.515738753859
1475500	-4136.13578082549
1476000	-4409.029721786948
1476500	-4076.9676196486757
1477000	-4367.688442244871
1477500	-4168.815059034285
1478000	-4352.976129911844
1478500	-4639.362359054096
1479000	-4833.641196742551
1479500	-4866.130813961022
1480000	-4710.8840924992
1480500	-4485.155541183111
1481000	-4505.518541498362
1481500	-4514.024390467588
1482000	-4728.425857423845
1482500	-4460.855543323808
1483000	-4551.3398623660605
1483500	-4664.333957583238
1484000	-4877.131771386084
1484500	-4621.882791911361
1485000	-4562.166563633194
1485500	-4647.971456228338
1486000	-4674.219192143678
1486500	-4444.124045526728
1487000	-4790.109092725569
1487500	-4840.277212058307
1488000	-4827.9411820380365
1488500	-4794.029576989448
1489000	-4780.531295091687
1489500	-5092.276626383994
1490000	-4916.160702197869
1490500	-4878.952867941259
1491000	-5293.214324936749
1491500	-5591.903769883021
1492000	-5539.6307257660665
1492500	-4922.3370728593945
1493000	-4951.530442605369
1493500	-4696.48096585296
1494000	-4690.079966535767
1494500	-4869.899323219396
1495000	-4944.467099092297
1495500	-4666.2366758051285
1496000	-5062.470506040072
1496500	-4669.705297291278
1497000	-4798.490626909937
1497500	-4822.324209188085
1498000	-4792.420343237746
1498500	-4840.390391019427
1499000	-4683.587976214658
1499500	-4869.813573026519
1500000	-4785.808882537178
