Sample	likelihood
0	-3943.2595892389313
500	-3931.6437137931784
1000	-4036.8746669919506
1500	-3985.9279421885635
2000	-3927.2873017410757
2500	-3918.9834461359155
3000	-4028.9154700069494
3500	-4045.883354377249
4000	-3961.415055412403
4500	-3986.9989211896905
5000	-3948.5666433096862
5500	-3929.3479775431506
6000	-3904.8628026971214
6500	-3911.3398369264764
7000	-3946.5653702138843
7500	-3915.8180743918547
8000	-3955.957295325473
8500	-3948.8765125292025
9000	-3960.910214963106
9500	-3912.2479797473657
10000	-3946.5955820380227
10500	-3972.778503282973
11000	-3889.465177256253
11500	-3954.032628122905
12000	-3914.4307439573363
12500	-3947.831249889174
13000	-3962.2749826179434
13500	-3930.04198732553
14000	-3924.3416052135776
14500	-3875.9259413814316
15000	-3914.8811440352765
15500	-3994.6946552966947
16000	-3914.8065780469337
16500	-3966.0744632389565
17000	-3918.2267436751376
17500	-3909.080379129526
18000	-3883.6753793044973
18500	-3864.706749478337
19000	-3871.8068822846485
19500	-3927.3963555504683
20000	-3984.9730301572476
20500	-3874.3606419606913
21000	-3890.097087037121
21500	-3921.036822268673
22000	-4053.949395378685
22500	-3960.845085958226
23000	-3950.7773426783892
23500	-3927.902042551079
24000	-3877.1614822600004
24500	-3840.051801050158
25000	-3852.4924014147023
25500	-3961.018932373448
26000	-3952.0104780097126
26500	-3858.8141606421423
27000	-3895.3156313741356
27500	-3799.624579071656
28000	-3882.6881510469666
28500	-3757.213905116224
29000	-3729.2987666941713
29500	-3771.7641225638286
30000	-3814.66102746622
30500	-3812.390740219677
31000	-3820.1990577375905
31500	-3873.865574959718
32000	-3905.642089758172
32500	-3948.4729347135726
33000	-3891.992651851712
33500	-3914.658934733582
34000	-3954.8139894640217
34500	-4012.37890526192
35000	-3869.331613498977
35500	-3791.9095326018655
36000	-3789.909981516868
36500	-3777.195334133306
37000	-3769.7239465519992
37500	-3751.856831021729
38000	-3876.6906942318
38500	-3866.118123856273
39000	-3880.0610746064117
39500	-3939.615606643348
40000	-3899.439295252943
40500	-3904.1973548313476
41000	-3881.243752938408
41500	-3904.7221672799583
42000	-3930.5201986596103
42500	-3976.28785080837
43000	-3861.7722045578794
43500	-3941.5220566867165
44000	-3800.558033709543
44500	-3877.5070293522367
45000	-3851.867992019302
45500	-3859.812859357071
46000	-3759.4953667275545
46500	-3704.7032870620965
47000	-3707.9166379181256
47500	-3650.671780906249
48000	-3674.4890724486404
48500	-3743.8082440222092
49000	-3702.5654301436302
49500	-3772.8256908972376
50000	-3717.581502543408
50500	-3792.513855613023
51000	-3658.9360113866583
51500	-3631.066308270002
52000	-3751.1655053197837
52500	-3787.448777486356
53000	-3751.6744932264914
53500	-3753.8570098912414
54000	-3815.016007790866
54500	-3782.0679241407347
55000	-3808.8838634936274
55500	-3909.451537600664
56000	-3842.444197685403
56500	-3813.5801803036534
57000	-3786.112905542225
57500	-3870.184357838796
58000	-3902.1112102740744
58500	-3859.955994572689
59000	-3815.595587098253
59500	-3849.6335872038353
60000	-3902.5582060258785
60500	-3874.6147333152544
61000	-3915.755122509334
61500	-3906.297114018928
62000	-3937.550550862435
62500	-3991.80892572517
63000	-3871.7481781215934
63500	-3794.9153100946846
64000	-3824.6013927832164
64500	-3942.2122590618005
65000	-3942.2455698849
65500	-3886.431716419621
66000	-3834.2563667592544
66500	-3889.9419176194688
67000	-3872.946900813738
67500	-3876.496688521198
68000	-3958.8540500376644
68500	-3937.7551664040093
69000	-3814.462141674883
69500	-3923.3738614416493
70000	-3851.626555091479
70500	-3809.495295789831
71000	-3881.2346754876266
71500	-3687.6313545361613
72000	-3692.3849055544815
72500	-3727.7361848836617
73000	-3707.153944464058
73500	-3696.9695196030375
74000	-3785.632738387699
74500	-3761.226931226235
75000	-3713.0252935800536
75500	-3721.575756005143
76000	-3684.5119497618134
76500	-3910.7824479468864
77000	-3739.328266869128
77500	-3772.8455290765337
78000	-3713.2366378236366
78500	-3688.326644299829
79000	-3691.078871713428
79500	-3713.6107675805833
80000	-3624.0539486418033
80500	-3668.578389909331
81000	-3641.5934899619792
81500	-3663.115941394611
82000	-3758.498527465378
82500	-3695.2074604000004
83000	-3708.676700557929
83500	-3607.213733095206
84000	-3618.2691686589064
84500	-3684.9104750572483
85000	-3701.5990801520306
85500	-3738.274329225185
86000	-3767.9589988505218
86500	-3726.155233432409
87000	-3697.043582183913
87500	-3743.375967575679
88000	-3865.7771921255094
88500	-3824.4702252837455
89000	-3845.7008497803645
89500	-3856.1769662240686
90000	-3874.2852913816337
90500	-3697.8810807370983
91000	-3757.384448360929
91500	-3806.7720661519925
92000	-3757.7205978893253
92500	-3857.277370962234
93000	-3901.956779745797
93500	-3892.518538008216
94000	-3911.017378092146
94500	-3917.934458603544
95000	-3884.1153536054726
95500	-3928.588923870181
96000	-3829.7364043224047
96500	-3934.904537241697
97000	-3903.9876734107856
97500	-3877.568231338507
98000	-3902.6588538782325
98500	-3981.504572287967
99000	-3905.4612450595905
99500	-3839.000719846793
100000	-3741.560719609184
100500	-3731.293166206266
101000	-3667.3875864343495
101500	-3817.6986355021277
102000	-3772.2266118947055
102500	-3617.7747319962045
103000	-3655.144143535302
103500	-3680.5860088412132
104000	-3680.001770803512
104500	-3694.3700102456924
105000	-3661.170437939656
105500	-3716.965885189154
106000	-3704.2662184017026
106500	-3852.97613021104
107000	-3781.5076142687626
107500	-3697.335505572649
108000	-3707.025096756523
108500	-3658.8631215182886
109000	-3648.5309001860032
109500	-3702.01070139745
110000	-3673.38449922313
110500	-3657.1778220475676
111000	-3773.685342204797
111500	-3776.5553688560713
112000	-3669.572440304886
112500	-3785.7928370446525
113000	-3912.2377076297885
113500	-3876.5555636230374
114000	-3738.6711663930096
114500	-3812.6980731735584
115000	-3774.575368016703
115500	-3856.134186715681
116000	-3797.5892776757087
116500	-3755.5219262367123
117000	-3816.1420719563807
117500	-3789.947021691207
118000	-3828.538355079669
118500	-3850.945276946938
119000	-3806.371236488554
119500	-3814.4444341523986
120000	-3842.7688224030203
120500	-3844.2797094845523
121000	-3692.0813540720383
121500	-3657.0137630970166
122000	-3659.994782160714
122500	-3731.8685651789974
123000	-3685.829605128948
123500	-3709.9358317843894
124000	-3706.5205787924874
124500	-3680.282796158865
125000	-3627.7412082354795
125500	-3732.471130479149
126000	-3685.7484246136896
126500	-3805.6382726981315
127000	-3756.9752655810607
127500	-3716.9762801991983
128000	-3720.164078100182
128500	-3794.9990240080815
129000	-3780.213655390455
129500	-3853.770159697408
130000	-3793.7151466307473
130500	-3925.439738518319
131000	-3821.3371860836446
131500	-3868.337252476427
132000	-3820.979655429438
132500	-3837.486097349723
133000	-3936.90789692832
133500	-3807.8041126226403
134000	-3948.7219830890845
134500	-3898.456226876509
135000	-3944.055783601441
135500	-3924.8465028475907
136000	-3859.2529500046644
136500	-3871.608353121999
137000	-3870.8661669982234
137500	-3792.833596761366
138000	-3810.8497468876953
138500	-3815.910808976491
139000	-3870.358855953715
139500	-4042.6690299475063
140000	-3890.537509060521
140500	-3871.3656531822503
141000	-4044.4732821222638
141500	-3924.426312692775
142000	-3915.1128937025255
142500	-3892.1266846111725
143000	-3964.388444861659
143500	-3893.1818948260816
144000	-3900.9489605563085
144500	-3972.8549146478404
145000	-3920.009572873342
145500	-3878.352168457702
146000	-3924.3557221513283
146500	-3867.6846941297135
147000	-3968.3242116885795
147500	-3908.415722527262
148000	-3861.00293731419
148500	-3898.329184338358
149000	-3854.8799155896168
149500	-3865.3974104776585
150000	-3850.702033177273
150500	-3892.133239669973
151000	-4014.869985324357
151500	-3945.858715715461
152000	-4005.831634083896
152500	-3930.4841254561666
153000	-3977.191067984846
153500	-4070.845321645391
154000	-3898.211481192719
154500	-3939.9817503155496
155000	-4010.5770669924896
155500	-3945.9468059523797
156000	-3917.4871744930133
156500	-4066.100421667991
157000	-3916.32796446744
157500	-3977.0712814527546
158000	-4050.0587250304334
158500	-4015.633951652911
159000	-4010.264106284273
159500	-3995.6660649731893
160000	-3938.5064335469215
160500	-4051.9468344430798
161000	-4089.859246596816
161500	-4001.4672379759554
162000	-3987.219023221095
162500	-4082.173172386026
163000	-3982.5796444197244
163500	-3933.2109636900186
164000	-3978.5803799134605
164500	-3983.8030950361976
165000	-3930.9397481198343
165500	-4035.136825523183
166000	-4055.679476553664
166500	-3934.443750107626
167000	-3936.2168644806907
167500	-3965.536843690748
168000	-3999.286586410165
168500	-3960.218147461911
169000	-4043.037917179126
169500	-4008.6083839510497
170000	-3982.0066783331145
170500	-4038.3030906985755
171000	-3892.0168850962928
171500	-3990.5444623739245
172000	-3901.055593583621
172500	-4022.8227142971114
173000	-3878.1856391535634
173500	-4023.0117673088753
174000	-4017.017889466593
174500	-3997.824124291692
175000	-3937.5127684970084
175500	-4031.366684199263
176000	-3931.950482761681
176500	-3956.6893422717876
177000	-4023.1538221901433
177500	-4084.6711511952103
178000	-3900.847394081592
178500	-3910.3749547299676
179000	-3976.195841542662
179500	-3981.348317718613
180000	-4048.8665567997036
180500	-3936.569222869256
181000	-3924.354287720934
181500	-3940.2082217016196
182000	-3864.5136414195085
182500	-3814.8403856373307
183000	-3813.738574252974
183500	-3886.492048580868
184000	-3761.849890560495
184500	-3748.4153860406796
185000	-3934.4645271302925
185500	-3844.0106688515743
186000	-3908.1391455551898
186500	-3847.97188204673
187000	-3920.6548462266037
187500	-3895.4720930139583
188000	-3981.258134531857
188500	-3969.536083061217
189000	-3834.556079226262
189500	-3841.918389951766
190000	-3837.2584205897924
190500	-3841.9087521270203
191000	-3950.8521551341596
191500	-3775.4913502228687
192000	-3884.0071122221675
192500	-3879.0656024456503
193000	-4001.018429613002
193500	-3892.9898126446546
194000	-3932.102571796046
194500	-3866.1239489672967
195000	-3864.0755885380445
195500	-3900.0424906937383
196000	-3903.780861478771
196500	-3902.049576909097
197000	-3858.745103129256
197500	-3819.748260851402
198000	-3898.7631899672288
198500	-3913.1337070815125
199000	-3869.3467475236343
199500	-3838.6468291456663
200000	-3905.3108350355674
200500	-3970.8602094199255
201000	-3955.0796802943983
201500	-3899.111164780011
202000	-3882.7849946329025
202500	-3866.713544643124
203000	-3856.2381135732376
203500	-3994.804355875852
204000	-3934.3369208118625
204500	-3924.7206375350424
205000	-3940.4499984421977
205500	-3882.1963891322252
206000	-3880.1950173104788
206500	-3866.680925237331
207000	-3949.2805865463715
207500	-3901.9224444069396
208000	-3840.707992493413
208500	-3881.8619907604193
209000	-3909.701105811692
209500	-3943.8424177388615
210000	-3955.613871675806
210500	-3935.5648318621797
211000	-3921.046744494083
211500	-3944.3325159167475
212000	-3949.9169411810335
212500	-3919.3043078684163
213000	-4024.2450588668735
213500	-4042.2325121860463
214000	-4031.4878725971525
214500	-4010.751149165177
215000	-3928.1553638510204
215500	-4027.3178987115266
216000	-3933.3080450329226
216500	-3987.3426777789855
217000	-3961.2964394674427
217500	-3929.0841482143405
218000	-3878.1774719708287
218500	-3859.603169787537
219000	-3881.678077914428
219500	-3892.34066049573
220000	-3914.26836727841
220500	-3981.4432716469946
221000	-3932.8572622544234
221500	-3895.7698127945946
222000	-3825.5581046926845
222500	-3904.5206475143204
223000	-3887.6032578276954
223500	-3902.8074263573244
224000	-3812.112232260257
224500	-3945.2531917225688
225000	-3866.346767587517
225500	-3895.6218367851843
226000	-3860.372616217188
226500	-3862.605794021074
227000	-3847.038083132927
227500	-3816.7676564851427
228000	-3815.0561601516188
228500	-3909.2825469377894
229000	-3849.831691586085
229500	-3963.3862083271297
230000	-4001.557088719617
230500	-3897.703528324417
231000	-3971.7290509379263
231500	-3961.4381027323366
232000	-3945.1258207959763
232500	-3932.582117686847
233000	-3990.5315271497816
233500	-3872.1894489009496
234000	-3810.956595067073
234500	-3863.566649774564
235000	-3912.2900592356905
235500	-3883.908234407724
236000	-3980.3017615062954
236500	-3913.411128380084
237000	-3967.94245483168
237500	-3931.627010577447
238000	-3891.864363293667
238500	-3889.299550211906
239000	-3931.7245658357697
239500	-3859.0198664216696
240000	-3959.7412734525606
240500	-3922.955878199762
241000	-3933.7531425446045
241500	-3958.695313985867
242000	-3940.4770206829544
242500	-3982.7053367235753
243000	-3977.535864121253
243500	-3992.679520297973
244000	-3917.112954332742
244500	-3895.564855251093
245000	-3968.811305393612
245500	-3886.0704702370863
246000	-3904.5598683036687
246500	-3881.176428220412
247000	-3958.3294550100436
247500	-3915.2976932444035
248000	-3897.384942106139
248500	-3906.415002927316
249000	-3908.357818481527
249500	-3920.7482826687406
250000	-3976.7687728390647
250500	-3879.698950871414
251000	-3991.825284068274
251500	-3985.948090033051
252000	-3972.6055343629055
252500	-4014.5919751009033
253000	-3945.787690336889
253500	-4007.501495613188
254000	-3943.1072607097
254500	-3926.228232044426
255000	-3836.1151549739507
255500	-3881.3621330077895
256000	-3860.8134001452254
256500	-3868.9363142853213
257000	-3887.148684303939
257500	-3813.6395225165056
258000	-3930.022089922778
258500	-4003.9870009053493
259000	-3947.6743766321542
259500	-3950.583846821155
260000	-3887.362342163202
260500	-3823.345054177806
261000	-3850.842040289843
261500	-3862.7573961992707
262000	-3794.501567706102
262500	-3864.402578605073
263000	-3767.9133466528706
263500	-3837.2154211766006
264000	-3935.79008733055
264500	-3962.1382419680335
265000	-3937.793609366631
265500	-3949.420247066566
266000	-3983.096649460086
266500	-3946.3156412007493
267000	-3898.6884498919567
267500	-3940.790434808857
268000	-3942.0688726957064
268500	-3872.2048643309145
269000	-3921.034582182452
269500	-3972.7515495582766
270000	-3981.7674870900632
270500	-4044.6533106198863
271000	-3907.3585453463193
271500	-3946.883733159264
272000	-3971.158858575423
272500	-3937.2693670336303
273000	-3896.592296797865
273500	-3874.665474351881
274000	-3966.714802628202
274500	-4029.638272948653
275000	-4030.4249954780685
275500	-3958.674504215306
276000	-4064.795020197943
276500	-3983.4594540608673
277000	-3988.4434532004016
277500	-3995.323086177543
278000	-4067.9831351492585
278500	-4105.966218504646
279000	-3956.0473427043107
279500	-3907.0775878517156
280000	-3919.814985878796
280500	-3879.6589098396016
281000	-3847.4810698998303
281500	-3997.635230326165
282000	-4083.4228948573073
282500	-3997.7260870126147
283000	-4004.856402975862
283500	-3926.8762572119313
284000	-3904.756545522301
284500	-3886.8402359365236
285000	-3875.840672523941
285500	-3833.06909455202
286000	-3941.1039926914546
286500	-3830.2791639124275
287000	-4013.797139232432
287500	-3991.753182984758
288000	-4030.7300756726186
288500	-3877.7132224166517
289000	-3773.8545038182497
289500	-3866.8442661001045
290000	-3932.1223559727246
290500	-3878.729529131486
291000	-3875.634777011282
291500	-3859.979140106614
292000	-3859.9195475514157
292500	-3915.1837083479363
293000	-3905.3572348460075
293500	-3848.6802760378296
294000	-3818.573258865991
294500	-3917.9054385781587
295000	-3881.631606020266
295500	-3901.8525528923656
296000	-3855.525716464556
296500	-3875.672936381447
297000	-3888.0699763022653
297500	-3870.5621662350945
298000	-3983.4469883474135
298500	-3921.223984405094
299000	-3959.821470004139
299500	-3918.2240827808755
300000	-3892.4755849867624
300500	-3925.6690839999696
301000	-3922.291909774412
301500	-3982.135220486571
302000	-3955.990855174246
302500	-3929.135536620243
303000	-3946.5363679549705
303500	-4052.7997792871333
304000	-4038.8747163475805
304500	-3951.028431819519
305000	-3949.9683934762584
305500	-4038.3468070585027
306000	-3959.529563410345
306500	-4010.6595410040177
307000	-3980.4872256278686
307500	-4082.7480038495205
308000	-3937.351067890319
308500	-3937.260153555147
309000	-3957.6111050894433
309500	-3930.556103667784
310000	-3980.5827324391435
310500	-4028.4109896726327
311000	-3959.9958816571493
311500	-3918.0174928097404
312000	-3904.544423786954
312500	-3986.247677094714
313000	-3973.1824526612854
313500	-3955.451641077733
314000	-4111.281034529533
314500	-3936.0790463486974
315000	-4060.9727552949507
315500	-4153.826869905035
316000	-4002.318940539266
316500	-4097.137740647103
317000	-4000.6111892925683
317500	-3924.5950027982726
318000	-3961.9564757451253
318500	-3931.006944179732
319000	-4036.3385130037573
319500	-3928.630066232847
320000	-3949.5319829726027
320500	-3869.6471897252313
321000	-3950.72581820601
321500	-4032.223678181578
322000	-3981.824546964874
322500	-4043.5043718391516
323000	-4031.0612044658956
323500	-3953.246442949026
324000	-3934.407106039094
324500	-3882.0736029142895
325000	-3977.848977419257
325500	-3937.133697975351
326000	-3841.6046169965407
326500	-3931.3266951410637
327000	-3933.081130943899
327500	-3869.604239515539
328000	-4034.0363615150013
328500	-3995.1493935133653
329000	-4083.783204520699
329500	-4117.721888990529
330000	-4094.161999262688
330500	-4124.564498750611
331000	-4039.2154138053775
331500	-3976.429852639515
332000	-3968.3536580390105
332500	-3855.6808994837866
333000	-3996.3068744194707
333500	-3997.99432085356
334000	-4051.6165153210327
334500	-4040.8839940458356
335000	-3939.0381841985286
335500	-4005.4021177432546
336000	-3973.091313600509
336500	-3973.1911809608077
337000	-3972.539362579299
337500	-3950.2348288095714
338000	-3978.1874449095653
338500	-3975.7280188586305
339000	-3965.374607836273
339500	-4033.9329968630504
340000	-3853.8674654812403
340500	-3949.8151750955576
341000	-4012.0904599946216
341500	-3981.4304088469926
342000	-3875.768305390138
342500	-3933.9765896671383
343000	-4007.24643341418
343500	-3892.7433328863253
344000	-4003.615791520624
344500	-3941.4736853774034
345000	-3979.380611988185
345500	-3913.579166059947
346000	-3990.2262846513677
346500	-3998.773572483685
347000	-3930.7308001927404
347500	-3912.6274391570205
348000	-3883.2072994122777
348500	-3889.6277016742556
349000	-3936.9600492553827
349500	-3882.2723900490264
350000	-3868.94123972816
350500	-3920.3850980931256
351000	-3922.0383999163005
351500	-3830.4562653047165
352000	-3888.6104544108375
352500	-3837.87317590742
353000	-3942.932070795249
353500	-3896.3875932754004
354000	-3886.666004743596
354500	-3904.3147578282897
355000	-3978.489838283419
355500	-3909.5681958161776
356000	-4001.687611099368
356500	-3958.952649094639
357000	-3929.2549889819948
357500	-3915.534062770829
358000	-3841.9621646953146
358500	-3942.2779650214143
359000	-3977.9102795267986
359500	-3938.0865947157513
360000	-3941.7332618135056
360500	-3968.0699763264624
361000	-4034.4158877435157
361500	-4057.9407443411264
362000	-3890.51579858906
362500	-3946.914453552176
363000	-4003.1642111673627
363500	-4004.7299643340034
364000	-3917.2326503155446
364500	-3876.185172146367
365000	-4030.901667511449
365500	-3958.6508346761684
366000	-3974.518916197096
366500	-3982.3984216247995
367000	-4052.0553856550596
367500	-3914.6401657261904
368000	-3849.77296561297
368500	-3925.7854113603225
369000	-3803.822056859993
369500	-3782.6025111003696
370000	-3782.890336639498
370500	-3864.001226519019
371000	-4003.9202033201914
371500	-4025.7284431769704
372000	-3951.113511110785
372500	-3931.9473102513903
373000	-3969.739036899265
373500	-3885.296712811757
374000	-3903.2468722259127
374500	-3918.455563609728
375000	-3876.7409622344553
375500	-3839.015604770324
376000	-3794.8253783419377
376500	-3862.7298737214664
377000	-3833.8193737349116
377500	-3772.6823879287595
378000	-3843.6317775589296
378500	-3886.6513295540262
379000	-3928.030784942252
379500	-3782.5487503761524
380000	-3734.1758438363913
380500	-3729.1498317889414
381000	-3729.339354678711
381500	-3831.532401756877
382000	-3882.339816457597
382500	-3860.0715624046193
383000	-3812.378850833438
383500	-3839.432655066598
384000	-3888.3759259156095
384500	-3948.995474440299
385000	-3900.556231052864
385500	-3859.9555434650933
386000	-3828.1387142700773
386500	-3823.492890413462
387000	-3905.504079727156
387500	-3925.2778976434597
388000	-3774.655758071064
388500	-3957.086095903592
389000	-3971.3515558754975
389500	-3826.4540225132314
390000	-3759.6620014049286
390500	-3898.6410812557915
391000	-3862.6361089291286
391500	-3785.047777582207
392000	-3817.2849279457246
392500	-3811.5516821948804
393000	-3858.5402861432403
393500	-3915.126481045614
394000	-3881.9805104334882
394500	-3903.5426163187035
395000	-3843.1521015673866
395500	-3853.288798081145
396000	-3899.904797204866
396500	-3893.7376513708914
397000	-3863.7715298190387
397500	-3823.181632911339
398000	-3918.2891698389994
398500	-4065.1821830788044
399000	-4023.9922963380777
399500	-4017.4257159583913
400000	-3926.866591980546
400500	-3921.382066262663
401000	-4045.704451090179
401500	-3968.5376375750425
402000	-3904.390753557252
402500	-3896.9274664907575
403000	-4027.0340758361785
403500	-4050.2633628440226
404000	-3929.96655864074
404500	-3962.0671745694817
405000	-3873.298285339456
405500	-3762.4937771387117
406000	-3849.345173411545
406500	-3909.510914007414
407000	-3885.8789679751817
407500	-3875.154165749324
408000	-3863.047400708222
408500	-3817.20622927592
409000	-3849.5026500343965
409500	-3885.7774468301523
410000	-3868.935792787326
410500	-3884.5049629408472
411000	-3917.7738418752606
411500	-3926.262449236199
412000	-3955.629023052637
412500	-3790.3611958938795
413000	-3966.640138196075
413500	-3761.770287107816
414000	-3751.4323137772462
414500	-3852.9532984325233
415000	-3752.4966119087226
415500	-3725.5303317740018
416000	-3649.4103406514814
416500	-3672.87025968888
417000	-3721.1020397985585
417500	-3658.9049838258024
418000	-3614.518714278492
418500	-3676.905495961747
419000	-3683.902127586785
419500	-3668.426821053769
420000	-3662.0638666228847
420500	-3606.812521557188
421000	-3641.4512192815155
421500	-3633.822464157501
422000	-3607.7127879154477
422500	-3624.975880411544
423000	-3644.790159639654
423500	-3668.9108468899035
424000	-3759.9641441956205
424500	-3658.18945951576
425000	-3643.67286303011
425500	-3658.8255936170913
426000	-3645.369787910778
426500	-3604.9998180545294
427000	-3708.380612168752
427500	-3694.9142424691263
428000	-3716.2382754804644
428500	-3679.2127005977477
429000	-3786.0887649832675
429500	-3797.590915152199
430000	-3856.537299285533
430500	-3890.1425585772286
431000	-3965.523894660544
431500	-3901.7731064108484
432000	-3882.109894320614
432500	-3877.5319807938904
433000	-3870.606456492438
433500	-3944.0294851245303
434000	-3895.2558210137954
434500	-3945.879279144484
435000	-3831.116362412988
435500	-3849.3360171394484
436000	-3877.583574587445
436500	-3735.974240624789
437000	-3814.9549540393728
437500	-3861.484585723021
438000	-3873.465983359325
438500	-3889.2091610070975
439000	-3820.451210043933
439500	-3819.0216448335136
440000	-3842.19649513657
440500	-3837.011799469973
441000	-3884.7056792078306
441500	-3866.98287526006
442000	-3779.1562806356947
442500	-3879.180110660474
443000	-3857.0049505093493
443500	-3864.352634239277
444000	-3911.0149826367674
444500	-3866.8393957901867
445000	-3902.469823814127
445500	-3881.4306553979113
446000	-3839.85294879747
446500	-3925.5491415375263
447000	-3835.653116366466
447500	-3917.0024094527976
448000	-3996.098147505271
448500	-3807.9805386775397
449000	-3801.0479974043596
449500	-3831.8774742508344
450000	-3800.342942825465
450500	-3811.7620997135928
451000	-3800.147361282611
451500	-3867.768435363905
452000	-3907.6638042544982
452500	-3803.0902313811876
453000	-3828.0714746646395
453500	-3825.569778577837
454000	-3820.9410243709017
454500	-3798.813637244257
455000	-3832.2111037401537
455500	-3821.236825307433
456000	-3842.4752398751425
456500	-3828.2104787660332
457000	-3751.5653926210034
457500	-3739.451265885477
458000	-3783.922119674381
458500	-3771.8607105833885
459000	-3788.8410106959404
459500	-3804.6441997459906
460000	-3769.2642133864124
460500	-3736.2826728415575
461000	-3818.197312288208
461500	-3856.3831325854376
462000	-3800.3044816641113
462500	-3803.7950559999376
463000	-3838.120929181091
463500	-3798.239539948654
464000	-3813.379711503467
464500	-3811.880442537314
465000	-3846.1750484631557
465500	-3838.0461924491924
466000	-3908.920847498311
466500	-3849.5552561937966
467000	-3885.982676939931
467500	-3925.2859175081985
468000	-3894.136434928403
468500	-4023.9049492561253
469000	-3885.7005772493585
469500	-3926.7176750577564
470000	-3974.6417671878235
470500	-4041.2842453375865
471000	-4002.68177423319
471500	-3974.9668014115045
472000	-3916.501457152514
472500	-3933.541108494642
473000	-4006.7796638425366
473500	-3996.392523096383
474000	-3927.1221347122814
474500	-4049.0997193080834
475000	-3887.798357873431
475500	-3985.41642670417
476000	-3900.159188618777
476500	-3890.938478423837
477000	-3885.1781256436425
477500	-3888.981622865578
478000	-3894.6390072207932
478500	-3950.548305821228
479000	-3895.8196178088015
479500	-3974.467763770505
480000	-3959.6109028255905
480500	-3938.2213996240484
481000	-3877.583504562328
481500	-3851.073392932841
482000	-3947.5155812785156
482500	-3910.101991998789
483000	-3845.9626102341904
483500	-3840.6692222339952
484000	-4010.8744971503097
484500	-3920.184673337315
485000	-3877.324365788746
485500	-3947.6196315481848
486000	-3911.8944639932615
486500	-3973.7593496619697
487000	-3931.5109878618578
487500	-3895.506492946107
488000	-3948.9741470777326
488500	-3896.885729037915
489000	-3874.304373759457
489500	-3893.3968454396268
490000	-3968.6673952139363
490500	-3910.725064046962
491000	-3805.7552852003973
491500	-3832.362787827366
492000	-3879.9124546840244
492500	-3890.9649936855085
493000	-3943.7843570375153
493500	-3885.331192344322
494000	-3969.6011407143337
494500	-3895.8485217010257
495000	-3873.969814780261
495500	-3875.748891508376
496000	-3909.1782023951296
496500	-3837.899294475886
497000	-3828.8946329066835
497500	-3934.519560599401
498000	-3898.578980181161
498500	-3937.8371948295994
499000	-3758.350011698951
499500	-3874.540054907643
500000	-3811.3441524764803
500500	-3775.998234683573
501000	-3798.708788845325
501500	-3790.4049394634008
502000	-3806.0839871470525
502500	-3774.735707410726
503000	-3787.1932697295015
503500	-3800.9559252904164
504000	-3813.101828535833
504500	-3754.5107076795725
505000	-3875.7029059185675
505500	-3880.756756859874
506000	-3825.775374664803
506500	-3736.0595673458192
507000	-3744.2840005375597
507500	-3773.264710751831
508000	-3912.5115098590063
508500	-3933.8403274455627
509000	-3897.672586597017
509500	-3889.078505011937
510000	-3879.9022863360556
510500	-3857.713682523894
511000	-3937.9076172679597
511500	-3787.956591876352
512000	-3855.418892587205
512500	-3794.292500469558
513000	-3796.3833687595447
513500	-3795.494130942966
514000	-3801.066711458976
514500	-3773.3064904881853
515000	-3860.4391135262076
515500	-3792.948106158859
516000	-3915.0473951789295
516500	-3835.3295040383027
517000	-3708.493456675694
517500	-3660.0265599753557
518000	-3738.2286540134614
518500	-3636.5853477128067
519000	-3688.0823750403238
519500	-3718.6297631322777
520000	-3639.184696995558
520500	-3741.5992540164643
521000	-3677.0313607855173
521500	-3711.141140945465
522000	-3714.030148923905
522500	-3697.509525296803
523000	-3784.6585380375623
523500	-3773.0343166099874
524000	-3745.1538622054886
524500	-3719.435222284818
525000	-3680.217744376059
525500	-3691.1803785189436
526000	-3729.6097006711516
526500	-3775.3797466397027
527000	-3674.2593519683437
527500	-3816.3397487032275
528000	-3825.201503388549
528500	-3837.329601738418
529000	-3807.9574420005724
529500	-3851.8742445962757
530000	-3957.6326949313166
530500	-3994.0352894580456
531000	-3950.9167886078008
531500	-3951.2256280186616
532000	-3875.0033107262025
532500	-3951.636315139973
533000	-3995.6388432886943
533500	-3940.0678421265843
534000	-3964.840777476011
534500	-3904.5178048971084
535000	-3951.717179480844
535500	-3949.579873408192
536000	-3934.5604289035095
536500	-4068.2844798884985
537000	-3978.429484483923
537500	-4038.1030623619076
538000	-4062.1096700345806
538500	-3921.280181890379
539000	-3897.1456668781248
539500	-3948.9680150386994
540000	-3902.712485999512
540500	-3890.5074590876525
541000	-3855.663314406622
541500	-3862.3038578430446
542000	-3926.8006132624346
542500	-3908.888583544868
543000	-3948.1459685353975
543500	-3922.287403791356
544000	-3964.5365837682166
544500	-3979.7479602907424
545000	-3887.4984704772387
545500	-3943.401112215221
546000	-3939.5200808332816
546500	-3996.0543738974566
547000	-3789.2038022903002
547500	-4022.6815162598864
548000	-3929.9243673810543
548500	-3961.0454144098094
549000	-3888.631029905913
549500	-3760.182911312717
550000	-3799.7455953152717
550500	-3987.82073200091
551000	-3933.8174033661758
551500	-3934.0676970639524
552000	-4007.3967472999207
552500	-3846.304414166933
553000	-3869.225346253976
553500	-4005.967112612029
554000	-3980.389426429538
554500	-3966.305971849502
555000	-4057.4467940766863
555500	-3963.3269755483116
556000	-3977.227133418749
556500	-4000.454509217759
557000	-3928.861282349165
557500	-3887.6940622053903
558000	-3954.5518126856587
558500	-4041.9461106280974
559000	-3961.3629069019785
559500	-3992.407935531258
560000	-4023.330739503951
560500	-3983.12606173108
561000	-3965.6061196538576
561500	-3952.2779503518664
562000	-3956.008559221028
562500	-3900.129684285356
563000	-3996.734443720376
563500	-3979.362094432588
564000	-3900.4882645804064
564500	-3952.494983604366
565000	-3977.736866901329
565500	-4060.014765305766
566000	-4059.340370797247
566500	-3955.280967135554
567000	-3925.288447258646
567500	-3853.190157309706
568000	-3890.661786973283
568500	-3894.600036102622
569000	-3922.1947435492452
569500	-3918.309587103416
570000	-3857.1849102512233
570500	-3847.820671067648
571000	-3817.245904192776
571500	-3829.3823019082747
572000	-3852.4196571044754
572500	-3909.0627800414277
573000	-3841.272304375294
573500	-3792.6267680759233
574000	-3822.630377744397
574500	-3767.207871298864
575000	-3758.545069533198
575500	-3691.0984843895612
576000	-3978.9424689865614
576500	-3892.568521835139
577000	-3866.9650776025856
577500	-3875.0761381386455
578000	-3910.21449415382
578500	-3916.3575931755763
579000	-3849.3694539785365
579500	-3875.3956842691764
580000	-3883.321897735736
580500	-3864.2136929245585
581000	-3919.520133412402
581500	-3883.3754592366417
582000	-3795.756919322585
582500	-3892.1390125016615
583000	-3916.059218846554
583500	-3857.851615421913
584000	-3771.946342920685
584500	-3778.3288799318016
585000	-3724.2887173765926
585500	-3737.167087896653
586000	-3769.4767993901496
586500	-3792.597744478819
587000	-3747.1841717984016
587500	-3816.8837627620683
588000	-3759.420132553247
588500	-3735.6608307952292
589000	-3884.5612258576957
589500	-3789.6599633304945
590000	-3881.963411016134
590500	-3689.1663208834593
591000	-3728.3623444786663
591500	-3813.0230672931725
592000	-3935.5071608893095
592500	-3799.5634353014107
593000	-3874.3323759705254
593500	-3941.9927413046257
594000	-3859.249145714461
594500	-3870.018290212758
595000	-3924.8988559179256
595500	-3863.036799080421
596000	-4010.692045683059
596500	-3948.6808179172695
597000	-3821.703005531795
597500	-3848.0400945774113
598000	-3921.7688123965145
598500	-3857.7011525129906
599000	-3900.0574206712786
599500	-4040.7990676795066
600000	-3945.302462654769
600500	-3986.872838500959
601000	-3996.641540117459
601500	-3879.449331652358
602000	-3900.7964253386494
602500	-3929.847887964344
603000	-3889.264122239189
603500	-3872.8133303448744
604000	-3974.71755080079
604500	-3954.7134338881165
605000	-3888.894928900088
605500	-3912.3183919772055
606000	-3845.8662401566985
606500	-3896.805789661682
607000	-3872.984129690089
607500	-3877.520002329921
608000	-4005.9941647381233
608500	-3821.5526177795196
609000	-3867.7767091475525
609500	-3897.239490615088
610000	-3962.5378535172526
610500	-3897.280806660513
611000	-3760.0238899400606
611500	-3781.0296854975704
612000	-3867.715921958506
612500	-4005.4358752698236
613000	-3902.5883301335016
613500	-3958.724166046684
614000	-3890.71928568798
614500	-3970.1279931865806
615000	-3903.5189791505163
615500	-3939.4579998133604
616000	-3933.197329716849
616500	-3916.8879767298063
617000	-3903.4875968913184
617500	-3994.619666122304
618000	-3891.809143248863
618500	-3848.235476795095
619000	-3845.2193914326554
619500	-3884.3790754113497
620000	-3887.158571949121
620500	-3927.5197996914135
621000	-3959.5879169174164
621500	-3967.100087203971
622000	-3882.35862869902
622500	-3859.590745601945
623000	-3838.3995898591083
623500	-3794.9786979422347
624000	-3808.1052865933925
624500	-3833.3879774550505
625000	-3824.1641001248845
625500	-3805.186187762137
626000	-3838.6650322195446
626500	-3935.789653560629
627000	-3902.5471781951314
627500	-3779.8323361347443
628000	-3767.8441116063677
628500	-3751.414914639826
629000	-3802.2230125484716
629500	-3878.996133048817
630000	-3896.9271510562708
630500	-3900.6960065506782
631000	-3815.6405081735625
631500	-3923.283868689138
632000	-3853.483287526476
632500	-3793.1341754906707
633000	-3766.8506202345043
633500	-3763.68720809518
634000	-3873.0894203094267
634500	-4004.660524246972
635000	-3875.5446597639675
635500	-3895.324165784507
636000	-3846.310191728304
636500	-3857.3870976564535
637000	-3940.4686161015206
637500	-3814.951372890857
638000	-3881.924718472951
638500	-3795.184790018298
639000	-3723.193946422621
639500	-3740.223351976765
640000	-3802.112802828506
640500	-3827.953478939414
641000	-3831.739652391502
641500	-3889.016784841558
642000	-3897.9888159320803
642500	-3912.383890695608
643000	-3813.330452702222
643500	-3907.604418242908
644000	-3856.999259052064
644500	-3909.4371590855194
645000	-3891.9326453184262
645500	-3915.0474174043334
646000	-3845.955831049586
646500	-3800.2427802365305
647000	-3931.9992889350037
647500	-3865.4064078193314
648000	-3896.3954481264473
648500	-3858.220779655413
649000	-3917.3545474228376
649500	-4039.1342059325657
650000	-3930.9841762885667
650500	-3906.296866777214
651000	-3854.406167847574
651500	-3960.5003531407497
652000	-4020.470043072877
652500	-3917.3461769062706
653000	-3863.7559200623177
653500	-3842.423528282959
654000	-3874.971432012577
654500	-3991.4225840193635
655000	-3971.1440620817802
655500	-3937.633497625086
656000	-3940.006167045896
656500	-4073.991519451537
657000	-3960.998689953035
657500	-3892.0223502028252
658000	-3856.5435631145237
658500	-3885.3795802419804
659000	-3889.2918424360882
659500	-3857.3567607879186
660000	-3913.8344874354048
660500	-3988.9099588860936
661000	-4036.384566044218
661500	-3962.3397660174846
662000	-3882.8082041930106
662500	-3955.172364553128
663000	-3907.252642406994
663500	-3930.801610739902
664000	-3977.085489739913
664500	-3877.768800676493
665000	-3940.2690400857664
665500	-4024.1008474948853
666000	-3933.106325080186
666500	-3860.8636364506383
667000	-3873.218797332754
667500	-3887.106947610786
668000	-3852.809414867867
668500	-3879.1177847342806
669000	-3900.6156152299486
669500	-3863.2095608618624
670000	-3899.5822174546242
670500	-3989.131879380792
671000	-3942.5681890295236
671500	-3959.1854918578847
672000	-4013.507428776995
672500	-3908.395817671397
673000	-3987.3143186045754
673500	-3958.725076618881
674000	-3855.0734058520193
674500	-3929.192127240115
675000	-3961.595971960895
675500	-3959.971405528691
676000	-3907.590798805563
676500	-3797.658066050542
677000	-3833.99894392721
677500	-3929.1549541866457
678000	-4031.705204206485
678500	-3998.4592071100683
679000	-3964.447813882864
679500	-3924.188676200924
680000	-3893.5982907709576
680500	-3826.4135770442062
681000	-3880.516568901486
681500	-3879.122630225401
682000	-3920.980515768233
682500	-3929.924743217929
683000	-3973.42332152766
683500	-3903.5009070464907
684000	-3981.2996423994327
684500	-3957.7523979169737
685000	-3947.347305963751
685500	-3925.7112659701443
686000	-3880.3667020997073
686500	-3829.0200090304024
687000	-3811.5676631382494
687500	-3899.509296543508
688000	-4014.0055608628427
688500	-3905.1792013815198
689000	-4026.669937129771
689500	-3892.4981288418358
690000	-3913.6436632656223
690500	-3871.636350203191
691000	-3896.967332693671
691500	-3932.963943254711
692000	-3894.969632332857
692500	-3875.153361292175
693000	-3831.6905879414717
693500	-3855.6379977934516
694000	-3831.545968108474
694500	-3868.3287017073803
695000	-3933.5910820254944
695500	-3959.8045207817504
696000	-4006.4930161491457
696500	-3892.016915549967
697000	-3913.758340188437
697500	-3871.7287683906166
698000	-3870.0752110612043
698500	-3823.51785108618
699000	-3797.1750702556515
699500	-3933.6941549697276
700000	-3766.3416056880965
700500	-3744.5552515017434
701000	-3887.8368687212073
701500	-3858.408573018745
702000	-3764.3581744712305
702500	-3869.251091286925
703000	-3824.6994280608596
703500	-3907.228212438228
704000	-3832.3491645452823
704500	-3868.3572784359253
705000	-4027.1674749688573
705500	-3953.001115345981
706000	-3890.3204848430723
706500	-3857.4231075604052
707000	-3891.178858086467
707500	-3829.8215379806184
708000	-3838.0883921366994
708500	-3805.338344355172
709000	-3840.6790292656983
709500	-3820.7905937391415
710000	-3827.410909224466
710500	-3828.0300477184314
711000	-3904.1108330368934
711500	-3877.424577687761
712000	-3952.8507712964715
712500	-3880.4157913316976
713000	-3852.0999114161223
713500	-3914.400867471891
714000	-3858.8718491652544
714500	-3956.6563902596286
715000	-3959.63877676796
715500	-4003.4109802170105
716000	-3956.74229414261
716500	-3856.725031253291
717000	-3955.018406920386
717500	-3881.231878527546
718000	-3886.956930986334
718500	-3918.4211827054023
719000	-3885.2582491037406
719500	-3856.500548143784
720000	-3927.290044150058
720500	-3870.3049005573466
721000	-3968.758069833221
721500	-3928.0230288594453
722000	-4001.886535956767
722500	-4064.180801353799
723000	-4011.0971560760877
723500	-4028.681885918851
724000	-4020.9780770357756
724500	-3999.1063240546373
725000	-3838.4839513528104
725500	-3829.5941146831183
726000	-3943.1920072300863
726500	-3857.277016697991
727000	-3824.5010577265766
727500	-3820.453644601316
728000	-3922.069438700673
728500	-3818.1149933251922
729000	-3893.732855790787
729500	-3874.0024032251504
730000	-3920.732584859501
730500	-3917.821272308991
731000	-3975.3643744434803
731500	-3897.1056979452705
732000	-3914.4614493859035
732500	-3917.0447614782843
733000	-3850.3313818483894
733500	-3970.8454519143243
734000	-3847.970266346416
734500	-3893.3115837886185
735000	-3981.165616891953
735500	-3949.8982789577512
736000	-3968.458918321861
736500	-3919.405718177284
737000	-3928.616534579874
737500	-3972.142922359855
738000	-3947.7325388962686
738500	-3954.088862707487
739000	-3959.4686548704094
739500	-3863.7162828235287
740000	-3806.9425711834797
740500	-3796.568843751576
741000	-3852.9995310187646
741500	-3862.251424925833
742000	-3880.5377274177386
742500	-3846.0092722054032
743000	-3836.464174605635
743500	-3870.6758835989076
744000	-3885.0983726489267
744500	-3878.229634589511
745000	-3818.3588944239596
745500	-3838.5485720746206
746000	-3876.4364139435024
746500	-3905.4538091840736
747000	-4001.54692542197
747500	-3935.1743939916432
748000	-3801.0239893850076
748500	-3918.0475027477105
749000	-3880.8634059570063
749500	-3803.07007568154
750000	-3783.9994033652756
750500	-3795.6544367906013
751000	-3847.585585407088
751500	-3919.460985948394
752000	-3864.205107216061
752500	-3921.3343011974102
753000	-3852.0570447893842
753500	-3814.3737611865718
754000	-3753.46842164106
754500	-3799.4467573815164
755000	-3771.5551337986635
755500	-3689.286960704477
756000	-3692.857065029765
756500	-3817.2761076161296
757000	-3822.682256021333
757500	-3927.8758384750445
758000	-3826.8264817448335
758500	-3808.858594629791
759000	-3814.5547693832177
759500	-3792.959590547839
760000	-3804.8638696970584
760500	-3842.6276841684344
761000	-3866.888993118618
761500	-3954.9324691974643
762000	-3877.4149820893426
762500	-3927.3819562599506
763000	-3962.12731419198
763500	-4021.9756841528397
764000	-3982.842504994268
764500	-4006.381898644846
765000	-3990.0111625585005
765500	-3905.117451271304
766000	-3866.354458409522
766500	-3933.7870752493877
767000	-3907.466113932957
767500	-3820.6216064154937
768000	-3866.530023194138
768500	-3909.918057487636
769000	-3954.0956578577416
769500	-3880.1027256320776
770000	-3975.430624138335
770500	-3988.359381494919
771000	-3950.666984792245
771500	-3865.076139657246
772000	-3863.1111844111647
772500	-3827.592696747635
773000	-3889.3431178098513
773500	-3949.2003018012842
774000	-3904.0354038023793
774500	-3876.516889084953
775000	-3915.4698270110785
775500	-3886.3369510791013
776000	-3841.1037267288884
776500	-3954.039069720531
777000	-3848.887952524877
777500	-3860.5850815232366
778000	-3945.7425466428713
778500	-3935.0456495399276
779000	-3836.762180977892
779500	-3793.649666744528
780000	-3832.758421193496
780500	-3912.9741691139593
781000	-3832.423599060474
781500	-3842.1778817762174
782000	-3885.050352518039
782500	-3804.662337572601
783000	-3873.8226862572515
783500	-3816.222723392466
784000	-3884.1331200171844
784500	-3839.835579277254
785000	-3940.350655193834
785500	-3985.878561641682
786000	-3859.143330640575
786500	-3867.268749538237
787000	-3935.7749108103603
787500	-3894.905122446995
788000	-3972.152214494628
788500	-3922.91534260478
789000	-3965.352264547341
789500	-3979.9256040511477
790000	-4014.1005198991616
790500	-3995.5832778981353
791000	-4130.221093437931
791500	-4164.835202874759
792000	-4107.4313927290195
792500	-4066.1826795362917
793000	-4147.541354192606
793500	-3955.651372204941
794000	-3878.8659672552567
794500	-3967.1617298446004
795000	-3925.7615604713333
795500	-3985.1237115262757
796000	-3963.4620147833716
796500	-3894.737259376611
797000	-3925.6392761778675
797500	-3856.21376407653
798000	-3821.0725011410245
798500	-3866.2398632180007
799000	-3908.1500618599316
799500	-3956.1877582871493
800000	-3833.0985297089487
800500	-3935.8288151827387
801000	-3777.4445093462123
801500	-3909.9089924702434
802000	-3922.2697020730575
802500	-3947.823848064674
803000	-3948.3220685019114
803500	-3941.2646130566013
804000	-3957.115597667605
804500	-3958.4047179753816
805000	-3890.9442228186012
805500	-4032.2666421630333
806000	-3939.1978434242374
806500	-3970.1451290762225
807000	-3996.5705015890803
807500	-3916.5748875791996
808000	-3894.2148347409347
808500	-3915.9132488705377
809000	-3966.648489585679
809500	-3960.4576790318943
810000	-3902.4265893866555
810500	-3909.820202059621
811000	-4003.2514210686863
811500	-3875.418304324435
812000	-3882.6628528390775
812500	-3854.788298667418
813000	-3925.9087308875423
813500	-3862.9781677556225
814000	-3918.0779658819743
814500	-3955.4166192932526
815000	-3976.164622114972
815500	-3896.36654098797
816000	-3901.4508603610234
816500	-3842.8990908775204
817000	-3856.7203748239567
817500	-3974.9702021848925
818000	-3941.177502742307
818500	-3995.897586092391
819000	-3980.6922736846727
819500	-3938.5323413876363
820000	-3920.159649398289
820500	-3932.4270499341965
821000	-3861.8224437625677
821500	-3924.4995569923713
822000	-3862.839271845955
822500	-3986.403315932149
823000	-3916.2462882572927
823500	-3804.959149220016
824000	-3803.473729215342
824500	-3840.630083008907
825000	-3758.926013012085
825500	-3734.0431695840903
826000	-3862.2239243745544
826500	-3875.3163137511274
827000	-3844.483545841962
827500	-3860.3930115141907
828000	-3867.9798361705457
828500	-3966.1445269655396
829000	-3965.606136308595
829500	-3902.4886910947216
830000	-3959.155806376313
830500	-3918.276755883733
831000	-3927.6352995407897
831500	-3961.0969654149008
832000	-3907.616230952967
832500	-3911.8860089570517
833000	-3895.9792185963524
833500	-3824.57545691383
834000	-3845.808020758069
834500	-3947.358680117008
835000	-3703.245120415231
835500	-3845.2750838528527
836000	-3738.5042133843135
836500	-3752.399201114787
837000	-3752.934761262998
837500	-3816.791931767217
838000	-3891.2597915544366
838500	-3821.6490695336533
839000	-3851.086882799792
839500	-3801.743453188127
840000	-3761.4578328689577
840500	-3726.2182930409517
841000	-3745.0625693518164
841500	-3868.6723843445748
842000	-3779.2036306863715
842500	-3775.479682602258
843000	-3763.198475961671
843500	-3874.0475613660547
844000	-3854.7600980414327
844500	-3868.716571528075
845000	-3753.4473371687322
845500	-3705.0647008733613
846000	-3748.3353329483602
846500	-3760.90331258697
847000	-3972.9057642804532
847500	-3894.86837699029
848000	-3899.903577847066
848500	-3890.4931854927845
849000	-3919.7328357951624
849500	-3972.615922117562
850000	-3830.874700574242
850500	-3863.4415176458097
851000	-3911.4548028588006
851500	-3909.725626378486
852000	-3896.5660751811047
852500	-3907.905020655395
853000	-3941.1406537076314
853500	-3958.5711684316498
854000	-3865.345438605014
854500	-3888.5931259166846
855000	-3831.9552652433217
855500	-3883.0352976848744
856000	-3853.2597167906365
856500	-3865.713127364984
857000	-3887.358154862948
857500	-3990.5581070663325
858000	-3885.4693044760843
858500	-3860.2059782372166
859000	-4024.613488924776
859500	-3937.383725097784
860000	-3838.2310270656753
860500	-3844.070099260344
861000	-3903.9066570236437
861500	-3921.9513655396513
862000	-3905.454191381839
862500	-3875.6228354070754
863000	-3898.521748894802
863500	-3974.13382388942
864000	-3914.530492813924
864500	-3892.235835479319
865000	-3908.7190954365187
865500	-4015.8015734154897
866000	-4005.0321416879274
866500	-3915.400622034808
867000	-4049.8364464312535
867500	-4004.8594482542794
868000	-4046.1986858529294
868500	-3914.823667386415
869000	-3902.0651705466003
869500	-3995.4639285807557
870000	-3902.859704558844
870500	-3885.1395768231064
871000	-3884.561670668852
871500	-4009.8161423668216
872000	-3910.082791108666
872500	-3939.419084829305
873000	-4001.8811218423903
873500	-3897.007900995793
874000	-3935.9651455510675
874500	-3931.7077772654734
875000	-3959.9850778783893
875500	-3996.929040872794
876000	-3993.103802937902
876500	-3881.2160796170997
877000	-3838.8664928908674
877500	-3767.17842424593
878000	-3755.3875211992026
878500	-3791.346902796825
879000	-3800.8954057841142
879500	-3850.247283845481
880000	-3781.5139827388507
880500	-3772.8322592668565
881000	-3745.6637893663255
881500	-3725.737393024283
882000	-3806.882078809409
882500	-3851.4167171527893
883000	-3879.385855438524
883500	-3852.8343818894305
884000	-3796.883022408111
884500	-3825.0282224124367
885000	-3755.2138344384416
885500	-3831.5255609421056
886000	-3793.1989227807603
886500	-3867.442565745803
887000	-3839.854696558876
887500	-3882.9231446783247
888000	-3897.125922609161
888500	-3925.79340177275
889000	-3862.074656793559
889500	-3897.3159736196885
890000	-3865.9704723008535
890500	-3914.083443647199
891000	-3826.954605802924
891500	-3839.649528836291
892000	-3874.055974345772
892500	-3879.664108318506
893000	-3794.8098425409926
893500	-3849.144095957218
894000	-3790.2162179564534
894500	-3992.284977969028
895000	-4018.9708661474506
895500	-3965.6284140625303
896000	-3973.7461234539333
896500	-3949.526057312036
897000	-3939.416958042773
897500	-3949.6822801653216
898000	-3894.509138782837
898500	-3882.223483870078
899000	-3893.379210785286
899500	-3909.8664013052125
900000	-3901.83941258648
900500	-3875.9302665026853
901000	-3881.8622455918576
901500	-3798.6243704522212
902000	-3803.963317220928
902500	-3868.643184199726
903000	-3807.104549372257
903500	-3834.4950132151666
904000	-3783.3289302184994
904500	-3806.865780018022
905000	-3842.048920500765
905500	-3811.378037312166
906000	-3772.6402892553133
906500	-3842.2454482225307
907000	-3886.891381819914
907500	-3919.6941449785663
908000	-3934.8204621099912
908500	-3860.537727387699
909000	-3847.826183343001
909500	-3773.7577754021663
910000	-3828.3119159084267
910500	-3789.907535464294
911000	-3898.959485538389
911500	-3807.085917483681
912000	-3804.3619263961414
912500	-3758.5415659324376
913000	-3837.691168996925
913500	-3889.8919962526834
914000	-3883.1199168395524
914500	-3808.153579613056
915000	-3869.978518793645
915500	-3899.0977492179477
916000	-3908.416671639081
916500	-3788.376885514845
917000	-3923.4722497730445
917500	-3827.5846823604743
918000	-3915.4785660359526
918500	-3875.1944032806196
919000	-3786.512961883193
919500	-3767.8344733322447
920000	-3812.8077528186277
920500	-3708.410174311897
921000	-3822.5593773666546
921500	-3801.4855389142112
922000	-3824.336543793348
922500	-3898.2266067963437
923000	-4039.9051879834537
923500	-3943.176725892392
924000	-3923.796421307086
924500	-3850.5028715041094
925000	-3821.195049297608
925500	-3906.5006755013496
926000	-3882.357165694339
926500	-3899.898015536127
927000	-3812.928451449414
927500	-3820.004187977023
928000	-3805.2400033646636
928500	-3773.036477831473
929000	-3710.5236401091897
929500	-3742.511551615
930000	-3762.742123793655
930500	-3770.354996084481
931000	-3766.0230444173103
931500	-3841.659777757259
932000	-3857.8182649908235
932500	-3892.396131261668
933000	-3843.974769620265
933500	-3840.39498296973
934000	-3764.5226063888554
934500	-3824.8617949076606
935000	-3895.2009629440295
935500	-3853.963929372163
936000	-3788.375250875056
936500	-3902.320335859164
937000	-3885.5768495866314
937500	-3925.1901382438773
938000	-3924.4184745069383
938500	-4038.106640476991
939000	-3944.297836730612
939500	-3954.167036037437
940000	-3936.008217788303
940500	-3920.9558918366406
941000	-3925.20360201954
941500	-3864.960066886601
942000	-3954.7870064552717
942500	-3980.347747164365
943000	-3940.360327627429
943500	-3964.9010397995667
944000	-3988.0261572170493
944500	-3878.921928709433
945000	-3910.291041057095
945500	-3864.6181472145413
946000	-3939.1434328022424
946500	-3861.5894962736566
947000	-3867.2217382198037
947500	-3845.013696844942
948000	-3830.2261155638325
948500	-3854.2013614716
949000	-3858.039279155625
949500	-3832.2787523479915
950000	-3841.8960545436958
950500	-3951.391750540386
951000	-3820.076079003326
951500	-3897.591989743247
952000	-3746.1120951045673
952500	-3793.9564791658463
953000	-3846.788835680653
953500	-3815.1258824098627
954000	-3862.707277740486
954500	-3904.4858325209034
955000	-3833.3108888482716
955500	-3890.477245241826
956000	-3935.493673754112
956500	-3876.6252167612847
957000	-3856.013432236111
957500	-3896.678884925356
958000	-3838.7426983293326
958500	-3838.6053402702337
959000	-3921.8698661169733
959500	-3916.0112679335316
960000	-4028.605360449594
960500	-4110.89508270218
961000	-3989.3475019547327
961500	-3836.4526722366177
962000	-3895.311874635671
962500	-3807.338150376283
963000	-3763.9195280112594
963500	-3789.366178532832
964000	-3725.0621778105283
964500	-3813.860299344294
965000	-3782.8138851606504
965500	-3808.4346161225176
966000	-3792.284118961844
966500	-3928.440221417111
967000	-3905.553599196816
967500	-3860.4160821890923
968000	-3843.922774415927
968500	-3836.208173293025
969000	-3844.4972884252443
969500	-3744.158016931575
970000	-3872.597575400568
970500	-3766.1028876941527
971000	-3721.438138679563
971500	-3826.609733814473
972000	-3707.5452948163434
972500	-3779.661255042631
973000	-3921.328639531682
973500	-3798.9235846045317
974000	-3730.202375153608
974500	-3801.5959489890292
975000	-3796.779680870118
975500	-3819.1280532886426
976000	-3773.5780531537107
976500	-3875.055228627547
977000	-3933.1690053607977
977500	-3877.3759358043626
978000	-3750.6051002426216
978500	-3695.864863311317
979000	-3704.0109361284312
979500	-3695.240338019867
980000	-3726.4870008116873
980500	-3817.351369491792
981000	-3861.712635934374
981500	-3813.3922883082014
982000	-3788.729927040394
982500	-3875.860420272335
983000	-3822.650073690894
983500	-3660.286065598143
984000	-3638.6802434929373
984500	-3698.0041655740592
985000	-3753.109938435069
985500	-3655.5965733117187
986000	-3687.006924486133
986500	-3836.5168104457307
987000	-3743.960910707489
987500	-3738.65419552173
988000	-3868.405674757145
988500	-3801.451659175376
989000	-3745.9732492988187
989500	-3834.442810415543
990000	-3922.046513081207
990500	-3895.2483072463137
991000	-3906.521876975401
991500	-3939.4920895907035
992000	-3883.2632942109167
992500	-3861.149856155812
993000	-3886.6478853162375
993500	-3944.294117266329
994000	-3947.1479802633435
994500	-4015.361411320595
995000	-3901.5219901661208
995500	-3821.805074599348
996000	-3695.1628172965097
996500	-3740.187191309688
997000	-3763.506983937774
997500	-3845.3493435103833
998000	-3802.3372649837966
998500	-3941.974338786536
999000	-3862.707053098252
999500	-3759.0604886359583
1000000	-3860.1740486908247
1000500	-3868.7899174594304
1001000	-3865.30100336807
1001500	-3835.428819980707
1002000	-3841.711940670782
1002500	-3859.9923471144334
1003000	-3890.751742537509
1003500	-3914.6545913228465
1004000	-3962.7646679211625
1004500	-3958.8948116865263
1005000	-3910.4096753967638
1005500	-3881.2900848698205
1006000	-3903.1578620626638
1006500	-3882.2817075694757
1007000	-3929.9589073738
1007500	-3923.3704694376906
1008000	-3983.785984091852
1008500	-3999.473554970152
1009000	-3869.5999134708513
1009500	-3845.4538169335333
1010000	-3941.0644488453695
1010500	-3930.9519194194677
1011000	-3938.2410929797356
1011500	-3911.2516032881845
1012000	-3894.476846437264
1012500	-3894.476846437264
1013000	-3894.476846437264
1013500	-3894.476846437264
1014000	-3894.476846437264
1014500	-3894.476846437264
1015000	-3894.476846437264
1015500	-3931.1105265862843
1016000	-3977.4670565949477
1016500	-3917.763184142168
1017000	-3963.8628529392854
1017500	-3951.482709714256
1018000	-3859.844819759668
1018500	-3915.42243219706
1019000	-3918.150887711468
1019500	-3910.0619787095216
1020000	-3837.3603111866946
1020500	-3863.9876291325813
1021000	-3845.137979412994
1021500	-3939.963006491867
1022000	-3956.0214125039256
1022500	-3926.8330742054354
1023000	-3969.697014521164
1023500	-3992.0014398239286
1024000	-3935.370349516295
1024500	-3888.9963512842396
1025000	-3886.1814630175154
1025500	-3903.456825160335
1026000	-3912.9294818500302
1026500	-3854.8534862665333
1027000	-3942.0650274402456
1027500	-3909.126406961379
1028000	-3930.9154091926775
1028500	-3920.094899838675
1029000	-3971.2377256861705
1029500	-3880.70247731868
1030000	-3878.5474797240977
1030500	-3780.598450578491
1031000	-3749.8577139817407
1031500	-3846.1490625275133
1032000	-3817.2401740644473
1032500	-3853.814458868416
1033000	-3792.647123874105
1033500	-3768.2952627751006
1034000	-3804.213702008509
1034500	-3857.983083300769
1035000	-3900.2439924296823
1035500	-3889.2559148618684
1036000	-3807.295953396601
1036500	-3798.4062202189252
1037000	-3886.3801849499873
1037500	-3814.112315054178
1038000	-3803.1160053916165
1038500	-3748.721880502464
1039000	-3757.8052702040145
1039500	-3785.874470573445
1040000	-3819.7847676832066
1040500	-3801.7892389741914
1041000	-3820.098539770869
1041500	-3781.4230100935756
1042000	-3750.454260517736
1042500	-3786.027408136235
1043000	-3806.267459819509
1043500	-3743.4908908041225
1044000	-3823.149165400023
1044500	-3790.325473850713
1045000	-3720.922524596965
1045500	-3783.383098150485
1046000	-3840.18150181124
1046500	-3840.3742414233975
1047000	-3797.1647336378446
1047500	-3751.389327672806
1048000	-3834.5028568456737
1048500	-3765.37415559922
1049000	-3807.248689955703
1049500	-3807.6873653883977
1050000	-3801.972597812765
1050500	-3837.202184782736
1051000	-3830.836954989937
1051500	-3789.847063547731
1052000	-3752.1388760606574
1052500	-3817.21971498144
1053000	-3883.2845633673132
1053500	-3820.8045565540315
1054000	-3824.070597102926
1054500	-3831.2337766888713
1055000	-3803.2020894902917
1055500	-3848.7458251243706
1056000	-3802.6931868804018
1056500	-3817.8603384797098
1057000	-3960.4416108959367
1057500	-3890.673474406706
1058000	-3968.6860525438306
1058500	-3900.3515858603196
1059000	-3851.678956154267
1059500	-3907.4368611665795
1060000	-3854.563772694933
1060500	-3900.3400489019723
1061000	-3929.7417453399526
1061500	-3968.097989166747
1062000	-3891.183624603551
1062500	-3872.89982687259
1063000	-3940.9316615930925
1063500	-3877.265490011089
1064000	-3873.1957795246253
1064500	-3906.5746458673602
1065000	-3856.092239421057
1065500	-3925.98875848298
1066000	-3853.519152072517
1066500	-3900.7487111306455
1067000	-3913.7593849967843
1067500	-3880.771298130638
1068000	-3884.49766660104
1068500	-3878.038577678851
1069000	-3845.118748896949
1069500	-3871.7749169482236
1070000	-3866.138238093647
1070500	-3906.375470611653
1071000	-3883.00915047432
1071500	-3880.393497204631
1072000	-3884.6144304905893
1072500	-3894.048928301377
1073000	-3844.951013315645
1073500	-3918.1805554735884
1074000	-3878.236920785046
1074500	-3884.589708074052
1075000	-3868.9001365141626
1075500	-3902.865698778879
1076000	-3889.6715173850935
1076500	-3858.8432340743966
1077000	-3918.0598834108923
1077500	-3879.1325126656684
1078000	-3888.7376588651055
1078500	-3901.110202540962
1079000	-3894.896854091803
1079500	-3918.4811766378725
1080000	-3829.8379943717373
1080500	-3959.8222737699143
1081000	-3877.7404012479365
1081500	-3812.705700180624
1082000	-3743.4888288108045
1082500	-3763.843689788857
1083000	-3869.3622381897044
1083500	-3950.2884751770175
1084000	-3841.3446534630316
1084500	-3855.170115914478
1085000	-3861.2233040771785
1085500	-3911.274966863355
1086000	-3902.159768504252
1086500	-3933.4178423727813
1087000	-3938.1599215533347
1087500	-3850.8258736430716
1088000	-3893.2450908659566
1088500	-3917.806891966401
1089000	-3865.8789018900147
1089500	-3889.0015941155884
1090000	-3880.416492097452
1090500	-3939.1888927139953
1091000	-4005.087561128831
1091500	-3961.2791404191344
1092000	-3868.131140557626
1092500	-3915.1389324038046
1093000	-3889.9102479343087
1093500	-3838.7123920913164
1094000	-3873.0151127786867
1094500	-3799.5686265272143
1095000	-3813.128566030048
1095500	-3842.8273894382933
1096000	-3832.1222923559226
1096500	-3852.404214828968
1097000	-3975.3251363234876
1097500	-3839.981597833853
1098000	-3825.3753125931817
1098500	-3783.988736629233
1099000	-3863.0245676356635
1099500	-3883.8594421900316
1100000	-3867.7815962659874
1100500	-3824.5462709684116
1101000	-3826.7974868996853
1101500	-3909.410332697866
1102000	-3837.2806933486104
1102500	-3745.3180905904596
1103000	-3746.0854063518877
1103500	-3762.606677682088
1104000	-3790.6675397745303
1104500	-3754.6801672417837
1105000	-3790.8368361329085
1105500	-3760.7551220990504
1106000	-3813.1007236809646
1106500	-3752.8184839645805
1107000	-3719.446878736342
1107500	-3770.994568482444
1108000	-3761.0055563538876
1108500	-3860.7154505622093
1109000	-3783.7958593088956
1109500	-3744.117157587042
1110000	-3811.6018282749383
1110500	-3913.58169177336
1111000	-3987.7918774297236
1111500	-3815.7126261556227
1112000	-3914.2593180621866
1112500	-3916.5336655070605
1113000	-3955.7098828804747
1113500	-3966.0280559256707
1114000	-3973.006347371503
1114500	-3964.7607400172806
1115000	-3885.0729132504084
1115500	-3934.211333812415
1116000	-3848.1319284029764
1116500	-4006.871969154643
1117000	-3879.8165090378184
1117500	-3781.305547343833
1118000	-3800.4765169550656
1118500	-3750.2307596705646
1119000	-3758.428417272994
1119500	-3839.598318841035
1120000	-3709.1198028961257
1120500	-3760.844735206114
1121000	-3783.2750114070745
1121500	-3909.3234411449007
1122000	-3906.475133145221
1122500	-3854.4679161164677
1123000	-3833.777329292483
1123500	-3735.8912899905795
1124000	-3746.887939266617
1124500	-3772.8177726989447
1125000	-3680.4995649668717
1125500	-3682.1585556338537
1126000	-3667.2357753264214
1126500	-3671.0146395362763
1127000	-3769.4960224896963
1127500	-3643.316647500515
1128000	-3774.9010665501523
1128500	-3708.065542853674
1129000	-3872.812341920645
1129500	-3648.7851543098845
1130000	-3803.4920969420014
1130500	-3664.210807918552
1131000	-3746.3790979345986
1131500	-3750.883810150754
1132000	-3897.0012179081873
1132500	-3901.4872166404516
1133000	-3929.5522890221214
1133500	-3957.336404398988
1134000	-3904.99351451367
1134500	-3850.363748365357
1135000	-3854.4418189387593
1135500	-3912.522006369716
1136000	-3952.5340473254237
1136500	-4019.945263116762
1137000	-3875.3868910455626
1137500	-3941.7490858173933
1138000	-3917.2231355732865
1138500	-3847.8573233439533
1139000	-3842.722917750442
1139500	-3852.9944666053957
1140000	-3896.275931601334
1140500	-3911.1797558725157
1141000	-3874.835557554706
1141500	-3821.043853988896
1142000	-3865.291583125192
1142500	-3978.694312835957
1143000	-3919.377517368302
1143500	-3971.692471965784
1144000	-3940.839949858385
1144500	-3993.8678994370716
1145000	-3913.2395108977166
1145500	-4034.741093282882
1146000	-3973.462566142892
1146500	-3934.882734056495
1147000	-3956.957505361691
1147500	-3917.950561897376
1148000	-3838.0905697736002
1148500	-3886.0761942303357
1149000	-3895.5085026319307
1149500	-3890.9311502861037
1150000	-3925.3563533023944
1150500	-3897.841713815362
1151000	-3815.2465370575214
1151500	-3917.398210698108
1152000	-3923.043074808818
1152500	-3915.2581968003387
1153000	-3949.975408135114
1153500	-3928.2795057651974
1154000	-3982.7888099695283
1154500	-3946.8328106156487
1155000	-4046.689928893455
1155500	-3896.1822460021103
1156000	-3964.8188202691563
1156500	-3962.4335948785806
1157000	-4055.136902025493
1157500	-4071.939521064432
1158000	-4025.8856832995975
1158500	-3923.2241207264824
1159000	-3892.3683836113114
1159500	-3871.716924958832
1160000	-3867.844094352037
1160500	-3822.40052028229
1161000	-3920.9475255054012
1161500	-3904.870448488741
1162000	-3880.2900898733033
1162500	-3866.1467197938155
1163000	-3954.3860997038596
1163500	-3819.436443640392
1164000	-3878.19567960354
1164500	-3866.1876584049987
1165000	-3855.0410514634327
1165500	-3958.730338629362
1166000	-3959.0639110657144
1166500	-3871.263182171396
1167000	-3836.0826930042103
1167500	-3978.965314417624
1168000	-3869.3881426694434
1168500	-3925.0736815058085
1169000	-4012.244340001871
1169500	-3991.845480932875
1170000	-3946.344100531449
1170500	-4066.8768555274323
1171000	-3996.61985354142
1171500	-4157.6617035148965
1172000	-4054.7813657296388
1172500	-4010.1073441247263
1173000	-4014.1095055232463
1173500	-3995.0824384236125
1174000	-4083.1555452909206
1174500	-4008.9220932003245
1175000	-4060.3621268336315
1175500	-4056.6971921615223
1176000	-4147.242204457813
1176500	-4007.4167261819166
1177000	-3981.187140338011
1177500	-4075.2233510695096
1178000	-3986.3007004593046
1178500	-3997.773646754978
1179000	-4064.5205586349707
1179500	-4080.348121666317
1180000	-4011.7052231879957
1180500	-4034.328574032733
1181000	-3934.5266188518926
1181500	-3974.7537343637337
1182000	-4033.7546799506463
1182500	-3976.4505879513245
1183000	-4017.679301068584
1183500	-3967.618755531776
1184000	-4003.329625543631
1184500	-3843.433124424715
1185000	-3860.7446772677786
1185500	-3871.561171852933
1186000	-3893.2075998892096
1186500	-3934.8136847520277
1187000	-3927.1573550745693
1187500	-3994.1052316723126
1188000	-3982.574419729219
1188500	-3912.7099144539775
1189000	-3862.0652011790116
1189500	-3856.3897371616285
1190000	-3806.218624033114
1190500	-3931.7660115983226
1191000	-3796.693825741329
1191500	-3829.473781809376
1192000	-3891.278644460066
1192500	-4016.8317037135685
1193000	-3903.44837728345
1193500	-3937.2524217884347
1194000	-3856.6240170236956
1194500	-3876.224584026014
1195000	-3968.390791420135
1195500	-3937.2195355479344
1196000	-3992.457630270686
1196500	-3989.516495968085
1197000	-4043.854215851623
1197500	-3885.847811322707
1198000	-3896.8898118398174
1198500	-3910.825795913132
1199000	-3866.311077989019
1199500	-3956.5086512561325
1200000	-3857.966054491337
1200500	-3850.610442078152
1201000	-3790.3982135913047
1201500	-3885.3333906470657
1202000	-3790.201711241901
1202500	-3892.1644814815722
1203000	-3841.3899535797423
1203500	-3902.93769565521
1204000	-4023.3435118763127
1204500	-3955.9018418848113
1205000	-4046.1650758440273
1205500	-3985.2673577920013
1206000	-3947.6644733016515
1206500	-3993.2928718481116
1207000	-3972.6362932702796
1207500	-3906.557661673466
1208000	-3942.5325204135906
1208500	-4032.256025281508
1209000	-3929.2449715711637
1209500	-3876.3605212600023
1210000	-3926.8900171199234
1210500	-3868.682595915591
1211000	-3908.4324962139726
1211500	-3944.978842495173
1212000	-3931.3601968310663
1212500	-3961.253940134195
1213000	-3889.6734492856776
1213500	-3793.655650006923
1214000	-3894.4450491498174
1214500	-3867.4238012801834
1215000	-3834.7150892495647
1215500	-3800.3940669395083
1216000	-3888.457859377534
1216500	-3862.4625695372297
1217000	-3790.360794199526
1217500	-3947.8914349580014
1218000	-3814.3402724578677
1218500	-3831.9204846156376
1219000	-3890.40200856074
1219500	-3796.3554596748436
1220000	-3932.5281832569303
1220500	-3772.4512735030826
1221000	-3917.422478024332
1221500	-3851.2204557003042
1222000	-3855.475409777734
1222500	-3792.6320869363603
1223000	-3868.8445064112416
1223500	-3835.403605344386
1224000	-3814.531633096588
1224500	-3814.9347073276945
1225000	-3860.691445008117
1225500	-3830.514020598733
1226000	-3807.037947109883
1226500	-3840.197095538398
1227000	-3853.8091665949596
1227500	-3908.8459406038032
1228000	-3856.8533637397345
1228500	-3842.5806871234877
1229000	-3841.6137540795416
1229500	-3863.746386763061
1230000	-3857.063527883945
1230500	-3763.076933376335
1231000	-3836.3116205720385
1231500	-3818.9595527778088
1232000	-3831.393488786192
1232500	-3847.127388844984
1233000	-3840.6401319820125
1233500	-3861.7344503195895
1234000	-3931.0514156027757
1234500	-3864.421799788829
1235000	-3909.629800838424
1235500	-3876.8851241601133
1236000	-3846.8337771534334
1236500	-4000.174537505422
1237000	-3884.360409545077
1237500	-3898.1325480948776
1238000	-4015.9350199694845
1238500	-3910.2405369869366
1239000	-4015.430524323457
1239500	-3833.5317633215395
1240000	-3803.78323091299
1240500	-3876.60690310726
1241000	-3880.2222088211274
1241500	-3977.9394590528623
1242000	-3863.948067669427
1242500	-3911.832135310485
1243000	-3921.0714614792846
1243500	-3927.2176283519107
1244000	-3889.0290586396786
1244500	-3887.1775408102462
1245000	-3850.362111235382
1245500	-3871.449879953393
1246000	-3835.5912496796145
1246500	-3792.0320879015294
1247000	-3866.1084116487277
1247500	-4026.404937334328
1248000	-3962.7892272338745
1248500	-4021.516320554109
1249000	-3904.216942870785
1249500	-3921.953328299761
1250000	-3889.6399854744222
1250500	-3893.3016911042932
1251000	-3859.605768657779
1251500	-3936.951871262637
1252000	-3865.296106409838
1252500	-3865.9184719393434
1253000	-3893.7663992879507
1253500	-3804.3813888675986
1254000	-3868.6034422821353
1254500	-3794.6072822628303
1255000	-3853.6745837872472
1255500	-3786.354155943438
1256000	-3903.22899665829
1256500	-3965.6285790298193
1257000	-3923.9252286888436
1257500	-3918.7214364462334
1258000	-3879.6367912061414
1258500	-3948.449790412179
1259000	-3944.4153506342423
1259500	-4024.4679080782785
1260000	-4051.4745150822437
1260500	-3979.77722551615
1261000	-4027.444256652322
1261500	-3902.259154125713
1262000	-3861.7062481791054
1262500	-3964.4596763858153
1263000	-3973.8379224746222
1263500	-3957.1123348790225
1264000	-3995.8885389050483
1264500	-4030.7712743390557
1265000	-3970.486912907527
1265500	-4002.1507384674337
1266000	-3891.9253113436703
1266500	-3948.9667017508114
1267000	-3902.4168560033195
1267500	-3989.3384207049603
1268000	-3917.368732167545
1268500	-3921.538411949521
1269000	-3913.894985888247
1269500	-4063.4076704614686
1270000	-3888.5677417679894
1270500	-3827.7754152231882
1271000	-3900.035586065679
1271500	-3886.3329257550035
1272000	-3887.4393961250375
1272500	-3869.4713825045037
1273000	-3908.9267601390266
1273500	-3919.501868260544
1274000	-4011.8313388446527
1274500	-3903.216599811987
1275000	-3947.713172503282
1275500	-4107.238967677837
1276000	-3983.6085555779696
1276500	-3947.632256239193
1277000	-3973.1198608805453
1277500	-4067.1113220718166
1278000	-3918.519948060192
1278500	-3764.3675947303536
1279000	-3732.6733494022533
1279500	-3676.012060158539
1280000	-3815.7097217129767
1280500	-3804.535265447817
1281000	-3794.2166193109297
1281500	-3763.587448751487
1282000	-3814.073998552824
1282500	-3860.9829237416725
1283000	-3854.132326283143
1283500	-3884.6740983226514
1284000	-3913.668934863062
1284500	-3805.425502675757
1285000	-3815.693337214492
1285500	-3859.5504276856786
1286000	-3931.9649213173766
1286500	-3855.646890010836
1287000	-3824.3210049511413
1287500	-3812.2677254568207
1288000	-3842.3486223965533
1288500	-3824.3337774320435
1289000	-3898.375682359789
1289500	-3897.7930172379783
1290000	-3891.783478069363
1290500	-3825.181521602643
1291000	-3978.5999031847373
1291500	-3986.3045883746217
1292000	-4007.51952806719
1292500	-3966.4545417787695
1293000	-3860.771958439392
1293500	-3787.9019483949432
1294000	-3831.2973513878283
1294500	-3798.701381186569
1295000	-3798.4240249082536
1295500	-3811.9477549699363
1296000	-3763.961235949785
1296500	-3766.7434688601074
1297000	-3707.0229507670756
1297500	-3789.832016113637
1298000	-3791.9154111078146
1298500	-3818.4530959070003
1299000	-3748.1902496781618
1299500	-3723.2850986451144
1300000	-3822.484804945915
1300500	-3662.8146939082203
1301000	-3737.3252447224704
1301500	-3857.315342497475
1302000	-3759.711485345463
1302500	-3767.505756819223
1303000	-3748.003929389469
1303500	-3807.0777896150266
1304000	-3860.8343765823606
1304500	-3806.861053772404
1305000	-3814.56304196363
1305500	-3775.2715085256636
1306000	-3776.5147823491925
1306500	-3815.3925922746766
1307000	-3899.2507087284544
1307500	-3807.5749873194864
1308000	-3831.2150401767685
1308500	-3787.694989325581
1309000	-3717.3826785557344
1309500	-3745.9762132840838
1310000	-3731.9917698230074
1310500	-3733.5736433265306
1311000	-3733.8916078545226
1311500	-3784.0148746727677
1312000	-3796.8462816413157
1312500	-3838.0634200227346
1313000	-3779.7435731458004
1313500	-3891.6390434837285
1314000	-3766.32366354785
1314500	-3892.247190961979
1315000	-3972.8427545045806
1315500	-3877.8693879463463
1316000	-3871.338476194459
1316500	-3958.9094424381124
1317000	-3905.461644017861
1317500	-3877.169165266225
1318000	-3870.577586469626
1318500	-3831.4565126676516
1319000	-3832.6141271516094
1319500	-3853.193161693172
1320000	-3895.036285381758
1320500	-3893.6247914492915
1321000	-3954.950400799075
1321500	-3892.3481048888143
1322000	-3851.78727693484
1322500	-3897.547423934548
1323000	-3913.870721461957
1323500	-3892.290223246801
1324000	-3863.9718579600435
1324500	-3867.558995955829
1325000	-3951.324302151858
1325500	-4026.393553775484
1326000	-3954.3551458006536
1326500	-3934.1953703178206
1327000	-3996.726844430055
1327500	-3929.3816893432113
1328000	-4149.315576847858
1328500	-3967.624574270245
1329000	-3946.134018617901
1329500	-3871.4099628721924
1330000	-3861.5257222690484
1330500	-3812.0001387837765
1331000	-3926.5711820140477
1331500	-3896.84683788851
1332000	-3971.8697434049645
1332500	-3870.9466850743943
1333000	-4001.743832250255
1333500	-3932.1748736808854
1334000	-3911.9632431124273
1334500	-3962.4752158734736
1335000	-3950.142808748844
1335500	-3970.215751938611
1336000	-3917.8578146810105
1336500	-3807.516494723155
1337000	-3872.731888227551
1337500	-3940.381815696175
1338000	-3877.198136068975
1338500	-3872.311172003954
1339000	-3924.873953968423
1339500	-3990.487840956129
1340000	-3918.6365591486365
1340500	-3964.5951727896654
1341000	-4031.0335582508405
1341500	-3971.122747367905
1342000	-3995.862396599235
1342500	-3934.037719552688
1343000	-3928.9354680137194
1343500	-3839.2715364414566
1344000	-3895.111217883044
1344500	-3848.281079265113
1345000	-3857.9768443508583
1345500	-3878.8703224049627
1346000	-3995.8487332247446
1346500	-3879.6689250274217
1347000	-3888.1454429564196
1347500	-3839.3540413928386
1348000	-3930.3181216581816
1348500	-3975.399233864045
1349000	-3899.561163741902
1349500	-3879.5952777453654
1350000	-3910.2592504875965
1350500	-3918.877694152819
1351000	-3934.7178847016885
1351500	-3941.213097828534
1352000	-3822.651700504143
1352500	-3900.356467533496
1353000	-3862.500742413548
1353500	-3911.715695160075
1354000	-3845.734011153661
1354500	-3869.6418660074537
1355000	-3733.7482451066157
1355500	-3894.1402404456176
1356000	-3886.0781360473034
1356500	-3815.5966609368506
1357000	-3916.6384609570414
1357500	-3894.900127465608
1358000	-3901.8465039849407
1358500	-3925.1971331662558
1359000	-3793.230256691389
1359500	-3784.540915966352
1360000	-3821.9908630797786
1360500	-3895.0143407368623
1361000	-3780.5523652538036
1361500	-3816.692771577148
1362000	-3811.2000266090367
1362500	-3779.0626261462335
1363000	-3889.4429905808984
1363500	-3854.9140687679096
1364000	-3833.448927812858
1364500	-3806.8764684558632
1365000	-3802.4322744536857
1365500	-3835.1986819732
1366000	-3769.158851985059
1366500	-3762.9140458557777
1367000	-3814.5395013323937
1367500	-3912.639881389914
1368000	-3824.1047559961194
1368500	-3878.5640131669534
1369000	-3884.740452241377
1369500	-3840.68557486832
1370000	-3894.7329400126496
1370500	-3847.7007301669637
1371000	-3855.3861107638945
1371500	-3888.6472451424493
1372000	-3872.118999669033
1372500	-3855.937234351813
1373000	-3962.7546297704266
1373500	-3851.306108617639
1374000	-3826.2405893773803
1374500	-3792.406297010607
1375000	-3790.4791355821235
1375500	-3799.7874084978976
1376000	-3889.421838585854
1376500	-3895.138952193033
1377000	-3868.4012670481825
1377500	-3837.9437743395833
1378000	-3876.478024321254
1378500	-3830.5197088043824
1379000	-4016.5677041173562
1379500	-3863.4714316712107
1380000	-3890.5236493583693
1380500	-3942.246549441586
1381000	-3892.6948275882282
1381500	-3959.4585350798216
1382000	-3808.078231646475
1382500	-3845.5125304453577
1383000	-4008.2190928988025
1383500	-3906.1545295202814
1384000	-4019.301524769914
1384500	-3989.9341067671335
1385000	-3964.862856618548
1385500	-3949.490018570674
1386000	-3992.8955210440536
1386500	-3990.397114973189
1387000	-3976.466978282068
1387500	-3918.8363909697046
1388000	-3917.210459557889
1388500	-3922.7805355005407
1389000	-3989.390561686393
1389500	-4019.642470508653
1390000	-4006.5586263153223
1390500	-3964.333832375671
1391000	-3955.9962418597233
1391500	-3966.0507887248914
1392000	-3921.488547857291
1392500	-3930.4677742607078
1393000	-3935.8127175728637
1393500	-3923.974934145078
1394000	-3875.0235818061155
1394500	-3812.043116833925
1395000	-3868.913950514534
1395500	-3911.7986962929663
1396000	-3770.288290866079
1396500	-3787.7878650415228
1397000	-3844.857604079281
1397500	-3899.130158465679
1398000	-3882.143913280978
1398500	-3888.140135880871
1399000	-3848.0892966775064
1399500	-3814.4116922354965
1400000	-3819.2215766546237
1400500	-3798.000116156091
1401000	-3797.003201665653
1401500	-3793.507029143496
1402000	-3782.658457154472
1402500	-3805.7170694189995
1403000	-3849.4182104508436
1403500	-3859.7913703711192
1404000	-3799.448102855559
1404500	-3835.2750594537943
1405000	-3818.4862073221134
1405500	-3893.6656404751693
1406000	-3879.862031663767
1406500	-3762.9334327005836
1407000	-3824.2619661965286
1407500	-3825.2328868192885
1408000	-3754.881405850807
1408500	-3751.63809761534
1409000	-3828.273550781591
1409500	-3906.029483579997
1410000	-3847.9281473440687
1410500	-3781.7917244275586
1411000	-3826.2334343620887
1411500	-3869.210118248851
1412000	-3851.131056959459
1412500	-3847.5286662359877
1413000	-3831.0619832150887
1413500	-3848.4182195971325
1414000	-3848.158853499876
1414500	-3938.035808929902
1415000	-3853.429911974924
1415500	-3828.1265722779267
1416000	-3850.8710536420786
1416500	-3777.9566132159607
1417000	-3812.9424724450114
1417500	-3804.061203075655
1418000	-3851.3959696382544
1418500	-3742.4437073357326
1419000	-3802.7640875097604
1419500	-3843.190504355325
1420000	-3787.2539578499227
1420500	-3764.0198558998395
1421000	-3787.747088647701
1421500	-3735.7918114958898
1422000	-3785.049836039818
1422500	-3712.2805111891444
1423000	-3775.3293912353665
1423500	-3746.861030194671
1424000	-3736.448646532699
1424500	-3780.6232218610853
1425000	-3889.6363119834095
1425500	-3853.187641161797
1426000	-3873.795082687539
1426500	-3883.880859813424
1427000	-3915.094586896097
1427500	-3826.996810906919
1428000	-3910.2815833107247
1428500	-3909.614511466403
1429000	-3845.814790039384
1429500	-3921.4637874866025
1430000	-3912.4827415488403
1430500	-3915.5896878470103
1431000	-3881.961905307943
1431500	-3968.6576160658706
1432000	-3896.547236517142
1432500	-3852.5802562712834
1433000	-3945.4824495131106
1433500	-3891.8108574225844
1434000	-3827.807444225509
1434500	-3876.987738523224
1435000	-3897.714278043915
1435500	-3888.506047986567
1436000	-3818.1595428351843
1436500	-3900.498816954559
1437000	-3899.97518992186
1437500	-3868.445458896422
1438000	-3898.0830373795397
1438500	-3849.940617514496
1439000	-3884.0097664139516
1439500	-3851.393772784829
1440000	-3943.946497362328
1440500	-3931.172758927217
1441000	-3962.6460262759056
1441500	-3938.5233260154555
1442000	-3876.435588136322
1442500	-3861.6296022086144
1443000	-3762.4597484699575
1443500	-3824.037222524608
1444000	-3854.3852218074953
1444500	-3814.7529741517505
1445000	-3861.7844674383796
1445500	-3844.2786743371253
1446000	-3882.8418342874616
1446500	-3942.3222545565473
1447000	-3937.26566487228
1447500	-3918.564100940733
1448000	-3966.1098571595517
1448500	-3964.681454150692
1449000	-3877.0451965459074
1449500	-3857.0640681205277
1450000	-3865.381333885794
1450500	-3861.5068618822734
1451000	-3840.7044079753246
1451500	-3913.6053995351667
1452000	-3914.837596335207
1452500	-3869.685495808716
1453000	-3968.4948232933643
1453500	-3833.4115397850283
1454000	-3834.550590382216
1454500	-3798.857733428577
1455000	-3841.1731640258968
1455500	-3796.541982048065
1456000	-3836.4534084437805
1456500	-3859.059975444257
1457000	-3778.34911283967
1457500	-3862.9712705543184
1458000	-3938.581446003691
1458500	-3942.7640717685667
1459000	-3905.6313620410174
1459500	-4027.116489925273
1460000	-3950.1209530868855
1460500	-3981.407170237133
1461000	-3879.883135134886
1461500	-3975.7128947729298
1462000	-3981.100800596914
1462500	-3978.763965181479
1463000	-3937.1652979961013
1463500	-3924.9452181333904
1464000	-3848.233193155844
1464500	-3828.338257456171
1465000	-3842.7259482191134
1465500	-3831.7294439150032
1466000	-3826.5759231506545
1466500	-3900.7038518652644
1467000	-4002.9474115340795
1467500	-3850.038475519645
1468000	-3745.005781477029
1468500	-3783.6269005343943
1469000	-3819.9703204614325
1469500	-3846.717957136551
1470000	-3791.2681014686327
1470500	-3800.1831760108153
1471000	-3859.602728258413
1471500	-3801.6148694250464
1472000	-3980.6222979479962
1472500	-3873.1759245071953
1473000	-3878.6547354915992
1473500	-3887.2208354917025
1474000	-3992.719147676479
1474500	-3873.6675225568565
1475000	-3901.1443076575774
1475500	-3846.8618801886796
1476000	-3861.4071569531534
1476500	-3897.674349922974
1477000	-3794.5630603190866
1477500	-3838.170444084046
1478000	-3877.2335321611963
1478500	-4007.6082509670086
1479000	-3998.1315557807297
1479500	-3887.5091287520277
1480000	-3824.3546264936645
1480500	-3844.691285911316
1481000	-3824.875859405928
1481500	-3838.6454876995035
1482000	-3997.6119766714874
1482500	-3897.8659238387972
1483000	-3902.3922899864788
1483500	-3907.800308514898
1484000	-3916.030948629373
1484500	-3927.3066946811323
1485000	-3915.886412919589
1485500	-3904.9488246527008
1486000	-3971.0824262254973
1486500	-3960.5228676576494
1487000	-4063.2197813432686
1487500	-3957.7599619323937
1488000	-3916.1327682858837
1488500	-4003.542871125093
1489000	-4067.619466764793
1489500	-3946.101350475488
1490000	-3915.880209461634
1490500	-3949.3654864117393
1491000	-3965.713825258523
1491500	-3914.8616556445904
1492000	-3938.947786839377
1492500	-3964.16426405604
1493000	-3929.017387636811
1493500	-3989.960986583483
1494000	-4010.844626955783
1494500	-4012.385799689647
1495000	-3986.148324472319
1495500	-3922.6610489508566
1496000	-3934.2601215803115
1496500	-4055.2431100976896
1497000	-4051.712544675124
1497500	-4031.517570234589
1498000	-3986.995963529785
1498500	-3919.377548049472
1499000	-3891.741330299914
1499500	-3787.0926765162503
1500000	-3813.913483787977
