Sample	likelihood
0	-3562.2828070611954
500	-3544.7700124478347
1000	-3560.271176366034
1500	-3566.311515734237
2000	-3532.485172445351
2500	-3602.263612718297
3000	-3584.4426777865065
3500	-3639.607280791117
4000	-3611.9121659011453
4500	-3582.24080699028
5000	-3667.649173938889
5500	-3576.7567505137076
6000	-3562.95663754128
6500	-3567.1848593565637
7000	-3552.96940672469
7500	-3562.5766696415485
8000	-3565.491122044947
8500	-3549.3989371595094
9000	-3574.419698503377
9500	-3560.7162966034216
10000	-3557.531054424015
10500	-3564.5499293670528
11000	-3582.8200683527793
11500	-3558.1523088312138
12000	-3526.3926011746667
12500	-3604.045163083878
13000	-3549.593439542824
13500	-3526.1084702794083
14000	-3567.780017683902
14500	-3544.8655995920403
15000	-3580.9517050996874
15500	-3565.2233712996754
16000	-3556.2159015511907
16500	-3513.915324285026
17000	-3484.436430248038
17500	-3555.911949969126
18000	-3562.8577299402805
18500	-3534.6750557326745
19000	-3496.4315807695166
19500	-3509.021885524095
20000	-3547.7510402179596
20500	-3561.2837367136613
21000	-3587.5646520790146
21500	-3537.5950096316756
22000	-3581.9689345246443
22500	-3574.198181515285
23000	-3573.7030803707466
23500	-3597.9334827908165
24000	-3541.4935896716015
24500	-3546.524894633117
25000	-3587.1035413462337
25500	-3574.0327652422675
26000	-3588.122298973407
26500	-3547.226942635233
27000	-3562.2277691746085
27500	-3539.107324751634
28000	-3550.8148763522477
28500	-3549.841646578038
29000	-3538.2527246101085
29500	-3562.438979727715
30000	-3529.6104584236514
30500	-3565.8918151293196
31000	-3561.4359048852084
31500	-3499.7461245413374
32000	-3588.092567690038
32500	-3567.9656569540857
33000	-3565.6635357528794
33500	-3524.2923478996254
34000	-3528.4966920420143
34500	-3550.9994296041114
35000	-3553.46487032219
35500	-3522.6644474032355
36000	-3581.473478874448
36500	-3578.891282344222
37000	-3551.662054802462
37500	-3550.6105287047276
38000	-3589.7156066672514
38500	-3585.943373380225
39000	-3558.0550302054226
39500	-3530.6063816082374
40000	-3517.615791445653
40500	-3575.7963754459333
41000	-3519.7948253766463
41500	-3520.144485007454
42000	-3547.9935535241884
42500	-3562.9182429828106
43000	-3552.0164688441005
43500	-3530.7159959377714
44000	-3527.580198790241
44500	-3558.847602323896
45000	-3570.9358790049223
45500	-3551.155615126504
46000	-3578.3151621468246
46500	-3565.5419376715327
47000	-3576.8925956624084
47500	-3542.8572488837335
48000	-3547.7721450209947
48500	-3545.5601358090544
49000	-3565.971344482611
49500	-3553.38598451636
50000	-3542.029982002945
50500	-3527.186931761576
51000	-3517.368933987525
51500	-3557.763192927538
52000	-3552.1116197900633
52500	-3600.5038433646696
53000	-3559.969845280044
53500	-3581.785316535953
54000	-3571.1629553455255
54500	-3616.9536583370345
55000	-3616.7689909122055
55500	-3548.4455731920903
56000	-3523.9313249723455
56500	-3551.0094344219237
57000	-3548.2765664829035
57500	-3543.2329181025175
58000	-3516.278795008425
58500	-3523.3774030331574
59000	-3597.093344324861
59500	-3558.908468679826
60000	-3526.892174975122
60500	-3566.4549752018156
61000	-3578.136543462158
61500	-3549.8045227622565
62000	-3539.422623415103
62500	-3534.013270991056
63000	-3598.5033661284933
63500	-3543.4185534070048
64000	-3559.7602048374633
64500	-3571.9823090405866
65000	-3554.4647089185637
65500	-3527.215790117262
66000	-3584.1543517619198
66500	-3583.5601503301755
67000	-3575.7429430408006
67500	-3548.0690044271873
68000	-3544.1947614191185
68500	-3585.0624636760404
69000	-3569.055746960252
69500	-3588.8278313831006
70000	-3583.407547495226
70500	-3586.3703672271818
71000	-3582.2054370343667
71500	-3548.0739840768415
72000	-3554.5714135445155
72500	-3503.7533180372216
73000	-3533.345157792444
73500	-3498.070292425939
74000	-3582.6935216007028
74500	-3567.8067678482957
75000	-3557.26281780396
75500	-3586.8983298629564
76000	-3557.4928524766287
76500	-3518.642830139584
77000	-3545.937074568531
77500	-3547.3326321811674
78000	-3583.939440893452
78500	-3579.9551190414472
79000	-3664.943372365572
79500	-3592.5576879344976
80000	-3584.0315925050763
80500	-3558.837633653169
81000	-3559.0439435377316
81500	-3543.7768775280815
82000	-3543.3574732578745
82500	-3504.6743925554106
83000	-3517.616842102045
83500	-3543.1787040132385
84000	-3538.1709083693713
84500	-3542.7929332743674
85000	-3556.9335047186837
85500	-3546.4380625329354
86000	-3530.7143522941838
86500	-3493.2184559316647
87000	-3541.482689155734
87500	-3535.5577271661527
88000	-3645.109820797657
88500	-3551.319539492746
89000	-3552.6608773007456
89500	-3584.2264331721217
90000	-3582.447344123227
90500	-3567.053835939862
91000	-3593.3926062540454
91500	-3577.239494211529
92000	-3555.1944540656573
92500	-3527.6606725987504
93000	-3520.7390633112814
93500	-3577.4397834389583
94000	-3626.9521677707517
94500	-3574.866575922067
95000	-3584.3267199565253
95500	-3532.8912448195542
96000	-3549.291045656018
96500	-3513.5512033302334
97000	-3506.134854940963
97500	-3525.6379746984817
98000	-3541.967076528441
98500	-3523.8395317639793
99000	-3539.513950367654
99500	-3542.4516450875335
100000	-3540.4589991831867
100500	-3592.6852127445
101000	-3541.1373805898284
101500	-3552.393803142974
102000	-3591.7809005287786
102500	-3635.5105509509535
103000	-3615.84653415841
103500	-3605.0252838859274
104000	-3577.85499003874
104500	-3622.381238410634
105000	-3610.835401036256
105500	-3598.0016672211186
106000	-3578.5953491026103
106500	-3559.3510282259012
107000	-3530.137786929331
107500	-3533.700095425394
108000	-3557.9288932494983
108500	-3560.2772569214644
109000	-3563.4564552883667
109500	-3620.159719850857
110000	-3546.752903142044
110500	-3529.463452340524
111000	-3546.8193725558713
111500	-3571.2207362166773
112000	-3586.163237945301
112500	-3503.6928405926424
113000	-3553.428186017241
113500	-3539.7171243900148
114000	-3490.37584202647
114500	-3526.917633558575
115000	-3517.5863774474765
115500	-3553.223326506653
116000	-3597.6803752550586
116500	-3553.923968064277
117000	-3552.469306961031
117500	-3541.929491046621
118000	-3555.626454198724
118500	-3516.17870264083
119000	-3534.136719298146
119500	-3551.113185145441
120000	-3576.561785671669
120500	-3560.070923249336
121000	-3552.0238691434015
121500	-3540.3755614965
122000	-3552.453531850578
122500	-3534.1139668012192
123000	-3514.0887469816876
123500	-3560.881566383864
124000	-3599.664373382765
124500	-3591.3825090046457
125000	-3580.2078649543205
125500	-3565.4542287520762
126000	-3566.9972931443026
126500	-3625.3142320293887
127000	-3529.4851467008475
127500	-3561.400275553176
128000	-3569.3826496588104
128500	-3560.4540041783466
129000	-3575.6937441551863
129500	-3524.3089924571227
130000	-3513.5480458322313
130500	-3541.794539655694
131000	-3564.2200194697866
131500	-3575.969693788623
132000	-3569.9811930898513
132500	-3501.5435144999797
133000	-3553.953425159039
133500	-3564.971046948617
134000	-3540.124772354453
134500	-3534.9386132215627
135000	-3560.017941048065
135500	-3617.2419637759767
136000	-3554.758418396665
136500	-3531.710180153432
137000	-3573.823415218216
137500	-3572.337880855779
138000	-3571.3470588289692
138500	-3523.923588196009
139000	-3544.339605820385
139500	-3571.8159894950422
140000	-3554.0250249270885
140500	-3590.285599766243
141000	-3532.855497830114
141500	-3534.633800050357
142000	-3538.8052099618876
142500	-3552.613256231856
143000	-3547.598398809425
143500	-3539.2938475429946
144000	-3559.26804214165
144500	-3615.559074585576
145000	-3538.4066224731873
145500	-3527.6539835394624
146000	-3538.0810328478387
146500	-3513.554476833349
147000	-3514.5787211156976
147500	-3532.5186502430142
148000	-3496.1701350330877
148500	-3528.7826744097183
149000	-3578.1924584927024
149500	-3538.035199083915
150000	-3543.773589503783
150500	-3590.099862168634
151000	-3516.585229435633
151500	-3483.8009104272755
152000	-3520.3525948182187
152500	-3480.2724732642237
153000	-3535.342513297159
153500	-3567.165027545485
154000	-3526.5188110132976
154500	-3571.625708824841
155000	-3623.8211234163555
155500	-3559.1978591228576
156000	-3539.8703887341608
156500	-3568.7071804405973
157000	-3549.8060246303485
157500	-3532.902751707828
158000	-3525.4375567974157
158500	-3532.282805361142
159000	-3509.909694528428
159500	-3537.778044529726
160000	-3519.898843933333
160500	-3528.0159710822936
161000	-3569.7979914681227
161500	-3533.8005435383734
162000	-3579.236842879945
162500	-3562.411408621705
163000	-3622.9732082540913
163500	-3567.497985378885
164000	-3565.236225976174
164500	-3609.6786823012385
165000	-3579.453797983826
165500	-3578.339102780555
166000	-3539.7212054908637
166500	-3540.188670879621
167000	-3549.880129536746
167500	-3513.7498561341
168000	-3533.640317036942
168500	-3514.4264738535176
169000	-3485.4696488663985
169500	-3542.131621301832
170000	-3579.1499795155573
170500	-3564.773623730125
171000	-3570.1474166203284
171500	-3521.592754125588
172000	-3579.60993516666
172500	-3528.759735978857
173000	-3524.292347624457
173500	-3547.7436211557715
174000	-3551.358383207995
174500	-3581.588162439444
175000	-3531.9436755212096
175500	-3589.7998583255003
176000	-3547.743076064103
176500	-3560.7564233875382
177000	-3551.3882670359426
177500	-3553.4938850262365
178000	-3588.329888386992
178500	-3594.4728781642984
179000	-3516.6759324709096
179500	-3567.9941660746904
180000	-3549.7170728515634
180500	-3557.552891031309
181000	-3553.1340028465206
181500	-3558.429332141162
182000	-3526.32788226832
182500	-3541.005326342751
183000	-3524.8225333949454
183500	-3546.2483810851163
184000	-3524.431485038047
184500	-3521.607422964523
185000	-3490.893630584528
185500	-3494.18419817837
186000	-3512.7737615748274
186500	-3554.3073807310416
187000	-3566.619432875812
187500	-3541.6065367247966
188000	-3536.503942245617
188500	-3550.041296897537
189000	-3566.0817548079062
189500	-3565.008104162593
190000	-3638.991766481534
190500	-3606.3359490693974
191000	-3582.054996118677
191500	-3587.283180912227
192000	-3598.5549489051505
192500	-3600.0679621107292
193000	-3570.984614559452
193500	-3541.354070524805
194000	-3512.133990948012
194500	-3535.3678284542284
195000	-3586.6875348777353
195500	-3592.7108589742
196000	-3548.1715074479766
196500	-3589.115853804884
197000	-3587.59831145844
197500	-3611.981876445894
198000	-3627.145804077785
198500	-3619.397068488557
199000	-3560.858472409377
199500	-3563.9910590685204
200000	-3589.3880765583713
200500	-3608.6361282347643
201000	-3599.6450897878753
201500	-3585.0533802171444
202000	-3638.6770384754445
202500	-3549.8906641242916
203000	-3552.635769076098
203500	-3542.4414601530507
204000	-3545.475990617106
204500	-3503.706817264561
205000	-3554.3308215513684
205500	-3594.0670153828437
206000	-3541.042027237442
206500	-3538.6607886326187
207000	-3575.630534699456
207500	-3521.9788730380296
208000	-3544.8044720802945
208500	-3571.0307377284657
209000	-3568.2876175888514
209500	-3550.525027914487
210000	-3560.4976235974464
210500	-3528.2821052184736
211000	-3581.4767117434803
211500	-3508.836302817534
212000	-3555.878444017801
212500	-3613.16765816494
213000	-3523.7606048409716
213500	-3559.397701997465
214000	-3633.813745337915
214500	-3563.244610750286
215000	-3559.6665893127465
215500	-3565.323832442441
216000	-3572.7589319488675
216500	-3577.0584529475173
217000	-3557.329799155106
217500	-3528.018039582238
218000	-3524.7279487183055
218500	-3508.5489083553816
219000	-3520.620482599603
219500	-3538.4918592250183
220000	-3533.176782065235
220500	-3542.007508128807
221000	-3579.074806627597
221500	-3567.178904619698
222000	-3517.878318632959
222500	-3540.2369179512016
223000	-3597.500296355739
223500	-3510.3281313034254
224000	-3505.263062643642
224500	-3537.587171395117
225000	-3552.315962110273
225500	-3519.0072566892077
226000	-3544.3964543062643
226500	-3560.6685206911834
227000	-3550.129136076604
227500	-3562.768415573132
228000	-3604.5343043622984
228500	-3562.9620579502443
229000	-3545.599897220619
229500	-3576.769222174538
230000	-3573.3038309578164
230500	-3585.319457160419
231000	-3558.1671543118077
231500	-3542.7452207428128
232000	-3546.514650431712
232500	-3572.8714584637037
233000	-3572.2621612539797
233500	-3564.796159664511
234000	-3564.937573814866
234500	-3561.778688250645
235000	-3582.2553150655617
235500	-3629.37403960187
236000	-3556.6905215393
236500	-3587.845545976201
237000	-3574.7754243745226
237500	-3569.3227571919915
238000	-3584.737159911974
238500	-3563.924051797171
239000	-3581.4653622208757
239500	-3591.801025844322
240000	-3607.306322138217
240500	-3569.946751546897
241000	-3560.3586894349623
241500	-3550.4241555034273
242000	-3574.417926779364
242500	-3565.7507171872317
243000	-3614.9270405993097
243500	-3560.002302242308
244000	-3589.5179340860545
244500	-3610.4610091730747
245000	-3582.3787754006607
245500	-3548.0726545762204
246000	-3587.314938178321
246500	-3594.539065030758
247000	-3608.9857544549645
247500	-3574.057581552522
248000	-3576.3749004396723
248500	-3559.272003526096
249000	-3573.962816127939
249500	-3531.752013557878
250000	-3588.442472218837
250500	-3577.9833417972777
251000	-3578.7408490611283
251500	-3646.6229299524625
252000	-3644.043441042187
252500	-3624.8245721242383
253000	-3604.500667824233
253500	-3589.661827969957
254000	-3605.04228910207
254500	-3592.369461198321
255000	-3551.216970604921
255500	-3565.39982251747
256000	-3559.301987562769
256500	-3536.1187268340877
257000	-3535.734897656415
257500	-3528.4859314960145
258000	-3536.5283763905472
258500	-3562.011034633686
259000	-3527.527277701736
259500	-3587.1189655170706
260000	-3596.7442799137616
260500	-3636.5361025446605
261000	-3618.714507655148
261500	-3642.387262755923
262000	-3635.534793540648
262500	-3601.6429979658687
263000	-3568.6943722958385
263500	-3585.2944490646905
264000	-3549.5556188957535
264500	-3592.4415351551934
265000	-3568.8974647733967
265500	-3562.315396249181
266000	-3592.441810983781
266500	-3676.472919015595
267000	-3618.1287407627974
267500	-3604.5303013026974
268000	-3622.097936371711
268500	-3614.6631264592143
269000	-3556.553768231611
269500	-3586.4005723175915
270000	-3588.5636218824193
270500	-3597.798812474328
271000	-3570.4618383107263
271500	-3643.513572573003
272000	-3558.2744166356547
272500	-3553.786127429753
273000	-3510.6132775425967
273500	-3544.6702196421993
274000	-3557.7069570995836
274500	-3499.42100281599
275000	-3506.102750704642
275500	-3566.8192369476105
276000	-3544.7000737879193
276500	-3525.59921827271
277000	-3536.6859088625843
277500	-3499.0189106212392
278000	-3543.0436345618164
278500	-3472.478863084864
279000	-3550.671988776184
279500	-3505.536851676913
280000	-3557.761262794804
280500	-3518.1673594610183
281000	-3497.3685607596303
281500	-3575.5008083692287
282000	-3608.463239454946
282500	-3576.4136027895715
283000	-3528.6585692048175
283500	-3548.1425200789363
284000	-3572.069071448944
284500	-3582.832372794871
285000	-3567.9861907618965
285500	-3572.365712095415
286000	-3578.7506364590777
286500	-3558.39901740806
287000	-3617.3721615837076
287500	-3547.218868452644
288000	-3560.2761142991835
288500	-3579.9561729311363
289000	-3588.7109994973275
289500	-3591.5995759406806
290000	-3595.6060230181097
290500	-3576.217565100535
291000	-3599.038793525974
291500	-3532.2586996249333
292000	-3552.3562691988227
292500	-3520.9049732930516
293000	-3579.0448053208697
293500	-3597.0733053855315
294000	-3584.5306341131413
294500	-3581.584638588893
295000	-3582.368514035261
295500	-3563.8359915110027
296000	-3591.765886208856
296500	-3569.8734360255385
297000	-3549.647016761936
297500	-3550.0596611135948
298000	-3557.6845111023104
298500	-3539.182544317764
299000	-3556.361157778119
299500	-3560.073185228052
300000	-3523.983464787089
300500	-3517.681415851721
301000	-3527.0250512174566
301500	-3575.9286051753056
302000	-3528.2643246382218
302500	-3584.465696288498
303000	-3554.251931841688
303500	-3546.8126207138257
304000	-3514.27918042267
304500	-3513.614857705561
305000	-3500.1325429138064
305500	-3543.827895948955
306000	-3528.163506157719
306500	-3524.34553689986
307000	-3514.470904086068
307500	-3523.2749406474895
308000	-3531.9450159433713
308500	-3561.1479721534038
309000	-3564.724349636671
309500	-3562.665612695251
310000	-3547.026259228772
310500	-3562.59916235782
311000	-3538.6161175884517
311500	-3524.210860493156
312000	-3534.2633659194744
312500	-3550.491498196488
313000	-3547.1716032145773
313500	-3565.795023971817
314000	-3568.3134450638518
314500	-3524.1667173355995
315000	-3526.191615842262
315500	-3584.659578228994
316000	-3556.9121015045193
316500	-3543.818100829851
317000	-3516.7617415684335
317500	-3583.80494185676
318000	-3513.6153351541902
318500	-3576.20738378101
319000	-3570.380785209163
319500	-3560.1883892920605
320000	-3541.7414616340484
320500	-3551.2406770508
321000	-3563.1523464947654
321500	-3551.899307405268
322000	-3554.593368375548
322500	-3538.179819756439
323000	-3501.7810695635467
323500	-3485.123443556788
324000	-3506.371205094506
324500	-3506.778420063166
325000	-3546.599380241885
325500	-3509.3290373778623
326000	-3542.8050436976473
326500	-3519.059411955654
327000	-3511.5513359270785
327500	-3538.245134179978
328000	-3558.115307400789
328500	-3551.3305853216148
329000	-3520.9883121471735
329500	-3541.8728337011466
330000	-3538.3369993088836
330500	-3566.949436585734
331000	-3529.769238067333
331500	-3518.107390591879
332000	-3561.5616322195774
332500	-3503.0542865939688
333000	-3522.3545425683
333500	-3533.0423123027617
334000	-3557.4404545011353
334500	-3540.0294778674793
335000	-3598.5824159117556
335500	-3579.93076600408
336000	-3566.8198323906454
336500	-3605.600858060216
337000	-3558.880777512528
337500	-3547.164120964593
338000	-3557.923285134527
338500	-3578.1865754364403
339000	-3500.0644793340916
339500	-3524.1543596293945
340000	-3547.048966307667
340500	-3542.443138642038
341000	-3563.868161708415
341500	-3527.6866712777082
342000	-3520.8169622831715
342500	-3532.098232370544
343000	-3560.887341819728
343500	-3556.2178811366593
344000	-3591.5195041895367
344500	-3579.758967007735
345000	-3636.3723756205704
345500	-3585.1516538953565
346000	-3552.760085117359
346500	-3505.69670690377
347000	-3528.9295188989972
347500	-3521.501638196655
348000	-3567.5083240941835
348500	-3567.647156804196
349000	-3588.810083669029
349500	-3608.633212537206
350000	-3610.2672830226284
350500	-3587.2972268926897
351000	-3575.1365428586623
351500	-3558.3004010435207
352000	-3586.691924272687
352500	-3525.2781350110185
353000	-3541.3638315505996
353500	-3598.2308732539877
354000	-3600.757182729432
354500	-3532.514402085577
355000	-3537.051703034175
355500	-3528.425242963075
356000	-3559.4514045345823
356500	-3569.53691732082
357000	-3538.014415343495
357500	-3545.7034126232447
358000	-3500.0877907176746
358500	-3520.0408338891684
359000	-3520.961370625101
359500	-3522.3313277287657
360000	-3539.5057312411373
360500	-3518.5906702175066
361000	-3516.75898216997
361500	-3506.444840077445
362000	-3522.781790871589
362500	-3512.0928105730686
363000	-3524.5823707213835
363500	-3528.8764116785974
364000	-3534.7128788597065
364500	-3533.963608455324
365000	-3543.8277694103244
365500	-3511.342132220586
366000	-3531.9072105690575
366500	-3573.6098579731074
367000	-3533.6600631305378
367500	-3529.4173184590672
368000	-3569.9570120313283
368500	-3530.515464043938
369000	-3533.2810885438744
369500	-3504.6844440298064
370000	-3496.4705959335265
370500	-3511.4087204297307
371000	-3546.719286298544
371500	-3569.0312637396164
372000	-3580.403156858891
372500	-3559.4606430087283
373000	-3546.1884122616157
373500	-3561.452256453249
374000	-3595.263841801199
374500	-3569.741020862242
375000	-3533.8117492089063
375500	-3560.9902386315516
376000	-3531.82293265741
376500	-3552.6683755649383
377000	-3555.3501733277735
377500	-3602.0714222984684
378000	-3611.492071399955
378500	-3535.6359979614112
379000	-3555.1574580479773
379500	-3556.018978506194
380000	-3536.8759987202648
380500	-3563.457322960012
381000	-3522.6487368465
381500	-3529.8908076977527
382000	-3562.3032596413987
382500	-3568.1342791017905
383000	-3605.2967911577543
383500	-3587.1866053396984
384000	-3597.2884074976823
384500	-3572.4663509809957
385000	-3561.142681598298
385500	-3532.8365322626055
386000	-3545.0008917943815
386500	-3527.6833181567436
387000	-3527.7084654396785
387500	-3636.932276109236
388000	-3539.915475344215
388500	-3572.9537013558383
389000	-3559.8333181320545
389500	-3534.7160559170075
390000	-3525.336668316797
390500	-3519.7757371379394
391000	-3533.976862449576
391500	-3550.2361070641346
392000	-3554.782753306014
392500	-3530.4261288838507
393000	-3550.4768208724527
393500	-3578.641123382414
394000	-3553.5548793176567
394500	-3536.4707503090044
395000	-3552.6773537178397
395500	-3527.358632606884
396000	-3566.0193253781295
396500	-3536.91125929178
397000	-3516.1507487091953
397500	-3521.571376860664
398000	-3512.3932236897062
398500	-3557.7878079855873
399000	-3564.164455324699
399500	-3589.7131348770276
400000	-3552.0154038006435
400500	-3540.157327013811
401000	-3573.399474619788
401500	-3526.921800900481
402000	-3512.7743489550203
402500	-3547.5660386722657
403000	-3587.710032776462
403500	-3520.7247248679114
404000	-3538.0103493549864
404500	-3580.6496052179805
405000	-3553.591288031932
405500	-3596.4878051468345
406000	-3526.0234913073755
406500	-3518.146903210511
407000	-3572.0488902102984
407500	-3546.7948999789196
408000	-3546.452601324214
408500	-3552.966248945546
409000	-3526.51590305892
409500	-3533.330752757702
410000	-3518.583918305126
410500	-3531.690808669864
411000	-3541.966277742661
411500	-3551.5419188008646
412000	-3567.6319095810104
412500	-3605.0357427025647
413000	-3610.585119277066
413500	-3573.890961636748
414000	-3551.1761429661087
414500	-3532.3537965444416
415000	-3646.6975894844204
415500	-3600.856767802017
416000	-3566.2502765393883
416500	-3540.800797376498
417000	-3564.3332475419975
417500	-3550.159809259118
418000	-3532.457700396098
418500	-3591.6225135832005
419000	-3608.84305489355
419500	-3595.8827224443826
420000	-3593.977659351725
420500	-3549.142533486403
421000	-3562.4679791905564
421500	-3566.825887045885
422000	-3545.2141306859016
422500	-3567.0878804733143
423000	-3582.2053237018595
423500	-3561.5969584013255
424000	-3575.257826985951
424500	-3579.0919377420646
425000	-3599.9602450598395
425500	-3562.99335951154
426000	-3562.2535362291383
426500	-3547.162122135692
427000	-3546.400457645318
427500	-3555.8743099047188
428000	-3608.8855721180357
428500	-3563.8648864010015
429000	-3571.797251942916
429500	-3535.788148932471
430000	-3542.2230372680965
430500	-3536.155542964732
431000	-3611.3574343268206
431500	-3638.5441083412657
432000	-3555.20862292246
432500	-3567.308151258048
433000	-3506.9159535858485
433500	-3567.418655801445
434000	-3540.399176774279
434500	-3544.1207445089917
435000	-3563.6505574998364
435500	-3573.901535655412
436000	-3529.331856931157
436500	-3527.6163605271922
437000	-3555.310648613081
437500	-3550.3028021652585
438000	-3537.460039940827
438500	-3537.7973266106965
439000	-3564.3859832511384
439500	-3545.4761874943847
440000	-3536.390463583365
440500	-3550.3436484450544
441000	-3517.8688877684567
441500	-3533.484603877897
442000	-3532.901784935957
442500	-3543.5272822496927
443000	-3545.79144974051
443500	-3561.7519458117467
444000	-3538.213991399741
444500	-3519.857617185661
445000	-3517.087552506836
445500	-3542.5303904492703
446000	-3558.255415786311
446500	-3543.5642906924168
447000	-3608.963133527551
447500	-3548.9672554655663
448000	-3590.850087416852
448500	-3525.745217715131
449000	-3531.734467234417
449500	-3530.4976653024114
450000	-3505.5063442697187
450500	-3549.9198207694412
451000	-3536.979953341019
451500	-3521.6765520406007
452000	-3558.596650917266
452500	-3564.820129449084
453000	-3578.8868905256754
453500	-3500.402831450653
454000	-3544.0295493634862
454500	-3559.1192404998706
455000	-3512.173483265712
455500	-3493.386622792836
456000	-3539.949838236287
456500	-3572.1996859824053
457000	-3557.5002373158154
457500	-3561.253306246369
458000	-3607.895095741435
458500	-3569.7418120380366
459000	-3572.7812854374683
459500	-3550.9878139010552
460000	-3522.204084681006
460500	-3561.1663785615456
461000	-3533.4915755703146
461500	-3580.543303836171
462000	-3539.7476073156313
462500	-3527.9376040522625
463000	-3554.7843118495884
463500	-3524.771788116517
464000	-3506.7490136829797
464500	-3588.7642950402947
465000	-3569.2598452974926
465500	-3590.9243840498702
466000	-3604.7855599330146
466500	-3562.8593418487444
467000	-3516.7185421193494
467500	-3516.657083094682
468000	-3528.057836696036
468500	-3513.914591431304
469000	-3535.3087959616264
469500	-3542.0985961284305
470000	-3545.8551937955153
470500	-3533.3162671408286
471000	-3536.459680754652
471500	-3540.92010913733
472000	-3570.4861202921043
472500	-3542.763700256967
473000	-3566.9332053815506
473500	-3541.017569803703
474000	-3541.5993078497486
474500	-3587.5698257855247
475000	-3541.8184064713723
475500	-3592.0679688481205
476000	-3516.6346311273246
476500	-3559.879986119328
477000	-3587.683109930633
477500	-3592.0272182093577
478000	-3596.1775830770257
478500	-3577.288468762212
479000	-3577.361240955824
479500	-3556.7461046981157
480000	-3590.2868102600746
480500	-3574.8916053256294
481000	-3604.9609968591444
481500	-3545.459614750207
482000	-3561.0170741174143
482500	-3542.096539389813
483000	-3611.5633899817094
483500	-3567.377146665499
484000	-3547.7451875210177
484500	-3553.7335303787117
485000	-3494.0889258705333
485500	-3525.425573212063
486000	-3535.730435515499
486500	-3514.9575589048113
487000	-3605.237399929863
487500	-3586.864264536628
488000	-3560.402769315708
488500	-3618.966140494885
489000	-3549.2897320774364
489500	-3597.9422937625686
490000	-3561.5389021641477
490500	-3614.5596488454416
491000	-3576.1665824731335
491500	-3622.5223945709076
492000	-3568.9169877452177
492500	-3608.462674175857
493000	-3613.1602526135152
493500	-3588.477360141746
494000	-3563.3625865905537
494500	-3508.5688273872634
495000	-3568.9958241661275
495500	-3536.994505939831
496000	-3532.2184743692637
496500	-3547.535526989914
497000	-3579.715457692679
497500	-3572.2003381108166
498000	-3576.535316566218
498500	-3603.119559530978
499000	-3616.8521469912703
499500	-3626.8691180138508
500000	-3526.4380993464424
500500	-3541.6793207232486
501000	-3538.6598324677143
501500	-3565.3289661246336
502000	-3562.018032613088
502500	-3548.3525614078094
503000	-3575.0757536975343
503500	-3554.113243366524
504000	-3529.4067535132226
504500	-3585.694012674385
505000	-3543.4741341905715
505500	-3562.4111084891697
506000	-3545.7912040467595
506500	-3519.599880094901
507000	-3555.940492999504
507500	-3577.05447392948
508000	-3539.8672894245497
508500	-3525.932557882265
509000	-3525.381297589408
509500	-3535.774153320098
510000	-3544.46949604974
510500	-3592.834218092803
511000	-3603.1133177637485
511500	-3558.369586143869
512000	-3539.449519195714
512500	-3544.9638170080684
513000	-3571.4523423408964
513500	-3580.0074634367843
514000	-3524.732685963883
514500	-3564.0013922171643
515000	-3515.4786260323285
515500	-3553.5685234484463
516000	-3516.8505372648415
516500	-3560.7678313587126
517000	-3578.6422086205075
517500	-3574.6814764269434
518000	-3553.752060039571
518500	-3531.9229379884064
519000	-3573.75972914038
519500	-3579.522288277534
520000	-3535.8500489935054
520500	-3528.6372111657815
521000	-3579.9696518230007
521500	-3598.859319156429
522000	-3521.1597381314946
522500	-3521.2345741405334
523000	-3554.2488516837207
523500	-3573.9766758150445
524000	-3586.890679449598
524500	-3532.5474446308676
525000	-3551.5804025848292
525500	-3524.3612765865287
526000	-3542.8246988298615
526500	-3511.1326249026583
527000	-3536.664327250486
527500	-3508.756822516537
528000	-3510.115781727596
528500	-3507.346082538827
529000	-3533.1889001697305
529500	-3538.0581236681464
530000	-3541.5212169719684
530500	-3530.7799098813157
531000	-3592.7881503192248
531500	-3585.7667883471913
532000	-3582.752946765031
532500	-3563.2489091428884
533000	-3535.224493721347
533500	-3541.863318534332
534000	-3562.224547594802
534500	-3538.5838888863664
535000	-3526.9666971204856
535500	-3551.6387994669058
536000	-3555.5467229060637
536500	-3627.4551181241163
537000	-3554.8492018758684
537500	-3561.7831570462986
538000	-3522.4643035563795
538500	-3513.245168111333
539000	-3554.104457230797
539500	-3564.729456671079
540000	-3556.8997428298785
540500	-3517.491411422918
541000	-3512.826447195847
541500	-3557.4819373939804
542000	-3596.841228920792
542500	-3543.881489566674
543000	-3556.628489457357
543500	-3552.9127626440363
544000	-3550.1372680349573
544500	-3528.967096094874
545000	-3536.637180887468
545500	-3561.2411308851965
546000	-3613.09831301246
546500	-3535.808334009588
547000	-3543.3893097912887
547500	-3565.7022129554716
548000	-3580.420250348798
548500	-3561.123610517988
549000	-3553.4063144875417
549500	-3555.421885459438
550000	-3547.193915372484
550500	-3557.7778511548076
551000	-3609.3197155550165
551500	-3563.933160573541
552000	-3590.8925821120065
552500	-3573.4309638080235
553000	-3518.8515333401415
553500	-3568.3392151699186
554000	-3526.914088075424
554500	-3532.8339197938676
555000	-3553.701001372944
555500	-3546.0432138526676
556000	-3539.5506164946414
556500	-3562.8366684713237
557000	-3542.2715562143276
557500	-3552.0927372160613
558000	-3565.3128917036033
558500	-3547.7865974721835
559000	-3574.6260167240907
559500	-3576.277923725824
560000	-3571.7252132029603
560500	-3625.3264492399207
561000	-3623.0895848521395
561500	-3600.212809250323
562000	-3559.2191394184856
562500	-3538.870000389546
563000	-3518.819769389488
563500	-3575.253344814608
564000	-3562.128272576568
564500	-3576.431778961693
565000	-3541.3413888939767
565500	-3555.3123312845505
566000	-3604.8368204046837
566500	-3559.2936225923695
567000	-3596.885592493638
567500	-3607.2874224189645
568000	-3587.2692186822555
568500	-3589.301152353632
569000	-3607.223526165713
569500	-3581.121704643788
570000	-3551.0855127487944
570500	-3632.076234921028
571000	-3542.1302408634415
571500	-3532.20548953979
572000	-3518.87112187548
572500	-3578.9289112247716
573000	-3516.360880635797
573500	-3591.4981489052975
574000	-3593.549118660658
574500	-3554.856531983585
575000	-3555.259005814508
575500	-3582.487200798458
576000	-3522.965827727038
576500	-3547.8972666830973
577000	-3556.233335326481
577500	-3619.5197241586375
578000	-3566.1693039588827
578500	-3598.6173826456675
579000	-3556.9015672508835
579500	-3525.70180172021
580000	-3526.3190071096624
580500	-3543.978011526123
581000	-3574.485464109908
581500	-3577.3986341971968
582000	-3627.7528499204477
582500	-3618.2499251580875
583000	-3548.5679854693053
583500	-3548.104007182523
584000	-3546.32777242339
584500	-3541.8673183671563
585000	-3538.8363899877745
585500	-3515.378116424803
586000	-3587.318803609702
586500	-3625.298260231017
587000	-3608.00439000318
587500	-3601.721218141621
588000	-3594.2434958064614
588500	-3527.432497299883
589000	-3548.456696678681
589500	-3546.126961261931
590000	-3520.7279575573443
590500	-3527.3559770034767
591000	-3497.0796546844053
591500	-3543.9295357143014
592000	-3554.388412342534
592500	-3538.3736850945015
593000	-3523.421346128442
593500	-3531.63041598673
594000	-3505.73058476586
594500	-3546.2203618090125
595000	-3573.3754707575467
595500	-3503.1693655215036
596000	-3519.6468988062734
596500	-3528.839405853303
597000	-3536.6738821105155
597500	-3517.3402839171154
598000	-3536.84968570825
598500	-3574.725559751053
599000	-3522.771018546389
599500	-3533.6994071617514
600000	-3587.4081127819923
600500	-3541.979940669782
601000	-3612.1896845834353
601500	-3567.426927623618
602000	-3570.830749258952
602500	-3554.8446138755294
603000	-3591.6135499541933
603500	-3598.160769308856
604000	-3519.3997557056737
604500	-3552.8289728389987
605000	-3582.350339796534
605500	-3572.9687345994043
606000	-3572.5362026474227
606500	-3576.243210529251
607000	-3570.31736422836
607500	-3551.930630500604
608000	-3515.6173501762332
608500	-3548.0370936049167
609000	-3607.8202166786436
609500	-3597.0328069043944
610000	-3583.778968345222
610500	-3539.863379362854
611000	-3580.209574539803
611500	-3543.845341114055
612000	-3564.681175541954
612500	-3593.2333854302537
613000	-3567.98193811383
613500	-3578.9171794619474
614000	-3526.805436785597
614500	-3550.2343428156514
615000	-3525.397702752129
615500	-3546.6523517770697
616000	-3573.8901613576627
616500	-3538.9719331279284
617000	-3566.451960875413
617500	-3542.841565034762
618000	-3561.786063075928
618500	-3564.7468491351024
619000	-3590.6556401857015
619500	-3559.6493301751634
620000	-3567.06587423663
620500	-3554.5358613720796
621000	-3592.7602122058183
621500	-3586.715852379321
622000	-3605.4476728919117
622500	-3551.603927294346
623000	-3560.4410087168853
623500	-3571.0888008817665
624000	-3553.056903480667
624500	-3514.4226125449923
625000	-3551.671905254339
625500	-3549.004045495173
626000	-3541.1120236489105
626500	-3546.214595839612
627000	-3515.9310641011825
627500	-3562.3861448787634
628000	-3543.275487783065
628500	-3550.1583723052577
629000	-3575.891028881634
629500	-3528.07757774604
630000	-3529.452249688072
630500	-3551.521336521212
631000	-3568.0585366394557
631500	-3530.3268383080053
632000	-3552.294111988093
632500	-3564.2731158382844
633000	-3565.514215648544
633500	-3534.4300229003597
634000	-3609.184186126753
634500	-3575.9571295780324
635000	-3596.520827733863
635500	-3537.42438408705
636000	-3536.8053657113887
636500	-3522.4007021713423
637000	-3563.891820601793
637500	-3538.4190969178803
638000	-3537.8436777628344
638500	-3511.2063866048356
639000	-3510.7391702372415
639500	-3538.357592764974
640000	-3587.971554027827
640500	-3535.1710125372183
641000	-3521.5984473215167
641500	-3542.3346299433047
642000	-3550.6400975651745
642500	-3542.8035516574023
643000	-3583.713925592047
643500	-3571.883525175358
644000	-3555.9552862384153
644500	-3552.4542929228624
645000	-3591.5692967217947
645500	-3571.8558860983826
646000	-3544.304075730651
646500	-3545.7789610187474
647000	-3559.9547521824306
647500	-3520.6907713357086
648000	-3554.977310141394
648500	-3582.1720755926517
649000	-3610.9659201096183
649500	-3589.3605183077843
650000	-3583.3744455422816
650500	-3551.9905216380484
651000	-3528.405129926741
651500	-3573.63261596574
652000	-3555.202624708796
652500	-3523.5032560812574
653000	-3539.7320893941037
653500	-3534.982123080218
654000	-3542.9287860449726
654500	-3553.5485108630555
655000	-3549.0168891387602
655500	-3561.3004337467482
656000	-3551.5725523759866
656500	-3534.6330393847234
657000	-3519.9558414211324
657500	-3554.448247708285
658000	-3544.0955151548956
658500	-3607.7674617375274
659000	-3560.639221933408
659500	-3551.1820751513405
660000	-3628.1330950975744
660500	-3565.412501762066
661000	-3584.9337383331667
661500	-3545.2384809184096
662000	-3565.277886364336
662500	-3559.5499012965515
663000	-3587.715096905924
663500	-3570.560277834189
664000	-3537.7059729254447
664500	-3584.992919678182
665000	-3543.848677717674
665500	-3555.828451211989
666000	-3568.065602223102
666500	-3595.708297263142
667000	-3558.8451030824667
667500	-3541.008455071006
668000	-3506.4198314501446
668500	-3545.040035440319
669000	-3539.0306425629897
669500	-3516.9123323969197
670000	-3549.102823898249
670500	-3557.0237662511945
671000	-3562.850927393267
671500	-3567.2490146134996
672000	-3558.8235504841946
672500	-3528.208395652334
673000	-3535.3389798173107
673500	-3559.285541726411
674000	-3524.7082427620207
674500	-3578.5552893920167
675000	-3512.582776144812
675500	-3549.877086269833
676000	-3544.9017357479456
676500	-3539.7180352239334
677000	-3550.484871434129
677500	-3538.090576659286
678000	-3539.335566836514
678500	-3549.3589413195127
679000	-3567.320255454068
679500	-3530.441077934328
680000	-3527.3091953301046
680500	-3575.1492252641765
681000	-3592.7800471299875
681500	-3524.338860168285
682000	-3571.888469308419
682500	-3604.3126485779203
683000	-3526.6872755840677
683500	-3523.8333549274876
684000	-3523.62172690676
684500	-3546.8132756208825
685000	-3546.321592399234
685500	-3526.7666181644627
686000	-3554.2001745485063
686500	-3509.0604973471936
687000	-3538.4592009290564
687500	-3561.56924126556
688000	-3546.6388165206367
688500	-3568.0048311079026
689000	-3527.8557563066565
689500	-3578.585994165765
690000	-3570.9035914470337
690500	-3524.4375778420954
691000	-3518.5440839048865
691500	-3561.7091925959517
692000	-3603.6110728136623
692500	-3583.15699358679
693000	-3544.3284690661985
693500	-3565.076197857596
694000	-3610.433627730536
694500	-3627.159603606723
695000	-3606.5779756501615
695500	-3534.155309797521
696000	-3556.764023335543
696500	-3524.01553310898
697000	-3498.5343338328707
697500	-3553.613921572551
698000	-3555.7927623888777
698500	-3620.017300843353
699000	-3591.560539064982
699500	-3563.057122605951
700000	-3530.425950312984
700500	-3522.0204054303085
701000	-3581.7296681908683
701500	-3590.9100420981285
702000	-3553.698361415179
702500	-3521.584766859873
703000	-3526.678496434888
703500	-3568.1811824117985
704000	-3595.3316993500307
704500	-3552.4281552003768
705000	-3574.696770543154
705500	-3599.150332018155
706000	-3579.243558244133
706500	-3574.5881520938774
707000	-3629.1727119947946
707500	-3575.5671576103086
708000	-3614.770240382483
708500	-3583.399249642044
709000	-3540.171286396511
709500	-3562.0203387071415
710000	-3581.5706804463393
710500	-3552.4830143864388
711000	-3571.320517849905
711500	-3593.612368433865
712000	-3596.175376704178
712500	-3523.3460686088174
713000	-3597.1520909342244
713500	-3563.6312938721835
714000	-3585.0935381071463
714500	-3566.8019415765343
715000	-3578.941264059941
715500	-3553.275963580895
716000	-3560.2666970185796
716500	-3583.6781040988944
717000	-3576.295020071696
717500	-3554.6102673344462
718000	-3522.7729604979863
718500	-3522.1212909976102
719000	-3584.6302056833993
719500	-3552.422694062191
720000	-3594.151591007402
720500	-3554.712956832424
721000	-3573.3419213012103
721500	-3557.2584109049785
722000	-3558.6617367159747
722500	-3570.693485569538
723000	-3532.9568185044127
723500	-3546.8544628494583
724000	-3547.4864960485825
724500	-3544.64867278224
725000	-3537.5022334827354
725500	-3526.5236895450594
726000	-3572.5312203212106
726500	-3551.032366804754
727000	-3567.124909570082
727500	-3586.6035712881776
728000	-3547.8835389354203
728500	-3533.2860353873475
729000	-3585.918948837246
729500	-3512.3971891521805
730000	-3510.118202258494
730500	-3532.6010431209347
731000	-3505.884866736741
731500	-3527.724766909377
732000	-3571.259444340272
732500	-3545.9782863281503
733000	-3538.6045959200837
733500	-3525.424961801467
734000	-3541.9876755922865
734500	-3567.824922422463
735000	-3580.2936786419355
735500	-3558.1195249251873
736000	-3566.069042223438
736500	-3552.7246260262764
737000	-3543.3271741797207
737500	-3589.667926776044
738000	-3560.341212370224
738500	-3568.7913118301813
739000	-3550.6498141421002
739500	-3577.4014558986005
740000	-3619.204027564211
740500	-3576.8005111615084
741000	-3545.336501018355
741500	-3555.513737931791
742000	-3554.062530086256
742500	-3566.444092424834
743000	-3532.3992357429784
743500	-3531.585631253568
744000	-3533.007125228814
744500	-3532.04910575589
745000	-3553.6485770482095
745500	-3554.7865481426115
746000	-3600.815357832774
746500	-3569.3736184494633
747000	-3556.0319710710623
747500	-3550.2535745788914
748000	-3526.863841925221
748500	-3521.846161566038
749000	-3523.5046721146186
749500	-3517.4041822465965
750000	-3520.4773960769294
750500	-3543.0429127589955
751000	-3582.572830976364
751500	-3580.761218728075
752000	-3593.5597384395237
752500	-3559.293373448998
753000	-3579.218348924412
753500	-3610.848019538157
754000	-3587.80718617932
754500	-3513.6439907122713
755000	-3552.130271269095
755500	-3543.6196753027452
756000	-3551.5091338174743
756500	-3527.923424308554
757000	-3539.0556204703844
757500	-3548.1552802878055
758000	-3580.1287998652497
758500	-3608.728135830499
759000	-3583.1812920095554
759500	-3585.6112816018713
760000	-3565.5027859359225
760500	-3606.730873335925
761000	-3606.9255498850653
761500	-3565.0344278234948
762000	-3530.002220716193
762500	-3513.3259810603
763000	-3577.514521717936
763500	-3561.96109957151
764000	-3553.5509323115148
764500	-3574.401883429968
765000	-3540.153700016507
765500	-3582.3095098298236
766000	-3582.825618145421
766500	-3567.9725169462718
767000	-3573.56435952928
767500	-3561.791588385486
768000	-3536.3896671875154
768500	-3544.904744339642
769000	-3525.348260861569
769500	-3527.302414566026
770000	-3559.990089784277
770500	-3567.3670220108406
771000	-3565.2857975456213
771500	-3571.590618676141
772000	-3553.8939810038387
772500	-3604.4927480298106
773000	-3599.5137865963425
773500	-3501.2348409925867
774000	-3590.33962633819
774500	-3573.120438549447
775000	-3577.896157524995
775500	-3601.4753999284003
776000	-3539.831774325825
776500	-3556.4399855565734
777000	-3517.0370107249905
777500	-3490.2676872347147
778000	-3515.1816269492974
778500	-3545.6499279653435
779000	-3538.8932136468256
779500	-3546.8767377227396
780000	-3532.0056702191455
780500	-3526.505621494329
781000	-3527.664021835079
781500	-3546.872685361805
782000	-3532.9074681235033
782500	-3559.9988343055306
783000	-3557.132108491528
783500	-3557.19300021851
784000	-3543.771869552839
784500	-3539.7880815363847
785000	-3563.297078075684
785500	-3535.320226022213
786000	-3510.71616881562
786500	-3561.5820073273667
787000	-3515.2607234743964
787500	-3593.977451387332
788000	-3551.2604912718843
788500	-3623.783572956118
789000	-3579.230577369555
789500	-3624.294959228487
790000	-3573.541336719827
790500	-3545.9230192197656
791000	-3557.9103017847033
791500	-3530.8142197893885
792000	-3546.9177106884695
792500	-3573.5560131093225
793000	-3571.657307718226
793500	-3547.914302985644
794000	-3518.3246247636403
794500	-3530.707226081023
795000	-3541.9095264512357
795500	-3577.31086958611
796000	-3590.872558254246
796500	-3575.422022680239
797000	-3558.2701647860017
797500	-3575.4721264250147
798000	-3612.4671269065784
798500	-3594.703231267795
799000	-3581.1016623346677
799500	-3539.654407780688
800000	-3557.7750118581084
800500	-3545.9281418188866
801000	-3589.9253957313285
801500	-3545.6866720214434
802000	-3519.9255233100403
802500	-3514.143576132115
803000	-3548.9765935369824
803500	-3552.915871500413
804000	-3542.2960581115917
804500	-3517.8041007925476
805000	-3527.5096787808434
805500	-3547.893028201667
806000	-3555.4947769216187
806500	-3583.146893624499
807000	-3548.6991406601433
807500	-3562.388231514755
808000	-3545.095133163216
808500	-3607.106021789487
809000	-3560.614910699207
809500	-3564.4023211417325
810000	-3555.1435366432097
810500	-3579.025217734624
811000	-3567.940362126484
811500	-3621.6683717698743
812000	-3613.431939389797
812500	-3649.670657706389
813000	-3602.8217493782627
813500	-3606.7766031361434
814000	-3604.008058152353
814500	-3591.726086686465
815000	-3583.439749802467
815500	-3580.1902827317626
816000	-3551.9014661727856
816500	-3539.903338949896
817000	-3565.2353612205015
817500	-3543.7896278924977
818000	-3547.603309956454
818500	-3573.2214170538637
819000	-3545.594414086027
819500	-3547.896394931319
820000	-3501.076083442074
820500	-3557.9747032368505
821000	-3513.307029167102
821500	-3569.5987067608503
822000	-3523.450374479569
822500	-3586.4618638090587
823000	-3561.0159486640187
823500	-3534.525407354725
824000	-3622.3650987484216
824500	-3544.1851154629653
825000	-3538.1235313993143
825500	-3532.8872090312993
826000	-3529.446535487198
826500	-3551.449297201176
827000	-3564.2967825277974
827500	-3573.7214521508986
828000	-3551.6101332507073
828500	-3551.963275655668
829000	-3549.32397763594
829500	-3551.134106524213
830000	-3518.6962848174594
830500	-3564.232153580701
831000	-3548.583535812961
831500	-3524.4331448823796
832000	-3557.50915132251
832500	-3531.41607666232
833000	-3499.8531580474933
833500	-3484.334771883971
834000	-3584.1502961466686
834500	-3539.897977104381
835000	-3532.547887799918
835500	-3560.301481999135
836000	-3557.2618995698567
836500	-3554.568429766324
837000	-3555.0095668422373
837500	-3591.8204264661913
838000	-3560.737415093212
838500	-3566.326464416141
839000	-3560.203375557046
839500	-3540.810433714178
840000	-3581.4256503541146
840500	-3538.0722491756105
841000	-3567.2848107169775
841500	-3575.0253845467682
842000	-3585.0139326506355
842500	-3577.9750474526213
843000	-3551.4004158987536
843500	-3578.995138519721
844000	-3593.480764067943
844500	-3559.5876802059715
845000	-3608.968388485476
845500	-3638.77120594536
846000	-3562.6525225852306
846500	-3605.1610418211885
847000	-3622.326751004453
847500	-3606.692459680429
848000	-3527.6757077772377
848500	-3542.37863946745
849000	-3553.8927790144735
849500	-3565.520548558876
850000	-3592.782914095165
850500	-3483.6024672337185
851000	-3563.028532163808
851500	-3515.219131885335
852000	-3543.791354200854
852500	-3504.6014637656504
853000	-3513.084352429833
853500	-3525.715542437003
854000	-3524.69617245802
854500	-3530.2118374679785
855000	-3529.4552796968283
855500	-3576.2164585689125
856000	-3533.348808323128
856500	-3594.7290440525394
857000	-3558.181675003943
857500	-3567.1950346939634
858000	-3522.7363553121754
858500	-3511.5135343023503
859000	-3565.0344885816953
859500	-3545.108336775389
860000	-3562.6942775361977
860500	-3567.6691078833874
861000	-3546.9298195232323
861500	-3570.1846810404427
862000	-3567.548752585402
862500	-3582.8018949626094
863000	-3585.227895597118
863500	-3545.28404334699
864000	-3555.3201823155496
864500	-3535.876369506589
865000	-3637.750084995817
865500	-3613.707890589208
866000	-3604.6073882504184
866500	-3578.345101829741
867000	-3541.1547442998863
867500	-3607.0022884901787
868000	-3623.7496165337798
868500	-3615.9624618162456
869000	-3558.9278377520777
869500	-3574.3241265078723
870000	-3582.144338289634
870500	-3566.841681319347
871000	-3554.013154534614
871500	-3602.808505592566
872000	-3542.8930288937536
872500	-3570.2355272570976
873000	-3535.625172265362
873500	-3529.1837730242855
874000	-3598.192313359348
874500	-3528.6970603957234
875000	-3538.5898102166575
875500	-3546.470178803702
876000	-3556.2433306045914
876500	-3644.9156677058013
877000	-3579.2533317815078
877500	-3561.775575059396
878000	-3589.350044441198
878500	-3583.1101646595325
879000	-3631.1205570605807
879500	-3545.900553644339
880000	-3524.8713241605274
880500	-3548.362065358196
881000	-3527.934353227317
881500	-3533.9482656805226
882000	-3574.4436922840155
882500	-3574.8355034418764
883000	-3565.6365313235096
883500	-3623.1629538808993
884000	-3615.1174370624344
884500	-3547.825203643376
885000	-3564.059824569724
885500	-3536.2872316564763
886000	-3525.4446609066895
886500	-3541.084851892895
887000	-3521.200975066539
887500	-3561.4539293232697
888000	-3522.2961384729883
888500	-3506.728647090664
889000	-3520.6236736641195
889500	-3541.1998718598015
890000	-3543.0358363221885
890500	-3525.6581102275168
891000	-3622.171006297244
891500	-3532.7433947905693
892000	-3572.83365191978
892500	-3576.9717750065934
893000	-3566.7359996987034
893500	-3553.390734863896
894000	-3576.655013808758
894500	-3554.8498154193594
895000	-3562.310423631072
895500	-3577.71161979644
896000	-3601.525657410623
896500	-3573.6492581411953
897000	-3584.803349427711
897500	-3639.4115347288007
898000	-3584.8263963510035
898500	-3512.943965374893
899000	-3503.511082641262
899500	-3551.6537950814522
900000	-3551.993154150559
900500	-3573.6831888312277
901000	-3592.5213346970363
901500	-3613.325600253641
902000	-3606.3346593734454
902500	-3586.944629031128
903000	-3566.702104932158
903500	-3614.5012776555423
904000	-3589.9471163122435
904500	-3540.7019610871894
905000	-3567.7179186864723
905500	-3589.7635467122636
906000	-3519.5953204028096
906500	-3536.8601019550288
907000	-3560.077980947141
907500	-3513.523090571079
908000	-3544.107518895675
908500	-3568.150358773367
909000	-3542.0781499667605
909500	-3523.505547611681
910000	-3604.426128954286
910500	-3551.867465117075
911000	-3551.253008419592
911500	-3556.5069719508447
912000	-3574.0212269480103
912500	-3628.9428953662527
913000	-3578.42960126427
913500	-3531.2870977071325
914000	-3560.2518738287013
914500	-3567.1604296816286
915000	-3527.9550100344973
915500	-3565.5251250309775
916000	-3544.9617576718965
916500	-3512.3863496578
917000	-3559.979745692785
917500	-3544.104092978889
918000	-3586.1824844138146
918500	-3538.903263385193
919000	-3555.6439907827366
919500	-3540.425354861928
920000	-3502.3306001839896
920500	-3564.6687670369356
921000	-3581.580244087045
921500	-3524.018940960405
922000	-3596.86685145481
922500	-3586.7840282686207
923000	-3527.858174658093
923500	-3550.1529991855436
924000	-3538.6433313768844
924500	-3536.439207166776
925000	-3573.059844850478
925500	-3542.9093194327643
926000	-3561.812356981563
926500	-3562.3662192458128
927000	-3572.8806402916052
927500	-3552.799084016529
928000	-3557.004944898138
928500	-3510.917652571842
929000	-3593.6182613547294
929500	-3620.5161330056535
930000	-3554.402522550318
930500	-3579.4173929721405
931000	-3575.4751132198626
931500	-3538.7147492443128
932000	-3582.7181077818927
932500	-3553.4496022467506
933000	-3545.1323151288766
933500	-3586.309017584834
934000	-3531.5546763858624
934500	-3599.3489138846935
935000	-3541.562659293741
935500	-3582.1305069519235
936000	-3592.5202472131887
936500	-3580.941879328228
937000	-3566.483259775022
937500	-3546.914136356853
938000	-3572.841512087614
938500	-3534.4569599897077
939000	-3562.7351492692005
939500	-3532.6693580778356
940000	-3555.6616031791573
940500	-3540.9351407878994
941000	-3543.201846077711
941500	-3541.4768559970316
942000	-3572.165934217188
942500	-3520.7376009002523
943000	-3567.9084213430538
943500	-3582.576572124871
944000	-3556.823546696364
944500	-3577.601096956152
945000	-3560.8760848019992
945500	-3519.768706888176
946000	-3579.805509225524
946500	-3583.2351775260845
947000	-3520.399516175872
947500	-3538.021008524176
948000	-3556.7989234239326
948500	-3530.2210484519105
949000	-3534.0654741875055
949500	-3506.9707422615475
950000	-3531.161347034661
950500	-3524.557056261504
951000	-3564.2116302373843
951500	-3515.3288745877626
952000	-3554.972517446448
952500	-3559.8873252173053
953000	-3548.772542816706
953500	-3544.717774131986
954000	-3475.2784061228417
954500	-3541.0281107555743
955000	-3540.4661119744032
955500	-3508.511622505619
956000	-3525.9419408483245
956500	-3510.681065858815
957000	-3548.169107880876
957500	-3561.673727301614
958000	-3571.8489882985477
958500	-3563.797302919334
959000	-3543.02624083975
959500	-3558.651521733122
960000	-3568.7161663776537
960500	-3582.274615397115
961000	-3569.8341428321846
961500	-3622.2223429792575
962000	-3566.854649452974
962500	-3541.3863803951476
963000	-3552.3457687650866
963500	-3535.334886245825
964000	-3531.4322623438206
964500	-3537.042739771601
965000	-3526.597659588654
965500	-3531.4202978395333
966000	-3534.4155830521763
966500	-3546.037542640331
967000	-3480.346700115707
967500	-3494.913912624834
968000	-3545.8816070711096
968500	-3537.217456788077
969000	-3554.72972962689
969500	-3559.246970102677
970000	-3550.7432948839555
970500	-3609.5125712669583
971000	-3565.4473359284975
971500	-3583.191955722731
972000	-3559.850400453754
972500	-3517.9656262088974
973000	-3567.870169392461
973500	-3565.471386214751
974000	-3556.962235731579
974500	-3552.931108771376
975000	-3535.4723147581676
975500	-3531.7738917959878
976000	-3539.470658656194
976500	-3554.955984204881
977000	-3539.6829774930593
977500	-3533.4672832603183
978000	-3518.70530335818
978500	-3544.176457462337
979000	-3541.7671446245145
979500	-3577.046134806045
980000	-3542.7980043977045
980500	-3550.452522239312
981000	-3553.283082727289
981500	-3593.6549026098264
982000	-3534.1530801562985
982500	-3514.65737114958
983000	-3554.0250307194938
983500	-3502.026185433149
984000	-3568.326586567904
984500	-3489.2364530864174
985000	-3532.5532946786407
985500	-3491.0743852728765
986000	-3542.442757092779
986500	-3518.477953962288
987000	-3575.688346672596
987500	-3559.3422422427875
988000	-3590.570868985533
988500	-3534.5370032590467
989000	-3568.455374469652
989500	-3597.3182034805723
990000	-3608.5437770889976
990500	-3586.1821782582065
991000	-3569.0437862446124
991500	-3573.011433697937
992000	-3547.7910093171386
992500	-3546.4709763202495
993000	-3525.5422330997762
993500	-3494.8532757330704
994000	-3500.938884134116
994500	-3550.1095139814556
995000	-3585.0509236477824
995500	-3624.05441137414
996000	-3564.4968769197176
996500	-3596.030263541134
997000	-3625.398024572108
997500	-3530.3063215046327
998000	-3569.8340876009506
998500	-3568.5875098165475
999000	-3550.626825560125
999500	-3550.537832597084
1000000	-3569.442518771129
1000500	-3602.0495232938697
1001000	-3600.158489146614
1001500	-3557.829112092969
1002000	-3562.200654019997
1002500	-3551.0792562291394
1003000	-3552.285604677782
1003500	-3567.2098195064636
1004000	-3557.085033740236
1004500	-3589.3837651577383
1005000	-3547.928119994295
1005500	-3554.7979974684454
1006000	-3561.074035502242
1006500	-3575.5886321473085
1007000	-3579.495141768826
1007500	-3609.302963277215
1008000	-3619.1416304428494
1008500	-3566.4794434479977
1009000	-3540.4197008186834
1009500	-3573.7865528734364
1010000	-3548.5678141184294
1010500	-3564.8095969088527
1011000	-3599.103362657754
1011500	-3584.4118313281288
1012000	-3626.606777110687
1012500	-3657.6076023109645
1013000	-3573.769138564511
1013500	-3565.519582056713
1014000	-3522.4246335863463
1014500	-3554.3350995840096
1015000	-3555.437636488831
1015500	-3518.4746569742624
1016000	-3526.1428104795677
1016500	-3567.5728736154774
1017000	-3537.712786646125
1017500	-3544.978372437918
1018000	-3515.0760230907763
1018500	-3548.3518770831156
1019000	-3550.0898001664277
1019500	-3568.993104400352
1020000	-3572.332827101713
1020500	-3546.309970232275
1021000	-3520.5746663034033
1021500	-3624.39732749327
1022000	-3579.3814132257207
1022500	-3574.24900805025
1023000	-3600.35081436691
1023500	-3538.496182805709
1024000	-3566.8705954865004
1024500	-3532.544240555081
1025000	-3520.4559965117023
1025500	-3574.048249988705
1026000	-3581.1515134738934
1026500	-3553.321626994329
1027000	-3549.622562670357
1027500	-3559.6103007392767
1028000	-3572.1995111305455
1028500	-3529.440590472393
1029000	-3524.9644454977
1029500	-3510.1326239073546
1030000	-3643.4059946272187
1030500	-3622.1176059495665
1031000	-3572.814266683031
1031500	-3577.8524223563813
1032000	-3571.824804728974
1032500	-3533.509269575555
1033000	-3590.021339128065
1033500	-3606.0262099733163
1034000	-3562.443987113267
1034500	-3540.5084898056207
1035000	-3555.002839112794
1035500	-3543.8163055655327
1036000	-3532.953617572833
1036500	-3531.5015914582627
1037000	-3561.753122525398
1037500	-3573.3787737564703
1038000	-3543.3393225222294
1038500	-3544.292200271139
1039000	-3529.6459355766815
1039500	-3559.9135465466115
1040000	-3539.9891114781144
1040500	-3562.8727009811905
1041000	-3545.6191578159205
1041500	-3558.3220502923346
1042000	-3589.4315891085894
1042500	-3553.918079864222
1043000	-3581.3428111729454
1043500	-3615.6466373829107
1044000	-3568.4910709646474
1044500	-3583.2557606001606
1045000	-3551.78107386106
1045500	-3559.9928753101267
1046000	-3539.908801417774
1046500	-3536.9457090957376
1047000	-3536.85760761689
1047500	-3599.157374458378
1048000	-3539.963161010714
1048500	-3542.292397604894
1049000	-3510.29948128263
1049500	-3528.219503109159
1050000	-3543.055407924721
1050500	-3504.017225677519
1051000	-3557.746287102803
1051500	-3553.9703541015365
1052000	-3539.1363153074
1052500	-3556.3684079166787
1053000	-3599.959612112589
1053500	-3523.6768331806475
1054000	-3547.295906709893
1054500	-3513.4213456966218
1055000	-3553.8689539806105
1055500	-3537.9357718905935
1056000	-3508.400853633701
1056500	-3554.47141057718
1057000	-3570.6368688332636
1057500	-3523.1697161874913
1058000	-3552.1778032768802
1058500	-3549.8426862103765
1059000	-3531.458723516267
1059500	-3542.181809472421
1060000	-3515.754358763474
1060500	-3541.1600653383684
1061000	-3509.7107887244347
1061500	-3514.658622058796
1062000	-3545.0555006010795
1062500	-3530.6493203248574
1063000	-3550.382620582463
1063500	-3550.5494946268086
1064000	-3548.957169641831
1064500	-3543.7758613242804
1065000	-3562.310110469672
1065500	-3532.128481802242
1066000	-3512.59986695141
1066500	-3572.449854405501
1067000	-3528.0340187480324
1067500	-3561.4186155310986
1068000	-3628.0613992215926
1068500	-3576.7688539060764
1069000	-3588.335053631583
1069500	-3568.047657988051
1070000	-3545.828184678035
1070500	-3591.1998149628757
1071000	-3560.1772896751486
1071500	-3585.7107346328125
1072000	-3576.626358150629
1072500	-3552.229842086774
1073000	-3542.9423250817736
1073500	-3551.932063134563
1074000	-3564.038263291688
1074500	-3570.8254102202327
1075000	-3551.8676279799165
1075500	-3550.445604840885
1076000	-3547.700112193361
1076500	-3591.0439561708336
1077000	-3579.06758653377
1077500	-3642.41383290236
1078000	-3587.3946726309036
1078500	-3583.154476827799
1079000	-3562.195835712301
1079500	-3563.7401650863744
1080000	-3546.6918598828834
1080500	-3600.139344281693
1081000	-3606.2535195066594
1081500	-3612.792613417335
1082000	-3614.0476681219798
1082500	-3561.3787238762634
1083000	-3544.2909465059142
1083500	-3559.6005968896475
1084000	-3546.746655897732
1084500	-3588.2766222475357
1085000	-3549.99377100533
1085500	-3527.7287706444467
1086000	-3568.8316741542867
1086500	-3552.1407697079853
1087000	-3551.937052371795
1087500	-3588.164894815233
1088000	-3581.285908026601
1088500	-3563.752196634022
1089000	-3557.1091338176134
1089500	-3548.1439538687046
1090000	-3535.5811377435252
1090500	-3535.511169875362
1091000	-3556.5744279499895
1091500	-3510.499692462672
1092000	-3578.255834660904
1092500	-3614.447674750511
1093000	-3670.0006877386422
1093500	-3611.331607140629
1094000	-3644.105082856734
1094500	-3592.260742874148
1095000	-3587.816327747201
1095500	-3605.947497133215
1096000	-3594.0893091138387
1096500	-3605.78673923649
1097000	-3620.1204233572885
1097500	-3609.958615607427
1098000	-3582.1729889787102
1098500	-3583.269469170666
1099000	-3593.9330488896344
1099500	-3660.9003422796077
1100000	-3632.10603688016
1100500	-3605.6091571219085
1101000	-3611.3793329607784
1101500	-3641.7264539498315
1102000	-3614.7588075732015
1102500	-3617.8475528010003
1103000	-3553.6021773451175
1103500	-3566.9020211195975
1104000	-3584.7074394875754
1104500	-3618.7427542044256
1105000	-3592.7613977263923
1105500	-3571.653143074232
1106000	-3594.2348856721055
1106500	-3583.788238013303
1107000	-3637.4734891126795
1107500	-3600.8577721157008
1108000	-3571.9428866979724
1108500	-3552.7966803168497
1109000	-3545.742101116915
1109500	-3570.3228915248656
1110000	-3617.8386899184525
1110500	-3576.9661724965495
1111000	-3522.2281999218076
1111500	-3542.838366286094
1112000	-3572.6829684721083
1112500	-3504.684744982927
1113000	-3585.7219300686593
1113500	-3543.8948655966033
1114000	-3537.685936239593
1114500	-3564.5303200439703
1115000	-3558.845596318453
1115500	-3617.310834495892
1116000	-3597.8519140843773
1116500	-3644.8164382687064
1117000	-3596.1093110830116
1117500	-3574.9977729709503
1118000	-3541.61442731274
1118500	-3548.162110856895
1119000	-3584.352859486967
1119500	-3561.6211336284846
1120000	-3522.5145970883736
1120500	-3592.2065571429807
1121000	-3545.7661060045493
1121500	-3572.439708991575
1122000	-3516.133669075161
1122500	-3550.947230312789
1123000	-3540.492348607723
1123500	-3552.5932936442528
1124000	-3580.9746923378857
1124500	-3549.8666277147363
1125000	-3577.365390020736
1125500	-3529.420919761377
1126000	-3525.3005189866053
1126500	-3544.8613915089036
1127000	-3539.0829644599703
1127500	-3506.694703574231
1128000	-3560.989473497084
1128500	-3543.861261470953
1129000	-3507.240588491846
1129500	-3528.9347955995286
1130000	-3523.1313940377436
1130500	-3621.7925623209435
1131000	-3579.4726165789157
1131500	-3543.0725962070373
1132000	-3567.6786787938554
1132500	-3549.7244792428774
1133000	-3536.339933198897
1133500	-3537.502646540315
1134000	-3539.5519308055204
1134500	-3552.7460000542683
1135000	-3529.4235384213925
1135500	-3516.4691020159253
1136000	-3545.345512757145
1136500	-3548.1394400303234
1137000	-3487.60270326253
1137500	-3522.8560401541904
1138000	-3510.919920600505
1138500	-3538.820303682392
1139000	-3526.2029508132046
1139500	-3539.3030551955612
1140000	-3512.257913975823
1140500	-3542.592531151251
1141000	-3562.586661237615
1141500	-3544.432739701192
1142000	-3577.0957974507837
1142500	-3477.874684468421
1143000	-3509.1333127222238
1143500	-3544.0025805729542
1144000	-3534.7110229186637
1144500	-3516.6482734205015
1145000	-3520.7198446312227
1145500	-3519.746160778436
1146000	-3519.0079023741478
1146500	-3527.798301845446
1147000	-3539.24565501645
1147500	-3541.637565288654
1148000	-3534.6827638233135
1148500	-3594.2203501328495
1149000	-3562.024565596864
1149500	-3588.4467864508233
1150000	-3580.159013722923
1150500	-3547.476440351091
1151000	-3537.4772599424355
1151500	-3551.397232737709
1152000	-3541.797534797958
1152500	-3563.3938354439756
1153000	-3542.0603657928687
1153500	-3519.9478308137745
1154000	-3528.0027773956904
1154500	-3557.83923997176
1155000	-3571.172516632113
1155500	-3554.5555829085633
1156000	-3521.4084384558623
1156500	-3562.0599224863413
1157000	-3571.576839552498
1157500	-3577.9111279286167
1158000	-3558.3484943792014
1158500	-3543.1213333114724
1159000	-3564.4548576067577
1159500	-3537.2180031937037
1160000	-3590.589518578391
1160500	-3555.5827002225333
1161000	-3587.453104870113
1161500	-3570.9473219910274
1162000	-3559.468521767296
1162500	-3545.166929531837
1163000	-3649.3379813821834
1163500	-3547.4524163575684
1164000	-3574.0003107741704
1164500	-3594.8849681815213
1165000	-3564.168547264622
1165500	-3545.3008634616845
1166000	-3563.0260080622165
1166500	-3586.195936140357
1167000	-3529.2787878204754
1167500	-3632.462549951219
1168000	-3550.7400904570313
1168500	-3519.5012144209845
1169000	-3572.5921964312097
1169500	-3551.4894023722936
1170000	-3567.551845389281
1170500	-3544.1913403869607
1171000	-3566.283883479788
1171500	-3623.200065060539
1172000	-3600.582834367891
1172500	-3551.407372361392
1173000	-3528.543070673609
1173500	-3511.743578602327
1174000	-3515.4050862986655
1174500	-3612.432826409485
1175000	-3612.17672097252
1175500	-3560.269662787348
1176000	-3636.22379739401
1176500	-3541.111435643549
1177000	-3565.1479191385592
1177500	-3571.2152696990124
1178000	-3580.6961377450602
1178500	-3599.270790371272
1179000	-3535.14759524603
1179500	-3543.128069619435
1180000	-3522.982252112456
1180500	-3538.399377114359
1181000	-3525.0994544377463
1181500	-3511.37742059754
1182000	-3537.273296900103
1182500	-3536.6520033078086
1183000	-3514.5216472799775
1183500	-3585.256624169107
1184000	-3533.716648197961
1184500	-3568.032065344599
1185000	-3585.5904046638107
1185500	-3616.464968459791
1186000	-3582.2320474558887
1186500	-3548.2527412166573
1187000	-3531.8794451382623
1187500	-3637.622413152471
1188000	-3584.9803108302776
1188500	-3543.5492005123256
1189000	-3541.264201118885
1189500	-3549.831393184104
1190000	-3549.742157239758
1190500	-3610.1774673786617
1191000	-3524.832702207913
1191500	-3548.411147381577
1192000	-3549.6865163968114
1192500	-3560.445896540339
1193000	-3545.5065848342806
1193500	-3548.415561950798
1194000	-3557.2191069225487
1194500	-3526.5331542451277
1195000	-3584.14938372079
1195500	-3557.7877830043594
1196000	-3599.8030536636
1196500	-3567.512152683615
1197000	-3562.636377049149
1197500	-3607.8497185833403
1198000	-3556.3338783820263
1198500	-3577.1948035569567
1199000	-3599.661523880661
1199500	-3638.075736424706
1200000	-3583.8546546569187
1200500	-3587.535380484854
1201000	-3580.791176687308
1201500	-3562.193980136342
1202000	-3547.9538721549566
1202500	-3570.0528209264958
1203000	-3591.8639911896075
1203500	-3595.7248056930302
1204000	-3561.012746770808
1204500	-3556.0301767908213
1205000	-3597.581553725455
1205500	-3523.923851759361
1206000	-3538.7956147406176
1206500	-3524.869015216221
1207000	-3540.7095800340144
1207500	-3567.098092884997
1208000	-3570.4188768959693
1208500	-3521.429008089083
1209000	-3542.530538659843
1209500	-3551.8118626624027
1210000	-3539.665081653897
1210500	-3508.981189988082
1211000	-3551.670611184264
1211500	-3548.7619933918145
1212000	-3613.9839081293294
1212500	-3573.7029600038413
1213000	-3571.2710176228416
1213500	-3537.451694623088
1214000	-3544.024111613628
1214500	-3548.2849229860662
1215000	-3551.4881986152063
1215500	-3571.625657546697
1216000	-3563.010084691468
1216500	-3573.556339859043
1217000	-3534.6837424345435
1217500	-3519.8948538250684
1218000	-3552.2236228355746
1218500	-3546.062113120863
1219000	-3543.6629925896837
1219500	-3581.289308011327
1220000	-3570.4011939022894
1220500	-3586.7452850266686
1221000	-3547.1240720301903
1221500	-3564.8791443967284
1222000	-3589.976792834925
1222500	-3591.775281314512
1223000	-3561.03655309484
1223500	-3623.4024130634116
1224000	-3579.444030346177
1224500	-3587.52438975168
1225000	-3576.1601374874867
1225500	-3595.3856087398294
1226000	-3558.3586515926427
1226500	-3572.1754749276383
1227000	-3499.0094313906934
1227500	-3535.301888666254
1228000	-3546.666725450637
1228500	-3543.8240124893196
1229000	-3525.449948154784
1229500	-3562.0569769297585
1230000	-3527.060447270638
1230500	-3601.0917255286545
1231000	-3542.1603106427997
1231500	-3553.9644240908333
1232000	-3603.733014427734
1232500	-3584.111994641146
1233000	-3650.1474029760057
1233500	-3636.0113111327846
1234000	-3604.654656343797
1234500	-3600.530994630733
1235000	-3657.1966279197322
1235500	-3607.346752698995
1236000	-3619.7509491421697
1236500	-3666.2562474363936
1237000	-3590.2735745692385
1237500	-3606.259585600466
1238000	-3584.671561828948
1238500	-3609.259793141411
1239000	-3619.1130747672896
1239500	-3549.8875700627896
1240000	-3567.697704713852
1240500	-3539.3808598067376
1241000	-3551.5447027545642
1241500	-3563.011558633669
1242000	-3553.3376253277893
1242500	-3562.269827438832
1243000	-3585.901923781159
1243500	-3543.792478708624
1244000	-3545.600559781845
1244500	-3524.184256613076
1245000	-3546.8550970281917
1245500	-3534.0568484206037
1246000	-3567.7668501806634
1246500	-3575.920076055788
1247000	-3553.0252960397106
1247500	-3526.800593600319
1248000	-3511.69005477837
1248500	-3610.8983078126
1249000	-3546.079305182757
1249500	-3520.6477909497366
1250000	-3514.007006726983
1250500	-3547.3429242965926
1251000	-3606.4748097653815
1251500	-3557.115353368004
1252000	-3523.3250605920452
1252500	-3537.063716765307
1253000	-3566.896404759521
1253500	-3604.765718485702
1254000	-3520.8462908738684
1254500	-3521.8718043685426
1255000	-3571.9867485770856
1255500	-3563.673097175517
1256000	-3570.6611282569374
1256500	-3547.191769662883
1257000	-3532.0259570063886
1257500	-3547.8478354534145
1258000	-3529.3781205475066
1258500	-3568.354996958264
1259000	-3596.8135439003995
1259500	-3585.953176066864
1260000	-3537.2568817689935
1260500	-3548.830286916159
1261000	-3535.0585931218243
1261500	-3551.81048383499
1262000	-3581.2863203545844
1262500	-3541.92307382158
1263000	-3534.5758660909905
1263500	-3522.2208508506983
1264000	-3518.0062711477503
1264500	-3518.7696090480335
1265000	-3594.8221157841003
1265500	-3565.468067586877
1266000	-3565.3416686521177
1266500	-3573.002653262776
1267000	-3526.218844083492
1267500	-3533.3048678221976
1268000	-3544.481670565293
1268500	-3571.0870833554122
1269000	-3561.4919175224086
1269500	-3557.882281219455
1270000	-3529.8075245934074
1270500	-3538.0385496424547
1271000	-3553.1965761271126
1271500	-3556.9699000106298
1272000	-3534.6979055308816
1272500	-3537.0802997849096
1273000	-3512.974377034502
1273500	-3546.665626527252
1274000	-3540.9158853321424
1274500	-3518.439338628627
1275000	-3516.7444754377607
1275500	-3546.9561643083966
1276000	-3578.5608984718438
1276500	-3575.8613049528226
1277000	-3542.3809883046706
1277500	-3542.057779623218
1278000	-3538.628928721707
1278500	-3520.157732609402
1279000	-3574.1294203109187
1279500	-3555.0043392235757
1280000	-3534.750814240933
1280500	-3580.1344051993196
1281000	-3554.6423337067213
1281500	-3532.430719723878
1282000	-3582.191503306658
1282500	-3544.2815505944
1283000	-3621.1368617038092
1283500	-3625.8655213231214
1284000	-3579.8648184328817
1284500	-3534.221024306737
1285000	-3597.342658920689
1285500	-3550.8895995103067
1286000	-3539.3505242567026
1286500	-3558.428689432193
1287000	-3535.8218875490097
1287500	-3566.395349760475
1288000	-3586.6227944133566
1288500	-3576.623108979354
1289000	-3566.555494855102
1289500	-3576.751637972168
1290000	-3586.3889984420166
1290500	-3523.3662856523742
1291000	-3551.3381564144465
1291500	-3551.4572553901894
1292000	-3540.551193334059
1292500	-3554.9871756062175
1293000	-3566.346242246393
1293500	-3595.9122569208234
1294000	-3559.843843263929
1294500	-3519.3015724815023
1295000	-3538.7138415216905
1295500	-3539.448255133654
1296000	-3528.291066426846
1296500	-3532.957431248681
1297000	-3556.1404388152273
1297500	-3513.722432587751
1298000	-3515.267675610091
1298500	-3514.873170798387
1299000	-3528.376563788405
1299500	-3519.8942785630043
1300000	-3491.1974823729834
1300500	-3521.6178645321897
1301000	-3513.469804602887
1301500	-3504.2325553603223
1302000	-3521.1995770714097
1302500	-3477.0929249644923
1303000	-3465.073211317745
1303500	-3541.5934151467327
1304000	-3546.3095429376094
1304500	-3572.393463281096
1305000	-3561.3871870568155
1305500	-3508.422692895219
1306000	-3554.149618481914
1306500	-3550.0424932821697
1307000	-3582.085156159904
1307500	-3567.3479153372136
1308000	-3542.0193626609216
1308500	-3519.11283255228
1309000	-3522.068268741352
1309500	-3528.993736524212
1310000	-3534.656521846083
1310500	-3518.972823567593
1311000	-3522.9881090054246
1311500	-3546.7086649881917
1312000	-3524.3087321501757
1312500	-3508.946204373572
1313000	-3575.4761960976434
1313500	-3531.7641077351072
1314000	-3522.5517951366655
1314500	-3515.7384591991276
1315000	-3522.0117007373788
1315500	-3511.7995204083977
1316000	-3523.7839556175413
1316500	-3539.972265458686
1317000	-3533.6376307701285
1317500	-3504.398767563296
1318000	-3550.321969406768
1318500	-3569.818081408024
1319000	-3572.421545386395
1319500	-3567.6979427410233
1320000	-3541.6817469001576
1320500	-3563.1792568443625
1321000	-3558.6034390516547
1321500	-3513.2375256027717
1322000	-3555.0437652143805
1322500	-3514.195992695992
1323000	-3534.7534262864506
1323500	-3563.6166605425246
1324000	-3590.2532870233913
1324500	-3549.8515259357887
1325000	-3549.7931394113734
1325500	-3578.1311597597532
1326000	-3542.317332706842
1326500	-3547.082624994403
1327000	-3577.706873776932
1327500	-3528.4406182280045
1328000	-3522.358189300272
1328500	-3535.076681611407
1329000	-3536.0907737454527
1329500	-3523.823845056587
1330000	-3521.6780477326033
1330500	-3570.033582723396
1331000	-3536.850299228552
1331500	-3553.175224432969
1332000	-3533.0130958368554
1332500	-3562.2101631713767
1333000	-3630.2038265611295
1333500	-3537.9062812099637
1334000	-3549.9708683613144
1334500	-3542.5546372849913
1335000	-3557.7544583082863
1335500	-3540.997220722893
1336000	-3540.8766960154817
1336500	-3564.1949697884143
1337000	-3550.142758660147
1337500	-3568.165753444438
1338000	-3572.7035525520487
1338500	-3552.2523875337597
1339000	-3549.1969483308817
1339500	-3539.2300999784516
1340000	-3518.8968404474876
1340500	-3598.1457594048306
1341000	-3564.407853114601
1341500	-3578.650555279024
1342000	-3560.9822917733827
1342500	-3531.857826130535
1343000	-3515.1517401512137
1343500	-3501.5679848914633
1344000	-3540.066240531992
1344500	-3514.176303444966
1345000	-3538.814715113893
1345500	-3510.47667764116
1346000	-3595.865464871409
1346500	-3531.5370280105667
1347000	-3550.29209764163
1347500	-3514.985996892255
1348000	-3571.6233315995887
1348500	-3571.043782277052
1349000	-3600.303562729964
1349500	-3541.030699397147
1350000	-3530.2741636530227
1350500	-3610.2403832932378
1351000	-3583.781572372414
1351500	-3579.2013568112748
1352000	-3575.4424422087304
1352500	-3571.375996094564
1353000	-3549.4698571964354
1353500	-3585.895509222693
1354000	-3586.101039801929
1354500	-3561.6854152056985
1355000	-3575.8270423818576
1355500	-3607.9504429143053
1356000	-3570.3866795676686
1356500	-3517.573940922666
1357000	-3536.5691880854997
1357500	-3535.3745954998144
1358000	-3571.581892187792
1358500	-3529.648840434679
1359000	-3532.781840979781
1359500	-3538.1981045515986
1360000	-3533.995971240404
1360500	-3491.699117566046
1361000	-3527.815054959916
1361500	-3564.3058878949055
1362000	-3535.724258139659
1362500	-3551.2095065412004
1363000	-3556.1767124106145
1363500	-3550.1514000496772
1364000	-3555.0721655893094
1364500	-3576.9247958588335
1365000	-3557.3086344479384
1365500	-3654.6914728878987
1366000	-3604.291365130024
1366500	-3605.6278451045223
1367000	-3561.5809753328804
1367500	-3605.2143748502253
1368000	-3620.9055096348825
1368500	-3616.844484285649
1369000	-3602.252826154548
1369500	-3597.572578846698
1370000	-3560.546358158786
1370500	-3659.035478147863
1371000	-3613.576792337844
1371500	-3625.5328058120276
1372000	-3621.600130133611
1372500	-3604.6516208684297
1373000	-3570.5737048785763
1373500	-3594.5171708608636
1374000	-3582.4271822084643
1374500	-3582.1345516692995
1375000	-3557.9022476513915
1375500	-3602.7397971587347
1376000	-3546.0702983690917
1376500	-3590.3110045953285
1377000	-3610.0411778643424
1377500	-3654.1681702809046
1378000	-3575.8823437733818
1378500	-3559.4952589774553
1379000	-3606.2235580118872
1379500	-3591.9851205603645
1380000	-3569.76900826305
1380500	-3573.2720536396782
1381000	-3581.3186280294162
1381500	-3569.9061854423585
1382000	-3556.25852433461
1382500	-3562.7918373395496
1383000	-3554.037863048727
1383500	-3564.9042477689472
1384000	-3544.6557880643327
1384500	-3568.5408921197545
1385000	-3518.7548694646557
1385500	-3533.275640833019
1386000	-3561.6510254483055
1386500	-3565.8384802774776
1387000	-3575.7903733321878
1387500	-3525.3747742648384
1388000	-3589.858164023141
1388500	-3539.424472389532
1389000	-3569.1861410622355
1389500	-3600.4536875237077
1390000	-3565.3097419498213
1390500	-3541.6256884200075
1391000	-3532.6071440576393
1391500	-3545.1822273839193
1392000	-3563.7127496301514
1392500	-3540.114665136138
1393000	-3546.373469691777
1393500	-3603.361372591231
1394000	-3606.857598591874
1394500	-3603.329370105015
1395000	-3540.162152460753
1395500	-3545.055036677935
1396000	-3536.6441741964295
1396500	-3558.0636030051614
1397000	-3583.573218062301
1397500	-3541.2514755985703
1398000	-3538.526279732086
1398500	-3549.252808091256
1399000	-3597.8040974568194
1399500	-3611.4564002781262
1400000	-3560.988548829949
1400500	-3544.4257354494102
1401000	-3524.352028111274
1401500	-3525.6217374355842
1402000	-3523.639280791873
1402500	-3509.428556423804
1403000	-3547.3031607409084
1403500	-3583.4014126465863
1404000	-3492.537381925106
1404500	-3542.9548416380717
1405000	-3552.0792411244906
1405500	-3549.8002061959046
1406000	-3559.37533306886
1406500	-3572.155400420887
1407000	-3558.8358752126323
1407500	-3589.435087533696
1408000	-3544.064882812053
1408500	-3570.870650835934
1409000	-3548.2721863411844
1409500	-3573.721490451206
1410000	-3585.475451155579
1410500	-3567.1357252097937
1411000	-3510.965555092305
1411500	-3548.528273269124
1412000	-3560.8474557312484
1412500	-3559.504454348562
1413000	-3569.3141238792714
1413500	-3550.893664418766
1414000	-3607.2894886749177
1414500	-3612.4572746909544
1415000	-3556.978333273394
1415500	-3565.7800240370543
1416000	-3584.052288810709
1416500	-3531.434031123354
1417000	-3573.8279129919647
1417500	-3583.274901245298
1418000	-3511.1988459564714
1418500	-3556.7182589511485
1419000	-3544.71306825047
1419500	-3528.7208630000287
1420000	-3578.0899907686194
1420500	-3530.385780603318
1421000	-3568.55072596363
1421500	-3587.4347086517937
1422000	-3563.921346684994
1422500	-3595.25156279948
1423000	-3542.0789855723256
1423500	-3594.366709616446
1424000	-3633.234202145897
1424500	-3564.0027350515666
1425000	-3571.0608023588516
1425500	-3554.9218028331557
1426000	-3543.075184258274
1426500	-3515.4925312674904
1427000	-3511.2945479667064
1427500	-3473.329658562056
1428000	-3521.905980357315
1428500	-3484.1138954707344
1429000	-3522.433680333097
1429500	-3530.6187438755956
1430000	-3552.139119394559
1430500	-3540.326920676396
1431000	-3569.789846391366
1431500	-3571.450019976243
1432000	-3586.2432478646656
1432500	-3573.1014925295485
1433000	-3566.668477641129
1433500	-3583.913782819978
1434000	-3562.0994852663343
1434500	-3565.4936216452875
1435000	-3509.6823257398482
1435500	-3507.7845333644323
1436000	-3513.0610535967244
1436500	-3546.6846111546583
1437000	-3529.1915030228015
1437500	-3540.276031651011
1438000	-3539.017315591151
1438500	-3510.8916971777453
1439000	-3520.8851128579145
1439500	-3545.8129991341907
1440000	-3565.673296118772
1440500	-3543.10112518127
1441000	-3543.327609798117
1441500	-3535.258460697198
1442000	-3544.0828692143546
1442500	-3550.3040205077996
1443000	-3575.7144008052255
1443500	-3582.0222219832035
1444000	-3555.014480510178
1444500	-3502.984266028273
1445000	-3506.3425999281603
1445500	-3530.3540871469436
1446000	-3526.298821065721
1446500	-3498.4474060128687
1447000	-3526.5631911833193
1447500	-3537.78082571441
1448000	-3537.8023161296246
1448500	-3534.8992336604397
1449000	-3502.7364356658354
1449500	-3578.572889988259
1450000	-3531.5243584038403
1450500	-3547.5099913732984
1451000	-3506.6393884598115
1451500	-3526.477320757091
1452000	-3540.019626747623
1452500	-3556.0214617914667
1453000	-3574.218595544997
1453500	-3539.7851214009447
1454000	-3528.912324011033
1454500	-3545.4605736191447
1455000	-3532.800616787191
1455500	-3556.414193579804
1456000	-3540.5496465394926
1456500	-3549.8605671835303
1457000	-3544.1440146472028
1457500	-3567.5990776243393
1458000	-3539.912333288954
1458500	-3530.935396495843
1459000	-3560.5259960292633
1459500	-3525.7624098315728
1460000	-3533.539385050416
1460500	-3467.8184964721145
1461000	-3497.4446130254223
1461500	-3524.633250921435
1462000	-3541.7219679809878
1462500	-3508.985552831888
1463000	-3563.6166624169628
1463500	-3560.7408074522923
1464000	-3549.531534853391
1464500	-3515.511786415
1465000	-3585.2365946950817
1465500	-3568.950147054005
1466000	-3604.5537787259855
1466500	-3490.0888006533455
1467000	-3564.479901420342
1467500	-3577.721070635943
1468000	-3534.039176666184
1468500	-3574.255560140273
1469000	-3561.923622168698
1469500	-3522.5619111320275
1470000	-3569.418154663977
1470500	-3514.2947698944427
1471000	-3549.605612713345
1471500	-3560.1530857866646
1472000	-3569.582255934246
1472500	-3520.6061493812254
1473000	-3596.59425221995
1473500	-3535.8778852160312
1474000	-3488.3979548644343
1474500	-3512.053550094408
1475000	-3497.4785902168037
1475500	-3534.6439505886465
1476000	-3518.061120358946
1476500	-3516.812495785506
1477000	-3519.466530631097
1477500	-3525.737015052855
1478000	-3556.4095601819195
1478500	-3515.0264394055694
1479000	-3501.864932966249
1479500	-3537.6757041373717
1480000	-3506.45357671352
1480500	-3497.7183762604727
1481000	-3552.7530712646267
1481500	-3514.1982956476595
1482000	-3541.752312855156
1482500	-3560.2030821390344
1483000	-3528.8546117854294
1483500	-3520.0635351697297
1484000	-3524.13466487297
1484500	-3513.2894498623505
1485000	-3549.614346487081
1485500	-3534.1279917350357
1486000	-3540.4616221675337
1486500	-3563.370286119213
1487000	-3501.067073402599
1487500	-3521.158381741085
1488000	-3493.315683314901
1488500	-3545.8015431738186
1489000	-3565.303408826746
1489500	-3563.672477506314
1490000	-3568.7004190439748
1490500	-3529.5312978072684
1491000	-3556.1564260586724
1491500	-3545.6030670178325
1492000	-3526.1364975691054
1492500	-3579.716419989191
1493000	-3590.4749868271965
1493500	-3575.5313219793607
1494000	-3572.8256726865025
1494500	-3533.7639367295697
1495000	-3553.7099609778056
1495500	-3568.8141747035775
1496000	-3566.011466984307
1496500	-3514.539106511914
1497000	-3512.6070827402136
1497500	-3509.7451160317855
1498000	-3543.4509300053132
1498500	-3563.111368743353
1499000	-3555.0720417694833
1499500	-3579.5784241993347
1500000	-3581.1465590374946
