Sample	likelihood
0	-4265.519782319685
500	-4404.147831760368
1000	-4434.242249753145
1500	-4438.975063984044
2000	-4333.037178983984
2500	-4304.065471824654
3000	-4401.405031094542
3500	-4349.726758757874
4000	-4795.7869655221375
4500	-4564.406770411593
5000	-4392.414693478622
5500	-4507.395287189801
6000	-4316.995135392253
6500	-4252.107910021583
7000	-4284.478893342261
7500	-4197.006936657792
8000	-4369.7338207558105
8500	-4326.729957050168
9000	-4269.562662033041
9500	-4181.409878692046
10000	-4258.753301403064
10500	-4314.26194747061
11000	-4285.581802337834
11500	-4417.686465960479
12000	-4576.033108691771
12500	-4396.535610276984
13000	-4242.593279501668
13500	-4202.146176389747
14000	-4293.192472183165
14500	-4353.905625743519
15000	-4346.463910154538
15500	-4461.7679966173155
16000	-4311.796278623502
16500	-4525.071143830647
17000	-4311.330701534176
17500	-4561.2068595050005
18000	-4573.444887591256
18500	-4231.718520302254
19000	-4385.990200263937
19500	-4478.746967678269
20000	-4360.031537631869
20500	-4375.3266378736525
21000	-4409.76851439253
21500	-4561.907341558136
22000	-4556.548400821798
22500	-4401.77716603256
23000	-4308.881851958199
23500	-4545.608005421002
24000	-4344.266021127441
24500	-4383.519267524723
25000	-4142.829350444736
25500	-4323.751816561142
26000	-4467.352628477032
26500	-4131.391116434378
27000	-4197.105979577558
27500	-4144.412685565194
28000	-4273.852492339446
28500	-4261.412283432848
29000	-4536.885328513573
29500	-4181.9889671920055
30000	-4194.6019055395645
30500	-4369.197848330362
31000	-4372.175334255023
31500	-4416.180505023177
32000	-4288.902226360372
32500	-4305.254063858167
33000	-4279.828594275922
33500	-4287.800520376133
34000	-4180.510561816423
34500	-4270.706365902896
35000	-4309.991778047976
35500	-4242.28256155922
36000	-4219.581482780312
36500	-4243.767543690285
37000	-4780.550670099881
37500	-4354.415065203006
38000	-4224.767999145468
38500	-4153.657787837176
39000	-4106.36468757072
39500	-4106.36468757072
40000	-4158.316221144376
40500	-4177.774456530094
41000	-4099.966663434872
41500	-4161.262911480097
42000	-4317.35099871293
42500	-4258.153721349922
43000	-4428.3812925182465
43500	-4194.003918999862
44000	-4206.857467038087
44500	-4251.066229511481
45000	-4144.346553262408
45500	-4285.200422778892
46000	-4452.862501988065
46500	-4449.154126925082
47000	-4324.735145381758
47500	-4508.4752615660955
48000	-4259.7206633301885
48500	-4424.85112326145
49000	-4228.017996566167
49500	-4284.156189681041
50000	-4456.477810759933
50500	-4753.228891751628
51000	-4722.385566627254
51500	-4613.163491330261
52000	-4461.097239500841
52500	-4426.115972527373
53000	-4652.941289855422
53500	-4404.801675459983
54000	-4695.028890784768
54500	-4337.557850882399
55000	-4651.595477506238
55500	-4394.741427265235
56000	-4189.88325278568
56500	-4218.776921201654
57000	-4290.7180512540845
57500	-4874.912438317722
58000	-4357.4053972227175
58500	-4200.840897879916
59000	-4247.254109467223
59500	-4212.437581976749
60000	-4262.645891018218
60500	-4417.311750315232
61000	-4298.015017222866
61500	-4385.741660355607
62000	-4416.996971538275
62500	-4526.0352469693935
63000	-4552.765386755281
63500	-4545.65342517332
64000	-4507.959968601343
64500	-4417.503765717221
65000	-4416.43431599159
65500	-4734.70239568066
66000	-4788.967261587657
66500	-4863.076396634255
67000	-4588.94412850352
67500	-5244.871142868923
68000	-4826.8980160209185
68500	-4797.177309037907
69000	-4700.6170575513215
69500	-4457.196309007664
70000	-4448.18957088577
70500	-4472.23139089065
71000	-4418.816449952187
71500	-4364.395818086511
72000	-4372.02538893858
72500	-4372.711520671923
73000	-4477.307903916997
73500	-4464.931768652281
74000	-4661.79857607288
74500	-4579.164374143537
75000	-4448.524329543876
75500	-4335.089867127751
76000	-4216.795841811167
76500	-4644.5609072042025
77000	-4371.4790820662765
77500	-4355.684346542843
78000	-4310.864537555642
78500	-4603.407463915279
79000	-4412.918554084224
79500	-4576.249855647179
80000	-4452.7373808632055
80500	-4585.039407055004
81000	-4623.0289516085495
81500	-4548.06366867094
82000	-4315.649524536034
82500	-4495.275818611919
83000	-4430.131362579748
83500	-4452.182942916748
84000	-4647.623576950547
84500	-4623.184466029525
85000	-4601.657828087335
85500	-4576.527564933457
86000	-4539.0185860002375
86500	-4489.466425545346
87000	-4527.5399982963345
87500	-4774.542443039786
88000	-4499.510040732169
88500	-4566.556968007524
89000	-4210.417595713414
89500	-4479.501312382646
90000	-4528.931572650042
90500	-4580.794827955547
91000	-4848.286272448104
91500	-4635.537919787997
92000	-4423.238613108585
92500	-4658.476838409864
93000	-4470.0429026628235
93500	-4282.181651228535
94000	-4809.902627731733
94500	-4595.292748422496
95000	-4721.654828172138
95500	-4741.666091479565
96000	-4154.151714640459
96500	-4256.231360142235
97000	-4298.964980181559
97500	-4337.807727557924
98000	-4491.244049825487
98500	-4234.61917138973
99000	-4361.701718328767
99500	-4450.571565513977
100000	-4330.130735239273
100500	-4567.854255375742
101000	-4323.835391834836
101500	-4833.394621767436
102000	-4195.38778908203
102500	-4141.169305436632
103000	-4208.996953250423
103500	-4271.066819918709
104000	-4725.3534044578155
104500	-5272.37062844123
105000	-5000.5173798631795
105500	-4543.686440022477
106000	-4494.076350975572
106500	-4387.17978412104
107000	-4545.29219585933
107500	-4368.753242418976
108000	-4471.85246978958
108500	-4386.3195124032745
109000	-4338.802621091256
109500	-4281.035673595678
110000	-4494.10574450045
110500	-4441.476557771755
111000	-4090.8623839458514
111500	-4238.649694967783
112000	-4287.803576946837
112500	-4225.897530534004
113000	-4469.333599346145
113500	-4323.781764055319
114000	-4205.09780400946
114500	-4084.270434648851
115000	-4046.0846000696083
115500	-4163.74877719848
116000	-4197.138086745145
116500	-4344.324635225341
117000	-4169.563969136949
117500	-4231.4298858352395
118000	-4183.870547111441
118500	-4171.35827527043
119000	-4105.673831943658
119500	-4428.463329971335
120000	-4302.022486246266
120500	-4202.244844910746
121000	-4401.464693138517
121500	-4503.874847095432
122000	-4611.275875121707
122500	-4652.061239919009
123000	-4292.458730891531
123500	-4584.7099105968555
124000	-4236.703947878122
124500	-4428.1060641412705
125000	-5047.58719124734
125500	-4965.187060461241
126000	-5019.208704413502
126500	-4960.965278625343
127000	-4841.781581643869
127500	-4989.390258324016
128000	-4762.226962877193
128500	-4948.543019021149
129000	-4717.863729406145
129500	-4681.642442187241
130000	-4708.489783552991
130500	-4690.217519351742
131000	-4571.585467145548
131500	-4577.442662389909
132000	-4458.871691184716
132500	-4427.121433181828
133000	-4372.690460812599
133500	-4237.594968848446
134000	-4410.157622715829
134500	-4278.47523220775
135000	-4525.003654562042
135500	-4381.302376108985
136000	-4242.0564937771815
136500	-4169.694333335578
137000	-4142.657765090303
137500	-4265.222850991184
138000	-4274.039497521935
138500	-4233.777483416652
139000	-4427.1469044428795
139500	-4395.620404724633
140000	-4283.414205084659
140500	-4556.145828949384
141000	-4644.267006981862
141500	-4352.153834497541
142000	-4332.205399879359
142500	-4353.208001679665
143000	-4482.253647667502
143500	-4293.3794691701505
144000	-4742.766377172106
144500	-4245.500693991383
145000	-4648.000301248493
145500	-4600.434838183675
146000	-4324.718809804554
146500	-4289.488135734636
147000	-4614.402480878637
147500	-4695.568614682425
148000	-5207.824100050927
148500	-4900.960721578727
149000	-4573.277284791551
149500	-4407.896158579048
150000	-4531.470175434096
150500	-4299.976385265952
151000	-4314.981371996943
151500	-4310.434604459267
152000	-4291.409287693288
152500	-4603.659220108473
153000	-4547.79255492539
153500	-4413.796586421461
154000	-4251.999859752171
154500	-4418.244147203391
155000	-4417.222626159315
155500	-4451.0769341422665
156000	-4537.884097846903
156500	-4519.377387379639
157000	-4559.332098431851
157500	-4696.328869103453
158000	-4706.789428490293
158500	-4491.231233619488
159000	-4504.466327162972
159500	-4770.444303165393
160000	-4804.743962489508
160500	-4558.743387853871
161000	-5208.682389582896
161500	-4912.346681390252
162000	-4874.134023738209
162500	-4954.2205598171995
163000	-5118.429241595032
163500	-5290.439706205121
164000	-4992.407625699804
164500	-4794.986650533725
165000	-5374.827903414985
165500	-4845.2285263141075
166000	-5278.711470814567
166500	-5033.844495912598
167000	-5009.618567122555
167500	-5478.940696124539
168000	-5198.817770943595
168500	-4700.004078084275
169000	-4646.126610295649
169500	-4576.038184191006
170000	-4835.376283122915
170500	-4740.601434644568
171000	-4818.12389334279
171500	-4426.03512715286
172000	-4293.4853504106295
172500	-4398.483020168112
173000	-4237.141687200925
173500	-4354.581187696689
174000	-4258.338678049631
174500	-4504.6332033347735
175000	-4295.709670234776
175500	-4395.393164199473
176000	-4310.110167661283
176500	-4421.6239752352685
177000	-4467.193826834531
177500	-4335.06941929188
178000	-4501.766924380466
178500	-4411.84303883145
179000	-4415.827207942775
179500	-4266.024482245197
180000	-4741.658401656191
180500	-4950.58120720891
181000	-4670.7050080105555
181500	-4323.94752098352
182000	-4338.651337601306
182500	-4315.259806263507
183000	-4401.76474574306
183500	-4162.362092316806
184000	-4454.189169919888
184500	-4490.724031902183
185000	-4255.805242788734
185500	-4452.631995582662
186000	-4151.976693964267
186500	-4318.012116627576
187000	-4265.995694871382
187500	-4195.638974919175
188000	-4395.910301729676
188500	-4370.799319278554
189000	-4334.184191509137
189500	-4410.2906056473375
190000	-4409.6456975535675
190500	-4367.2253038171775
191000	-4315.603491770682
191500	-4482.420676175788
192000	-4547.99098013026
192500	-4348.863333003926
193000	-4442.957203774894
193500	-4420.405764646793
194000	-4356.234198443084
194500	-4384.115529414022
195000	-4552.834966656342
195500	-5651.179170911916
196000	-5346.443786447837
196500	-4703.034876570754
197000	-4712.865471364095
197500	-4894.091243034315
198000	-4846.274345684917
198500	-4582.259392121584
199000	-4991.601983240133
199500	-4829.428585127182
200000	-4460.148581781166
200500	-4393.2117698361535
201000	-4325.4985037931265
201500	-4336.20349718959
202000	-4369.209955070122
202500	-4345.010605592054
203000	-4469.605070848582
203500	-4449.259798174789
204000	-4181.921315528691
204500	-4308.937718748975
205000	-4194.279139603157
205500	-4274.235653296188
206000	-4136.098864479465
206500	-4285.600061669986
207000	-4164.796048571067
207500	-4688.892246206134
208000	-4886.010197015224
208500	-4659.942138333695
209000	-4591.552658114645
209500	-4280.443072257617
210000	-4539.043651690516
210500	-4450.276197978169
211000	-5098.464540032302
211500	-4787.996911629287
212000	-4791.887295865007
212500	-4926.241434309987
213000	-4455.438458844119
213500	-4374.341730315825
214000	-4377.862889506682
214500	-4274.446976836612
215000	-4330.694846711504
215500	-4349.767160680436
216000	-4375.714692162348
216500	-4197.710096330241
217000	-4510.871542165987
217500	-4497.786855324954
218000	-4443.85460450517
218500	-4842.686188313064
219000	-4737.837796490576
219500	-4645.7267979397175
220000	-4363.493676205857
220500	-4508.639875285779
221000	-4509.905617256871
221500	-4425.2416522441135
222000	-4397.614255973532
222500	-4374.625952291205
223000	-4537.365709232468
223500	-4331.966329170109
224000	-4404.453098575663
224500	-4249.865189274295
225000	-5496.624123545403
225500	-5663.859303214882
226000	-5985.262438584897
226500	-5035.794028753492
227000	-5203.372858730613
227500	-5154.582717680298
228000	-4740.161549920039
228500	-4757.39912377072
229000	-4633.251920800191
229500	-4588.347926083051
230000	-4537.951402784747
230500	-4558.0240020488045
231000	-4839.35363300214
231500	-4773.188693608585
232000	-4858.4172718050395
232500	-4422.336106413919
233000	-4473.825410925281
233500	-4728.351806975381
234000	-4702.006905299986
234500	-4365.245954531989
235000	-4546.243764064178
235500	-4506.385989565293
236000	-4827.991540286671
236500	-4533.315593109775
237000	-4588.903026539845
237500	-4853.3174679729
238000	-4617.451998744625
238500	-4405.439038830658
239000	-4315.589516984693
239500	-4379.425988971062
240000	-4720.069933192708
240500	-4353.451276701131
241000	-4453.7139274375495
241500	-4494.354565751907
242000	-4507.658085235646
242500	-4461.628827751175
243000	-4532.387462674761
243500	-4470.685470151224
244000	-4395.841558438728
244500	-4487.346609164247
245000	-4559.201084224437
245500	-4685.466342918301
246000	-4466.259112516578
246500	-4313.523158014135
247000	-4812.877873242428
247500	-4438.22297936457
248000	-4439.466419111652
248500	-4556.560390961539
249000	-4440.681814414467
249500	-4362.900694044539
250000	-4395.8905604262645
250500	-4997.960903796167
251000	-4738.220303300591
251500	-4780.907526767719
252000	-4700.31723780531
252500	-4698.906390115196
253000	-4316.704744251499
253500	-4417.501555300007
254000	-4406.141996176877
254500	-4417.4744588211715
255000	-4365.609806878949
255500	-4393.867445133023
256000	-4618.8258774229635
256500	-4470.842564063451
257000	-4306.587085386945
257500	-4588.459753835117
258000	-4588.64330794232
258500	-4249.250687737361
259000	-4541.955073182214
259500	-4490.175391901781
260000	-4494.5631752108975
260500	-4087.525184010918
261000	-4222.740454867748
261500	-4278.022981194285
262000	-4275.4531075450295
262500	-4105.49977158115
263000	-4182.3088952357575
263500	-4250.961347211062
264000	-4298.822238255763
264500	-4375.321674224318
265000	-4443.134469069022
265500	-4278.021978126764
266000	-4126.284077519454
266500	-4197.62839674925
267000	-4484.405861441631
267500	-4200.721022182646
268000	-4272.508515246058
268500	-4345.385592418066
269000	-4173.949882836179
269500	-4172.798307305167
270000	-4192.6323665249365
270500	-4172.784478676863
271000	-3995.353376067969
271500	-4267.308671055962
272000	-3909.3057987869606
272500	-3985.2265862594168
273000	-4111.319009431136
273500	-4150.46011202367
274000	-4134.6339716811935
274500	-4043.8944248176426
275000	-4489.336189462428
275500	-4258.009999327589
276000	-4020.585765166539
276500	-4392.247486865839
277000	-4384.0646857870315
277500	-4275.837433912022
278000	-4205.947672971162
278500	-4735.549209847145
279000	-4394.2626218091455
279500	-4556.0555795054615
280000	-4794.031635384614
280500	-4401.60480371886
281000	-4366.316797154435
281500	-4327.439845076228
282000	-4454.583471586319
282500	-4820.206890187813
283000	-4840.7384583462335
283500	-4050.8090151350502
284000	-4126.884359351863
284500	-4266.830002471189
285000	-4262.229705061223
285500	-4023.2080855163917
286000	-4189.993830832997
286500	-4294.871991572563
287000	-4121.427146726371
287500	-4228.403907751478
288000	-4687.6491182792
288500	-4645.0029127823245
289000	-4564.909154006059
289500	-4451.514892967795
290000	-4157.782148148054
290500	-4194.575139624587
291000	-4215.988514716959
291500	-4129.540368539158
292000	-4325.558870012299
292500	-4321.867371451215
293000	-4501.863384203616
293500	-4592.96455939379
294000	-4527.423261914028
294500	-4756.435777231509
295000	-4265.594962246389
295500	-4675.726436817954
296000	-4386.8438358074345
296500	-4871.833398077831
297000	-4844.23597073401
297500	-5226.683252207304
298000	-5006.143006197659
298500	-4760.558625305325
299000	-5089.6774634677295
299500	-4946.267090271691
300000	-4499.0882292583565
300500	-4333.819379295317
301000	-4386.154744804291
301500	-4510.040111549257
302000	-4460.969921659228
302500	-4526.370330961271
303000	-4511.409482490135
303500	-4451.610457909591
304000	-4646.703249520622
304500	-4779.450351558766
305000	-4559.267578164857
305500	-4525.11105829104
306000	-4545.905919597259
306500	-4274.335756674999
307000	-4786.768957234897
307500	-4833.603022292847
308000	-4644.425697156367
308500	-4641.001270112833
309000	-4238.955636511184
309500	-4394.662335014137
310000	-4294.867512905065
310500	-4374.9159971690715
311000	-4349.0696128146
311500	-4326.987791999046
312000	-4400.946286737233
312500	-4562.516408107771
313000	-4443.755077130045
313500	-4749.005932012881
314000	-4580.237061285057
314500	-4557.065574817863
315000	-4250.631258416021
315500	-4197.68764824088
316000	-4394.710725105791
316500	-4091.35029359609
317000	-4233.946748643179
317500	-4214.878818632887
318000	-4494.560603035238
318500	-4419.287214385198
319000	-4402.079338428935
319500	-4381.755214039672
320000	-4367.620525812271
320500	-4190.837628013201
321000	-4378.479236399395
321500	-4107.842196863925
322000	-4302.60418690189
322500	-4233.210097899204
323000	-4259.489776421177
323500	-4201.898988775955
324000	-4272.009014232873
324500	-4297.086708196627
325000	-4786.175342707242
325500	-4291.510019659599
326000	-4662.190938380317
326500	-4834.734887217771
327000	-4816.326857029786
327500	-5103.881185693991
328000	-4794.663727400783
328500	-4735.0029920697525
329000	-4377.206661902516
329500	-4246.479706084515
330000	-4394.198625186687
330500	-4313.488439474893
331000	-4181.431256625863
331500	-4224.553009820866
332000	-4258.070479739276
332500	-4247.355515018692
333000	-4517.459368168592
333500	-4465.021699092235
334000	-4411.726383036737
334500	-4495.509981081942
335000	-4363.402977784925
335500	-4362.071058832448
336000	-4410.6737493954115
336500	-4618.295990890767
337000	-4589.765092679215
337500	-4363.396495822727
338000	-4551.876524048429
338500	-4404.549805709113
339000	-4546.062914542582
339500	-4556.354869306938
340000	-5060.8669129161335
340500	-4521.552005214561
341000	-4604.994199584825
341500	-4211.007131697178
342000	-4546.617207587826
342500	-4563.43209284523
343000	-4655.5325742877885
343500	-4838.782330842316
344000	-4653.99530860842
344500	-4801.838368332905
345000	-4560.329555775575
345500	-4550.566979410603
346000	-4737.684166362829
346500	-5276.8449062056
347000	-5474.50407195465
347500	-5703.430183072514
348000	-5722.663214973139
348500	-5937.167400398994
349000	-5947.689229218233
349500	-5816.612104883457
350000	-6062.730432935438
350500	-5199.5275415370625
351000	-5376.68637662948
351500	-4754.752100352464
352000	-4484.0271743340345
352500	-4590.313328865904
353000	-4651.562313333149
353500	-4442.235118171035
354000	-4644.692677245957
354500	-4584.294033860181
355000	-4437.007008614919
355500	-4355.243026166127
356000	-4377.0435051126
356500	-4526.792399697026
357000	-4540.449752187827
357500	-4592.665119129546
358000	-4609.142611022883
358500	-4723.3259642398525
359000	-4702.264423292649
359500	-4583.439999998276
360000	-4518.326618239345
360500	-4504.329343230638
361000	-4745.856274822793
361500	-5007.561358321995
362000	-5005.946918286787
362500	-5065.4499551517765
363000	-4365.539040241663
363500	-4365.8401324033985
364000	-4287.556413326227
364500	-4068.4178093468863
365000	-4343.031870118101
365500	-4861.057693441046
366000	-4760.339783795309
366500	-4759.133421769866
367000	-4632.3105420845695
367500	-4664.909560007441
368000	-4391.9137935615145
368500	-4411.06788829538
369000	-4456.733253316488
369500	-4538.233684863869
370000	-4583.24659512126
370500	-4365.933964375101
371000	-4398.592689899108
371500	-4487.747316992025
372000	-4370.033886593948
372500	-4285.741459939926
373000	-4328.745447599177
373500	-4341.284841215139
374000	-4455.097203922728
374500	-4247.211027642004
375000	-4345.748218184077
375500	-4337.590686798236
376000	-4124.302595269538
376500	-4261.305136598326
377000	-4199.681806601519
377500	-4530.649274260331
378000	-4800.672212347355
378500	-4512.283812953244
379000	-4710.030094008835
379500	-4657.279113731255
380000	-4696.90442210917
380500	-4694.899233401597
381000	-5195.158052663194
381500	-4604.971767851399
382000	-4465.9996409770365
382500	-4830.279698029157
383000	-4745.997403091521
383500	-4653.21462155501
384000	-4638.634571808313
384500	-4508.701025864625
385000	-4780.584951111764
385500	-5073.230244694194
386000	-5369.9414668191
386500	-5432.7840389375115
387000	-4571.954350344384
387500	-4437.065318169488
388000	-4485.33131718531
388500	-4661.686617291863
389000	-4595.10267608636
389500	-4299.5769563377735
390000	-4464.740572610719
390500	-4517.84065792214
391000	-4582.391332278269
391500	-4301.338763723478
392000	-4370.706916428247
392500	-4455.730407352403
393000	-4531.205295962789
393500	-4450.251459973727
394000	-4449.513472083558
394500	-4397.247180180075
395000	-4353.126136553881
395500	-4354.34016896933
396000	-4418.676529262196
396500	-4316.167737045396
397000	-4306.794998359929
397500	-4420.346392004053
398000	-4291.27800194761
398500	-4552.897653438551
399000	-4746.660729056528
399500	-4786.544615605882
400000	-4344.196382610507
400500	-4373.73125399464
401000	-4475.111084029103
401500	-4377.857488373855
402000	-4355.387314351243
402500	-4489.953414039766
403000	-4423.692884190046
403500	-4340.376805033577
404000	-4667.767221652969
404500	-4815.59088580154
405000	-4399.488691678263
405500	-4472.968843296652
406000	-4239.0866633598425
406500	-4519.477472677908
407000	-4450.005685065278
407500	-4657.286483963754
408000	-4507.198567219646
408500	-4734.433441132849
409000	-4391.620170021428
409500	-4581.131833666713
410000	-4588.76740918871
410500	-4209.223766908545
411000	-4173.580232308586
411500	-4386.127481004812
412000	-4219.359392204362
412500	-4563.952910969831
413000	-5178.5859195102075
413500	-4512.473302347793
414000	-4831.590013428121
414500	-4165.677073679164
415000	-4314.892413690171
415500	-4226.136413067118
416000	-4364.263010953763
416500	-4267.932764905484
417000	-4406.417652454532
417500	-4388.936174932055
418000	-4218.930188729906
418500	-4555.718061838612
419000	-4535.5147578810875
419500	-4418.9718639127595
420000	-4288.396039804084
420500	-4315.588332318503
421000	-4378.970072608022
421500	-4483.150003290661
422000	-4511.1114634834585
422500	-4325.244578071216
423000	-4459.779791444315
423500	-4491.268058760096
424000	-4508.358530214695
424500	-4438.014972695249
425000	-4268.483406088117
425500	-4295.081062017064
426000	-4339.082236413299
426500	-4657.28925160211
427000	-4606.391849603116
427500	-4364.621724899037
428000	-4363.676928536783
428500	-4309.791300572994
429000	-4326.672675748598
429500	-4239.680309385678
430000	-4386.534631053619
430500	-4328.696680426312
431000	-4192.621890279854
431500	-4530.791844462561
432000	-4223.850898874488
432500	-4510.407363215393
433000	-4380.484660126235
433500	-5068.674545901622
434000	-5164.485584393854
434500	-5165.865824556266
435000	-4915.213646762525
435500	-4587.393153655529
436000	-4365.249579540693
436500	-4646.4751421749825
437000	-4486.122125357819
437500	-4875.5336283627
438000	-4648.749927318204
438500	-4395.128916503797
439000	-4367.617200878573
439500	-4398.69961156598
440000	-4401.274577436115
440500	-4265.628255131192
441000	-4482.223498960365
441500	-4449.7706864658185
442000	-4400.951225208357
442500	-4281.7117124209
443000	-4416.883746387736
443500	-4366.503455758041
444000	-4653.813289132716
444500	-4993.029160409851
445000	-4994.1283591153615
445500	-5105.169521325825
446000	-4422.706561772547
446500	-4224.188442547783
447000	-4196.883837278849
447500	-4335.782802602108
448000	-4422.127934363029
448500	-4616.993745388632
449000	-4557.03698593823
449500	-4406.250534073203
450000	-4268.887206110291
450500	-4267.152585546456
451000	-4530.220456606462
451500	-4568.703830262735
452000	-4686.359099539183
452500	-4184.783358702104
453000	-4184.955401339644
453500	-4564.9064731126755
454000	-4213.602070195436
454500	-4538.147469299015
455000	-4458.5643758425085
455500	-4645.239794436521
456000	-4786.3728329035575
456500	-4894.126598925743
457000	-4967.447700485198
457500	-5129.197939338025
458000	-5178.430726038635
458500	-5062.322562644204
459000	-4511.836130866865
459500	-4931.985398772704
460000	-4602.244521427893
460500	-4260.603378504119
461000	-4449.598188211155
461500	-4242.225312529871
462000	-4306.152435689192
462500	-4297.935096001844
463000	-4533.931533344702
463500	-4234.970544598623
464000	-4351.563067462547
464500	-4133.160505169059
465000	-4241.023589469922
465500	-4145.707013790092
466000	-4109.6612396755
466500	-4289.182583444575
467000	-4420.690730611297
467500	-4308.748805380391
468000	-4357.451631241272
468500	-4140.15186943835
469000	-4475.738078080294
469500	-4265.333103646745
470000	-4322.838957420445
470500	-4320.018072491464
471000	-4281.355508120426
471500	-4304.16078059881
472000	-4512.665049842635
472500	-4551.107435009726
473000	-4658.006786509027
473500	-4791.748527319214
474000	-4805.749577572448
474500	-4615.358207827576
475000	-4744.828837149939
475500	-4561.829717781248
476000	-4324.055609526373
476500	-4355.7245619118785
477000	-4495.670429391209
477500	-5128.845636565384
478000	-5443.477683039565
478500	-5288.531948505423
479000	-5081.2511558281385
479500	-4772.675092737764
480000	-4281.986194251165
480500	-4395.09816020835
481000	-4585.161559661307
481500	-4595.267160531038
482000	-4259.656691333483
482500	-4469.247638862602
483000	-4444.803465735206
483500	-4297.349069945414
484000	-4219.756674981237
484500	-4409.894394255392
485000	-4425.665196467849
485500	-4454.3766561910115
486000	-4437.844967344203
486500	-4349.343872271747
487000	-4473.826659710462
487500	-4353.546543938094
488000	-4220.015212847875
488500	-4298.588370361007
489000	-4263.9566645624145
489500	-4404.073763491637
490000	-4330.773100010239
490500	-4842.235033514687
491000	-4660.515298090707
491500	-4213.417301914328
492000	-4303.02846601676
492500	-4275.058860342167
493000	-4423.27343692385
493500	-4466.983773391089
494000	-4486.112208723988
494500	-4618.423394726912
495000	-4354.932642764877
495500	-4609.1094619676305
496000	-4616.898639011997
496500	-4458.948965966463
497000	-4376.009136988902
497500	-4600.10755340966
498000	-4369.836359120842
498500	-4419.703415340819
499000	-4183.089671028923
499500	-4693.817176640302
500000	-4739.514042119413
500500	-4214.244011108599
501000	-4311.359959802952
501500	-4173.49195735145
502000	-4246.512093424784
502500	-4121.974811305182
503000	-4240.039161832749
503500	-4231.573317289198
504000	-4144.946199815664
504500	-4207.957345122582
505000	-4476.009429201118
505500	-4543.41003389565
506000	-4397.822990581425
506500	-4236.144705454876
507000	-4248.833713240188
507500	-4241.225690694267
508000	-4212.29149575013
508500	-4010.7707331023425
509000	-4118.42578383962
509500	-4042.901430305531
510000	-4269.941628135251
510500	-4144.678653947144
511000	-4171.048744809132
511500	-4112.25118919854
512000	-4320.8883609986015
512500	-4124.329973484271
513000	-4114.075761032039
513500	-4467.125850469197
514000	-4462.677511815008
514500	-4436.757432041369
515000	-4118.521734467915
515500	-4240.577559023263
516000	-4227.386847086388
516500	-4347.804624849704
517000	-4320.866755321632
517500	-4249.502827267771
518000	-4221.060602919144
518500	-4151.104264431258
519000	-4160.71250488989
519500	-4223.151463252385
520000	-4218.869131889678
520500	-4154.72989738424
521000	-4263.202338071945
521500	-4212.274997310416
522000	-4211.523131085522
522500	-4153.004687144323
523000	-4380.383425163977
523500	-4397.013013967535
524000	-4491.482785945265
524500	-4370.952349649124
525000	-4321.831799639921
525500	-4219.939579250057
526000	-4705.054666373306
526500	-4654.796852380724
527000	-4588.230893037974
527500	-4359.9884139610385
528000	-4436.629279144616
528500	-4374.40208669355
529000	-4398.743027561172
529500	-4486.0603070083735
530000	-4527.69555829865
530500	-4233.345561278738
531000	-4544.063983799802
531500	-4336.628061483955
532000	-4497.715412707021
532500	-4369.442087190452
533000	-4442.802313848225
533500	-4659.289929303308
534000	-4696.398841475489
534500	-4749.051947770408
535000	-4491.12474067468
535500	-4583.761506784159
536000	-4736.324913315325
536500	-4632.647558899188
537000	-4772.36759915006
537500	-4566.3935205413245
538000	-4646.876465438885
538500	-4814.236628527422
539000	-4698.123064378385
539500	-4660.178521202684
540000	-4516.788753439718
540500	-4516.788753439718
541000	-4516.788753439718
541500	-4516.788753439718
542000	-4516.788753439718
542500	-4516.788753439718
543000	-4498.329919286673
543500	-5133.863923005912
544000	-4761.886514220608
544500	-4391.332757591043
545000	-4571.971044172116
545500	-4416.379906157539
546000	-4699.410839931202
546500	-4523.068875750346
547000	-4976.954897696326
547500	-4712.537524719379
548000	-4532.2494635167095
548500	-4241.330423782765
549000	-4344.682632281917
549500	-4475.024026927731
550000	-4577.807427143387
550500	-4638.6955452172915
551000	-4579.450353209196
551500	-4662.911828217935
552000	-4323.034674689617
552500	-4708.635702251866
553000	-4401.866893660327
553500	-4373.664050306787
554000	-4461.390124061211
554500	-4573.142699793133
555000	-4593.25463535948
555500	-4723.387991690046
556000	-4610.750337541271
556500	-4719.80706645007
557000	-4547.358171322376
557500	-4532.007479893062
558000	-4495.061356053388
558500	-4574.837174326083
559000	-4533.297514023925
559500	-4620.8448313208755
560000	-4613.30546357477
560500	-4480.580668384364
561000	-4634.230612471544
561500	-4579.694535423815
562000	-4471.352847494994
562500	-4588.205132406288
563000	-4608.024460496117
563500	-4762.546143529171
564000	-5340.329662216642
564500	-4679.2070971812145
565000	-4885.809091705665
565500	-4978.041394205102
566000	-4682.59056565237
566500	-4644.12309040883
567000	-4843.490338769715
567500	-4579.685094694122
568000	-4641.050479962256
568500	-4871.736607562171
569000	-4567.385099737
569500	-4515.2200478775585
570000	-4900.293718393655
570500	-4425.885534292377
571000	-4519.090113666459
571500	-4427.88148542482
572000	-4483.223547673671
572500	-4516.908454083137
573000	-4811.6766564674745
573500	-5119.681676395307
574000	-4653.831824746706
574500	-4793.1360073283
575000	-4876.223851858232
575500	-4888.317656800538
576000	-4952.004835403413
576500	-4782.971417749107
577000	-5040.369143281052
577500	-4901.550266629442
578000	-4724.819088862918
578500	-4647.934605639721
579000	-5278.724655013842
579500	-5043.5667514086
580000	-5027.4547600545875
580500	-5005.450577934781
581000	-4966.958711370732
581500	-4872.203218920467
582000	-5240.008462738992
582500	-4839.735084809188
583000	-4617.887372317091
583500	-4897.689757417439
584000	-5297.688052243715
584500	-4967.219743430472
585000	-5032.231467571151
585500	-4850.6914376831855
586000	-4906.597423150825
586500	-5234.124574588259
587000	-4790.529438127626
587500	-4743.060317347154
588000	-4825.613517659625
588500	-4840.145345195817
589000	-4679.595466298065
589500	-4902.412416761276
590000	-4575.682364372958
590500	-4964.697207897401
591000	-4498.1652646366865
591500	-4885.791580127084
592000	-4841.860621251847
592500	-4397.678259824946
593000	-4775.688463851746
593500	-4459.323854899949
594000	-4590.795544580086
594500	-4745.86830445354
595000	-6049.188360039699
595500	-5916.318886693959
596000	-5572.037304309697
596500	-4539.497484213233
597000	-4354.815962717073
597500	-4359.218925265616
598000	-4455.28026394841
598500	-4494.524645372504
599000	-4626.7233143327985
599500	-4570.363160269457
600000	-4819.857613318313
600500	-5168.354621648343
601000	-5188.064855863342
601500	-4521.55206317454
602000	-4858.537950595806
602500	-4727.745425510589
603000	-4687.989158430878
603500	-4742.981898252241
604000	-4770.701779274066
604500	-4698.721841433002
605000	-5020.208224700563
605500	-4843.0389104579945
606000	-4999.2204300418125
606500	-4708.747376714968
607000	-4532.827560971943
607500	-4537.703467913076
608000	-4629.797794101743
608500	-4553.599099831407
609000	-4184.594862895584
609500	-4376.724291219549
610000	-4479.211003357829
610500	-4799.73075128673
611000	-4946.16235632659
611500	-4680.200324597661
612000	-4942.452933436254
612500	-4689.325209732613
613000	-4763.586058840974
613500	-4735.013935037584
614000	-4331.562914098504
614500	-4471.171500142007
615000	-4459.741554972779
615500	-4944.170460224215
616000	-4847.311156855929
616500	-4558.809766923388
617000	-4675.6852434930215
617500	-4549.84183661805
618000	-4681.316270790347
618500	-5314.842846033633
619000	-4535.523210231089
619500	-4870.04232850714
620000	-4695.473989723704
620500	-4446.1065883456795
621000	-4496.069200720743
621500	-4609.767348117082
622000	-4610.462366478338
622500	-4742.292531930161
623000	-4455.530285863923
623500	-4665.183288304622
624000	-4430.034645493299
624500	-4838.388841501481
625000	-4459.977032633151
625500	-4554.179460978782
626000	-4588.013777523518
626500	-4631.3396808730195
627000	-4726.466276500522
627500	-4658.965114571137
628000	-4831.128605372693
628500	-4682.3087683308195
629000	-4730.333144855639
629500	-4318.430211039134
630000	-4638.893277112855
630500	-4530.720594863612
631000	-4511.74386933819
631500	-4616.487010141336
632000	-4857.274828916163
632500	-4678.892826975635
633000	-4795.006278371953
633500	-4637.236398679088
634000	-5192.34716915988
634500	-5103.513614086758
635000	-5430.176643009712
635500	-5026.223579258027
636000	-5381.361274462092
636500	-4964.705312524192
637000	-4689.274835201114
637500	-4588.227101411533
638000	-4902.18166467946
638500	-4704.474548781218
639000	-4728.254098237219
639500	-4762.495401610006
640000	-4794.5211385339335
640500	-4748.026016494412
641000	-4659.9746373581775
641500	-4617.71478552372
642000	-4723.403256628986
642500	-4620.784813930338
643000	-4556.5490531759915
643500	-4538.138205723615
644000	-4927.746008017416
644500	-4739.163831803615
645000	-4809.919966793333
645500	-4594.478710651245
646000	-4587.141389417051
646500	-4565.044511818845
647000	-4740.370772986802
647500	-4685.163590422907
648000	-4673.539276921778
648500	-4747.90302742652
649000	-4526.505436324975
649500	-4776.742245949978
650000	-4668.194065273529
650500	-4752.900887597094
651000	-4523.941596702187
651500	-4689.487928619944
652000	-4866.416498650808
652500	-4649.577853815425
653000	-4466.174452879065
653500	-4635.00785956599
654000	-4564.230538214746
654500	-4569.452964222194
655000	-4726.0316629638255
655500	-4767.61552511967
656000	-4775.554836631384
656500	-4771.88459193126
657000	-4417.063650245629
657500	-4831.72648334753
658000	-4530.152916231526
658500	-4653.033901666234
659000	-4439.0899505053885
659500	-4490.756190990628
660000	-4640.789517717062
660500	-4395.580060049538
661000	-4381.124963088757
661500	-4923.685786732532
662000	-4947.81443015884
662500	-4990.487307388932
663000	-4511.611521678698
663500	-4503.191250978493
664000	-4464.7923483997665
664500	-4765.857046186784
665000	-4566.82166289251
665500	-4634.509288253851
666000	-4612.738849010453
666500	-4476.074842115045
667000	-4653.560984820739
667500	-4885.357776988351
668000	-4913.185147152514
668500	-4591.935290665678
669000	-4504.843235915533
669500	-4526.244840905169
670000	-4260.472311249589
670500	-4882.0837168158
671000	-4986.691837153883
671500	-4956.931032516509
672000	-4727.148298894777
672500	-4887.039205626746
673000	-4987.8640565884
673500	-4934.956543463476
674000	-4652.700630451293
674500	-4490.766121227735
675000	-4673.300014792338
675500	-4691.843941123851
676000	-4702.23143382577
676500	-4641.295730362653
677000	-4658.925741860133
677500	-4493.072183536089
678000	-4687.950608008893
678500	-4334.544378030839
679000	-4518.747951445396
679500	-4368.800693479383
680000	-4452.190243890127
680500	-4515.349209803337
681000	-4515.100294738409
681500	-4659.061157098853
682000	-4678.489535393209
682500	-4823.15983952031
683000	-4598.328854779183
683500	-4555.755246055335
684000	-4422.628650430499
684500	-4376.896286267079
685000	-4634.1131419259755
685500	-4370.144918681355
686000	-4447.810263373158
686500	-4699.385146860857
687000	-4358.280228984574
687500	-4191.464057259491
688000	-4476.493855722788
688500	-4473.186926834889
689000	-4684.771032569109
689500	-4609.885912055752
690000	-4476.705471854082
690500	-4431.234875773111
691000	-4383.107382849692
691500	-4523.247186949868
692000	-4706.778647947109
692500	-4493.552066732764
693000	-4446.977325574271
693500	-4444.783832812172
694000	-4538.605991954725
694500	-4343.904094753351
695000	-4356.64268059161
695500	-4420.2596869598
696000	-4504.914928231043
696500	-4327.4233479646855
697000	-4804.591513627916
697500	-4734.411180166554
698000	-4466.674434863042
698500	-4215.813038831538
699000	-4363.205958299406
699500	-4278.288269585056
700000	-4671.413291507505
700500	-4739.527569226278
701000	-4649.532977441452
701500	-4290.996437426231
702000	-4256.066083193304
702500	-4403.285599482914
703000	-4238.282299126309
703500	-4244.673995630551
704000	-4221.0870072148045
704500	-4216.721301361533
705000	-4702.163197679398
705500	-4673.956212693984
706000	-4511.944992252759
706500	-4478.033227920693
707000	-4160.143237013884
707500	-4227.26946811366
708000	-4389.494352988203
708500	-4434.349336930882
709000	-4467.5531766987015
709500	-4685.9106454183
710000	-4325.576553669166
710500	-4209.3614493032555
711000	-4240.772300925053
711500	-4393.463359559212
712000	-4561.952487154711
712500	-4471.152770901094
713000	-4357.7372000628775
713500	-4088.833009240147
714000	-4316.214791792151
714500	-4343.420247808232
715000	-4376.345240905438
715500	-4370.307371500342
716000	-4393.553213158695
716500	-4271.409270175857
717000	-4338.484697268963
717500	-4294.266201385951
718000	-4377.427862351425
718500	-4320.082500868695
719000	-4563.279480342721
719500	-4572.071512899529
720000	-4526.355955624503
720500	-4945.84828910392
721000	-4615.026704742665
721500	-4539.92859534625
722000	-4653.578019268641
722500	-4518.303656039212
723000	-4549.259922208409
723500	-4338.848114536232
724000	-4411.849762238267
724500	-4471.808859687096
725000	-5004.074143433927
725500	-4578.9915748227395
726000	-4625.745618741696
726500	-4711.207465293739
727000	-4582.7030978383455
727500	-4578.722759317772
728000	-4508.92385128009
728500	-4492.1931660770815
729000	-4399.36253198677
729500	-4327.965347319048
730000	-4387.831470606291
730500	-4242.696168085453
731000	-4442.550482108442
731500	-4544.422415688041
732000	-4369.871964304779
732500	-4496.9986421699095
733000	-4289.551110524408
733500	-4536.664404272684
734000	-4223.07785077208
734500	-4286.573901473978
735000	-4628.305304114186
735500	-4539.301036183915
736000	-4433.4650252277725
736500	-4436.7211336199525
737000	-4579.992815954971
737500	-4685.299216681362
738000	-4578.1737015111985
738500	-4569.9672277814125
739000	-4256.370175554164
739500	-4598.118081758538
740000	-4644.869233427618
740500	-4531.1102832033
741000	-4325.981399413671
741500	-4542.856397144294
742000	-4441.041684880053
742500	-4529.440939116688
743000	-4482.469965175423
743500	-4450.336022062835
744000	-4311.853220626044
744500	-4501.936581943958
745000	-4671.405220375254
745500	-4614.485416764244
746000	-4398.082155534039
746500	-4312.515880987843
747000	-4554.778613646509
747500	-4514.475572402875
748000	-4496.4694101042005
748500	-4703.092697118777
749000	-4500.636367568097
749500	-4341.542804607944
750000	-4518.037276519507
750500	-4435.10167620642
751000	-4471.600152598196
751500	-4420.308885728293
752000	-4441.057357408215
752500	-4322.7677996951425
753000	-4975.21687975783
753500	-4606.862871515279
754000	-4557.049992305007
754500	-4487.225607304601
755000	-5456.996135100067
755500	-6248.969121090069
756000	-5663.730987728116
756500	-6589.169174508728
757000	-6579.137701829582
757500	-6284.065994555689
758000	-5920.867566808027
758500	-5674.585154061773
759000	-5439.956271792937
759500	-4992.533526370109
760000	-4985.885849499175
760500	-5234.350422289737
761000	-4963.68563598315
761500	-5198.3569032146
762000	-5043.121924228729
762500	-4774.235700056487
763000	-4497.031407234529
763500	-4514.255431520446
764000	-4422.304167083986
764500	-4333.978087095282
765000	-4605.932762869218
765500	-4583.348821942625
766000	-4484.336730822713
766500	-4680.293634010112
767000	-4613.143037012271
767500	-4529.142867175546
768000	-4574.0485626351065
768500	-4742.293417474411
769000	-4853.584290182942
769500	-4786.313960244778
770000	-4602.73080733298
770500	-4855.225122365729
771000	-4727.671677171807
771500	-4689.282262984485
772000	-4727.193675346702
772500	-4607.1578854816335
773000	-4534.37687440696
773500	-4974.857582100634
774000	-4627.337135968503
774500	-4617.83112444492
775000	-4627.999845895427
775500	-4706.497261553141
776000	-4610.7504863438535
776500	-4714.853047341115
777000	-5089.114596222335
777500	-4546.579275213097
778000	-4713.716790549874
778500	-4836.568068418497
779000	-4745.018808310297
779500	-4261.526120876035
780000	-4453.066616955721
780500	-4362.753687343104
781000	-4408.039773255647
781500	-4260.26058662891
782000	-4339.138116604808
782500	-4558.621721747159
783000	-4842.561862277587
783500	-4233.061834768809
784000	-4512.3368151517525
784500	-4491.139641442799
785000	-4274.67581900181
785500	-4444.110972773974
786000	-4967.8459564058285
786500	-5617.495188002752
787000	-4375.827098538591
787500	-4625.6263423032005
788000	-4386.448693708955
788500	-4671.360665404025
789000	-4336.825974945716
789500	-4375.403372328272
790000	-4468.824470224839
790500	-4284.0611094174965
791000	-4534.756413008659
791500	-4296.002697280776
792000	-4300.725637252373
792500	-4256.604514334549
793000	-4387.02455163843
793500	-4481.223717312369
794000	-4338.053653734861
794500	-4547.325729582887
795000	-4591.700366787927
795500	-4742.845265743551
796000	-4453.333793595388
796500	-4634.593677797503
797000	-4311.856069293494
797500	-4270.8444955914465
798000	-4080.9481555643783
798500	-4142.659419617039
799000	-4191.3638950491395
799500	-4414.1860853011
800000	-4066.947500149501
800500	-4323.952687477529
801000	-4398.612449764034
801500	-4219.883404343138
802000	-4670.831021807332
802500	-4146.217057563753
803000	-4271.513696382831
803500	-4609.2188915946535
804000	-4376.678121640223
804500	-4334.223077940769
805000	-4584.43182798208
805500	-4626.333674244067
806000	-4205.8038934615115
806500	-4431.911904453218
807000	-4163.64590776342
807500	-4130.185450093707
808000	-4169.031007693275
808500	-4409.694125496064
809000	-4327.917768727061
809500	-4264.478354159434
810000	-4425.064805592267
810500	-4134.370809554136
811000	-4222.955096412112
811500	-4796.52950939908
812000	-4624.447581770596
812500	-4258.723098703097
813000	-4357.388427627096
813500	-4350.153943022634
814000	-4459.992031298267
814500	-4328.754620766864
815000	-4039.130525778925
815500	-4202.727649712168
816000	-4507.978473959955
816500	-4288.0624694497765
817000	-4321.2324015149825
817500	-4361.00673396123
818000	-4561.024625632442
818500	-4339.156444087931
819000	-4159.731935013269
819500	-4244.468730669928
820000	-4189.531615054526
820500	-4148.7581638881165
821000	-4287.157842880064
821500	-4331.048572811643
822000	-4384.640618066781
822500	-4180.8598270761695
823000	-4325.428102661553
823500	-4371.52486004555
824000	-4847.96877883699
824500	-4576.513726011951
825000	-4632.486099994038
825500	-4593.727431964595
826000	-4512.184362732025
826500	-5005.047608173407
827000	-4727.856730835461
827500	-4960.719713903876
828000	-5427.377132999761
828500	-6351.496722322692
829000	-6031.913812154832
829500	-6833.405031690845
830000	-7322.377792688478
830500	-6314.059499850986
831000	-6055.015769510033
831500	-6060.730440057212
832000	-5927.199043923252
832500	-5233.580838906041
833000	-5603.299590306614
833500	-5658.158724763259
834000	-5160.793562163845
834500	-5061.669180503851
835000	-4679.899686104784
835500	-4964.964744113173
836000	-4827.605007607715
836500	-5219.770076512363
837000	-5245.864822026647
837500	-4830.340229983301
838000	-4756.354566274059
838500	-4874.697285020304
839000	-4564.540807687321
839500	-4779.566767187252
840000	-4734.815663387898
840500	-4629.607370462368
841000	-4520.28731959943
841500	-4641.042482860187
842000	-4517.252539330158
842500	-4495.574970450763
843000	-4802.571031614988
843500	-4437.219760617065
844000	-4364.63495085845
844500	-4359.165566197327
845000	-4446.592863237582
845500	-4764.993997898944
846000	-5130.2865866111915
846500	-4684.1702716999935
847000	-4717.715220733114
847500	-4757.6132444508285
848000	-4657.277010130892
848500	-5045.860528651027
849000	-4811.461689135803
849500	-4910.873833945279
850000	-4738.52641046043
850500	-4495.983594087663
851000	-4541.0595199047875
851500	-4378.186212852499
852000	-4091.1921062253723
852500	-4444.488754699392
853000	-4540.360825088853
853500	-4223.216314460966
854000	-4451.492687567843
854500	-4186.0933803726175
855000	-4400.378276187741
855500	-4447.789689222782
856000	-4691.10893803073
856500	-4262.3540699533605
857000	-4382.926198117031
857500	-4286.3997280893545
858000	-4501.882008103798
858500	-4427.945651851518
859000	-4389.124395460397
859500	-4340.785233165145
860000	-4529.190915914644
860500	-4273.120141408066
861000	-4242.901610052015
861500	-4245.065778354598
862000	-4501.526848442906
862500	-4599.818331671655
863000	-4173.110052102474
863500	-4513.309440134904
864000	-4508.811701430241
864500	-5713.515779706916
865000	-5291.965027195329
865500	-5771.082461501983
866000	-5119.834663748823
866500	-5375.661636820347
867000	-4849.50260110408
867500	-4835.913267676211
868000	-4782.858849258357
868500	-4751.835896384351
869000	-4465.474422325133
869500	-4732.12927859613
870000	-4192.837364613349
870500	-4159.124060177788
871000	-4395.558781012393
871500	-4152.024913548045
872000	-4248.483746605627
872500	-4328.843789820132
873000	-4286.182844797677
873500	-4219.712964910898
874000	-4280.597629590614
874500	-4336.519014619094
875000	-4344.3680582482275
875500	-4332.959846691914
876000	-4355.188061586055
876500	-4255.922267307028
877000	-4320.9724897018095
877500	-4557.124589153173
878000	-4459.90498212485
878500	-4162.101452513659
879000	-4195.379292518615
879500	-4199.763280547877
880000	-4148.711707273363
880500	-4199.5004001130765
881000	-4211.544608789118
881500	-4077.42629973024
882000	-4253.18282004891
882500	-4148.936311757502
883000	-4647.349593191751
883500	-4777.057233937702
884000	-4683.239120318507
884500	-4381.475500130567
885000	-4338.348845655725
885500	-4421.851828274047
886000	-4092.909054296883
886500	-4184.291020869147
887000	-4432.208028260839
887500	-4359.478837542323
888000	-4395.317266935598
888500	-4285.865882722616
889000	-4346.148232769629
889500	-4341.970415873734
890000	-4325.559274250802
890500	-4162.1973289716125
891000	-4371.772279983664
891500	-4205.260188287442
892000	-4279.110709364167
892500	-4375.6626146138815
893000	-4299.065939063199
893500	-4242.058477910321
894000	-4221.506742032746
894500	-4215.891844499226
895000	-4594.049827549326
895500	-4199.752405090943
896000	-4157.468157232541
896500	-4463.125487514735
897000	-4237.518955359701
897500	-4630.248165722189
898000	-4270.087251569719
898500	-4217.420055098455
899000	-4157.895566732169
899500	-4022.165045140183
900000	-4310.635477528792
900500	-4798.941232683857
901000	-4584.016535910822
901500	-4635.7856553070515
902000	-5143.381490928468
902500	-5009.456166892093
903000	-4424.081840666449
903500	-4571.7239479984655
904000	-4317.853322368704
904500	-4323.810872355199
905000	-4193.759946465321
905500	-4168.111862818393
906000	-4478.234321576159
906500	-4450.650469861046
907000	-4413.274105285301
907500	-4473.846993463481
908000	-4479.4510946578275
908500	-4581.495404918272
909000	-4399.555635912231
909500	-4388.762475311566
910000	-4473.7713659216715
910500	-4673.133025519223
911000	-4523.505533794328
911500	-4972.740602929655
912000	-5182.2638857465945
912500	-4846.228798808797
913000	-4843.473267669762
913500	-4968.608001206301
914000	-4765.193588990479
914500	-4651.7186363937235
915000	-4669.599931237994
915500	-4419.650811120089
916000	-4302.4341301696495
916500	-4329.898960787983
917000	-4385.853685393787
917500	-4671.485484897319
918000	-4831.418946218455
918500	-4383.230011115156
919000	-4563.439358568144
919500	-4284.968202218371
920000	-4282.700224066488
920500	-4247.666851278322
921000	-4268.237317427444
921500	-4318.926756574966
922000	-4448.227248620009
922500	-4266.291376989972
923000	-4310.952456591298
923500	-4429.0480380450135
924000	-4530.263670031345
924500	-4365.360130771956
925000	-4514.537813982143
925500	-4453.960762181306
926000	-4634.079214862504
926500	-4635.961128030104
927000	-4556.219370347822
927500	-4473.324261012243
928000	-4346.894117662085
928500	-4470.765318141752
929000	-4448.856292879531
929500	-4366.191817179382
930000	-4561.250482146571
930500	-4929.577367908679
931000	-4902.053778070311
931500	-4635.886842046199
932000	-4407.735313102607
932500	-4365.074102385659
933000	-4245.6761737075585
933500	-4441.825340862636
934000	-4659.219140106667
934500	-4418.734602649541
935000	-4689.316033110272
935500	-4840.3490356262
936000	-5040.713437391831
936500	-4539.552095319642
937000	-4338.2506462029005
937500	-4432.172574981225
938000	-4563.161631337183
938500	-4364.772455416033
939000	-4534.311038130775
939500	-4361.722635877893
940000	-4507.608811642412
940500	-4536.271823432162
941000	-4330.544834146087
941500	-4208.848058196403
942000	-4391.488835426417
942500	-4562.465873275162
943000	-4463.923634611177
943500	-4789.543093976286
944000	-4811.393847158918
944500	-4864.64294604321
945000	-4944.3210227966165
945500	-4826.388883071925
946000	-5048.347279865707
946500	-5057.282237096649
947000	-4882.505748542764
947500	-4350.268046013732
948000	-4498.818558238165
948500	-4614.6666296948715
949000	-4470.0480599338525
949500	-4232.160101036046
950000	-4479.30944441572
950500	-4691.670454428738
951000	-4516.43585132185
951500	-4797.757832979331
952000	-4835.674010802609
952500	-4767.633507579141
953000	-4380.78531321353
953500	-4359.457523491392
954000	-4305.079800964595
954500	-4362.060403696385
955000	-4375.175135163017
955500	-4318.099864993447
956000	-4391.626756344673
956500	-5020.865911811744
957000	-4584.046377540673
957500	-5087.452457540816
958000	-4827.57919592755
958500	-4789.5038068746135
959000	-4713.880981664049
959500	-4858.126151285449
960000	-4587.743702667459
960500	-4585.115513774053
961000	-4621.061980422165
961500	-4921.111519603326
962000	-4623.084124516194
962500	-4698.616086610101
963000	-4715.99484227962
963500	-5451.624271993205
964000	-5489.842089420207
964500	-4940.733013148465
965000	-4680.870390333998
965500	-4654.942959136063
966000	-5128.73791817843
966500	-4936.692633355871
967000	-4456.434991602883
967500	-4463.8228905410815
968000	-4650.481493149326
968500	-4492.724930377732
969000	-4658.433951641647
969500	-4575.043900770526
970000	-4284.873284010805
970500	-4701.000902251081
971000	-4348.263122535443
971500	-4321.011019690924
972000	-4443.269178853939
972500	-4633.788718679789
973000	-4787.20036229142
973500	-4709.984932025134
974000	-5012.754489275824
974500	-4596.39265199011
975000	-4478.563374921566
975500	-4396.926098242849
976000	-4317.098921924553
976500	-4199.560920587775
977000	-4137.582449314523
977500	-4267.397274602867
978000	-4122.151273122474
978500	-4362.815012419726
979000	-4389.042078381623
979500	-4239.276717164958
980000	-4221.3269449692625
980500	-4558.777982906293
981000	-4631.683991044287
981500	-4883.692538528004
982000	-4750.3657826000945
982500	-4353.757232718171
983000	-4398.3817024690925
983500	-4279.371850663552
984000	-4200.0505930464615
984500	-4368.604367539666
985000	-4425.638475925344
985500	-4473.602253636443
986000	-4165.6154591999075
986500	-4149.77214624836
987000	-4252.571027502829
987500	-4191.394707703551
988000	-4198.550446762571
988500	-4264.349353100633
989000	-4282.070357156006
989500	-4518.861612058481
990000	-4665.262059410658
990500	-4513.233689578036
991000	-4611.475891469895
991500	-4612.054658033623
992000	-4614.985357496561
992500	-5417.154196774649
993000	-4632.487140886185
993500	-4691.743982040527
994000	-5032.612691822354
994500	-4791.441608596116
995000	-4788.514851722866
995500	-4712.3346626833645
996000	-4917.981143330054
996500	-4281.4343824202515
997000	-4450.294841845876
997500	-4231.915541634445
998000	-4165.032242906439
998500	-4190.133917465643
999000	-4193.689189777267
999500	-4267.659851928439
1000000	-4159.327378770056
1000500	-4530.281414849812
1001000	-4247.787976767874
1001500	-4216.607690414539
1002000	-4109.082427871398
1002500	-4091.722103130505
1003000	-4127.712378319355
1003500	-4081.3821402226863
1004000	-4352.300712595412
1004500	-4167.052368671594
1005000	-4280.447851091131
1005500	-4148.2799113972405
1006000	-4562.07339434322
1006500	-4587.776660283558
1007000	-4698.553053139362
1007500	-4710.273850230089
1008000	-4562.726271544372
1008500	-4778.925339916876
1009000	-5239.174298722318
1009500	-4840.805410190133
1010000	-4326.444386573563
1010500	-4609.241495798523
1011000	-4846.393892942789
1011500	-5066.646676640958
1012000	-4685.2692301767465
1012500	-4458.685708690432
1013000	-4453.244694662461
1013500	-4167.207303169834
1014000	-4130.183422583727
1014500	-4299.731265483643
1015000	-4103.17956403043
1015500	-4224.667578579725
1016000	-4213.28867385421
1016500	-4095.0482704641663
1017000	-4118.456005028302
1017500	-4166.814387662523
1018000	-4141.341631437595
1018500	-4212.81449019376
1019000	-4318.268576406199
1019500	-4079.2613596956353
1020000	-4098.113157402218
1020500	-4218.900377236755
1021000	-4496.740045435995
1021500	-4480.057388915035
1022000	-4768.6819052396895
1022500	-4137.581460358969
1023000	-4302.664691806722
1023500	-4309.118210353673
1024000	-4158.742373503242
1024500	-4176.515837947331
1025000	-4277.831864449584
1025500	-4439.297271283988
1026000	-4131.196694104124
1026500	-4283.336575745738
1027000	-4332.549162872712
1027500	-4017.9006207499037
1028000	-4080.580248422931
1028500	-4246.287861608684
1029000	-4079.2166551536457
1029500	-4042.427213318041
1030000	-4204.995801721611
1030500	-3952.557946307379
1031000	-4145.138522872561
1031500	-4154.172875998246
1032000	-4155.894902821375
1032500	-4240.637814465462
1033000	-4184.518196778717
1033500	-4345.734497218601
1034000	-4444.682261109896
1034500	-4208.163736908266
1035000	-4214.08046837021
1035500	-4381.296728619993
1036000	-4142.187591106152
1036500	-4501.155138112059
1037000	-4425.969810633795
1037500	-4305.6238122377945
1038000	-4549.923409681215
1038500	-4569.634440027029
1039000	-4308.370122219926
1039500	-4316.6401150143465
1040000	-4255.29023255359
1040500	-4227.879603377952
1041000	-4492.464568694609
1041500	-4574.6156796043715
1042000	-4386.376420504916
1042500	-4418.17524005178
1043000	-4327.270958859184
1043500	-4368.012125461725
1044000	-4364.956515780395
1044500	-4309.294867217719
1045000	-4236.288780368481
1045500	-4231.574806701107
1046000	-4104.2795095691135
1046500	-4128.957640148028
1047000	-4011.928793699448
1047500	-4217.978074675356
1048000	-4103.740251328032
1048500	-4274.084288540221
1049000	-4365.353159945513
1049500	-4184.216531729037
1050000	-4145.666627944136
1050500	-4181.899575273697
1051000	-4175.842373748333
1051500	-4222.111689900153
1052000	-4116.792352888636
1052500	-4216.475585705957
1053000	-4139.063816586473
1053500	-4021.465925634195
1054000	-4311.757130974208
1054500	-4414.519712230276
1055000	-4112.763582782309
1055500	-4358.395018071835
1056000	-4410.741977821374
1056500	-4278.704436229585
1057000	-4354.798240176801
1057500	-4389.9775388484995
1058000	-4188.218213611573
1058500	-4309.0289600777505
1059000	-4619.114340238784
1059500	-4830.78898388703
1060000	-4394.708385153703
1060500	-4190.435285547802
1061000	-4041.9308747898594
1061500	-4230.6898828197245
1062000	-4223.0339590437125
1062500	-5338.118694483783
1063000	-4414.550211269218
1063500	-4428.041131168181
1064000	-4117.616889027787
1064500	-4392.286270142548
1065000	-4315.791700954696
1065500	-4416.248713208398
1066000	-4309.210478873985
1066500	-4277.80945420351
1067000	-4548.502216967001
1067500	-4392.844371585265
1068000	-4380.208799182419
1068500	-4527.43083912864
1069000	-4488.853098976788
1069500	-4380.2732677433305
1070000	-4497.337775410578
1070500	-4316.218150284099
1071000	-4307.389724328472
1071500	-4287.888393115025
1072000	-4228.66282472605
1072500	-4133.841986711477
1073000	-4210.959943000594
1073500	-4214.313167088889
1074000	-4346.1707169037845
1074500	-4472.377025654765
1075000	-4435.882829793723
1075500	-4396.664451500568
1076000	-4722.774183019066
1076500	-4568.605703837867
1077000	-4746.365679040714
1077500	-4664.722743474982
1078000	-4414.01684189775
1078500	-4677.1961725569045
1079000	-4755.5703963409
1079500	-5030.023820352638
1080000	-4428.230720913484
1080500	-4399.062735181505
1081000	-4489.372640774672
1081500	-4488.829879192782
1082000	-4408.68064674993
1082500	-4326.895719061245
1083000	-4364.16738787949
1083500	-4464.546099227895
1084000	-4343.332051692217
1084500	-4279.328524481955
1085000	-4448.622065770831
1085500	-4286.504891604595
1086000	-4080.69138830905
1086500	-4257.812326593013
1087000	-4299.032690679709
1087500	-4265.938236500536
1088000	-4151.843201351497
1088500	-4282.743743590696
1089000	-4334.549646506967
1089500	-4441.228516060705
1090000	-4149.054586676375
1090500	-4215.886489158409
1091000	-4270.555681026502
1091500	-4072.4762870682193
1092000	-4098.519832327618
1092500	-4371.208486570403
1093000	-4295.911126249477
1093500	-4238.824467611648
1094000	-4234.613871665767
1094500	-4208.073373262643
1095000	-4461.036083529243
1095500	-4257.949539186279
1096000	-4403.9107377538885
1096500	-4495.83869640992
1097000	-4276.461169419996
1097500	-4504.4056658904865
1098000	-4671.523794756955
1098500	-4750.745120553862
1099000	-4237.555363725386
1099500	-4262.833053294294
1100000	-4064.5065360403887
1100500	-4289.374998423956
1101000	-4536.484183362655
1101500	-4241.081986376533
1102000	-4477.987814104641
1102500	-4204.542545375941
1103000	-4200.399249915194
1103500	-4302.701135783909
1104000	-4462.024369727916
1104500	-4266.4863943087375
1105000	-4466.988878842503
1105500	-4329.419128072402
1106000	-4810.8460645775085
1106500	-4843.9110429305365
1107000	-4490.2766276344955
1107500	-4460.019364748674
1108000	-4408.323515803377
1108500	-4148.43255800001
1109000	-4168.696330156131
1109500	-4147.170171207526
1110000	-4190.87266062719
1110500	-4074.7106414338027
1111000	-4272.645859911937
1111500	-4200.771287500852
1112000	-4323.955876810451
1112500	-4388.194122218235
1113000	-4237.4993004374155
1113500	-4255.147699508664
1114000	-4189.103971931532
1114500	-4252.401462552891
1115000	-4343.299637719862
1115500	-4525.448099083879
1116000	-4290.209224730043
1116500	-4237.09929206273
1117000	-4489.735739693335
1117500	-4342.631500857247
1118000	-4484.056452667348
1118500	-4746.212058700033
1119000	-4395.110162432371
1119500	-4276.5883268448015
1120000	-4291.814355435301
1120500	-4205.348717501489
1121000	-4287.267625515765
1121500	-4233.647198721164
1122000	-4229.88750251271
1122500	-4217.284616101247
1123000	-4208.355285488884
1123500	-4268.741112250244
1124000	-4413.455789279408
1124500	-4287.510728926764
1125000	-4387.077486134399
1125500	-4367.784024332794
1126000	-5131.693973428559
1126500	-4556.074440294308
1127000	-5260.392763379646
1127500	-5103.411201961835
1128000	-4604.980765081783
1128500	-4921.586453635793
1129000	-4280.193494879016
1129500	-4079.474347839953
1130000	-4305.71183115966
1130500	-4391.1398562071345
1131000	-4433.068708450131
1131500	-4300.773725732922
1132000	-4439.189616555765
1132500	-4335.463343013729
1133000	-4307.137585830064
1133500	-4328.749887293357
1134000	-4364.181511376164
1134500	-4807.0123810627865
1135000	-4813.9582624979075
1135500	-4313.559629866539
1136000	-4314.030654807983
1136500	-4436.82034529764
1137000	-4402.107777714398
1137500	-4342.980852114629
1138000	-4246.345930653943
1138500	-4235.629461627928
1139000	-4184.8938515110685
1139500	-4170.095009907314
1140000	-4076.116966647818
1140500	-4104.2621458128315
1141000	-4086.584649853188
1141500	-4075.341508222783
1142000	-4230.587732918149
1142500	-4108.626858527929
1143000	-4222.741202028458
1143500	-4247.597222291804
1144000	-4235.6661099968305
1144500	-4594.345184926148
1145000	-4455.898421351936
1145500	-4536.4725537271315
1146000	-4551.0664161718205
1146500	-4121.597818557428
1147000	-4271.497108737358
1147500	-4239.684148792372
1148000	-4382.267621761268
1148500	-4311.353868991485
1149000	-4598.793731275897
1149500	-4599.45163379671
1150000	-4793.31287706184
1150500	-4625.045472558134
1151000	-4679.1256883834285
1151500	-4793.904246757979
1152000	-4863.508904769669
1152500	-4485.7617272077605
1153000	-4493.5674298316735
1153500	-4437.2196046694235
1154000	-4435.621553293502
1154500	-4371.52388597933
1155000	-4516.416752642684
1155500	-4414.327622603285
1156000	-4665.193050790334
1156500	-4837.480935021489
1157000	-4620.004203720945
1157500	-4889.101880265979
1158000	-4714.52515376084
1158500	-4597.3633491801875
1159000	-4721.74091669887
1159500	-5058.619818385202
1160000	-5111.713588923525
1160500	-5163.153030356164
1161000	-4888.617301032784
1161500	-4883.096873163944
1162000	-4764.809466443736
1162500	-4807.546625758712
1163000	-4750.797088250427
1163500	-4878.798353072374
1164000	-4679.821140181444
1164500	-5083.188977203434
1165000	-4777.293554143183
1165500	-4704.86086397838
1166000	-4777.328901042503
1166500	-4833.1388078862965
1167000	-4601.591611716431
1167500	-4455.878189299843
1168000	-4987.215977537976
1168500	-5061.19861016065
1169000	-4793.304055684194
1169500	-4402.904001715375
1170000	-4500.6213361622395
1170500	-4338.14506799493
1171000	-4424.9111411579925
1171500	-4335.40386911412
1172000	-4406.966013073258
1172500	-4553.801774821071
1173000	-4385.605258906202
1173500	-4652.790815545748
1174000	-4837.250265818595
1174500	-4789.889587656776
1175000	-4754.1314953571955
1175500	-4642.035520718612
1176000	-5040.455194426622
1176500	-4766.47701308992
1177000	-4709.62269391324
1177500	-4720.925857306904
1178000	-5091.871403141847
1178500	-4733.40475543779
1179000	-4656.372615804048
1179500	-4768.727285859065
1180000	-4612.446397037531
1180500	-4553.2444294945435
1181000	-4808.296059786587
1181500	-4664.502643557204
1182000	-5076.2710498134675
1182500	-5340.694826649339
1183000	-4949.993646986988
1183500	-4753.207839839045
1184000	-4701.586280392407
1184500	-4697.2041380184655
1185000	-4415.1278382420705
1185500	-4607.314875860914
1186000	-4422.891456578681
1186500	-4510.8622004410145
1187000	-4237.19540124458
1187500	-4234.343066983702
1188000	-4779.3080440847225
1188500	-4978.959475333184
1189000	-4900.4625131804605
1189500	-4512.095439716652
1190000	-4342.941520292147
1190500	-4465.869500151956
1191000	-4377.5883410047945
1191500	-4169.042080864678
1192000	-4332.198328352625
1192500	-4146.468547569551
1193000	-4516.768591812248
1193500	-4282.305956810939
1194000	-4464.318852001245
1194500	-4148.407978540195
1195000	-4279.563036202067
1195500	-4359.799268305533
1196000	-4439.073714979928
1196500	-4331.445575780291
1197000	-4424.032477327167
1197500	-4450.695175446037
1198000	-4219.013459158812
1198500	-4491.194412041087
1199000	-4281.574047211441
1199500	-4382.12139796846
1200000	-4125.405659867483
1200500	-4420.359714618356
1201000	-4448.197933891642
1201500	-4343.360214078238
1202000	-4395.816996468264
1202500	-4444.9885194048975
1203000	-4503.078101126899
1203500	-4346.281878437537
1204000	-4309.045213916815
1204500	-4434.535161553825
1205000	-4489.0651100207115
1205500	-4345.902247591277
1206000	-4698.7051756510045
1206500	-4812.127140572705
1207000	-5172.355480803192
1207500	-5011.388943157108
1208000	-5224.240344005502
1208500	-5007.17646804018
1209000	-4608.874854507617
1209500	-4411.686352862574
1210000	-4370.854663990638
1210500	-4568.945280877009
1211000	-4501.15772370314
1211500	-4447.178367251538
1212000	-4444.147905750646
1212500	-4346.458014776025
1213000	-4532.592868342365
1213500	-4447.486682888011
1214000	-4669.621899181288
1214500	-4475.620892183102
1215000	-4364.817962093153
1215500	-4394.228656196155
1216000	-4565.254173281637
1216500	-4629.40801489682
1217000	-4448.2636434479955
1217500	-4585.603276670217
1218000	-4450.511542104085
1218500	-4359.399740759694
1219000	-4864.236578304867
1219500	-4664.113038606217
1220000	-4500.970070174422
1220500	-4633.876263207755
1221000	-4960.555053829747
1221500	-4910.135481796725
1222000	-4643.6484830691825
1222500	-4811.012278686914
1223000	-4928.513887268929
1223500	-4829.093780075538
1224000	-5057.983631954345
1224500	-5055.925157699287
1225000	-5182.534054509781
1225500	-5385.281993015579
1226000	-5244.030889417737
1226500	-4982.78502467777
1227000	-5225.267215277079
1227500	-5522.696874106248
1228000	-5022.405717571235
1228500	-4872.902745686439
1229000	-4589.005152938446
1229500	-4487.410067529897
1230000	-4476.232131672225
1230500	-4345.522727372258
1231000	-4315.965210715996
1231500	-4496.435575543651
1232000	-4425.046398521605
1232500	-4528.020529879818
1233000	-4368.146573716833
1233500	-4515.571662906517
1234000	-4536.82359510392
1234500	-4363.915137156079
1235000	-4498.951553341548
1235500	-4637.511870857457
1236000	-4529.369411474131
1236500	-4595.911405474826
1237000	-4525.568638443417
1237500	-4557.20807840138
1238000	-4449.951614640131
1238500	-4936.053349130609
1239000	-5422.720593055726
1239500	-5268.275954388499
1240000	-5209.489810751594
1240500	-5835.201239488064
1241000	-5815.1259396734595
1241500	-5600.6474678712875
1242000	-5583.712248698391
1242500	-5738.626092975448
1243000	-5290.148398956472
1243500	-5099.321508954618
1244000	-4660.243132947513
1244500	-4647.798433137175
1245000	-4669.597887452729
1245500	-4378.400210819877
1246000	-4501.993549169233
1246500	-4549.8377272668295
1247000	-4231.465033192242
1247500	-4318.331396382934
1248000	-4672.630258489138
1248500	-4396.331681970676
1249000	-4403.37994701234
1249500	-4497.741523968878
1250000	-4367.659595143237
1250500	-4409.125883081674
1251000	-4545.715931255783
1251500	-4493.581168440494
1252000	-4401.812027864578
1252500	-4353.428895792968
1253000	-4536.261284450889
1253500	-4859.879419512547
1254000	-4935.48472740256
1254500	-5528.324498149572
1255000	-5616.011191318467
1255500	-5806.912248770477
1256000	-5542.629068790838
1256500	-5356.289339149938
1257000	-5006.308507938113
1257500	-4884.05330912735
1258000	-4647.917720977598
1258500	-4826.649270688337
1259000	-4734.314612770259
1259500	-4628.850865715867
1260000	-4549.876779612178
1260500	-4610.165771388366
1261000	-4223.440786838334
1261500	-4432.114879668362
1262000	-4263.592675091314
1262500	-4404.50245352119
1263000	-4258.327396347529
1263500	-4356.513553989976
1264000	-4303.725439455317
1264500	-4474.926325191592
1265000	-4810.684748082992
1265500	-4735.862909085664
1266000	-4291.8284376742895
1266500	-4273.179657701646
1267000	-4338.91547144735
1267500	-4281.96214957278
1268000	-4439.567320639201
1268500	-4209.763348091639
1269000	-4432.788933877695
1269500	-4163.472883698863
1270000	-4188.001932154723
1270500	-4288.392993076812
1271000	-4355.678924659811
1271500	-4280.753037608186
1272000	-4494.736086538393
1272500	-4565.686477423686
1273000	-4569.851879214526
1273500	-4356.447146620647
1274000	-4190.6173537222685
1274500	-4484.923435094719
1275000	-4372.873649232367
1275500	-4484.847187278832
1276000	-4477.9985188958835
1276500	-4438.973468833785
1277000	-4334.731765928695
1277500	-4565.4997538418575
1278000	-4380.285873883987
1278500	-4472.875006932053
1279000	-5212.79629938481
1279500	-4908.578670166707
1280000	-4809.719515436971
1280500	-4886.067416691691
1281000	-5025.71265856297
1281500	-5233.531850657874
1282000	-4724.345844060024
1282500	-4866.0971028521735
1283000	-5121.467582721922
1283500	-5132.15997477625
1284000	-5211.226805844179
1284500	-5312.468596691628
1285000	-5179.2216854779645
1285500	-5204.554293515117
1286000	-4749.032087425964
1286500	-5215.638432805312
1287000	-5231.649494393411
1287500	-4766.990389792991
1288000	-4543.217056734975
1288500	-4930.095782648176
1289000	-4996.069666404844
1289500	-4535.219244804234
1290000	-4992.513441283353
1290500	-4688.288036452037
1291000	-4452.229404118145
1291500	-4469.596641629853
1292000	-4482.267280885698
1292500	-4276.3794193348585
1293000	-4282.950213888734
1293500	-4541.394152271637
1294000	-4378.372995408569
1294500	-4232.562809373597
1295000	-4467.704374792991
1295500	-4343.814081003651
1296000	-4415.953228591604
1296500	-4422.453258174985
1297000	-4625.057098017964
1297500	-4582.500273127706
1298000	-4709.8853129943855
1298500	-4530.661455563986
1299000	-4427.558366312431
1299500	-4664.798059684462
1300000	-4703.151595245579
1300500	-4578.533953117315
1301000	-4738.993258422588
1301500	-4430.6955467365415
1302000	-4450.1014445061255
1302500	-4506.145559647696
1303000	-4591.125695362509
1303500	-4666.553741184673
1304000	-4500.358011155026
1304500	-4639.135829989007
1305000	-4416.669478799397
1305500	-4510.447152074837
1306000	-4428.8251866176315
1306500	-4614.013470996645
1307000	-4423.332266561203
1307500	-4578.406498092012
1308000	-4723.138786297476
1308500	-4583.265553334357
1309000	-4390.413279744193
1309500	-4641.006319385221
1310000	-4509.472479258068
1310500	-4425.483610497069
1311000	-4461.200537953372
1311500	-4410.576213084945
1312000	-4553.559877733417
1312500	-4979.775367701969
1313000	-4547.114515052035
1313500	-4323.114343566889
1314000	-4354.664815840003
1314500	-4359.411037325392
1315000	-4378.812973623426
1315500	-4626.348904662437
1316000	-4728.410058969376
1316500	-4674.07893382143
1317000	-4770.078771940054
1317500	-4790.608429609978
1318000	-4578.374367989004
1318500	-4580.89430156126
1319000	-4518.689631687292
1319500	-4607.727747349034
1320000	-4779.011673866251
1320500	-4661.065581069643
1321000	-4282.457692754034
1321500	-4210.68747515352
1322000	-4348.191538547661
1322500	-4560.92278359355
1323000	-4562.328022519914
1323500	-4555.957305186801
1324000	-4936.463158895854
1324500	-4828.526864012679
1325000	-4581.641682748248
1325500	-4615.626486231347
1326000	-4744.417995909472
1326500	-4499.318207187909
1327000	-4598.83218000934
1327500	-4397.662285194568
1328000	-4530.971165986656
1328500	-4414.783788859571
1329000	-4694.961839057905
1329500	-4722.194738013316
1330000	-4940.371546377145
1330500	-4685.967492075906
1331000	-4614.652177107021
1331500	-4652.733304682294
1332000	-4577.075850031069
1332500	-5070.996492539581
1333000	-4919.996360335857
1333500	-4718.973375018844
1334000	-4710.580713464209
1334500	-4512.749551384757
1335000	-4722.060985470744
1335500	-4898.795206051352
1336000	-5034.586917456893
1336500	-4887.68190954102
1337000	-4963.377237855019
1337500	-4822.83245893621
1338000	-4996.521998613603
1338500	-4839.581666901853
1339000	-4774.214993211516
1339500	-4749.562480417548
1340000	-4696.492060217899
1340500	-4722.9958475173735
1341000	-4513.378381515921
1341500	-4727.982078300627
1342000	-4542.230119981278
1342500	-4600.161126927882
1343000	-4716.59656482514
1343500	-4665.077334681294
1344000	-4525.045401488426
1344500	-4741.74113637622
1345000	-4862.588363619737
1345500	-4670.370071191832
1346000	-4926.428977068446
1346500	-4611.59512843408
1347000	-4716.497970171857
1347500	-5226.390821870841
1348000	-4975.454749306591
1348500	-4575.073137071858
1349000	-4831.583685469469
1349500	-4800.266156709461
1350000	-5297.047975574433
1350500	-4894.640084580384
1351000	-5017.769080150711
1351500	-4771.029898585194
1352000	-4761.167495065491
1352500	-4479.302978689993
1353000	-4537.903822996811
1353500	-4302.494722803272
1354000	-4348.393612068548
1354500	-4488.135054216244
1355000	-4538.0277708892845
1355500	-4648.087916008944
1356000	-4615.560284110497
1356500	-4639.257727722826
1357000	-4594.32094621507
1357500	-4425.6314610447525
1358000	-4491.085413826287
1358500	-4639.323489489551
1359000	-4501.838884262342
1359500	-4587.533322494367
1360000	-4466.279578085524
1360500	-4090.7317112215555
1361000	-4140.735689753899
1361500	-4512.3831835840565
1362000	-4451.782914521412
1362500	-4441.890215127178
1363000	-4617.9699483208105
1363500	-4497.640178323192
1364000	-4347.490373897838
1364500	-4357.384926116345
1365000	-4517.786621881059
1365500	-4597.889996729896
1366000	-4634.552219392201
1366500	-4653.55595665405
1367000	-4613.092153846881
1367500	-4672.551110363983
1368000	-4384.406357148915
1368500	-4408.748392452606
1369000	-4361.787387991244
1369500	-4193.291587144962
1370000	-4209.581166095392
1370500	-4201.620671051856
1371000	-4263.560605960297
1371500	-4243.048003791269
1372000	-4314.798962100176
1372500	-4437.257059962186
1373000	-4682.25023379652
1373500	-4241.721566255801
1374000	-4499.502608234649
1374500	-4576.240159660037
1375000	-4862.752302225167
1375500	-4377.8341434959275
1376000	-4320.608644558356
1376500	-4208.993807873874
1377000	-4164.305819907377
1377500	-4144.015197903378
1378000	-4246.534438470673
1378500	-4230.940211521756
1379000	-4267.327870835401
1379500	-4208.071410303211
1380000	-4088.2707645487317
1380500	-4276.206439699263
1381000	-4170.088310713358
1381500	-4269.012410108034
1382000	-4336.423467446673
1382500	-4365.7115882064445
1383000	-4151.54935680718
1383500	-4189.052892910481
1384000	-4198.957809937307
1384500	-4173.264004815009
1385000	-4185.36865968547
1385500	-4187.963897912154
1386000	-4114.2477336446955
1386500	-4259.496760052818
1387000	-4301.344339230269
1387500	-4413.767862032759
1388000	-4122.7644138279
1388500	-4196.284979843188
1389000	-4219.528380274188
1389500	-4191.825919815234
1390000	-4592.813910803847
1390500	-4713.12493591907
1391000	-4729.94004731141
1391500	-4696.697273129615
1392000	-4600.321570545574
1392500	-4492.237197279059
1393000	-4416.8398265393125
1393500	-4459.660735841803
1394000	-4458.988574351156
1394500	-4602.910643933433
1395000	-4462.038988109422
1395500	-4491.968185829482
1396000	-4547.22961078965
1396500	-4901.616246095424
1397000	-4791.3308196124935
1397500	-4692.265309182694
1398000	-4329.052628870589
1398500	-4167.813386362791
1399000	-4563.255101793047
1399500	-4489.564297880894
1400000	-4413.889482551828
1400500	-4521.794823530664
1401000	-4330.4830263344365
1401500	-4436.636529061958
1402000	-4373.39088646665
1402500	-4293.545876681108
1403000	-4580.990896543186
1403500	-4656.311427860767
1404000	-4684.919112140289
1404500	-4557.456882739779
1405000	-4620.0942755120295
1405500	-4998.697728958578
1406000	-4188.4485628408
1406500	-4237.827507280195
1407000	-4375.708280452574
1407500	-4617.182471875701
1408000	-4143.037106978535
1408500	-4548.754142668264
1409000	-4255.043231054376
1409500	-4724.191382710886
1410000	-4238.652523218235
1410500	-4256.76492788565
1411000	-4488.909697871399
1411500	-4376.039840091311
1412000	-4140.57664670422
1412500	-4470.331979756022
1413000	-4566.761122650826
1413500	-4253.485776085904
1414000	-4434.59508527035
1414500	-4471.093680529123
1415000	-4460.408316842526
1415500	-4498.986199471154
1416000	-4414.736456108743
1416500	-4438.02378825213
1417000	-4309.327715546469
1417500	-4279.334869308586
1418000	-4512.797933833824
1418500	-4380.1009293605875
1419000	-4192.7762705656505
1419500	-4149.164758997741
1420000	-4239.163333774666
1420500	-4269.174792129266
1421000	-4668.539465678288
1421500	-4280.173555429438
1422000	-4404.289016399932
1422500	-4561.148318649212
1423000	-4657.373377547578
1423500	-4713.033553430885
1424000	-4920.5167035872155
1424500	-4865.1720481231205
1425000	-4643.935454705235
1425500	-4570.381648352809
1426000	-4486.999086476806
1426500	-4832.972458425634
1427000	-4605.482946586875
1427500	-4726.094354747215
1428000	-5079.253857270003
1428500	-4995.345299035431
1429000	-4698.496104029854
1429500	-4383.260727718609
1430000	-4487.495447530308
1430500	-4551.980526721989
1431000	-4566.658969864476
1431500	-4584.232792934386
1432000	-4630.085905594749
1432500	-4994.559196398624
1433000	-5045.21665202164
1433500	-4864.7298321157095
1434000	-4644.273036629625
1434500	-4525.081795942855
1435000	-5029.356892249064
1435500	-4702.624290330302
1436000	-5358.850780629534
1436500	-5311.914953026546
1437000	-4690.940306082393
1437500	-4547.166426277018
1438000	-4450.488771005641
1438500	-4376.791333999466
1439000	-4082.6233843884343
1439500	-4365.365076952941
1440000	-4392.659742017657
1440500	-4247.6660685142215
1441000	-4343.066554774832
1441500	-4282.085845492523
1442000	-4393.1446207389
1442500	-4284.256247619714
1443000	-4206.696537434505
1443500	-4441.303504794111
1444000	-4465.170122618004
1444500	-4575.170441107507
1445000	-4531.130908443838
1445500	-4392.851036011982
1446000	-4181.8617263262595
1446500	-4792.351942799462
1447000	-4354.792751447513
1447500	-4966.139348257279
1448000	-4636.194333981168
1448500	-4468.988801136515
1449000	-4387.436387703049
1449500	-4311.251480247415
1450000	-4352.514613049898
1450500	-4384.391564131097
1451000	-4544.901607128175
1451500	-4808.174375107942
1452000	-4452.810410621814
1452500	-4700.590799871496
1453000	-4743.932756685765
1453500	-4509.199357572335
1454000	-4701.588567009354
1454500	-4612.447721441414
1455000	-4637.038536218466
1455500	-4590.383764924309
1456000	-4584.5333440073
1456500	-4663.288380669245
1457000	-4863.950946165218
1457500	-4690.028724660405
1458000	-4610.205404573694
1458500	-4829.376472101252
1459000	-4747.344172932861
1459500	-4957.527957893518
1460000	-4753.255502557839
1460500	-4636.885128985922
1461000	-4718.678407315954
1461500	-4763.2783171002675
1462000	-4753.64104873489
1462500	-4751.1380432412625
1463000	-5141.741341777989
1463500	-4885.091381422768
1464000	-4843.348688046899
1464500	-4765.430440889629
1465000	-4511.298517298605
1465500	-4665.823685882016
1466000	-4447.100927133862
1466500	-4640.5694219578145
1467000	-4426.017272485686
1467500	-4585.513519278239
1468000	-4509.476681500338
1468500	-4765.187185260924
1469000	-4696.681785295811
1469500	-4901.12798407539
1470000	-4925.333647464523
1470500	-5284.52848344641
1471000	-4714.1701911343425
1471500	-4449.097249198122
1472000	-4879.499667014187
1472500	-5020.674540345825
1473000	-5011.513227916956
1473500	-5027.408544644816
1474000	-4979.807763849455
1474500	-4845.451513609192
1475000	-4927.665833136396
1475500	-4835.431261635221
1476000	-4829.536147313993
1476500	-4875.982708360876
1477000	-5019.725415891212
1477500	-5164.84456215247
1478000	-5130.8001968451945
1478500	-5086.77498471278
1479000	-5049.998161388143
1479500	-5525.123032359835
1480000	-5085.520446330867
1480500	-4970.377435680579
1481000	-5064.2614566053235
1481500	-4899.249303135349
1482000	-4988.55300967566
1482500	-4751.566399392665
1483000	-5042.623041977225
1483500	-5007.8525090003095
1484000	-4933.253540680113
1484500	-4909.366062078663
1485000	-5152.3954299555235
1485500	-5175.43378900527
1486000	-5889.5481618507865
1486500	-5300.5715636066
1487000	-5111.053034659345
1487500	-4911.129239000415
1488000	-4914.680503460215
1488500	-4959.632269258322
1489000	-4956.7847317848355
1489500	-4866.027041423461
1490000	-4954.0746824738635
1490500	-5154.171161413654
1491000	-5076.174391818852
1491500	-5013.174946249935
1492000	-4878.624179152666
1492500	-4913.58148468426
1493000	-4940.55744577456
1493500	-5077.623568355419
1494000	-4865.331674541294
1494500	-4907.742165555834
1495000	-5136.275119951249
1495500	-5038.857688926761
1496000	-4923.931794617745
1496500	-4887.7900038703865
1497000	-4869.117580897607
1497500	-5033.108402771456
1498000	-5262.159154800507
1498500	-4981.38389725082
1499000	-5039.5429177570695
1499500	-4880.612718157269
1500000	-4527.030067305494
