Sample	likelihood
0	-3564.4572494889308
500	-3547.9905524200653
1000	-3542.1715501006493
1500	-3571.1535689057637
2000	-3543.5149783836687
2500	-3535.899158115077
3000	-3567.1667356283656
3500	-3581.8447637584836
4000	-3588.353056881084
4500	-3560.105415447557
5000	-3592.5527208961703
5500	-3595.126185584465
6000	-3587.1059408254027
6500	-3574.9155791134044
7000	-3591.9954770637046
7500	-3561.0558298591886
8000	-3600.6918845593177
8500	-3588.688406371728
9000	-3558.930178494837
9500	-3553.9506101713064
10000	-3587.6539277942934
10500	-3578.5332726371566
11000	-3570.320046594813
11500	-3560.553443823344
12000	-3614.1152443709725
12500	-3580.006929064697
13000	-3571.191126443113
13500	-3540.451645079437
14000	-3532.8856508270837
14500	-3536.8421733857494
15000	-3514.814465675933
15500	-3529.5301344271647
16000	-3530.5945993769888
16500	-3557.0493763591326
17000	-3552.8350732787785
17500	-3525.081908362203
18000	-3553.7421194173553
18500	-3544.468404732529
19000	-3550.285890517895
19500	-3529.9419754904275
20000	-3516.542334151478
20500	-3537.4618997421176
21000	-3536.0650098216843
21500	-3536.3921062895333
22000	-3539.8005568401227
22500	-3532.6354266365497
23000	-3541.583215533928
23500	-3510.5087649856946
24000	-3514.7141971540914
24500	-3527.6381910242044
25000	-3528.243453648322
25500	-3552.4159584174436
26000	-3496.5050480659693
26500	-3536.336606971745
27000	-3518.9987815639483
27500	-3543.264486229926
28000	-3550.952332838884
28500	-3521.320726695674
29000	-3495.4025727481367
29500	-3496.70114396979
30000	-3547.4375623843653
30500	-3541.299918734466
31000	-3536.992874532269
31500	-3567.4038742660346
32000	-3575.1928336660653
32500	-3534.654768671991
33000	-3565.2776727324654
33500	-3535.8109255943814
34000	-3525.956664218441
34500	-3524.5044706660656
35000	-3537.8713486385464
35500	-3561.4331717098376
36000	-3571.5111345982123
36500	-3545.750477750116
37000	-3533.1137954251476
37500	-3527.0200090752182
38000	-3529.696551856007
38500	-3563.0719740220807
39000	-3506.5170620120707
39500	-3497.901537645048
40000	-3521.809623523843
40500	-3516.5812892246536
41000	-3534.201927829567
41500	-3579.018808628436
42000	-3550.9011689328463
42500	-3564.078313071166
43000	-3562.4061726872906
43500	-3543.9884979951257
44000	-3554.3507763332022
44500	-3541.0057120129736
45000	-3566.286542084579
45500	-3548.744353839912
46000	-3529.238174311948
46500	-3533.6594262626336
47000	-3532.155468130622
47500	-3506.5605141490255
48000	-3560.9357487612583
48500	-3526.942639261616
49000	-3529.2835286315253
49500	-3519.105202326702
50000	-3511.523168766098
50500	-3511.228048263079
51000	-3545.6362941309308
51500	-3523.030805616394
52000	-3529.9052380444646
52500	-3559.801756752312
53000	-3608.70747351195
53500	-3570.9303803808693
54000	-3555.1498080236684
54500	-3547.9553108527593
55000	-3515.3109864332864
55500	-3491.3519115495515
56000	-3512.5000793251793
56500	-3562.5542638032734
57000	-3543.273693158572
57500	-3536.595598817493
58000	-3547.5603398948388
58500	-3559.6388526083533
59000	-3553.627648796173
59500	-3489.3506458202237
60000	-3523.339834215426
60500	-3547.068927016689
61000	-3550.9533416166078
61500	-3568.258396691793
62000	-3498.032520567852
62500	-3507.369740348362
63000	-3521.461477902229
63500	-3502.6717713263174
64000	-3521.1922080543
64500	-3515.4052551566265
65000	-3508.4263289162095
65500	-3509.3467281257936
66000	-3542.639207075606
66500	-3519.0724921381225
67000	-3512.7287057948597
67500	-3518.018644226171
68000	-3507.2078764917987
68500	-3496.902034619099
69000	-3479.5654909044115
69500	-3465.113131732876
70000	-3497.5375067729533
70500	-3507.7442624008922
71000	-3500.677497224682
71500	-3493.0526418309405
72000	-3505.4236058465885
72500	-3499.0538616202475
73000	-3473.7655723306852
73500	-3498.245393298648
74000	-3514.2514406451355
74500	-3500.798833480202
75000	-3509.2970312303087
75500	-3525.4053154806
76000	-3526.3210392095843
76500	-3509.02432472912
77000	-3533.567885240944
77500	-3507.9772447918726
78000	-3519.549536562415
78500	-3498.522181122703
79000	-3497.3619525649024
79500	-3525.961656985684
80000	-3499.47092398175
80500	-3521.0752569474093
81000	-3504.718683965275
81500	-3461.618714310906
82000	-3499.86285033639
82500	-3493.133226566868
83000	-3479.555096164792
83500	-3504.9840480490016
84000	-3508.5637520983028
84500	-3468.580105011694
85000	-3499.3784079132183
85500	-3480.800331088364
86000	-3491.1318525108527
86500	-3479.5776260515904
87000	-3504.026754058051
87500	-3486.8205899600134
88000	-3493.5223182835525
88500	-3480.5472230716287
89000	-3463.255368156405
89500	-3491.4118561143305
90000	-3473.862022437196
90500	-3478.5325529596216
91000	-3513.2969173163756
91500	-3516.5464746273833
92000	-3533.5369415393966
92500	-3490.190360764445
93000	-3501.534923309879
93500	-3494.876840621561
94000	-3494.812235995138
94500	-3473.489054009145
95000	-3516.2375549437033
95500	-3498.353266757795
96000	-3509.329780880766
96500	-3491.596762528621
97000	-3477.696011869807
97500	-3478.9906822971784
98000	-3508.79778988978
98500	-3501.7991359508087
99000	-3505.1081157347144
99500	-3501.285508396785
100000	-3501.7428513210943
100500	-3506.070318240018
101000	-3501.6381841840926
101500	-3532.2800564084005
102000	-3495.6805396671516
102500	-3502.1808375193855
103000	-3528.5034653450075
103500	-3510.816916263453
104000	-3562.905923139068
104500	-3505.061060124056
105000	-3491.8602914244866
105500	-3529.8247144777506
106000	-3554.418094062298
106500	-3519.029020740139
107000	-3535.2451144716683
107500	-3475.9830733369017
108000	-3515.4004749075366
108500	-3520.018486961121
109000	-3506.8649848492323
109500	-3545.8343163099057
110000	-3581.785993814461
110500	-3534.469683850222
111000	-3534.489000302469
111500	-3542.0777389279224
112000	-3524.0764780069167
112500	-3549.297633501476
113000	-3503.5805867112676
113500	-3516.0534000124244
114000	-3523.6851550540955
114500	-3521.675984896211
115000	-3495.842541739266
115500	-3542.4330724355355
116000	-3486.219934376509
116500	-3501.9711654566513
117000	-3519.869534537899
117500	-3513.3723791134084
118000	-3523.133075293892
118500	-3522.6138403405666
119000	-3499.4285615272474
119500	-3518.834988983256
120000	-3475.721141445732
120500	-3490.8521510996466
121000	-3493.9596133951
121500	-3483.0020761358337
122000	-3492.510954559187
122500	-3480.1996999023027
123000	-3502.7611212569054
123500	-3498.6186732742103
124000	-3532.3736453436845
124500	-3496.738615179232
125000	-3523.1486949314453
125500	-3474.2499209994094
126000	-3483.8022679643327
126500	-3472.1173037318986
127000	-3458.9138582494875
127500	-3477.2425238357605
128000	-3494.4481256113672
128500	-3494.5006170172273
129000	-3548.984479506288
129500	-3500.0529783926654
130000	-3509.4647804756046
130500	-3516.442802398422
131000	-3485.0807446886674
131500	-3478.0847836603307
132000	-3500.564611924051
132500	-3534.4839546243675
133000	-3501.9464951760174
133500	-3516.9194017041386
134000	-3500.956683341836
134500	-3496.6894436138605
135000	-3502.642762060045
135500	-3502.700897818357
136000	-3509.3021545585502
136500	-3511.4169839035053
137000	-3498.312090991808
137500	-3513.8628562901854
138000	-3521.7349580566115
138500	-3510.7456910783944
139000	-3506.3431958162773
139500	-3544.309687468312
140000	-3532.643664458511
140500	-3500.4550341454815
141000	-3506.0744218271557
141500	-3528.132340934196
142000	-3525.797224565309
142500	-3512.741551209446
143000	-3532.6946215013077
143500	-3515.3211642970364
144000	-3500.4738094285167
144500	-3529.667694944614
145000	-3515.41136433971
145500	-3524.927772340609
146000	-3495.048211638547
146500	-3488.382464332216
147000	-3503.362430390025
147500	-3502.5833830966785
148000	-3496.590417042151
148500	-3481.909439403735
149000	-3516.7178371655646
149500	-3490.0205230078564
150000	-3478.2501197416054
150500	-3495.8264612514463
151000	-3517.159433407075
151500	-3524.3603955531935
152000	-3538.1128800793554
152500	-3497.1365819242337
153000	-3506.858622024839
153500	-3485.7080846124713
154000	-3504.892987800249
154500	-3489.670405402382
155000	-3480.778795810479
155500	-3491.942131972022
156000	-3519.756732501245
156500	-3517.139661666515
157000	-3531.2099802191
157500	-3513.715184568528
158000	-3502.942929298726
158500	-3499.4898695094375
159000	-3516.216017517578
159500	-3493.5091191692077
160000	-3482.585107762306
160500	-3485.9372800525925
161000	-3506.6798100435153
161500	-3505.6540796023387
162000	-3495.717289270844
162500	-3526.7447382228665
163000	-3488.911016446324
163500	-3508.5412779114636
164000	-3480.936397558336
164500	-3514.9904189747767
165000	-3517.2995982919942
165500	-3499.0643560131575
166000	-3540.317795166627
166500	-3517.8326746314647
167000	-3493.465297986731
167500	-3486.471446209588
168000	-3506.790280745051
168500	-3502.9488163875876
169000	-3479.6796754756733
169500	-3475.0390079508425
170000	-3506.042070001641
170500	-3507.1048051815815
171000	-3477.9529920832633
171500	-3491.360429299791
172000	-3468.67556437663
172500	-3465.1230769290464
173000	-3476.4619996997526
173500	-3456.070093626602
174000	-3486.0315877650723
174500	-3523.827714614393
175000	-3493.007467857758
175500	-3532.156734408145
176000	-3497.0214487527255
176500	-3470.5691951568338
177000	-3509.8282799692356
177500	-3487.2585042709766
178000	-3510.7155124712617
178500	-3495.3574289822427
179000	-3517.502448147366
179500	-3497.060754316499
180000	-3555.175940870859
180500	-3520.3582071124492
181000	-3515.0388739111536
181500	-3524.432547058666
182000	-3519.18206552825
182500	-3514.800750149364
183000	-3522.1759929542177
183500	-3477.224550064965
184000	-3497.5924081403878
184500	-3502.3756644750515
185000	-3508.351082269161
185500	-3498.977046012608
186000	-3514.7092443368474
186500	-3513.9203218030675
187000	-3502.8664544986245
187500	-3547.6017372493575
188000	-3555.4380245950138
188500	-3528.0862132297348
189000	-3512.713467763942
189500	-3481.4316535640064
190000	-3506.348997711076
190500	-3510.762389162264
191000	-3502.404811509928
191500	-3491.8794640157425
192000	-3514.7258684114254
192500	-3483.482964974935
193000	-3525.595475892738
193500	-3501.3964637833055
194000	-3492.3265504991673
194500	-3496.820136676688
195000	-3502.216025201929
195500	-3517.7824581929863
196000	-3503.4586424941035
196500	-3516.1323200989277
197000	-3522.7451823419065
197500	-3512.1546986769695
198000	-3501.246405999973
198500	-3511.6085834577852
199000	-3473.155697578354
199500	-3464.4850139098467
200000	-3483.8142648781504
200500	-3491.3834772250684
201000	-3503.511130294095
201500	-3487.333060748575
202000	-3496.7122491998734
202500	-3497.6835723215468
203000	-3530.757629713791
203500	-3500.458593769814
204000	-3497.364550392922
204500	-3510.6455680206577
205000	-3500.955984680468
205500	-3515.184780087477
206000	-3540.0608139097812
206500	-3525.6319325710274
207000	-3537.666902672636
207500	-3490.506405792529
208000	-3514.61944021925
208500	-3531.548878237927
209000	-3524.1163471398454
209500	-3535.549840013334
210000	-3546.465220264945
210500	-3523.4509416495657
211000	-3544.6798276422364
211500	-3521.168176366353
212000	-3492.2057052874816
212500	-3510.7249021241705
213000	-3507.771098184625
213500	-3523.061945766824
214000	-3548.4591513053965
214500	-3528.9469925126114
215000	-3517.466115911902
215500	-3549.12004765061
216000	-3517.4293232444306
216500	-3520.9595664030435
217000	-3524.739997935537
217500	-3527.102506043223
218000	-3522.508783639586
218500	-3512.0500772879477
219000	-3494.0636331024075
219500	-3494.0467970770023
220000	-3505.21428541431
220500	-3541.4931916133446
221000	-3506.0622202774384
221500	-3475.6541690393647
222000	-3503.658032006576
222500	-3493.884593919078
223000	-3517.8052086180933
223500	-3505.1679720857837
224000	-3488.990914553101
224500	-3514.422727396327
225000	-3492.740280319054
225500	-3502.976764207617
226000	-3504.899883036334
226500	-3503.6486996388853
227000	-3509.3654106424647
227500	-3479.1244271631886
228000	-3483.427067801441
228500	-3475.246726424291
229000	-3521.7683418413735
229500	-3517.880388062536
230000	-3502.7390267712776
230500	-3496.172872017061
231000	-3486.464066928472
231500	-3506.6078510917173
232000	-3513.3742901076366
232500	-3515.0568243953344
233000	-3504.489879542502
233500	-3510.870506988533
234000	-3516.5536830369097
234500	-3514.976024453571
235000	-3513.476262597392
235500	-3527.813306424438
236000	-3526.523668591854
236500	-3519.8928892110594
237000	-3519.708886907383
237500	-3514.5681597973557
238000	-3534.929994659731
238500	-3508.6974596891996
239000	-3497.4155194156237
239500	-3537.462743998806
240000	-3509.5969121705716
240500	-3524.1497634999323
241000	-3523.653208193672
241500	-3506.7350740417373
242000	-3519.418850202755
242500	-3549.697417883692
243000	-3525.8279272852214
243500	-3516.154316394493
244000	-3537.1499909541594
244500	-3521.136066839038
245000	-3524.713235221319
245500	-3502.187989598312
246000	-3506.9442012046834
246500	-3513.1872270810086
247000	-3514.0358424030965
247500	-3499.7929398934684
248000	-3530.5629686674674
248500	-3538.167892028256
249000	-3577.2776315555816
249500	-3601.5405560072413
250000	-3601.2418249801326
250500	-3585.4762913818754
251000	-3580.260722892994
251500	-3553.653966820251
252000	-3565.342577719581
252500	-3565.331056711976
253000	-3599.0220936594314
253500	-3579.2776716877293
254000	-3554.5367285468305
254500	-3512.2642857862706
255000	-3533.195472672938
255500	-3507.8617906059035
256000	-3558.960313250788
256500	-3551.1433654214147
257000	-3508.926779345333
257500	-3516.4921414591945
258000	-3510.921058309779
258500	-3512.260975253336
259000	-3484.329340766558
259500	-3489.4359021748587
260000	-3525.050042633635
260500	-3507.6018262867865
261000	-3511.4968252994345
261500	-3540.7022359395305
262000	-3521.47949562425
262500	-3496.30312736617
263000	-3533.1835119893826
263500	-3508.0884451368483
264000	-3530.258133326185
264500	-3515.8155564508006
265000	-3494.4332870611624
265500	-3523.6633165701523
266000	-3525.301464254988
266500	-3536.354779248664
267000	-3510.6879144830486
267500	-3551.841395333873
268000	-3547.6248571732617
268500	-3505.2868217209743
269000	-3543.166338071298
269500	-3519.081922184305
270000	-3496.146273740518
270500	-3474.4415012095205
271000	-3488.91299670872
271500	-3477.0036407867424
272000	-3492.9578937157225
272500	-3502.2986343687026
273000	-3500.0745823002803
273500	-3509.889316967867
274000	-3496.0837233610728
274500	-3537.3206402819474
275000	-3553.327035406991
275500	-3534.067975518675
276000	-3543.581808849759
276500	-3501.6325364370805
277000	-3505.7164161655437
277500	-3515.439318439616
278000	-3505.2661365682316
278500	-3503.4768731112185
279000	-3497.0731635685975
279500	-3510.6319362266313
280000	-3479.5628082936037
280500	-3485.89696249542
281000	-3496.1972462473786
281500	-3527.035070591073
282000	-3500.3838529984323
282500	-3477.721004033989
283000	-3490.0789887085975
283500	-3478.1900305706995
284000	-3486.1566896216277
284500	-3470.699649918921
285000	-3472.382993181603
285500	-3500.418818339767
286000	-3496.6143383175713
286500	-3478.7562166534926
287000	-3502.0028761023923
287500	-3519.705034111631
288000	-3505.074275758384
288500	-3497.0789399287182
289000	-3504.5413094580135
289500	-3533.564188582802
290000	-3513.436384790836
290500	-3511.1130903884255
291000	-3538.9401823063426
291500	-3520.776771212676
292000	-3525.6672343311207
292500	-3526.8254416748528
293000	-3514.12845989188
293500	-3539.5937099576586
294000	-3514.263461647216
294500	-3505.067948517816
295000	-3496.215575602378
295500	-3517.3077552843865
296000	-3488.442868951634
296500	-3479.455467147761
297000	-3524.258297774123
297500	-3519.761214361977
298000	-3512.213972455625
298500	-3513.484629719405
299000	-3486.254318944904
299500	-3492.165802312338
300000	-3517.1387177204974
300500	-3499.8232315661335
301000	-3533.3434829971943
301500	-3503.6520717658123
302000	-3512.160031308158
302500	-3536.2329574972714
303000	-3527.9036169708816
303500	-3529.030683640226
304000	-3559.784255390374
304500	-3569.213392572229
305000	-3529.1424204178406
305500	-3546.431465742579
306000	-3556.1217490083336
306500	-3541.7682507477
307000	-3532.7183093477697
307500	-3541.6794660936816
308000	-3555.9368962960925
308500	-3557.1975939187005
309000	-3512.208831556051
309500	-3538.368900581649
310000	-3567.8489622857346
310500	-3566.1263033096347
311000	-3517.27915340591
311500	-3532.9624253093903
312000	-3540.3453425689663
312500	-3510.3809212806214
313000	-3489.3452539891296
313500	-3489.3119504452284
314000	-3527.0967786810565
314500	-3523.043510484826
315000	-3497.7411909024386
315500	-3498.1325139587602
316000	-3495.773646499204
316500	-3529.365757846838
317000	-3542.596435106124
317500	-3559.209425691988
318000	-3526.039721944273
318500	-3521.923831658752
319000	-3522.958408402977
319500	-3529.8227619675285
320000	-3523.188541287756
320500	-3522.143680054445
321000	-3513.4945128756226
321500	-3515.8776354926836
322000	-3513.9229018023584
322500	-3479.595323501446
323000	-3523.519319569882
323500	-3554.5484123928613
324000	-3526.231828269756
324500	-3526.4949942829853
325000	-3504.7643977878583
325500	-3486.7741140282747
326000	-3508.2116838893394
326500	-3521.823051643109
327000	-3504.3246587808926
327500	-3502.019179236127
328000	-3505.53811215385
328500	-3495.762991655517
329000	-3486.0578189426087
329500	-3478.028671840405
330000	-3491.550151505385
330500	-3506.390193825445
331000	-3533.568637218068
331500	-3525.9424537438686
332000	-3481.5762922450635
332500	-3492.8193177912276
333000	-3531.3518574749305
333500	-3507.5805102757654
334000	-3514.1105935428127
334500	-3515.1630980067357
335000	-3511.194676579216
335500	-3514.8517296815976
336000	-3519.7054544779403
336500	-3494.0684009811803
337000	-3478.675385672194
337500	-3529.108196343624
338000	-3538.771022085357
338500	-3521.8731312731693
339000	-3519.8492923304275
339500	-3499.220410035528
340000	-3581.2600265117067
340500	-3558.4460941279203
341000	-3491.8741303938646
341500	-3500.3539859437965
342000	-3500.100763240104
342500	-3530.413625719323
343000	-3515.250537908266
343500	-3503.2078486089167
344000	-3502.2601052225673
344500	-3481.3003882304283
345000	-3495.3835433167983
345500	-3520.0345106578466
346000	-3529.469021990688
346500	-3565.5791496409925
347000	-3520.3315720954697
347500	-3521.6160557721014
348000	-3505.2591881583317
348500	-3482.091953232271
349000	-3517.220957222481
349500	-3510.3831752424985
350000	-3505.3912861337913
350500	-3513.9646052412013
351000	-3515.3988166753693
351500	-3502.6387154130502
352000	-3508.1564683373103
352500	-3500.2965824222756
353000	-3499.4900762022808
353500	-3502.710916359528
354000	-3502.6129951505304
354500	-3516.639180607566
355000	-3525.409926575287
355500	-3515.474402655714
356000	-3494.961073318246
356500	-3504.245396633087
357000	-3514.3043261336534
357500	-3519.3284543523628
358000	-3504.3398605873413
358500	-3506.160485303923
359000	-3520.9999638963563
359500	-3489.6679550446247
360000	-3496.177441573546
360500	-3489.8782500662774
361000	-3521.002649319872
361500	-3522.5841386810007
362000	-3552.536778763317
362500	-3596.4121201469165
363000	-3570.738140126229
363500	-3542.0939939919413
364000	-3573.024157642952
364500	-3551.7086318218076
365000	-3557.408330833217
365500	-3519.4065067080314
366000	-3504.4267650196516
366500	-3528.8187560468878
367000	-3547.7946472778476
367500	-3531.660982238783
368000	-3534.767002535476
368500	-3530.6507016333235
369000	-3551.541668417826
369500	-3536.560003316186
370000	-3518.250141589674
370500	-3538.9470631895156
371000	-3521.879545450589
371500	-3526.6114865017485
372000	-3550.0873920906315
372500	-3524.6908965681087
373000	-3517.0178141099827
373500	-3510.5483846674747
374000	-3505.8322823039207
374500	-3528.1845213622014
375000	-3540.2022506070925
375500	-3511.277040024346
376000	-3494.3144176304213
376500	-3510.7683944557543
377000	-3526.7138125450565
377500	-3503.075660611816
378000	-3510.6280989049606
378500	-3527.952015001369
379000	-3547.7582558798103
379500	-3497.4268374972144
380000	-3507.299639380466
380500	-3497.14982042707
381000	-3519.6797405683533
381500	-3545.773233637062
382000	-3514.1029411462396
382500	-3488.7760877040555
383000	-3511.6635548630056
383500	-3525.5348881675823
384000	-3496.1154619976164
384500	-3510.041031621252
385000	-3530.1694198460355
385500	-3527.6996563358534
386000	-3528.5493282174752
386500	-3510.0294820715694
387000	-3549.487212080162
387500	-3538.2264870795466
388000	-3548.3563926727907
388500	-3514.5045435838047
389000	-3538.340442081657
389500	-3536.6911660959863
390000	-3559.1629653943696
390500	-3558.2223781698617
391000	-3524.699838270239
391500	-3539.7968786591446
392000	-3519.1230321868843
392500	-3532.2871752249043
393000	-3501.5739505253414
393500	-3497.7303901792666
394000	-3512.9771927691763
394500	-3507.502100625706
395000	-3498.1860821242644
395500	-3508.7849636878805
396000	-3513.884820440437
396500	-3479.0316282257086
397000	-3516.640462781177
397500	-3535.3410768203507
398000	-3506.6698259551513
398500	-3489.261890696855
399000	-3534.2352048215407
399500	-3541.1579686969753
400000	-3532.031286025951
400500	-3521.5718988927856
401000	-3545.643591977223
401500	-3558.787898165303
402000	-3547.093504201113
402500	-3500.59846114999
403000	-3513.640187913483
403500	-3519.3267452665177
404000	-3513.699085929598
404500	-3534.3987787618034
405000	-3555.3356083720246
405500	-3524.1108449414296
406000	-3512.731760868658
406500	-3566.6215758877665
407000	-3564.5059753237792
407500	-3534.0381781155425
408000	-3544.0213110180143
408500	-3565.840922568891
409000	-3565.721869370551
409500	-3571.3782719633796
410000	-3553.7001752586166
410500	-3531.5876688046937
411000	-3531.632214537843
411500	-3553.935179815579
412000	-3524.993277013673
412500	-3561.714567251924
413000	-3515.8840761630318
413500	-3519.1780412495823
414000	-3531.7354586736337
414500	-3506.1940609362255
415000	-3526.468324105774
415500	-3523.6344388837806
416000	-3519.6221326767213
416500	-3529.90167934238
417000	-3546.006063317602
417500	-3525.392551233646
418000	-3572.5373219870175
418500	-3533.643114024305
419000	-3518.187958910815
419500	-3539.3208755509513
420000	-3538.7778295471862
420500	-3503.678569371834
421000	-3538.356853087845
421500	-3542.053324542687
422000	-3562.222792265546
422500	-3542.249434564288
423000	-3533.055928060334
423500	-3535.4819391052474
424000	-3533.4028437217894
424500	-3533.150318561388
425000	-3533.9361384133285
425500	-3507.2789908477384
426000	-3534.6304409914937
426500	-3511.4063954804724
427000	-3508.2147021332653
427500	-3516.73257080904
428000	-3539.7989966511946
428500	-3559.9063198662675
429000	-3516.206471828225
429500	-3530.793436603869
430000	-3488.350552015322
430500	-3473.3435465825987
431000	-3497.8762213573664
431500	-3512.875228502227
432000	-3482.7375584734937
432500	-3507.2625491861363
433000	-3493.0048073408484
433500	-3501.9281547658
434000	-3523.1556659457306
434500	-3543.319796135483
435000	-3484.7044593518604
435500	-3472.9721969098987
436000	-3496.6902825824536
436500	-3499.831470366813
437000	-3505.5512430016147
437500	-3512.045385919241
438000	-3490.719486127989
438500	-3511.2734764024594
439000	-3513.9714016727125
439500	-3490.908955777469
440000	-3542.8766859651346
440500	-3506.779091499586
441000	-3518.152573668043
441500	-3536.1849872385787
442000	-3517.1509882660944
442500	-3495.335905465963
443000	-3499.270673582828
443500	-3545.81234395984
444000	-3514.781822682906
444500	-3522.7371823574804
445000	-3517.0592040192787
445500	-3492.9880249595203
446000	-3498.3531365506487
446500	-3520.1249818327265
447000	-3496.057794926428
447500	-3527.1738850306942
448000	-3522.511604758348
448500	-3516.0760888391646
449000	-3522.797762724489
449500	-3526.659862737664
450000	-3534.103649780375
450500	-3529.5034027576776
451000	-3490.396201692027
451500	-3510.384864287848
452000	-3524.9498894568446
452500	-3512.0973404518218
453000	-3536.4171448659263
453500	-3517.706656915447
454000	-3496.2916536151274
454500	-3511.835565175875
455000	-3502.7099038908023
455500	-3513.8307892632333
456000	-3518.435410179077
456500	-3497.7619782746783
457000	-3517.368210876064
457500	-3507.6230885200603
458000	-3514.556563860026
458500	-3504.830386423702
459000	-3509.3244413923153
459500	-3514.7082203921045
460000	-3505.4730439319615
460500	-3510.5405369768305
461000	-3479.737075723675
461500	-3525.1529440221743
462000	-3514.3998220894487
462500	-3522.9043112855684
463000	-3505.6112642998955
463500	-3515.6976590933737
464000	-3517.979398466801
464500	-3506.0865265941898
465000	-3510.3099866463954
465500	-3534.9646810237205
466000	-3514.252254036944
466500	-3523.2020748311916
467000	-3522.035105184445
467500	-3523.9289813097357
468000	-3485.2319326082215
468500	-3487.8251297034503
469000	-3490.1300629154784
469500	-3467.335306229576
470000	-3482.3397471129197
470500	-3531.400300891459
471000	-3505.1252341557674
471500	-3489.0577672446443
472000	-3496.1300811587053
472500	-3493.6280716692454
473000	-3505.920825665451
473500	-3506.804988782831
474000	-3554.9431496269463
474500	-3487.9708819721764
475000	-3531.733153876899
475500	-3506.01572843296
476000	-3537.4041714158748
476500	-3519.53734883596
477000	-3497.365300471699
477500	-3521.343207891123
478000	-3549.954449374389
478500	-3553.324947976246
479000	-3526.4476063524553
479500	-3532.028077875644
480000	-3528.956229055388
480500	-3509.0227624602585
481000	-3499.9826274441198
481500	-3501.574619420733
482000	-3503.7181620334077
482500	-3518.1285733506093
483000	-3521.1572074057235
483500	-3513.505381845445
484000	-3496.5903602115823
484500	-3526.2506162201125
485000	-3531.743099465989
485500	-3549.8557993989216
486000	-3504.5116756347948
486500	-3515.4013077449267
487000	-3535.5449141742124
487500	-3518.4098202951786
488000	-3534.331047638512
488500	-3503.032533554161
489000	-3512.7287661894834
489500	-3491.12568393776
490000	-3522.4864302256055
490500	-3507.8628384145964
491000	-3520.473560152318
491500	-3493.2293226265906
492000	-3500.5301419702582
492500	-3478.0489831087834
493000	-3471.562201191605
493500	-3504.9403275438012
494000	-3516.251964162693
494500	-3532.532795081037
495000	-3532.163973959642
495500	-3497.721071563003
496000	-3485.8372066728894
496500	-3492.516609369473
497000	-3503.960256108065
497500	-3484.2992086666313
498000	-3474.7163632598163
498500	-3477.823263172672
499000	-3498.436909184063
499500	-3486.3877750957404
500000	-3484.3057392183414
500500	-3517.875110495322
501000	-3494.4032462080563
501500	-3481.1499672163736
502000	-3504.221529683738
502500	-3462.3718086358685
503000	-3467.2358041101606
503500	-3469.8172832794303
504000	-3513.479600735379
504500	-3485.541333550228
505000	-3468.6499872267445
505500	-3483.415014684221
506000	-3501.7503758605094
506500	-3497.782871830162
507000	-3484.377247690281
507500	-3490.825784044262
508000	-3506.829900304955
508500	-3517.535955718974
509000	-3530.237054753213
509500	-3542.7448085259502
510000	-3534.8208020924944
510500	-3549.5260280626853
511000	-3504.8773245098446
511500	-3511.2866760052802
512000	-3518.633983291689
512500	-3497.693066407944
513000	-3485.154302254397
513500	-3503.0258485327176
514000	-3538.1281924105106
514500	-3519.0024116636746
515000	-3531.3438969850413
515500	-3533.5330967457357
516000	-3569.2894646282944
516500	-3520.721481539607
517000	-3507.2718570610787
517500	-3526.7149980820627
518000	-3491.437501499765
518500	-3523.7472214297563
519000	-3501.5235727978284
519500	-3515.491593099836
520000	-3517.1185586672486
520500	-3522.1515708930356
521000	-3541.2693631747784
521500	-3514.194880099667
522000	-3496.2137289542575
522500	-3529.263848890922
523000	-3531.062500066981
523500	-3510.0420339824814
524000	-3526.5695612296563
524500	-3506.179688236046
525000	-3483.1800151438647
525500	-3498.969478204367
526000	-3468.9605542270924
526500	-3458.820513047183
527000	-3480.981767310926
527500	-3466.403749954152
528000	-3472.462827187428
528500	-3516.3681645984307
529000	-3515.7741291130737
529500	-3509.650119641181
530000	-3471.646672636138
530500	-3467.7913666539475
531000	-3464.267562506806
531500	-3520.901600778535
532000	-3550.1539545331084
532500	-3530.0532109485175
533000	-3471.857111110329
533500	-3541.153577432473
534000	-3510.796264769561
534500	-3559.1208914236663
535000	-3497.00499606466
535500	-3512.081383302847
536000	-3488.2548454724356
536500	-3496.063925268135
537000	-3513.2145763362087
537500	-3505.5003666384373
538000	-3506.784210834819
538500	-3525.9455548458086
539000	-3511.9618023071243
539500	-3549.19329281247
540000	-3492.1525556715105
540500	-3497.349099803147
541000	-3502.406686034592
541500	-3493.074210593139
542000	-3468.7268571637032
542500	-3487.107916057281
543000	-3506.877648325733
543500	-3507.4561430472436
544000	-3500.473707800062
544500	-3495.929306051813
545000	-3511.89464771467
545500	-3499.8698923339116
546000	-3494.433956598933
546500	-3479.579647301255
547000	-3501.965042775474
547500	-3478.5229430351174
548000	-3497.283690770034
548500	-3511.368890021708
549000	-3492.929768617543
549500	-3486.771938111568
550000	-3513.7736330781854
550500	-3486.332592034852
551000	-3492.0985336334056
551500	-3506.1910446097736
552000	-3526.2331837509355
552500	-3499.694122541391
553000	-3513.6235672729017
553500	-3500.8204559599953
554000	-3476.41607781037
554500	-3527.779147639533
555000	-3501.251695654541
555500	-3524.9834731951073
556000	-3499.3459631974315
556500	-3518.4358391627297
557000	-3489.2966124297127
557500	-3525.7716557468684
558000	-3477.8503236595284
558500	-3503.4791417700467
559000	-3487.154424921426
559500	-3529.2409425478418
560000	-3556.441397843675
560500	-3518.0537343638357
561000	-3550.9390186415108
561500	-3484.6135103469483
562000	-3565.3070003283287
562500	-3529.2742298326616
563000	-3503.793093476252
563500	-3512.591179431098
564000	-3531.422370377938
564500	-3554.8184340382236
565000	-3568.3001368755727
565500	-3530.57186413721
566000	-3483.2764962317974
566500	-3492.080438839929
567000	-3492.5586536572864
567500	-3524.226888474987
568000	-3507.957845860261
568500	-3506.736017722696
569000	-3490.167826957271
569500	-3508.336589941337
570000	-3466.242001624024
570500	-3482.356741429968
571000	-3483.761206992134
571500	-3477.749958163371
572000	-3484.8037906273844
572500	-3502.37478215085
573000	-3468.479699454287
573500	-3498.207276467036
574000	-3476.4745590580883
574500	-3462.51857231762
575000	-3475.4202661392706
575500	-3472.7796979462933
576000	-3477.9774754662585
576500	-3490.3210019479475
577000	-3505.05845281446
577500	-3540.6479219461658
578000	-3503.688452213738
578500	-3509.994381659776
579000	-3523.954818809894
579500	-3508.468309302991
580000	-3523.0074996868925
580500	-3510.51757763601
581000	-3537.8616262568676
581500	-3505.710194974859
582000	-3497.4048416365154
582500	-3503.9240084546127
583000	-3499.3736164106213
583500	-3498.700780602043
584000	-3511.1661214423234
584500	-3497.4014599862226
585000	-3531.7931209110347
585500	-3502.1944951024548
586000	-3511.0731044440463
586500	-3511.675990974189
587000	-3470.234194368165
587500	-3535.069180975169
588000	-3524.5354072866794
588500	-3579.7840153019956
589000	-3526.568935047393
589500	-3504.4272466252605
590000	-3496.031240504233
590500	-3553.5193950108414
591000	-3531.2259457319788
591500	-3497.610106632495
592000	-3563.146744287097
592500	-3506.8809509017105
593000	-3506.4387778589958
593500	-3521.6496073841968
594000	-3484.0964156512446
594500	-3508.47269139117
595000	-3550.2475253477496
595500	-3493.9618239556085
596000	-3506.272480206804
596500	-3519.2441777969593
597000	-3533.9600231887534
597500	-3510.0369281757244
598000	-3496.1075439385727
598500	-3520.135852818107
599000	-3501.659323852496
599500	-3500.956433832085
600000	-3509.3383854248195
600500	-3508.094322970649
601000	-3508.0908659412
601500	-3524.282881966014
602000	-3492.458392841986
602500	-3502.4550083612585
603000	-3506.7613241729696
603500	-3487.2024380917887
604000	-3505.2166048328168
604500	-3508.602133174144
605000	-3516.7281263299465
605500	-3533.817233140116
606000	-3497.8373906692527
606500	-3517.9683114527443
607000	-3541.250745504867
607500	-3510.311290473176
608000	-3493.694176733125
608500	-3509.9647948561305
609000	-3479.2519232016034
609500	-3484.3593778923228
610000	-3538.189749068585
610500	-3528.358780953671
611000	-3534.3381637789566
611500	-3494.7419197089557
612000	-3480.82655819545
612500	-3501.982397908619
613000	-3492.2583967719424
613500	-3518.998614868062
614000	-3531.350421481096
614500	-3497.6346708146857
615000	-3496.4517749475376
615500	-3520.0337304503323
616000	-3501.5935080053896
616500	-3539.877829333273
617000	-3510.1624029208606
617500	-3510.165801607433
618000	-3492.376563867535
618500	-3517.9011352074726
619000	-3501.9170729825205
619500	-3520.2873064804244
620000	-3475.29536544472
620500	-3511.0718948155777
621000	-3522.303888929032
621500	-3565.714168446024
622000	-3566.6517955238646
622500	-3532.8750850973624
623000	-3532.491620121336
623500	-3556.7514388078635
624000	-3531.1013015431313
624500	-3540.3075115211855
625000	-3534.092425614029
625500	-3532.4737790679847
626000	-3509.360973503999
626500	-3512.5946333327656
627000	-3494.9538270046073
627500	-3522.3610361300234
628000	-3510.9925655262996
628500	-3506.222533681465
629000	-3513.56693740263
629500	-3577.8671234779595
630000	-3556.5453333191003
630500	-3534.2354256243025
631000	-3550.0199092312546
631500	-3549.681004970809
632000	-3517.923970487859
632500	-3582.5775415060066
633000	-3476.6793217140507
633500	-3494.2603217929773
634000	-3508.362675023017
634500	-3514.642648470993
635000	-3525.3363598694805
635500	-3511.596783555549
636000	-3490.596471207212
636500	-3505.5417282152293
637000	-3497.468098160641
637500	-3501.8999454890927
638000	-3527.9388385812595
638500	-3518.9524970545303
639000	-3482.478479759917
639500	-3536.796847552027
640000	-3514.2663147440676
640500	-3502.6594173572544
641000	-3480.15263841703
641500	-3506.7398846147544
642000	-3497.8531159046
642500	-3489.6972966937396
643000	-3491.5814044415347
643500	-3487.4890482679625
644000	-3506.892350718865
644500	-3507.868379615215
645000	-3506.349976064554
645500	-3484.274211042778
646000	-3506.537974496462
646500	-3485.5046119492035
647000	-3484.635422068704
647500	-3508.975194981267
648000	-3554.66373415996
648500	-3507.0401723426344
649000	-3490.744604090095
649500	-3479.1395383959944
650000	-3459.2190734174155
650500	-3500.7901812147375
651000	-3518.6298692446617
651500	-3562.1775484395066
652000	-3484.7487421168175
652500	-3493.7775766658597
653000	-3531.9529945420754
653500	-3508.025567041983
654000	-3503.892206374433
654500	-3518.463326242759
655000	-3491.555886009388
655500	-3498.777255253922
656000	-3523.998906230661
656500	-3510.394939133086
657000	-3506.7039577104943
657500	-3506.668351029875
658000	-3514.098560859131
658500	-3494.581899774106
659000	-3492.065291674651
659500	-3512.7846775892694
660000	-3539.772827425952
660500	-3506.5324163669593
661000	-3513.840644701891
661500	-3523.808706903911
662000	-3496.3451797968573
662500	-3518.082356454773
663000	-3530.981375971692
663500	-3506.1460315948934
664000	-3487.403141752441
664500	-3524.085877108407
665000	-3500.8101539878458
665500	-3520.729223186014
666000	-3512.566717867624
666500	-3513.964301247526
667000	-3525.731015835951
667500	-3533.6922735122566
668000	-3511.2597188871937
668500	-3510.595269288047
669000	-3501.574210587205
669500	-3501.728952966128
670000	-3513.9820426249344
670500	-3500.810633250636
671000	-3532.7439182357875
671500	-3544.696730369455
672000	-3478.0864376447716
672500	-3513.3958866089743
673000	-3463.0572790150745
673500	-3530.780748908977
674000	-3564.1948654361577
674500	-3540.2334255918995
675000	-3504.9094547697296
675500	-3473.4164752170964
676000	-3488.271434203111
676500	-3480.460005330532
677000	-3519.9578474206473
677500	-3551.8106149633572
678000	-3485.270199446247
678500	-3475.5360060144435
679000	-3490.9095123368634
679500	-3515.64657840931
680000	-3484.024547084621
680500	-3491.221048353037
681000	-3486.6064897889682
681500	-3488.8805300952904
682000	-3491.3573422262216
682500	-3475.6095277745776
683000	-3475.2708439443245
683500	-3480.815648581595
684000	-3500.069372912532
684500	-3486.8304914265914
685000	-3462.0499484217016
685500	-3470.426126103852
686000	-3501.698555727476
686500	-3515.077173377699
687000	-3505.028400503818
687500	-3486.1938221823652
688000	-3509.2463275034133
688500	-3519.513636286066
689000	-3515.6302980308324
689500	-3484.3371700526536
690000	-3510.9991462011244
690500	-3496.633063487126
691000	-3517.821989682881
691500	-3498.4259151210845
692000	-3456.248763620144
692500	-3509.268416297952
693000	-3540.4488229060003
693500	-3533.1588751211984
694000	-3509.1241519106893
694500	-3502.225761364032
695000	-3471.440384974998
695500	-3479.525983242515
696000	-3479.197603872523
696500	-3502.8561469935185
697000	-3499.699732316239
697500	-3485.417142025176
698000	-3477.220412071415
698500	-3484.0721108284692
699000	-3490.170812914934
699500	-3506.226527430508
700000	-3540.917499746081
700500	-3503.802290048307
701000	-3503.169675855431
701500	-3502.8076616611843
702000	-3487.381976634653
702500	-3501.4764502427242
703000	-3507.012404089479
703500	-3490.7158747932917
704000	-3520.664392961695
704500	-3513.4753068785885
705000	-3496.0704867955233
705500	-3483.863061292517
706000	-3504.9176111363386
706500	-3489.226349183196
707000	-3490.2356276073224
707500	-3492.7953468584274
708000	-3508.3711980755575
708500	-3529.0833990561873
709000	-3517.0235572866472
709500	-3525.4818315851826
710000	-3542.2968655549103
710500	-3509.921816369257
711000	-3519.658925841501
711500	-3520.763305202011
712000	-3524.987507207465
712500	-3510.2148354350343
713000	-3526.5736661351075
713500	-3537.5526427974473
714000	-3533.7047952241646
714500	-3532.258453290878
715000	-3535.6892006622315
715500	-3541.5347517838995
716000	-3498.014178571437
716500	-3473.6358167112962
717000	-3505.9993814167824
717500	-3501.347910315567
718000	-3502.836931939686
718500	-3522.9879673068353
719000	-3502.793244481258
719500	-3523.375871199288
720000	-3526.585221215771
720500	-3520.1555458624416
721000	-3550.862188158814
721500	-3525.6614841782207
722000	-3528.801571967639
722500	-3531.040891018101
723000	-3520.065863515836
723500	-3505.998805021159
724000	-3519.5075010717023
724500	-3491.019371647087
725000	-3521.090746670642
725500	-3527.222649296113
726000	-3512.0377301437507
726500	-3519.129234979575
727000	-3501.2455664822237
727500	-3487.471889854515
728000	-3541.43081559613
728500	-3560.2935775082433
729000	-3505.562636360434
729500	-3513.3244367691404
730000	-3528.429587339717
730500	-3537.0977215141834
731000	-3507.8495461474477
731500	-3532.4338208813483
732000	-3513.503857304231
732500	-3491.0825613277466
733000	-3481.68363768152
733500	-3495.814403970788
734000	-3518.1029153748477
734500	-3495.425213032955
735000	-3503.430238199995
735500	-3499.9942061570855
736000	-3505.21117976542
736500	-3506.857120847334
737000	-3485.1101244298025
737500	-3541.909324777115
738000	-3534.88504499045
738500	-3538.8976823440307
739000	-3523.624224600425
739500	-3508.728235264071
740000	-3519.809958084834
740500	-3515.80238346672
741000	-3498.0385160880037
741500	-3522.081101902968
742000	-3522.374700350118
742500	-3531.018614967494
743000	-3524.3627246254846
743500	-3522.4295486824244
744000	-3517.4474015399896
744500	-3512.247744915521
745000	-3512.3907880049287
745500	-3513.5990164824993
746000	-3478.1188499006325
746500	-3539.604547033883
747000	-3479.2825501213947
747500	-3496.1340249980003
748000	-3492.5878794000914
748500	-3493.360355087835
749000	-3504.8884405609365
749500	-3518.258321775347
750000	-3504.437176675461
750500	-3509.7554004344156
751000	-3516.089239698035
751500	-3497.507639108498
752000	-3512.9841772394907
752500	-3512.388676719799
753000	-3502.617444104922
753500	-3508.482794429044
754000	-3527.621537174248
754500	-3546.668261692717
755000	-3558.4419152035457
755500	-3523.0329022137744
756000	-3534.4977006251524
756500	-3512.467692361489
757000	-3502.566991165771
757500	-3514.2766752843563
758000	-3497.8056619483978
758500	-3485.3396209005214
759000	-3511.720218172296
759500	-3545.5177660081813
760000	-3507.014819810104
760500	-3536.500707947155
761000	-3625.9947641084705
761500	-3543.7595065351543
762000	-3540.5583378184665
762500	-3513.596369657048
763000	-3536.607734659041
763500	-3504.0574028560727
764000	-3506.668342630432
764500	-3510.999054661387
765000	-3515.308169266678
765500	-3507.5746699015353
766000	-3496.4336961979166
766500	-3507.371691288431
767000	-3485.4142179170753
767500	-3524.6235126202573
768000	-3564.6087822672516
768500	-3495.4061818722666
769000	-3524.0573134059073
769500	-3527.8004871876187
770000	-3550.5895095408573
770500	-3531.8165663612795
771000	-3508.513279540729
771500	-3503.523207864823
772000	-3542.0672273904675
772500	-3509.293554760935
773000	-3528.0183909650573
773500	-3562.7697022572397
774000	-3569.5543928244856
774500	-3589.7287378317073
775000	-3553.8461184247344
775500	-3560.219750776219
776000	-3558.801287936882
776500	-3563.450956676834
777000	-3575.4518053117476
777500	-3530.039935985222
778000	-3530.6637562954947
778500	-3535.4094103734333
779000	-3558.4702857713387
779500	-3524.4147340818254
780000	-3502.6700412321798
780500	-3540.753126578071
781000	-3500.437779449108
781500	-3531.0874198720076
782000	-3493.9933923617127
782500	-3536.7621575778066
783000	-3530.701284801479
783500	-3530.551971426003
784000	-3547.0505490911128
784500	-3570.4247796537193
785000	-3484.7682959217277
785500	-3509.588127513989
786000	-3530.4987872855513
786500	-3523.169860950274
787000	-3551.43006864996
787500	-3522.6534941172426
788000	-3515.29381422483
788500	-3500.2876345142618
789000	-3502.9685182419203
789500	-3521.8281294358508
790000	-3509.52658900855
790500	-3501.585268527083
791000	-3518.2756456678503
791500	-3507.9197365603613
792000	-3507.1499750108233
792500	-3500.0145166343837
793000	-3517.3047263962635
793500	-3472.0425781949357
794000	-3522.33571978584
794500	-3515.9297905486583
795000	-3504.264139948935
795500	-3519.4417931575936
796000	-3563.36205080097
796500	-3551.8191493219183
797000	-3559.7435291726333
797500	-3546.4121571385017
798000	-3513.7482996201043
798500	-3507.540059795207
799000	-3512.5016733086286
799500	-3520.3282700044515
800000	-3576.9204862281335
800500	-3595.1213301534744
801000	-3597.8902618485026
801500	-3577.381362452154
802000	-3570.8732784545464
802500	-3542.518154197343
803000	-3537.5479461398554
803500	-3563.8363458935746
804000	-3520.9267402597425
804500	-3530.8870889546874
805000	-3543.1777565251086
805500	-3545.575991056574
806000	-3520.310984829668
806500	-3516.023462123073
807000	-3530.826213405431
807500	-3538.3919226945577
808000	-3536.5368163620174
808500	-3521.7292871704435
809000	-3604.752314925816
809500	-3547.9461016414516
810000	-3545.206911341847
810500	-3513.7758678519895
811000	-3538.88549335614
811500	-3535.6796582580455
812000	-3504.157484465458
812500	-3529.7798743057833
813000	-3550.86724211902
813500	-3512.935067522875
814000	-3546.3184871694857
814500	-3511.9563452880543
815000	-3537.166646321621
815500	-3528.298157866123
816000	-3559.0641443072363
816500	-3507.1689989891365
817000	-3518.480867406454
817500	-3546.424729284092
818000	-3528.736678217287
818500	-3538.89732898237
819000	-3507.6277209646173
819500	-3511.6414734747614
820000	-3493.867702769316
820500	-3482.4154666515146
821000	-3496.0470244007524
821500	-3503.7939364846284
822000	-3495.5699567080005
822500	-3513.73119249813
823000	-3499.5737334277305
823500	-3542.3377008513
824000	-3485.837321275398
824500	-3507.324067552753
825000	-3521.8358920031956
825500	-3505.762663260794
826000	-3494.306740120461
826500	-3506.9523886682778
827000	-3513.1296927963426
827500	-3538.9636409717505
828000	-3517.216987640296
828500	-3508.1067997665905
829000	-3516.3687665830494
829500	-3484.129402383179
830000	-3497.69379965134
830500	-3542.5632406935074
831000	-3547.475435431754
831500	-3559.806295547985
832000	-3526.389936989816
832500	-3517.7327200840464
833000	-3548.7829412642445
833500	-3525.4408653950854
834000	-3567.24286230949
834500	-3557.637118266133
835000	-3516.7956765597205
835500	-3506.0119689017406
836000	-3535.553796721581
836500	-3528.544452069403
837000	-3518.7908250308315
837500	-3514.0627912922155
838000	-3514.8859902517147
838500	-3553.520111931502
839000	-3514.7444463161364
839500	-3488.0694995616964
840000	-3521.687980633767
840500	-3549.4506505012723
841000	-3519.5427477020585
841500	-3532.018428068707
842000	-3538.7893282063746
842500	-3535.7493288669407
843000	-3522.2927868946454
843500	-3513.4096700659916
844000	-3476.045026417524
844500	-3503.721054993602
845000	-3515.4093260304785
845500	-3504.791838533072
846000	-3571.7799419934304
846500	-3558.2359691026363
847000	-3606.4906434013214
847500	-3547.7627402320086
848000	-3572.2218208009162
848500	-3577.1141772227397
849000	-3583.511140287266
849500	-3570.195508927995
850000	-3577.687997657995
850500	-3600.2983230151267
851000	-3614.2702994647116
851500	-3587.7367670298554
852000	-3585.100009613629
852500	-3565.078813383995
853000	-3557.266061243524
853500	-3539.502402168696
854000	-3539.034779948304
854500	-3513.771388478411
855000	-3532.5647116603664
855500	-3509.911249245094
856000	-3493.5418231911385
856500	-3544.3515532661268
857000	-3541.086122461923
857500	-3517.8961997571246
858000	-3548.751349132093
858500	-3558.8823862510994
859000	-3563.8101797281324
859500	-3522.0315764811685
860000	-3502.7829216320033
860500	-3504.452276966106
861000	-3511.3771011086715
861500	-3508.9379607260153
862000	-3564.9732718300584
862500	-3584.947416365053
863000	-3509.0239195103113
863500	-3510.2811979158005
864000	-3529.5790070686116
864500	-3512.917010820015
865000	-3492.4843300894613
865500	-3478.2917492936076
866000	-3517.398377395443
866500	-3522.6392887746943
867000	-3567.9877305910686
867500	-3541.994295369075
868000	-3518.9229062461486
868500	-3532.1181663035873
869000	-3541.75332545403
869500	-3509.426025073454
870000	-3516.17200939163
870500	-3508.701922725943
871000	-3537.4805760696777
871500	-3541.6694281730342
872000	-3532.3263525853995
872500	-3515.0601587306282
873000	-3499.818311128673
873500	-3497.1234242520427
874000	-3489.351007195918
874500	-3525.5661753067106
875000	-3503.2912394523473
875500	-3498.825179766771
876000	-3506.713898557739
876500	-3520.3709639464983
877000	-3559.9920004129344
877500	-3515.4874286201234
878000	-3503.8682754628194
878500	-3501.390104816821
879000	-3521.7357451536764
879500	-3506.381169630205
880000	-3470.3920573833398
880500	-3502.6864032252206
881000	-3508.4959620124096
881500	-3496.4360985241724
882000	-3491.6600480922466
882500	-3508.4233944278935
883000	-3525.929219982806
883500	-3526.3118093328126
884000	-3518.7624899282036
884500	-3507.692827488668
885000	-3491.2879897212424
885500	-3486.475199665222
886000	-3522.1278656134323
886500	-3516.411429764344
887000	-3512.6818877592873
887500	-3495.4352564094456
888000	-3520.621622352284
888500	-3531.363188642234
889000	-3520.303747906799
889500	-3535.929596897282
890000	-3491.3017808171485
890500	-3497.9110764278903
891000	-3483.7658763036393
891500	-3479.345752259645
892000	-3496.161096275113
892500	-3535.2133620739337
893000	-3519.5216156079005
893500	-3500.499717594351
894000	-3488.45696276202
894500	-3499.774594437916
895000	-3530.1270140690713
895500	-3521.0310201886336
896000	-3517.70254086511
896500	-3512.1778262744224
897000	-3515.374708123895
897500	-3535.5708610761835
898000	-3501.1341103394843
898500	-3542.8965276593426
899000	-3539.0049572124967
899500	-3526.094294802717
900000	-3527.92665874581
900500	-3563.097209278281
901000	-3557.925773928564
901500	-3551.97993072781
902000	-3567.0685993910142
902500	-3519.4026245166974
903000	-3527.5098271968286
903500	-3546.6277977897885
904000	-3565.3798046565316
904500	-3564.8540584200455
905000	-3531.297661931146
905500	-3586.3125211778433
906000	-3586.349105130271
906500	-3562.3447836711107
907000	-3576.7203406075523
907500	-3544.5454783109226
908000	-3563.930175066102
908500	-3583.80312386955
909000	-3535.4374375274456
909500	-3536.992340769959
910000	-3525.2320701675585
910500	-3517.248205599635
911000	-3540.6521112756272
911500	-3546.423412172027
912000	-3539.9984831204724
912500	-3499.0382661511007
913000	-3512.767122609673
913500	-3509.315672938553
914000	-3537.6395105324996
914500	-3555.0080956089846
915000	-3534.154938791716
915500	-3503.731940774451
916000	-3507.747036245853
916500	-3533.657741876533
917000	-3487.422888074283
917500	-3497.849155604251
918000	-3534.2354164005365
918500	-3543.696695683359
919000	-3510.134362409973
919500	-3477.5017416598885
920000	-3471.6234975017314
920500	-3514.99840590774
921000	-3495.7795378108203
921500	-3507.522988347944
922000	-3511.5794714077947
922500	-3499.0004778321304
923000	-3514.6067697694257
923500	-3529.3691850497453
924000	-3480.672262921379
924500	-3459.224673111329
925000	-3491.2953713071925
925500	-3488.2232395355936
926000	-3499.192294764411
926500	-3453.308064789472
927000	-3479.9974740636753
927500	-3491.852933945553
928000	-3497.033709651916
928500	-3518.568457232991
929000	-3500.674021393884
929500	-3533.7913519126027
930000	-3531.5834888845848
930500	-3546.7271248260818
931000	-3525.4375126036734
931500	-3515.5547642392453
932000	-3528.414268326251
932500	-3557.470248849584
933000	-3550.2144637252914
933500	-3531.073423559555
934000	-3538.5121177521223
934500	-3507.4096944722633
935000	-3509.509827585487
935500	-3520.7249809197374
936000	-3525.3886763308556
936500	-3518.4728138734513
937000	-3531.588088771741
937500	-3541.6084865724843
938000	-3509.9380124426566
938500	-3522.0607405706683
939000	-3502.910577318242
939500	-3502.3668920076243
940000	-3558.5676244714573
940500	-3511.490016434499
941000	-3519.7966625544655
941500	-3511.7112156360713
942000	-3500.5329739975723
942500	-3513.3453811179934
943000	-3494.1244915129387
943500	-3494.2227225162433
944000	-3478.3580989181996
944500	-3485.182940057705
945000	-3487.776354259062
945500	-3486.2464418873046
946000	-3506.715434234829
946500	-3510.330669203105
947000	-3530.9060571318955
947500	-3496.1131538779946
948000	-3511.861496661189
948500	-3506.7273095402556
949000	-3533.277288652318
949500	-3514.813523328753
950000	-3487.296056251308
950500	-3538.6751124300004
951000	-3508.4199790456996
951500	-3504.36403185496
952000	-3526.2475367760294
952500	-3523.725321604081
953000	-3532.303591120695
953500	-3527.383212178106
954000	-3495.484187241451
954500	-3511.076381880636
955000	-3503.736420549496
955500	-3530.750015109227
956000	-3522.3667678078396
956500	-3508.454426592882
957000	-3512.1453084572126
957500	-3540.9441464572333
958000	-3535.7435292644464
958500	-3507.275489630258
959000	-3503.9984179690364
959500	-3507.8021189378837
960000	-3537.0244741387114
960500	-3528.8624572938315
961000	-3513.869776248293
961500	-3498.2598826407448
962000	-3496.091836762597
962500	-3483.446921503262
963000	-3460.0535479202895
963500	-3508.47288825984
964000	-3553.5301677025395
964500	-3521.0070058208216
965000	-3528.809521954396
965500	-3542.132500752661
966000	-3584.2922843824945
966500	-3570.1809232699948
967000	-3585.303085599433
967500	-3538.670301562199
968000	-3532.711126981905
968500	-3522.4653628868027
969000	-3500.088991209708
969500	-3525.19196283491
970000	-3511.645519453382
970500	-3516.604412382289
971000	-3536.813638931264
971500	-3490.6159861201163
972000	-3504.0880984410555
972500	-3500.75849823061
973000	-3533.0884094370203
973500	-3499.1581197367955
974000	-3484.0523108899815
974500	-3508.6349102367776
975000	-3516.6880122969496
975500	-3514.830817745585
976000	-3477.390000264301
976500	-3530.090468846197
977000	-3529.9971762714486
977500	-3487.6114729287747
978000	-3498.246698555864
978500	-3531.32177653348
979000	-3534.206426694418
979500	-3519.6627908476376
980000	-3510.073968648599
980500	-3491.6246414464963
981000	-3537.986715960751
981500	-3499.3490478807435
982000	-3489.739872710489
982500	-3507.347036173627
983000	-3522.6257165480406
983500	-3484.463280425789
984000	-3497.2149779102187
984500	-3494.459772657126
985000	-3514.600420982541
985500	-3506.895906050613
986000	-3559.2064703819083
986500	-3562.035787489672
987000	-3550.0761223537597
987500	-3542.2795056142786
988000	-3524.2757483626033
988500	-3545.7594375800595
989000	-3502.3430108787875
989500	-3524.112160672141
990000	-3526.7143093501772
990500	-3522.155599217223
991000	-3534.846007342041
991500	-3524.719774785444
992000	-3526.475840344097
992500	-3503.6919510744906
993000	-3512.6437446110585
993500	-3512.1985422966127
994000	-3510.0072936989745
994500	-3519.458522796895
995000	-3529.809928064975
995500	-3522.2184544938746
996000	-3529.07050514258
996500	-3537.360069950333
997000	-3493.6870947602256
997500	-3470.7151187788927
998000	-3481.1194681694615
998500	-3496.1569672088413
999000	-3505.1865284887417
999500	-3514.3882215416634
1000000	-3560.2752317680765
1000500	-3543.732350178084
1001000	-3510.868203393378
1001500	-3555.8540295766948
1002000	-3507.6144880857055
1002500	-3493.911935031859
1003000	-3497.322852106108
1003500	-3484.4506866517595
1004000	-3483.487827479292
1004500	-3478.4554911677556
1005000	-3502.7536497127167
1005500	-3483.0184570188676
1006000	-3479.920842186616
1006500	-3506.1097673849085
1007000	-3524.4065425725767
1007500	-3530.389448012043
1008000	-3541.7432403458165
1008500	-3482.340134433486
1009000	-3480.5609018036293
1009500	-3488.9844075966444
1010000	-3488.453041939953
1010500	-3493.542990305848
1011000	-3519.6339844333374
1011500	-3510.938950395811
1012000	-3490.5309959708393
1012500	-3489.9339975836283
1013000	-3488.210317155751
1013500	-3481.982586534378
1014000	-3495.670442028209
1014500	-3523.7878420644392
1015000	-3511.45326821943
1015500	-3504.7621161339
1016000	-3493.2206622552735
1016500	-3494.813129631432
1017000	-3485.1627128732744
1017500	-3477.459743208156
1018000	-3495.679149649986
1018500	-3528.2126580754393
1019000	-3495.104853510688
1019500	-3556.476016919253
1020000	-3537.7904665937494
1020500	-3523.4816118302547
1021000	-3506.1909768513256
1021500	-3493.6198520216512
1022000	-3464.4652268871887
1022500	-3531.0010869928874
1023000	-3519.7011344176854
1023500	-3522.19062730888
1024000	-3530.0930222199513
1024500	-3514.756456770415
1025000	-3494.353467677282
1025500	-3484.8419798971418
1026000	-3495.7420787388273
1026500	-3476.2172411083443
1027000	-3487.1258446010193
1027500	-3471.8935162843277
1028000	-3491.0587732739964
1028500	-3491.0587732739964
1029000	-3506.113003609426
1029500	-3504.5726969377147
1030000	-3546.040385704975
1030500	-3579.561370721747
1031000	-3512.33660928094
1031500	-3519.413605789428
1032000	-3484.9483036384904
1032500	-3483.5537758532532
1033000	-3505.51007200013
1033500	-3494.028532059008
1034000	-3479.984118547125
1034500	-3504.0929660725274
1035000	-3553.2231856561352
1035500	-3527.4315468768623
1036000	-3532.4058256794438
1036500	-3520.6453826208713
1037000	-3503.000371346188
1037500	-3531.652969676444
1038000	-3562.550172556043
1038500	-3518.8398271219426
1039000	-3522.517501414743
1039500	-3504.3522204605692
1040000	-3516.298403182368
1040500	-3523.5212730720837
1041000	-3523.4873055735675
1041500	-3513.884164552602
1042000	-3524.4054175175656
1042500	-3504.006805382636
1043000	-3528.0261658136606
1043500	-3501.542853064706
1044000	-3523.44684676342
1044500	-3504.926907157206
1045000	-3497.9966415822987
1045500	-3518.57892667265
1046000	-3530.765829784093
1046500	-3554.5712772874595
1047000	-3572.118977577247
1047500	-3520.7745849545126
1048000	-3488.361982701168
1048500	-3518.5471344650127
1049000	-3528.971609449939
1049500	-3496.412523844511
1050000	-3523.094763883952
1050500	-3518.0746843117035
1051000	-3493.3165925997205
1051500	-3516.778845300943
1052000	-3514.9007313164097
1052500	-3517.6341299086234
1053000	-3539.714741976828
1053500	-3519.008131285776
1054000	-3566.1526030123036
1054500	-3508.3969858050004
1055000	-3516.383064928065
1055500	-3546.609927315321
1056000	-3540.1913674124203
1056500	-3546.0923195970627
1057000	-3541.3195582011213
1057500	-3538.1612270112782
1058000	-3546.8057108981743
1058500	-3557.8613026430057
1059000	-3608.2159900774313
1059500	-3548.345830226266
1060000	-3552.2740945984783
1060500	-3537.4709583628196
1061000	-3546.563008831932
1061500	-3580.3057873530693
1062000	-3587.0718168892495
1062500	-3524.0913933855422
1063000	-3521.035943436008
1063500	-3547.8204019082523
1064000	-3608.7188281537096
1064500	-3633.350292192361
1065000	-3564.8381748753422
1065500	-3554.1895631434254
1066000	-3585.4029931395735
1066500	-3564.143680968616
1067000	-3555.0425627331915
1067500	-3564.6650708185416
1068000	-3567.4032904178002
1068500	-3594.5137091370602
1069000	-3554.3599680185803
1069500	-3536.5642322564313
1070000	-3543.816100113057
1070500	-3529.3754412921035
1071000	-3536.2140220615524
1071500	-3536.2332907782725
1072000	-3523.0834510763602
1072500	-3560.376338650963
1073000	-3532.7787036104814
1073500	-3558.8969245623994
1074000	-3533.207672013652
1074500	-3538.1343986058096
1075000	-3543.209140697788
1075500	-3541.5718154037954
1076000	-3510.311568435043
1076500	-3534.231528800366
1077000	-3518.7962904298925
1077500	-3537.947787199383
1078000	-3531.312104119102
1078500	-3538.328792756277
1079000	-3530.4527825175874
1079500	-3536.3371740044727
1080000	-3554.3477350793432
1080500	-3573.7230571439786
1081000	-3588.8426398924603
1081500	-3593.0789251294555
1082000	-3561.7615873336995
1082500	-3546.365467115398
1083000	-3560.628901820222
1083500	-3536.839228961491
1084000	-3551.843817876739
1084500	-3542.2667736620147
1085000	-3555.8469052312303
1085500	-3558.615694501409
1086000	-3531.8133262043984
1086500	-3605.3700617061427
1087000	-3599.5934025683714
1087500	-3582.4171858148716
1088000	-3561.170530068766
1088500	-3541.244438107842
1089000	-3522.4334982436835
1089500	-3557.957987744138
1090000	-3567.854491192348
1090500	-3532.6544950831417
1091000	-3548.434292576902
1091500	-3578.771878279137
1092000	-3556.680452987553
1092500	-3535.8137013044307
1093000	-3501.1030836183886
1093500	-3503.2188523203913
1094000	-3514.2982074144757
1094500	-3534.0203108325077
1095000	-3514.283780772273
1095500	-3503.887265155047
1096000	-3521.2935880409104
1096500	-3556.9480320223256
1097000	-3526.2389876126426
1097500	-3515.376220675562
1098000	-3558.689947526664
1098500	-3532.087898103674
1099000	-3542.4998689476247
1099500	-3506.3112359629977
1100000	-3532.3216413170035
1100500	-3532.3286759144594
1101000	-3510.0895782400876
1101500	-3503.8248980158023
1102000	-3509.0102206340016
1102500	-3534.7570250335484
1103000	-3528.24224327331
1103500	-3532.0056797516836
1104000	-3574.3164049798615
1104500	-3569.555858125563
1105000	-3518.8790278541373
1105500	-3531.938401587868
1106000	-3552.9364948764414
1106500	-3514.109547916472
1107000	-3536.5293060884965
1107500	-3549.3531710896345
1108000	-3510.6482409729824
1108500	-3510.6505662712707
1109000	-3553.776136180268
1109500	-3577.6423463613187
1110000	-3565.4808613419627
1110500	-3520.214345540906
1111000	-3557.5416241870635
1111500	-3512.892481132244
1112000	-3511.5985151074256
1112500	-3530.056977921121
1113000	-3543.151243821885
1113500	-3523.0899183712495
1114000	-3494.59875522652
1114500	-3529.3974060667233
1115000	-3529.457916116654
1115500	-3526.392046510024
1116000	-3520.8960886692016
1116500	-3546.5895513145565
1117000	-3537.7679212381327
1117500	-3524.2645978596433
1118000	-3520.28371337549
1118500	-3515.648005649477
1119000	-3509.0356545299037
1119500	-3524.6714360998317
1120000	-3512.2926095135244
1120500	-3516.9086880617424
1121000	-3501.5868089458627
1121500	-3532.8187918341323
1122000	-3531.848568643449
1122500	-3526.4424286181184
1123000	-3562.499055537428
1123500	-3561.535646883989
1124000	-3560.946692665642
1124500	-3552.5739757890683
1125000	-3542.779860460893
1125500	-3538.8887413369957
1126000	-3561.2086984231923
1126500	-3552.3416388432033
1127000	-3548.136596660081
1127500	-3562.4710989696505
1128000	-3565.516215266113
1128500	-3580.0556115533445
1129000	-3576.8465881391376
1129500	-3582.4663214700986
1130000	-3577.9419111013144
1130500	-3608.5240924463938
1131000	-3598.6021395388293
1131500	-3525.793380554512
1132000	-3611.8895755452436
1132500	-3566.4965766385285
1133000	-3567.285591118379
1133500	-3544.266829954447
1134000	-3589.6893068516747
1134500	-3584.096901875862
1135000	-3580.168397966981
1135500	-3558.9393637961743
1136000	-3561.512898624794
1136500	-3545.268817573677
1137000	-3528.350478985484
1137500	-3560.032600054021
1138000	-3524.977743810571
1138500	-3533.8191167166196
1139000	-3550.5099698155436
1139500	-3537.715476405426
1140000	-3525.6843135544705
1140500	-3556.2201720949415
1141000	-3567.7736330058246
1141500	-3549.5845593851736
1142000	-3555.6233692248975
1142500	-3526.8055635078686
1143000	-3525.3475801335594
1143500	-3552.813235390531
1144000	-3561.675231670986
1144500	-3550.672654634568
1145000	-3546.8946475404105
1145500	-3555.959249072166
1146000	-3556.967353471054
1146500	-3589.082219900726
1147000	-3592.31112704078
1147500	-3543.3765794649753
1148000	-3520.6824299554664
1148500	-3526.6244688173
1149000	-3531.924165626102
1149500	-3525.888217528501
1150000	-3534.9135685955202
1150500	-3547.851431110329
1151000	-3519.7312777215943
1151500	-3528.668474645703
1152000	-3512.660246658846
1152500	-3525.9409054222738
1153000	-3520.4641189616536
1153500	-3535.579507457223
1154000	-3534.679992689319
1154500	-3528.6825897095655
1155000	-3528.092514339318
1155500	-3573.877487281472
1156000	-3570.0321365853124
1156500	-3535.7413340709745
1157000	-3534.3428905441688
1157500	-3553.462487436756
1158000	-3526.1926937592602
1158500	-3506.3512664168884
1159000	-3550.2198206357707
1159500	-3564.2500380487295
1160000	-3519.242010302256
1160500	-3546.014596935015
1161000	-3545.7578449714506
1161500	-3537.3086534869817
1162000	-3538.1228856285816
1162500	-3567.5408267768444
1163000	-3543.218134547888
1163500	-3514.653186931292
1164000	-3511.541207604159
1164500	-3528.765046025779
1165000	-3500.2202364328696
1165500	-3506.4825610479056
1166000	-3510.7201950089047
1166500	-3534.3064215541426
1167000	-3513.663091934295
1167500	-3524.85679955532
1168000	-3511.9707502487768
1168500	-3533.4139931649747
1169000	-3549.0186789695103
1169500	-3532.17999784037
1170000	-3493.984805399247
1170500	-3541.187139236173
1171000	-3528.7098349557273
1171500	-3544.1423146531033
1172000	-3484.554198327288
1172500	-3543.2845305202727
1173000	-3497.0303058512645
1173500	-3498.0130016825287
1174000	-3515.449675254503
1174500	-3506.176126522401
1175000	-3510.972977297777
1175500	-3528.585395468098
1176000	-3504.9206632641553
1176500	-3500.3701183439175
1177000	-3526.4527603336896
1177500	-3513.0122413829945
1178000	-3523.1726734532513
1178500	-3524.7879930189783
1179000	-3511.45752434947
1179500	-3533.0508792404557
1180000	-3519.4945055203607
1180500	-3529.962409544378
1181000	-3497.28502823265
1181500	-3516.394625784171
1182000	-3514.009015455951
1182500	-3541.6720401355956
1183000	-3515.9418021206266
1183500	-3532.747420941289
1184000	-3512.046903565117
1184500	-3502.808631314798
1185000	-3515.7898140611433
1185500	-3523.0877257492375
1186000	-3488.5900790364885
1186500	-3483.4732190310274
1187000	-3474.411546487069
1187500	-3485.299198473853
1188000	-3523.8874054220228
1188500	-3539.813120678534
1189000	-3530.245844814439
1189500	-3519.3849601031397
1190000	-3546.6778912957193
1190500	-3511.7437324826697
1191000	-3502.559565044719
1191500	-3502.488125423351
1192000	-3499.0938221146575
1192500	-3537.1093392160496
1193000	-3522.373659187228
1193500	-3504.777753018246
1194000	-3516.680635115804
1194500	-3528.146251409281
1195000	-3511.3181900725203
1195500	-3501.7225552162295
1196000	-3489.437430701433
1196500	-3491.0658374681534
1197000	-3516.6630818931285
1197500	-3507.1352601443396
1198000	-3524.2304273714044
1198500	-3489.037533454946
1199000	-3480.801869163863
1199500	-3491.8419393394265
1200000	-3496.958271250938
1200500	-3489.658812695477
1201000	-3500.495080668295
1201500	-3521.951631987973
1202000	-3500.026950064901
1202500	-3532.1746314033576
1203000	-3522.4034384324655
1203500	-3526.034906820929
1204000	-3502.9093328815593
1204500	-3551.560605128747
1205000	-3553.2503190819793
1205500	-3573.1893802287245
1206000	-3535.699987117531
1206500	-3490.056245825759
1207000	-3530.0400352228335
1207500	-3536.2621456012353
1208000	-3525.264149284685
1208500	-3518.1316096542355
1209000	-3521.4011849523863
1209500	-3531.975845890836
1210000	-3486.4465540401343
1210500	-3579.5306967689316
1211000	-3543.376930300841
1211500	-3528.636474009509
1212000	-3526.5913331359825
1212500	-3527.217784168529
1213000	-3563.785584055167
1213500	-3488.7302349777315
1214000	-3499.610503222482
1214500	-3508.230037697858
1215000	-3515.9594798031058
1215500	-3514.87858238661
1216000	-3541.6485756219454
1216500	-3522.709611875665
1217000	-3557.8752269411575
1217500	-3525.231623018696
1218000	-3553.8403211113555
1218500	-3545.720802826096
1219000	-3524.2933421079965
1219500	-3596.6634724307924
1220000	-3556.5475830943847
1220500	-3539.93468810628
1221000	-3534.1874571212547
1221500	-3538.2782388602295
1222000	-3552.070697115053
1222500	-3559.2793888562
1223000	-3568.998765011352
1223500	-3527.5010998410285
1224000	-3510.457611169929
1224500	-3538.3705138964638
1225000	-3550.5684615297046
1225500	-3542.650345960013
1226000	-3545.1694540407443
1226500	-3516.959767273205
1227000	-3537.3181877926418
1227500	-3494.409742354107
1228000	-3532.2703249749316
1228500	-3506.500202795523
1229000	-3476.8810351606903
1229500	-3492.474535122342
1230000	-3482.5540530510843
1230500	-3510.9204957729007
1231000	-3477.663507107035
1231500	-3546.7880957921343
1232000	-3513.935433290552
1232500	-3505.1774214605134
1233000	-3498.9420676636864
1233500	-3515.4880171705304
1234000	-3561.396326248893
1234500	-3473.313933241462
1235000	-3484.476366566672
1235500	-3512.5626972486375
1236000	-3485.9727929384862
1236500	-3484.482605495582
1237000	-3514.792345099642
1237500	-3537.05327955981
1238000	-3527.7738420772457
1238500	-3498.91624430895
1239000	-3497.5792907690584
1239500	-3502.011724410913
1240000	-3498.949429041038
1240500	-3538.638088213643
1241000	-3520.622336951562
1241500	-3542.1548069900737
1242000	-3595.5370650656714
1242500	-3512.038500609971
1243000	-3481.9211880127204
1243500	-3499.077250938733
1244000	-3534.666944720253
1244500	-3514.2347594238117
1245000	-3496.1595594149235
1245500	-3501.660249426143
1246000	-3510.7804707631826
1246500	-3523.3013324862645
1247000	-3482.667015338253
1247500	-3513.666723866505
1248000	-3555.6073496530375
1248500	-3517.5625466209744
1249000	-3520.369197835681
1249500	-3520.7747932302077
1250000	-3506.8385872597255
1250500	-3524.575539769273
1251000	-3533.9515336219474
1251500	-3509.3303556735623
1252000	-3545.093942769259
1252500	-3574.938105486913
1253000	-3527.648227654541
1253500	-3548.439910932673
1254000	-3511.105264955547
1254500	-3533.7400096286433
1255000	-3523.7141591071604
1255500	-3494.0043515397633
1256000	-3513.769881910432
1256500	-3539.0135605752985
1257000	-3526.994674985934
1257500	-3495.379888588871
1258000	-3497.4427842235114
1258500	-3502.714591079002
1259000	-3503.59829768649
1259500	-3478.936586731808
1260000	-3506.7852559071575
1260500	-3484.003037263404
1261000	-3512.2705359189204
1261500	-3529.5492569423263
1262000	-3501.7999842177223
1262500	-3520.6685552621066
1263000	-3508.339618773422
1263500	-3502.3742171506856
1264000	-3511.8323268982685
1264500	-3509.1517775425536
1265000	-3541.1299322386203
1265500	-3492.436214312679
1266000	-3479.916556386832
1266500	-3482.0588762848706
1267000	-3468.674292773445
1267500	-3483.0630197047244
1268000	-3462.3127737626323
1268500	-3481.6366741443558
1269000	-3499.1680073410866
1269500	-3510.9116675920664
1270000	-3521.0482914381473
1270500	-3522.5042124581482
1271000	-3518.9634371787656
1271500	-3528.8379206366208
1272000	-3482.5487944691376
1272500	-3519.332563017979
1273000	-3510.300374196428
1273500	-3516.3068170921133
1274000	-3520.478671163642
1274500	-3525.495153331024
1275000	-3528.491169592063
1275500	-3522.476163769701
1276000	-3526.130781843115
1276500	-3528.319857195416
1277000	-3541.1347563650156
1277500	-3528.8715885840297
1278000	-3527.52463748602
1278500	-3517.0069146093597
1279000	-3534.1368198215464
1279500	-3552.8785507769844
1280000	-3524.688289002283
1280500	-3586.6412973453384
1281000	-3551.181387324216
1281500	-3524.651534920554
1282000	-3552.2508611528583
1282500	-3539.9116325899863
1283000	-3532.2024842511473
1283500	-3554.8025217201475
1284000	-3554.8844286830276
1284500	-3514.337266454209
1285000	-3535.0998083832815
1285500	-3515.0297076655193
1286000	-3524.993078067383
1286500	-3523.713422721827
1287000	-3526.663856404823
1287500	-3532.123095048782
1288000	-3537.7066091100264
1288500	-3513.7627217529607
1289000	-3523.042405939965
1289500	-3517.510043580159
1290000	-3506.5507585404926
1290500	-3516.1270357475387
1291000	-3491.8597881079572
1291500	-3499.4206298625572
1292000	-3525.137881221986
1292500	-3507.034222036366
1293000	-3531.2133659200845
1293500	-3541.0455122855988
1294000	-3561.6557085248082
1294500	-3530.5085454485006
1295000	-3491.9257487168106
1295500	-3530.2988202983784
1296000	-3523.3058500371144
1296500	-3521.4810425983355
1297000	-3515.698796931493
1297500	-3546.2226850463258
1298000	-3502.2278634944355
1298500	-3529.8167258274825
1299000	-3512.2063276235776
1299500	-3490.518080975634
1300000	-3531.6539282550657
1300500	-3547.4782388471594
1301000	-3527.6461033496043
1301500	-3522.8876032667326
1302000	-3502.879917588887
1302500	-3498.038313776456
1303000	-3533.4039703988315
1303500	-3519.802929302303
1304000	-3525.1501153711865
1304500	-3503.9186601139804
1305000	-3488.8513727521595
1305500	-3511.030586315083
1306000	-3513.2221744371386
1306500	-3555.4702496537393
1307000	-3527.098164114612
1307500	-3517.9733964112543
1308000	-3501.803767883418
1308500	-3495.1512305918645
1309000	-3490.1654915322138
1309500	-3526.496520296196
1310000	-3523.3862644385754
1310500	-3502.6045903814943
1311000	-3500.4706445695583
1311500	-3515.5109453419677
1312000	-3500.736774057875
1312500	-3494.115324137217
1313000	-3488.838384748292
1313500	-3516.821251133456
1314000	-3463.9486662737463
1314500	-3528.321724345396
1315000	-3489.644934070849
1315500	-3497.042030923536
1316000	-3485.515566830671
1316500	-3481.741999389359
1317000	-3499.13555248295
1317500	-3491.0958548366057
1318000	-3500.28349732907
1318500	-3493.220140873775
1319000	-3483.0702986709234
1319500	-3498.718579538474
1320000	-3500.561065650685
1320500	-3489.663929593863
1321000	-3474.7091462352355
1321500	-3493.230025004509
1322000	-3487.664276091947
1322500	-3492.187519725736
1323000	-3509.854080578989
1323500	-3485.922208638722
1324000	-3524.988389179051
1324500	-3517.6966009843886
1325000	-3543.855079949372
1325500	-3535.409066719272
1326000	-3534.694234208132
1326500	-3520.1840445397047
1327000	-3531.169776622487
1327500	-3550.4710374709675
1328000	-3592.5492937748904
1328500	-3520.805349535272
1329000	-3525.549169066782
1329500	-3550.3984955754877
1330000	-3536.1640742686686
1330500	-3546.018752394917
1331000	-3498.900684047141
1331500	-3514.884756538687
1332000	-3555.8802207863846
1332500	-3531.954898517465
1333000	-3560.7499251912845
1333500	-3505.8690860858464
1334000	-3484.7213574056877
1334500	-3499.144044258935
1335000	-3488.9567726390437
1335500	-3499.806755998613
1336000	-3532.5816096088392
1336500	-3516.8913130075384
1337000	-3493.9871631002147
1337500	-3500.5914997265945
1338000	-3507.0547382096033
1338500	-3543.308809903501
1339000	-3506.2881839969427
1339500	-3528.604647713951
1340000	-3559.625829250542
1340500	-3504.3431291159586
1341000	-3509.3786853015326
1341500	-3526.6340164413855
1342000	-3512.6735766419097
1342500	-3529.463153759067
1343000	-3556.32337669111
1343500	-3516.864638240584
1344000	-3512.6623393290442
1344500	-3525.5949909189917
1345000	-3498.8103654262964
1345500	-3528.5373739685347
1346000	-3530.4699126642054
1346500	-3532.4609396582246
1347000	-3510.9242631663633
1347500	-3547.7384068057668
1348000	-3554.1104398712605
1348500	-3549.734957349114
1349000	-3548.2331795474684
1349500	-3546.0109847567983
1350000	-3518.1520533051453
1350500	-3490.1293023608127
1351000	-3525.393869475014
1351500	-3530.6661371540554
1352000	-3581.650553472289
1352500	-3563.298827207393
1353000	-3526.7832151087205
1353500	-3503.401840314295
1354000	-3529.768851508477
1354500	-3505.0169977593937
1355000	-3496.183389448112
1355500	-3503.3362764635463
1356000	-3546.8978152580007
1356500	-3532.3799092127933
1357000	-3528.221990743676
1357500	-3494.948632705859
1358000	-3507.5067597466823
1358500	-3485.0113939446096
1359000	-3501.6358732263943
1359500	-3495.7573177541526
1360000	-3499.399907022405
1360500	-3543.636371956262
1361000	-3532.32818516657
1361500	-3528.7133700404197
1362000	-3534.4924956723767
1362500	-3519.1127250572617
1363000	-3540.970019167996
1363500	-3505.0088049297397
1364000	-3497.7772616282273
1364500	-3525.924841690034
1365000	-3490.532407688778
1365500	-3515.939798239854
1366000	-3535.9403277671167
1366500	-3520.779242771909
1367000	-3492.209736888752
1367500	-3491.614564665104
1368000	-3493.664598787806
1368500	-3512.9433417526966
1369000	-3492.111120709223
1369500	-3488.1499399196873
1370000	-3491.077444762118
1370500	-3483.0370074296857
1371000	-3463.966981866134
1371500	-3516.407734740599
1372000	-3482.475334065288
1372500	-3473.3685477864574
1373000	-3512.416347125092
1373500	-3490.12361542814
1374000	-3497.959051641013
1374500	-3493.9451261478516
1375000	-3558.675577693954
1375500	-3525.792690613362
1376000	-3498.2737705742556
1376500	-3478.9526646452878
1377000	-3496.332666572591
1377500	-3508.0036554999115
1378000	-3489.095924627706
1378500	-3526.4689337079735
1379000	-3500.0406955567555
1379500	-3530.7671474097
1380000	-3474.795046039672
1380500	-3498.8947031146813
1381000	-3473.76591642676
1381500	-3493.504613725259
1382000	-3523.931380300375
1382500	-3497.970638670378
1383000	-3538.3822089331507
1383500	-3531.765584997211
1384000	-3542.983682146608
1384500	-3538.8569992639773
1385000	-3534.6908558098994
1385500	-3517.8133316795597
1386000	-3490.9508374568086
1386500	-3494.333828014287
1387000	-3481.771480321358
1387500	-3518.3986225086605
1388000	-3492.2887015056112
1388500	-3526.521844615483
1389000	-3496.1620426995255
1389500	-3484.9975713704544
1390000	-3530.170968972897
1390500	-3526.1735505505935
1391000	-3522.1353637227094
1391500	-3529.176733716158
1392000	-3521.498947288657
1392500	-3498.3193869140264
1393000	-3534.7715632710447
1393500	-3520.2541960205167
1394000	-3501.0758723897534
1394500	-3542.8715526429173
1395000	-3537.856905299416
1395500	-3534.237175146624
1396000	-3531.356115051186
1396500	-3544.4344758210354
1397000	-3556.200810254065
1397500	-3579.4295237376878
1398000	-3536.194248689077
1398500	-3541.720635404655
1399000	-3524.9161230876266
1399500	-3546.056470431287
1400000	-3531.3598024626244
1400500	-3560.868197667829
1401000	-3516.541197709806
1401500	-3501.075217699684
1402000	-3501.969299542463
1402500	-3533.2066562451437
1403000	-3522.6096357016595
1403500	-3492.86176011612
1404000	-3532.3020515573853
1404500	-3520.334650906668
1405000	-3524.7901756818937
1405500	-3505.021255869125
1406000	-3511.924421117998
1406500	-3482.2190511500526
1407000	-3529.4549819339227
1407500	-3498.247809134921
1408000	-3532.9966927307937
1408500	-3505.529986654149
1409000	-3488.1185199691363
1409500	-3503.084262712215
1410000	-3508.9533797481186
1410500	-3516.346163374616
1411000	-3491.4315832917387
1411500	-3513.991615966105
1412000	-3502.2498547756777
1412500	-3510.737983559824
1413000	-3502.78963472289
1413500	-3510.9351090773566
1414000	-3494.772252489742
1414500	-3472.2401342491503
1415000	-3477.4348792548058
1415500	-3509.4573885782947
1416000	-3555.096600111007
1416500	-3533.8142282708563
1417000	-3533.804961735552
1417500	-3541.700523224961
1418000	-3532.286308681633
1418500	-3512.6519813924738
1419000	-3505.370988873395
1419500	-3502.9871334245854
1420000	-3515.8223977075622
1420500	-3522.0093734162824
1421000	-3528.4566885966424
1421500	-3524.5160851735836
1422000	-3565.062388410626
1422500	-3541.2583054164584
1423000	-3576.3974103925616
1423500	-3572.940506553827
1424000	-3528.695466588213
1424500	-3542.6287936997583
1425000	-3533.677100292053
1425500	-3487.6917224017025
1426000	-3507.498392681883
1426500	-3490.7567583550176
1427000	-3491.3552451598853
1427500	-3515.8628164920297
1428000	-3507.9729147891403
1428500	-3530.42880163302
1429000	-3512.3051118925514
1429500	-3484.0693018807387
1430000	-3502.3914247130197
1430500	-3504.8313769570873
1431000	-3472.581017679299
1431500	-3498.773143645446
1432000	-3482.436753438593
1432500	-3505.499033860688
1433000	-3527.041943434712
1433500	-3548.167328542181
1434000	-3546.65649662598
1434500	-3506.4670755751204
1435000	-3501.0605826710366
1435500	-3507.288975856275
1436000	-3489.3518191930666
1436500	-3501.4117079954713
1437000	-3510.004879739198
1437500	-3524.7841859190135
1438000	-3500.3266494098334
1438500	-3518.093535707902
1439000	-3499.8827786397524
1439500	-3485.4671837136184
1440000	-3501.2722789174513
1440500	-3543.804068319371
1441000	-3517.5765476382394
1441500	-3491.6273570139483
1442000	-3500.263197378189
1442500	-3503.886414951188
1443000	-3511.8721241748335
1443500	-3508.632038188154
1444000	-3488.712563270919
1444500	-3511.426220645191
1445000	-3532.8439971207536
1445500	-3513.604057931018
1446000	-3514.3509609567077
1446500	-3529.0813799458924
1447000	-3515.069427008203
1447500	-3502.851729001189
1448000	-3520.1083491249196
1448500	-3524.131840496514
1449000	-3523.709608374882
1449500	-3535.1690818055804
1450000	-3508.2281419440687
1450500	-3491.746569715589
1451000	-3516.608286628139
1451500	-3486.8630867817824
1452000	-3533.536425340624
1452500	-3501.7684652392413
1453000	-3476.0748090662582
1453500	-3513.2678003152323
1454000	-3496.7024263526573
1454500	-3522.536928999143
1455000	-3548.9894389148158
1455500	-3494.826224491855
1456000	-3530.4117081737954
1456500	-3507.021773700094
1457000	-3517.1688080666568
1457500	-3505.6448964180163
1458000	-3498.9837724073686
1458500	-3506.9139842042873
1459000	-3519.9697155766
1459500	-3499.9180396119746
1460000	-3500.1798368219343
1460500	-3492.5249336607517
1461000	-3522.5432658762234
1461500	-3507.487046405225
1462000	-3532.686539933445
1462500	-3510.4328586787296
1463000	-3515.3898499890433
1463500	-3555.1322066443317
1464000	-3512.2172292770697
1464500	-3506.8163245558535
1465000	-3556.564909322057
1465500	-3546.8957206511764
1466000	-3540.3954949529707
1466500	-3511.950068721368
1467000	-3532.8391977101574
1467500	-3562.1794374465917
1468000	-3492.052485819778
1468500	-3482.302785643692
1469000	-3489.241649930585
1469500	-3477.1649332965453
1470000	-3490.5726335895297
1470500	-3489.0639182855243
1471000	-3532.21422278364
1471500	-3493.436454306132
1472000	-3517.7143428605496
1472500	-3513.4314101762384
1473000	-3501.525717385495
1473500	-3461.9250266269996
1474000	-3481.0063597099393
1474500	-3466.784134324133
1475000	-3490.8346087136065
1475500	-3525.377399745535
1476000	-3521.36625608602
1476500	-3488.739971682373
1477000	-3524.1650291354513
1477500	-3500.113196486783
1478000	-3513.474676348863
1478500	-3510.216032473778
1479000	-3503.3889700962222
1479500	-3525.202890668
1480000	-3473.052711560833
1480500	-3467.9940952490188
1481000	-3484.1670346887713
1481500	-3542.146494919294
1482000	-3529.275252430563
1482500	-3512.964352507842
1483000	-3521.5463822899765
1483500	-3480.1278710190018
1484000	-3479.633448273284
1484500	-3487.9301618061254
1485000	-3512.8532066114653
1485500	-3514.6311345213962
1486000	-3507.4457423415024
1486500	-3559.4056902763477
1487000	-3542.7978331770482
1487500	-3527.112866197016
1488000	-3550.74268133869
1488500	-3521.2311954225693
1489000	-3534.9338644547342
1489500	-3505.3784692662084
1490000	-3495.601412789797
1490500	-3466.886471708621
1491000	-3484.2878801731995
1491500	-3496.744140574814
1492000	-3482.0912535496914
1492500	-3485.9594164970895
1493000	-3499.845458524103
1493500	-3505.9582800387216
1494000	-3470.768053782019
1494500	-3458.890213610143
1495000	-3499.070968931094
1495500	-3487.218167121442
1496000	-3488.9056842869704
1496500	-3457.661075193078
1497000	-3483.9830365116654
1497500	-3490.43526362254
1498000	-3482.3660128583947
1498500	-3531.541082677132
1499000	-3506.4753812024956
1499500	-3480.4296993852768
1500000	-3467.4591611729643
