Sample	likelihood
0	-4278.19428282004
500	-4076.447315105837
1000	-4196.055544045242
1500	-4021.0464318796035
2000	-4362.726341995251
2500	-4300.343096626093
3000	-4061.9256572534237
3500	-4047.4513683234936
4000	-4371.987607808502
4500	-4073.340023346306
5000	-3989.9452662450303
5500	-4051.5672482472337
6000	-4414.914291334564
6500	-4282.875790984108
7000	-4283.871062798924
7500	-4446.985365838172
8000	-4205.155125463525
8500	-4250.1450324421085
9000	-4157.381069770829
9500	-4114.3081057939535
10000	-4220.802763936568
10500	-4191.295290643177
11000	-4142.678499388977
11500	-3992.263349331044
12000	-4197.423766224714
12500	-4239.786317615123
13000	-4121.382114905775
13500	-4286.0043688197
14000	-4352.848495473383
14500	-4338.903888176339
15000	-4279.590171155679
15500	-4312.548704471447
16000	-4032.4220529844665
16500	-4319.88688648861
17000	-4298.96053777797
17500	-4548.444264297201
18000	-4029.254972023883
18500	-3997.517415948643
19000	-4411.295005872848
19500	-4402.4357518356455
20000	-4362.461056379791
20500	-4593.884035424007
21000	-3970.279948576827
21500	-4235.40089203037
22000	-4009.6317191743474
22500	-4260.270684635523
23000	-4077.4567500174167
23500	-4355.7383959832105
24000	-4558.234649291035
24500	-4283.755897152439
25000	-4158.926609441686
25500	-4378.195593006185
26000	-4168.703093129838
26500	-4068.223537298674
27000	-4212.337270862024
27500	-4449.698402960368
28000	-4506.597182861168
28500	-5130.288519361306
29000	-4569.683841334321
29500	-4511.358383834481
30000	-4555.04092177102
30500	-4408.318282987744
31000	-4596.342007708915
31500	-4404.438834929127
32000	-4278.988755115917
32500	-4281.6670345493085
33000	-4404.396068277464
33500	-4473.175491938584
34000	-4664.71356374453
34500	-4485.475868039965
35000	-4445.861077925746
35500	-4396.259755532027
36000	-4486.029613940813
36500	-4364.747253147526
37000	-4263.771116677844
37500	-4409.6824878984435
38000	-4476.673304156789
38500	-4550.362436031536
39000	-4623.39746977622
39500	-4635.766917840505
40000	-4799.3269503639785
40500	-4751.636937175655
41000	-4500.010125718797
41500	-4162.723522737825
42000	-4313.183259942961
42500	-4382.796398132378
43000	-4403.838916236286
43500	-4319.370617591418
44000	-4246.545854234191
44500	-4314.759098682404
45000	-4123.413294260286
45500	-3955.617297585276
46000	-4033.2314596047468
46500	-4102.126472502635
47000	-4067.2242048817875
47500	-4144.54569048207
48000	-4176.649451797615
48500	-4256.715473759491
49000	-4169.548336228624
49500	-4059.438183854192
50000	-3946.8109695288376
50500	-3905.223899302844
51000	-3879.6213987078736
51500	-4145.1032939050065
52000	-3897.3124868657073
52500	-3949.554825528202
53000	-4044.8862789778914
53500	-4390.615372923568
54000	-3964.8878387668287
54500	-4224.686311186333
55000	-4231.906354069847
55500	-4239.730694967364
56000	-4125.815578855899
56500	-4620.334048583497
57000	-4340.374315403649
57500	-4260.875633641988
58000	-3996.1725193441634
58500	-4187.163515490863
59000	-4066.537454688308
59500	-4117.531887150044
60000	-4015.5081920853618
60500	-4320.66489919639
61000	-4279.5516692886895
61500	-4088.1499172898057
62000	-4253.609776047129
62500	-4121.8444483135245
63000	-4144.968855058195
63500	-4166.509791142751
64000	-4092.9373324445837
64500	-4101.5351506731095
65000	-4503.065194270595
65500	-4251.279834821462
66000	-4106.166510466161
66500	-4242.169011016046
67000	-4280.072356848123
67500	-4267.872112428375
68000	-3977.405951438203
68500	-4195.378399450205
69000	-3991.089689880352
69500	-3998.9661334884786
70000	-4482.923006983684
70500	-4250.072210881113
71000	-4334.272042169618
71500	-4537.41169891276
72000	-4533.326623689966
72500	-4348.939321031498
73000	-4589.541467448283
73500	-4267.577794600891
74000	-4541.547111720179
74500	-4143.8059828203095
75000	-4469.980812405155
75500	-4551.257179536899
76000	-4248.189347446791
76500	-4290.534477102036
77000	-4319.386034485563
77500	-4230.413748571246
78000	-4502.3273023931515
78500	-4475.988363594339
79000	-4461.438649221402
79500	-4533.3291740533805
80000	-4223.4469922874805
80500	-4139.507786331879
81000	-3995.0461892238236
81500	-4141.528216375643
82000	-4302.949956681744
82500	-4073.545229527235
83000	-4279.536299620833
83500	-4078.4356149026185
84000	-4041.2914478328253
84500	-3834.3152776094666
85000	-4199.6009902306905
85500	-4842.9225085561
86000	-4087.3885924788615
86500	-4371.405805536798
87000	-4563.216636572059
87500	-4191.491793621413
88000	-4294.8140871844935
88500	-4148.544008847489
89000	-4242.217157490882
89500	-4217.762580746373
90000	-4259.2785165044115
90500	-4268.591542640363
91000	-4133.462279697778
91500	-3837.272433892968
92000	-3982.7881327213227
92500	-4024.449438169121
93000	-3947.717127206336
93500	-4359.58954002969
94000	-4210.078022078083
94500	-4202.335033912206
95000	-4272.996500409568
95500	-4186.542526970286
96000	-4318.028234473563
96500	-4174.2034601136265
97000	-4469.094679928987
97500	-4631.906304273602
98000	-4139.520829685239
98500	-4499.314778485175
99000	-4250.235614874561
99500	-4112.366074405987
100000	-4252.7636632972
100500	-4458.703415662965
101000	-4560.849807241413
101500	-4654.289905998109
102000	-4356.360273256748
102500	-4257.914167954648
103000	-4026.5463752273117
103500	-4120.220102709291
104000	-3992.921195476028
104500	-4074.07129063938
105000	-4299.908275168902
105500	-4399.118915659581
106000	-4375.932166728474
106500	-4123.048528288928
107000	-4116.471976805828
107500	-3957.05790480487
108000	-4285.760365826333
108500	-4130.4483660169735
109000	-4390.840890686322
109500	-4447.142936114843
110000	-4298.787342812701
110500	-4624.995156345871
111000	-4539.712949456743
111500	-4303.589984577975
112000	-4295.833039639365
112500	-4118.87194586898
113000	-4366.974431458
113500	-4321.638090335152
114000	-4290.730177734211
114500	-4397.794463823793
115000	-4520.011288420962
115500	-4594.309130713893
116000	-4449.828703327661
116500	-4301.382107469957
117000	-4162.908711159815
117500	-4311.204601955444
118000	-4508.2664457803885
118500	-4644.329695727894
119000	-4518.676356812975
119500	-4536.7524337146015
120000	-4436.676405895908
120500	-4359.685381850609
121000	-4523.974369427217
121500	-4280.813550554736
122000	-4459.007972060563
122500	-4547.539697224645
123000	-4287.121038132523
123500	-4300.739325621149
124000	-4401.937184757884
124500	-4229.051384697601
125000	-4361.954705504995
125500	-4236.049898016491
126000	-4198.803732570588
126500	-4081.4880083657767
127000	-4214.868324545799
127500	-4251.986003484175
128000	-4045.8375969025865
128500	-4134.265194923285
129000	-4184.286297881723
129500	-4464.034502904342
130000	-4244.633859226135
130500	-4304.558797751103
131000	-4271.998336910144
131500	-4361.279527944526
132000	-4318.2520846399875
132500	-4275.912379243736
133000	-4340.59129536336
133500	-4144.785095970847
134000	-4382.448062951133
134500	-4278.047715246598
135000	-4151.43875812824
135500	-4151.851333373094
136000	-4211.7369540371055
136500	-4325.046653177858
137000	-4722.537139331694
137500	-4738.7605560686725
138000	-3984.1641201061834
138500	-4220.752203617945
139000	-4059.7300228897584
139500	-4096.802847251729
140000	-4033.9490224978526
140500	-4136.5453444615005
141000	-4078.8848452053485
141500	-4380.815682306662
142000	-4053.6344850529294
142500	-4262.517009115428
143000	-4197.967854411679
143500	-4353.226260281549
144000	-4464.0968232983
144500	-4077.8319201265244
145000	-4219.696135872595
145500	-3920.5794338978244
146000	-4019.8354213415055
146500	-4178.781049417549
147000	-4141.594908215003
147500	-4144.419163592624
148000	-4152.554643459789
148500	-4103.7291273140645
149000	-4031.3362137236236
149500	-4143.470292270553
150000	-4320.710276376379
150500	-4152.538827628801
151000	-4364.108252475357
151500	-3886.6012875744177
152000	-4107.5171931726545
152500	-4198.802661070392
153000	-4301.503280110835
153500	-4484.951110201811
154000	-4234.101090072143
154500	-4185.30211125157
155000	-4149.333303002847
155500	-4262.9120157526895
156000	-4063.846625553762
156500	-4282.235727272762
157000	-4240.874930066186
157500	-4193.917939397338
158000	-4417.605018834192
158500	-4068.55134449027
159000	-4082.643057527866
159500	-4327.360958051374
160000	-4592.882955928863
160500	-4446.553462724267
161000	-4758.32926487065
161500	-4504.383730114434
162000	-4493.5729208656085
162500	-4465.489223873407
163000	-5047.165807209458
163500	-4324.452962871343
164000	-4498.831579691592
164500	-4479.426857008569
165000	-4547.253773772814
165500	-4488.215812313815
166000	-4419.255867064854
166500	-4375.815801588985
167000	-4477.613439142706
167500	-4295.42645652531
168000	-4014.171987611003
168500	-4243.783086654114
169000	-4628.44452250969
169500	-4413.325004078071
170000	-4687.874713529953
170500	-4840.148677551758
171000	-5026.127839175505
171500	-4330.176141891073
172000	-4459.6551059407475
172500	-4721.203720923874
173000	-4207.726999745672
173500	-4477.5550531963145
174000	-4537.726022960558
174500	-4613.746592524737
175000	-4497.536427667252
175500	-4705.2436616728055
176000	-4567.927606893015
176500	-4655.445064361192
177000	-4680.950518750995
177500	-4893.703662923009
178000	-4638.433539389291
178500	-4550.00163471497
179000	-4567.557618928074
179500	-4470.755044325412
180000	-4504.708320122505
180500	-4683.9513827512765
181000	-4633.69929134237
181500	-4600.956141296095
182000	-4464.761574503138
182500	-4447.373369622829
183000	-4279.17258735296
183500	-4242.274033649041
184000	-4571.359705257984
184500	-4130.200696546533
185000	-4279.1045573720985
185500	-4361.472085430692
186000	-4126.604157923256
186500	-4094.822644080224
187000	-4100.135234053967
187500	-4326.443499380565
188000	-4402.216229002033
188500	-4381.993135798558
189000	-4232.364651317899
189500	-4482.12981963654
190000	-4404.762861962561
190500	-3983.643930191007
191000	-4191.804923386243
191500	-4117.671732568663
192000	-4060.6207195393417
192500	-4278.936080887869
193000	-4478.6426725627225
193500	-4157.921103681446
194000	-4176.480215951543
194500	-4145.500416132307
195000	-4378.933736082184
195500	-4120.755758972076
196000	-3936.495515369855
196500	-4044.6307561779618
197000	-4247.087976986071
197500	-4075.798322091266
198000	-4147.12305560911
198500	-4231.060437133945
199000	-4692.400017071532
199500	-4484.107974139723
200000	-4609.129900996419
200500	-4061.566411806586
201000	-4437.956355852918
201500	-4504.435379212317
202000	-4272.949353840306
202500	-4815.043217356253
203000	-4120.434471440973
203500	-4249.618683449682
204000	-4041.0776733608777
204500	-4807.872972958655
205000	-4460.282091778991
205500	-4211.73793515649
206000	-4286.583014870196
206500	-4261.58718890876
207000	-4096.647188549514
207500	-4149.910747988978
208000	-4160.089980011082
208500	-4174.294196439782
209000	-4206.095419801113
209500	-4036.2790672367537
210000	-4265.497794155855
210500	-4147.39297004511
211000	-4158.176999001729
211500	-4084.6467595286576
212000	-4442.9884470405605
212500	-4218.235942707278
213000	-4540.854212843187
213500	-4593.7298226143275
214000	-4689.03577707772
214500	-4728.570563523785
215000	-4500.725232721502
215500	-4488.1954714647445
216000	-4606.671027454879
216500	-4378.956401197254
217000	-4620.122245967555
217500	-4505.59243709617
218000	-4510.4566791643065
218500	-4366.248312012968
219000	-4626.842608752723
219500	-4513.26740785326
220000	-4414.957293673455
220500	-4496.722693336908
221000	-4435.0242423007985
221500	-4411.093162806379
222000	-4297.25387853948
222500	-4266.797794491518
223000	-4327.8616105768815
223500	-4090.892957900752
224000	-4284.934291703843
224500	-4250.879655572162
225000	-4246.614554850999
225500	-4342.4016691784545
226000	-4325.263775665186
226500	-4226.566105961542
227000	-4101.164060084651
227500	-4910.731121995854
228000	-4435.912532325026
228500	-4168.063247371434
229000	-4196.31418505021
229500	-4358.266139693176
230000	-4467.051885315352
230500	-4377.236294210919
231000	-4341.77597229371
231500	-4669.325304543263
232000	-4519.4432353446655
232500	-4535.352424717825
233000	-4780.148244515542
233500	-4428.505680442388
234000	-4093.3127179271523
234500	-4891.946108680705
235000	-4734.517824669386
235500	-4536.957738684397
236000	-4634.27447156007
236500	-4724.790004672308
237000	-4595.945108889672
237500	-4621.883114641937
238000	-4678.199938972059
238500	-4585.7396986532385
239000	-4343.1871510588935
239500	-4366.776470232365
240000	-4265.227245165768
240500	-4505.194647961291
241000	-4152.050407167751
241500	-4468.394992189503
242000	-4252.553731225277
242500	-4496.934021061189
243000	-4362.923132569317
243500	-4471.077788511045
244000	-4140.5684145570485
244500	-4301.62374366197
245000	-4079.153095983919
245500	-4547.514994914655
246000	-4215.020219849675
246500	-4392.493247891319
247000	-4294.868120354998
247500	-4546.862587837472
248000	-4434.483398814611
248500	-4373.9153250505315
249000	-4385.064925807281
249500	-4263.673200271561
250000	-4406.22793119523
250500	-4625.795735039361
251000	-4698.152397476345
251500	-4690.620305866923
252000	-4590.545722456406
252500	-4569.076427152861
253000	-4569.7027105939405
253500	-4625.88261993422
254000	-4595.7989201775545
254500	-4569.987176416725
255000	-4546.78067199054
255500	-4742.229626390025
256000	-5062.878910120522
256500	-4792.068765258108
257000	-4673.179939226615
257500	-4779.9174808232065
258000	-4817.693674082929
258500	-4588.819739203938
259000	-4801.228199154253
259500	-4598.725841214113
260000	-4758.4542525112365
260500	-4270.318498846706
261000	-4454.174372157007
261500	-4136.429507588478
262000	-4158.513461366178
262500	-4278.989895188355
263000	-4265.502233152641
263500	-4430.3542009060175
264000	-4214.826887616322
264500	-4305.797123932779
265000	-4115.8769573641
265500	-4076.218754526044
266000	-4184.546942203983
266500	-4141.211073499896
267000	-4157.4526286694445
267500	-4046.55303411545
268000	-3950.508058612452
268500	-4105.139973641598
269000	-3947.301706723178
269500	-4021.51178375218
270000	-4180.319482549877
270500	-4198.261423083968
271000	-4101.40746032614
271500	-4208.931779954454
272000	-4251.0796451530205
272500	-4194.0261403611075
273000	-4146.1697135906115
273500	-4151.302011821667
274000	-3938.7808942119
274500	-4066.4120092636217
275000	-4148.295098420634
275500	-4135.34359419403
276000	-4296.484294088895
276500	-4377.558657108115
277000	-4347.494290772612
277500	-4104.222735671929
278000	-4265.478511915742
278500	-4141.283890082117
279000	-4317.9991477707235
279500	-4554.266650995348
280000	-4336.307796474959
280500	-4295.8538694395775
281000	-4219.292475176115
281500	-4263.353020018743
282000	-4063.6162524298384
282500	-3984.0144347982805
283000	-4115.710534960348
283500	-4672.846156691868
284000	-4114.617114151173
284500	-4101.933492951756
285000	-4285.245671929538
285500	-4393.614365627388
286000	-4170.816893906214
286500	-4032.5460692564216
287000	-4431.328066659646
287500	-4312.601338893494
288000	-4154.954277764875
288500	-4087.101015636343
289000	-4150.408495674133
289500	-3987.979171159826
290000	-4052.483923915832
290500	-4165.699485299169
291000	-4326.567804523483
291500	-4503.553372645283
292000	-4013.7600004728233
292500	-4063.7581207372023
293000	-4061.6031742156333
293500	-4135.06436243165
294000	-4125.904937578995
294500	-4061.8438531930155
295000	-4296.64606956414
295500	-4026.5933847484134
296000	-4170.903954456432
296500	-4232.853400054563
297000	-4194.728281837948
297500	-4273.575357633055
298000	-4285.709370291908
298500	-4627.91579108834
299000	-4329.560645234258
299500	-4282.300664043328
300000	-4313.896266532658
300500	-4149.414522117274
301000	-4406.296239460327
301500	-4149.930127216149
302000	-4365.058559060088
302500	-4398.297115103186
303000	-4351.3592897461285
303500	-3961.917807731402
304000	-4026.0604843730976
304500	-4001.796566843163
305000	-3954.168829892951
305500	-3938.740325929849
306000	-3938.8192690444093
306500	-3998.447866850363
307000	-4194.282671730008
307500	-4220.403584501755
308000	-4139.062313926121
308500	-4184.329655905891
309000	-3956.43112422545
309500	-4023.7858656484404
310000	-3941.6507938615637
310500	-4108.640648648055
311000	-4294.866857638732
311500	-4263.183501854257
312000	-4183.719740915193
312500	-4079.4942318401963
313000	-4067.625296258384
313500	-4110.346587726291
314000	-4002.492628127844
314500	-4030.4746112819034
315000	-3981.576808998693
315500	-4216.658486193527
316000	-4216.298990617593
316500	-4174.626043213069
317000	-4063.011189981278
317500	-4155.611204473938
318000	-4105.889896086508
318500	-4189.417932018739
319000	-4155.768403261888
319500	-4374.158107837978
320000	-4345.870696780864
320500	-4175.263158976925
321000	-4225.933343802691
321500	-4276.579887133791
322000	-4174.407625717393
322500	-4079.8240215220335
323000	-4065.1399383779835
323500	-3980.689374925038
324000	-4261.323435490762
324500	-4096.690001444403
325000	-4101.388668719229
325500	-4258.540745084122
326000	-4282.421038485198
326500	-4144.71191690464
327000	-4314.552487365108
327500	-4061.5117299189146
328000	-4129.57802855982
328500	-4052.6754451916613
329000	-4275.392654364351
329500	-4233.889294445547
330000	-4104.167546881535
330500	-4259.13883123125
331000	-4239.594556335729
331500	-4072.7242589604753
332000	-4071.279588214737
332500	-4009.52461802438
333000	-4175.459079353559
333500	-4259.597605745664
334000	-3970.176047480034
334500	-4175.0048695820815
335000	-4300.6406198667055
335500	-4410.548461699919
336000	-4379.468790058733
336500	-4831.269755198316
337000	-4657.568877385707
337500	-4327.146983597231
338000	-4240.512861849354
338500	-4138.7802403263195
339000	-3973.7324544721255
339500	-4066.794014198841
340000	-4029.938327659848
340500	-4013.6117169732756
341000	-4320.890550806118
341500	-4039.728629859608
342000	-4081.9816180329085
342500	-4091.5459314349755
343000	-4250.9741236051905
343500	-4026.656635287255
344000	-4385.561734952574
344500	-3961.2637007576996
345000	-4176.909054994927
345500	-4200.584935575636
346000	-4276.043284468941
346500	-4175.179782449371
347000	-4172.12897192756
347500	-4762.064794499271
348000	-4826.175961646277
348500	-4752.34850552192
349000	-4348.8429610441935
349500	-4300.416343497574
350000	-4240.606441414707
350500	-4246.172327899053
351000	-4213.954285004596
351500	-4348.073316414939
352000	-4456.86766060272
352500	-4199.562550417622
353000	-3963.553233491823
353500	-4063.47686212603
354000	-3979.3113446318616
354500	-4283.014717210184
355000	-4347.1910227870185
355500	-4397.4977336116235
356000	-4059.8026419596044
356500	-4343.27763664829
357000	-4283.663897457969
357500	-4101.547865676005
358000	-4248.957474329594
358500	-4395.600571744233
359000	-4874.368044473386
359500	-4699.540555426039
360000	-4761.868303339467
360500	-4521.9890663574415
361000	-4542.934386110288
361500	-4555.895243081144
362000	-4235.68655553167
362500	-4236.498425550333
363000	-4118.500713400342
363500	-4080.304728567726
364000	-4141.069476197499
364500	-4327.318913705284
365000	-4139.094215570714
365500	-4182.771248847968
366000	-4044.92776529479
366500	-4214.15407823286
367000	-4544.652995619323
367500	-4487.538663313904
368000	-4538.6219059532805
368500	-4458.248357739397
369000	-4417.318556231472
369500	-4989.701676066768
370000	-4232.013169961686
370500	-4761.928378279452
371000	-4194.4541393198215
371500	-4616.624847191934
372000	-4629.69428061166
372500	-4331.569766275992
373000	-4667.682700068665
373500	-4334.926564398566
374000	-4021.749750211785
374500	-4163.047711829019
375000	-4519.9861163990545
375500	-4216.849009030827
376000	-4295.299828146037
376500	-4247.914538822485
377000	-3929.701086478876
377500	-4299.220895261811
378000	-4114.834527525984
378500	-4132.587759736259
379000	-4142.632148550632
379500	-4288.48052434119
380000	-4415.457360864771
380500	-4467.096873209181
381000	-4335.265897616646
381500	-4224.536936397721
382000	-4228.889414707309
382500	-4552.617054923943
383000	-4273.886887475128
383500	-4241.278166061771
384000	-4329.447645017296
384500	-4247.320344770421
385000	-4439.348641676768
385500	-4511.471064267092
386000	-4408.084409514777
386500	-4193.557117328928
387000	-4297.378516376053
387500	-4252.155084618181
388000	-4589.299284850529
388500	-4325.660301949917
389000	-4344.843233373641
389500	-4298.770590434035
390000	-4619.0659808412365
390500	-4300.794412007493
391000	-4147.0459976097
391500	-4380.431195842908
392000	-4309.124673986848
392500	-4114.29232864458
393000	-4165.575434876607
393500	-4206.554888093724
394000	-4341.112923605152
394500	-4279.421464214011
395000	-4261.786121660585
395500	-4219.086069476093
396000	-4686.625022193828
396500	-4437.360553749625
397000	-4261.300722060657
397500	-4494.447373069152
398000	-4458.584661069004
398500	-4453.880578415935
399000	-4546.474482417504
399500	-4258.181669346342
400000	-4416.747989104943
400500	-4563.221539751315
401000	-4216.240805140184
401500	-4360.032360224109
402000	-4477.80288515717
402500	-4069.199313460429
403000	-4379.988382114567
403500	-4838.177488193899
404000	-4934.313422631418
404500	-4546.898472119328
405000	-4578.054759403411
405500	-4455.604287527955
406000	-4475.886593643843
406500	-4453.84631333512
407000	-4299.723213854785
407500	-4600.416388410169
408000	-4468.835974822059
408500	-4612.2974940646545
409000	-4554.3823697896205
409500	-4423.91219031873
410000	-4291.05964747197
410500	-4017.1823724454944
411000	-3913.602925869607
411500	-4229.228242001719
412000	-4242.970230353646
412500	-4145.847640530364
413000	-4121.919078929397
413500	-4140.110754417941
414000	-4319.80769504141
414500	-4069.278715148872
415000	-4328.208968244799
415500	-4250.787300620352
416000	-4454.711598517055
416500	-4396.653327629194
417000	-4142.679682410933
417500	-3990.471779096348
418000	-4136.944047358091
418500	-4313.587388962956
419000	-3929.930745156109
419500	-4018.3447650933526
420000	-4461.918776028732
420500	-4085.086438295526
421000	-3883.5463001582034
421500	-4238.020939828643
422000	-4330.973785235347
422500	-4282.364750692059
423000	-4440.228496170089
423500	-4397.082671083745
424000	-4352.993199489011
424500	-4263.761669691229
425000	-4204.423000515922
425500	-4207.74815081651
426000	-4247.4845012729365
426500	-4244.782804111318
427000	-4666.988530958252
427500	-4294.2147966694765
428000	-4344.383134871927
428500	-4541.040702248633
429000	-4412.127664824617
429500	-4193.681930972173
430000	-4099.612878150391
430500	-4163.989698584676
431000	-4246.819411642033
431500	-4356.930166065116
432000	-4123.555317429447
432500	-4290.912079790123
433000	-4327.2756179645285
433500	-4181.7405041584025
434000	-4478.673561768792
434500	-4189.8350084132235
435000	-4042.9623931828146
435500	-4328.443595597984
436000	-4311.022040732798
436500	-4096.927570433282
437000	-4118.232744605106
437500	-4144.683521363478
438000	-4401.428936493881
438500	-4869.210909760328
439000	-4461.192645952042
439500	-4170.34915246539
440000	-4243.471757162246
440500	-4159.2966471226555
441000	-4132.36925349046
441500	-4256.934573976992
442000	-4310.527551285534
442500	-4339.7440769365685
443000	-4347.2241178956965
443500	-4366.617830638512
444000	-4304.949823133804
444500	-4197.600053672564
445000	-4240.13710691956
445500	-4235.851713311823
446000	-4465.051328555505
446500	-4198.430098872549
447000	-4414.951828101312
447500	-4418.170658936057
448000	-4273.803696335844
448500	-4541.04253840074
449000	-4102.600298006038
449500	-4012.2981839071517
450000	-4253.534343048644
450500	-4230.921962842739
451000	-4504.146303928148
451500	-4670.527483085089
452000	-4842.516318261037
452500	-4449.473358312072
453000	-4515.068853582753
453500	-4434.135055715244
454000	-4585.235348239425
454500	-4619.91699162625
455000	-4514.687806643348
455500	-4968.5135612936565
456000	-4823.863434835741
456500	-4823.197520213182
457000	-4368.449274674858
457500	-4768.783913657491
458000	-4449.939078381482
458500	-4572.9636575467
459000	-4248.052127505456
459500	-4639.501637920826
460000	-4658.541536796086
460500	-4391.883853614171
461000	-4313.5763238712025
461500	-4292.327166616333
462000	-4279.0819685384895
462500	-4581.256084229204
463000	-4567.300707500254
463500	-4202.069498010063
464000	-4272.799564170965
464500	-4198.027643303075
465000	-4397.522740984093
465500	-4245.505790142637
466000	-4327.382731543411
466500	-4170.993346273399
467000	-4082.4434618985188
467500	-4156.344094381036
468000	-4307.087825054573
468500	-4385.79229311635
469000	-4479.288583518803
469500	-4206.102643604655
470000	-4286.211060050867
470500	-4097.122580775997
471000	-4165.871575866694
471500	-4624.917985260999
472000	-4027.669628150639
472500	-4668.438012611083
473000	-4331.832073174768
473500	-4618.405878884444
474000	-4735.597311177779
474500	-4786.626114748909
475000	-4692.870129274153
475500	-4735.219940054863
476000	-4547.9475296011115
476500	-4856.470560132705
477000	-4412.566314830076
477500	-4566.620426711168
478000	-4160.8386095245305
478500	-4181.364333929729
479000	-4167.301869528308
479500	-4424.036938912327
480000	-4295.732778770217
480500	-4317.866367934231
481000	-4224.250366968124
481500	-4060.1684533830885
482000	-4133.237993398389
482500	-4018.868980076054
483000	-4340.084600209236
483500	-4155.260945738286
484000	-4296.580519507571
484500	-4235.708983700047
485000	-4179.626963746047
485500	-4110.50702681352
486000	-4303.855272040307
486500	-4235.172301540664
487000	-4409.969909783558
487500	-4498.15259532544
488000	-4332.878762498345
488500	-4391.496511187262
489000	-4328.780455478455
489500	-4606.32045628168
490000	-4638.2280397355635
490500	-4197.000376284336
491000	-4206.879793563463
491500	-4250.823114994866
492000	-4059.5635663281873
492500	-4169.326726155373
493000	-4085.6822861385244
493500	-4120.809188343701
494000	-4165.476916715473
494500	-4028.0277739882576
495000	-3929.4573054609755
495500	-3997.6799358996104
496000	-4167.547097133034
496500	-4249.971178000847
497000	-4119.746991766536
497500	-4252.558563815684
498000	-4283.061700528671
498500	-4461.4228344406265
499000	-4023.8324704484735
499500	-3795.9545419078077
500000	-4091.1124256551984
500500	-4202.870348843131
501000	-4277.608516318408
501500	-4069.607992566655
502000	-4173.504520019146
502500	-4097.228590000131
503000	-4427.835002284851
503500	-4406.274367636779
504000	-4474.547520729275
504500	-4348.766303291092
505000	-4440.941921214464
505500	-4329.874063558793
506000	-4392.893383948343
506500	-4345.065207000177
507000	-4201.682463616099
507500	-4275.896967985482
508000	-4069.8886205659637
508500	-4421.285439350388
509000	-4559.6234643439075
509500	-4378.460176380054
510000	-4452.691826412395
510500	-4663.913821964767
511000	-4628.477870238959
511500	-4374.4599474667575
512000	-4309.293368447907
512500	-4294.190244630036
513000	-4330.355904163972
513500	-4515.848669304252
514000	-4483.385991918321
514500	-4674.2798329798625
515000	-4113.921691980602
515500	-4211.275573720298
516000	-4361.805937691424
516500	-4304.6918821888385
517000	-4246.546596813444
517500	-4325.716121239317
518000	-4523.783200839349
518500	-4671.277662734097
519000	-4666.046830302587
519500	-4367.76196671834
520000	-4405.835923225591
520500	-4367.491473715117
521000	-4522.775175351284
521500	-4631.861592638471
522000	-4448.329497436569
522500	-4415.1772771403175
523000	-4010.2967862628166
523500	-4027.567612047095
524000	-4064.079870714264
524500	-4171.887633300327
525000	-4209.967586765481
525500	-4533.800847746953
526000	-4219.534066488958
526500	-4495.602244688419
527000	-4474.9479977733
527500	-4570.692535660466
528000	-4475.842629547853
528500	-4583.812113047427
529000	-4470.053031816409
529500	-4383.364363211134
530000	-4570.793941919614
530500	-4351.339863761033
531000	-4542.587137373144
531500	-4299.304631318787
532000	-4364.05816624201
532500	-4826.138251007199
533000	-4470.367734941024
533500	-4317.818403200761
534000	-4454.299858359167
534500	-4432.487654463485
535000	-4534.318795535648
535500	-4495.842288580929
536000	-4437.616752420481
536500	-4370.302130144423
537000	-4507.804703257534
537500	-4193.811814136946
538000	-4185.218251112233
538500	-4601.643288641836
539000	-4122.873847975406
539500	-4201.449198415664
540000	-4309.765644314047
540500	-4221.053758457438
541000	-4291.237460248472
541500	-4297.868333867187
542000	-4333.384961628263
542500	-4210.986121993075
543000	-4370.33423761282
543500	-4163.505561395727
544000	-4097.413083210543
544500	-4233.320499322419
545000	-4314.434657359234
545500	-4082.794099790251
546000	-4007.255776250631
546500	-4301.781166233204
547000	-4291.884391731578
547500	-4469.6396992025
548000	-4190.003102701802
548500	-4041.7907275395287
549000	-4130.415089552841
549500	-4346.488950874574
550000	-4085.160143004261
550500	-4304.7257892766265
551000	-4207.215705424106
551500	-4215.404545166824
552000	-4097.856834000994
552500	-4125.48769513263
553000	-3925.349923311605
553500	-4327.325861078701
554000	-4163.731192069846
554500	-4138.999597879984
555000	-4396.569648118513
555500	-4572.612623847081
556000	-4014.6145897647148
556500	-4295.372259482842
557000	-4266.040038765264
557500	-4270.266100702306
558000	-4433.246439282557
558500	-4452.215609084977
559000	-4002.657442343702
559500	-4056.271897027768
560000	-4433.734073305586
560500	-4502.617982518536
561000	-4299.69277430605
561500	-4182.976175009909
562000	-4638.229130163872
562500	-4093.0049802164326
563000	-4242.969298434115
563500	-4316.046878717646
564000	-4588.659621607627
564500	-4552.731268958178
565000	-4415.542946966841
565500	-4400.317026876224
566000	-4294.430834669234
566500	-4246.965902299527
567000	-4470.975117086179
567500	-4411.282871765407
568000	-4275.387080384062
568500	-4279.746523083791
569000	-4414.040351032017
569500	-4262.334631327138
570000	-4532.083053970294
570500	-4453.4653198259175
571000	-4306.419321433283
571500	-4434.50079961274
572000	-4666.564226011411
572500	-4531.139868096623
573000	-4641.472248362318
573500	-4643.344525974848
574000	-4536.4916008258515
574500	-4445.82098288781
575000	-4205.953408601887
575500	-4268.955925744719
576000	-4764.007486743114
576500	-4555.879585250983
577000	-4414.888158627525
577500	-4559.74038186571
578000	-4387.28904776813
578500	-4311.341588560667
579000	-4492.251983369438
579500	-4332.359127697787
580000	-4227.015403062849
580500	-4255.275649100895
581000	-4163.507225184101
581500	-4266.272886904756
582000	-4204.610139757072
582500	-4074.3580372119804
583000	-4122.352400525492
583500	-4158.1837120650835
584000	-4051.7392115862685
584500	-4231.846854533739
585000	-4213.758697715136
585500	-4442.486766173674
586000	-4576.890267743576
586500	-4403.121428185288
587000	-4102.642840086612
587500	-4194.630314882976
588000	-4403.580788600679
588500	-4661.955477081676
589000	-4573.796042920667
589500	-4257.791636992191
590000	-4211.697915590579
590500	-4610.879821210716
591000	-4566.540760227924
591500	-4612.331050029047
592000	-4403.2492692863825
592500	-4421.740003655665
593000	-4502.674399536838
593500	-4261.0824652785495
594000	-4491.073484783619
594500	-4344.357729354756
595000	-4201.214813346857
595500	-4166.656541351932
596000	-4228.59331904214
596500	-4254.3341570767125
597000	-4303.426702566531
597500	-4368.653051681681
598000	-4505.082256020377
598500	-4644.264010569611
599000	-4685.335859168874
599500	-4602.78114009179
600000	-4506.735088389552
600500	-4567.928401353751
601000	-4640.977374013561
601500	-4571.286517274802
602000	-4695.865510315304
602500	-4940.262973462128
603000	-4629.026831333693
603500	-4550.228057161942
604000	-4535.740962476063
604500	-4913.707536085045
605000	-4763.49350154747
605500	-4785.56541744628
606000	-4917.78645554808
606500	-4453.776400499411
607000	-4730.802257982033
607500	-4639.713588932285
608000	-4682.513722112217
608500	-4602.643446133743
609000	-4645.186941796977
609500	-4981.79994685489
610000	-4880.615324945164
610500	-4946.838846016083
611000	-4982.8899359453435
611500	-4698.179238992252
612000	-4988.59428286326
612500	-4178.055927092527
613000	-4425.127479974041
613500	-4201.964220565941
614000	-4664.310661177
614500	-4137.063729456303
615000	-4603.541671671426
615500	-4380.602054352996
616000	-4528.956148615436
616500	-4427.0552518068025
617000	-4666.775027587921
617500	-4636.792184773183
618000	-4521.628019046447
618500	-4414.659596563263
619000	-4754.688917136021
619500	-4602.767987800308
620000	-4569.709502263003
620500	-4537.837625485561
621000	-4283.060133102153
621500	-4137.334869319157
622000	-4207.468644016987
622500	-4334.256391333658
623000	-4244.117929153411
623500	-4228.148520047888
624000	-3954.2370804086027
624500	-4234.823895937183
625000	-4279.873036229379
625500	-4337.140261289518
626000	-4435.095848729403
626500	-4238.211539364014
627000	-4622.298633714452
627500	-4578.861019763311
628000	-4398.431174835918
628500	-4623.0611718410955
629000	-4691.278438439377
629500	-4393.894605740101
630000	-4448.874003071136
630500	-4320.150302835906
631000	-4237.717236343186
631500	-4197.198828020618
632000	-4111.134855204215
632500	-4230.687197331627
633000	-4147.046848604462
633500	-4259.1949971541435
634000	-4179.723478824189
634500	-4293.6746905144655
635000	-4270.9358247464825
635500	-4371.539231512703
636000	-4268.361359940764
636500	-4131.941285377598
637000	-4290.326793522935
637500	-4130.007336548619
638000	-4390.681504641229
638500	-4330.221439880414
639000	-4301.526267084992
639500	-4385.659970223716
640000	-4274.441248709444
640500	-4202.617504622894
641000	-4151.027378878507
641500	-4219.602502424581
642000	-4591.778385241447
642500	-4298.796627367597
643000	-4406.316753908169
643500	-4184.212972286995
644000	-5069.765884109818
644500	-4222.53193505116
645000	-4212.448275739445
645500	-4174.586625033068
646000	-4099.147864161789
646500	-3948.554701911798
647000	-4276.378078778723
647500	-4254.506504315
648000	-4308.822181918172
648500	-4060.2748325993807
649000	-4300.026175942936
649500	-4262.728991339073
650000	-4369.5899114443855
650500	-4230.301113034369
651000	-4366.112862362655
651500	-4559.244511635495
652000	-4266.901408797154
652500	-4187.768291153534
653000	-4051.0196582041085
653500	-4210.613454395511
654000	-4256.694412882967
654500	-4126.5757016943335
655000	-4285.748408261462
655500	-4127.5852742211655
656000	-4370.031748341235
656500	-4558.584517131415
657000	-4140.633796549411
657500	-3983.0746412735853
658000	-4115.285277500929
658500	-4401.13124972188
659000	-4497.261911662227
659500	-4187.822113479691
660000	-4116.019065790303
660500	-4065.7836104888715
661000	-4210.453786359206
661500	-4261.248098043589
662000	-4254.359712278669
662500	-4108.723132915176
663000	-4314.735350432471
663500	-4498.614175372516
664000	-4650.276301696991
664500	-4444.343598244053
665000	-4247.4912673527715
665500	-4196.431516146096
666000	-4585.959871693189
666500	-4439.260200202696
667000	-4488.03523770177
667500	-4351.886692825729
668000	-4562.112818366615
668500	-4395.452784322357
669000	-4392.558480096358
669500	-4187.67299411965
670000	-4416.927703548594
670500	-4867.2380468685005
671000	-4544.645770642075
671500	-4555.651452231044
672000	-4303.327482464359
672500	-4283.834648725395
673000	-4291.582662811287
673500	-4297.80822438462
674000	-4429.976211153378
674500	-4068.2376573718584
675000	-4390.454825715974
675500	-4178.112893883438
676000	-4324.288748780409
676500	-4151.969123426095
677000	-4126.177090488638
677500	-4323.998416086585
678000	-4123.899558374523
678500	-4451.669775032856
679000	-4302.50870330755
679500	-4028.4493099796446
680000	-4239.1741383278295
680500	-4052.6932541856672
681000	-4085.6554869532656
681500	-4208.511439991977
682000	-4136.479707209229
682500	-4246.488425841472
683000	-4388.817644924243
683500	-4407.134285904327
684000	-4481.772731377326
684500	-4267.126926957697
685000	-4231.295312950754
685500	-4119.505188512556
686000	-4305.407493734559
686500	-4288.5825634015955
687000	-4195.0949818266945
687500	-4395.145227915498
688000	-4347.242801612232
688500	-4294.938562921743
689000	-4356.639166540684
689500	-4325.137025519219
690000	-4225.779310311459
690500	-4139.7304946982185
691000	-4328.331030129208
691500	-4333.124786744989
692000	-4118.916044047089
692500	-4252.238661297419
693000	-4427.412760080475
693500	-4464.253745345677
694000	-4556.142970834766
694500	-4741.672211261232
695000	-4356.352115682086
695500	-4208.339523084628
696000	-4291.837787320932
696500	-4057.298681901862
697000	-4137.5665342319035
697500	-4435.880585249615
698000	-4275.6556768151695
698500	-4596.65134863492
699000	-4387.384424993643
699500	-4728.069918784028
700000	-4810.867736277052
700500	-4425.247167182923
701000	-4392.583206250388
701500	-4633.947134540146
702000	-4952.984727620288
702500	-4942.575360918116
703000	-4451.368469166035
703500	-4422.499399586924
704000	-4453.094180299143
704500	-4430.620355330428
705000	-4669.021746697083
705500	-4413.702297991608
706000	-4434.1623697247605
706500	-4380.873008926352
707000	-4497.123715563228
707500	-5253.954171439187
708000	-4307.787929343135
708500	-4598.732705344062
709000	-4436.166517961597
709500	-4606.093352757608
710000	-4692.385186595754
710500	-4540.189660802914
711000	-4371.227085281127
711500	-4370.7352693768535
712000	-4344.591554925755
712500	-4307.358395088791
713000	-4526.132706829834
713500	-4263.353908251387
714000	-4110.946684293339
714500	-4400.410427409602
715000	-4513.025331969947
715500	-4608.806400771648
716000	-4985.871896412185
716500	-4499.27744648034
717000	-4409.228076595548
717500	-4662.63735081403
718000	-4507.44703575366
718500	-4463.786712782173
719000	-4433.304364569852
719500	-4305.523987701384
720000	-4314.547612602796
720500	-4330.705639633876
721000	-4568.013864146487
721500	-4479.657773652409
722000	-4928.404004545383
722500	-4729.621544692112
723000	-4580.88289190618
723500	-4437.407183449676
724000	-4357.9181527408155
724500	-4289.671023549153
725000	-4291.74180632539
725500	-4560.030596541745
726000	-4421.647031031879
726500	-4298.685578724012
727000	-4328.865474851618
727500	-4519.4578769639065
728000	-4394.608706242164
728500	-4743.186385268111
729000	-4281.527634905981
729500	-4544.669806408651
730000	-4657.273451786828
730500	-4647.759647822057
731000	-4424.312632690383
731500	-4551.8949787456295
732000	-4550.453247167813
732500	-4444.6795784421465
733000	-4524.687776020979
733500	-4285.1433216276855
734000	-4669.058079631097
734500	-4499.895315409296
735000	-4567.256346476473
735500	-4274.619050563976
736000	-4404.76586194507
736500	-4391.284220194348
737000	-4158.726536505617
737500	-4377.182849275776
738000	-4225.955366182273
738500	-4261.483622655662
739000	-4195.900265524049
739500	-4585.581569539644
740000	-4502.036208140609
740500	-4160.0507533436885
741000	-4464.706668226488
741500	-4256.514573594392
742000	-4282.281358216047
742500	-4526.847889670645
743000	-4205.024059505456
743500	-4499.690564211226
744000	-4043.6317691636023
744500	-4026.254796672846
745000	-4268.8711560833635
745500	-4250.36264945935
746000	-4593.880599576645
746500	-4326.547554150511
747000	-4217.847407769041
747500	-4275.703118735195
748000	-4442.847224393804
748500	-4214.27072225125
749000	-4054.517731311617
749500	-4295.737698504397
750000	-4129.542407635535
750500	-4074.0415834080386
751000	-4022.084420232506
751500	-4075.6905904000178
752000	-4391.024952965672
752500	-4685.655830435002
753000	-4612.435534209786
753500	-4452.696620408814
754000	-4475.400459463252
754500	-4332.2364859011095
755000	-4169.687218652174
755500	-4220.757630840013
756000	-4198.266209865379
756500	-4220.581023182907
757000	-4217.263184541128
757500	-4178.447802789438
758000	-4450.3630861672855
758500	-4453.166866979615
759000	-4495.169543950856
759500	-4373.064611689234
760000	-4276.374418280457
760500	-4310.220700755903
761000	-4184.140823012568
761500	-4563.671990382136
762000	-4567.1728503322
762500	-4571.216907916282
763000	-4790.789889322155
763500	-4232.490326960878
764000	-4806.314601793953
764500	-4813.056959820079
765000	-4270.014781006815
765500	-4473.733029905454
766000	-4386.52304613633
766500	-4441.460166897283
767000	-4401.092982495442
767500	-4418.477776276639
768000	-4213.521641628033
768500	-4495.992077176443
769000	-4524.155249387332
769500	-4495.727895544904
770000	-4444.899414857491
770500	-4464.7231803871455
771000	-4464.618623365006
771500	-4386.609896463441
772000	-4408.264583142005
772500	-4429.463412883696
773000	-4329.141001505899
773500	-4423.219353667231
774000	-4377.696570497291
774500	-4413.234391612305
775000	-4214.159500909524
775500	-4257.160210906378
776000	-4320.802303145267
776500	-4829.894034712651
777000	-4843.587004440587
777500	-4527.362732505724
778000	-4523.285542532102
778500	-4395.022405167561
779000	-4234.627655908296
779500	-4281.151837904819
780000	-4205.543229429159
780500	-4014.091545231148
781000	-3979.4191056941895
781500	-4314.732383499932
782000	-4292.605648002128
782500	-4007.255579495008
783000	-4138.151896303587
783500	-4074.5989033133665
784000	-4009.454878051042
784500	-4148.316855806839
785000	-4012.4995402627633
785500	-3965.9679398434378
786000	-4038.2044005936204
786500	-4088.8459771791595
787000	-4109.803294414134
787500	-4005.902733801207
788000	-4096.580958734357
788500	-4055.8901238102253
789000	-4236.993227740656
789500	-4292.4186274103
790000	-4271.555810596398
790500	-4464.684987394982
791000	-4269.931586286262
791500	-4505.025596115654
792000	-4306.707098896109
792500	-4320.77221911521
793000	-4458.387919343213
793500	-4268.756068878581
794000	-4090.423625221428
794500	-4291.782865188866
795000	-4147.4617301911285
795500	-3996.26606429578
796000	-4178.613473097956
796500	-4130.362386160138
797000	-4056.2483020574364
797500	-4244.240356768873
798000	-4146.346621450438
798500	-4029.152804053937
799000	-4068.2174510710915
799500	-4005.3382151479423
800000	-4221.829258924076
800500	-3921.6641716283084
801000	-4288.208668918593
801500	-4153.366361604142
802000	-4284.064355915419
802500	-4420.805766677907
803000	-4317.628190949984
803500	-4202.5951912696755
804000	-4217.649269767465
804500	-4161.581827123793
805000	-4144.063282911162
805500	-4031.9713891366655
806000	-4223.516585162614
806500	-5020.123134689918
807000	-4436.283438063531
807500	-4672.283619123321
808000	-4433.0533977517025
808500	-4200.320992110328
809000	-4136.035578668068
809500	-4066.8772744991097
810000	-4002.7616557365536
810500	-4010.7356989617183
811000	-4078.332388571901
811500	-4114.438103549943
812000	-4064.907055154049
812500	-4388.9119030568
813000	-4409.839272734337
813500	-4247.497693533568
814000	-4329.464381144847
814500	-4201.607842316236
815000	-4055.7142822566934
815500	-4086.0158852214054
816000	-4170.63479560135
816500	-4291.61625323658
817000	-4058.6330132663966
817500	-4262.881197971077
818000	-4334.705687952913
818500	-4118.984697324076
819000	-4131.173923934051
819500	-4275.255005313322
820000	-4409.315521617207
820500	-4038.642591258563
821000	-4125.987217058388
821500	-4256.5898904834
822000	-4202.0941370962755
822500	-4362.179364596343
823000	-4360.492874888942
823500	-4839.317831825232
824000	-4039.354750210314
824500	-4343.6296467169595
825000	-4470.810528842612
825500	-4233.917672684261
826000	-3999.813397939478
826500	-4243.236454853778
827000	-4338.65490557681
827500	-4233.480089093936
828000	-4462.784466763023
828500	-4199.04828862166
829000	-4250.402908785004
829500	-4529.0759582503815
830000	-4241.793774824701
830500	-4077.9828458196403
831000	-4136.6352281028685
831500	-4264.464892314842
832000	-4041.2817950892477
832500	-4147.5419887985945
833000	-4291.51999057548
833500	-4499.435955117957
834000	-4490.205661519244
834500	-4432.697817594101
835000	-4338.086665086395
835500	-4272.16473550743
836000	-4266.485838127517
836500	-4303.899348505274
837000	-4702.988404435989
837500	-4329.490608588129
838000	-4432.9951421354845
838500	-4678.299435050168
839000	-4435.751126165882
839500	-4298.859115917816
840000	-4307.365255107287
840500	-4218.272933310117
841000	-4054.4983080189413
841500	-4126.250287709566
842000	-4070.339477775841
842500	-3905.896420652989
843000	-4161.880770943712
843500	-4127.955988921828
844000	-4191.192045201969
844500	-4082.807293320871
845000	-4194.318458846662
845500	-4395.486935935062
846000	-4527.819035799546
846500	-4451.925279431848
847000	-4304.066687919083
847500	-4212.000206156194
848000	-4293.615008135644
848500	-4412.421486869346
849000	-4157.576479800802
849500	-4395.003792622284
850000	-4350.226675934617
850500	-4327.432998324447
851000	-4159.221336140711
851500	-4120.143504933925
852000	-4213.695773981084
852500	-4329.4255051100645
853000	-4515.490693056174
853500	-4097.486516541495
854000	-4223.713457437847
854500	-4386.506505893125
855000	-4312.85794095669
855500	-4356.215148563747
856000	-4496.5851062693355
856500	-4099.257977969447
857000	-4388.644389541999
857500	-4568.126914305038
858000	-4249.68552643762
858500	-4163.660411485204
859000	-4063.3893894243806
859500	-4089.065745222674
860000	-4164.746217928074
860500	-4167.552806188048
861000	-3969.711195976977
861500	-4184.4159827370995
862000	-4200.592197621961
862500	-4339.0644088817235
863000	-4387.538569705598
863500	-4381.376094218546
864000	-4086.2073337727415
864500	-4310.024626730652
865000	-4148.769135173344
865500	-4091.0056623819137
866000	-3936.3154714375946
866500	-3998.114580745595
867000	-3960.3889626252367
867500	-4377.955388655844
868000	-4117.309574871664
868500	-4089.9651392280616
869000	-4161.421618368454
869500	-4348.581477551871
870000	-4048.3902393876574
870500	-4052.7593247526256
871000	-4048.016138748916
871500	-4102.7036519367675
872000	-4109.65301091258
872500	-4074.5501032936145
873000	-4158.560269770327
873500	-4139.481514520566
874000	-4376.616781634105
874500	-4453.838935276376
875000	-4089.300949905261
875500	-4062.493091058031
876000	-4507.9878039044315
876500	-4454.810535058747
877000	-4412.855460943736
877500	-4349.452847828013
878000	-4480.350719908298
878500	-4768.454356366332
879000	-4576.2625775941815
879500	-4619.269733982168
880000	-5029.745642797429
880500	-4878.207041237717
881000	-4895.4058402315695
881500	-4775.034846230411
882000	-4675.561128336044
882500	-4515.665036366222
883000	-4924.25974475049
883500	-4243.320830911319
884000	-4394.652706713789
884500	-4436.124934502756
885000	-4652.181577277539
885500	-4519.383265998784
886000	-4640.058060972712
886500	-4306.208908863566
887000	-4325.9195493593725
887500	-4743.809371649018
888000	-4444.823445133815
888500	-4424.0318749512
889000	-4438.228386070664
889500	-4850.3374736174865
890000	-4515.563230808697
890500	-4494.949175453745
891000	-4280.640312120138
891500	-4225.3565797588835
892000	-4101.2366259122855
892500	-4149.010112606052
893000	-4219.257221353476
893500	-4218.104012759495
894000	-4487.421046808488
894500	-4276.585131368918
895000	-4267.52752342278
895500	-4532.531523076292
896000	-4456.55570883071
896500	-4779.69511360787
897000	-4381.027657889734
897500	-4556.346050188095
898000	-4197.383591303227
898500	-4038.120866464507
899000	-4326.478326148989
899500	-4444.3944958534885
900000	-4606.707159915764
900500	-4374.903272777769
901000	-4215.7522389215965
901500	-4244.952770782149
902000	-4328.664287279865
902500	-4078.75207070093
903000	-4196.8901443798095
903500	-4378.325819993156
904000	-4528.982221513005
904500	-4332.356523879774
905000	-4455.478965055159
905500	-4474.80993516343
906000	-4349.37862072945
906500	-4113.08496020819
907000	-4129.846387743459
907500	-4165.1648157514965
908000	-4246.488462909649
908500	-4377.196260773932
909000	-4463.910822887948
909500	-4412.6368634662485
910000	-4258.1520229912785
910500	-4554.995078449703
911000	-4621.309511393177
911500	-4917.896358350475
912000	-4712.573020099214
912500	-4580.356562369846
913000	-4460.653305357365
913500	-4822.558456475124
914000	-4664.064375729992
914500	-4611.068698289021
915000	-4342.300698841739
915500	-4684.354138399524
916000	-4640.931949690927
916500	-4495.126353432409
917000	-4234.979922574703
917500	-4429.061196782315
918000	-4257.706592343609
918500	-4456.943555182727
919000	-4291.487260637833
919500	-4144.929236230645
920000	-4385.982297023142
920500	-5492.052282907615
921000	-4298.096390400448
921500	-4314.935727520074
922000	-4252.966674385122
922500	-4139.116570335423
923000	-4286.291830682107
923500	-4395.0254326905715
924000	-4192.239868414082
924500	-4080.0008242354425
925000	-4202.482020424811
925500	-4228.055531523727
926000	-4152.47117268952
926500	-4096.347543456636
927000	-4198.501149371104
927500	-4146.633530019214
928000	-4180.127610389903
928500	-4575.331367479907
929000	-4452.545540378587
929500	-4470.15061765406
930000	-4395.608745701136
930500	-4210.783993003438
931000	-4412.832002239412
931500	-4327.988245408925
932000	-4358.162394414511
932500	-4008.4065396638803
933000	-4084.8696005784423
933500	-4169.663801177322
934000	-4228.921403597392
934500	-4456.05041960647
935000	-4314.942612417036
935500	-4429.4277636658435
936000	-4282.698259649979
936500	-4392.115954111246
937000	-4187.467083536238
937500	-4158.536589061779
938000	-4204.5672301465265
938500	-4542.490001405179
939000	-4365.223788356953
939500	-4255.815059863818
940000	-4507.45465561543
940500	-4532.958327686016
941000	-4457.901059925599
941500	-4531.845160533541
942000	-4318.062296562732
942500	-4445.266095601838
943000	-4402.479642244439
943500	-4137.050621004825
944000	-4223.376647128177
944500	-4221.429888676656
945000	-4213.805207799897
945500	-4579.431019107291
946000	-4828.211326849902
946500	-4551.821637050574
947000	-4330.791994486144
947500	-4233.687322929845
948000	-4365.676757935958
948500	-4209.3238543719835
949000	-4827.836597591812
949500	-4617.932768586467
950000	-4101.5775277046705
950500	-4553.0957560707475
951000	-4640.120180650889
951500	-4318.9529990598985
952000	-4269.323506426714
952500	-4366.232739165946
953000	-4393.585842302868
953500	-4207.32409377542
954000	-4144.097755641712
954500	-4193.062721100607
955000	-4303.231948223455
955500	-4392.025517794797
956000	-4583.8775608841415
956500	-4339.460870948543
957000	-4573.942057849835
957500	-4269.3159978508465
958000	-4235.385812469826
958500	-4028.2465044769942
959000	-4230.787885236058
959500	-4196.945713217869
960000	-4387.146480998431
960500	-4330.214256497918
961000	-4094.713494765573
961500	-4139.884705155319
962000	-3994.8168911218227
962500	-4387.589781336319
963000	-4154.708013084942
963500	-4547.316845232024
964000	-4135.319456611947
964500	-4219.679937637287
965000	-4298.945121063653
965500	-4145.733547682123
966000	-4184.349991725986
966500	-3948.360784214942
967000	-4227.735805355781
967500	-4281.482506634527
968000	-4112.2826271897175
968500	-4096.961426824344
969000	-4085.432290804162
969500	-4056.2167667042386
970000	-4554.343467325281
970500	-4402.141137905607
971000	-4393.88301958196
971500	-4353.719107315362
972000	-4129.367490211664
972500	-4177.680250157303
973000	-4513.041850546099
973500	-4348.912275956204
974000	-4398.529979185004
974500	-4331.062194075015
975000	-4553.040130219229
975500	-4338.809687081531
976000	-4499.731123530536
976500	-4677.00134245292
977000	-4246.2658340009675
977500	-4583.036124766555
978000	-4260.562917076961
978500	-4155.351603847612
979000	-4103.290781620562
979500	-4118.784325708037
980000	-4162.2115885897465
980500	-4374.795052588478
981000	-4401.249376234606
981500	-4549.333916469691
982000	-4077.832996685012
982500	-4560.469380758791
983000	-4114.056339194155
983500	-4178.933349355216
984000	-4187.087184807544
984500	-4295.380365820904
985000	-4583.77538686664
985500	-4640.320885644407
986000	-4306.387789441803
986500	-4274.92104104255
987000	-4182.533801051029
987500	-3828.8843542547497
988000	-4069.4813380636483
988500	-3995.3604256867748
989000	-4251.439866873421
989500	-4272.458043761477
990000	-4123.953130462823
990500	-4202.95507728066
991000	-4302.1073974114015
991500	-4563.423336060243
992000	-4202.330904766426
992500	-4188.550505557069
993000	-4245.84546303955
993500	-4171.001323251202
994000	-4175.234864041672
994500	-4537.749743383036
995000	-4168.023385876169
995500	-4168.6651449100455
996000	-4210.953590249251
996500	-4311.086508208969
997000	-4410.926210074583
997500	-4437.711861750586
998000	-4601.823184433688
998500	-4286.3039932360125
999000	-4485.149660032554
999500	-4346.177604650189
1000000	-4215.808374216645
1000500	-4260.759430393548
1001000	-4081.332470338344
1001500	-4099.2963850426595
1002000	-4136.843838008713
1002500	-4033.002736263434
1003000	-4165.69411834386
1003500	-4194.305396475545
1004000	-4236.206583783888
1004500	-4144.875475041729
1005000	-4374.323914424492
1005500	-4340.331799037039
1006000	-4196.9542463802845
1006500	-4118.282697257106
1007000	-4231.017596626618
1007500	-4632.466416798504
1008000	-4214.663061232172
1008500	-4300.170389428635
1009000	-3970.044721311773
1009500	-4319.3522729032775
1010000	-4206.415374606679
1010500	-4341.959020439053
1011000	-4296.819632674605
1011500	-4044.33318402408
1012000	-4245.311892895368
1012500	-4051.8644713311587
1013000	-4122.535467990929
1013500	-4022.5374991025933
1014000	-4190.644654648274
1014500	-4069.5576483109244
1015000	-4168.061689807753
1015500	-4163.4188395626625
1016000	-4112.990648028534
1016500	-4132.363480947787
1017000	-4377.194720165028
1017500	-4124.862172743482
1018000	-4169.824792263408
1018500	-4187.926357769374
1019000	-4068.6551606009857
1019500	-4019.4878014903666
1020000	-4105.576709069502
1020500	-4172.18811247489
1021000	-4281.125409586182
1021500	-4082.8393375718483
1022000	-4243.574602155832
1022500	-4262.26469581636
1023000	-4170.949082804564
1023500	-4084.5302864029313
1024000	-4105.443844274728
1024500	-4530.33681209711
1025000	-4448.526726019723
1025500	-4178.998085577373
1026000	-4461.3915063252325
1026500	-4082.9210991008126
1027000	-4171.630593176705
1027500	-4197.656892417489
1028000	-4096.712347308107
1028500	-4034.599915502313
1029000	-3910.686366792742
1029500	-4444.775856790979
1030000	-4397.375105384207
1030500	-4641.387405879036
1031000	-4062.7426607385028
1031500	-4111.724351303905
1032000	-4416.108182868742
1032500	-4343.654424357097
1033000	-4315.828486831829
1033500	-4584.101552146202
1034000	-4386.043876926864
1034500	-4487.660540931769
1035000	-4540.388352067799
1035500	-4425.730274674044
1036000	-4404.885682394215
1036500	-4431.446354006688
1037000	-4345.976345064149
1037500	-4261.924355257525
1038000	-4361.652173694224
1038500	-4329.200097112203
1039000	-4512.98308079962
1039500	-4371.5435496947775
1040000	-4390.1294298222
1040500	-4168.43899959904
1041000	-4160.2669244527815
1041500	-4486.463190130269
1042000	-4303.284905999397
1042500	-4611.066116725121
1043000	-4486.842519045808
1043500	-4556.094264568575
1044000	-4702.736519898342
1044500	-4677.58650595602
1045000	-4537.3760351096535
1045500	-4342.129865086049
1046000	-4269.1648951338075
1046500	-4096.195456985902
1047000	-4527.8538861547195
1047500	-4449.080288275271
1048000	-4180.454612823417
1048500	-4005.4048511258547
1049000	-4049.488132275412
1049500	-4305.952937538598
1050000	-4086.7713687300356
1050500	-4288.246201457053
1051000	-4332.127538054709
1051500	-4494.696201800644
1052000	-4483.447793893116
1052500	-4247.4316326404705
1053000	-4245.670208155448
1053500	-4453.254608920428
1054000	-4247.7398809133365
1054500	-4197.573557641434
1055000	-4175.3559520573945
1055500	-4309.880323848552
1056000	-4215.099252239409
1056500	-4402.9503302718595
1057000	-4289.388529235315
1057500	-4299.953192256131
1058000	-4283.203196833292
1058500	-4204.757439891768
1059000	-4611.077894059914
1059500	-4585.725190513507
1060000	-4434.97625633572
1060500	-4246.690336984796
1061000	-4191.791602677722
1061500	-4232.344132466108
1062000	-4315.344130042242
1062500	-4272.346302371723
1063000	-4301.882549976406
1063500	-4300.915034802095
1064000	-4118.5649571979775
1064500	-4013.001145731054
1065000	-4108.275264686203
1065500	-4299.914571267214
1066000	-4111.349204731558
1066500	-4284.959711879636
1067000	-4077.9068067758094
1067500	-3961.6830714361895
1068000	-4212.515107343798
1068500	-4423.8610831483475
1069000	-4236.648875264315
1069500	-4134.109573851475
1070000	-4343.2561061123315
1070500	-4463.989070274526
1071000	-4231.090080912226
1071500	-4256.458326349789
1072000	-4741.99767333618
1072500	-4548.128507727609
1073000	-4424.705138353592
1073500	-4267.4612900255515
1074000	-4079.0826012808952
1074500	-4274.000649163555
1075000	-4230.617751634632
1075500	-4142.593495789915
1076000	-4383.080485917933
1076500	-4372.475943664455
1077000	-4844.837441165461
1077500	-4667.44780246281
1078000	-4168.737829585733
1078500	-4255.9435277752555
1079000	-4441.319607323397
1079500	-4746.800446513225
1080000	-4116.783994041722
1080500	-4444.921222349779
1081000	-4320.85677809226
1081500	-4324.412808515281
1082000	-4168.528035404797
1082500	-4167.17384406087
1083000	-4149.081924550603
1083500	-4199.318712498977
1084000	-4046.076237612714
1084500	-4205.38241677988
1085000	-4345.089089839898
1085500	-4258.09344468794
1086000	-4224.388463586226
1086500	-4353.378300245876
1087000	-4488.715186116505
1087500	-4039.670638192208
1088000	-4071.075109813687
1088500	-4209.798090984428
1089000	-4314.066368290038
1089500	-4213.896072714438
1090000	-4238.060221889843
1090500	-4193.120826896753
1091000	-4221.519698190716
1091500	-4315.09403703324
1092000	-4469.455321519856
1092500	-4437.776614545616
1093000	-4251.887058832917
1093500	-4194.727832032998
1094000	-4560.838351385914
1094500	-4626.742258071106
1095000	-4413.476854705059
1095500	-4808.636154379234
1096000	-4224.192624096111
1096500	-4210.270923301004
1097000	-4150.484316562605
1097500	-4407.332200717046
1098000	-4553.946635664556
1098500	-4272.235648984111
1099000	-4314.458495576081
1099500	-4384.2556938233765
1100000	-4526.763032678136
1100500	-4268.028914245851
1101000	-4368.2001285617625
1101500	-4335.595077385745
1102000	-4299.64295882362
1102500	-4313.236116896005
1103000	-4333.512865597791
1103500	-4667.015802665706
1104000	-4534.219971969998
1104500	-4341.956276447806
1105000	-4265.272977624811
1105500	-4570.977191869026
1106000	-4767.138718229097
1106500	-4554.500507660027
1107000	-4364.838060395508
1107500	-4509.385611260157
1108000	-4380.663615306483
1108500	-4395.496646136838
1109000	-4489.208652266495
1109500	-4523.480348274288
1110000	-4267.339622033878
1110500	-4320.502711476333
1111000	-4403.146875475265
1111500	-4046.544649692503
1112000	-4283.042078578312
1112500	-4150.65222255781
1113000	-4570.034414563877
1113500	-4347.289489482835
1114000	-4392.488296943668
1114500	-4805.347954713905
1115000	-4566.397128913121
1115500	-4310.508759721719
1116000	-4038.481521724583
1116500	-4114.824683534834
1117000	-4182.378030590661
1117500	-4112.804167400551
1118000	-4148.51994287673
1118500	-4045.2631225252276
1119000	-4056.5935405085706
1119500	-4184.465162356797
1120000	-4212.856335878124
1120500	-4178.614689767006
1121000	-4319.719681756634
1121500	-4128.071393444012
1122000	-4190.695251852329
1122500	-4180.035987268227
1123000	-4138.961269362215
1123500	-4138.844732032508
1124000	-4167.045216677859
1124500	-4111.102769227161
1125000	-4473.574923022197
1125500	-4258.729322548721
1126000	-4449.756249666543
1126500	-4751.834677392636
1127000	-4325.652826397184
1127500	-4544.281098925717
1128000	-4162.670736902028
1128500	-4104.163845346309
1129000	-4130.935662489021
1129500	-4218.958042607562
1130000	-4304.612374054426
1130500	-4320.226852720464
1131000	-4296.3699713781625
1131500	-4651.982496827887
1132000	-4197.054383667324
1132500	-4141.905412573632
1133000	-4162.8341471692065
1133500	-4098.574303313369
1134000	-4258.505058401829
1134500	-4124.419543008261
1135000	-4314.252456331644
1135500	-4167.609824765948
1136000	-4030.7706924682698
1136500	-4053.462888354972
1137000	-4206.440347432143
1137500	-4399.57183264862
1138000	-4410.007843934106
1138500	-4597.154729714749
1139000	-4500.321522688227
1139500	-4766.299316323144
1140000	-4476.859411997922
1140500	-4477.618710560898
1141000	-4421.818296522969
1141500	-4441.613156077469
1142000	-4429.636936437215
1142500	-4411.842113819535
1143000	-4512.043353890193
1143500	-4335.17120009879
1144000	-4487.182440357032
1144500	-4330.475779886658
1145000	-4489.442192950113
1145500	-4250.246027027781
1146000	-4538.582643086341
1146500	-4415.653031864042
1147000	-4494.458581502795
1147500	-4548.6992621891895
1148000	-4616.750966512373
1148500	-4585.6619982841485
1149000	-4174.9264950201205
1149500	-4273.678346096888
1150000	-4212.560245471517
1150500	-4100.449017509712
1151000	-4188.9161338065915
1151500	-4261.380019057548
1152000	-4341.748841588151
1152500	-4610.135042549634
1153000	-4337.21235504154
1153500	-4433.583963792363
1154000	-4112.940010557693
1154500	-4600.183909502383
1155000	-4444.794008852293
1155500	-4207.560203098822
1156000	-4150.081012291126
1156500	-4716.814044815765
1157000	-4221.55228715066
1157500	-4194.1735632384525
1158000	-4308.663249720651
1158500	-4513.6655788123635
1159000	-4471.802378268843
1159500	-4849.96422186389
1160000	-4465.869484437842
1160500	-4383.047260827961
1161000	-4275.751634782026
1161500	-4204.538627741522
1162000	-4245.391326788251
1162500	-4351.283761714511
1163000	-4326.650845026045
1163500	-4265.692105768738
1164000	-4685.07415706169
1164500	-4259.1153302256935
1165000	-4203.327528822878
1165500	-4369.941535798875
1166000	-4305.514616780101
1166500	-4289.848177352154
1167000	-4355.4885037492
1167500	-4530.027474250723
1168000	-4497.561135306949
1168500	-4715.931726026737
1169000	-4626.555316302333
1169500	-4475.972952206306
1170000	-4616.798354312791
1170500	-4599.923364115932
1171000	-4580.870846342347
1171500	-4447.904622808815
1172000	-4344.071160989502
1172500	-4794.854611318055
1173000	-4828.6143150930075
1173500	-4538.867566306977
1174000	-4765.9460504879335
1174500	-4323.199412399417
1175000	-4392.322963724417
1175500	-4437.984407933659
1176000	-4764.12424299589
1176500	-4525.747403781344
1177000	-4503.710745878645
1177500	-4382.89506152512
1178000	-4453.872979032363
1178500	-4419.636302810984
1179000	-4483.039436018552
1179500	-4520.7595037688625
1180000	-4979.754952330664
1180500	-4485.35048940937
1181000	-4388.551239399615
1181500	-4094.4244109117294
1182000	-4176.648385523147
1182500	-4400.583103540607
1183000	-4338.47168856548
1183500	-4224.872939961693
1184000	-4459.7714446125765
1184500	-4338.632573396015
1185000	-4445.6991647176565
1185500	-4642.304983882634
1186000	-4542.327552519784
1186500	-4726.775177265783
1187000	-4229.065557054408
1187500	-4213.7350808737265
1188000	-4365.389293037752
1188500	-4277.150869548255
1189000	-4468.905691228409
1189500	-4220.229888097279
1190000	-4203.35915878498
1190500	-4295.550884857105
1191000	-4201.004753394307
1191500	-4176.539574797879
1192000	-4067.27640641835
1192500	-4112.4965375197235
1193000	-4194.280260360411
1193500	-3967.304625317086
1194000	-4009.526715171571
1194500	-4281.607697038005
1195000	-4187.888895441731
1195500	-4431.817212935544
1196000	-4428.4053495905555
1196500	-4489.026737991638
1197000	-4302.131966104253
1197500	-4190.827351603963
1198000	-4515.889232221737
1198500	-4538.175921463759
1199000	-4534.45385492013
1199500	-4617.371518566619
1200000	-4679.962747650745
1200500	-4729.634882758323
1201000	-4268.072214800202
1201500	-4388.603832471828
1202000	-4305.821428027108
1202500	-4396.774356401285
1203000	-4376.919564107731
1203500	-4447.579185215602
1204000	-4440.660340240789
1204500	-4356.420670039881
1205000	-4882.163439126287
1205500	-4492.551655592209
1206000	-4565.95853465549
1206500	-4468.044303455544
1207000	-4427.22866598394
1207500	-4302.315690236215
1208000	-4330.259838173755
1208500	-4527.206805385022
1209000	-4365.040870391162
1209500	-4496.907168265003
1210000	-4202.814042645492
1210500	-4407.882507819853
1211000	-4405.815693085035
1211500	-4361.476925069536
1212000	-4334.155663634531
1212500	-4384.110216082703
1213000	-4483.669792819059
1213500	-4461.124356884511
1214000	-4758.272710349514
1214500	-4660.459715176732
1215000	-4694.6113570297675
1215500	-4744.092537538173
1216000	-4433.900128683821
1216500	-4537.677216059521
1217000	-4503.280684696714
1217500	-4381.1844553225765
1218000	-4380.072864631075
1218500	-4392.414437955107
1219000	-4281.995778811291
1219500	-4534.946054900509
1220000	-4272.012226074539
1220500	-4279.1689977987335
1221000	-4726.252922215293
1221500	-4383.902448978841
1222000	-4390.693158562
1222500	-4590.28610399816
1223000	-4230.033685289803
1223500	-4268.178227259003
1224000	-4276.409452436271
1224500	-4445.487083264487
1225000	-4398.465105913002
1225500	-4274.450172966218
1226000	-4412.030579883468
1226500	-4528.612631762706
1227000	-4525.979169455149
1227500	-4563.37698039074
1228000	-4102.138145279626
1228500	-4364.352173892184
1229000	-4131.062703600863
1229500	-4185.345991438883
1230000	-4130.2251082986395
1230500	-4357.557366009611
1231000	-4251.831890082603
1231500	-4449.256630503999
1232000	-4550.890388186257
1232500	-4915.247315481905
1233000	-4633.741682214115
1233500	-4500.95646764236
1234000	-5106.328635261085
1234500	-4704.633470935457
1235000	-4661.580776535043
1235500	-4491.762785171766
1236000	-4571.828184853477
1236500	-4522.535368554654
1237000	-5200.048417146748
1237500	-4657.617387101311
1238000	-4546.589303322661
1238500	-4637.4491721716595
1239000	-4724.398232118513
1239500	-4625.539256218776
1240000	-4395.621082682508
1240500	-4363.926268429023
1241000	-4523.589835152891
1241500	-4531.43266190486
1242000	-4223.320016095014
1242500	-4374.408923914316
1243000	-4472.124888230509
1243500	-4191.285208767263
1244000	-4162.81893288326
1244500	-4337.203338144885
1245000	-4198.468412831383
1245500	-4534.277027964087
1246000	-4249.768885558206
1246500	-4278.453617930322
1247000	-4813.967697788846
1247500	-4533.529698392032
1248000	-4174.1597846195455
1248500	-4191.727278465961
1249000	-4538.246060323396
1249500	-4522.721194906523
1250000	-4744.453913032613
1250500	-4752.999836772108
1251000	-4710.6796189943125
1251500	-4674.7802315173585
1252000	-4696.494085621342
1252500	-4476.599119152302
1253000	-4257.832864871256
1253500	-4210.920744983607
1254000	-4131.90826116814
1254500	-4122.1638587914185
1255000	-4151.616756764184
1255500	-3978.903924933402
1256000	-4215.412424368628
1256500	-4280.421061721953
1257000	-4393.153650106349
1257500	-4428.63388508277
1258000	-4511.167741016594
1258500	-4030.9146688128008
1259000	-4382.081165589816
1259500	-4138.1968959717215
1260000	-4418.764842306543
1260500	-4752.719365525961
1261000	-4776.156349287896
1261500	-4072.4679155607055
1262000	-4074.143096842473
1262500	-4357.911402452459
1263000	-4138.530469689689
1263500	-4061.577240540182
1264000	-4461.0531904505115
1264500	-4463.653031948237
1265000	-4246.615506693236
1265500	-4445.962069443436
1266000	-4240.130220329967
1266500	-4533.0028172319635
1267000	-4348.8244138642685
1267500	-4401.043778042843
1268000	-4339.429619176959
1268500	-4535.894882937255
1269000	-4533.886417829634
1269500	-4602.904214718395
1270000	-4899.809523258061
1270500	-5286.003738187889
1271000	-4649.877568428539
1271500	-4453.7027099151255
1272000	-4269.6735990690995
1272500	-4246.980177640779
1273000	-4587.658026936937
1273500	-4093.375380688756
1274000	-4182.989310748674
1274500	-4436.92921200114
1275000	-3954.1913077081886
1275500	-4560.023607492871
1276000	-4599.77985004379
1276500	-4446.998489500198
1277000	-4524.042796275169
1277500	-4585.645149140069
1278000	-4459.91886192835
1278500	-4367.0809754168995
1279000	-4752.601490012766
1279500	-4341.372152784849
1280000	-4426.114157124027
1280500	-4461.222988054288
1281000	-4163.049474267027
1281500	-4440.480204629629
1282000	-4218.3075974268895
1282500	-4174.924118391568
1283000	-4830.47162007511
1283500	-4376.55282939615
1284000	-4147.929182762293
1284500	-4430.351452862061
1285000	-4515.03509137517
1285500	-4367.5281716462705
1286000	-4127.384600916229
1286500	-4368.830977812416
1287000	-4218.631767386808
1287500	-4352.882028193807
1288000	-4563.892047471334
1288500	-4913.822548385677
1289000	-4424.376871170379
1289500	-4334.19290449975
1290000	-4135.011543206918
1290500	-4317.596606222707
1291000	-4280.930192699963
1291500	-4411.440091021134
1292000	-4417.960734774251
1292500	-4170.529872093184
1293000	-4320.355655905533
1293500	-4399.952736162914
1294000	-4614.1864475445855
1294500	-4691.772287176582
1295000	-4652.950644378213
1295500	-4486.9106303091985
1296000	-4385.049642274824
1296500	-4707.137004249303
1297000	-4538.615989237759
1297500	-4403.617703902592
1298000	-4356.536581300408
1298500	-4372.149239991391
1299000	-4228.666227943369
1299500	-4344.698038844266
1300000	-4315.954901587263
1300500	-4634.123364247203
1301000	-4379.522813875247
1301500	-4153.594131886912
1302000	-4272.8553278317
1302500	-4193.1930032790915
1303000	-4322.338819735789
1303500	-4452.858249380908
1304000	-4412.260482378131
1304500	-4241.937929083688
1305000	-4483.885313160414
1305500	-4185.524299139164
1306000	-4221.808033763146
1306500	-4485.603740026148
1307000	-4034.940554824935
1307500	-4141.084881475112
1308000	-4257.193525240059
1308500	-4195.352810230986
1309000	-4377.264092308363
1309500	-4610.328262098104
1310000	-4391.131116369837
1310500	-4472.980882409517
1311000	-4212.062450410992
1311500	-4296.322717699626
1312000	-4382.406889471055
1312500	-4141.223145128634
1313000	-4173.935361987072
1313500	-4252.5988172176585
1314000	-4285.89577557085
1314500	-4426.697767657167
1315000	-4328.940182681767
1315500	-4321.457946966631
1316000	-4411.790593914254
1316500	-4207.947587827648
1317000	-4079.221013170322
1317500	-4379.847059672852
1318000	-4354.874384129542
1318500	-4753.979145876512
1319000	-4222.351662916531
1319500	-4381.217077094714
1320000	-4333.816675357684
1320500	-4328.335607453666
1321000	-4461.887819748026
1321500	-4385.525678771573
1322000	-4336.943895403342
1322500	-4387.624433706039
1323000	-4686.337463591192
1323500	-4445.126939429158
1324000	-4158.7349961443615
1324500	-4125.870360815074
1325000	-4324.703008323187
1325500	-4338.743161027445
1326000	-4165.327174474068
1326500	-4471.250518765911
1327000	-4192.811850176415
1327500	-4310.42210418572
1328000	-4639.755800247802
1328500	-4280.451153406311
1329000	-4327.1890165165
1329500	-4408.993149201683
1330000	-4441.777366303602
1330500	-4411.045472544173
1331000	-4346.0280769729725
1331500	-4277.679946530601
1332000	-4559.261550549537
1332500	-4478.682318310546
1333000	-4645.485660401041
1333500	-4460.210695674153
1334000	-4425.553327634598
1334500	-4004.265324981702
1335000	-4252.359217359738
1335500	-4126.941409117005
1336000	-4055.1152937463994
1336500	-3965.829959257083
1337000	-4063.361046889605
1337500	-4098.860202999356
1338000	-4463.846048017917
1338500	-4239.588615997152
1339000	-4285.475086795562
1339500	-4149.049512954341
1340000	-4383.32566212091
1340500	-3996.5944059164913
1341000	-3995.59408648589
1341500	-3945.8335822972276
1342000	-4105.660576891523
1342500	-3966.937526642937
1343000	-4015.2011178901935
1343500	-4212.084644960409
1344000	-4045.587977152171
1344500	-4089.823593045788
1345000	-4071.283777602565
1345500	-4165.895496886588
1346000	-4161.134366811266
1346500	-4262.606005457735
1347000	-4121.530633237801
1347500	-4420.459375050241
1348000	-4289.677390340398
1348500	-4122.348338160444
1349000	-4211.974431415906
1349500	-4090.3740014499876
1350000	-4122.485766238549
1350500	-4140.106914963221
1351000	-3944.320407527377
1351500	-4290.205282361648
1352000	-3924.238655996268
1352500	-4062.8600919943074
1353000	-4234.570055815302
1353500	-4046.414312315137
1354000	-4021.573905437059
1354500	-4103.6691910004265
1355000	-4197.658039936311
1355500	-4169.428845387485
1356000	-4518.787753786013
1356500	-4271.627339819596
1357000	-4079.6525820798233
1357500	-4092.945446040238
1358000	-4278.909626945169
1358500	-4005.9807065807586
1359000	-4113.707789973898
1359500	-4273.286469237968
1360000	-4266.564123291172
1360500	-4236.457226643796
1361000	-4233.019821346153
1361500	-4338.322652481382
1362000	-4225.495901238243
1362500	-4232.725775026186
1363000	-4371.04969654671
1363500	-4548.5140996526325
1364000	-4466.562319832228
1364500	-4086.618368771727
1365000	-4287.0072841004185
1365500	-4264.892028298143
1366000	-4549.089588181209
1366500	-4606.662599413398
1367000	-4769.614401755992
1367500	-4428.864249969296
1368000	-4638.238394003488
1368500	-4688.839814989378
1369000	-4460.519723923236
1369500	-4736.205877466687
1370000	-5402.715273681354
1370500	-4645.9926349397965
1371000	-4320.55826034866
1371500	-4342.63845146475
1372000	-4476.795439362398
1372500	-4146.579215597381
1373000	-4430.635264433848
1373500	-4081.1448971897794
1374000	-3996.2886217304904
1374500	-4306.686153391885
1375000	-4312.20850245472
1375500	-4211.1593489027455
1376000	-4359.085147221788
1376500	-4127.951748478335
1377000	-4171.588972402622
1377500	-4253.744760335563
1378000	-4395.283810998913
1378500	-4480.078588559872
1379000	-4300.329537645124
1379500	-4572.514046389447
1380000	-4444.385760165578
1380500	-4311.503522767706
1381000	-4305.447959638027
1381500	-5045.541998381583
1382000	-4465.621470032637
1382500	-4490.923723599326
1383000	-4227.205222637883
1383500	-4329.994520430432
1384000	-4333.358753943448
1384500	-4319.767450021895
1385000	-4657.043175004446
1385500	-4382.675999504282
1386000	-4174.539160294026
1386500	-4235.145209800535
1387000	-4124.336619587803
1387500	-4181.849677793491
1388000	-4070.4095351631236
1388500	-4228.537661408109
1389000	-4427.1398906753275
1389500	-4378.022812494125
1390000	-4384.579430232137
1390500	-4405.241736221442
1391000	-4658.438286268527
1391500	-4303.546617006311
1392000	-4647.380545071024
1392500	-4498.794624216042
1393000	-4584.268581591028
1393500	-4497.649604134957
1394000	-4670.620249269615
1394500	-4632.7879606460465
1395000	-4514.747407885663
1395500	-4690.234555497857
1396000	-4459.123552848325
1396500	-4397.749462618737
1397000	-4413.174093555371
1397500	-4702.527285477778
1398000	-4304.484995874672
1398500	-4360.451046779869
1399000	-4462.1036114394
1399500	-4729.848772116979
1400000	-4663.5027097168495
1400500	-4853.070506645842
1401000	-4281.850252625348
1401500	-4360.1786982352805
1402000	-4344.370829438033
1402500	-4209.939366438822
1403000	-4402.291084419887
1403500	-4569.828436810991
1404000	-4327.275115938306
1404500	-4287.656826096316
1405000	-4708.861775286409
1405500	-4309.733622211917
1406000	-4328.0134713342995
1406500	-4759.280964879222
1407000	-4542.345308578996
1407500	-4180.984628505574
1408000	-4204.895144325445
1408500	-4287.990164571646
1409000	-4738.5157668136835
1409500	-4341.418391387058
1410000	-4249.898322777523
1410500	-4301.060556308113
1411000	-4192.627354338822
1411500	-4244.408732988768
1412000	-4305.2096146927925
1412500	-4241.897667349132
1413000	-4418.496839145242
1413500	-4382.458767755859
1414000	-4665.059095748389
1414500	-4531.9058832937635
1415000	-4544.7610867519115
1415500	-4374.4378015262455
1416000	-4386.442146926653
1416500	-4110.934542726094
1417000	-4155.413777405499
1417500	-4135.534450416251
1418000	-4368.199535266822
1418500	-4222.093558600121
1419000	-4174.996027159307
1419500	-4080.6749001289186
1420000	-4336.237605575226
1420500	-4055.917806552679
1421000	-4028.9636640792205
1421500	-4146.729142520817
1422000	-4154.234089909341
1422500	-4156.258033666412
1423000	-4214.126776542174
1423500	-4373.514160499617
1424000	-4125.091468570395
1424500	-4220.518350741737
1425000	-4093.0962780210307
1425500	-4102.889084551601
1426000	-4492.373336505605
1426500	-4108.273498074256
1427000	-4078.972975497651
1427500	-4070.2010166997848
1428000	-4095.878934683846
1428500	-4057.460817597485
1429000	-4308.959975831352
1429500	-4208.391995332174
1430000	-4368.876281194477
1430500	-4307.067043199495
1431000	-4235.421010745408
1431500	-4318.642837988051
1432000	-4375.524846204483
1432500	-4273.795684104117
1433000	-4041.959231107725
1433500	-4427.968377541365
1434000	-4479.1867420324315
1434500	-4777.896732766446
1435000	-4519.617373087335
1435500	-4185.266380008109
1436000	-4259.48378401909
1436500	-4360.100176063072
1437000	-4212.813157815022
1437500	-4356.494757100919
1438000	-4132.893611733636
1438500	-4272.920455581687
1439000	-4189.018554084829
1439500	-4165.970448085871
1440000	-4180.977162694107
1440500	-4337.828826458317
1441000	-4331.097404356995
1441500	-4306.811869747903
1442000	-4131.72722180752
1442500	-4100.232686532383
1443000	-4389.480157765537
1443500	-4156.6653624168575
1444000	-4172.835568777859
1444500	-4412.779709804291
1445000	-4601.148775105047
1445500	-4270.975194280475
1446000	-4194.238221448256
1446500	-4270.607481881096
1447000	-4460.913179629677
1447500	-4413.489223307226
1448000	-4327.40882897397
1448500	-4531.052983876478
1449000	-5000.389058604727
1449500	-4649.946550334842
1450000	-4463.001337401098
1450500	-4286.509677141623
1451000	-4459.094682932288
1451500	-4780.032410104113
1452000	-5091.665647509203
1452500	-4893.113138811127
1453000	-4528.224098913137
1453500	-4480.5540787061955
1454000	-4374.37042834079
1454500	-4871.181991183131
1455000	-4244.409520733427
1455500	-3933.6751419469483
1456000	-4255.54082061594
1456500	-4098.283088862069
1457000	-4150.003128996635
1457500	-4214.39271101219
1458000	-4374.4882598655295
1458500	-4212.659464557531
1459000	-4433.078772462942
1459500	-4345.781313727259
1460000	-4134.496730622354
1460500	-4312.902057580292
1461000	-4411.423028023048
1461500	-4486.453157118627
1462000	-5283.326390564649
1462500	-4390.429903008551
1463000	-4376.898241211349
1463500	-4358.50408085592
1464000	-4392.206940134162
1464500	-4070.156057308634
1465000	-4061.5707048990175
1465500	-4165.526589113414
1466000	-4194.016406748216
1466500	-4211.557209835186
1467000	-4203.367432609434
1467500	-4153.948568494688
1468000	-4159.28860222309
1468500	-4156.330094276688
1469000	-4318.063955730229
1469500	-4602.622491660578
1470000	-4410.923446142122
1470500	-4117.09178892348
1471000	-4039.744273880621
1471500	-4394.798739953127
1472000	-4262.341076022474
1472500	-4386.31762148241
1473000	-4239.072884621338
1473500	-3960.8070111334787
1474000	-4249.244171585046
1474500	-4162.554752981844
1475000	-4207.666496109094
1475500	-4150.415409530134
1476000	-4173.029363250832
1476500	-3912.5858458620028
1477000	-4273.7717602646
1477500	-4136.202139670686
1478000	-3966.911206909712
1478500	-4162.136416759256
1479000	-4066.6870500316872
1479500	-4231.008890329587
1480000	-4092.814497508993
1480500	-4290.012528719135
1481000	-4182.249687844988
1481500	-4250.668436932909
1482000	-4242.953468778374
1482500	-4286.8806432322635
1483000	-4411.362976892319
1483500	-4551.07515659927
1484000	-4360.830832242139
1484500	-4464.696967803317
1485000	-4439.8614066664595
1485500	-4460.452522134281
1486000	-3969.0807018884325
1486500	-4303.209483272879
1487000	-4089.6362925603225
1487500	-4230.2212256950115
1488000	-4199.363012370086
1488500	-4186.20332153395
1489000	-3996.86784728617
1489500	-4329.305400852411
1490000	-4250.997775238237
1490500	-3930.4070968081905
1491000	-3989.576033243456
1491500	-3928.3753441087824
1492000	-3793.4410008109944
1492500	-4007.395507182992
1493000	-4077.251471171436
1493500	-4163.571971499361
1494000	-4041.030847947403
1494500	-4692.391916029212
1495000	-4127.744534437026
1495500	-4225.5260680190195
1496000	-4490.117335133063
1496500	-4578.337518317062
1497000	-4282.869388195862
1497500	-4417.09941301595
1498000	-4330.934742802294
1498500	-4222.067061785281
1499000	-4094.1226098585935
1499500	-4290.292098515952
1500000	-4154.46925014643
