Sample	likelihood
0	-4735.540348598746
500	-4691.590639383269
1000	-4703.678788893258
1500	-4532.316549941089
2000	-5061.352633711027
2500	-4533.885931060502
3000	-4471.22903170862
3500	-4714.9109115995425
4000	-4759.812016154782
4500	-4432.19759852026
5000	-4431.0372080897305
5500	-4704.774167867294
6000	-4734.483740037984
6500	-4271.712677619645
7000	-4434.815819987526
7500	-4455.462258764684
8000	-4721.186909675323
8500	-4696.045952130973
9000	-5498.1031277409165
9500	-5718.140622962668
10000	-5270.7211293920745
10500	-5111.993924100747
11000	-5896.829942678066
11500	-5122.575729977028
12000	-5394.507123306506
12500	-4830.3330520064355
13000	-5444.4394915132725
13500	-4880.036544732131
14000	-4903.3853367045185
14500	-5043.983921443934
15000	-4575.913803947204
15500	-4615.393803489362
16000	-5112.404593513986
16500	-4827.604974704596
17000	-4706.035595291468
17500	-5284.664420143214
18000	-5852.564689923928
18500	-5074.722508555274
19000	-4891.883563192901
19500	-5157.271836575778
20000	-4792.266596246367
20500	-4896.44887995027
21000	-4585.138300577415
21500	-4972.846290393272
22000	-4755.902927119233
22500	-4753.009245976489
23000	-4729.634967327742
23500	-4695.4297987148075
24000	-5004.230281742147
24500	-5492.690778724136
25000	-5423.5046275700115
25500	-5109.19670214523
26000	-5572.1768912994685
26500	-4888.135379040805
27000	-4955.651928721838
27500	-5015.698755318742
28000	-5109.085424954044
28500	-5193.623579023461
29000	-4769.593921329198
29500	-4667.627077169974
30000	-4728.006636801614
30500	-4626.303901686909
31000	-4573.227032778257
31500	-4664.290778583452
32000	-6012.925607982038
32500	-5083.629928786147
33000	-5773.4588805716385
33500	-4932.756198304148
34000	-4431.601569055337
34500	-4636.082971376889
35000	-4697.569013770025
35500	-5232.725086358408
36000	-4932.773227366122
36500	-4796.3364748621
37000	-4442.918193421944
37500	-4555.273261909552
38000	-5196.470641403293
38500	-4734.022828461869
39000	-4784.38621597204
39500	-5224.0855745114195
40000	-4814.441235980683
40500	-5005.456173595121
41000	-4875.305733216715
41500	-4368.527470309333
42000	-4592.599176844452
42500	-4482.408676155685
43000	-5029.614055067477
43500	-4344.568686628511
44000	-4252.186566995797
44500	-4255.017778498802
45000	-4742.282367620705
45500	-4627.13186114487
46000	-4642.145350309496
46500	-4973.154530170519
47000	-4439.524367325145
47500	-4183.398239240638
48000	-5382.49161559666
48500	-4726.819462670248
49000	-4564.571060646843
49500	-4991.0601688896295
50000	-4769.29358548508
50500	-4281.910160464431
51000	-4315.278960837279
51500	-4576.848873703449
52000	-4635.614790634369
52500	-5407.732723397557
53000	-5528.588531924663
53500	-5100.458632408185
54000	-5332.938818200879
54500	-5022.133670457391
55000	-5442.463724035291
55500	-5043.231278912944
56000	-4582.348346614159
56500	-4724.308266718201
57000	-5007.304805423159
57500	-4853.407484795661
58000	-5318.857169466205
58500	-4140.772803581191
59000	-4294.157937437727
59500	-5252.92216264938
60000	-4612.087437812781
60500	-4685.988480502276
61000	-4495.009961171008
61500	-4562.951750648039
62000	-4856.303067209385
62500	-5391.08738908536
63000	-4859.5211801366
63500	-4923.140166265797
64000	-5007.799989396124
64500	-4018.171535947263
65000	-4443.723547227693
65500	-4723.1570938561645
66000	-4441.285849815386
66500	-4794.105818235647
67000	-4270.220299424513
67500	-4602.012922788658
68000	-4499.547474244102
68500	-4823.473947006963
69000	-5364.674591075826
69500	-5584.018588189279
70000	-4668.007455001106
70500	-4683.555550081686
71000	-4740.870107537679
71500	-4893.038859789828
72000	-5045.661347611147
72500	-5234.5602134708815
73000	-4431.516895260512
73500	-4329.220797148245
74000	-4409.967492195929
74500	-4806.301413826626
75000	-4495.8870611049915
75500	-4386.378297627128
76000	-4491.464531357847
76500	-4413.787339018755
77000	-4486.989229285115
77500	-4584.634965326454
78000	-4260.578574140067
78500	-4616.401870570705
79000	-4495.257181187595
79500	-4123.297482292674
80000	-4669.199648665984
80500	-4315.888769684465
81000	-5050.1027005980195
81500	-5251.1689694582865
82000	-4657.664502925759
82500	-5360.011485172563
83000	-5049.363588976993
83500	-4890.187762235204
84000	-4976.978716302325
84500	-5212.440447765878
85000	-5225.0960646656695
85500	-5836.553346146273
86000	-4988.252701765532
86500	-4848.017123767708
87000	-4518.566299023654
87500	-4560.159406543864
88000	-4747.152355401202
88500	-4863.071126637098
89000	-5394.873272551835
89500	-4999.389814967242
90000	-4822.306769847187
90500	-5621.45638361305
91000	-5078.0570574623625
91500	-4585.828612387291
92000	-5512.821000041719
92500	-4695.390676239285
93000	-4479.676594715908
93500	-4678.724577151077
94000	-5295.117441561315
94500	-4875.994310311719
95000	-4735.789481472125
95500	-4820.148395573769
96000	-4467.760201955244
96500	-5190.680921848255
97000	-5320.288904388199
97500	-6075.321895674885
98000	-5867.506775006288
98500	-5499.445149759819
99000	-6342.361054484449
99500	-6361.91899865229
100000	-5560.632838579975
100500	-5352.314145351358
101000	-4985.423966962081
101500	-4967.231866664833
102000	-5336.448070437725
102500	-5064.260431573275
103000	-5941.363582285899
103500	-5610.569321263625
104000	-4809.250988134068
104500	-5049.682647211393
105000	-5120.8407758153835
105500	-5400.436059571004
106000	-5356.354591368319
106500	-5081.718885767815
107000	-5246.26693251149
107500	-4981.09363780897
108000	-5213.326078569054
108500	-5114.779557947589
109000	-5441.533215464793
109500	-6352.31599554795
110000	-5423.276798077909
110500	-4712.208431901687
111000	-4715.928320434289
111500	-4681.329978844827
112000	-4919.180040830267
112500	-4899.735769703833
113000	-5231.8207661736715
113500	-4915.751391922677
114000	-5232.070765875875
114500	-5390.138403930009
115000	-4903.036337830762
115500	-4761.878468075357
116000	-4648.3645530452795
116500	-4529.813963673445
117000	-4795.257189326128
117500	-4959.632639689835
118000	-5635.750607786598
118500	-5467.82455015092
119000	-5717.240693708195
119500	-5351.209232459305
120000	-4959.83400349881
120500	-5302.345984453066
121000	-5470.838777592593
121500	-5142.127890808559
122000	-5207.749171564025
122500	-5473.100809576551
123000	-4703.18348476884
123500	-4624.935642928947
124000	-4590.701492567242
124500	-5046.699450544411
125000	-4797.852978552669
125500	-4934.909126238986
126000	-5011.894594711027
126500	-4604.610843140482
127000	-4663.937595690752
127500	-4465.207644191775
128000	-4840.429656363723
128500	-5902.649920833027
129000	-4914.5572831783
129500	-5016.77023125218
130000	-4873.490293043058
130500	-4673.443140564103
131000	-5254.88574934772
131500	-4414.193294521628
132000	-4949.025617035763
132500	-4537.821240016051
133000	-4726.51539002024
133500	-4593.277780092894
134000	-4697.247614413461
134500	-5179.273698751654
135000	-4633.052043783092
135500	-4713.709857093005
136000	-4568.251786881283
136500	-4962.716133495553
137000	-5489.1861310751365
137500	-5603.901448376295
138000	-5563.32725066553
138500	-5782.800159048456
139000	-6008.167510697702
139500	-5961.741011035988
140000	-5404.696781198748
140500	-4382.340769508248
141000	-4525.483294004608
141500	-4136.3670708686805
142000	-4305.69744356108
142500	-4758.266602095031
143000	-4789.442706148614
143500	-4722.870410395629
144000	-4058.223754508303
144500	-4049.3475957902347
145000	-4470.307815079767
145500	-4260.939342024738
146000	-4484.585189067247
146500	-4347.378015015839
147000	-4306.662693233134
147500	-4253.256306712096
148000	-4169.465777931974
148500	-4296.745112971127
149000	-4109.381070119788
149500	-4342.478848442681
150000	-4364.121942085599
150500	-4339.653521986813
151000	-4274.073612416924
151500	-4444.094619986374
152000	-4615.605738686896
152500	-4278.302166687367
153000	-4467.826286912358
153500	-4528.3384444623625
154000	-4472.097566734361
154500	-4372.052565865255
155000	-5293.226534789031
155500	-4164.519439477534
156000	-4678.089985412822
156500	-4502.552780955635
157000	-4652.213172804196
157500	-4869.105150499979
158000	-4551.216636131198
158500	-5087.346285305033
159000	-4611.560953833167
159500	-3951.7300480559193
160000	-4538.722684718202
160500	-4487.749422700142
161000	-4402.715026594599
161500	-4326.666640092614
162000	-4270.088408269694
162500	-4364.023635997538
163000	-4314.417851786834
163500	-4782.456853351041
164000	-4484.56355894027
164500	-4852.74772060695
165000	-4681.893949829111
165500	-5070.122630644492
166000	-4405.695019180859
166500	-4205.777905583092
167000	-4041.109722167297
167500	-4553.407436854293
168000	-4445.342255421423
168500	-4695.353424598019
169000	-4999.815741800512
169500	-4674.276212426838
170000	-4247.146470278066
170500	-4420.152398363056
171000	-4450.450773910181
171500	-4257.08522222956
172000	-4233.590182868956
172500	-4210.809855447096
173000	-3971.684822779561
173500	-4221.194166969571
174000	-4446.623286627443
174500	-4555.4574620692965
175000	-4231.565909170188
175500	-4336.256355063855
176000	-4304.6973413010755
176500	-4653.243938212136
177000	-4414.843637724008
177500	-4359.314831634642
178000	-4548.6801812224585
178500	-4659.412144970595
179000	-4503.041924926015
179500	-4809.923774084215
180000	-4583.316585518881
180500	-4678.7733420954
181000	-4639.289595161205
181500	-4829.850727117184
182000	-5511.893625803208
182500	-4776.881827126534
183000	-4691.741994932411
183500	-4557.653932703065
184000	-4936.530840009609
184500	-5061.146676175257
185000	-4513.642695991503
185500	-4192.108297443608
186000	-4213.524998457812
186500	-4369.744734189616
187000	-4661.583448586295
187500	-4411.031016743264
188000	-4367.771952365403
188500	-4576.866453840179
189000	-4779.839702919229
189500	-4417.029562469439
190000	-4796.837676919722
190500	-4369.732959200078
191000	-4191.518006010796
191500	-4617.0042777048475
192000	-4541.531057087099
192500	-4483.517683722885
193000	-4367.5574721354205
193500	-4495.32727027452
194000	-4499.832136187218
194500	-4416.872950682505
195000	-4424.827901185013
195500	-4357.471669158512
196000	-4129.79262311356
196500	-4641.807133654492
197000	-4242.338868132356
197500	-4092.9887664721937
198000	-4372.849946031132
198500	-4227.732551718714
199000	-4354.002530925812
199500	-4118.18215113765
200000	-4617.932473572272
200500	-4232.218994628682
201000	-4537.78658213417
201500	-4542.838080849101
202000	-4566.147924188987
202500	-4532.231560374812
203000	-4379.261885103384
203500	-4256.541549090828
204000	-4229.707292258682
204500	-4916.243901087539
205000	-4254.36727049196
205500	-4283.101392034256
206000	-4534.628430718178
206500	-4454.818671325723
207000	-4435.307933362022
207500	-4748.530164550707
208000	-4619.716902652348
208500	-4258.802878549822
209000	-4438.73974674986
209500	-4444.563635700517
210000	-4328.777726341072
210500	-4501.135996637075
211000	-4311.8391512239095
211500	-4851.141270241713
212000	-4406.833854277758
212500	-4289.097779314853
213000	-4209.338113753025
213500	-4445.136360385809
214000	-4717.072138860257
214500	-4501.040392414534
215000	-4437.53082004939
215500	-4399.271824419128
216000	-4267.401425095191
216500	-4360.0442222592965
217000	-4467.181295106131
217500	-4672.311456822243
218000	-4541.160254601288
218500	-4444.9789307389865
219000	-4371.839429384516
219500	-4414.0059255630285
220000	-4456.525760388463
220500	-4767.5256598145525
221000	-4871.669354381853
221500	-5050.848991691443
222000	-4857.078046131682
222500	-5125.947665355896
223000	-4783.286355512421
223500	-5114.044555102734
224000	-4509.795228273164
224500	-4925.343263956921
225000	-4522.250878438486
225500	-4585.895413864948
226000	-4758.018969142905
226500	-4740.1290296803545
227000	-5573.253409776043
227500	-4790.192430862679
228000	-5078.711150012124
228500	-5004.474376769542
229000	-5035.103302167993
229500	-4782.980235369015
230000	-4711.83214076089
230500	-4902.283667504161
231000	-4570.109256572826
231500	-4518.015832939305
232000	-4655.505215402851
232500	-4490.839400862637
233000	-4335.725861910888
233500	-4144.146261941677
234000	-4162.257319859125
234500	-4246.244176646634
235000	-4131.483762812519
235500	-4348.608880046249
236000	-4424.544210906229
236500	-4545.942890825567
237000	-5585.411806388746
237500	-4771.103757552491
238000	-5215.690015896323
238500	-4949.509479063913
239000	-5313.844924901616
239500	-4764.2167998477125
240000	-4817.85883137378
240500	-4975.521612328572
241000	-5630.366304518011
241500	-5080.9172668359815
242000	-4804.414405444889
242500	-4912.588404301615
243000	-4232.8255613906285
243500	-4382.9498745713745
244000	-4279.053493021282
244500	-4205.558587006385
245000	-4351.845358143524
245500	-4516.876416592179
246000	-5056.276927644126
246500	-4552.702761652208
247000	-4197.647622709122
247500	-4427.855915797046
248000	-4498.603184152464
248500	-4320.637640162457
249000	-6013.692974402093
249500	-6044.658384551085
250000	-5900.5006842959765
250500	-6268.169979843204
251000	-6487.94221901645
251500	-6583.218692064145
252000	-6522.509423879959
252500	-6570.083186126433
253000	-6542.810274118153
253500	-6577.169670676528
254000	-6583.190758412203
254500	-6497.240722282063
255000	-6504.659600562891
255500	-6585.951943386222
256000	-6586.120140842219
256500	-6585.9582527036055
257000	-6586.121079811706
257500	-6581.397940592683
258000	-6577.638398221133
258500	-6586.1209972084025
259000	-6586.121079811606
259500	-6586.121079811606
260000	-6586.119882991739
260500	-6586.121079811599
261000	-6586.121079811543
261500	-6540.273580934039
262000	-6576.510219819285
262500	-6577.779835440074
263000	-6591.245473024587
263500	-6585.782424995505
264000	-6586.121079811389
264500	-6586.121069849537
265000	-6586.121079811453
265500	-6586.121078462297
266000	-6586.117619858063
266500	-6501.406663478741
267000	-6114.620379241109
267500	-4713.047657581875
268000	-5529.374307747104
268500	-4974.110483128982
269000	-4715.405572904447
269500	-4626.300874611306
270000	-4673.467341018694
270500	-4598.002498366164
271000	-4590.973589609207
271500	-4461.63917921779
272000	-4372.214596602538
272500	-4945.653712702822
273000	-4629.0785184926
273500	-4728.233319861294
274000	-5483.071082130889
274500	-5695.666721695599
275000	-5789.451002327978
275500	-5289.290017270444
276000	-5003.370147497724
276500	-4719.010561944693
277000	-4618.011831018114
277500	-4418.877941650992
278000	-4300.315837644243
278500	-4545.483332659181
279000	-4340.957643433457
279500	-4349.444212895789
280000	-4149.615796593982
280500	-4113.192008357968
281000	-4207.2264435742145
281500	-4472.500370137327
282000	-4656.617962340109
282500	-5138.472760908771
283000	-5354.853865737126
283500	-4884.960555604497
284000	-4668.753201723003
284500	-4633.708260723324
285000	-4204.522896615013
285500	-4312.4899114653745
286000	-4508.202495947794
286500	-4379.226015374642
287000	-4387.568737022446
287500	-4829.837902778842
288000	-5651.471842059822
288500	-5583.028012541028
289000	-5680.655272288175
289500	-5212.567914862025
290000	-4788.217808809833
290500	-4242.018130463299
291000	-4756.876482496178
291500	-4594.652748688073
292000	-4853.410012999406
292500	-5476.248987951875
293000	-5176.273063520498
293500	-5993.572901347555
294000	-5430.167733734324
294500	-5567.33630361735
295000	-6174.041160658326
295500	-6038.501827504549
296000	-5871.174880618851
296500	-5219.298461183314
297000	-5344.476534940293
297500	-5413.711193880931
298000	-4743.662744517648
298500	-5653.98257862582
299000	-6153.351310898946
299500	-6504.850595141417
300000	-6292.969120452745
300500	-7469.87717572137
301000	-7171.680746406821
301500	-5035.935200888691
302000	-4949.03284134645
302500	-4752.188381192476
303000	-4722.694948172803
303500	-4670.451631493303
304000	-5100.1892112875585
304500	-5259.698059287797
305000	-5121.2931655642
305500	-5091.924332815137
306000	-4201.797429586334
306500	-4251.8274212617225
307000	-4346.40772788052
307500	-4722.521183647728
308000	-4137.9007116452985
308500	-4908.970675075978
309000	-5542.075744080537
309500	-4631.807800793329
310000	-4446.381338060476
310500	-4723.986130077009
311000	-4234.185981833456
311500	-5051.98847124926
312000	-4831.755096861676
312500	-4327.649542297451
313000	-4826.963622392055
313500	-4834.280343228839
314000	-4799.70616319252
314500	-5110.632763816805
315000	-5212.0685349622945
315500	-5002.530626312571
316000	-5022.587512767579
316500	-4112.354175822056
317000	-4501.5092301551595
317500	-4296.5949731802375
318000	-4471.876442154151
318500	-4398.604064946728
319000	-6461.821076930226
319500	-6149.185373937767
320000	-5841.752806432774
320500	-5428.57822210239
321000	-6486.126071931357
321500	-6381.7265309520435
322000	-6489.456800138333
322500	-6490.453526607038
323000	-6490.453526607079
323500	-6490.453526607079
324000	-6490.452890932692
324500	-6291.5095550452315
325000	-6490.45345842187
325500	-6398.781545357374
326000	-6382.342554811566
326500	-6374.615066404701
327000	-6490.440859933758
327500	-6471.820379687327
328000	-6490.453526368296
328500	-6490.340140880047
329000	-6424.653721655483
329500	-5688.086448224153
330000	-6173.4920468995
330500	-5104.391713646774
331000	-4178.689328456717
331500	-4141.884026139491
332000	-4249.95373605677
332500	-4434.631638809339
333000	-4554.7572936105835
333500	-4452.257779173898
334000	-4468.558672116041
334500	-4560.18693861309
335000	-4189.4948888779745
335500	-4387.206315008866
336000	-4764.526912014016
336500	-4996.101212468419
337000	-5634.4962827733325
337500	-4215.8596284649075
338000	-4393.450831050323
338500	-4194.31227115508
339000	-4406.734497235573
339500	-4337.433187844338
340000	-4544.001045652002
340500	-4263.744649413124
341000	-4208.791820683225
341500	-4568.286299329564
342000	-4593.1020125312125
342500	-4547.7749525807085
343000	-4872.68085805958
343500	-5570.467919629704
344000	-4441.2275365499945
344500	-4286.395270547519
345000	-4353.655095999947
345500	-4642.326827913387
346000	-5865.04655648561
346500	-5626.402972848969
347000	-5679.627070042874
347500	-5124.707647524224
348000	-4915.363920256623
348500	-4146.872169507053
349000	-4299.144232255178
349500	-4854.173777366872
350000	-4492.400325859305
350500	-4257.20883519815
351000	-4495.2264376570565
351500	-4373.101424047434
352000	-4521.635854787977
352500	-4219.847142717131
353000	-4311.290101199198
353500	-4310.580369908316
354000	-4164.202213354854
354500	-4926.955834626361
355000	-4702.757761732131
355500	-4773.104848719147
356000	-4496.281934267773
356500	-4531.401397171854
357000	-4593.015374685975
357500	-4396.290758851544
358000	-4519.174915235609
358500	-4567.248522049879
359000	-5005.635252993066
359500	-4350.456262628662
360000	-5077.116548679336
360500	-5171.506950916741
361000	-4965.211769239726
361500	-4474.338151566205
362000	-4946.5733623204815
362500	-4324.261513344201
363000	-4246.7374873857025
363500	-4722.385457839506
364000	-4442.4245956203495
364500	-4386.247036229385
365000	-4130.482024096204
365500	-4296.844226554417
366000	-4472.523831894798
366500	-4518.792051225253
367000	-4258.828857305795
367500	-4303.884931362926
368000	-4327.792187850605
368500	-4317.081119036161
369000	-4556.744951652528
369500	-4747.217662533856
370000	-5214.136990701074
370500	-5554.091988395182
371000	-5251.855526924387
371500	-5503.893124675644
372000	-5355.285721809713
372500	-5381.344982852537
373000	-5542.146299783296
373500	-5454.9401670490615
374000	-5404.994858975603
374500	-4615.251773928347
375000	-5219.238452067306
375500	-4740.932976064562
376000	-6320.45767495305
376500	-6102.6046898090535
377000	-5785.515741499262
377500	-6154.076004752476
378000	-5736.982836403368
378500	-5274.174330918657
379000	-4962.171457891195
379500	-4928.3269510950895
380000	-4509.039677232443
380500	-4426.712372573701
381000	-4513.964791506038
381500	-5010.795724944126
382000	-4565.825473665163
382500	-4484.682245131415
383000	-4260.4075942549825
383500	-4210.084446243365
384000	-4612.841359072163
384500	-4440.222928445761
385000	-4538.627810674769
385500	-4717.703777094989
386000	-5117.6756407907515
386500	-5213.111766285374
387000	-5712.972888371964
387500	-5215.180705959581
388000	-4323.376200414076
388500	-5056.813366940764
389000	-5351.6640593725315
389500	-4229.17590721854
390000	-4221.781019373875
390500	-4453.048901195804
391000	-5006.913300285415
391500	-5024.673259715643
392000	-4402.984439684272
392500	-4307.728170568687
393000	-4865.768866871314
393500	-5053.3670751211885
394000	-4775.810838327362
394500	-4489.229294229144
395000	-4566.83930400321
395500	-4064.1505434568576
396000	-4973.937066429572
396500	-4994.0312934752255
397000	-6306.999636687334
397500	-6489.944117522537
398000	-6452.7873322593805
398500	-6471.991364493383
399000	-6488.986550545422
399500	-6490.453526555654
400000	-6490.453526606859
400500	-6429.090606322753
401000	-6383.468704432954
401500	-6456.016594819888
402000	-6343.278044759124
402500	-6149.465026182885
403000	-6290.6685283422585
403500	-6488.103827017112
404000	-6490.4535266070125
404500	-6490.453526606991
405000	-6490.453526606743
405500	-6490.445252257206
406000	-6490.453526572623
406500	-6490.452830943044
407000	-6490.453526606826
407500	-6490.453526606528
408000	-6490.453526606212
408500	-6490.453526606289
409000	-6490.453526601133
409500	-6490.453526600851
410000	-6490.45352660452
410500	-6490.453526606485
411000	-6490.453526606646
411500	-6490.453526606353
412000	-6490.357011988759
412500	-6490.453526607011
413000	-6353.033844850843
413500	-6490.453526606798
414000	-6490.453112315421
414500	-6490.453526606265
415000	-6490.453526235524
415500	-6490.45352660617
416000	-6490.453522433555
416500	-6490.453526606855
417000	-6478.7510394790415
417500	-6449.3435449425115
418000	-6490.453526603288
418500	-6490.453526607473
419000	-6490.45352660746
419500	-6490.249460812643
420000	-6490.453422438755
420500	-6490.453526607214
421000	-6490.453427606465
421500	-6490.453526608788
422000	-6489.639559487617
422500	-6490.4535265969325
423000	-6490.453526139169
423500	-6489.363955497366
424000	-6490.44858202553
424500	-6490.453526607388
425000	-6490.4185416468235
425500	-6490.453526606973
426000	-6487.280235924907
426500	-6401.613805447265
427000	-4826.527006844896
427500	-5060.077507413696
428000	-5040.009533513782
428500	-4893.010377089905
429000	-4944.0846287369495
429500	-4911.841658207783
430000	-4879.0081123945865
430500	-4986.531203299206
431000	-4857.139347057419
431500	-5709.381269905994
432000	-5963.036527489541
432500	-5739.283380586409
433000	-4733.305331546926
433500	-4662.434228193567
434000	-5659.188599704122
434500	-5874.437535054695
435000	-5409.125237294294
435500	-5373.80728586841
436000	-4943.748465551471
436500	-5798.971551661616
437000	-5681.46935388732
437500	-5713.577364594763
438000	-5704.595142860896
438500	-5776.016085985211
439000	-6037.098513882808
439500	-5315.086037895232
440000	-6060.527537827149
440500	-5084.450133509984
441000	-4947.082049814323
441500	-5502.896771064294
442000	-5608.802838253156
442500	-6163.483237880565
443000	-5434.519520443715
443500	-6052.791889017064
444000	-5711.833529436374
444500	-4903.151520819221
445000	-4624.629151679125
445500	-5089.590817449512
446000	-5304.120285851145
446500	-5281.147498376968
447000	-5181.129081881413
447500	-4995.355822052832
448000	-4629.135912690437
448500	-4359.469752896082
449000	-5188.311585973152
449500	-5207.394164997908
450000	-5863.345267957518
450500	-6146.981853298556
451000	-6420.431658616625
451500	-6420.431658616579
452000	-6420.43165861666
452500	-6420.431658616381
453000	-6420.431658620061
453500	-6420.431658618876
454000	-6420.431658616789
454500	-6420.4316586166515
455000	-6420.431658618819
455500	-6420.431658617205
456000	-6420.431658616783
456500	-6420.431658618886
457000	-6420.431658616409
457500	-6420.427770277609
458000	-6420.427626313853
458500	-6420.431647611249
459000	-6420.431658616377
459500	-6420.431392844807
460000	-6419.789126996103
460500	-6420.3748558094385
461000	-6420.431658613721
461500	-6420.431658616117
462000	-6418.6241608015125
462500	-6420.431658615948
463000	-6420.431652335674
463500	-6420.431658616207
464000	-6420.431658616032
464500	-6420.431658616224
465000	-6420.431658616213
465500	-6420.431658616241
466000	-6420.431658616182
466500	-6420.4316580860905
467000	-6420.431658616037
467500	-6420.431658615964
468000	-6420.431658616119
468500	-6420.431658614371
469000	-6420.431658613341
469500	-6420.431658615043
470000	-6420.431658615992
470500	-6420.409340367148
471000	-6244.592559196978
471500	-6133.95158290285
472000	-5667.306390175165
472500	-4520.20096633755
473000	-4407.2718603533785
473500	-4308.374228386081
474000	-5345.003790969972
474500	-5650.51938638571
475000	-5530.630131283332
475500	-5822.798717535371
476000	-6491.1596448085575
476500	-6266.570432951875
477000	-5647.72175593247
477500	-4992.380595766518
478000	-4603.106122857569
478500	-4271.412404672686
479000	-4429.768280031726
479500	-5327.022974136363
480000	-4678.410640272173
480500	-4366.382614159795
481000	-4582.188497106039
481500	-4351.6753631495885
482000	-4301.95838053498
482500	-4475.424259762948
483000	-4637.01184894818
483500	-4767.877523122337
484000	-4772.645712560898
484500	-4974.8873158849565
485000	-5129.287251923017
485500	-4400.624812568386
486000	-4207.63531819637
486500	-4261.545531382223
487000	-4432.68925112209
487500	-5723.032007307086
488000	-4811.526825269817
488500	-4844.76101505225
489000	-4681.688320558538
489500	-4235.236796435286
490000	-4569.643587497087
490500	-4704.656759182471
491000	-4419.929689518406
491500	-5578.793319232083
492000	-6414.560398950653
492500	-6348.328548741907
493000	-6328.867500193403
493500	-6419.780889895157
494000	-6166.0230691336765
494500	-5992.508098136467
495000	-5419.937106816498
495500	-4391.429143607336
496000	-4397.894671435533
496500	-4703.207491354956
497000	-6270.166794164564
497500	-6201.287066985254
498000	-6048.782597533483
498500	-4557.1236168885935
499000	-4784.743280446029
499500	-4817.257988784322
500000	-4428.033126226032
500500	-4510.500527816713
501000	-4522.919104035207
501500	-4174.530698901608
502000	-4205.465111461297
502500	-4246.322004148525
503000	-4258.542463963223
503500	-4323.572394557428
504000	-4473.821833285428
504500	-4334.541583127417
505000	-4378.714116999552
505500	-4295.645578676656
506000	-4574.045511542899
506500	-4685.765782498964
507000	-4934.396967315209
507500	-4741.475943660697
508000	-5863.253920210251
508500	-5841.842233598006
509000	-5723.964003038717
509500	-5587.8473293817715
510000	-4949.248989834532
510500	-4610.630180475214
511000	-4703.358128932494
511500	-4258.360215679244
512000	-4413.141176217147
512500	-4306.531545889528
513000	-4804.462535657326
513500	-5818.624898419078
514000	-5096.743382584032
514500	-4299.989108039777
515000	-4219.801237229372
515500	-4280.517295067197
516000	-4277.934152301062
516500	-4554.812553852777
517000	-4781.141645192137
517500	-4795.000822319577
518000	-5792.305902568923
518500	-5635.6050594741455
519000	-5032.531868685829
519500	-5311.75722766453
520000	-4453.345250058084
520500	-4433.324576764211
521000	-4454.212239742921
521500	-4453.023872921494
522000	-4521.412657822188
522500	-4291.887905073214
523000	-4600.6755257216155
523500	-4628.662226633498
524000	-4462.622918997878
524500	-4272.734593492582
525000	-4271.977868119582
525500	-4182.441160640901
526000	-4262.390029496966
526500	-4206.113186964968
527000	-4430.167947199232
527500	-4356.94309905938
528000	-4313.535800149286
528500	-4080.6176565336855
529000	-4141.9810101413905
529500	-4219.498534129025
530000	-4064.566729837288
530500	-4372.883218883971
531000	-4379.763823136481
531500	-4203.134504457303
532000	-4170.634326736273
532500	-4143.109978322807
533000	-4237.3226733841
533500	-4493.525051557489
534000	-5268.871240432165
534500	-5180.589408731279
535000	-4352.192570942412
535500	-5155.324734738296
536000	-5374.705220547199
536500	-5414.733852359282
537000	-4984.917253836021
537500	-4805.760521248841
538000	-4414.672535764879
538500	-4222.250183627866
539000	-4344.332758165515
539500	-4461.686665479379
540000	-4696.624412610153
540500	-4891.009243028058
541000	-4605.122866268944
541500	-4385.916605892188
542000	-4617.485014717166
542500	-4701.351043323584
543000	-4369.009437768574
543500	-4465.788391913528
544000	-4562.3812576621485
544500	-5414.636322355234
545000	-4992.500339522646
545500	-4672.173541845486
546000	-5688.431663674331
546500	-4890.880956000259
547000	-4674.563659750394
547500	-4556.2237987771
548000	-5614.903735214029
548500	-6000.934127700443
549000	-7056.8166081034415
549500	-6015.98512682113
550000	-5540.616504611185
550500	-6250.528163796314
551000	-5639.916264661037
551500	-5482.684642972805
552000	-5554.059931401853
552500	-5571.0003110646485
553000	-5503.122923300227
553500	-5311.307791182905
554000	-5127.306715152556
554500	-4582.537403405019
555000	-5060.146031508545
555500	-4759.199850676274
556000	-4442.063755792394
556500	-4326.799659331162
557000	-4201.91405048485
557500	-4417.159532570625
558000	-4491.696683692232
558500	-4294.492603818005
559000	-4294.505301898371
559500	-4683.501269399863
560000	-4306.170489654315
560500	-4780.546323465132
561000	-4562.230061872786
561500	-4613.908142175542
562000	-4720.816356401912
562500	-5211.759176735672
563000	-4736.124460322311
563500	-4631.764055114969
564000	-4471.722648318672
564500	-4680.937830537977
565000	-4421.8957939890915
565500	-4289.860301704777
566000	-4253.634325380192
566500	-4249.461816157221
567000	-4663.1289457554385
567500	-5128.882580402734
568000	-4579.3549573275695
568500	-4704.323290099718
569000	-4503.116611351237
569500	-4382.7133703276695
570000	-4819.593479479368
570500	-5290.339928464351
571000	-5943.8186775326785
571500	-5249.281384379542
572000	-4689.627808178501
572500	-4388.001373411319
573000	-4512.5209333145185
573500	-5050.993200402884
574000	-4978.003896740888
574500	-5767.371415264684
575000	-6201.723191274241
575500	-5115.808635430128
576000	-5381.69837498408
576500	-5357.168033187189
577000	-5557.151923880014
577500	-6724.9353176192735
578000	-7354.838056038055
578500	-7715.1410970901425
579000	-5193.361838066555
579500	-4656.488516640813
580000	-5045.3911142121615
580500	-5986.70390477348
581000	-6481.9684818773785
581500	-5097.958529756901
582000	-4933.582569579937
582500	-4678.274006686164
583000	-5014.320351586103
583500	-4959.489494100864
584000	-4955.257672205833
584500	-4543.007584172168
585000	-4478.106200733312
585500	-4324.508353666222
586000	-4588.469291837555
586500	-4654.113945510957
587000	-5343.531440375388
587500	-5080.398874066494
588000	-5182.393456925275
588500	-4949.389760407929
589000	-4972.6577666671465
589500	-4938.7341743348525
590000	-4978.180805626695
590500	-5247.556963706623
591000	-4486.96232118657
591500	-4989.033398255862
592000	-4927.828553534327
592500	-5591.341676284005
593000	-5536.594457662028
593500	-6640.492608164143
594000	-6320.90932895251
594500	-5160.184236955214
595000	-4920.372708048388
595500	-5181.104825411628
596000	-6015.2174786873
596500	-5944.003381906106
597000	-5213.633505719186
597500	-5431.258808760479
598000	-5586.719038810449
598500	-5441.827298035573
599000	-4325.163143882662
599500	-4620.314003765307
600000	-4887.742270587332
600500	-4520.051540140989
601000	-4574.460390359408
601500	-4883.283966688117
602000	-4681.4581675487125
602500	-4989.681580153611
603000	-4801.1748517054475
603500	-4995.745026055124
604000	-4842.666784969491
604500	-5506.151636881637
605000	-4952.930821584273
605500	-5450.652478910173
606000	-4682.537720113034
606500	-5012.328923656534
607000	-4991.00334715004
607500	-5825.846534728725
608000	-5018.686497135781
608500	-5163.979225222941
609000	-5240.654007870748
609500	-4873.970602802852
610000	-4588.552296654121
610500	-4992.861450119339
611000	-5255.913795033412
611500	-4714.735067642243
612000	-4916.314290702277
612500	-4603.346587949506
613000	-4387.807629685029
613500	-4589.723101107644
614000	-4388.521241211172
614500	-4519.854821549082
615000	-4501.5960993621
615500	-4433.190476730294
616000	-4579.545388270059
616500	-4489.142183857184
617000	-4381.782035119488
617500	-4159.663999585954
618000	-4301.04886137074
618500	-4398.781926747713
619000	-5377.0737865737
619500	-5580.588873829496
620000	-5289.430638721126
620500	-5039.499328371999
621000	-4804.103631864441
621500	-4487.798333946093
622000	-4738.925154368182
622500	-4754.76940738591
623000	-4676.311784616815
623500	-4610.875261085978
624000	-4929.900160030255
624500	-5412.676956750692
625000	-4661.854915586178
625500	-4779.170318375721
626000	-4831.668129065593
626500	-5220.74703365389
627000	-4930.043411368593
627500	-5238.6994124082175
628000	-5083.036660548147
628500	-4914.568018357044
629000	-4846.638901894151
629500	-4980.705077294955
630000	-4833.829202327169
630500	-4828.68590419161
631000	-5087.423384714981
631500	-5375.129176021531
632000	-5557.392109380551
632500	-4733.37179295034
633000	-4615.529972291979
633500	-4971.330526428691
634000	-5648.1912183115355
634500	-5490.560390164801
635000	-5933.333585548932
635500	-5398.678545479735
636000	-6029.662140516665
636500	-5541.056471753028
637000	-4379.386611215965
637500	-5014.748190239443
638000	-4929.20407392985
638500	-5265.380175506148
639000	-5582.031090222129
639500	-4647.483760948678
640000	-4159.671938361321
640500	-4357.98067634021
641000	-4555.357755506295
641500	-4494.934145714951
642000	-4398.090052079766
642500	-4511.318822987127
643000	-4469.78226159765
643500	-4352.329422123884
644000	-4567.677669460877
644500	-4465.018961231889
645000	-4505.737271686535
645500	-4389.868689843478
646000	-4195.619497715578
646500	-4205.684941859757
647000	-4725.3909557014795
647500	-4139.834792762106
648000	-4156.64544391768
648500	-4946.907115615473
649000	-4655.378581913783
649500	-4477.3473672776345
650000	-4693.501426724322
650500	-4388.0093898539035
651000	-4371.983739812084
651500	-4213.172833927177
652000	-4162.135329980337
652500	-4484.082377889876
653000	-4386.481260446281
653500	-4700.954815503612
654000	-4301.078515415364
654500	-4184.559188984961
655000	-4148.4913317888395
655500	-4178.013327099008
656000	-4244.701452092776
656500	-4265.101476732794
657000	-4295.328594449954
657500	-4353.62923337437
658000	-4158.046439425652
658500	-5176.75916629853
659000	-4419.000461648578
659500	-5262.653843251638
660000	-4494.940613958997
660500	-4260.9794902910935
661000	-4423.6238560246875
661500	-4615.55009848682
662000	-4292.558899859966
662500	-4205.997548056843
663000	-4206.852456125034
663500	-4330.074178330722
664000	-4256.1456960764635
664500	-4202.568479113305
665000	-4832.116299825681
665500	-4282.547003092072
666000	-4525.381245969804
666500	-4811.681458388117
667000	-4699.725961610079
667500	-5189.740165235686
668000	-4891.51015250814
668500	-5338.229892866761
669000	-4892.4428585727355
669500	-5710.927574612314
670000	-5086.393473893848
670500	-4968.439947415056
671000	-5033.348276576973
671500	-5208.065729034593
672000	-5718.481189190598
672500	-5779.3341209447335
673000	-4876.2931508839
673500	-4589.65044385584
674000	-4699.006533470919
674500	-4114.9322385554
675000	-4477.491004675893
675500	-4831.710672548212
676000	-4605.297713194446
676500	-5195.160735684152
677000	-4571.126382895928
677500	-4687.937388287241
678000	-4945.839116766192
678500	-4851.437944183275
679000	-5016.608755090954
679500	-4677.95837147096
680000	-4286.195759678457
680500	-4514.030979711492
681000	-4906.850570991502
681500	-4483.080406315898
682000	-4729.754437950439
682500	-4484.821752701858
683000	-4459.267390060603
683500	-4484.732432876411
684000	-4421.435720763355
684500	-4489.295024300969
685000	-4557.006938393377
685500	-4557.402760095856
686000	-4561.652218003639
686500	-4930.226534246657
687000	-5260.168361278261
687500	-4874.637462853214
688000	-4923.426543470796
688500	-4871.845553926033
689000	-4675.994398995539
689500	-4488.411282795671
690000	-4312.018438327713
690500	-4397.5047935908615
691000	-4411.851822255415
691500	-4197.391736202976
692000	-4118.4912663191735
692500	-4742.538814305629
693000	-4962.05343828125
693500	-4265.566788871789
694000	-4113.656501780353
694500	-4304.361167438993
695000	-4195.619245280167
695500	-4248.787525937105
696000	-4214.611197039572
696500	-4118.391777279783
697000	-4203.976332999828
697500	-4300.787745306836
698000	-3950.413516384459
698500	-4188.458908684435
699000	-4308.175774869709
699500	-4542.167660943628
700000	-4421.838477141184
700500	-4606.670530257259
701000	-4454.106540083406
701500	-4316.971192789671
702000	-5040.194159216387
702500	-4415.319947805671
703000	-4564.861015491239
703500	-4272.435731207488
704000	-4896.52222078433
704500	-4176.574431907992
705000	-4562.200956248783
705500	-4464.767400133378
706000	-4426.005074260278
706500	-4543.481036778165
707000	-4507.529125760742
707500	-4388.12426999544
708000	-4380.787993778649
708500	-4287.982975774675
709000	-4568.619444857867
709500	-4333.706880424037
710000	-4541.546342900305
710500	-4381.68053948185
711000	-4526.276858673923
711500	-4495.63130910174
712000	-4381.443028598201
712500	-4217.387130138507
713000	-5379.434035072008
713500	-4540.28737443992
714000	-4518.1911694201335
714500	-4484.146907669592
715000	-4549.9735083518
715500	-4545.454008644462
716000	-4891.208640828356
716500	-4672.540237428119
717000	-4851.65131140976
717500	-4367.337694927589
718000	-4232.474240108152
718500	-4138.305103802122
719000	-4098.651647960483
719500	-4249.803230417429
720000	-4258.591465743759
720500	-4130.057744246689
721000	-4040.53064155188
721500	-4508.116788818421
722000	-4556.9183790316665
722500	-4298.709708872384
723000	-4357.374219410946
723500	-4787.066424284239
724000	-4479.606199396589
724500	-4848.920600727265
725000	-4194.541254937268
725500	-4176.882246632197
726000	-4469.616761674559
726500	-4124.6357468213455
727000	-4872.268454756647
727500	-4151.965041144593
728000	-4571.416792217111
728500	-5916.0651876148195
729000	-5272.280444008039
729500	-5023.335344222376
730000	-4649.494808722559
730500	-4744.950875853943
731000	-4678.05080452674
731500	-4793.459666969263
732000	-5838.1407556135555
732500	-4544.315132429514
733000	-4503.202228605102
733500	-4731.965922078798
734000	-4830.62887332323
734500	-4945.281286428093
735000	-4857.807289749618
735500	-4664.819456141906
736000	-5149.342018931709
736500	-4792.330630909161
737000	-4767.891852963861
737500	-4442.493830326025
738000	-4696.654814862404
738500	-4919.960481552722
739000	-5231.443430660213
739500	-5091.4801036632
740000	-5009.201206945604
740500	-5464.392049314886
741000	-4899.735127148859
741500	-4953.949870153382
742000	-5327.329860645041
742500	-5384.657765533646
743000	-5398.954151941649
743500	-5024.760545543781
744000	-5448.474970179617
744500	-5239.457735897424
745000	-5183.740585905454
745500	-5147.344721936013
746000	-5391.298656457618
746500	-5782.735901261463
747000	-5525.573583889746
747500	-6626.5493235536005
748000	-6702.894357524972
748500	-6557.159071095097
749000	-6831.309283637396
749500	-6827.279244734897
750000	-6436.769568313924
750500	-6739.6381182046
751000	-6542.028835818892
751500	-5484.503019823919
752000	-5338.478997484404
752500	-5030.470640761679
753000	-4380.918418345001
753500	-4550.915952398943
754000	-4693.088819814476
754500	-5010.79783627534
755000	-4338.533675626172
755500	-4461.239235379826
756000	-5177.392101029512
756500	-5638.507728964106
757000	-5044.589531215702
757500	-5273.925777902158
758000	-5587.535339290092
758500	-5485.201106152531
759000	-4997.943793595918
759500	-6064.237929643668
760000	-6610.621762557148
760500	-5213.700072383375
761000	-4735.240536779697
761500	-4788.44825588086
762000	-5106.818014944571
762500	-4803.940783738029
763000	-4679.302752791101
763500	-5016.989283050965
764000	-5888.774080703862
764500	-4986.354184654654
765000	-5536.720764139933
765500	-6046.165571780564
766000	-5902.183018900505
766500	-5356.5657150539855
767000	-4870.487653479667
767500	-4671.592913322099
768000	-5044.971001044331
768500	-5067.07465114841
769000	-4512.616359178213
769500	-4758.927821798634
770000	-4828.294181622405
770500	-4845.122994079204
771000	-4950.156366615386
771500	-4488.136201737443
772000	-4706.444532926052
772500	-4593.891316754894
773000	-4699.786409821715
773500	-4487.181956594415
774000	-4521.66281494511
774500	-4693.935674243968
775000	-4533.8712579337525
775500	-4723.049607601927
776000	-4465.414325812535
776500	-4855.66243941827
777000	-5106.989515528987
777500	-4939.838839986471
778000	-5044.324295892312
778500	-4817.912617265406
779000	-4950.91759302901
779500	-4767.336420111025
780000	-4813.473886907967
780500	-5176.649060637579
781000	-5235.3930353898695
781500	-4512.07988875921
782000	-5115.568993429417
782500	-4702.6025027985515
783000	-4736.772817116857
783500	-4689.209206051796
784000	-4709.202507500885
784500	-5012.43985744029
785000	-4864.214986408781
785500	-4966.712845444546
786000	-5232.586279141238
786500	-5010.867335945465
787000	-5202.954119269025
787500	-4841.179704691324
788000	-5954.888912803494
788500	-6639.234353281945
789000	-6673.585676173368
789500	-6651.3163263304505
790000	-6675.299747441024
790500	-6675.321087788832
791000	-6521.241691785485
791500	-6277.639693093162
792000	-6599.997561253939
792500	-6617.764379924251
793000	-6573.594890489567
793500	-6613.828989082236
794000	-6617.764152402953
794500	-6046.330818132566
795000	-6282.120627613439
795500	-6617.635385991968
796000	-6617.732350771282
796500	-6617.764379855976
797000	-6617.763468654973
797500	-6617.764379957062
798000	-6617.764379957075
798500	-6617.764379957075
799000	-6617.764379957075
799500	-6617.764379957075
800000	-6617.764380162685
800500	-6617.764379976357
801000	-6617.7643799867255
801500	-6617.764379996226
802000	-6617.764380060864
802500	-6617.764380032226
803000	-6617.764379980403
803500	-6617.76438001006
804000	-6617.764380017992
804500	-6617.764379957075
805000	-6617.764379972215
805500	-6617.764379961244
806000	-6617.764379961872
806500	-6617.764379961202
807000	-6617.7643799581165
807500	-6617.76437995032
808000	-6617.764379953591
808500	-6617.764379954081
809000	-6617.764379956582
809500	-6617.764379956938
810000	-6617.764379956488
810500	-6617.764379951006
811000	-6617.764379953684
811500	-6617.76437994929
812000	-6617.764379948679
812500	-6617.764379948785
813000	-6617.764379908221
813500	-6617.7643797195415
814000	-6617.76437977789
814500	-6617.7643799472335
815000	-6617.7643799371845
815500	-6617.764379952258
816000	-6617.764379948545
816500	-6617.764379951952
817000	-6617.764379956415
817500	-6616.188094518124
818000	-6617.764379956459
818500	-6617.764379955681
819000	-6617.764379765708
819500	-6616.394112053526
820000	-6617.764379955406
820500	-6617.764379951932
821000	-6617.764379901874
821500	-6617.764379938539
822000	-6617.764379915745
822500	-6617.764379940417
823000	-6617.764379948967
823500	-6617.764379912128
824000	-6617.764379918694
824500	-6617.764379917726
825000	-6617.76437995288
825500	-6617.764379952986
826000	-6617.764379949834
826500	-6617.764379947569
827000	-6617.764379952493
827500	-6617.764379951462
828000	-6617.764379953639
828500	-6617.764379954944
829000	-6617.764379955238
829500	-6617.761836214253
830000	-6612.469246935955
830500	-6617.764379956766
831000	-6617.764379958238
831500	-6617.76437995941
832000	-6617.764379958157
832500	-6617.764379957366
833000	-6617.7643799572415
833500	-6613.289827730044
834000	-6617.764379957876
834500	-6617.764379957076
835000	-6617.764379957076
835500	-6617.764379957076
836000	-6617.764379957076
836500	-6617.764379957076
837000	-6617.764379957076
837500	-6617.764379957076
838000	-6617.764379957076
838500	-6617.764379957366
839000	-6524.602966683297
839500	-6613.9896435295195
840000	-6617.764379957201
840500	-6617.764379957285
841000	-6617.764379957117
841500	-6616.821359412234
842000	-6617.764379957117
842500	-6617.763198220322
843000	-6609.325850973301
843500	-6617.764379506715
844000	-5260.512284435091
844500	-5086.019848576356
845000	-4811.322121680077
845500	-4603.86711318342
846000	-4934.417311413757
846500	-4420.739182516677
847000	-4674.643807814089
847500	-4866.457746948161
848000	-4549.4284530661935
848500	-4964.4542174723665
849000	-4795.042912603637
849500	-4278.044948697181
850000	-4269.8063669145
850500	-4636.263594291875
851000	-4547.311360077571
851500	-4407.324202827736
852000	-4324.849668604128
852500	-4233.589315367324
853000	-4608.298662675942
853500	-4739.29066805589
854000	-4704.159520493301
854500	-4563.404745872124
855000	-4733.219851839573
855500	-5774.595499236072
856000	-4719.0272761516735
856500	-4799.22443925641
857000	-4877.007712429672
857500	-4778.596250182187
858000	-4437.272301250134
858500	-4936.425695775709
859000	-4852.489561390829
859500	-4624.283019216082
860000	-5640.429008673089
860500	-5267.016710674891
861000	-4938.48893897139
861500	-4945.586997853032
862000	-5750.559798311847
862500	-5557.555701296177
863000	-5306.837324525936
863500	-7120.269985994783
864000	-6910.79362370637
864500	-5732.811473845013
865000	-5677.246934254807
865500	-4888.2357349807435
866000	-4924.426000239784
866500	-4970.127237479739
867000	-4577.652853026242
867500	-4909.514958627716
868000	-4795.03775181917
868500	-5086.143734016449
869000	-4638.089337912057
869500	-4972.010780326274
870000	-4985.923110710094
870500	-5021.503770562783
871000	-4468.357281873454
871500	-4608.927203310263
872000	-4795.080794673488
872500	-4562.602254353716
873000	-4427.216470817398
873500	-4783.183302742747
874000	-4520.235266139518
874500	-4658.959468605956
875000	-4486.088028939128
875500	-4470.387792106114
876000	-4392.8801901665765
876500	-5414.034942714211
877000	-5167.744261619815
877500	-5226.409194891504
878000	-4611.123018436961
878500	-4858.737174471496
879000	-4614.128502884755
879500	-4546.905497352651
880000	-4322.884371872293
880500	-4517.505280059869
881000	-4569.189637532819
881500	-4372.248298039959
882000	-4533.6878599076035
882500	-4928.864873459144
883000	-5080.337843828409
883500	-4642.324282430336
884000	-5191.296425480286
884500	-5520.05984872469
885000	-5290.0686031692985
885500	-5226.717188961793
886000	-5718.367740483681
886500	-6377.540911055538
887000	-5694.098054070598
887500	-4888.884570765233
888000	-4769.823819115536
888500	-5215.844125774387
889000	-4353.180351998331
889500	-5230.645860354481
890000	-5327.244435653578
890500	-4613.637302187889
891000	-4169.299450702854
891500	-4532.2395683541245
892000	-4854.17195495181
892500	-5290.220629801271
893000	-5109.1881105437415
893500	-5364.409914598029
894000	-4839.078197707833
894500	-5355.813878627418
895000	-5205.254658124902
895500	-5167.467029522551
896000	-5651.459702409523
896500	-5406.225521029016
897000	-5603.278497717457
897500	-5291.139431642171
898000	-4787.420387612347
898500	-4821.179468427224
899000	-4634.58017663806
899500	-4823.575923863776
900000	-4521.991780874856
900500	-4661.151343012988
901000	-4899.391880951274
901500	-4581.94351438969
902000	-4717.777687100583
902500	-4303.915178983282
903000	-4751.6851174844405
903500	-5128.5690466205115
904000	-4215.099959537185
904500	-4494.129136620474
905000	-4862.411118847164
905500	-5146.1174328478255
906000	-5298.195157488281
906500	-4729.462650257406
907000	-4831.681412884002
907500	-5084.339476273647
908000	-4910.150475790107
908500	-4629.149266781175
909000	-4369.154324115281
909500	-4471.21043499225
910000	-4515.860523315362
910500	-4289.878590947109
911000	-4285.119164040224
911500	-4436.533872404006
912000	-4921.183960191712
912500	-4856.527057298586
913000	-5690.793388281176
913500	-6376.852553406945
914000	-5582.348585929581
914500	-6592.9792103681375
915000	-6911.681450702494
915500	-7345.228229081212
916000	-7087.475121887954
916500	-6712.01849521257
917000	-5017.6026413895115
917500	-4258.314839374553
918000	-4618.5970262090095
918500	-4577.488212691233
919000	-4703.530845275511
919500	-4600.602306934103
920000	-4326.33771024731
920500	-4294.585519038525
921000	-4295.184075430949
921500	-4238.611224210453
922000	-4481.830412882868
922500	-4291.487624502271
923000	-4335.48314676342
923500	-4355.409918233531
924000	-4569.9948329502995
924500	-4610.695285312811
925000	-4522.159672407149
925500	-5075.4094808082755
926000	-5058.165879658322
926500	-4321.865458287404
927000	-4455.991108685387
927500	-4308.703666842013
928000	-4217.24801265638
928500	-5048.056458197114
929000	-5609.8735450382765
929500	-5002.913655513888
930000	-5397.386338265161
930500	-5236.401391129477
931000	-5508.904994782349
931500	-4967.456508361387
932000	-6199.135115746821
932500	-6230.120311691431
933000	-6467.046570856353
933500	-6464.9694961169525
934000	-6433.195914948302
934500	-6267.753977670707
935000	-6430.77175402425
935500	-6462.627622056627
936000	-6395.051395784669
936500	-6467.25429994048
937000	-6467.208899531047
937500	-6467.254299940568
938000	-6364.737761449667
938500	-6467.254299940177
939000	-6466.961847822244
939500	-6467.2542998428635
940000	-6467.254299940334
940500	-6467.248496068611
941000	-6467.254298290648
941500	-6467.210947775126
942000	-6464.248328120661
942500	-6467.095860817319
943000	-6467.125830309517
943500	-6452.431969969944
944000	-6467.254299940271
944500	-6467.253920213797
945000	-6467.235741159805
945500	-6415.859445481381
946000	-6467.221836002895
946500	-6466.274872201135
947000	-6467.254299169576
947500	-6467.254299940756
948000	-6467.254299935128
948500	-6467.2542999390525
949000	-6466.663784553333
949500	-6467.254299939878
950000	-6466.584234416097
950500	-6467.25429993828
951000	-6467.254299939795
951500	-6467.254299940014
952000	-6467.25429993981
952500	-6467.254299939786
953000	-6467.254299939788
953500	-6467.254299939927
954000	-6467.254299939946
954500	-6467.254299940278
955000	-6467.254299940364
955500	-6467.254299940481
956000	-6467.254292295067
956500	-6467.2542999410125
957000	-6467.25429994094
957500	-6467.254299940526
958000	-6467.25429993946
958500	-6467.254299939654
959000	-6467.253976090949
959500	-6467.254299940148
960000	-6467.254299879548
960500	-6467.222187785053
961000	-6460.508771909312
961500	-6467.207999651836
962000	-6430.900404735115
962500	-6464.211135465611
963000	-6422.979136386649
963500	-6437.642588020171
964000	-6467.254299940262
964500	-6467.254299935037
965000	-6467.254299939186
965500	-6465.802182798234
966000	-6467.195084435346
966500	-5753.037825020534
967000	-5768.643380827617
967500	-4783.060103574108
968000	-5016.038501783944
968500	-4508.18767766614
969000	-4881.9051899154865
969500	-5327.881049003768
970000	-4819.452986675045
970500	-5696.497341364094
971000	-5889.034023074967
971500	-6361.718548634925
972000	-6218.168094248354
972500	-5128.778032501301
973000	-4460.556044507187
973500	-4774.33592466594
974000	-4717.613505904934
974500	-4560.425019285167
975000	-4458.793588637738
975500	-4487.776375769101
976000	-4597.394970648356
976500	-4995.090036741078
977000	-4848.123660011512
977500	-4167.340460848901
978000	-4621.622189784211
978500	-4570.977513714617
979000	-4594.047542170101
979500	-4924.051974771125
980000	-4663.814949963574
980500	-4507.727986139916
981000	-4641.248963384022
981500	-4973.537922873199
982000	-6154.253686152824
982500	-6439.49549669777
983000	-6467.254299446518
983500	-6406.760733490523
984000	-6467.236831954272
984500	-6466.863905527591
985000	-6457.991509173415
985500	-6467.254294905222
986000	-6467.254299940145
986500	-6402.392500227175
987000	-6465.113370794503
987500	-6463.80701051972
988000	-6466.982433598035
988500	-6420.825535010371
989000	-6358.422428138352
989500	-6111.208970005224
990000	-6028.9087184258515
990500	-6358.663154584821
991000	-6467.254298096204
991500	-6271.29013546628
992000	-6467.2542999401485
992500	-6467.253232541565
993000	-6467.25429994014
993500	-6467.254299940086
994000	-6467.2542999401485
994500	-6463.549791465321
995000	-6467.2542999401485
995500	-6453.991694091737
996000	-6467.254299939388
996500	-6467.254295691332
997000	-6467.2542999401485
997500	-6459.337417322787
998000	-6303.840597112565
998500	-6317.899947539761
999000	-6348.169078340886
999500	-5875.6833647819185
1000000	-5318.514677735293
1000500	-4441.273187433731
1001000	-4417.049886060918
1001500	-4361.746947413588
1002000	-4556.724080885059
1002500	-4489.024286402885
1003000	-4237.980475786437
1003500	-4356.1727473379815
1004000	-4176.983975891683
1004500	-4247.883849426357
1005000	-4428.840851158364
1005500	-4405.749089253332
1006000	-4460.58223232953
1006500	-4525.648190798577
1007000	-4520.460014671992
1007500	-4644.095797024478
1008000	-4522.5340495333885
1008500	-4413.790441092451
1009000	-5095.837601031098
1009500	-4436.9364929052745
1010000	-4524.298944496689
1010500	-4961.738962396901
1011000	-4683.745966997839
1011500	-4587.6705542289465
1012000	-5147.2408119318425
1012500	-4962.11303538937
1013000	-5326.3913847039385
1013500	-5498.257032234247
1014000	-5727.218183942949
1014500	-5438.400441369389
1015000	-5525.37406948343
1015500	-5990.2018079530635
1016000	-6587.640803354786
1016500	-6832.899527527415
1017000	-6847.4411735723115
1017500	-6902.021548854344
1018000	-6902.021548854573
1018500	-6902.02154885416
1019000	-6902.021548854451
1019500	-6902.021548854581
1020000	-6902.021545828271
1020500	-6902.021548854232
1021000	-6902.021548854452
1021500	-6901.345635960321
1022000	-6861.484088592769
1022500	-6700.750618199232
1023000	-6795.451885726229
1023500	-6895.997889902716
1024000	-6224.250849424284
1024500	-6901.194619597373
1025000	-6902.002477161582
1025500	-6902.021548854416
1026000	-6902.021548854454
1026500	-6902.021548854397
1027000	-6886.350059527471
1027500	-6807.192050682518
1028000	-6894.746285828145
1028500	-5643.050424019856
1029000	-5643.216614877482
1029500	-4723.116034079015
1030000	-5174.099155902023
1030500	-5112.712092354733
1031000	-4876.10100044266
1031500	-5083.592772207728
1032000	-5193.478214699406
1032500	-5107.704358316184
1033000	-4717.397660412755
1033500	-4927.6968337505095
1034000	-4742.6657226401
1034500	-5210.728031648806
1035000	-5901.916367986066
1035500	-5830.511725219864
1036000	-5217.556967929681
1036500	-5329.087612554092
1037000	-4853.287532967746
1037500	-4827.732064940388
1038000	-5224.326399362349
1038500	-4761.788043021167
1039000	-4749.395438563043
1039500	-4828.63550049412
1040000	-4512.833882498291
1040500	-4971.524469812781
1041000	-4793.6887044893565
1041500	-4685.795394165394
1042000	-5357.628978670499
1042500	-4992.518135631362
1043000	-4916.080065473209
1043500	-4678.685549826161
1044000	-4350.81293635058
1044500	-4421.164513121447
1045000	-4545.404624844948
1045500	-4635.874644003032
1046000	-4162.972018208897
1046500	-4805.685077633027
1047000	-4103.364191992123
1047500	-4848.391142937398
1048000	-4899.345205269872
1048500	-5170.48459859642
1049000	-4701.987932320529
1049500	-4641.715311288896
1050000	-4411.2197032105105
1050500	-5179.400013299496
1051000	-4472.833373321821
1051500	-4778.176143864101
1052000	-5182.477109261484
1052500	-4809.213961274716
1053000	-5746.010324889588
1053500	-5440.47196174328
1054000	-5012.508246662482
1054500	-4444.286903970785
1055000	-4750.220411590566
1055500	-4731.568730631675
1056000	-5015.233355311316
1056500	-5367.3918272518695
1057000	-6291.974301909144
1057500	-5053.02138373053
1058000	-5283.895916242479
1058500	-5037.0758685286055
1059000	-5017.692716803884
1059500	-4772.43715645608
1060000	-4957.020981995478
1060500	-5212.449235713537
1061000	-5339.383487602218
1061500	-5399.545058357733
1062000	-5166.719021209111
1062500	-5013.328486164489
1063000	-5045.965288993648
1063500	-4777.355792951513
1064000	-4901.702744474005
1064500	-5591.318239342619
1065000	-5081.05017330813
1065500	-5243.185676030782
1066000	-4759.954616014754
1066500	-4608.58185595372
1067000	-4504.399641565145
1067500	-4799.846983661156
1068000	-5228.232121284165
1068500	-4527.713380815162
1069000	-4577.371664787002
1069500	-4700.362665497562
1070000	-4647.003373528789
1070500	-5348.975752191877
1071000	-5079.444627873165
1071500	-5215.140171945396
1072000	-5571.474763719713
1072500	-4556.145937662949
1073000	-4241.246359957447
1073500	-4321.586570731311
1074000	-4290.888376263757
1074500	-4407.303227777345
1075000	-4505.764729866877
1075500	-4297.138538584572
1076000	-4220.633168104158
1076500	-4416.655923818337
1077000	-4244.406797716289
1077500	-4358.181477244574
1078000	-5503.354897886244
1078500	-5467.224498002928
1079000	-4982.074467456475
1079500	-4668.048252908373
1080000	-4688.97940843948
1080500	-4678.519641612754
1081000	-4736.930412600096
1081500	-5464.198155952161
1082000	-4243.938108695118
1082500	-4796.367886569845
1083000	-4470.643766925668
1083500	-4668.351254251087
1084000	-5128.216638041265
1084500	-4481.955014069734
1085000	-4291.9467862960455
1085500	-5033.566554606228
1086000	-5160.446276096451
1086500	-4451.646354536222
1087000	-4552.182526029029
1087500	-5153.86535196916
1088000	-5004.579487316163
1088500	-5055.943325917714
1089000	-4679.963235950034
1089500	-4847.160584563906
1090000	-4575.064476222232
1090500	-4420.142998495905
1091000	-4454.097087027854
1091500	-4515.2058112862505
1092000	-5296.969260474964
1092500	-4987.080946456071
1093000	-4643.38659721027
1093500	-4490.741195194532
1094000	-4638.16853384921
1094500	-4427.655774579392
1095000	-4384.292092558447
1095500	-4290.923954451034
1096000	-4340.1439329279065
1096500	-4718.472597911654
1097000	-4425.399191706198
1097500	-4489.552058824999
1098000	-4432.461884245862
1098500	-4376.680934269016
1099000	-4316.383365550151
1099500	-4447.839683006955
1100000	-4284.128450263838
1100500	-4417.691573488285
1101000	-4336.660776362887
1101500	-4392.158419998832
1102000	-4907.7611726339555
1102500	-4844.407099195923
1103000	-4498.31087501798
1103500	-4757.2356062583995
1104000	-4454.054297137598
1104500	-5249.551796883186
1105000	-4716.6691888202195
1105500	-4673.78389560856
1106000	-4401.770640565465
1106500	-4917.671472783103
1107000	-4164.803239895029
1107500	-4621.1722176297635
1108000	-4526.520045935416
1108500	-4753.258395587033
1109000	-4698.83193781947
1109500	-4699.745635492472
1110000	-4330.970627847563
1110500	-5113.322991905142
1111000	-6128.589595453857
1111500	-5798.427590062336
1112000	-5965.667851519154
1112500	-5953.712562130553
1113000	-5282.393099059431
1113500	-4832.722690569971
1114000	-5167.4475328661365
1114500	-4914.567813152134
1115000	-5113.354861010589
1115500	-5971.092106429954
1116000	-5043.327655393548
1116500	-5274.5987076239435
1117000	-5202.928769474963
1117500	-5023.1055031469405
1118000	-4765.436446536705
1118500	-4865.358085340438
1119000	-4817.165546689752
1119500	-4539.021522413744
1120000	-4761.971808229317
1120500	-4601.3572557565285
1121000	-4423.0564848638305
1121500	-4909.573903031841
1122000	-5518.795244120218
1122500	-6162.505812812908
1123000	-6285.8043390248195
1123500	-6372.211825069881
1124000	-5968.361741412636
1124500	-6015.713086763692
1125000	-6820.127893111484
1125500	-6788.534820289811
1126000	-6686.303293552612
1126500	-6764.545809485788
1127000	-5863.762074091206
1127500	-5414.308426026402
1128000	-5544.622930302432
1128500	-4502.767490680799
1129000	-4465.894655039891
1129500	-4643.0307245235235
1130000	-4350.497340935241
1130500	-4596.05975155341
1131000	-5151.476555283111
1131500	-5083.023265551769
1132000	-5346.337145009988
1132500	-5124.233290799054
1133000	-5229.165178040122
1133500	-4772.019922013674
1134000	-4474.7480351639
1134500	-4641.634109913972
1135000	-4632.892319799352
1135500	-4600.26757365302
1136000	-4292.937222312231
1136500	-4325.139332785673
1137000	-4259.2603063354045
1137500	-4735.0080715891
1138000	-5095.216537872286
1138500	-4757.096092803085
1139000	-4854.690049446363
1139500	-5055.465705098663
1140000	-5359.812572306095
1140500	-5691.141889345342
1141000	-5524.178207567248
1141500	-7121.267503697694
1142000	-6545.729198141151
1142500	-6716.815194436903
1143000	-7144.057043911299
1143500	-6998.042718795498
1144000	-5634.176810202697
1144500	-5240.9232778278365
1145000	-4859.454240570043
1145500	-5112.926674802608
1146000	-6017.030293976101
1146500	-5467.958152743131
1147000	-4308.784892231865
1147500	-4328.811558362136
1148000	-4822.217136216192
1148500	-4918.518403218444
1149000	-5040.823289727015
1149500	-5060.548433535606
1150000	-6020.504782002496
1150500	-6154.825339274713
1151000	-4709.4412020927175
1151500	-4669.364533819922
1152000	-4803.491279852868
1152500	-4577.622076990362
1153000	-4614.3126832929665
1153500	-4403.071401518832
1154000	-4817.99105667994
1154500	-4662.443981934843
1155000	-4582.428089347269
1155500	-5336.508497967421
1156000	-4700.904624886918
1156500	-4788.137973074873
1157000	-4461.775166960707
1157500	-4302.65829165771
1158000	-4261.5452628202975
1158500	-4211.41834040922
1159000	-4244.773334506443
1159500	-4228.234216312636
1160000	-4485.075282212971
1160500	-4565.869472392514
1161000	-4393.783363324301
1161500	-4745.594913420663
1162000	-4636.641814864528
1162500	-4589.871040519404
1163000	-4786.616635709622
1163500	-4525.795052198177
1164000	-4849.6678748452305
1164500	-4913.078245054108
1165000	-4584.918719892683
1165500	-4536.665438885167
1166000	-5003.59984464682
1166500	-5090.19734869605
1167000	-5256.920631298038
1167500	-5060.145775795442
1168000	-5425.055093264677
1168500	-4501.447746313466
1169000	-4538.29869740048
1169500	-4372.655068746151
1170000	-4509.892511441666
1170500	-4535.494558001822
1171000	-4593.647449241585
1171500	-4740.538169256462
1172000	-4647.5011157875815
1172500	-4977.882390452366
1173000	-5190.404049287069
1173500	-5366.101134600627
1174000	-6529.525191199581
1174500	-6564.564531040624
1175000	-6246.66304479735
1175500	-5167.957531561831
1176000	-5814.450664347999
1176500	-6524.066637632387
1177000	-4911.804503138748
1177500	-4467.109186813764
1178000	-4309.116955757067
1178500	-4755.614068135861
1179000	-5162.182163230381
1179500	-4632.7642296365175
1180000	-5165.692212274174
1180500	-4622.487839974126
1181000	-4768.48861153234
1181500	-4411.115857337205
1182000	-4508.953652407371
1182500	-4586.637048580179
1183000	-4484.247078653825
1183500	-4206.919905222944
1184000	-4330.679495017127
1184500	-4315.125315641212
1185000	-4366.205333884875
1185500	-5196.542259096935
1186000	-5337.334848412846
1186500	-4668.721415732742
1187000	-4551.249487847875
1187500	-4461.615731306834
1188000	-4782.200600574504
1188500	-4450.255872523976
1189000	-4509.445429972951
1189500	-5224.217460429313
1190000	-5337.048892413049
1190500	-4702.453261607671
1191000	-4237.356875859722
1191500	-4576.661681504795
1192000	-4434.688209120146
1192500	-4573.694616225717
1193000	-4403.458968198811
1193500	-4176.675671726808
1194000	-4283.032393007335
1194500	-4291.107346015222
1195000	-4576.245653897484
1195500	-4871.787130591338
1196000	-4125.935045232255
1196500	-4365.1958084322505
1197000	-4716.3648875187955
1197500	-5152.993458587814
1198000	-4639.1176285672545
1198500	-4940.497081274787
1199000	-5089.91414329375
1199500	-4580.278617000791
1200000	-5515.325391128371
1200500	-5410.868819827129
1201000	-5157.772286586071
1201500	-5510.813579559134
1202000	-5156.318200521542
1202500	-5315.638380101757
1203000	-5826.791989062286
1203500	-5310.395282040534
1204000	-5011.877126708261
1204500	-4620.511354172187
1205000	-5242.25162871357
1205500	-5289.797004900492
1206000	-6190.82581240482
1206500	-6507.206666281487
1207000	-5161.6775420936865
1207500	-5149.980414989282
1208000	-5636.074002117438
1208500	-4631.151186910543
1209000	-4880.300084088826
1209500	-4482.048249815723
1210000	-4935.387852789212
1210500	-5395.627272457345
1211000	-5014.474808510065
1211500	-4457.82707301737
1212000	-5247.8472022943715
1212500	-6802.965832544286
1213000	-8001.889379409623
1213500	-5273.982837045779
1214000	-4533.136565828346
1214500	-5000.962215797332
1215000	-5100.442303728025
1215500	-5253.987051439332
1216000	-5114.547333117825
1216500	-5478.241760637409
1217000	-4707.811591944192
1217500	-4518.809139675094
1218000	-4618.372217602044
1218500	-5217.794941544574
1219000	-4885.020364141733
1219500	-5174.97400127393
1220000	-4466.049042770839
1220500	-4954.565087353382
1221000	-5126.151561999642
1221500	-4851.032080991513
1222000	-4904.454353443411
1222500	-4573.7050279160285
1223000	-5012.328551675003
1223500	-5031.2411946502125
1224000	-6309.537703477371
1224500	-4894.317069504206
1225000	-4593.142358822562
1225500	-4313.31043861557
1226000	-4596.793266901353
1226500	-4397.670743047197
1227000	-4464.970962137095
1227500	-5348.9854276287415
1228000	-5518.287575413296
1228500	-7156.537000149985
1229000	-7223.5038278785605
1229500	-7250.291535055312
1230000	-7250.357850691196
1230500	-7250.357852974449
1231000	-7196.74924127946
1231500	-6949.317995831719
1232000	-7099.726685985661
1232500	-7228.004154918965
1233000	-7248.875239422005
1233500	-7139.343739364765
1234000	-7250.352076310068
1234500	-6400.050165845376
1235000	-6400.043616088776
1235500	-6400.0501689011335
1236000	-5243.148591723813
1236500	-5284.199642645038
1237000	-6006.732152669615
1237500	-5346.022001188511
1238000	-4973.344696188233
1238500	-5171.377108898282
1239000	-5473.987975847653
1239500	-5507.102798522748
1240000	-4851.67186931919
1240500	-5210.0268795540105
1241000	-5900.780956497468
1241500	-5867.103395041111
1242000	-6195.333240756724
1242500	-6676.821663417488
1243000	-6172.894186125458
1243500	-5500.724971861493
1244000	-4876.9577198204315
1244500	-5214.461819193304
1245000	-4980.747352212169
1245500	-5854.044811504828
1246000	-4952.49814673065
1246500	-4998.019885137632
1247000	-5476.8862644005785
1247500	-5104.394503178089
1248000	-4919.069727686096
1248500	-5319.453025402424
1249000	-5822.246871938013
1249500	-5321.872569795938
1250000	-5321.075398621278
1250500	-4971.564533816423
1251000	-5071.369936047158
1251500	-4819.57096567752
1252000	-5255.720320382471
1252500	-4987.173984948566
1253000	-5294.081609492806
1253500	-4892.301109242585
1254000	-5108.304447407732
1254500	-4588.522579123463
1255000	-4875.9187229876
1255500	-4471.628618418716
1256000	-4582.510302679328
1256500	-4553.371405527356
1257000	-5065.173487051451
1257500	-4526.034748301139
1258000	-4579.370642668902
1258500	-4437.295049672515
1259000	-4385.874854843201
1259500	-5242.523724660563
1260000	-5542.962086973683
1260500	-5238.712177583703
1261000	-5836.877716740377
1261500	-6091.95768784024
1262000	-5017.194699583785
1262500	-5268.721563221442
1263000	-5316.47769908983
1263500	-5939.968580442837
1264000	-5909.444467588443
1264500	-5700.690573265409
1265000	-5134.277347308778
1265500	-5050.3774916068205
1266000	-5382.449765972192
1266500	-4745.340758808767
1267000	-4689.686312509517
1267500	-4715.595954582472
1268000	-5008.256066444981
1268500	-4777.627928738388
1269000	-5055.2699276164785
1269500	-5066.425577861656
1270000	-5071.071422982639
1270500	-4704.259161718749
1271000	-5072.028290438067
1271500	-5283.08835882777
1272000	-5707.601675303521
1272500	-5113.641199962956
1273000	-4761.896982608105
1273500	-5121.102530847616
1274000	-5034.1996719237395
1274500	-5323.684995620855
1275000	-5614.217399273078
1275500	-4987.463705877127
1276000	-5412.380020175872
1276500	-5271.870032468637
1277000	-4996.279657585069
1277500	-5728.091156898273
1278000	-5872.983803458578
1278500	-5283.083268063152
1279000	-5305.471430795031
1279500	-5024.413685846776
1280000	-5005.497482825163
1280500	-4820.263346998315
1281000	-5323.201974113342
1281500	-5378.588091401707
1282000	-4623.042919446312
1282500	-5257.587713128083
1283000	-5417.188474016622
1283500	-5418.7789909124185
1284000	-5506.464816985421
1284500	-6391.645595466418
1285000	-5947.775748383904
1285500	-5938.0351184737
1286000	-5911.2718125317015
1286500	-6329.3078171724865
1287000	-5771.997555877893
1287500	-5498.357919216497
1288000	-5949.649253411114
1288500	-6355.354369838229
1289000	-5761.098461700868
1289500	-4803.175501566078
1290000	-4638.323310161819
1290500	-4633.944466073011
1291000	-4641.465001706186
1291500	-4845.749790955588
1292000	-4689.003720406302
1292500	-4904.439711197695
1293000	-4650.185155507165
1293500	-4485.4909440492365
1294000	-4759.333165336084
1294500	-4986.7309070863175
1295000	-5883.782290867152
1295500	-4776.118166144167
1296000	-4467.652908853979
1296500	-4774.46651010658
1297000	-4463.463142695155
1297500	-4214.950417999428
1298000	-4327.203088056088
1298500	-4336.0416011031
1299000	-4288.401631644047
1299500	-4199.3778738926
1300000	-4435.375713796688
1300500	-4287.48054523864
1301000	-4215.061361619125
1301500	-4031.3621033193276
1302000	-4612.715986556661
1302500	-5097.035234404022
1303000	-5200.476058515671
1303500	-4839.660156052815
1304000	-4786.745491450996
1304500	-4405.242130039247
1305000	-4590.364875489602
1305500	-4529.6604704825695
1306000	-4536.0783930516045
1306500	-4350.236636705424
1307000	-4356.580807816179
1307500	-4721.387669569712
1308000	-4426.352806085649
1308500	-5018.072618980276
1309000	-4742.950673628454
1309500	-4684.031878684563
1310000	-5555.91498278586
1310500	-4467.001975736424
1311000	-4358.487401894085
1311500	-4142.810419947055
1312000	-4520.413196540455
1312500	-4369.233147434053
1313000	-4510.167972559889
1313500	-4667.586793726447
1314000	-4481.909944601956
1314500	-4553.441827329498
1315000	-4922.295342341029
1315500	-4469.713623473924
1316000	-5158.569248914284
1316500	-4886.696010691411
1317000	-4582.638973057518
1317500	-4674.287445035557
1318000	-4700.571393964083
1318500	-4656.940520395475
1319000	-5038.977691756193
1319500	-4473.471229517458
1320000	-5388.437492468965
1320500	-5187.349159408481
1321000	-5281.110612192511
1321500	-5326.889031440313
1322000	-4788.573120947398
1322500	-4990.389048154055
1323000	-5143.126542286629
1323500	-4755.016563518982
1324000	-5471.103379462741
1324500	-5581.936825548243
1325000	-4499.584057212763
1325500	-4475.799604315486
1326000	-5068.108916451299
1326500	-5327.052564255514
1327000	-6123.2379836613445
1327500	-6908.050525821176
1328000	-5864.642102940612
1328500	-5632.003609117151
1329000	-6835.315803274806
1329500	-5932.25511320966
1330000	-5430.218598384271
1330500	-5507.132573219815
1331000	-5757.363778773852
1331500	-4999.850146550842
1332000	-5120.675458932286
1332500	-4899.634099658055
1333000	-4619.3069866228025
1333500	-4986.046818125175
1334000	-4820.930745393654
1334500	-4744.033833658025
1335000	-5426.197669265455
1335500	-4488.370849355764
1336000	-4631.8378713442235
1336500	-4586.991967003831
1337000	-4807.007919883222
1337500	-5298.8883109088
1338000	-4935.827320456437
1338500	-4627.520898925112
1339000	-5122.42527995612
1339500	-5027.069625605049
1340000	-4989.284255722749
1340500	-4997.326569462258
1341000	-5155.856621621731
1341500	-4760.479372894611
1342000	-4457.530473961086
1342500	-4963.706564793083
1343000	-4308.556234129394
1343500	-5015.887445169247
1344000	-4694.811232477776
1344500	-4415.108299231321
1345000	-4536.3462538803815
1345500	-4306.706471324512
1346000	-4841.481466602905
1346500	-5295.191875232714
1347000	-5253.8526488906455
1347500	-5992.9147233488275
1348000	-6015.251740432413
1348500	-5293.023718413645
1349000	-5021.690632970536
1349500	-4861.17229793405
1350000	-5205.392389154924
1350500	-5283.126254061169
1351000	-5382.015041185941
1351500	-4475.81135926628
1352000	-4364.123365333786
1352500	-4533.52514250744
1353000	-4593.183730847427
1353500	-4143.722170258414
1354000	-4162.664515832522
1354500	-5044.884687340212
1355000	-4822.608362824046
1355500	-5264.259075260076
1356000	-5303.469798814882
1356500	-4395.51908599785
1357000	-4695.91674444364
1357500	-4766.42211457907
1358000	-4904.510449090661
1358500	-4657.88038644036
1359000	-4250.04416217189
1359500	-4162.468536203887
1360000	-4301.901324904258
1360500	-4596.088481872233
1361000	-4735.043210332277
1361500	-5041.4032922010165
1362000	-5245.789614009664
1362500	-4916.419486668725
1363000	-5058.297353024878
1363500	-4951.380788018307
1364000	-4449.495353843435
1364500	-4609.0001249263005
1365000	-4596.017970016089
1365500	-4668.676074048832
1366000	-4858.865870907071
1366500	-4788.359026657973
1367000	-4488.903861588968
1367500	-4961.37148281653
1368000	-4525.094266355717
1368500	-4683.737495311553
1369000	-4527.0076410601705
1369500	-4612.852928943564
1370000	-4514.972913213698
1370500	-4696.780688656931
1371000	-4687.852216345908
1371500	-4730.380836508381
1372000	-4677.566636532589
1372500	-4355.973013382253
1373000	-4341.632547597963
1373500	-4787.559706173181
1374000	-4845.1679335519675
1374500	-5215.9220506016045
1375000	-4439.606551394228
1375500	-4667.608637371104
1376000	-5326.568134889995
1376500	-5441.527370877678
1377000	-6206.077479187752
1377500	-6105.6823832045675
1378000	-6263.754467561282
1378500	-4978.354193018553
1379000	-6370.845318108116
1379500	-6379.856954504218
1380000	-6365.55340299416
1380500	-6251.4380659296685
1381000	-6071.4978360885925
1381500	-6170.791790229093
1382000	-6201.161379155731
1382500	-6251.2574642254385
1383000	-4855.228665291621
1383500	-4717.026645792215
1384000	-4748.681927940407
1384500	-5014.733134102844
1385000	-5786.112042275837
1385500	-5048.923598258236
1386000	-4838.479495605052
1386500	-4430.754969806066
1387000	-4796.262903965144
1387500	-5226.558698070295
1388000	-5775.801880387947
1388500	-5153.9759212326
1389000	-5772.454244630043
1389500	-5060.163413680063
1390000	-5507.672956848014
1390500	-5396.840553187712
1391000	-5569.593189588933
1391500	-5114.785556575956
1392000	-4743.581397150562
1392500	-4514.768230562288
1393000	-4714.369830018332
1393500	-4916.151462069766
1394000	-5067.542733218257
1394500	-5053.858914503956
1395000	-5224.710543287231
1395500	-4787.349882650763
1396000	-5437.483864940697
1396500	-5362.809242453039
1397000	-6111.4761116741665
1397500	-5769.796368219808
1398000	-4779.483040517151
1398500	-5498.6132586722
1399000	-4914.356045030592
1399500	-5026.21001737649
1400000	-5439.526966729434
1400500	-4733.10753094257
1401000	-5756.125726851358
1401500	-6277.178295199156
1402000	-5824.60368518837
1402500	-6482.619142148146
1403000	-6983.620536069273
1403500	-6746.862306377704
1404000	-6168.748584032449
1404500	-5499.246726648964
1405000	-4715.457096744568
1405500	-5013.959091025841
1406000	-5547.047719164768
1406500	-4939.404197146124
1407000	-5919.282484497605
1407500	-4212.21482070859
1408000	-4705.985212149584
1408500	-5125.524570823562
1409000	-5302.553471053249
1409500	-5651.979497896616
1410000	-5175.1430044409
1410500	-5305.770810800687
1411000	-4451.201833953188
1411500	-4385.590741568075
1412000	-4551.722225081834
1412500	-4298.453177847657
1413000	-4394.154438300044
1413500	-4133.922892673545
1414000	-4277.913858689016
1414500	-5442.689006365373
1415000	-5305.585073611795
1415500	-6249.373051331074
1416000	-6444.271046268079
1416500	-6387.523506805514
1417000	-7074.028356723987
1417500	-6852.248725843557
1418000	-6987.806435294623
1418500	-6121.503385114471
1419000	-6027.697113213752
1419500	-6570.754169589126
1420000	-7299.454624530057
1420500	-7966.65710419309
1421000	-7991.202856838284
1421500	-8109.488367561036
1422000	-8108.467979030458
1422500	-7247.54363393345
1423000	-7348.631184173016
1423500	-7218.629175642598
1424000	-6946.702697951783
1424500	-6402.530106604543
1425000	-5782.2059015029445
1425500	-4938.147711388217
1426000	-5417.180077930768
1426500	-5030.128546793675
1427000	-6378.469361130332
1427500	-6639.97538476377
1428000	-5833.422525286709
1428500	-5605.188648398645
1429000	-6779.601441416311
1429500	-5719.770668300315
1430000	-5323.242850541102
1430500	-4631.906160694127
1431000	-4585.882106866486
1431500	-4499.232236815101
1432000	-4747.244832065128
1432500	-4526.472579832881
1433000	-4962.672536011775
1433500	-5449.075856171316
1434000	-5167.461979129175
1434500	-4702.449952394627
1435000	-5416.809951383931
1435500	-5056.666415316674
1436000	-4430.745921750261
1436500	-4534.403261095974
1437000	-4767.783759387577
1437500	-4640.615253272679
1438000	-5060.0983134598455
1438500	-5014.893191389417
1439000	-4362.749340282242
1439500	-4472.708082779597
1440000	-4461.1730712212875
1440500	-4267.265239564575
1441000	-4406.32887026176
1441500	-4701.589438267573
1442000	-4605.53106418509
1442500	-4477.236023336183
1443000	-4425.092327953514
1443500	-4721.197266719362
1444000	-4548.831010749525
1444500	-5496.4617579131045
1445000	-5078.461520179097
1445500	-5572.692092187978
1446000	-5649.76345937881
1446500	-6392.583710845396
1447000	-5896.677455741126
1447500	-4674.72636904157
1448000	-4714.205221506953
1448500	-5589.884306775045
1449000	-4773.0762818838575
1449500	-5208.739586242441
1450000	-4490.615792904921
1450500	-4581.022967348877
1451000	-4923.511384433135
1451500	-4988.586176040825
1452000	-4636.438016944902
1452500	-4632.017167843733
1453000	-5519.278348442464
1453500	-5050.456267055698
1454000	-4338.004832040853
1454500	-6142.48174177741
1455000	-4819.129808999216
1455500	-4911.087841257872
1456000	-4750.631664104181
1456500	-4751.10505686647
1457000	-4420.506525685481
1457500	-4589.17875573224
1458000	-4672.013667002675
1458500	-4818.587992516371
1459000	-4956.243888990993
1459500	-4774.237663059062
1460000	-4776.433369404376
1460500	-4691.224316586054
1461000	-4720.021629080025
1461500	-4470.914302336684
1462000	-5011.7669206727505
1462500	-4877.0132856327255
1463000	-4862.190764423134
1463500	-4537.961473962887
1464000	-4532.8325867473895
1464500	-4678.156983853702
1465000	-4855.161119430963
1465500	-4632.543310275665
1466000	-4811.659221884008
1466500	-4043.2105967460475
1467000	-4498.486520784518
1467500	-4483.8936707662715
1468000	-4299.211101874948
1468500	-4404.608621912365
1469000	-4713.81103258653
1469500	-4489.039246616526
1470000	-4198.194873045283
1470500	-4856.194767445859
1471000	-5153.8289945019305
1471500	-4728.161154626406
1472000	-4636.436637541683
1472500	-5087.719228835114
1473000	-5516.580710123927
1473500	-5889.07283672669
1474000	-6638.892430860283
1474500	-6428.834884485616
1475000	-6170.359664135543
1475500	-5844.765133192525
1476000	-4434.0060972383035
1476500	-4643.120584357785
1477000	-4862.534800329702
1477500	-5001.790763008041
1478000	-5306.229212834894
1478500	-5429.04523605292
1479000	-5221.346832372238
1479500	-5579.788511044772
1480000	-5358.59049756818
1480500	-5242.3422225127415
1481000	-5285.672916252553
1481500	-4618.339519226006
1482000	-4617.619125576944
1482500	-5013.930636881337
1483000	-4357.224914326216
1483500	-4344.748939836792
1484000	-4357.243168901639
1484500	-4425.193815949933
1485000	-4727.424364132693
1485500	-5018.428526373747
1486000	-4555.136192593059
1486500	-5859.920998543452
1487000	-4351.650165737698
1487500	-5056.441371385799
1488000	-5018.026824810703
1488500	-5198.555434780444
1489000	-5118.957195523535
1489500	-5160.5642983685875
1490000	-4552.869149234684
1490500	-4330.722523555796
1491000	-4078.6175068025254
1491500	-4986.271571907077
1492000	-4380.062721573488
1492500	-4340.26455721269
1493000	-4921.239686481044
1493500	-5867.432029856938
1494000	-5873.592461944004
1494500	-5273.880495316463
1495000	-5888.524242441176
1495500	-5762.095198412649
1496000	-5640.581009565568
1496500	-5463.63502243149
1497000	-5165.196663557642
1497500	-4827.435664368571
1498000	-4879.331074386044
1498500	-4796.207805072781
1499000	-5189.019031489814
1499500	-4704.679520678088
1500000	-5127.862046798935
