Sample	likelihood
0	-4265.364308541313
500	-4267.862096211519
1000	-4171.239794921099
1500	-4218.422079708219
2000	-4202.7554830308745
2500	-4194.836603559231
3000	-4270.754388512978
3500	-4188.806783128461
4000	-4176.055460922756
4500	-4196.229654878676
5000	-4188.562804545665
5500	-4197.295099112492
6000	-4105.224194775523
6500	-4238.054297827726
7000	-4236.187710579331
7500	-4256.345895311256
8000	-4225.777534134592
8500	-4176.806355166464
9000	-4245.7712966436
9500	-4157.467083518868
10000	-4151.537784098448
10500	-4152.047659019744
11000	-4152.047659019744
11500	-4212.111624893853
12000	-4239.685433208487
12500	-4314.941008686231
13000	-4185.56048697246
13500	-4225.069529030378
14000	-4118.705536877896
14500	-4216.153741047227
15000	-4155.087192702519
15500	-4136.272538708837
16000	-4167.801553190164
16500	-4110.707635786498
17000	-4164.923041121123
17500	-4161.101601214103
18000	-4132.676763086814
18500	-4180.419356231107
19000	-4192.083624302456
19500	-4083.700084344599
20000	-3987.76119439713
20500	-4315.769636918911
21000	-4299.907711611717
21500	-4095.565653067034
22000	-4213.436861303077
22500	-4049.5850274677086
23000	-4128.234852017802
23500	-4115.401653630643
24000	-4207.174820491918
24500	-4131.702812365689
25000	-4215.115029641687
25500	-4197.964654632868
26000	-4422.497213502514
26500	-4276.101621488425
27000	-4260.171902678233
27500	-4209.133397908505
28000	-4260.950963561494
28500	-4301.137731814894
29000	-4335.431889069116
29500	-4182.7525298657565
30000	-4309.481265394396
30500	-4264.095591785618
31000	-4230.380268570669
31500	-4328.166109434262
32000	-4396.70263097888
32500	-4530.776350003673
33000	-4325.624078698613
33500	-4401.281652706031
34000	-4180.899623475079
34500	-4272.771810709174
35000	-4266.779707604245
35500	-4289.029453629116
36000	-4188.664853758752
36500	-4237.508196427386
37000	-4308.627308712554
37500	-4310.173316751247
38000	-4167.206400057183
38500	-4199.196803906003
39000	-4111.183474573776
39500	-4376.98954442113
40000	-4223.186261762205
40500	-4184.579823379194
41000	-4214.732634673991
41500	-4223.18816342106
42000	-4193.953543752462
42500	-4348.35831591341
43000	-4129.326918214555
43500	-4125.30018471718
44000	-4183.846132652985
44500	-4324.373855908452
45000	-4214.938691491932
45500	-4186.035700067155
46000	-4171.452529472112
46500	-4200.8188171379725
47000	-4078.911299696979
47500	-4151.987897526803
48000	-4158.065682088257
48500	-4121.790854798401
49000	-4295.063797848866
49500	-4270.893752952458
50000	-4253.872146513844
50500	-4264.084864815212
51000	-4374.668937505491
51500	-4278.539196681782
52000	-4295.708182518604
52500	-4299.191486706069
53000	-4300.933545458017
53500	-4206.732319762732
54000	-4262.973474358279
54500	-4255.364923539774
55000	-4307.621889497694
55500	-4305.859755189166
56000	-4325.894481653467
56500	-4252.432642982476
57000	-4221.757961959945
57500	-4282.219002142507
58000	-4171.318197277168
58500	-4072.9291313153158
59000	-4063.359991364837
59500	-4079.2670905994846
60000	-4157.734111610583
60500	-4379.08037456475
61000	-4210.881129426727
61500	-4261.330626617676
62000	-4207.214453294783
62500	-4168.058355520768
63000	-4112.860650801847
63500	-4316.159401883297
64000	-4203.0719405871505
64500	-4248.467740478377
65000	-4408.171661509054
65500	-4298.1183616349745
66000	-4202.99441042355
66500	-4336.810436605419
67000	-4614.268584294045
67500	-4193.214024630577
68000	-4265.3540602630055
68500	-4202.558163001009
69000	-4125.265891343415
69500	-4162.205357650828
70000	-4170.40095134257
70500	-4194.701552352617
71000	-4209.0281737961095
71500	-4210.145280984971
72000	-4130.052930639575
72500	-4124.200449227033
73000	-4101.727336092216
73500	-4119.856450125323
74000	-4182.389796823804
74500	-4111.975149253861
75000	-4226.333856193517
75500	-4186.1706829117975
76000	-4034.31216803338
76500	-4223.294495953706
77000	-4339.989060310349
77500	-4139.4717542126655
78000	-4325.182183843853
78500	-4199.475914575183
79000	-4094.5358645856527
79500	-4240.8322137300875
80000	-4222.009128804361
80500	-4128.779220213787
81000	-4113.46399746902
81500	-4125.441914956963
82000	-3981.1409281977935
82500	-4061.8676024211313
83000	-4204.601365372487
83500	-4050.971716226224
84000	-4056.908396517749
84500	-4000.433575538376
85000	-3982.7755825872873
85500	-3960.8247404943413
86000	-3925.991242778776
86500	-4071.321548533212
87000	-4000.5993084996817
87500	-3990.9488185938458
88000	-4001.3455592622367
88500	-4250.363219813575
89000	-4146.245438871862
89500	-4143.125109164614
90000	-4045.45973130771
90500	-4163.988527038481
91000	-4100.184479296139
91500	-4279.32044896227
92000	-4076.678757493928
92500	-4182.8637655611265
93000	-4032.015935453279
93500	-4100.482525222711
94000	-4185.533232758729
94500	-4202.0332716311705
95000	-4120.756726150555
95500	-4174.351991716254
96000	-4111.660514701181
96500	-4124.007085088628
97000	-4113.123287634098
97500	-4218.396694801658
98000	-4093.899055840197
98500	-4364.809243755334
99000	-4282.018664185972
99500	-4181.617815583339
100000	-4171.3725266899555
100500	-4186.731759285559
101000	-4089.2828349162883
101500	-4248.927569522384
102000	-4218.952034479558
102500	-4272.083114881181
103000	-4225.274649584623
103500	-4129.010644344166
104000	-4230.269878359492
104500	-4221.669631797996
105000	-4314.012013284153
105500	-4336.859829146702
106000	-4156.147872589635
106500	-4070.5832361830985
107000	-4061.5261310950928
107500	-4287.6151362345245
108000	-4285.85033616221
108500	-4179.501051574168
109000	-4154.068034324577
109500	-4209.535484517667
110000	-4238.379955622433
110500	-4281.734789036712
111000	-4091.5282547445454
111500	-4234.123483505344
112000	-4195.142934340005
112500	-4149.930243769774
113000	-4081.0260842424245
113500	-4092.703540148046
114000	-3997.073958687309
114500	-4071.820323499627
115000	-4047.7821459403413
115500	-4105.876476763766
116000	-4148.045096711165
116500	-4081.731914182089
117000	-4146.256644305779
117500	-4046.8350790451022
118000	-4157.531796970202
118500	-4131.180573441051
119000	-4050.7635476307055
119500	-4143.5910391601965
120000	-4163.6210364219305
120500	-4071.154454581631
121000	-4237.211891971088
121500	-4176.668281282018
122000	-4141.4824892727565
122500	-4215.427886457396
123000	-4191.796358570706
123500	-4142.931816594534
124000	-4323.708449104657
124500	-4227.101432132657
125000	-4083.101831133737
125500	-4179.340366476525
126000	-4095.135037913359
126500	-4093.619180472549
127000	-4218.025109783791
127500	-4123.584632819407
128000	-4076.2887966254416
128500	-4255.154210330494
129000	-4235.445593270509
129500	-4289.865220232168
130000	-4129.5188500410595
130500	-4323.890502225392
131000	-4319.079731441519
131500	-4118.076304530153
132000	-4169.124298883786
132500	-4157.715835332461
133000	-4191.877820543
133500	-4218.284879840774
134000	-4196.292755489771
134500	-4297.283113994625
135000	-4009.023682048282
135500	-4170.769499153753
136000	-4250.503544244315
136500	-4161.556465553731
137000	-4238.883894784942
137500	-4278.563390602175
138000	-4278.229010049676
138500	-4290.449441137522
139000	-4176.242138365472
139500	-4240.158267488034
140000	-4147.558126249574
140500	-4191.263061944998
141000	-4119.394276357056
141500	-4177.0781746342345
142000	-4049.118467651632
142500	-3919.2435915227247
143000	-4029.2011330229743
143500	-4038.9038688620117
144000	-4007.715089382088
144500	-3973.8820257263715
145000	-4031.1933164527763
145500	-4158.58172240319
146000	-4052.9797121645247
146500	-4034.0241368914094
147000	-3894.622555171045
147500	-3947.086994168512
148000	-4096.230843583292
148500	-4003.3093727565297
149000	-3921.630665997561
149500	-4121.016032161505
150000	-3935.683542951645
150500	-3904.289276309786
151000	-4005.4438759679642
151500	-4012.70033244595
152000	-4108.375077114603
152500	-3965.224196121788
153000	-4078.844295931979
153500	-4124.788978435876
154000	-4090.204794120512
154500	-3995.477302478218
155000	-3876.4852203866913
155500	-4055.7112653140334
156000	-3889.2571244905007
156500	-4159.785529896481
157000	-3911.347045402601
157500	-3934.6419443334403
158000	-4043.38985074745
158500	-4002.848677357693
159000	-4018.6830548389585
159500	-4003.4788471060883
160000	-3910.3943385564867
160500	-4118.443426602737
161000	-3983.702737949636
161500	-4147.732409909023
162000	-3874.1657594837184
162500	-3925.3932374292094
163000	-3889.243736996434
163500	-4178.392527312103
164000	-4017.375586921174
164500	-4088.6801222541662
165000	-4006.010598194891
165500	-3941.1472226103997
166000	-4010.3805707127926
166500	-4120.70661229132
167000	-4153.828421688065
167500	-4139.648732726603
168000	-4046.692921261364
168500	-3946.0002479252435
169000	-4142.308561826003
169500	-4059.925754720128
170000	-3964.3859147788708
170500	-4037.531544908506
171000	-4068.1573495602292
171500	-4109.621781130464
172000	-4223.820027296791
172500	-4072.759388236974
173000	-4099.8277601763975
173500	-4135.2010137876905
174000	-4122.8197911879815
174500	-4135.097709602114
175000	-4240.230068975746
175500	-4098.380579790891
176000	-4171.791729257103
176500	-4307.529595540659
177000	-4384.263291356115
177500	-4237.899772097207
178000	-4292.101275320599
178500	-4143.896094196182
179000	-4055.391657697051
179500	-4158.984277571691
180000	-4192.838893704134
180500	-4265.735443773814
181000	-4172.454778980719
181500	-4133.111263185675
182000	-4238.355832585549
182500	-4170.611040240269
183000	-4289.348432277803
183500	-4121.040482889436
184000	-4207.654766593853
184500	-4135.7483201231635
185000	-4099.358554820971
185500	-4134.881523381309
186000	-4140.541988015229
186500	-4249.932443230078
187000	-4131.906601051678
187500	-4228.183258005204
188000	-4145.3396870716815
188500	-4183.087526463946
189000	-4272.328299750112
189500	-4294.435303279227
190000	-4100.053242534406
190500	-4248.1521393233315
191000	-4109.411735232986
191500	-4164.132032050783
192000	-4172.474078445837
192500	-4127.326736679929
193000	-4213.12403861568
193500	-4278.11746417749
194000	-4234.921191596726
194500	-4287.7568858462655
195000	-4314.199250737825
195500	-4204.665424322718
196000	-4222.225921355285
196500	-4257.019821800079
197000	-4251.015018209152
197500	-4296.902859050837
198000	-4270.053186164541
198500	-4298.3343903728755
199000	-4266.285881724984
199500	-4302.126175354675
200000	-4273.631422296691
200500	-4295.9641777296365
201000	-4331.512514301313
201500	-4277.157465331849
202000	-4326.307211914266
202500	-4224.778867265296
203000	-4128.216839075699
203500	-4180.747234708999
204000	-4145.0164592443725
204500	-4214.928394824589
205000	-4223.846080621782
205500	-4291.849196773761
206000	-4251.796680466656
206500	-4200.004011994711
207000	-4117.917795463213
207500	-4227.421842931833
208000	-4119.1747876946165
208500	-4146.324338125725
209000	-4214.0774174678045
209500	-4134.483882903932
210000	-4173.875746619246
210500	-4102.939276556176
211000	-4204.228398175239
211500	-4263.870051495143
212000	-4256.539686108415
212500	-4184.471422848842
213000	-4232.399543897337
213500	-4136.421063643453
214000	-4130.5796407504295
214500	-4242.180351062746
215000	-4202.291912128935
215500	-4205.080792318296
216000	-4236.721639059379
216500	-4170.091921745444
217000	-4177.315621233795
217500	-4183.39283463084
218000	-4220.830714458064
218500	-4231.254883473666
219000	-4129.883984253731
219500	-4130.939522688933
220000	-4200.775093020664
220500	-4213.25473633605
221000	-4201.327836232744
221500	-4188.335751474993
222000	-4196.143616316734
222500	-4096.514847058456
223000	-4218.991128202407
223500	-4188.174121994957
224000	-4074.2003440888266
224500	-4198.03128014693
225000	-4239.827790981697
225500	-4302.77907500852
226000	-4168.752013226787
226500	-4135.160557989722
227000	-4201.305962743507
227500	-4124.608870417995
228000	-4179.302214896964
228500	-4156.118425382405
229000	-4196.253124765815
229500	-4093.262454477945
230000	-4200.645785761486
230500	-4182.636815366111
231000	-4101.669079169512
231500	-4024.6660170060613
232000	-4071.9598658790737
232500	-4282.550166705735
233000	-4107.76700944334
233500	-4244.958403413286
234000	-4045.572969254698
234500	-4168.330486846609
235000	-4125.409969493338
235500	-4089.356677485438
236000	-4108.438346037605
236500	-3943.325918718446
237000	-4016.3985047946994
237500	-4122.451584687079
238000	-4003.6229799515545
238500	-4059.5922403371737
239000	-4053.62986531
239500	-4117.860175000323
240000	-4053.1581996057375
240500	-4116.850354915591
241000	-4056.3896692816215
241500	-4058.500411922027
242000	-3998.259828848281
242500	-4009.2724399632357
243000	-3977.559307962627
243500	-4038.761654781285
244000	-3915.1045973458195
244500	-4121.35169410208
245000	-3985.183467572528
245500	-3923.4374146099944
246000	-4055.6400026595484
246500	-4119.342550293428
247000	-4020.3636130974737
247500	-4015.5393818389603
248000	-3907.0595317842035
248500	-4149.114645092465
249000	-3993.5284377249195
249500	-4107.501106856616
250000	-3998.1260875019098
250500	-4029.5776764711627
251000	-4034.327461942778
251500	-4046.8668226528334
252000	-4094.444807961231
252500	-4137.797733599235
253000	-4221.6935872881995
253500	-4142.291209262098
254000	-4046.945443203263
254500	-4081.013728794435
255000	-4070.683007923555
255500	-4057.022780548603
256000	-4019.698011578139
256500	-4262.483671654783
257000	-4169.905349570675
257500	-4085.9899283693057
258000	-4059.9067788183465
258500	-4045.4078937765744
259000	-4007.76131618233
259500	-3950.3012469225546
260000	-4115.077543614174
260500	-4079.577139693793
261000	-4062.2260136790865
261500	-3979.470750280326
262000	-4057.807738701104
262500	-4031.773911306408
263000	-4025.5681736017336
263500	-3955.6318094197354
264000	-3950.5474674561324
264500	-3965.1586763246464
265000	-4017.2261731374697
265500	-4019.674772271646
266000	-4000.8822666094884
266500	-3942.6074108643406
267000	-4030.508706220357
267500	-3986.931521958259
268000	-3983.804944979239
268500	-4030.914665412085
269000	-4026.9158380964454
269500	-4130.445904858041
270000	-4221.91173195395
270500	-4057.9045897013543
271000	-4052.147564994196
271500	-4025.17561678533
272000	-4003.6548843396754
272500	-4077.974689144446
273000	-4127.373307195401
273500	-4094.5498963378836
274000	-4128.0852970549595
274500	-4073.1904776448496
275000	-4243.361637614939
275500	-4120.044129522015
276000	-4177.30774381687
276500	-4117.824958182267
277000	-4295.198001566634
277500	-4122.005470952061
278000	-4278.140885139834
278500	-4147.051455395218
279000	-4045.5152223379664
279500	-4097.677016833674
280000	-4024.160415989591
280500	-4114.500964346736
281000	-4128.783828838669
281500	-4110.610009484163
282000	-4090.3914781220274
282500	-3990.35022746128
283000	-4048.4420697490996
283500	-4087.4395621279355
284000	-3980.1372240341248
284500	-4110.778766385674
285000	-4077.746370182125
285500	-4037.9122341339767
286000	-4175.823573698938
286500	-4040.00008670977
287000	-4117.5381480252245
287500	-4127.028914884489
288000	-4086.6766251628565
288500	-4132.412578529322
289000	-4182.199438301254
289500	-4405.1203529765835
290000	-4333.02819810042
290500	-4207.7036482541525
291000	-4255.159863627299
291500	-4296.37410642482
292000	-4186.672757953696
292500	-4324.290529936267
293000	-4464.606528073515
293500	-4251.749395422596
294000	-4206.075151893603
294500	-4176.609664836936
295000	-4260.406440495803
295500	-4255.658525488609
296000	-4213.616559559385
296500	-4213.676257809007
297000	-4275.144066967608
297500	-4154.7997193129
298000	-4015.9188154457524
298500	-4219.7597976849165
299000	-4139.184383011111
299500	-4146.6883937509265
300000	-4123.457683409286
300500	-4082.6564110492286
301000	-4204.980809189494
301500	-4132.045053983296
302000	-4079.8999252199696
302500	-4232.585424290948
303000	-4173.783663417405
303500	-4031.0493031361825
304000	-4171.044054894074
304500	-3987.02882339464
305000	-4095.7427583408758
305500	-4065.002695633743
306000	-4173.056429659439
306500	-4277.491900610773
307000	-4182.1397576948275
307500	-4164.00926621047
308000	-4097.926464394293
308500	-4068.494488212731
309000	-4049.0911180869102
309500	-4073.5047156506407
310000	-3933.8004655483574
310500	-4083.437458808949
311000	-3999.241393425675
311500	-4051.0681844020187
312000	-4019.2935306352197
312500	-4023.670010577789
313000	-4012.3522433602448
313500	-4138.394582441752
314000	-4178.851787058949
314500	-4101.104686738698
315000	-4024.0787480868958
315500	-4096.932016383325
316000	-3944.1697195126753
316500	-4050.627530031601
317000	-4048.263108816443
317500	-4135.450307973158
318000	-4089.593347295934
318500	-4004.5765683614777
319000	-4067.82267191907
319500	-4070.311494994878
320000	-4108.7535866532
320500	-3996.1482065980776
321000	-4030.888104150006
321500	-4141.673897346747
322000	-4236.152045846262
322500	-4080.679411443288
323000	-4141.260786946043
323500	-4195.435989742923
324000	-4275.774468862803
324500	-4432.37459586451
325000	-4086.5352666039166
325500	-4142.264909713572
326000	-4155.482973472732
326500	-4251.96134387512
327000	-4226.691059682221
327500	-4155.583848682796
328000	-4162.000301068888
328500	-4081.7692522556677
329000	-4115.068938876333
329500	-4053.21217814355
330000	-4107.168948132234
330500	-4108.875636972016
331000	-4011.3790122300206
331500	-4108.372735406047
332000	-4013.6526292140215
332500	-4103.490404409369
333000	-4183.9823257306825
333500	-4097.29485295464
334000	-4167.105835481781
334500	-4136.568851698693
335000	-4225.9267582466755
335500	-4018.1149877642906
336000	-4096.397090138843
336500	-4156.534227109925
337000	-4257.608545407427
337500	-4034.175087820374
338000	-4134.305157441498
338500	-4202.06724956491
339000	-4201.893362689734
339500	-4303.010422887315
340000	-4264.881859782694
340500	-4188.026114089343
341000	-4199.788622570039
341500	-4388.928689731061
342000	-4301.867225966624
342500	-4242.892328321485
343000	-4195.909757387426
343500	-4264.9157553328905
344000	-4290.870129177016
344500	-4360.454712753122
345000	-4212.804607606087
345500	-4187.745947682217
346000	-4210.950175978373
346500	-4120.745389445324
347000	-4294.204622420295
347500	-4204.048342593271
348000	-4348.985383590335
348500	-4178.405129384204
349000	-4215.87902722532
349500	-4347.257206468736
350000	-4202.496803331384
350500	-4319.434670693129
351000	-4276.246331733149
351500	-4153.530326099474
352000	-4150.5038357913845
352500	-4184.0242203846765
353000	-4033.5305209117137
353500	-4291.285469475907
354000	-4206.434309295419
354500	-4399.412900607455
355000	-4114.080060594561
355500	-4181.023305732032
356000	-4223.970341846195
356500	-4132.744072411611
357000	-4002.0119420411334
357500	-4164.931800640243
358000	-4124.99905844393
358500	-4088.422616472576
359000	-4104.508863077669
359500	-4148.302699006859
360000	-4150.845079888233
360500	-4270.509377659
361000	-4270.360443595192
361500	-4262.481656511091
362000	-4143.751253031912
362500	-4315.512101350236
363000	-4224.135273986047
363500	-4308.300431601346
364000	-4221.265055493264
364500	-4225.670494719372
365000	-4271.009399957595
365500	-4084.6603268603003
366000	-4215.549889725858
366500	-4105.763469849207
367000	-4177.325364622721
367500	-4302.257925443219
368000	-4109.971336558347
368500	-4181.245378957897
369000	-4151.082421511608
369500	-4134.146915961383
370000	-4217.567717043416
370500	-4129.125717241877
371000	-4096.887468243172
371500	-4127.18110195165
372000	-4115.449047861207
372500	-4082.0391006685954
373000	-4060.438131757714
373500	-4062.511420043771
374000	-4009.919580499919
374500	-4059.017496743496
375000	-4170.101572665499
375500	-4106.305690742333
376000	-4199.5233321370715
376500	-4199.026462085727
377000	-4302.887445076003
377500	-4324.2743827333825
378000	-4289.711923741384
378500	-4223.3955922478335
379000	-4342.006030580929
379500	-4307.127087112484
380000	-4255.531641238526
380500	-4229.698889458028
381000	-4313.241181231311
381500	-4329.0677879766035
382000	-4407.5745565112165
382500	-4252.123204418831
383000	-4105.022254057132
383500	-4234.715297177339
384000	-4052.6695277410577
384500	-4128.922196806475
385000	-4049.0426128958284
385500	-4077.690399768394
386000	-4075.0492077221184
386500	-4105.140750089966
387000	-4107.600443503317
387500	-4268.651390434335
388000	-4371.936743155433
388500	-4226.671849093246
389000	-4210.2263346414165
389500	-4282.839628837403
390000	-4351.2559178943475
390500	-4276.8950271867625
391000	-4299.881611908647
391500	-4160.4756097456975
392000	-4226.718687499611
392500	-4186.602432283032
393000	-4188.93722796887
393500	-4164.511480218092
394000	-4219.554785805298
394500	-4238.480111408966
395000	-4119.302455001772
395500	-4143.638666994544
396000	-4067.891809691084
396500	-4206.500141688967
397000	-4169.767315784375
397500	-4194.813633400314
398000	-4279.479405793532
398500	-4239.2559078250615
399000	-4243.458880962766
399500	-4270.513893909566
400000	-4261.946196139863
400500	-4315.4174991416085
401000	-4175.906701548391
401500	-4189.435582939436
402000	-4049.4851696618352
402500	-3985.803222691828
403000	-4185.858333803558
403500	-4161.1932754762665
404000	-4132.018667443026
404500	-4313.319742846155
405000	-4153.382085518465
405500	-4077.305239001115
406000	-4175.182340367383
406500	-4009.5641648108312
407000	-3983.805076652642
407500	-4176.673747635927
408000	-4276.847640341315
408500	-4236.887883712818
409000	-4185.720155895794
409500	-4149.938779653869
410000	-4069.4510024840533
410500	-4081.9071136546754
411000	-4088.9155479611113
411500	-4199.573828669542
412000	-4121.529291471265
412500	-4092.844809710294
413000	-4110.590952657115
413500	-4124.659714423297
414000	-4052.023434936796
414500	-4248.926672307578
415000	-4004.003432272885
415500	-4023.1617215290134
416000	-4111.886485726578
416500	-4068.6918169882083
417000	-4143.828144854144
417500	-4050.493472416881
418000	-4068.208530594884
418500	-4051.2736461369486
419000	-4018.400514970251
419500	-4016.488860590427
420000	-4046.837681412751
420500	-4024.07841620725
421000	-4087.5501259828056
421500	-4177.023235894659
422000	-4020.3078174228103
422500	-4039.544160101306
423000	-4031.6004724442387
423500	-4090.964600236173
424000	-4103.535300910502
424500	-4093.300000859642
425000	-3973.7864402315945
425500	-4082.864647656925
426000	-4022.379255829918
426500	-4037.4308334952652
427000	-4057.483336390304
427500	-4029.4781407525543
428000	-4175.304576752631
428500	-4152.16888008004
429000	-4062.7744309523328
429500	-4036.4651002751757
430000	-4074.5106904124978
430500	-4031.5587365224483
431000	-4093.729488328682
431500	-4088.3998770362973
432000	-4043.096100116709
432500	-4042.9560819664916
433000	-4113.232900769249
433500	-4045.7738090105613
434000	-4159.951180070529
434500	-4130.728528893214
435000	-4065.362773833618
435500	-4071.7980322228887
436000	-4112.682333265032
436500	-4047.371353401158
437000	-4017.0500699005997
437500	-4011.4061948258604
438000	-4029.4378544707683
438500	-4153.929166913969
439000	-4017.750021062955
439500	-4024.7632285520594
440000	-4051.609939603415
440500	-4021.2155452286006
441000	-4055.308618007827
441500	-4146.447821248356
442000	-4053.2628318413426
442500	-4011.3859044616906
443000	-4155.199165868517
443500	-4184.370300347623
444000	-4145.82122150835
444500	-4183.536242523407
445000	-4211.327420426315
445500	-4079.1827107113745
446000	-4262.339363698474
446500	-4133.569777893411
447000	-4151.177016200727
447500	-4276.496166969777
448000	-4195.786616283979
448500	-4123.836632607442
449000	-4055.0932316393455
449500	-4244.017710932628
450000	-4105.7302137787
450500	-4201.22835331349
451000	-4155.586851747798
451500	-4127.004865959919
452000	-4066.399165100627
452500	-3999.1420433180388
453000	-3949.5896814730636
453500	-4103.795751734913
454000	-3998.6216558921506
454500	-4109.242410376884
455000	-4110.538614478763
455500	-4112.095823131957
456000	-4151.024800730741
456500	-4151.681839731456
457000	-4042.762515445994
457500	-4161.665615206081
458000	-3985.1010408651982
458500	-4038.5376203475944
459000	-4036.0524045638876
459500	-4288.399452938635
460000	-4140.627448858007
460500	-4244.012469387656
461000	-4202.674152209128
461500	-4092.37339640871
462000	-4077.0995138338285
462500	-4133.5196236581205
463000	-3952.9892810719007
463500	-4082.1207218741065
464000	-4037.7497825768723
464500	-4069.1159491981616
465000	-4194.670914712164
465500	-4062.2249332810807
466000	-4102.587220460286
466500	-4209.0289694594985
467000	-4212.714505704158
467500	-4323.826073188035
468000	-4362.176490060625
468500	-4116.735794256396
469000	-4215.137568283584
469500	-4168.1525678423695
470000	-4263.546853530627
470500	-4289.847112132524
471000	-4251.788174601653
471500	-4152.048224914197
472000	-4230.853039323034
472500	-4229.215753971394
473000	-4198.287814745917
473500	-4122.002577155335
474000	-4174.267620374089
474500	-4161.259949073121
475000	-4129.103739468488
475500	-4141.430315514108
476000	-4057.4911256314904
476500	-4171.791012306356
477000	-4133.241502142759
477500	-4179.670248323998
478000	-4213.489258456598
478500	-4168.1212727790935
479000	-4018.640472781525
479500	-4003.5253439955786
480000	-3991.6029103932824
480500	-4110.3199144743185
481000	-4161.517173646052
481500	-4124.309144328544
482000	-4054.7532104215725
482500	-4207.392910340035
483000	-4085.1092485301488
483500	-4275.131195878218
484000	-4234.830113519957
484500	-4111.5226774985285
485000	-4261.002309535451
485500	-4091.412847646187
486000	-4038.601790194715
486500	-4120.335738027836
487000	-4104.961826594253
487500	-4002.8516711229913
488000	-4035.227639526846
488500	-3947.6409031885246
489000	-4092.379253660108
489500	-4050.352770651809
490000	-4102.303619783538
490500	-3979.518056073683
491000	-4057.030453211722
491500	-3974.0838922356747
492000	-4016.921862260453
492500	-4044.054067825801
493000	-3998.8118050237135
493500	-4038.2081063201017
494000	-3994.5979164864243
494500	-4123.0801581496235
495000	-4059.1062114492493
495500	-4027.7608448001884
496000	-3962.414481692242
496500	-4017.6451633572096
497000	-3938.793878864146
497500	-4020.5328875772625
498000	-3987.8889245635323
498500	-4084.459692934423
499000	-4030.6773300047657
499500	-4029.052891941245
500000	-4073.6098601793124
500500	-4026.1518608174247
501000	-4032.699210128501
501500	-4018.587493614485
502000	-4115.356248052931
502500	-4056.255260462277
503000	-4145.932054478292
503500	-4352.184802632841
504000	-4287.443877024352
504500	-4432.090304769048
505000	-4214.223286439126
505500	-4255.595680639599
506000	-4152.427594564319
506500	-4216.329054509776
507000	-4206.957778647957
507500	-4317.24182855367
508000	-4187.89171064623
508500	-4088.180140207395
509000	-4052.9851975021306
509500	-4102.9928378427985
510000	-4115.287144619751
510500	-4160.834797070646
511000	-4187.126673546321
511500	-4165.221715779889
512000	-4145.7778529508305
512500	-4405.0914429770855
513000	-4302.048339439305
513500	-4395.528304357514
514000	-4002.0111945138146
514500	-4064.668203698028
515000	-4118.245495646351
515500	-3993.1526158061924
516000	-3958.970406552115
516500	-3994.5248893534254
517000	-3966.1518853345483
517500	-4172.674101000802
518000	-4125.795143369025
518500	-4104.12040711759
519000	-4142.070605179499
519500	-4023.399809846535
520000	-4193.176297013299
520500	-4081.8201350741397
521000	-3972.5791313647605
521500	-4063.171850060843
522000	-4193.015468997825
522500	-4058.556530171071
523000	-4179.925802225286
523500	-4219.8265612018595
524000	-4189.13400498978
524500	-4028.287594924077
525000	-4042.069813161842
525500	-4073.181913821104
526000	-4144.720259348828
526500	-4052.5799646315327
527000	-4118.473129464401
527500	-4285.537400026695
528000	-4216.608116148357
528500	-4283.094104225058
529000	-4218.109031429309
529500	-4067.0268962294426
530000	-4020.576861285017
530500	-3917.574705601295
531000	-3997.8237938172488
531500	-3991.200628330231
532000	-4097.887131883549
532500	-4200.919022827984
533000	-4095.95489833398
533500	-4197.03601512865
534000	-3860.81643756465
534500	-3953.3547160631674
535000	-4104.460798363996
535500	-4023.31913927596
536000	-3927.0177206477333
536500	-4004.346281226409
537000	-4012.5152645759313
537500	-3885.285498929068
538000	-3966.599886881431
538500	-3900.917103381541
539000	-3950.1691355448224
539500	-4081.635875941258
540000	-4011.3181146839047
540500	-4214.073476543248
541000	-4083.001632688897
541500	-3856.2946166633214
542000	-3878.7861262708443
542500	-3908.1157551410024
543000	-4070.273041966279
543500	-4220.845503909366
544000	-4031.7679699818673
544500	-3973.0002293482603
545000	-4025.041633396745
545500	-3910.157686427001
546000	-3865.389212275119
546500	-3880.6349547064306
547000	-4127.152229161353
547500	-4183.17833737608
548000	-3948.12636656938
548500	-3938.6607938754323
549000	-4021.124135165307
549500	-3966.7829277632213
550000	-3964.9656820078085
550500	-4033.515793206075
551000	-4221.565901799664
551500	-4178.872507388023
552000	-4117.751714869685
552500	-4182.6006220588
553000	-4016.0669381750317
553500	-4037.8441372962907
554000	-3986.7324600526913
554500	-3977.243966754476
555000	-4005.1875952977457
555500	-4080.167860687096
556000	-4043.506727643148
556500	-3959.326771462671
557000	-4006.1478759260526
557500	-4057.807988230002
558000	-4024.9399842985
558500	-4152.807708414366
559000	-4279.335501522031
559500	-4226.549731294733
560000	-4206.248492112775
560500	-4181.426652615006
561000	-4379.02121487824
561500	-4121.475365788938
562000	-4158.789724823919
562500	-4065.538748013401
563000	-3986.234567077008
563500	-4165.991903896014
564000	-3965.042957285231
564500	-3999.71747126618
565000	-4044.173649415991
565500	-4019.56612451605
566000	-3871.718227210505
566500	-3921.2723420210905
567000	-4096.748633092294
567500	-3773.4924375464702
568000	-4047.206541573052
568500	-4113.9536581462335
569000	-3929.488167623671
569500	-3997.366026279807
570000	-3856.7984065831997
570500	-3990.56986079865
571000	-3964.182689239479
571500	-3984.4770309274977
572000	-3914.7155924366734
572500	-3806.701913011667
573000	-3879.183395496786
573500	-4063.5023836279584
574000	-3914.416988430578
574500	-4036.2353750514594
575000	-3900.8599600028015
575500	-4028.3203369667604
576000	-4125.639947293845
576500	-3981.5648508329778
577000	-4012.1907129415977
577500	-4086.436676309722
578000	-4108.095952442982
578500	-4200.184286122927
579000	-4007.4138214278887
579500	-3956.8470719112934
580000	-4076.4369644014473
580500	-4137.46287117902
581000	-4102.717433650715
581500	-4217.142268327559
582000	-4116.933738018634
582500	-4172.437041947843
583000	-4306.146787240533
583500	-4233.666382629759
584000	-4133.591372462732
584500	-4078.670255122345
585000	-4077.632307474107
585500	-4104.708130780783
586000	-4220.138034992959
586500	-4285.742687975636
587000	-4500.8522305259385
587500	-4215.392780622052
588000	-4200.399419710272
588500	-4245.681981631244
589000	-4333.926208280088
589500	-4225.048573062211
590000	-4242.6279592363535
590500	-4461.8416211681115
591000	-4391.97789697436
591500	-4270.193681592484
592000	-4221.784499900835
592500	-4122.929551318209
593000	-4327.055853985592
593500	-4153.872841031846
594000	-3960.3918668607535
594500	-4120.866732889607
595000	-4099.32840401396
595500	-4217.475040066195
596000	-3974.4722598902686
596500	-3958.8771712224243
597000	-3995.842556396239
597500	-3856.975226786122
598000	-4022.416839951877
598500	-4049.247088974383
599000	-4220.011844810538
599500	-4028.805634021655
600000	-4123.609001172295
600500	-4168.754328667536
601000	-4257.420455835728
601500	-4041.2865872319485
602000	-4217.101244610932
602500	-4167.573878745265
603000	-4134.7941971714945
603500	-4162.458844953069
604000	-4320.127224223754
604500	-4255.985523505131
605000	-4439.46835087577
605500	-4166.325416974545
606000	-4324.701068323465
606500	-4330.654578899113
607000	-4469.771755607134
607500	-4124.5775277274515
608000	-4004.6986311728297
608500	-4112.144848977765
609000	-4097.648803406906
609500	-4184.1496190847265
610000	-4111.489343903652
610500	-4097.814953143616
611000	-4032.201504338859
611500	-4133.669901615487
612000	-4157.487863451236
612500	-4390.7634443248
613000	-4193.190604613829
613500	-4150.8672844588045
614000	-4159.304779577198
614500	-4232.2330076904445
615000	-4193.023987969067
615500	-4143.795379495578
616000	-4229.714456305507
616500	-4103.980646415862
617000	-4224.320489440371
617500	-4189.010650619835
618000	-4186.852655608886
618500	-4288.751198474551
619000	-4076.9516235206324
619500	-4213.416680856289
620000	-4223.139413275643
620500	-4403.67598906098
621000	-4124.066941058389
621500	-4312.584090757935
622000	-4252.063720527152
622500	-4072.591812355645
623000	-4134.432806907893
623500	-3967.9897948264925
624000	-3921.7599175352134
624500	-3980.834736859453
625000	-4062.763065284544
625500	-3950.1159907897536
626000	-4063.736346265727
626500	-4136.0385749232755
627000	-4052.186141435334
627500	-4064.3805673928346
628000	-4012.0469157847306
628500	-4202.17671653175
629000	-4068.268091707614
629500	-3987.796613770286
630000	-3865.1018507333574
630500	-4069.455419919427
631000	-4056.7648507042327
631500	-3842.0460400889324
632000	-3878.4288920861786
632500	-3981.1873918818446
633000	-4028.332388680169
633500	-4018.0824893738686
634000	-3982.7451431413065
634500	-3943.5490069647094
635000	-4102.960311400663
635500	-4172.615187517372
636000	-3797.5361100098794
636500	-3905.1965942236366
637000	-4172.287115765408
637500	-3962.140896894887
638000	-4018.6302525496567
638500	-3929.53932933846
639000	-3832.061250967313
639500	-3861.463137733348
640000	-3926.5982135134445
640500	-3961.5380982376882
641000	-4131.320126322177
641500	-4006.942624290415
642000	-4014.7511592699143
642500	-4212.66946343717
643000	-4218.949040497063
643500	-4101.7363560623035
644000	-4250.752646377421
644500	-4122.906051241757
645000	-4146.680890686772
645500	-4405.648729901901
646000	-4532.050562639131
646500	-4399.218846524669
647000	-4450.23775693963
647500	-4416.962631001699
648000	-4512.857611492133
648500	-4352.9100907994925
649000	-4476.321007382658
649500	-4387.898576302988
650000	-4435.696299118816
650500	-4298.980813941048
651000	-4382.580812246788
651500	-4494.742367703802
652000	-4332.089422854744
652500	-4235.362083795677
653000	-4318.53825560544
653500	-4310.254298185228
654000	-4360.2535717318915
654500	-4394.768877196432
655000	-4274.544405251624
655500	-4251.423872711048
656000	-4379.598129091608
656500	-4417.502180045494
657000	-4234.741262122904
657500	-4153.791739758477
658000	-4206.265351675428
658500	-4249.359710184761
659000	-4216.499288201957
659500	-4338.493120915436
660000	-4178.581622640435
660500	-4330.502604283114
661000	-4129.485828332244
661500	-4318.75068302792
662000	-4315.796315713117
662500	-4336.671060175868
663000	-4265.733131631583
663500	-4390.392109038491
664000	-4318.861003954701
664500	-4180.566170093956
665000	-4299.108483899393
665500	-4182.967230801032
666000	-4086.3350376203184
666500	-4059.1191618369985
667000	-4017.7781270409732
667500	-4066.005876545709
668000	-4204.233997973839
668500	-4171.258541509404
669000	-4077.80966789697
669500	-4259.211092846789
670000	-4376.961486729055
670500	-4170.868350566271
671000	-4203.494217636432
671500	-4348.494943420199
672000	-4346.047445468797
672500	-4142.435768936406
673000	-4048.934385660478
673500	-3997.791136138458
674000	-4142.004716552946
674500	-4232.429946101798
675000	-4370.2980122113
675500	-4078.8822127703597
676000	-4100.953992420716
676500	-4120.700522995706
677000	-4157.648196350414
677500	-4320.966457538818
678000	-4259.1351915942605
678500	-4262.57430371678
679000	-4349.873797806915
679500	-4032.1946198131677
680000	-4027.6636285590903
680500	-4067.2499757578266
681000	-3976.532427155012
681500	-4256.020213634519
682000	-4055.087403595808
682500	-4044.6924357264847
683000	-4057.7398041698157
683500	-4094.3929416447695
684000	-4310.704179962167
684500	-4303.6359994505965
685000	-4304.919954467089
685500	-4185.627434043937
686000	-4275.804248708499
686500	-4267.03241263496
687000	-4237.123920541334
687500	-4265.591485401962
688000	-4254.548058753304
688500	-4367.018792187532
689000	-4200.389492623249
689500	-4260.07489877855
690000	-4278.688159405861
690500	-4254.679420847335
691000	-4150.971607174666
691500	-4199.122589263093
692000	-4322.702391409341
692500	-4146.635646814315
693000	-4179.034416584286
693500	-4308.351899278587
694000	-4117.138183445537
694500	-4158.705951594292
695000	-4240.900180090724
695500	-4249.617913156317
696000	-4234.955218559907
696500	-4187.553139074546
697000	-4233.419318777121
697500	-4282.410987550077
698000	-4316.816360298967
698500	-4271.268443394346
699000	-4205.551326669277
699500	-4259.500730738441
700000	-4115.688114150867
700500	-4152.102282450532
701000	-3952.351717921459
701500	-3979.5813987640836
702000	-4055.890066855497
702500	-4088.90029818267
703000	-4050.2787243722287
703500	-4179.776387048635
704000	-3999.9477301416473
704500	-4026.5315873268974
705000	-4098.8240713115
705500	-4298.586597541197
706000	-4083.9231697746973
706500	-4164.8563273720665
707000	-4233.5633826298645
707500	-4228.139665709993
708000	-4233.637043419878
708500	-4233.070782791411
709000	-4234.688766500813
709500	-4261.617158188662
710000	-4351.026965044618
710500	-4191.068381947459
711000	-4232.511946766219
711500	-4626.509444238605
712000	-4413.924320519176
712500	-4292.045152848372
713000	-4165.788130080088
713500	-4157.090773747493
714000	-4293.570038537286
714500	-3921.178110100453
715000	-4133.395582016969
715500	-4031.080181012883
716000	-4068.7223323078506
716500	-4197.112249095338
717000	-4330.705443224536
717500	-4334.066427281763
718000	-4128.281641957446
718500	-4134.319072206656
719000	-4166.288495055256
719500	-4043.3269942668367
720000	-4109.953842244467
720500	-4338.483884751924
721000	-4186.470265788321
721500	-4149.095216942144
722000	-4148.074470420879
722500	-4164.425224321752
723000	-4198.011018336075
723500	-4278.81163111213
724000	-4388.6770144594675
724500	-4406.377342424281
725000	-4189.975915173947
725500	-4150.368470738089
726000	-4161.497838798019
726500	-4098.65641079087
727000	-4319.673726011858
727500	-4148.078386028637
728000	-4245.621238903995
728500	-4114.304372823579
729000	-4478.223811316406
729500	-4187.640881603466
730000	-4311.274942926692
730500	-4259.881209913782
731000	-4141.617177913492
731500	-4203.415146890943
732000	-4050.2493827204894
732500	-4146.301831306328
733000	-4241.853989524451
733500	-4131.609003125006
734000	-4052.8420641230373
734500	-4166.844243104286
735000	-4294.319081868793
735500	-4090.2136232994967
736000	-4138.0570074449915
736500	-4287.19371701202
737000	-4148.119397644951
737500	-4267.652262787992
738000	-4352.319624331487
738500	-4206.612553419737
739000	-4298.813457723281
739500	-4079.7962065579813
740000	-4058.209761331232
740500	-4073.1409597279835
741000	-4214.087411394657
741500	-4129.475978829091
742000	-4070.23951651427
742500	-3993.015000822739
743000	-3988.925035237508
743500	-4191.550040408868
744000	-4088.890941027826
744500	-4155.445325796062
745000	-4109.394081959165
745500	-4154.035676251791
746000	-4178.368647293897
746500	-3970.1343558720364
747000	-4060.419734256131
747500	-4084.7143201856343
748000	-3935.385681520675
748500	-4165.798473951337
749000	-4075.623983271655
749500	-4124.896858210836
750000	-4180.166084426217
750500	-4135.734769001797
751000	-4023.5924492062663
751500	-4184.565235910244
752000	-4075.320698112282
752500	-4084.032313686949
753000	-4208.304419757716
753500	-4110.526069616093
754000	-4167.724234853908
754500	-4230.45043525179
755000	-4160.235254339853
755500	-4091.8715489054393
756000	-4117.242763287896
756500	-4062.178146649543
757000	-4418.507863395724
757500	-4273.856236412893
758000	-4460.577206464543
758500	-4319.004208322164
759000	-4173.65954567489
759500	-4116.302464975998
760000	-4251.374788214069
760500	-4300.610436640401
761000	-4359.704391740606
761500	-4303.199190978909
762000	-4295.960550972229
762500	-4278.990652746545
763000	-4266.826054762787
763500	-4209.537076430633
764000	-4219.201472438738
764500	-4241.016534519139
765000	-4622.834704977583
765500	-4390.251954852045
766000	-4039.1790141962997
766500	-4109.065741509799
767000	-4155.586431805268
767500	-4087.334550121923
768000	-4070.4723538469543
768500	-4120.850419773148
769000	-4063.809231862894
769500	-4154.431073847546
770000	-3959.873284696726
770500	-4028.1671458259048
771000	-4181.3947353358535
771500	-4177.969493615651
772000	-4253.294547519192
772500	-4133.212199631714
773000	-4078.2563549453625
773500	-4123.622336043484
774000	-4207.722600659913
774500	-4049.848021958211
775000	-4225.061145884256
775500	-4200.510838164141
776000	-4154.238774928397
776500	-4058.161278002404
777000	-4234.291626772503
777500	-3984.840690442662
778000	-4189.838551622235
778500	-4187.045082472169
779000	-4075.6379593516963
779500	-4106.375215896184
780000	-4178.063898616016
780500	-4215.204098032078
781000	-4333.317213510209
781500	-4255.635583085076
782000	-4229.1983062200425
782500	-4201.687404921765
783000	-4141.06406651233
783500	-4096.495314066314
784000	-4333.636701698164
784500	-4025.724606797664
785000	-4122.1292241265255
785500	-4119.592725002851
786000	-4121.34417469983
786500	-4136.47709394604
787000	-4178.521972977127
787500	-4263.776351465159
788000	-4041.41057331459
788500	-4271.645825147619
789000	-4151.9322524427025
789500	-4120.333000739674
790000	-4121.56948384971
790500	-4398.409369405014
791000	-4179.775552406406
791500	-4110.977923113504
792000	-4153.4827782153625
792500	-4214.7740002388555
793000	-4035.117613234627
793500	-4102.329311769514
794000	-4097.870441165684
794500	-4010.851314133498
795000	-4013.6860833956425
795500	-3957.8565929463925
796000	-4060.4658027015644
796500	-3991.405368657319
797000	-4074.3678048881907
797500	-4075.248619922552
798000	-4110.82173507531
798500	-4086.492807287371
799000	-4008.492691762165
799500	-3984.428135409124
800000	-4056.7296533159424
800500	-4034.281091121332
801000	-4012.830347030413
801500	-3840.0483712286477
802000	-4068.174978490934
802500	-4010.0186724769387
803000	-4030.5641619620405
803500	-3967.523587107306
804000	-4082.5496393848607
804500	-4076.079056926013
805000	-4263.54759111402
805500	-4107.879724244537
806000	-4097.866087914214
806500	-4113.558045078213
807000	-4216.078791933201
807500	-4197.940332214052
808000	-4172.597862141434
808500	-4117.995947803874
809000	-4162.775323118795
809500	-4144.403006571981
810000	-4044.3393336225777
810500	-4131.0986102853685
811000	-4099.286088222259
811500	-4195.924842727378
812000	-4071.7564067174453
812500	-3921.6844859635553
813000	-4198.766874625874
813500	-4063.952423139918
814000	-4060.350340482201
814500	-3921.2873970448913
815000	-4204.573799973375
815500	-3961.4120635052495
816000	-4068.559767120187
816500	-4210.178041573526
817000	-4167.014012455071
817500	-4114.598877823401
818000	-4180.211647747952
818500	-4205.121127476201
819000	-4298.251192599337
819500	-4204.237209446733
820000	-4373.613513432778
820500	-4193.944445990262
821000	-4213.4432800982695
821500	-4172.027550364191
822000	-4179.941969208535
822500	-4344.695705270477
823000	-4200.905815949304
823500	-4288.020672336473
824000	-4310.666735741613
824500	-4343.8732920619805
825000	-4295.518091458481
825500	-4097.86316241321
826000	-4107.561644117649
826500	-4087.5524793624
827000	-4112.789063271105
827500	-4096.796002774053
828000	-4112.13208269676
828500	-4093.057254009203
829000	-4181.74223039422
829500	-4262.524163074407
830000	-4339.1342607928755
830500	-4230.728094090682
831000	-4172.24190914876
831500	-4199.396476651701
832000	-4222.6896452887495
832500	-4194.909617916634
833000	-4237.071612759388
833500	-4241.053304712655
834000	-4099.637600671161
834500	-4245.273761787106
835000	-4218.666626284759
835500	-4235.466796467677
836000	-4210.966283467266
836500	-4281.832609321922
837000	-4187.010398949065
837500	-3981.748360837742
838000	-4015.8208589318588
838500	-4205.392045594963
839000	-4058.986941995638
839500	-4325.817024381153
840000	-4086.185578462022
840500	-4304.524272038976
841000	-4129.128398386354
841500	-4184.60944793423
842000	-4115.549855522674
842500	-4216.294551155228
843000	-4106.400196972618
843500	-4311.195118952871
844000	-4300.032189817612
844500	-4109.622542325196
845000	-4076.780033342274
845500	-4248.027502824407
846000	-4118.91991533949
846500	-4146.25457295603
847000	-4089.351932636978
847500	-4283.83271532817
848000	-4239.095109820916
848500	-4260.733425428174
849000	-4334.366067117744
849500	-4099.923730449367
850000	-4086.8197887337287
850500	-4052.751219601919
851000	-4163.7872540755325
851500	-4328.748703527599
852000	-4048.126518016461
852500	-4183.9763635080435
853000	-4350.339494129266
853500	-4168.279020405348
854000	-4233.8467468355675
854500	-4129.963291179662
855000	-4130.243113282122
855500	-4251.207426535867
856000	-4255.801276502254
856500	-4308.962805791495
857000	-4258.326241275827
857500	-4477.51542946659
858000	-4354.546886907724
858500	-4180.0625193261885
859000	-4094.441805181345
859500	-4088.722307335851
860000	-4039.089972662326
860500	-4127.23620934313
861000	-4071.368680985113
861500	-4271.110080004007
862000	-4229.414042689993
862500	-4315.985848339216
863000	-4289.026456447765
863500	-4196.352729265997
864000	-4292.138347438683
864500	-4318.608799770395
865000	-4337.4327840887845
865500	-4163.636767245349
866000	-4223.666789182803
866500	-4115.509411201564
867000	-4118.45136754681
867500	-4194.08648555231
868000	-4190.522327045061
868500	-4046.843907497845
869000	-4181.114047408603
869500	-4263.668497701643
870000	-4350.538310898166
870500	-4275.538358641719
871000	-4575.1946180993855
871500	-4311.887082277647
872000	-4379.0877035185895
872500	-4315.920050922052
873000	-4343.764482470811
873500	-4343.249540587462
874000	-4238.865582539284
874500	-4250.420813548052
875000	-4146.629224882107
875500	-4031.645033703175
876000	-4054.886133172235
876500	-3870.9609381257965
877000	-4081.805235146314
877500	-4059.1710265167944
878000	-4088.200521907433
878500	-4040.7076411979174
879000	-4089.1592158637086
879500	-4104.844605673158
880000	-4125.757211432743
880500	-4226.809659687167
881000	-4092.1515402276345
881500	-4103.136705877804
882000	-4042.0416847946967
882500	-4172.342880555329
883000	-4047.158374010279
883500	-3922.21930798382
884000	-4021.4145629656387
884500	-4059.059553641587
885000	-4091.631300323505
885500	-4043.522069843897
886000	-4090.7201359995506
886500	-4149.238006382617
887000	-4095.81108413913
887500	-4041.095167779766
888000	-4160.448485955553
888500	-4004.76907063211
889000	-4287.849624777458
889500	-3990.411109218198
890000	-3998.800119689548
890500	-4069.250502787159
891000	-4003.838960927511
891500	-4100.959185568241
892000	-4291.178255266562
892500	-4270.231517914022
893000	-4231.785858321722
893500	-4142.150501198631
894000	-4128.509326862079
894500	-4313.696930564874
895000	-4359.474838363042
895500	-4266.518215394411
896000	-4237.062623499797
896500	-4230.221199980961
897000	-4276.799814385612
897500	-4450.610760882232
898000	-4442.117494387792
898500	-4621.654358534596
899000	-4666.171930408815
899500	-4379.130995336756
900000	-4480.860844110935
900500	-4390.47295409412
901000	-4363.830603796843
901500	-4480.7509027321885
902000	-4308.486544826236
902500	-4179.080029351156
903000	-4225.773110968808
903500	-4278.4916567786995
904000	-4355.552226740579
904500	-4326.0878092775365
905000	-4381.895138674866
905500	-4581.1860650999715
906000	-4352.328838763497
906500	-4155.645787622222
907000	-4233.370929332835
907500	-4440.49330669036
908000	-4365.320149610576
908500	-4207.249480083773
909000	-4239.557728261552
909500	-4206.9360186958675
910000	-4215.054209519012
910500	-4322.26098931527
911000	-4312.862368412525
911500	-4107.971718271269
912000	-4418.122881450484
912500	-4344.502747009162
913000	-4305.339294990819
913500	-4262.913350213585
914000	-4311.387335029668
914500	-4324.28620394351
915000	-4254.638118229225
915500	-4027.3390824110943
916000	-4030.5551085198085
916500	-4233.13148107313
917000	-4242.409075211092
917500	-4116.307798924909
918000	-4234.3577893723705
918500	-4153.719157947453
919000	-4120.901059499038
919500	-4222.700924564258
920000	-4153.052122885031
920500	-4106.8251809118165
921000	-4012.58952704316
921500	-4000.3385063789333
922000	-4152.829214737171
922500	-4222.916374144155
923000	-4242.487121630114
923500	-4119.541428692532
924000	-4338.83639580762
924500	-4230.850163096512
925000	-4144.10066652783
925500	-4034.9818925450304
926000	-4057.6234045015176
926500	-4074.986622449141
927000	-4095.185419748834
927500	-4142.188727287936
928000	-4217.474189058301
928500	-4189.553553356799
929000	-4117.580468317778
929500	-4348.694975878192
930000	-4190.0771700177065
930500	-4313.78634580906
931000	-4113.32483328199
931500	-4191.26493026407
932000	-4315.8733609801375
932500	-4142.102335303555
933000	-4300.116492371014
933500	-4088.886115083094
934000	-4252.024887779356
934500	-4074.467647248741
935000	-4070.572816507893
935500	-4184.361577901752
936000	-3961.7411707118845
936500	-4185.573280287113
937000	-4162.751866767931
937500	-4119.862704999555
938000	-4237.546760621213
938500	-4240.254078612247
939000	-4186.020115725775
939500	-4199.699126156562
940000	-4218.515923471965
940500	-4049.607887635454
941000	-4260.193085516385
941500	-4086.559529676606
942000	-4104.4306762408005
942500	-4090.0294758398104
943000	-3989.270574377887
943500	-4238.247362353707
944000	-4162.7071129247
944500	-4021.3394881169097
945000	-4015.058456439431
945500	-4159.7070968130865
946000	-4425.30051218603
946500	-4241.948260995366
947000	-4379.719779743473
947500	-4278.759712488055
948000	-4181.241755925454
948500	-4052.7858129396413
949000	-4314.2289099550235
949500	-4183.35381639715
950000	-4269.500477526723
950500	-4101.5087149123465
951000	-4265.653542404101
951500	-4392.619397898068
952000	-4285.787464266863
952500	-4287.355879819087
953000	-4201.855091638866
953500	-4214.818596233343
954000	-4262.173547167946
954500	-4152.534780096267
955000	-3998.34864301747
955500	-4015.6416423982155
956000	-4181.225699380734
956500	-4190.17843024811
957000	-4187.755749549519
957500	-4138.893202382701
958000	-4137.43274186331
958500	-4206.868605820366
959000	-4016.323392366014
959500	-4189.8197526947415
960000	-4114.541591179909
960500	-4113.850232266092
961000	-4253.269959554736
961500	-4222.406207445816
962000	-4284.421852665255
962500	-4354.962524334144
963000	-4218.008504446629
963500	-4170.689823055665
964000	-4375.178463121327
964500	-4268.138813703551
965000	-4200.878127158547
965500	-4292.904513096203
966000	-4347.136033312866
966500	-4160.425715801055
967000	-4196.632518114607
967500	-4041.684781373747
968000	-4109.481009002497
968500	-4180.544215013737
969000	-4186.3100061395835
969500	-4153.808150334838
970000	-4178.01825881545
970500	-4132.012041836849
971000	-4118.840168700735
971500	-4093.1514828333507
972000	-4213.8556005694245
972500	-3943.1001934400556
973000	-4162.732620487451
973500	-4278.309685077967
974000	-4162.125878742777
974500	-4274.961421762759
975000	-4150.555370988887
975500	-4038.617460208313
976000	-4346.989250316107
976500	-4136.703547019027
977000	-4136.545273753383
977500	-4008.0856823969816
978000	-3958.462871654349
978500	-3882.384044306339
979000	-4050.2189056760467
979500	-4026.289484934638
980000	-3934.866072197456
980500	-4051.6627906231865
981000	-3960.442817542793
981500	-4010.176290763134
982000	-4097.455080817508
982500	-3936.2407187943895
983000	-4182.988209283231
983500	-4450.5470875951005
984000	-4202.86692888549
984500	-3986.019193691791
985000	-4061.271565011112
985500	-4185.117537437778
986000	-4051.6688974481517
986500	-4108.817055751694
987000	-4267.454822589219
987500	-4224.271441183708
988000	-4125.772658129913
988500	-4106.267142744939
989000	-4076.486062338082
989500	-4080.029433876413
990000	-3955.652661186546
990500	-4141.960994565742
991000	-4205.369812344031
991500	-4163.425490424215
992000	-4135.940111673943
992500	-4037.219414315185
993000	-3989.509283799432
993500	-4173.3112977585
994000	-4244.120209215795
994500	-4123.008372808374
995000	-4095.9097304992406
995500	-4118.471009659931
996000	-4107.59181266175
996500	-4122.773404569492
997000	-4174.965648464635
997500	-4131.0359033292025
998000	-4125.280610068158
998500	-4071.2966997460476
999000	-4040.697048619628
999500	-4033.397440711719
1000000	-3966.173729533967
1000500	-3995.3760668394957
1001000	-3931.0933494774754
1001500	-3971.0099772987523
1002000	-3961.4929734738525
1002500	-4086.5256955650143
1003000	-4056.2575836423384
1003500	-3992.3375650465528
1004000	-4091.1107713036486
1004500	-3946.172266755696
1005000	-4036.083729381122
1005500	-4135.069093446196
1006000	-4114.264774250448
1006500	-3995.005042784528
1007000	-4107.0894893901495
1007500	-4092.7507264744227
1008000	-4104.323075848997
1008500	-4189.107306135896
1009000	-4265.153920001331
1009500	-4088.2537170294836
1010000	-4174.992710811967
1010500	-4410.800525084123
1011000	-4375.818981114904
1011500	-4150.318001612104
1012000	-4168.237237115045
1012500	-4048.248258898056
1013000	-4053.1118588426352
1013500	-3986.7174093048425
1014000	-4014.601643137304
1014500	-4093.939030041549
1015000	-4143.247533670649
1015500	-4083.975867942356
1016000	-4107.557301920097
1016500	-4008.1828755919696
1017000	-4125.320958565869
1017500	-4092.7173694894786
1018000	-4096.068453823461
1018500	-4106.429030232253
1019000	-4229.8612114908465
1019500	-4064.9516579690726
1020000	-3976.737157528547
1020500	-4188.386086779847
1021000	-4119.443355045032
1021500	-3998.121513205957
1022000	-4131.046853831461
1022500	-4202.709441982772
1023000	-4181.866273401723
1023500	-4099.533157662933
1024000	-4018.639316401806
1024500	-4100.854381805467
1025000	-4017.6804113288063
1025500	-3992.866675406378
1026000	-4057.4373380454726
1026500	-4089.825013985388
1027000	-4011.397473372002
1027500	-4082.9414625763457
1028000	-4156.971635418559
1028500	-4125.08948439007
1029000	-3970.4369069332247
1029500	-4015.5013455848352
1030000	-4093.395549690923
1030500	-4039.723365794898
1031000	-4081.3223090001957
1031500	-3907.9392100514647
1032000	-3964.8726981007853
1032500	-3977.4770826319395
1033000	-4036.0836222951034
1033500	-4160.717892000586
1034000	-3943.397790683937
1034500	-4022.7025237750127
1035000	-4101.02842753388
1035500	-4204.4444265477905
1036000	-3988.7600140365075
1036500	-3895.8280823619793
1037000	-4070.749344109208
1037500	-3897.771464375674
1038000	-3927.6055574178636
1038500	-4171.233674972988
1039000	-4089.59859871498
1039500	-4269.279796227899
1040000	-4160.117080391173
1040500	-3989.5456108004305
1041000	-4038.890129954127
1041500	-4083.1602655460074
1042000	-4082.5338031287265
1042500	-4064.262974307801
1043000	-3935.719872188874
1043500	-3999.5055223362538
1044000	-4101.782972572028
1044500	-4080.043402787977
1045000	-4110.835909256662
1045500	-4069.3492636033616
1046000	-4041.3232556086796
1046500	-3992.652161812115
1047000	-4032.022104296002
1047500	-4056.11813860147
1048000	-3997.8526781372625
1048500	-4106.625725036957
1049000	-3972.614816418499
1049500	-3998.777385070946
1050000	-3956.792533754432
1050500	-4025.3759024428286
1051000	-4086.4375184958662
1051500	-3979.361271226224
1052000	-3933.265711701998
1052500	-3980.8181889441644
1053000	-3989.9614815342325
1053500	-4024.3018914063196
1054000	-4059.00018443198
1054500	-4004.9852317909613
1055000	-4124.837662198146
1055500	-3948.567554962677
1056000	-3981.699645831324
1056500	-3983.8983057069045
1057000	-4085.2271869128963
1057500	-4010.546738386501
1058000	-4207.303596629128
1058500	-4120.663319552624
1059000	-4052.7227912319063
1059500	-3987.4897169737483
1060000	-4089.711380306845
1060500	-3895.789661685321
1061000	-4133.942748064566
1061500	-4086.460938106544
1062000	-3974.750246026237
1062500	-3971.550274139612
1063000	-3919.1573001418947
1063500	-4009.510346907073
1064000	-3990.400122789121
1064500	-4079.5341927087397
1065000	-4051.931132313639
1065500	-4059.5556497307084
1066000	-4068.188690047693
1066500	-4074.2556534776522
1067000	-4038.268850498206
1067500	-4220.54450556965
1068000	-4108.213397017063
1068500	-4055.7368539591757
1069000	-4007.2454429179224
1069500	-4007.834825731455
1070000	-4025.690205694555
1070500	-4214.662975328583
1071000	-3951.8336199224846
1071500	-4201.945490312856
1072000	-4119.339188980262
1072500	-3982.501493860703
1073000	-3970.7970652034787
1073500	-4117.362517874922
1074000	-4110.252517502707
1074500	-4136.582901950477
1075000	-3962.296279027206
1075500	-4017.3532107862893
1076000	-4180.491966490714
1076500	-4134.984621027746
1077000	-4125.378057474502
1077500	-4029.627239141685
1078000	-4104.001201012499
1078500	-4289.932189383455
1079000	-4223.139528864297
1079500	-4081.5016806203353
1080000	-4293.020927201386
1080500	-4097.110279626395
1081000	-4156.6797589383095
1081500	-4085.354723303681
1082000	-4279.701082118997
1082500	-4044.344679403685
1083000	-4067.90864301091
1083500	-4109.228372089814
1084000	-4060.3761605292807
1084500	-3991.4783486053857
1085000	-4184.747458495006
1085500	-4128.3685760436
1086000	-4291.70044744713
1086500	-4377.219785267189
1087000	-4427.981180993082
1087500	-4217.24523675562
1088000	-4116.849523583006
1088500	-4177.212595216272
1089000	-4165.579650267732
1089500	-4355.195555680421
1090000	-4181.158817939041
1090500	-4208.134762114209
1091000	-4224.75047110562
1091500	-4135.7644119184715
1092000	-4123.337012823943
1092500	-4173.5406990857255
1093000	-4226.619177918857
1093500	-4194.584273635494
1094000	-4251.851926729383
1094500	-4209.443367631899
1095000	-4278.050139482354
1095500	-4295.058898738355
1096000	-4185.655784994652
1096500	-3911.288940092219
1097000	-4074.7617835568535
1097500	-4176.764750932044
1098000	-4255.014642166224
1098500	-4100.085946999268
1099000	-4089.036731462155
1099500	-4105.907352702049
1100000	-4017.521372631493
1100500	-4077.630958416969
1101000	-4236.457555797374
1101500	-4187.917230624042
1102000	-4077.470474991857
1102500	-4094.9292835172623
1103000	-4033.634857554381
1103500	-4038.191642425058
1104000	-4158.259504158725
1104500	-4231.181826669898
1105000	-4196.783682138979
1105500	-4175.211292550246
1106000	-4078.15362909066
1106500	-4256.378267066863
1107000	-4229.3775700196165
1107500	-4072.267535750551
1108000	-4145.869180115953
1108500	-4118.824812636817
1109000	-4085.0330927867535
1109500	-4061.2268869533095
1110000	-4239.656937109397
1110500	-4121.093277318879
1111000	-4136.139522721768
1111500	-3932.0779806136197
1112000	-4008.328974035252
1112500	-3994.1970586898296
1113000	-4078.882035895336
1113500	-4032.620676312366
1114000	-3960.9207254891626
1114500	-4175.580726982114
1115000	-3930.371747916956
1115500	-3935.8705591377634
1116000	-4017.721501678816
1116500	-3981.738180104582
1117000	-4003.690328048613
1117500	-4031.2292647977665
1118000	-4090.4352868969277
1118500	-4124.610979200411
1119000	-3996.7278756177307
1119500	-3994.831843540969
1120000	-4041.1468168777224
1120500	-4002.865342359924
1121000	-4138.789930589084
1121500	-4004.6250145965546
1122000	-3997.351330867527
1122500	-3944.761375940485
1123000	-3904.052976589494
1123500	-3956.9268470615425
1124000	-3946.4347025474653
1124500	-3913.657246604893
1125000	-3945.451213632566
1125500	-3924.500302359598
1126000	-3975.121710793532
1126500	-3976.8077183085375
1127000	-3974.572552148106
1127500	-4161.7643869144
1128000	-4036.8334825238135
1128500	-3943.9690040016158
1129000	-4020.7127697714377
1129500	-3951.8522687809304
1130000	-4033.144365266341
1130500	-4093.464941097354
1131000	-4138.372701766952
1131500	-4074.815730105452
1132000	-4268.702403591847
1132500	-4167.170206546956
1133000	-4115.429571110513
1133500	-4036.2841567665723
1134000	-3995.215910251115
1134500	-4172.27052082952
1135000	-4059.774508979218
1135500	-4281.675868431992
1136000	-4173.4926726959575
1136500	-4204.681241493237
1137000	-4117.630971249753
1137500	-4096.974285593264
1138000	-4122.570508503018
1138500	-4068.5932393527364
1139000	-4103.071903543017
1139500	-4065.321566933841
1140000	-4107.694234416511
1140500	-4092.5595768858543
1141000	-4107.973106434147
1141500	-4011.6370346655717
1142000	-4037.2804802604064
1142500	-4157.997081298723
1143000	-4048.1696131504295
1143500	-3984.976971308627
1144000	-4123.886365114212
1144500	-4070.0835737117263
1145000	-4263.645416280804
1145500	-4138.353313342152
1146000	-4040.0003801683206
1146500	-4098.576737259211
1147000	-3988.714004877115
1147500	-3973.2631817922484
1148000	-4025.2300455978466
1148500	-4037.751275372553
1149000	-4156.644538446947
1149500	-4033.845183025741
1150000	-3924.791490833441
1150500	-3942.6382411364234
1151000	-4120.012076537129
1151500	-4007.6681830246694
1152000	-4208.470576797716
1152500	-4101.790607352975
1153000	-4105.933823289548
1153500	-4120.92709658353
1154000	-4132.77389055229
1154500	-4057.555297198685
1155000	-4060.0455249003453
1155500	-4104.344659730108
1156000	-4277.230421066138
1156500	-4071.7896826485576
1157000	-4119.768425989518
1157500	-4103.152132396172
1158000	-4031.393850517228
1158500	-3985.8916910175394
1159000	-4134.858907983858
1159500	-4106.975975992056
1160000	-3941.2856848794745
1160500	-3888.2276587325896
1161000	-4055.590622509955
1161500	-4092.0420378211547
1162000	-4027.6480838977122
1162500	-3960.804301220334
1163000	-4196.003179269803
1163500	-4093.862278297927
1164000	-4311.008388275161
1164500	-4055.285247872963
1165000	-4045.1923053654778
1165500	-4103.759718197016
1166000	-4483.675806407097
1166500	-4106.242230510153
1167000	-4103.48016968691
1167500	-4104.774728906054
1168000	-4038.177448188061
1168500	-4020.391260950354
1169000	-4001.038150039021
1169500	-4087.6313123527602
1170000	-3942.811343130353
1170500	-3948.504392816714
1171000	-4067.6731161406483
1171500	-4018.070884333368
1172000	-4178.16017420881
1172500	-4167.092624114111
1173000	-4186.344195185682
1173500	-4059.309122534867
1174000	-3976.2830727843516
1174500	-4087.190621241277
1175000	-3888.308264230281
1175500	-4039.6268649701246
1176000	-3989.4515488458023
1176500	-4037.4939491025784
1177000	-3984.955159376214
1177500	-4038.8335920865798
1178000	-4096.388701967431
1178500	-4310.439348678544
1179000	-3987.9783453523146
1179500	-4074.842774644457
1180000	-3950.383876848139
1180500	-4084.2309381990194
1181000	-4020.318358861222
1181500	-3934.9642534713166
1182000	-4156.842534785965
1182500	-4067.740737018656
1183000	-3990.999546153895
1183500	-3922.0960046555347
1184000	-3927.133230979433
1184500	-3987.4302739458712
1185000	-4164.291736024578
1185500	-3913.620628680582
1186000	-3920.811721107314
1186500	-4026.8981587119
1187000	-3996.6634057118404
1187500	-4024.987601361842
1188000	-3893.7278741899268
1188500	-4070.635060759757
1189000	-4000.464545928425
1189500	-4035.9627806238827
1190000	-3990.541608289147
1190500	-4171.495933061278
1191000	-3965.345202002364
1191500	-4207.9051089467575
1192000	-4141.4875597380715
1192500	-4147.099055101154
1193000	-4317.3008193637415
1193500	-4165.263890244992
1194000	-3973.3596496852692
1194500	-4123.732664657924
1195000	-4015.3232489180928
1195500	-4055.8982250159115
1196000	-4088.274594538928
1196500	-4093.1734883880918
1197000	-3920.7820395580143
1197500	-3858.4419249877164
1198000	-3955.5913690039356
1198500	-4128.666565616365
1199000	-4054.066659066653
1199500	-4032.18981271955
1200000	-4086.102666120617
1200500	-4197.777781894516
1201000	-4041.1265812948022
1201500	-4086.617810608456
1202000	-4050.0881808772388
1202500	-4116.267525961943
1203000	-4178.475521363827
1203500	-4067.7864516989016
1204000	-4134.6657170568615
1204500	-4013.4790075406027
1205000	-4107.401185636465
1205500	-4108.335655973691
1206000	-4173.711425544729
1206500	-4234.617578479321
1207000	-4366.054627547144
1207500	-4019.0910954581054
1208000	-4189.7831653710855
1208500	-4182.760841567101
1209000	-4162.820281457403
1209500	-4430.904245636171
1210000	-4256.790456610589
1210500	-4197.923870150425
1211000	-4224.062158226719
1211500	-4184.080371872676
1212000	-4183.111060975276
1212500	-4194.908313301415
1213000	-4123.576546503393
1213500	-4161.252122200103
1214000	-4079.4811022274916
1214500	-4096.681849030656
1215000	-4133.5826707401175
1215500	-4125.396689988333
1216000	-4302.682987239761
1216500	-4133.924487025823
1217000	-4207.605325984852
1217500	-4125.102413535437
1218000	-4276.4319747787595
1218500	-4203.125569373955
1219000	-4180.256923020691
1219500	-4170.475876414562
1220000	-4120.574699600086
1220500	-4128.272002283577
1221000	-4141.307366198582
1221500	-4158.563543993275
1222000	-4109.035876291282
1222500	-4138.883744764125
1223000	-4237.3496293524995
1223500	-4126.879697568003
1224000	-4292.408506125204
1224500	-4318.707778517627
1225000	-4379.993529229921
1225500	-4294.102668708989
1226000	-4165.600434800436
1226500	-4334.047494804429
1227000	-4538.28624579677
1227500	-4375.825912765331
1228000	-4296.120604568404
1228500	-4473.107934332053
1229000	-4308.875225009807
1229500	-4330.509301155866
1230000	-4167.843899134113
1230500	-4230.495280191568
1231000	-4377.445143127246
1231500	-4255.026953319324
1232000	-4338.929779067311
1232500	-4335.05583409249
1233000	-4276.199506490898
1233500	-4264.207857900126
1234000	-4337.2817103328625
1234500	-4418.807638335491
1235000	-4402.114427635398
1235500	-4318.927649093657
1236000	-4259.066440370423
1236500	-4187.781876580209
1237000	-4165.027962760523
1237500	-4071.093044170862
1238000	-4062.5306745921507
1238500	-4007.291606080584
1239000	-4081.4053576162655
1239500	-4240.307357869925
1240000	-4158.333755395195
1240500	-4063.196444564615
1241000	-3974.8151448802582
1241500	-3969.6326250969023
1242000	-4048.6316361213208
1242500	-3977.8853595368714
1243000	-4086.66646258583
1243500	-4044.7691004003746
1244000	-4091.464177983743
1244500	-4045.492918345368
1245000	-4069.65945383523
1245500	-4034.489375604681
1246000	-4084.753499880966
1246500	-4164.278268665191
1247000	-4054.7374852896132
1247500	-4280.790036265797
1248000	-4083.542281586502
1248500	-4009.1067046992225
1249000	-4085.0056513663194
1249500	-4205.8497906091625
1250000	-4011.56985416498
1250500	-4058.76201882889
1251000	-4051.2113641814226
1251500	-4325.446933879401
1252000	-4257.375147906516
1252500	-4321.712973882439
1253000	-4225.94271288141
1253500	-4376.088498590174
1254000	-4496.550092625643
1254500	-4248.093712427389
1255000	-3978.6355873298676
1255500	-4024.0480024838016
1256000	-4167.745514910935
1256500	-3983.8706389038784
1257000	-4092.8162438219924
1257500	-4047.3947609148463
1258000	-4082.4175498079107
1258500	-4124.279594728682
1259000	-4060.8207463469394
1259500	-4135.8374699503765
1260000	-4127.571709752121
1260500	-4072.9381146293304
1261000	-3979.9797000762264
1261500	-4122.502333221325
1262000	-3891.728563998639
1262500	-3983.522192703221
1263000	-4011.9648497730695
1263500	-3931.668297934988
1264000	-3828.699121597431
1264500	-3860.0449625102133
1265000	-3870.269973536322
1265500	-4039.1884359087726
1266000	-4120.209020060984
1266500	-3950.3159151266777
1267000	-4094.109265616238
1267500	-4121.938203090188
1268000	-4139.9305091760225
1268500	-4146.104699758192
1269000	-4167.502811439731
1269500	-4053.9139157483037
1270000	-3988.606537553805
1270500	-4085.8479153041044
1271000	-4222.528711745255
1271500	-4254.284814740045
1272000	-4162.855646570788
1272500	-4284.770923196027
1273000	-4021.427854631878
1273500	-4223.347304112832
1274000	-4102.398713834967
1274500	-4121.300552940703
1275000	-4080.742849318257
1275500	-4221.014192999579
1276000	-4153.166232842642
1276500	-4163.544925674648
1277000	-4108.0158149169065
1277500	-4222.948140793342
1278000	-4085.300541136318
1278500	-3988.390612086874
1279000	-4089.6569285233045
1279500	-4026.4265118322123
1280000	-4156.119803107594
1280500	-4110.652446296904
1281000	-4010.576853954669
1281500	-3986.9981243806183
1282000	-4083.4107522260683
1282500	-4041.1264968147752
1283000	-3986.532598123908
1283500	-3999.3947469106483
1284000	-4033.638774645603
1284500	-4028.6601909339583
1285000	-4076.9780598232906
1285500	-4009.0306150605206
1286000	-4062.3864597560437
1286500	-4099.076062730692
1287000	-4062.2020041607516
1287500	-4041.3617810957035
1288000	-3998.304068574582
1288500	-4126.8216328310955
1289000	-4343.0445606418325
1289500	-4248.115277998607
1290000	-4116.019270990124
1290500	-4081.076767619268
1291000	-4126.1080891950605
1291500	-4299.085791046251
1292000	-4097.52662049709
1292500	-4038.164164495596
1293000	-3940.7764715272438
1293500	-4133.33724634349
1294000	-4148.083746016875
1294500	-4102.9534089181725
1295000	-4013.4216490370236
1295500	-4267.387119631213
1296000	-4065.854424352008
1296500	-4093.0847987419356
1297000	-4074.0861197955055
1297500	-4033.1928305686474
1298000	-4068.281911632543
1298500	-4020.1962818639604
1299000	-4074.0350659287305
1299500	-4253.288818892831
1300000	-4031.628412378426
1300500	-4183.097451153246
1301000	-4138.905385215746
1301500	-4212.9296182388125
1302000	-4295.558784835826
1302500	-4166.992198259376
1303000	-4271.848257914432
1303500	-4206.722407849197
1304000	-4056.0842056589477
1304500	-4117.066312123284
1305000	-4153.1116228437495
1305500	-4084.1837529783265
1306000	-4216.821670068528
1306500	-4151.182756982088
1307000	-4205.483132810157
1307500	-4185.517583366662
1308000	-4197.083280319451
1308500	-4076.807269962584
1309000	-3999.152966854646
1309500	-4013.273382502518
1310000	-4290.277388220845
1310500	-4082.2834745836703
1311000	-4095.9748032368884
1311500	-4039.0032159266866
1312000	-4003.782463205798
1312500	-4110.033031392434
1313000	-3988.451550714197
1313500	-4205.8373601935455
1314000	-4263.234206276785
1314500	-4128.758394036804
1315000	-4082.3640291634433
1315500	-3983.369603182624
1316000	-4123.434691950539
1316500	-4031.659862912497
1317000	-4120.528805090978
1317500	-4076.706529971435
1318000	-4197.987281500177
1318500	-4254.147876784503
1319000	-4257.281291081302
1319500	-4319.302527842113
1320000	-4179.917513477607
1320500	-4307.866903309241
1321000	-4282.688129958757
1321500	-4225.66851130443
1322000	-4143.6625989196355
1322500	-4198.274510729341
1323000	-4174.18973731656
1323500	-4459.686177157244
1324000	-4318.595865337035
1324500	-4238.8331054576
1325000	-4228.841075933763
1325500	-4047.4108023954163
1326000	-4297.214849150149
1326500	-4121.64584246421
1327000	-4233.286136528377
1327500	-4164.913165398446
1328000	-4157.841800021031
1328500	-4025.660739661219
1329000	-3947.793275407279
1329500	-4092.7054145993193
1330000	-3988.519510625183
1330500	-4116.887116855523
1331000	-3941.2460769661416
1331500	-3899.0441738271975
1332000	-4231.208035750412
1332500	-4016.6480918452735
1333000	-4310.9466676024595
1333500	-3847.996013258432
1334000	-3872.709732957238
1334500	-4040.4597614759064
1335000	-3942.594482649307
1335500	-4083.7975529468354
1336000	-3997.0397526515694
1336500	-4037.591435802327
1337000	-3998.60883386759
1337500	-4088.4615536007873
1338000	-4054.823079252434
1338500	-4115.298476731759
1339000	-4019.022522166585
1339500	-3994.4573320330164
1340000	-4056.9189708696795
1340500	-4123.796408512177
1341000	-4051.9345783974736
1341500	-4093.4337595462653
1342000	-4079.6583711824514
1342500	-4118.8082706475625
1343000	-4196.712271622909
1343500	-4140.788407933943
1344000	-4194.900579723121
1344500	-4049.8396246647735
1345000	-4107.518293606188
1345500	-4184.582121198895
1346000	-4042.5711808282103
1346500	-4118.338483220635
1347000	-4216.103815175081
1347500	-4128.9051793082745
1348000	-3971.763029141415
1348500	-4016.710263758057
1349000	-3918.795483196035
1349500	-4176.233445590102
1350000	-4089.751877443518
1350500	-4216.436476831026
1351000	-4250.272262536817
1351500	-4084.7669101296183
1352000	-4006.0870147498918
1352500	-4066.4881836676072
1353000	-4055.1180501531644
1353500	-4030.853235013972
1354000	-4176.511776092107
1354500	-4174.224659496358
1355000	-4042.7809147257744
1355500	-4172.431337693182
1356000	-4275.224160417061
1356500	-4157.048385900776
1357000	-4048.8487136759595
1357500	-3970.3183079340915
1358000	-4041.145917547744
1358500	-4021.4812925024944
1359000	-3996.3467188739914
1359500	-4036.541078234045
1360000	-3975.8271258469545
1360500	-4032.324562249944
1361000	-3999.241954924349
1361500	-4014.2066413200396
1362000	-4067.613906125929
1362500	-4157.577395411742
1363000	-4052.9158389800214
1363500	-3983.794272360451
1364000	-4055.9127602126864
1364500	-4047.1229453860037
1365000	-4101.138772684859
1365500	-4216.64951663746
1366000	-4050.212258944707
1366500	-3933.4920909982256
1367000	-4052.338292040743
1367500	-4132.30408592542
1368000	-4022.933053617946
1368500	-4234.979315758607
1369000	-4053.5124031902915
1369500	-4078.3130542830822
1370000	-4089.9628218917796
1370500	-4226.820544583993
1371000	-4263.090007345832
1371500	-4266.445005135169
1372000	-4145.818956122628
1372500	-4159.986677113488
1373000	-4172.192084805863
1373500	-4189.00130545168
1374000	-4281.079086723575
1374500	-4136.805193846208
1375000	-4143.6268559244045
1375500	-4293.153394320585
1376000	-4267.444560210876
1376500	-4357.707577797248
1377000	-4282.955795682046
1377500	-4118.150211857687
1378000	-4326.93079992599
1378500	-4494.451936976274
1379000	-4329.387569682614
1379500	-4327.937879634847
1380000	-4352.316168466012
1380500	-4254.672498668091
1381000	-4271.736125908492
1381500	-4356.767657446196
1382000	-4382.6575659180835
1382500	-4286.136584056939
1383000	-4062.389818003795
1383500	-4230.335437383457
1384000	-4048.8394373154542
1384500	-4126.33841935471
1385000	-4197.328265280708
1385500	-4127.090716769432
1386000	-4092.912861752177
1386500	-3991.9346383975067
1387000	-4073.9115822972476
1387500	-4032.268365934511
1388000	-3947.622198295429
1388500	-4278.462498931633
1389000	-4175.296176432193
1389500	-4355.902009913929
1390000	-4221.184809480509
1390500	-4011.776920668115
1391000	-4224.396928536981
1391500	-4086.1358302302133
1392000	-4046.4963982398845
1392500	-4012.19027384119
1393000	-4067.2235860567453
1393500	-4206.854824061145
1394000	-4087.614031734694
1394500	-3983.8720484501087
1395000	-3998.487611086468
1395500	-4049.4676299379826
1396000	-4076.7487490629856
1396500	-4206.934352363069
1397000	-4335.529905893482
1397500	-4095.9874028685526
1398000	-4153.521363207687
1398500	-4263.217013582778
1399000	-4031.1484951363414
1399500	-4078.8182318567365
1400000	-4101.021727866418
1400500	-4145.725655080722
1401000	-3935.095141328087
1401500	-4112.788766053737
1402000	-4046.8106757024634
1402500	-4072.4548848197837
1403000	-4057.1421088807783
1403500	-4171.553939773911
1404000	-4011.6132058186117
1404500	-3977.6975337516587
1405000	-4001.3917674436007
1405500	-4198.181117640839
1406000	-4167.413842979391
1406500	-4045.81285375916
1407000	-3942.3823134945087
1407500	-4078.859715796486
1408000	-3976.456387523111
1408500	-4045.129615002971
1409000	-4008.4539098150926
1409500	-3964.4634416391677
1410000	-3900.8073476935324
1410500	-3924.2159771410484
1411000	-4111.761708444377
1411500	-4265.2049533118825
1412000	-4007.9901145772797
1412500	-4066.79239389502
1413000	-4006.963887390817
1413500	-3945.6289746995712
1414000	-4122.820037618202
1414500	-4133.10159373967
1415000	-4028.9360778929654
1415500	-3983.028076651433
1416000	-4220.032253539335
1416500	-4033.68988176504
1417000	-4056.9227652600584
1417500	-4091.5534272294153
1418000	-3898.503880996241
1418500	-3875.7913756939256
1419000	-4154.145497028128
1419500	-3975.7627761773037
1420000	-4069.25475348705
1420500	-4066.9538777900534
1421000	-4120.106336058718
1421500	-4199.611243680787
1422000	-4042.457434694174
1422500	-4050.8157873784503
1423000	-4067.787115809426
1423500	-4016.702230456551
1424000	-4058.307970967345
1424500	-4104.921548056191
1425000	-4202.76850406015
1425500	-4123.568744748839
1426000	-4177.228900168526
1426500	-4090.856349924121
1427000	-3894.1107877255863
1427500	-4019.006981566169
1428000	-4143.032450552353
1428500	-4181.109687022158
1429000	-3999.7769014845085
1429500	-4105.633981269394
1430000	-4054.2203524218608
1430500	-3941.526882987595
1431000	-4009.8975377207357
1431500	-3974.1929846814173
1432000	-4055.9288830256473
1432500	-4147.314228615593
1433000	-4224.55502687394
1433500	-3969.8621353186245
1434000	-4137.179116618271
1434500	-4116.412608303887
1435000	-4077.050154465105
1435500	-4085.0076933118075
1436000	-4170.737211980572
1436500	-4309.757145508066
1437000	-4304.022712859864
1437500	-4464.599968672599
1438000	-4321.791136917538
1438500	-4110.224358274469
1439000	-4145.99424506725
1439500	-4138.038848319662
1440000	-4287.258485676132
1440500	-4052.432577272138
1441000	-4055.043341818056
1441500	-4119.536521803681
1442000	-4005.916646753971
1442500	-4041.6161243328065
1443000	-4104.153172897035
1443500	-4027.2172913391555
1444000	-4041.955224751914
1444500	-4136.309505401613
1445000	-3944.5796673270393
1445500	-3965.2249701016262
1446000	-4102.3279994966315
1446500	-4049.237552065472
1447000	-4153.487838914067
1447500	-3969.3857279603467
1448000	-4371.723270382905
1448500	-4049.9196010434844
1449000	-4165.284813993272
1449500	-4120.854537555816
1450000	-4045.3760460646185
1450500	-4133.584105265121
1451000	-4175.9018456881995
1451500	-4079.4069114429226
1452000	-4221.56246124887
1452500	-3996.717187184849
1453000	-4021.8225170887267
1453500	-4043.870669481447
1454000	-4017.153013022264
1454500	-4115.3440359373835
1455000	-3963.192963918469
1455500	-4090.079346942941
1456000	-3902.8000389575377
1456500	-3940.56662355542
1457000	-3842.679347333591
1457500	-3960.909222739904
1458000	-3950.034597502961
1458500	-3875.793077981117
1459000	-4035.5510471682005
1459500	-4087.9924231156656
1460000	-4020.691698283987
1460500	-4031.5413907487705
1461000	-4002.2932515990906
1461500	-3969.8588965900863
1462000	-4113.31622239739
1462500	-3977.3968242260808
1463000	-4306.321539081838
1463500	-4218.715488446671
1464000	-4086.509626476269
1464500	-4106.590238189481
1465000	-4157.800083109055
1465500	-4181.629341513954
1466000	-4252.956272752218
1466500	-4121.994769496955
1467000	-4617.01186703184
1467500	-4242.397123070577
1468000	-4364.074538396017
1468500	-4294.609424582313
1469000	-4323.013157475343
1469500	-4235.162860691244
1470000	-4239.816903189723
1470500	-4154.009848340244
1471000	-4074.107423274957
1471500	-4329.753472271596
1472000	-4074.6416707094104
1472500	-4073.5128729924168
1473000	-4108.713503104019
1473500	-4178.073932821412
1474000	-4196.6967518148185
1474500	-4053.152893092088
1475000	-4114.596060276535
1475500	-4104.994056475277
1476000	-4248.59714705614
1476500	-3999.047622807123
1477000	-3969.664562395963
1477500	-4002.110890333264
1478000	-4003.196090401817
1478500	-4060.8324154246216
1479000	-4044.689511658125
1479500	-4070.4567120831352
1480000	-4036.6364964998065
1480500	-4010.6125514987125
1481000	-4047.1612819614197
1481500	-4036.8417350204636
1482000	-4151.855211807382
1482500	-4327.053540299517
1483000	-4130.142418118795
1483500	-4225.734782502847
1484000	-4158.8538056735
1484500	-4490.589106162952
1485000	-4141.861268446658
1485500	-4068.7863810525914
1486000	-4191.029201902899
1486500	-4299.609657937035
1487000	-4140.05591259745
1487500	-4121.476533855183
1488000	-4089.408990380737
1488500	-4294.780386861604
1489000	-4237.602237905464
1489500	-4154.675056848326
1490000	-4108.102166003423
1490500	-4089.3753550944334
1491000	-3976.422390122003
1491500	-4013.3819798324357
1492000	-3940.00937387258
1492500	-4073.507051683697
1493000	-4235.657081214119
1493500	-4296.240412221295
1494000	-4349.433425068435
1494500	-4209.165101827949
1495000	-4063.4887388522156
1495500	-4215.265846688331
1496000	-4094.9940586759667
1496500	-4094.4056458233836
1497000	-4198.664820944711
1497500	-4189.858436589284
1498000	-4158.134219085434
1498500	-4005.0119148438494
1499000	-4017.782296256662
1499500	-4153.03047782533
1500000	-4163.239026535917
