Sample	likelihood
0	-4436.823124571266
500	-4530.935075536503
1000	-4993.635110475504
1500	-5012.049962923076
2000	-4625.13112728917
2500	-4581.814973785431
3000	-4516.390984126582
3500	-4468.112931565747
4000	-4570.862260916951
4500	-4424.325943964399
5000	-4533.987971879893
5500	-4589.725020483935
6000	-4637.191007998035
6500	-4441.200565585095
7000	-4525.520752296723
7500	-4481.69179455295
8000	-4504.377740503266
8500	-5656.386807983853
9000	-4965.817662381172
9500	-4762.574040996654
10000	-4904.728129822728
10500	-4662.905181278446
11000	-4423.699725405483
11500	-4459.1748385593555
12000	-4443.544009222317
12500	-4393.033688565978
13000	-4397.704893274924
13500	-4511.56234721983
14000	-4624.668107820495
14500	-4526.501414308955
15000	-4439.453919789779
15500	-4284.958223547948
16000	-4305.2332954747435
16500	-4479.375046711829
17000	-4669.060739869268
17500	-4438.427281972805
18000	-4600.567640224048
18500	-4402.830724736211
19000	-4734.201821992944
19500	-4723.591436285626
20000	-4417.266864260024
20500	-4242.342729859521
21000	-4479.9726172516075
21500	-4262.62427538822
22000	-4372.773742021306
22500	-4467.624922742534
23000	-4991.074440792769
23500	-5044.151775718877
24000	-5031.455566223668
24500	-4853.507575373324
25000	-4475.228290401897
25500	-4495.794702522249
26000	-5117.235342589524
26500	-5042.71464757395
27000	-4889.572228295026
27500	-4886.4379587571675
28000	-4630.045056939875
28500	-5286.426014627632
29000	-4978.1300040111855
29500	-5059.867126306462
30000	-5536.94563024083
30500	-5692.862675854802
31000	-5528.154139976142
31500	-5791.709561697181
32000	-6504.78098581972
32500	-6698.018256282066
33000	-6356.848954344101
33500	-5953.592165656653
34000	-5867.394268250309
34500	-6172.295443222831
35000	-5418.232090972031
35500	-5358.629070311365
36000	-4954.203576372245
36500	-5394.706226488126
37000	-5225.79741994664
37500	-5755.555494509487
38000	-5983.259889099585
38500	-5783.285401624183
39000	-5963.108547665235
39500	-6192.412093719983
40000	-6217.989523354199
40500	-6073.882896363914
41000	-6079.598274355368
41500	-5891.314913862469
42000	-6409.075956154097
42500	-6675.755593714784
43000	-6906.3095503417035
43500	-6943.654404816971
44000	-7047.485789354787
44500	-6395.116986651132
45000	-6699.6602194656825
45500	-6639.876024168972
46000	-6939.835653416828
46500	-6957.477019057981
47000	-6618.59695349232
47500	-6740.174359321625
48000	-7037.86357534334
48500	-6415.100382290392
49000	-5733.963512959504
49500	-5525.829182543157
50000	-5223.577064225494
50500	-5035.767129225448
51000	-5067.035059781825
51500	-4504.52020928114
52000	-4667.893620321369
52500	-4626.365411206578
53000	-4912.419406914829
53500	-5151.457688982618
54000	-5209.2120076008
54500	-5244.4587648738625
55000	-5611.700388916496
55500	-6170.5543341023695
56000	-6398.576544760561
56500	-6060.8956236603135
57000	-6974.335997667486
57500	-6503.634801600484
58000	-6240.722316199406
58500	-5364.331523548009
59000	-5689.847119612075
59500	-5801.098809539153
60000	-5455.65486334256
60500	-5543.450234077236
61000	-5366.930212866993
61500	-5507.827519096156
62000	-5756.953253549276
62500	-5679.85385144872
63000	-5877.265540584725
63500	-6118.520614144349
64000	-6675.143084112788
64500	-7027.846195352073
65000	-6927.4078996163125
65500	-6726.540319684218
66000	-6567.322020412623
66500	-6773.908544311489
67000	-6116.585782121539
67500	-5854.6020774345625
68000	-5645.788355327284
68500	-5440.367783798395
69000	-5705.010114963332
69500	-5207.603343189039
70000	-5059.498524011064
70500	-4714.730298185627
71000	-4507.790136965638
71500	-4783.401726144636
72000	-4309.473890434462
72500	-4273.491436590349
73000	-4760.357324047321
73500	-4533.878405793523
74000	-4374.6719741048
74500	-4509.175731133189
75000	-4630.595488685383
75500	-5109.112835172087
76000	-5254.911973653129
76500	-4768.0333272670305
77000	-4982.318986203457
77500	-4592.589866361713
78000	-4473.762504235462
78500	-4269.106236086679
79000	-5701.953282529018
79500	-7218.625483426656
80000	-7248.629480511321
80500	-7359.942469919003
81000	-7195.133518408641
81500	-7267.515172092545
82000	-6250.905815084803
82500	-6079.606775562077
83000	-4601.206561521752
83500	-4462.055139071904
84000	-4863.738476711104
84500	-4855.040598742728
85000	-4529.225059680357
85500	-4710.046429492771
86000	-5096.872757433484
86500	-4806.410742312757
87000	-4514.498080975306
87500	-4537.805007313474
88000	-4537.331867257167
88500	-4678.424157492874
89000	-4562.558299981471
89500	-4840.2073835790225
90000	-5856.824374225985
90500	-5428.055799733266
91000	-4981.616923630483
91500	-4728.753266886688
92000	-4825.24703979316
92500	-4728.169418486068
93000	-4564.230548369483
93500	-4969.139911357908
94000	-4697.306802660404
94500	-4611.716969044517
95000	-5228.38983569414
95500	-5300.3510756849855
96000	-4714.877052139698
96500	-5413.535303513281
97000	-5175.821736703806
97500	-5540.185089642836
98000	-5026.723138041218
98500	-5403.014755911119
99000	-5456.9399282338045
99500	-5308.043027250006
100000	-5448.754680785951
100500	-6169.327463671559
101000	-6047.364053478166
101500	-5437.112600795357
102000	-5301.113417995379
102500	-5662.543342256952
103000	-5606.869982130663
103500	-5962.711093448767
104000	-5880.838726371039
104500	-6094.342814701955
105000	-5895.333733003563
105500	-6428.452049638721
106000	-6634.09838672059
106500	-5672.50644976416
107000	-7008.957642760718
107500	-7271.185983892062
108000	-6659.968038045068
108500	-7045.628944206845
109000	-6854.578468600022
109500	-7522.146391654567
110000	-7700.39854771046
110500	-7575.662540917638
111000	-7387.941267198841
111500	-7491.3900324269025
112000	-7750.671941360376
112500	-6851.744391505882
113000	-8063.624110193049
113500	-7722.8120418390845
114000	-6543.204693200157
114500	-6953.814909532632
115000	-6734.0069407731435
115500	-6429.218096563294
116000	-6813.840009261451
116500	-7032.430232965721
117000	-7352.533967632724
117500	-7958.021429857202
118000	-8019.185961507832
118500	-8083.816033639992
119000	-8209.01610491189
119500	-8237.221131069005
120000	-8118.769455429112
120500	-8269.641231427806
121000	-8274.405497713351
121500	-8273.39880589668
122000	-8274.401760368146
122500	-8165.399494752862
123000	-7250.383184315093
123500	-6952.552693027495
124000	-6814.140752778467
124500	-6653.577892916937
125000	-6616.969405301568
125500	-7212.409004813095
126000	-7252.550876564082
126500	-7179.786802805331
127000	-7200.117758448325
127500	-7161.173951645255
128000	-7055.1559368324815
128500	-7074.423809675129
129000	-7136.863120974784
129500	-7082.818777727447
130000	-7071.716847748096
130500	-7204.959214893449
131000	-7200.77985771601
131500	-7033.2271237767
132000	-7048.760020284867
132500	-7081.207891626844
133000	-7080.144051362667
133500	-7014.595738894344
134000	-6971.070580043913
134500	-6813.854360062252
135000	-5817.8303592127295
135500	-5464.048249787147
136000	-6728.889260091066
136500	-6881.405725298981
137000	-6628.597732771639
137500	-6880.516059474671
138000	-6851.064998886142
138500	-7103.201783613877
139000	-6966.006218902189
139500	-6919.232435678171
140000	-7032.54815703498
140500	-7027.425894578377
141000	-7101.967807513552
141500	-7103.196418725261
142000	-6965.0318181439725
142500	-7059.051723092836
143000	-6824.064602456202
143500	-6785.7879197894445
144000	-5970.934442660676
144500	-5658.905988358727
145000	-5879.683783369427
145500	-6054.982860519501
146000	-6713.482680290509
146500	-6203.062286851643
147000	-6268.159169210947
147500	-6301.241615994549
148000	-6303.178579007658
148500	-6382.499707495381
149000	-6391.8362461215165
149500	-6398.370146605565
150000	-6340.2906467196135
150500	-6401.907059074098
151000	-6380.643245202812
151500	-6403.184216267733
152000	-6395.662441725465
152500	-6363.602515588457
153000	-6402.766472027988
153500	-6330.149167762594
154000	-6336.327091885143
154500	-6248.989859371227
155000	-6402.947940310245
155500	-6403.184216076372
156000	-6347.754223452348
156500	-6403.184216271022
157000	-6403.184216267893
157500	-6403.184216270665
158000	-6396.898649504022
158500	-6354.48907352642
159000	-6403.184216268658
159500	-6403.128007967324
160000	-6403.1842162686535
160500	-6377.068903941606
161000	-6152.988366128389
161500	-6467.879192361684
162000	-6470.335786084022
162500	-6401.17065280952
163000	-5832.51523440291
163500	-5869.67047591314
164000	-6007.890308355438
164500	-6051.116029232423
165000	-5502.133362222981
165500	-4904.828691478626
166000	-5606.152980903357
166500	-4837.247206062285
167000	-4923.018065879296
167500	-5095.919943369317
168000	-4997.752123920931
168500	-4475.1593176631995
169000	-4384.144228625788
169500	-4202.249450068761
170000	-5259.791530791738
170500	-5795.238725125721
171000	-5211.397146222929
171500	-5597.279368517832
172000	-5821.134016424668
172500	-5719.231997538904
173000	-5566.38929377545
173500	-5468.725142880012
174000	-5035.200397873814
174500	-4694.900616621157
175000	-4759.52909931823
175500	-4750.582149040688
176000	-4153.165474541548
176500	-4308.451639831211
177000	-4267.528404520725
177500	-4321.897839827997
178000	-4132.324011784605
178500	-4053.975428305179
179000	-4006.3792692705865
179500	-4128.278470978602
180000	-4490.43452485913
180500	-4445.745555514564
181000	-4329.470572172592
181500	-4476.363097812026
182000	-4548.877934080191
182500	-4325.209268518682
183000	-4274.467567982424
183500	-4206.508859841811
184000	-4376.18603119841
184500	-4629.44858704116
185000	-4477.020635418247
185500	-4948.28732699303
186000	-4619.016351590554
186500	-5074.0047731134755
187000	-5154.636790886456
187500	-5951.228880994089
188000	-7320.523069979835
188500	-6074.429359815526
189000	-4716.723618788486
189500	-4614.8017115389475
190000	-4542.981217210086
190500	-5541.6384537964905
191000	-4486.757242144447
191500	-4602.6920317264985
192000	-4606.923293451255
192500	-4536.065911472852
193000	-6037.813843399561
193500	-6081.157359561353
194000	-6696.96651521611
194500	-6605.279445421958
195000	-5512.806470021806
195500	-5510.516747765669
196000	-5878.969090409759
196500	-6436.505996545565
197000	-6293.441811124511
197500	-5786.722960523929
198000	-5996.950053339374
198500	-6146.130670392976
199000	-6172.825166150828
199500	-6379.809231720981
200000	-6570.7766615786395
200500	-6402.689544927192
201000	-6110.612424625696
201500	-6512.973815881857
202000	-5934.453347791242
202500	-6176.130333313922
203000	-6476.768688759365
203500	-7070.989065772323
204000	-7332.511885577259
204500	-6981.742674267103
205000	-6435.784723292149
205500	-6683.158440712931
206000	-6693.230642748208
206500	-6376.353387962585
207000	-6538.029434177019
207500	-6701.863008530794
208000	-7204.402752710051
208500	-6565.692563482688
209000	-7187.505024112881
209500	-6541.468672273627
210000	-6472.835615470289
210500	-6228.15832942632
211000	-6112.4210025330485
211500	-6526.136234759521
212000	-6467.406084787458
212500	-6525.147399488722
213000	-6599.010647292575
213500	-6665.669970129959
214000	-6617.124073256538
214500	-6519.986405046259
215000	-6808.783786897573
215500	-5987.139372222109
216000	-5956.652206682931
216500	-5633.494784003797
217000	-5880.699695964035
217500	-5760.915412099135
218000	-6011.39498145417
218500	-6305.092964297828
219000	-5692.933928619559
219500	-5985.368319513459
220000	-6355.594573733892
220500	-5812.617535662411
221000	-5435.182818776657
221500	-5177.651733209996
222000	-4962.453761784742
222500	-5259.347885652074
223000	-5232.367541068039
223500	-5274.164644920161
224000	-5173.102343722553
224500	-5261.816065725665
225000	-5317.826104232172
225500	-5423.898634040283
226000	-5130.868257335294
226500	-5220.002025201942
227000	-5301.493284654572
227500	-5880.214892151009
228000	-4847.554013064368
228500	-4677.026065433007
229000	-4834.182372211508
229500	-4837.856446785184
230000	-6524.476604840852
230500	-6658.807257795701
231000	-5265.73095141566
231500	-4976.551607352799
232000	-4464.587246116269
232500	-4666.547585746265
233000	-5191.047126758298
233500	-6419.493771557847
234000	-6325.768162730223
234500	-6210.746900811672
235000	-5998.456130658662
235500	-5145.705556593826
236000	-5344.5291478738445
236500	-5725.02735999352
237000	-6022.037149287074
237500	-5923.508836736951
238000	-6703.178238027464
238500	-6350.7681742167315
239000	-6672.609930073038
239500	-6288.099871948514
240000	-6284.498272029424
240500	-7444.8319883402855
241000	-7427.118113138313
241500	-7462.858890272067
242000	-7412.365953290245
242500	-7266.3412112097685
243000	-7235.298877092423
243500	-7165.984082626552
244000	-8850.528431155088
244500	-8372.130551603623
245000	-8811.021485891484
245500	-8757.81191538822
246000	-6902.373958666955
246500	-7147.006048468384
247000	-6926.347778260283
247500	-7436.741866346525
248000	-7436.729246622648
248500	-7430.498833285311
249000	-7400.896557656192
249500	-7250.877825245572
250000	-6327.645246763371
250500	-6328.68710365773
251000	-6412.67493403749
251500	-6395.101481712663
252000	-6350.7330614700395
252500	-6059.821760601078
253000	-5466.293063003744
253500	-5555.702154105061
254000	-5593.730457466623
254500	-5583.576549302429
255000	-5123.941345111306
255500	-5162.606049180623
256000	-5795.416837042017
256500	-6282.450440587187
257000	-6033.178822713152
257500	-5851.396749783165
258000	-6034.304185948372
258500	-6142.158998065672
259000	-6285.553935096337
259500	-6226.449590171936
260000	-6215.360781841834
260500	-6240.912178542968
261000	-6305.81955867493
261500	-6262.273756505922
262000	-6206.243651949477
262500	-5940.108556979455
263000	-5928.1204398813825
263500	-6376.5518319789835
264000	-6373.57159986769
264500	-6389.14761014836
265000	-6355.937715582738
265500	-6378.552134176781
266000	-6359.157357760266
266500	-6412.530264867152
267000	-6245.491921556888
267500	-6357.976474309585
268000	-6377.535428734847
268500	-6395.985051419758
269000	-6411.979319391261
269500	-6412.674462318229
270000	-6412.674933658577
270500	-6412.657044192182
271000	-6412.658123660859
271500	-6412.674934040582
272000	-6412.6749340405795
272500	-6408.740277673727
273000	-6409.938519288748
273500	-6412.674934017231
274000	-6412.674166086181
274500	-6412.674856012446
275000	-6412.671791503196
275500	-6412.672328152069
276000	-6412.674922286527
276500	-6412.67493404041
277000	-6412.674934036143
277500	-6412.674934040431
278000	-6412.67493404052
278500	-6412.674934040492
279000	-6412.674934040477
279500	-6412.674933698969
280000	-6412.674923918397
280500	-6412.6749340404085
281000	-6412.67493404032
281500	-6409.588770331278
282000	-6243.283239591773
282500	-6406.997761723943
283000	-6398.29886503017
283500	-6292.878067694287
284000	-6038.0922357833115
284500	-6407.6860672082175
285000	-6411.742257655134
285500	-6412.633275995197
286000	-6354.668038485521
286500	-6411.736367816186
287000	-6317.550962211045
287500	-5946.570355938962
288000	-5513.027424848756
288500	-5540.954673708718
289000	-5702.269855513434
289500	-5523.905000181833
290000	-4470.217680384264
290500	-4809.851305632658
291000	-4480.901141283439
291500	-4781.736745230599
292000	-5872.056916445336
292500	-6101.893570625799
293000	-4447.444856190044
293500	-4595.467918882948
294000	-4290.790388822888
294500	-4167.708639263403
295000	-4515.203673589212
295500	-4453.334321891494
296000	-4435.786058554083
296500	-4303.629471145457
297000	-4472.062018146887
297500	-4285.262436281223
298000	-4525.184115791965
298500	-4559.86206337208
299000	-4980.570952002621
299500	-6234.322249547471
300000	-6136.165365779655
300500	-5227.071802935888
301000	-4993.216320724715
301500	-4996.753835777732
302000	-5769.510813787635
302500	-4337.447696533688
303000	-4409.024665990506
303500	-4499.690665750086
304000	-4120.3814239094
304500	-4211.3228655890525
305000	-4493.223932611428
305500	-5004.675219966443
306000	-5583.74611944861
306500	-5580.609072596391
307000	-6012.725951091635
307500	-6400.797988889208
308000	-6411.830892170247
308500	-6411.83843618299
309000	-6412.674930691665
309500	-6412.674932821497
310000	-6284.088209106625
310500	-5687.862523177499
311000	-5864.489418711999
311500	-6321.57508245459
312000	-5839.589251413484
312500	-4700.3857466626205
313000	-4162.756645401702
313500	-5104.421346815894
314000	-4468.434789160224
314500	-5478.99756931545
315000	-5871.137051372045
315500	-6213.464514271119
316000	-6329.7641642782855
316500	-7681.885347935833
317000	-7434.347263195595
317500	-7767.053695465642
318000	-7987.611893903589
318500	-7965.931268088425
319000	-7571.776953234364
319500	-7679.393580545729
320000	-8048.965143406663
320500	-8020.534213735067
321000	-7995.305651859697
321500	-7779.247439203315
322000	-8722.969407766772
322500	-7757.7773416627715
323000	-7306.608832882401
323500	-8030.889666911504
324000	-8278.633419824386
324500	-8247.872814795339
325000	-7016.864996585492
325500	-7337.6749111287645
326000	-7462.210694507389
326500	-7451.473191269424
327000	-7491.46758452243
327500	-7502.143811262414
328000	-7501.566047532722
328500	-7499.549385653574
329000	-7399.095928883268
329500	-7083.676153760445
330000	-7180.897647865805
330500	-7466.511504038243
331000	-7501.544369409962
331500	-7462.539156854404
332000	-7209.763279693422
332500	-7360.4093334070985
333000	-7498.041362824894
333500	-7422.889202222936
334000	-7443.940575664657
334500	-7502.196591033298
335000	-7498.2941705594
335500	-7501.893435186347
336000	-7502.142827362056
336500	-7502.065569995793
337000	-7395.647370978451
337500	-7432.175749936765
338000	-7494.089726232545
338500	-7501.997696275904
339000	-7501.951607567993
339500	-7502.1955487505165
340000	-7502.19619189116
340500	-7498.91860407608
341000	-7305.581901479438
341500	-7351.024223507469
342000	-6950.983976984247
342500	-6916.133138818818
343000	-6848.738538844606
343500	-6322.455786231681
344000	-6159.28093014735
344500	-5878.732254032617
345000	-5951.539140379413
345500	-7314.327856916591
346000	-6460.9981140768505
346500	-5595.204993416866
347000	-4473.957883964562
347500	-6427.049411846383
348000	-6921.161467012486
348500	-4541.018378795619
349000	-4925.863423565181
349500	-4946.155718292021
350000	-4812.349652433426
350500	-4647.340078740985
351000	-4781.333724961066
351500	-4721.6646176950435
352000	-4622.733358184235
352500	-5158.575125009444
353000	-5379.896591510572
353500	-5219.337165495006
354000	-5996.568722115545
354500	-6308.685040637711
355000	-6287.467982074388
355500	-5983.687177822053
356000	-4435.488447134552
356500	-4516.839134579491
357000	-4564.457587315059
357500	-4394.435205835616
358000	-4467.850454140124
358500	-4421.933292776271
359000	-4629.732419762804
359500	-4455.537854520015
360000	-4253.300593877132
360500	-4304.063029889354
361000	-4290.616135906353
361500	-4457.593236132734
362000	-4184.34575660348
362500	-4023.0129175691404
363000	-4202.162063437572
363500	-4271.38015972222
364000	-4376.27528064223
364500	-4495.301145195165
365000	-4412.270645699201
365500	-4244.034420308047
366000	-4716.706587197664
366500	-4687.467101209004
367000	-4385.154337849094
367500	-4329.479955203032
368000	-4161.610830787003
368500	-4155.998148848293
369000	-4152.353562577986
369500	-4367.681052781879
370000	-4152.041948513889
370500	-4170.128560582182
371000	-4314.582966705331
371500	-5716.232332767091
372000	-5357.253568804394
372500	-5560.510586899339
373000	-5444.202273505887
373500	-5772.476045554133
374000	-6020.601068256876
374500	-5607.355693359746
375000	-5443.425286481863
375500	-6173.4202992683695
376000	-6221.472210040821
376500	-4891.89801303048
377000	-5181.024709225902
377500	-4780.642381004778
378000	-4664.629504169016
378500	-5457.762175162695
379000	-6121.563804494839
379500	-5246.146900178624
380000	-6038.784581193332
380500	-5697.594021940001
381000	-5918.836084902617
381500	-4947.0118930789695
382000	-4927.488008453063
382500	-5024.655873444396
383000	-5379.424860129724
383500	-5764.45002566682
384000	-6304.711246496241
384500	-6461.646876487108
385000	-6063.054850341915
385500	-6107.40071394229
386000	-5581.244360077837
386500	-6136.129128016148
387000	-6451.522279667191
387500	-6461.927787867701
388000	-6461.940445438492
388500	-6419.016438070778
389000	-6105.40819138112
389500	-5723.596905346601
390000	-5395.766487317556
390500	-5281.777514971172
391000	-5578.700684725829
391500	-4954.643759465486
392000	-4319.610145281941
392500	-5146.196551917129
393000	-4853.215599202696
393500	-4707.3503090590975
394000	-4718.776116765506
394500	-4780.209250679252
395000	-5149.757239701045
395500	-5287.035251799981
396000	-5202.953190195617
396500	-6956.49568635332
397000	-7993.480582998642
397500	-8151.796112247389
398000	-7811.409594403354
398500	-7078.200203019758
399000	-7224.9179457857545
399500	-8117.590604490742
400000	-6941.792062285475
400500	-7904.554541194597
401000	-8139.234234575381
401500	-8047.681516043941
402000	-6897.578215850071
402500	-6225.91528169309
403000	-6238.001226277788
403500	-5847.735612582653
404000	-5811.005377945342
404500	-6061.159048729958
405000	-5562.731075651461
405500	-6743.215435286675
406000	-6676.43829724022
406500	-6788.425193397748
407000	-6475.138133230944
407500	-6617.401204857955
408000	-5890.455701585319
408500	-5333.149126583536
409000	-5067.525086303949
409500	-4987.771033923709
410000	-5254.825233163291
410500	-5578.904625553737
411000	-5366.994713695311
411500	-5175.930723607685
412000	-5081.137486455447
412500	-4748.993971725399
413000	-4578.445685279199
413500	-4539.485453560505
414000	-4690.5771899178035
414500	-4380.268331202538
415000	-4409.485580820126
415500	-4760.283339994823
416000	-4211.123360887871
416500	-4476.515377136075
417000	-6268.147349914626
417500	-6063.572407423855
418000	-5824.481044220266
418500	-5671.720854620589
419000	-5570.253100393645
419500	-5430.674175903166
420000	-5698.21677577344
420500	-4656.207484415758
421000	-4354.029930355671
421500	-4446.480348239508
422000	-5149.645381994872
422500	-5139.024114515502
423000	-5214.376855804298
423500	-5331.162609450716
424000	-5130.820086018433
424500	-4711.4963777421035
425000	-4263.928318530592
425500	-4677.666907204895
426000	-5617.017925542584
426500	-5502.488208591916
427000	-4689.734975360505
427500	-4646.314273388454
428000	-4631.331875821221
428500	-4517.2322496065535
429000	-5098.691710182265
429500	-4619.883977343988
430000	-4643.027915352963
430500	-4579.550101413339
431000	-4541.324011986847
431500	-4540.530438193517
432000	-5045.413853135209
432500	-4587.498260620193
433000	-5335.62275578206
433500	-7767.995351727084
434000	-7544.081128146314
434500	-8094.250002368163
435000	-8314.081724973774
435500	-8894.97670107022
436000	-9288.977405259153
436500	-9330.131922096733
437000	-9383.727132042519
437500	-9305.398403157422
438000	-9380.262016787696
438500	-9380.709476812863
439000	-9288.410043717864
439500	-9287.025931125248
440000	-9366.828114312713
440500	-9193.494758680976
441000	-9210.645570616338
441500	-8874.817011270354
442000	-6828.911243463994
442500	-8150.677801372252
443000	-7533.465233275618
443500	-7794.8849623202495
444000	-8730.86597992319
444500	-8512.406609626067
445000	-8753.168519391942
445500	-8919.499371583963
446000	-8920.343346403572
446500	-8920.140161514148
447000	-8568.489131511264
447500	-8879.149442009639
448000	-8130.850294787875
448500	-8499.524858313398
449000	-8872.298074718103
449500	-8654.279998269352
450000	-8797.038923942982
450500	-8487.254503266005
451000	-8856.895627148006
451500	-6829.011684474914
452000	-6742.72156825245
452500	-5113.817200255453
453000	-5954.813896041166
453500	-6573.85082268642
454000	-6424.659547320173
454500	-6179.221507291721
455000	-6024.8935115447675
455500	-6089.206946921666
456000	-6216.246480713274
456500	-6147.206125053229
457000	-6893.366235580366
457500	-6760.921536074768
458000	-6355.058271364686
458500	-6677.4862073741015
459000	-6920.09496499627
459500	-6891.738701242152
460000	-6415.489837239054
460500	-6583.964425616291
461000	-6890.7974820566815
461500	-6859.397481516929
462000	-5684.567325676055
462500	-4834.263716846181
463000	-5067.229503671607
463500	-4702.7658508878285
464000	-4829.447855197913
464500	-5679.445575195156
465000	-5600.921503535727
465500	-5151.457017939339
466000	-5355.314958450023
466500	-5180.096211745074
467000	-4614.374566954377
467500	-4857.246966075186
468000	-5536.460441598315
468500	-4982.988105926658
469000	-5218.774178976777
469500	-4644.925796414927
470000	-4742.027499279542
470500	-4250.09334823643
471000	-4516.250123019949
471500	-5722.439833079561
472000	-5356.1300877782405
472500	-5946.237251744981
473000	-5485.37391102353
473500	-6144.99647870695
474000	-6862.165085117849
474500	-6484.6348662253195
475000	-6092.0281839251265
475500	-6681.684342720185
476000	-6873.212741164966
476500	-6863.893861635035
477000	-6820.471665098349
477500	-6804.567759913393
478000	-6733.2170811879205
478500	-6733.242025835631
479000	-7790.364832217873
479500	-7590.606419444565
480000	-7616.211885654583
480500	-8023.511777785616
481000	-7847.384512585247
481500	-6740.69942521434
482000	-5715.459537676835
482500	-6085.638915822156
483000	-5554.343180665817
483500	-6218.539926633901
484000	-5842.659649749477
484500	-4525.477704670165
485000	-4474.153414469303
485500	-4497.961238577942
486000	-4601.50857019139
486500	-4680.460443297792
487000	-4815.025885626476
487500	-5049.65177963232
488000	-4722.03629411135
488500	-4590.954714022717
489000	-5117.764115867969
489500	-4377.28401790123
490000	-4882.563624077496
490500	-4323.695857894203
491000	-4585.909733760311
491500	-4757.235190041172
492000	-5142.041511601465
492500	-4481.300039287807
493000	-4389.097165359525
493500	-4725.2634392066075
494000	-4533.551062167634
494500	-4788.650559886846
495000	-4952.889475830427
495500	-4545.897875860268
496000	-4677.696673113657
496500	-4664.0131507081915
497000	-4912.919442474538
497500	-4692.037694634141
498000	-5117.830653435643
498500	-5101.4715483193595
499000	-4400.8571366821025
499500	-4466.397988926145
500000	-5127.010537212364
500500	-5802.1104783590245
501000	-5773.055910927783
501500	-5349.891653792343
502000	-5293.626636774398
502500	-5629.949884040062
503000	-5535.161314176444
503500	-5580.942131802059
504000	-5561.007286553935
504500	-5278.074746896838
505000	-5367.112127583549
505500	-5248.189939743333
506000	-5453.147142873251
506500	-5459.645343728198
507000	-5620.377947450646
507500	-5875.736787200749
508000	-5395.294626591173
508500	-5886.138307824801
509000	-5789.284487237554
509500	-6054.625046166473
510000	-6076.119325520718
510500	-6193.223227306463
511000	-6380.70429449379
511500	-6396.983483331892
512000	-6769.733717601986
512500	-6317.248699835701
513000	-5745.2551242060845
513500	-5855.486211713542
514000	-5872.084052033639
514500	-5856.76086851379
515000	-6131.807385475444
515500	-6034.444572729967
516000	-6217.751220019974
516500	-5984.535959968341
517000	-6087.519010802533
517500	-6173.309929722335
518000	-6087.140121436757
518500	-6636.917672569665
519000	-5801.111783808195
519500	-5380.585936616841
520000	-5558.9075666683075
520500	-5526.700625358626
521000	-5442.493067315706
521500	-5891.835669848083
522000	-5781.277808868067
522500	-5906.242828516792
523000	-6246.936516240973
523500	-6482.981286969975
524000	-6700.7780202392205
524500	-6228.197225922062
525000	-6373.360283024544
525500	-5856.074370329593
526000	-5485.134774911842
526500	-5436.041578881932
527000	-5507.148984678959
527500	-5137.043741322267
528000	-4957.130475540219
528500	-5485.134852011071
529000	-5146.248630577899
529500	-5084.99794235065
530000	-4853.47003088166
530500	-5299.21687403482
531000	-5629.088993654902
531500	-5452.600600586317
532000	-5412.525459219187
532500	-5438.8603201749
533000	-5312.519492872386
533500	-4621.80408992125
534000	-4807.011924895718
534500	-4816.7564915586645
535000	-4755.798307842925
535500	-5237.276830490218
536000	-4930.021590787372
536500	-4574.901144326623
537000	-4629.700939335872
537500	-4756.04969363655
538000	-4487.179220755243
538500	-4789.876113302767
539000	-4951.475919700788
539500	-5315.04029598359
540000	-5429.887471931134
540500	-5702.293545767405
541000	-5798.218465859358
541500	-5960.94630846212
542000	-5687.349044271145
542500	-5934.347933315006
543000	-4896.947171106664
543500	-4739.401914791642
544000	-4785.996901375153
544500	-4547.97337180747
545000	-4709.264191167069
545500	-6047.362709829523
546000	-5675.679727647566
546500	-5603.969330572847
547000	-6072.102956357252
547500	-5309.96277165011
548000	-5465.485791718159
548500	-5664.652155312997
549000	-6462.950393244508
549500	-6888.074827707428
550000	-6408.751750926603
550500	-6258.455712746457
551000	-6619.002607876389
551500	-6626.8804507884715
552000	-6587.031950116482
552500	-6794.926088400456
553000	-6964.135652809669
553500	-7133.620836230779
554000	-6478.738953012998
554500	-8540.325736384304
555000	-8751.884319245282
555500	-8676.319814844037
556000	-6926.349233043747
556500	-7125.780284406088
557000	-6954.041412270197
557500	-7309.960245091418
558000	-7271.78024318952
558500	-7483.745125870363
559000	-7470.155210139148
559500	-7333.979650840602
560000	-7142.397968771998
560500	-7258.937427887604
561000	-6604.276077576386
561500	-5958.834635561819
562000	-5765.602169957561
562500	-5816.54530130767
563000	-5868.329485062736
563500	-5472.070530272292
564000	-5936.756596092449
564500	-5746.104334881809
565000	-5501.748239433393
565500	-5745.537398402258
566000	-5311.921840135821
566500	-5549.903375770078
567000	-5396.870830827611
567500	-5009.426533336826
568000	-5972.191967487341
568500	-6020.1630791248335
569000	-6119.796391128525
569500	-6188.812504143926
570000	-6224.105095653144
570500	-5986.787625872602
571000	-6296.914919206106
571500	-6142.470902930713
572000	-6231.481643946917
572500	-6391.9337219060435
573000	-6274.1127249702
573500	-6623.206819313807
574000	-6656.320899504052
574500	-6664.129242604131
575000	-5302.822162827807
575500	-5412.340664202945
576000	-5084.940601202899
576500	-5165.370249650309
577000	-5464.178411432051
577500	-5362.026641608988
578000	-4946.5529083459405
578500	-5180.039746103109
579000	-5329.262068672515
579500	-5606.841199630054
580000	-5615.177402053099
580500	-4833.7621734266195
581000	-4805.510639606604
581500	-5028.338064021147
582000	-4842.370124355162
582500	-4990.778548673683
583000	-5364.198406575671
583500	-5207.957150891597
584000	-5751.860844179895
584500	-6424.631392833904
585000	-6811.298488584559
585500	-6674.957524196924
586000	-6644.742222096139
586500	-6440.631961671535
587000	-6395.599426457561
587500	-6612.243851492954
588000	-6480.814852940786
588500	-6342.004594190503
589000	-6525.393543508024
589500	-6664.853501027336
590000	-6697.10856906122
590500	-6328.457784606808
591000	-6667.699955539121
591500	-6327.871053961412
592000	-6452.730334766134
592500	-6524.2222187656935
593000	-6378.736630496109
593500	-6215.754161788203
594000	-6526.857020770305
594500	-6283.37427954797
595000	-6272.449820147587
595500	-6314.805327103699
596000	-6566.77623299227
596500	-6919.885454271679
597000	-6568.4770287892525
597500	-6403.656193200204
598000	-6328.342518351789
598500	-6099.642388974166
599000	-5474.011139576446
599500	-5087.8672764154935
600000	-4985.142474391328
600500	-5482.90053076003
601000	-5145.445430621027
601500	-5010.246012160101
602000	-5284.763116545586
602500	-4870.92356882406
603000	-4877.705934931363
603500	-4898.120391987497
604000	-4932.714096749972
604500	-4986.548005113151
605000	-5452.494946173402
605500	-5127.786282601977
606000	-5426.477699900486
606500	-5232.917982363552
607000	-5354.1978756763465
607500	-4896.028007616974
608000	-4657.915448700967
608500	-4962.54948418856
609000	-5286.803172429318
609500	-5048.728237302895
610000	-5199.655910238466
610500	-5161.014698914332
611000	-5344.834607361126
611500	-5066.105077168509
612000	-5109.11260731389
612500	-4551.295832124456
613000	-5071.765302044313
613500	-5236.875068054796
614000	-5028.7879773981385
614500	-5026.499230593978
615000	-4827.668283002917
615500	-4731.902289939184
616000	-4889.149064371864
616500	-4925.6536856225885
617000	-5157.314524773107
617500	-4852.736476971265
618000	-5007.087213789653
618500	-4585.733709386
619000	-4305.641503743597
619500	-4338.296042576701
620000	-4648.797721766736
620500	-4853.559417534495
621000	-4818.581401753687
621500	-4976.49990542443
622000	-5057.167520822089
622500	-4833.7815944329
623000	-4726.678824274762
623500	-4572.5233934861435
624000	-4729.974332470982
624500	-4487.904432673308
625000	-5076.808495238136
625500	-5077.141568103052
626000	-4346.921655680838
626500	-4440.075459327091
627000	-4919.916512891573
627500	-4778.33829789254
628000	-4915.57841694673
628500	-4695.175506973412
629000	-4462.6650273198975
629500	-4564.575071872849
630000	-4555.662484980169
630500	-4559.936936997829
631000	-4607.580199112748
631500	-5220.782205963973
632000	-4948.825170314846
632500	-5663.364160042468
633000	-6512.92475149018
633500	-6348.134615101965
634000	-6005.538161726748
634500	-5952.6051102066995
635000	-5921.487374009865
635500	-5834.522355553583
636000	-6020.473750448175
636500	-5860.103195629869
637000	-5691.283389749315
637500	-6758.7795657423985
638000	-6859.12609834235
638500	-6685.38538713375
639000	-6431.221509723192
639500	-6472.569414677885
640000	-7306.2248374405835
640500	-7275.1236661146895
641000	-6892.623445698783
641500	-6326.169049809191
642000	-6517.577305874922
642500	-6801.309336891991
643000	-6252.660759076795
643500	-6595.668760893224
644000	-6348.188066179357
644500	-6577.8511575888315
645000	-6872.65988864103
645500	-6958.856402691805
646000	-6427.209227373239
646500	-7034.256071125616
647000	-7058.314598884929
647500	-8449.11832898262
648000	-8193.149076954021
648500	-7830.643610034587
649000	-8030.240113339162
649500	-7567.621894266276
650000	-7458.752373142999
650500	-7593.6161007697565
651000	-7923.018956687698
651500	-7215.152312146679
652000	-7245.563698565022
652500	-7443.212691609423
653000	-7403.467535307554
653500	-7438.134886019326
654000	-7490.361996967729
654500	-7343.89391800895
655000	-7644.227582505792
655500	-7794.254578144277
656000	-7777.7806789277565
656500	-7360.374154452944
657000	-8028.856708085275
657500	-8091.476613182186
658000	-7576.6878806997465
658500	-7792.629168851703
659000	-7891.000448255036
659500	-8519.661288312405
660000	-8612.916635827138
660500	-8213.69992323344
661000	-7962.308932654582
661500	-9377.939609186284
662000	-9018.142850323113
662500	-9340.332885134321
663000	-9327.72483157674
663500	-8511.192078269234
664000	-9307.530550359765
664500	-8859.579236960064
665000	-8551.132049057447
665500	-8442.719535576573
666000	-8749.107310556281
666500	-9286.087686152887
667000	-8644.288349257524
667500	-9247.39954534796
668000	-8989.071826523323
668500	-9326.597793117293
669000	-9017.551209530115
669500	-8319.499812167764
670000	-8391.752213423104
670500	-8358.13895706911
671000	-8476.048043612143
671500	-7638.47572761321
672000	-7388.286629323666
672500	-7232.3443477619485
673000	-6742.255639452208
673500	-6504.144296986371
674000	-6394.9526674365625
674500	-6290.19898834864
675000	-5619.284906621611
675500	-5961.3231091002535
676000	-5720.889279181168
676500	-5539.550305639607
677000	-6252.733325119909
677500	-6687.314404617514
678000	-6421.31698341839
678500	-5822.520740663116
679000	-6425.86949283851
679500	-6119.984779205981
680000	-6832.7596007515085
680500	-6798.009628465487
681000	-6764.908091018113
681500	-6871.791204822539
682000	-6889.096911099885
682500	-7270.381139034103
683000	-7053.212039397526
683500	-7415.885953785121
684000	-7029.0631072526185
684500	-7070.981623546716
685000	-6995.008219641243
685500	-6688.206323594227
686000	-6593.034541578902
686500	-6279.861873892892
687000	-6034.420724333336
687500	-6380.8633004890235
688000	-6722.899466769116
688500	-6669.12566569853
689000	-7096.335812677694
689500	-6850.851293721578
690000	-6623.634135566983
690500	-7040.226595856866
691000	-6819.402066155553
691500	-6691.622817380397
692000	-6212.198002094307
692500	-6483.9983920815475
693000	-6016.922319921184
693500	-5920.2085033081485
694000	-6090.05882839262
694500	-5847.600277667269
695000	-6365.995897018128
695500	-6422.1280122687185
696000	-6428.86020137787
696500	-6478.764215615072
697000	-6781.84248587835
697500	-6416.949058086903
698000	-6998.07532280902
698500	-6754.39161842872
699000	-7407.462616403613
699500	-6902.3853903778745
700000	-7305.361105665764
700500	-6746.730207907408
701000	-6868.008611359303
701500	-6778.737648246315
702000	-7032.492398310659
702500	-7015.251382465226
703000	-6509.721741856694
703500	-6179.911793477971
704000	-6346.878651351046
704500	-6042.14635024531
705000	-6088.872013808493
705500	-6071.420451172473
706000	-6386.578017552891
706500	-6226.373666776053
707000	-5985.764125088865
707500	-6825.279047870457
708000	-6972.16696516476
708500	-6797.690417261533
709000	-6646.852047679958
709500	-6766.854830873647
710000	-6612.636440800485
710500	-7034.567008064163
711000	-6864.815427037045
711500	-6454.428085241808
712000	-6609.571210399817
712500	-6474.214223168078
713000	-6926.223213166624
713500	-6507.441816150734
714000	-6116.823957846373
714500	-6344.286213645192
715000	-5958.004972729472
715500	-5841.7079027281015
716000	-6439.889071254575
716500	-7405.109235009381
717000	-6894.394229977002
717500	-7485.5552802777975
718000	-7321.647257694842
718500	-7666.0891228407845
719000	-7683.869225475781
719500	-7368.0345632273775
720000	-7659.21659180599
720500	-7124.181726337423
721000	-7295.616609788633
721500	-6946.629838182173
722000	-7400.676590611148
722500	-7082.0754881797275
723000	-6779.7645870654305
723500	-7395.529545916891
724000	-7340.666173177947
724500	-6852.725950520781
725000	-7362.91141654548
725500	-6901.287960855429
726000	-6502.357022150859
726500	-7171.974137635469
727000	-7679.472349739647
727500	-7753.71754667823
728000	-7271.075093896125
728500	-7379.845251950384
729000	-7061.007410830549
729500	-7163.837962075485
730000	-6985.401299017865
730500	-6941.631921778672
731000	-7197.345374991957
731500	-6840.549267892225
732000	-6708.3955409309265
732500	-6824.007135599951
733000	-7232.856221064179
733500	-7852.565650071908
734000	-7630.604935830395
734500	-7459.170428422768
735000	-7128.968095799909
735500	-6407.747000434595
736000	-6814.573100997937
736500	-6481.148352043523
737000	-6255.360099889624
737500	-6480.021905291324
738000	-6398.6392094030425
738500	-6514.5521260239975
739000	-6063.246103992352
739500	-6322.711366478892
740000	-6340.970755694864
740500	-6143.772721911897
741000	-5839.409686859686
741500	-5662.024967668666
742000	-5017.951272010579
742500	-5351.410424539231
743000	-5368.468205869391
743500	-5830.060676461015
744000	-5571.175390608019
744500	-5780.4339538316935
745000	-5289.477921464139
745500	-5461.464159622869
746000	-4756.143019567924
746500	-4784.674316971858
747000	-4702.585572654436
747500	-5685.265844904346
748000	-5227.988319109147
748500	-5180.372869987198
749000	-5222.361275155618
749500	-5661.244632350152
750000	-5482.772289705449
750500	-5202.251710173969
751000	-5299.679507045629
751500	-5212.488496168346
752000	-5271.480109680862
752500	-5458.840160299711
753000	-5295.337464638532
753500	-4922.1435728680235
754000	-4750.850132808175
754500	-4935.031379599799
755000	-4672.987796657764
755500	-4992.553247117548
756000	-8468.827367178212
756500	-5939.58116506672
757000	-9009.893872084043
757500	-6189.887302617231
758000	-12020.413511039147
758500	-11924.526203967129
759000	-11886.16181113367
759500	-11508.689143004332
760000	-11670.340568094263
760500	-4974.343617164514
761000	-8154.496880242556
761500	-11380.342047723798
762000	-11810.596225136067
762500	-10880.473095615806
763000	-12096.742502789537
763500	-12636.25777032255
764000	-12512.206129396616
764500	-12835.098830532836
765000	-12012.840658572339
765500	-11283.627585965156
766000	-11932.16215092757
766500	-11663.3616274291
767000	-11366.992322875098
767500	-11831.701784015488
768000	-11665.36746504651
768500	-11529.774308721502
769000	-10648.771385991759
769500	-10559.073262574666
770000	-10533.674429689961
770500	-10707.961884934623
771000	-10609.035754888044
771500	-9826.002998155973
772000	-7662.017953184453
772500	-7719.606644005811
773000	-7278.440773303813
773500	-7174.635488122397
774000	-6459.348740646379
774500	-8561.722044016135
775000	-8983.235186437421
775500	-8890.36981293523
776000	-8568.613744381648
776500	-7534.931461479522
777000	-4830.141145640102
777500	-6119.967064323684
778000	-5086.267048382293
778500	-4911.01129442717
779000	-5075.918915993051
779500	-4839.106472194943
780000	-4977.546249421019
780500	-5086.845499623241
781000	-4839.431183554506
781500	-5022.8909874422225
782000	-4805.25051755649
782500	-5466.475849115754
783000	-5409.553302952083
783500	-4953.2886761750615
784000	-4866.4724871760845
784500	-5132.212655013687
785000	-4714.004284692278
785500	-4493.808752275846
786000	-4374.420200405485
786500	-4400.383429678832
787000	-4903.427007779037
787500	-4620.093655371919
788000	-4876.519575834439
788500	-4484.777166593605
789000	-4348.908067335516
789500	-4334.880411365193
790000	-4263.146613238852
790500	-4844.06364951131
791000	-4695.413615111696
791500	-4506.312541767876
792000	-4751.205731923613
792500	-4915.735102437799
793000	-4813.732895846286
793500	-4861.315542394966
794000	-4901.061776185936
794500	-5467.244936897497
795000	-4934.410289579581
795500	-4747.567937235474
796000	-4787.445207729358
796500	-4960.30064817523
797000	-8098.474535036865
797500	-5088.368523359876
798000	-8370.328192084711
798500	-7715.641058353691
799000	-9320.458315633894
799500	-9131.399790310194
800000	-9001.939840229092
800500	-7270.9497465448085
801000	-5468.211627981164
801500	-7706.448923749602
802000	-8385.599703918266
802500	-9043.85071983459
803000	-8683.636010741942
803500	-8231.185074669773
804000	-5376.323225108232
804500	-7376.691968970763
805000	-8649.29179225757
805500	-9025.119678733856
806000	-7313.027806812696
806500	-7425.550737808365
807000	-7346.654538536071
807500	-7371.879529640552
808000	-7482.852861574051
808500	-7484.945052446628
809000	-7395.6647645701705
809500	-7667.428237267331
810000	-7884.725820690485
810500	-8262.423459488075
811000	-7787.128441665912
811500	-7398.629106816044
812000	-7383.9250711482855
812500	-7244.59845186934
813000	-8121.046092961666
813500	-7926.175264459839
814000	-7851.888337304717
814500	-7986.942778980855
815000	-8001.739147503901
815500	-8433.042682404424
816000	-8166.054578471499
816500	-8438.844856677506
817000	-8122.9586053386265
817500	-7906.508489113113
818000	-8111.283922723422
818500	-7785.261668627882
819000	-7515.507882443778
819500	-7302.731534480146
820000	-6720.1746090541665
820500	-5826.748895708803
821000	-6435.695810747364
821500	-6728.477310344502
822000	-7134.730337670339
822500	-7121.086021909343
823000	-6888.177200412288
823500	-6989.756643448701
824000	-7156.026544738606
824500	-7093.519664719102
825000	-7078.211054563841
825500	-7105.855553687121
826000	-6940.130423382626
826500	-6883.649697568664
827000	-6892.986299180401
827500	-7208.852624716216
828000	-7072.7905942091875
828500	-7073.259674669087
829000	-7103.943141418205
829500	-6908.181227393795
830000	-6804.48411363269
830500	-6797.999367366739
831000	-6868.351254166227
831500	-7131.896524638749
832000	-7289.114782623674
832500	-6408.232604796502
833000	-6380.868864232603
833500	-6405.866256352221
834000	-6411.705393283601
834500	-6395.891442013283
835000	-6379.643999086168
835500	-6201.996720454836
836000	-6237.423006220853
836500	-5953.420353181756
837000	-5693.428323398908
837500	-5578.313891838269
838000	-5589.924505309164
838500	-5612.7588104012975
839000	-5014.439176317872
839500	-4840.2170089866395
840000	-5258.843917551222
840500	-5016.534165971095
841000	-4950.706618823897
841500	-5203.875625809403
842000	-5504.882844213844
842500	-5708.3056194242035
843000	-5396.000918897216
843500	-5498.842434605803
844000	-5186.045283914469
844500	-5441.634805541022
845000	-5626.340901145312
845500	-5744.998517911057
846000	-5517.8987669290245
846500	-5484.626923337163
847000	-5285.26606788181
847500	-4993.591106379586
848000	-5138.486599477256
848500	-5179.8201889241345
849000	-5326.7884463901655
849500	-5260.706436463428
850000	-5854.916892758678
850500	-5949.657673387229
851000	-5935.129953265828
851500	-5717.504014269388
852000	-5421.781071205544
852500	-6334.600012752076
853000	-5924.47884279938
853500	-6197.476396108723
854000	-6309.9240807408605
854500	-6658.533383403979
855000	-5855.775741387096
855500	-5326.626643771679
856000	-5603.594126259758
856500	-5215.606403719729
857000	-4945.697666496542
857500	-4814.642040578982
858000	-4827.555603738319
858500	-5421.963837090438
859000	-5258.19938820906
859500	-4963.046476778303
860000	-4847.028733229474
860500	-5240.868908984016
861000	-5115.065833326154
861500	-5004.943339759277
862000	-5202.026594002224
862500	-5254.1470767690735
863000	-5334.7647740235825
863500	-6726.758949013591
864000	-6510.244803456836
864500	-6233.225301129124
865000	-5981.660767697428
865500	-5986.365826234387
866000	-6425.088423656053
866500	-6272.916973255614
867000	-5905.452785269482
867500	-5746.656660252257
868000	-5859.267862345794
868500	-5527.84544413146
869000	-5892.247454675727
869500	-5926.9888989448955
870000	-6002.410650521231
870500	-6660.223721374561
871000	-7004.335981278032
871500	-6739.488703039598
872000	-5777.777298611599
872500	-5789.211039292428
873000	-5853.666977452847
873500	-5934.358454952807
874000	-5601.892269647718
874500	-5873.295467064172
875000	-5268.876706642761
875500	-5513.040267642689
876000	-5656.625419968245
876500	-6132.331174936309
877000	-5889.831426201701
877500	-7341.021068515103
878000	-7290.521025095521
878500	-6113.67525425512
879000	-7086.768364036417
879500	-6884.8675854985695
880000	-5574.777667414887
880500	-5329.242793260648
881000	-5438.157491407334
881500	-4761.986774323044
882000	-4863.984474585018
882500	-4534.013423380645
883000	-5441.57275239384
883500	-4528.119708656511
884000	-4435.279734830244
884500	-4488.577033351046
885000	-4631.033379800351
885500	-5063.761684312063
886000	-4726.593354492463
886500	-4764.964549059884
887000	-5037.570432618164
887500	-5084.143354170025
888000	-4859.266359130741
888500	-5041.2386511102995
889000	-5148.370983009673
889500	-4562.395101315064
890000	-5214.428161987522
890500	-5359.807777513067
891000	-4987.672569932468
891500	-5509.027631560764
892000	-5423.382214532545
892500	-5431.379250724642
893000	-4831.3773235497565
893500	-5280.829209282765
894000	-5224.6857254231845
894500	-5047.191621778272
895000	-4707.23253728045
895500	-4708.85695573589
896000	-4989.092429782186
896500	-5545.88354314203
897000	-5842.177605037975
897500	-5519.422322755031
898000	-5844.321261767941
898500	-6097.50944423639
899000	-5814.897876323196
899500	-5815.7792145803305
900000	-6027.074062765246
900500	-6467.259084814137
901000	-6515.380951043433
901500	-6385.968157245577
902000	-7110.674080729946
902500	-6567.549106474233
903000	-6213.89167402489
903500	-6449.511978983753
904000	-6086.804463019405
904500	-5876.098715042339
905000	-5900.555663129204
905500	-6070.383141794049
906000	-6764.383672970933
906500	-7563.816033977091
907000	-7508.75370650976
907500	-7879.814147329413
908000	-7780.318189987458
908500	-7839.032765518126
909000	-7763.057844409437
909500	-7811.8876052326295
910000	-8445.723017088654
910500	-8211.466317472708
911000	-7345.134784766543
911500	-7389.688244917137
912000	-7317.31475879798
912500	-7534.66797476602
913000	-6766.778792784299
913500	-7075.862685647568
914000	-6901.338098863861
914500	-6673.089016661197
915000	-6687.927302101811
915500	-6152.177808136078
916000	-6289.2251151948685
916500	-6225.492073248418
917000	-6036.509791421175
917500	-5949.738046609669
918000	-6150.966568736799
918500	-6186.496850696494
919000	-6649.7304263556525
919500	-6376.714191602795
920000	-5999.235803695109
920500	-6312.524175285204
921000	-5786.235596206489
921500	-5980.59223533332
922000	-6086.227073743295
922500	-5865.495917489698
923000	-5479.569540600311
923500	-5711.521925541415
924000	-5845.774687204914
924500	-5099.9117730495755
925000	-4533.296501408275
925500	-4402.924359908814
926000	-4912.128397656148
926500	-4853.792400996516
927000	-4527.018274237994
927500	-4567.093316736745
928000	-4890.854312752986
928500	-4575.215341002039
929000	-4410.963277651169
929500	-4825.708750391596
930000	-4603.6049550711705
930500	-4489.832270398463
931000	-4797.853851465945
931500	-4728.450728258558
932000	-4527.259417417856
932500	-4779.93907307444
933000	-4972.252200179327
933500	-4910.048675765794
934000	-4901.074507213777
934500	-5148.752847024431
935000	-4831.58228411705
935500	-5134.798769168702
936000	-4920.955948613331
936500	-4772.072364950637
937000	-5424.8477231380275
937500	-4844.86275116992
938000	-5036.8662528084
938500	-5027.289056240957
939000	-4797.670504220001
939500	-4802.362418627924
940000	-4825.795963432635
940500	-4665.720667504034
941000	-4655.660615248106
941500	-4494.007681346208
942000	-4826.487680996364
942500	-5162.7344574660565
943000	-5830.273134834153
943500	-5950.391087630391
944000	-5770.769849838858
944500	-5661.329596520301
945000	-5695.8589016454425
945500	-4934.281182975572
946000	-5812.530340826573
946500	-6170.232962400263
947000	-5797.862660377611
947500	-5246.985429631477
948000	-5480.2655536042375
948500	-5236.353283165284
949000	-5239.220990211434
949500	-5220.980454403037
950000	-4974.555660195679
950500	-4888.316682009847
951000	-4779.630714019021
951500	-4992.685315194255
952000	-5267.676054589987
952500	-5752.44279121192
953000	-4945.750106231339
953500	-5487.228364305199
954000	-5394.779704309464
954500	-6052.891130344022
955000	-6176.6494408431245
955500	-6435.778722659261
956000	-6262.5349822534145
956500	-5952.3286068937
957000	-6364.110965773512
957500	-6467.904095527637
958000	-5936.821546210155
958500	-7159.496525493343
959000	-7276.293041979079
959500	-7302.658743166773
960000	-7201.216017450257
960500	-7118.768058649578
961000	-7423.7611809598675
961500	-7534.415010782793
962000	-7285.228363024529
962500	-7517.675909523515
963000	-7367.8472492653045
963500	-7654.111999583307
964000	-7393.827835623698
964500	-7498.240803688518
965000	-7520.260292658113
965500	-6980.294668681416
966000	-6464.191378406824
966500	-6686.430792065026
967000	-6809.468087706907
967500	-6910.089083242679
968000	-6761.233424838158
968500	-6644.611720005645
969000	-6713.854359924313
969500	-6716.500206710588
970000	-7037.945574507157
970500	-7390.647882721537
971000	-7494.506326415612
971500	-7151.061133650179
972000	-6906.299276446168
972500	-6926.019909457245
973000	-7162.065499178052
973500	-6948.916969949984
974000	-6865.39764351999
974500	-5969.651790772001
975000	-6476.512436345995
975500	-7063.323437792625
976000	-6884.773921328823
976500	-6922.63893545695
977000	-7046.446551062283
977500	-7159.083294824474
978000	-6982.707187937849
978500	-7182.110853530013
979000	-6779.3127560029025
979500	-6646.594679845858
980000	-6641.048373926039
980500	-7506.101674564955
981000	-7142.104685629051
981500	-7252.545054904678
982000	-7070.452663688821
982500	-7115.51951864611
983000	-6865.215210392549
983500	-7005.4114113954
984000	-6929.127653643137
984500	-6900.642739024607
985000	-6465.145019841305
985500	-4940.1780624853745
986000	-5270.507104832522
986500	-5283.110659203245
987000	-5894.669465196597
987500	-5672.555483050117
988000	-6031.726077819537
988500	-6151.20320958692
989000	-5708.893645256804
989500	-5840.935739110597
990000	-6350.719025006865
990500	-8592.762653316015
991000	-8445.750441335817
991500	-8020.323708776243
992000	-8469.178170372797
992500	-8447.613696821936
993000	-8729.615127527568
993500	-8293.734366743332
994000	-6407.5248482867
994500	-6436.4217422593365
995000	-7156.836122862052
995500	-7421.392641954337
996000	-7403.379630277084
996500	-7706.261534793613
997000	-7833.080617240048
997500	-7629.246964023927
998000	-7121.5107799189645
998500	-7603.871354684307
999000	-7870.980396695723
999500	-7753.580707540536
1000000	-7313.7446604771985
1000500	-5502.669693386036
1001000	-5645.997473516304
1001500	-5119.926062718697
1002000	-5183.267182141383
1002500	-5593.07817223223
1003000	-5460.63981469579
1003500	-5608.395219390735
1004000	-5648.134757362482
1004500	-5744.455016115032
1005000	-5736.502758857453
1005500	-5741.576215595432
1006000	-5766.9344420710895
1006500	-5643.88979731293
1007000	-5999.468588626919
1007500	-6174.668037070443
1008000	-6318.279185808802
1008500	-6141.152457541623
1009000	-6080.978391205069
1009500	-6113.992070243182
1010000	-5856.976606660147
1010500	-5934.723906181869
1011000	-5967.817092521946
1011500	-6359.995874605766
1012000	-6882.110486327048
1012500	-6709.40078879023
1013000	-6670.020320913977
1013500	-6561.903549671234
1014000	-6353.130085269003
1014500	-6423.15821576287
1015000	-6253.4240112377265
1015500	-6328.907983391266
1016000	-6165.5729787450755
1016500	-6361.021592694463
1017000	-6559.832522500467
1017500	-6256.87134354491
1018000	-6112.765813315798
1018500	-6137.266945116649
1019000	-6713.69094490974
1019500	-6266.2504241443
1020000	-6259.1057973686065
1020500	-6296.256350799295
1021000	-6495.148762959656
1021500	-6572.03220799427
1022000	-6272.12433590684
1022500	-6305.207217160922
1023000	-6137.090563949736
1023500	-6285.313186340455
1024000	-5876.032877361057
1024500	-5761.033005477691
1025000	-5645.395426465143
1025500	-5203.493579227209
1026000	-4920.37025606724
1026500	-5267.660068999493
1027000	-5389.550710320983
1027500	-6010.865375649304
1028000	-6037.780894698799
1028500	-6270.07532473961
1029000	-6150.019029339105
1029500	-6214.19472084752
1030000	-5989.401639867607
1030500	-6352.201222557598
1031000	-6495.151787113779
1031500	-5869.123374579993
1032000	-5701.747917253741
1032500	-5530.0702765144915
1033000	-5344.979543250674
1033500	-5197.233566096123
1034000	-5052.770619494843
1034500	-5263.531411621821
1035000	-4889.069154053781
1035500	-4682.1324199923565
1036000	-4697.027125317906
1036500	-4646.236976842384
1037000	-4527.760169601441
1037500	-4648.985476746497
1038000	-4973.962517285708
1038500	-5006.914477841466
1039000	-4590.018201037544
1039500	-4478.879348223182
1040000	-4683.959274097082
1040500	-4673.5523071097605
1041000	-4546.409915651636
1041500	-4632.472051110453
1042000	-4547.911628203229
1042500	-4633.826694034286
1043000	-4511.71710669368
1043500	-4889.0395571106565
1044000	-4557.89177838617
1044500	-4592.013524210507
1045000	-4445.227475307495
1045500	-4634.728173788013
1046000	-4797.717577220564
1046500	-4808.955807549529
1047000	-4691.005856018322
1047500	-4853.6170079305375
1048000	-4852.9708617142105
1048500	-4993.518014401347
1049000	-4872.346988103977
1049500	-4923.402238127357
1050000	-4830.074041021908
1050500	-4796.151926025752
1051000	-4745.172534970756
1051500	-4657.906480498729
1052000	-4752.264691840977
1052500	-4746.3986211701995
1053000	-4796.806336558018
1053500	-5218.958023709171
1054000	-5211.607277962377
1054500	-5181.632678067937
1055000	-5552.14141197563
1055500	-5524.162114998992
1056000	-5521.830712255417
1056500	-5157.67543896491
1057000	-5201.388874234997
1057500	-5287.725394734927
1058000	-5683.716701118621
1058500	-6255.455853095756
1059000	-5700.071378425656
1059500	-5825.90890428892
1060000	-6311.783114450713
1060500	-7079.7083892467635
1061000	-7360.1985046954005
1061500	-7260.311702824106
1062000	-7218.431242004455
1062500	-7862.925472303698
1063000	-8048.670100818882
1063500	-8310.113025410508
1064000	-7774.777331637766
1064500	-7902.122168920026
1065000	-8025.865526885919
1065500	-8164.857208374628
1066000	-7796.980903520118
1066500	-8126.456369308416
1067000	-7713.09722856811
1067500	-7767.770820909519
1068000	-7687.72777059382
1068500	-6960.8152050927665
1069000	-6817.080206335965
1069500	-7166.29778255976
1070000	-6715.217530607589
1070500	-6658.29562540779
1071000	-6842.314793357886
1071500	-6900.663695438504
1072000	-7225.535979637565
1072500	-7063.268611057284
1073000	-6910.481357693012
1073500	-6651.577047771148
1074000	-6973.405090692366
1074500	-7535.697040021579
1075000	-7293.544539456557
1075500	-6770.271991526092
1076000	-7262.383188610992
1076500	-7148.898206056932
1077000	-7284.225053601027
1077500	-7501.757806989295
1078000	-7053.393978710311
1078500	-7044.311255237852
1079000	-7033.570166677642
1079500	-6730.496807056252
1080000	-6605.368137624212
1080500	-6535.711115281596
1081000	-5999.803738990102
1081500	-5989.041035920599
1082000	-6263.227421918861
1082500	-5806.677570244818
1083000	-6098.302626542531
1083500	-5974.485376466609
1084000	-6329.292009843109
1084500	-5777.380557602414
1085000	-6111.7092874398495
1085500	-6122.5347684622775
1086000	-6401.310997565715
1086500	-6296.61268418751
1087000	-6380.706177508713
1087500	-6707.428155304814
1088000	-6449.449254817228
1088500	-6011.066649835166
1089000	-5650.308007133724
1089500	-5752.245710329607
1090000	-4963.060957287298
1090500	-4941.943034084959
1091000	-4924.909099797302
1091500	-5506.02982016024
1092000	-7208.152634435878
1092500	-7232.987710002035
1093000	-6563.118629495782
1093500	-5360.401302428558
1094000	-5226.893940393417
1094500	-5253.0697748394
1095000	-5448.629992683596
1095500	-7040.796999533941
1096000	-7912.915224355124
1096500	-6836.505107769488
1097000	-5425.950014279793
1097500	-7464.247605439783
1098000	-8463.283960824168
1098500	-7850.122464293227
1099000	-7482.762853585707
1099500	-7622.609091243698
1100000	-8537.651269232874
1100500	-8013.973224892194
1101000	-9026.793917822835
1101500	-8985.869873241629
1102000	-9037.051662180646
1102500	-9020.414790529234
1103000	-9015.117750392057
1103500	-9036.71557710023
1104000	-9041.313180060952
1104500	-8967.81915929179
1105000	-8883.519908869226
1105500	-8995.45208897148
1106000	-9037.028239472977
1106500	-9036.314706470772
1107000	-8849.193994933867
1107500	-8944.302806726768
1108000	-8570.690791724885
1108500	-8716.133960751997
1109000	-8838.38672966225
1109500	-8936.625856035713
1110000	-8922.68429919049
1110500	-9033.256487147124
1111000	-7251.381455565488
1111500	-7296.527549202661
1112000	-6854.469249794339
1112500	-6776.100133453359
1113000	-7271.9871107367035
1113500	-7051.465296506317
1114000	-6805.685094434097
1114500	-4953.8671477280495
1115000	-6024.152795904131
1115500	-5149.635275427622
1116000	-5355.245609345632
1116500	-5739.152091499326
1117000	-5923.972521289537
1117500	-5920.870871634248
1118000	-5360.594521071749
1118500	-4876.064138575048
1119000	-4841.7704404231845
1119500	-5052.24853175716
1120000	-4798.007091001473
1120500	-5222.258186774206
1121000	-5260.190662206201
1121500	-5671.506638302878
1122000	-5907.121357985667
1122500	-6166.558156979519
1123000	-6201.909606184215
1123500	-6096.3120057266
1124000	-6268.843646978824
1124500	-6209.599685210337
1125000	-6313.725057503704
1125500	-6103.585010885958
1126000	-6265.677697739428
1126500	-6285.836440658709
1127000	-6268.059602688437
1127500	-6219.500267744637
1128000	-6260.866626378253
1128500	-6228.882071132101
1129000	-6313.77729038817
1129500	-6306.001147160246
1130000	-6314.790462064419
1130500	-6298.179142826839
1131000	-6234.623844073488
1131500	-6312.157619923912
1132000	-6307.865963173702
1132500	-6242.993816070758
1133000	-6310.4874202981955
1133500	-6060.6193585115925
1134000	-5977.935529226359
1134500	-5752.025075614607
1135000	-5132.005599226811
1135500	-4957.912214609081
1136000	-4699.275297339096
1136500	-5019.984088984163
1137000	-4485.426238050781
1137500	-4720.983619918365
1138000	-5265.68340842492
1138500	-5038.897985436429
1139000	-6027.998435339389
1139500	-6221.810283122472
1140000	-6976.852357136923
1140500	-6955.767385648382
1141000	-7154.856215420804
1141500	-6242.999243102951
1142000	-6388.7341711530935
1142500	-5107.182667548552
1143000	-4653.354141533326
1143500	-4786.540291827391
1144000	-5236.740661202269
1144500	-6491.654332634547
1145000	-5762.610738777033
1145500	-5947.989021150629
1146000	-5956.729961765095
1146500	-6740.657613882227
1147000	-6641.185426284242
1147500	-7102.745702148051
1148000	-7117.413396100626
1148500	-7116.454433489888
1149000	-7063.537243848107
1149500	-7117.085238889742
1150000	-7117.514692887812
1150500	-7117.514692887307
1151000	-7117.514688956529
1151500	-7117.514692859787
1152000	-7115.31590472904
1152500	-7060.4094114928375
1153000	-6208.363722661799
1153500	-6219.5167380786825
1154000	-5742.040437835904
1154500	-5626.8698216971825
1155000	-5640.3582217797175
1155500	-5505.693109874652
1156000	-5268.176333915084
1156500	-5495.523211155883
1157000	-5545.47067553327
1157500	-4807.150732454956
1158000	-4785.351974214446
1158500	-5388.926568792115
1159000	-5585.8882964216855
1159500	-5771.884885154754
1160000	-4699.925599962654
1160500	-5617.105737751395
1161000	-6191.736556371737
1161500	-6128.69944011249
1162000	-5996.391868597066
1162500	-6332.131128146081
1163000	-6093.848115576602
1163500	-6188.765019002842
1164000	-6227.83652416252
1164500	-6365.9789285173565
1165000	-6219.6130077487205
1165500	-6121.979376604699
1166000	-5535.538064425694
1166500	-6265.084632271347
1167000	-6070.484389993432
1167500	-5617.317760409531
1168000	-5573.957287391879
1168500	-5448.1114197167735
1169000	-5400.303320481157
1169500	-5334.040093577288
1170000	-5311.753019348365
1170500	-5300.334285035284
1171000	-5149.402198278824
1171500	-5433.75748222721
1172000	-5982.675582891245
1172500	-6056.5712950647585
1173000	-5997.370344841383
1173500	-5560.563640070851
1174000	-5761.448325890218
1174500	-6070.845580000766
1175000	-5965.247728228923
1175500	-6005.528585584429
1176000	-5700.220345037285
1176500	-5695.543135321992
1177000	-5422.765966097351
1177500	-5686.754842211911
1178000	-5604.215976884289
1178500	-5883.563625441507
1179000	-6084.661082411054
1179500	-5647.4359844869805
1180000	-5448.348860170373
1180500	-5174.1446785703365
1181000	-5249.6513501205745
1181500	-5380.134622634533
1182000	-5665.587606798745
1182500	-5427.920378423157
1183000	-5247.566624080697
1183500	-5292.808688497532
1184000	-5427.932726418438
1184500	-5282.727139075224
1185000	-5416.628288338037
1185500	-4542.463639591712
1186000	-4612.127411005908
1186500	-4656.441953695009
1187000	-4648.968899539631
1187500	-4747.701045391647
1188000	-4867.073417780044
1188500	-4948.673384973481
1189000	-5690.881430534279
1189500	-5612.062084688361
1190000	-5907.987067215729
1190500	-5594.248153201509
1191000	-5674.052183932635
1191500	-6120.420780229064
1192000	-6260.4395042656215
1192500	-6366.26082768468
1193000	-6365.464302141788
1193500	-6200.815548701652
1194000	-6365.380096520085
1194500	-6347.681285141703
1195000	-6366.188762475878
1195500	-6366.264003896155
1196000	-6360.334981126568
1196500	-6366.228932735744
1197000	-6366.186882590655
1197500	-6365.749266691313
1198000	-6106.39535440838
1198500	-6073.933863062512
1199000	-5749.507025864075
1199500	-6077.490322565051
1200000	-6183.289549278571
1200500	-5457.757051786982
1201000	-4624.893495589361
1201500	-4798.874749280919
1202000	-4620.419363556029
1202500	-5026.293401053355
1203000	-5529.624051188857
1203500	-4804.167046636616
1204000	-5490.972109829347
1204500	-4861.300878565508
1205000	-5890.057425946492
1205500	-5888.259519191611
1206000	-6433.851120499875
1206500	-4864.626005722209
1207000	-4853.746521459571
1207500	-4976.236116562704
1208000	-5056.667553358409
1208500	-5753.673537957882
1209000	-5811.857277941083
1209500	-6022.0621397429895
1210000	-5607.4416725198325
1210500	-5674.19373152161
1211000	-6003.889532430564
1211500	-6692.278189584092
1212000	-5069.518999913231
1212500	-7509.485273172274
1213000	-7220.090094820813
1213500	-8241.10274497129
1214000	-7424.539902218991
1214500	-7914.187786248839
1215000	-8235.466610938769
1215500	-8241.7288254246
1216000	-8147.999716588868
1216500	-7098.973234011123
1217000	-5466.325113033862
1217500	-5372.197138617784
1218000	-5625.668820057474
1218500	-7037.430303612518
1219000	-6990.241975987545
1219500	-6655.405196497503
1220000	-7732.224633839217
1220500	-8047.788715477592
1221000	-7852.286675729284
1221500	-7981.60304582182
1222000	-7454.970114835316
1222500	-6454.451843778797
1223000	-5597.046337812159
1223500	-5807.635621404077
1224000	-6869.692934817546
1224500	-7339.831957434177
1225000	-5676.275008113861
1225500	-4666.0836837335655
1226000	-4616.628154986821
1226500	-4562.192422094696
1227000	-4910.574548904103
1227500	-5278.563807329451
1228000	-4802.438218782794
1228500	-4553.976342337999
1229000	-4453.566309022727
1229500	-5138.3772313216095
1230000	-4588.887670898504
1230500	-5616.483769481923
1231000	-7609.0367390896345
1231500	-7870.366034916483
1232000	-8142.942446319415
1232500	-8779.153800807659
1233000	-8024.624718855909
1233500	-7973.175307285233
1234000	-7852.911871055705
1234500	-7914.336021129518
1235000	-6512.2761128802085
1235500	-6617.969034812441
1236000	-6632.390172227127
1236500	-6654.992052951217
1237000	-6639.670387468788
1237500	-6629.520333703381
1238000	-6653.2666424051195
1238500	-6649.60369851487
1239000	-6641.0397288913655
1239500	-6629.886907044721
1240000	-6656.660627583108
1240500	-6656.352069542148
1241000	-6656.994982691986
1241500	-6555.89004504631
1242000	-6598.936112665969
1242500	-6656.595620738469
1243000	-6656.994398861957
1243500	-6654.863645717834
1244000	-6656.994229575308
1244500	-6633.517592503045
1245000	-6378.095633017764
1245500	-6590.85539261014
1246000	-6630.429466822882
1246500	-6642.203598983499
1247000	-6578.979441115848
1247500	-6657.018142290698
1248000	-6655.033047328032
1248500	-6441.470920505008
1249000	-5404.974854567042
1249500	-5263.9468861148325
1250000	-6468.323790994907
1250500	-6579.888169619588
1251000	-6343.3912199766555
1251500	-6650.158864153496
1252000	-6519.383961717216
1252500	-6428.1226298260935
1253000	-6621.44899797872
1253500	-6582.44904483124
1254000	-6501.574321418544
1254500	-6568.086238166636
1255000	-6445.4779501197745
1255500	-6473.024583789156
1256000	-6521.876473043449
1256500	-6426.166828225019
1257000	-6722.396097891116
1257500	-6513.8294623533
1258000	-6273.244571126083
1258500	-6575.215322837382
1259000	-6837.540656403879
1259500	-6841.515305984296
1260000	-6845.530266414032
1260500	-6845.5302493801
1261000	-6657.335381111612
1261500	-6657.206715990612
1262000	-6736.453677791484
1262500	-6477.838524739713
1263000	-6643.903672437993
1263500	-6657.000683617764
1264000	-6657.071020495379
1264500	-6789.282103253684
1265000	-6842.306044003052
1265500	-6808.552840258316
1266000	-6637.758838872398
1266500	-6532.414349339803
1267000	-6320.6721061892995
1267500	-6530.463264480324
1268000	-6400.430116601172
1268500	-6289.523628386597
1269000	-6190.304844497157
1269500	-6068.971302441835
1270000	-6119.573757607714
1270500	-6590.976084825089
1271000	-6747.384857415969
1271500	-6600.0460755867825
1272000	-6634.829673656763
1272500	-6588.7729674504035
1273000	-6803.634599963086
1273500	-6557.156524773765
1274000	-6486.219884496538
1274500	-6380.399148514774
1275000	-6316.400691619975
1275500	-6236.634910954434
1276000	-6559.528164219311
1276500	-6625.228546950829
1277000	-6162.261887666322
1277500	-5576.643851554701
1278000	-5441.046478136152
1278500	-5018.56507843795
1279000	-4868.0349486060395
1279500	-4761.373903024266
1280000	-4871.301028122955
1280500	-4568.575885518581
1281000	-4634.130475481116
1281500	-4750.375527990364
1282000	-4605.8640269313855
1282500	-4786.678393404984
1283000	-4860.143146515635
1283500	-4804.486956706999
1284000	-4738.215586351645
1284500	-4788.061296017615
1285000	-4664.43801238656
1285500	-4621.026517408362
1286000	-4647.104058669425
1286500	-4521.453697953582
1287000	-4554.928184935419
1287500	-4724.447786188794
1288000	-4271.915449908078
1288500	-4517.012080408796
1289000	-4491.810956048799
1289500	-4595.662314938101
1290000	-4581.675351308142
1290500	-4593.128400574778
1291000	-4718.017560441762
1291500	-5019.171393840934
1292000	-5658.556332481019
1292500	-5723.310051936011
1293000	-4474.372976717429
1293500	-4250.641642257003
1294000	-4323.99740760126
1294500	-4274.8404437025665
1295000	-4953.10399769647
1295500	-4775.090422256857
1296000	-5044.399299225716
1296500	-4853.478276718763
1297000	-4946.948928133255
1297500	-4935.232790698925
1298000	-5247.302555023813
1298500	-5443.954121077431
1299000	-5252.861614078144
1299500	-5130.456438524923
1300000	-5361.534740740458
1300500	-5039.038873706658
1301000	-4952.267268372557
1301500	-4383.488109456607
1302000	-4395.885762956541
1302500	-4642.61587427917
1303000	-4761.138028370156
1303500	-4337.545481086154
1304000	-4429.728442664086
1304500	-4292.745038435124
1305000	-4249.446348106104
1305500	-4414.50932691342
1306000	-4657.2725846382755
1306500	-4786.449635548641
1307000	-5002.904082242767
1307500	-5265.67406013466
1308000	-5700.659714361961
1308500	-5691.132023683656
1309000	-5193.8370097401585
1309500	-5120.234117040339
1310000	-5384.796880240185
1310500	-5499.8944958684915
1311000	-5553.589175194839
1311500	-5273.300211077221
1312000	-5211.710411705952
1312500	-5267.013987721318
1313000	-5620.495365057521
1313500	-5783.172060616287
1314000	-5357.754738734267
1314500	-5584.798515305211
1315000	-5442.142991174459
1315500	-5247.911603567607
1316000	-4873.042500974876
1316500	-5059.59300997934
1317000	-4927.842778061865
1317500	-4710.8455172393815
1318000	-4647.007208067414
1318500	-4716.910720743891
1319000	-5094.7345641319125
1319500	-4682.280230969558
1320000	-4643.284737989572
1320500	-4607.099531414648
1321000	-4753.577331573501
1321500	-4571.125157130808
1322000	-4543.013928799868
1322500	-4783.958015164734
1323000	-4741.205764423177
1323500	-4694.55529077278
1324000	-5465.528038626883
1324500	-5779.422051166866
1325000	-5749.2637806746525
1325500	-6174.544064194651
1326000	-6151.568901122815
1326500	-6298.670570426308
1327000	-6359.776849814648
1327500	-6452.117994024182
1328000	-6411.663329600904
1328500	-6482.458294444214
1329000	-6350.611880487797
1329500	-6421.661239669325
1330000	-6298.727009471046
1330500	-6500.528905321426
1331000	-6715.339005518976
1331500	-6663.143266796412
1332000	-6677.441208171434
1332500	-6726.821436650356
1333000	-6726.481144854636
1333500	-6725.860664371939
1334000	-6608.44755327981
1334500	-6608.842451642522
1335000	-6574.047989127383
1335500	-6419.207845997798
1336000	-6421.133853163225
1336500	-6421.949041190309
1337000	-6556.76343057431
1337500	-6563.2159283547335
1338000	-6311.555775670043
1338500	-6617.8972828589895
1339000	-6536.470224729699
1339500	-6604.958815131636
1340000	-6550.061477896348
1340500	-6395.809092080271
1341000	-6296.8429785797725
1341500	-6339.3403995166045
1342000	-5893.896478846459
1342500	-6096.8746678620455
1343000	-6376.218854123873
1343500	-6401.2665891831775
1344000	-6429.034015824617
1344500	-6645.5626787689025
1345000	-6280.059995260443
1345500	-6458.420149643273
1346000	-6344.298651472939
1346500	-6669.409619543737
1347000	-6736.124928356659
1347500	-6624.64716237278
1348000	-6584.475572561865
1348500	-6582.660516712745
1349000	-6531.977274021791
1349500	-6535.393603825298
1350000	-6550.323969158166
1350500	-5880.751334569094
1351000	-6042.905235541141
1351500	-5939.560877787741
1352000	-6187.389264533873
1352500	-6382.688951093272
1353000	-6504.544221682999
1353500	-6568.435814708934
1354000	-6207.478024765885
1354500	-5802.621017586714
1355000	-5900.329864451929
1355500	-6551.24010634875
1356000	-6336.480287480457
1356500	-6700.340747140173
1357000	-6544.864990967291
1357500	-6678.008516318766
1358000	-6717.4748138911955
1358500	-6639.304855168088
1359000	-6706.545676596358
1359500	-6683.558918252713
1360000	-6578.3244740411965
1360500	-6726.8300558601495
1361000	-6726.822054461141
1361500	-6721.295541449838
1362000	-6726.830055525162
1362500	-6703.2847860314605
1363000	-6541.789311611847
1363500	-6308.719135532944
1364000	-5807.078840077663
1364500	-7013.451785540012
1365000	-7382.993759592637
1365500	-7735.0876256442925
1366000	-7824.971515986358
1366500	-7690.633922007074
1367000	-7660.264151390088
1367500	-7555.465016098598
1368000	-7699.539644121249
1368500	-7737.732321864426
1369000	-7861.650742963487
1369500	-8915.741167407992
1370000	-9267.352399938129
1370500	-9288.580288673507
1371000	-9305.325565624427
1371500	-9307.575374919397
1372000	-9124.191513096683
1372500	-9211.125132200272
1373000	-9101.397440976496
1373500	-9292.019580856027
1374000	-9212.424335204529
1374500	-9252.495584192537
1375000	-9304.446110142166
1375500	-9291.630155164201
1376000	-9200.588906714325
1376500	-9178.780354473438
1377000	-9290.158316366127
1377500	-9306.091624230632
1378000	-9270.72452572501
1378500	-9137.990736561196
1379000	-9145.905670712627
1379500	-9252.808069502213
1380000	-9312.992571776564
1380500	-8891.856512410808
1381000	-9294.945722871844
1381500	-9252.246288151453
1382000	-9316.568136043383
1382500	-9316.572157346804
1383000	-9267.563476814035
1383500	-9301.295115362767
1384000	-9216.068679313841
1384500	-9299.986447071691
1385000	-9047.20402268651
1385500	-9284.465975703528
1386000	-8852.900019570132
1386500	-8767.843230596081
1387000	-7852.914514051583
1387500	-7222.622588718045
1388000	-7500.194892580944
1388500	-8116.360386882675
1389000	-8415.602150385042
1389500	-6383.462937363058
1390000	-5283.476592864749
1390500	-5581.77785056746
1391000	-6066.8794309600735
1391500	-6693.641410536611
1392000	-4818.591300776555
1392500	-4719.577084413137
1393000	-5211.116595864279
1393500	-4917.84385592129
1394000	-6601.239146248184
1394500	-6494.826361080628
1395000	-6636.93869083013
1395500	-8245.481549754619
1396000	-7868.826006580206
1396500	-7297.5649563679835
1397000	-6712.890336471024
1397500	-8715.808770851665
1398000	-7972.595519634429
1398500	-8283.501676003081
1399000	-8913.585354747705
1399500	-8400.059330469801
1400000	-8005.879475126759
1400500	-8673.925572165794
1401000	-7820.810271688239
1401500	-7936.237318210022
1402000	-7603.504772203804
1402500	-8024.8278976677675
1403000	-8891.940726388346
1403500	-9159.44262052446
1404000	-8175.909607795186
1404500	-8391.34184047226
1405000	-9010.495187546734
1405500	-8304.083125465715
1406000	-8781.36471644728
1406500	-9698.529672198807
1407000	-9871.811344502657
1407500	-9392.691979706282
1408000	-9750.577990222448
1408500	-9916.892285106751
1409000	-9845.968053249924
1409500	-9840.864829421482
1410000	-9786.208687509426
1410500	-9847.703213639223
1411000	-9770.208967810015
1411500	-9838.293920993185
1412000	-9167.875126655501
1412500	-9018.064726630077
1413000	-9149.467394872894
1413500	-8131.034903421774
1414000	-8428.36037934565
1414500	-8041.0955591311595
1415000	-7804.429644973539
1415500	-8058.953499252956
1416000	-8144.659093669287
1416500	-8184.454600256953
1417000	-8169.602354865435
1417500	-8537.529660887587
1418000	-7963.266464851524
1418500	-8071.432970947816
1419000	-7641.269194365298
1419500	-8878.607718092944
1420000	-8238.061131308408
1420500	-8316.578113406447
1421000	-7147.037993545838
1421500	-4874.486528219059
1422000	-4558.193098232217
1422500	-4777.142110887641
1423000	-4784.510862823891
1423500	-5781.45711567321
1424000	-4626.942711304049
1424500	-4812.802784207163
1425000	-4921.422734351172
1425500	-4626.146401819881
1426000	-4785.544307223417
1426500	-4879.208457692264
1427000	-5011.4277592643575
1427500	-4794.80108210881
1428000	-4937.9116783187
1428500	-5094.5537135965515
1429000	-4585.422969650836
1429500	-4664.5863377793585
1430000	-4617.187644654199
1430500	-5128.562456284591
1431000	-4867.430675220547
1431500	-4974.32884247792
1432000	-5248.967618717758
1432500	-5800.032666923823
1433000	-6464.700226640696
1433500	-6944.466102977291
1434000	-7348.505063703521
1434500	-6498.060990888303
1435000	-6646.7149971876515
1435500	-6661.690419145784
1436000	-5650.478441825706
1436500	-5770.663621450186
1437000	-6156.070628923538
1437500	-6327.436773109607
1438000	-5781.301619936893
1438500	-5813.315925325984
1439000	-5560.269562579258
1439500	-5779.969814287715
1440000	-5116.650680564937
1440500	-6136.072011233743
1441000	-6137.285330232017
1441500	-7335.92018787027
1442000	-6937.704202246709
1442500	-7273.044100222412
1443000	-7494.939323629533
1443500	-7662.811554596497
1444000	-7670.739144743408
1444500	-7733.008349262226
1445000	-7605.754464572389
1445500	-7741.241120958521
1446000	-7810.90501766811
1446500	-8204.724440850227
1447000	-8014.979063349472
1447500	-8014.623164501777
1448000	-8008.364452106389
1448500	-7941.072240792488
1449000	-8026.568358472636
1449500	-8081.6037509478365
1450000	-8051.199275206777
1450500	-7991.918383320898
1451000	-8007.279129837142
1451500	-7905.0564609459725
1452000	-8094.251748854971
1452500	-8214.84387242909
1453000	-8076.2620549645635
1453500	-7979.412238303515
1454000	-7779.970748887473
1454500	-7879.3999407919755
1455000	-6507.534201265703
1455500	-6157.044963495135
1456000	-6239.309245720027
1456500	-6275.807736235152
1457000	-6294.567760000558
1457500	-6352.228649244015
1458000	-6346.891230381015
1458500	-6388.781335490386
1459000	-6369.827086044705
1459500	-6408.024213022507
1460000	-6390.146440337471
1460500	-6367.671935188453
1461000	-6345.647088132727
1461500	-6413.694694155345
1462000	-6266.1213234570705
1462500	-6276.24984893965
1463000	-6297.342857469401
1463500	-6176.73278383022
1464000	-6286.368058633367
1464500	-5813.65572564665
1465000	-5946.839156872733
1465500	-6386.231328870937
1466000	-6391.043371025224
1466500	-6106.141910576108
1467000	-6299.293461365578
1467500	-6374.511322513484
1468000	-6374.371801140496
1468500	-6133.193167601251
1469000	-6210.512767627592
1469500	-6387.285167553265
1470000	-6277.064421638476
1470500	-6191.109956918806
1471000	-6192.323305778386
1471500	-6089.812409513772
1472000	-6339.057529650223
1472500	-6174.601102886751
1473000	-5849.543176337065
1473500	-5942.309261566125
1474000	-5861.056957169131
1474500	-6078.857349172068
1475000	-6063.426876615884
1475500	-6007.436401856783
1476000	-6370.841186558347
1476500	-5820.598873040803
1477000	-4913.300564350762
1477500	-5088.893740464316
1478000	-4856.1909891188025
1478500	-4626.063936339733
1479000	-6009.442872388369
1479500	-6125.086186150146
1480000	-5878.427203554059
1480500	-6194.073603702861
1481000	-6446.222375077435
1481500	-6464.150863008291
1482000	-6082.958547480462
1482500	-6198.2732883469835
1483000	-6049.5656838080995
1483500	-6245.611814227778
1484000	-6228.222231748795
1484500	-6087.255437878489
1485000	-6164.621603494669
1485500	-6226.267507402448
1486000	-6303.203223082692
1486500	-6182.763290402332
1487000	-6247.08693264629
1487500	-6116.593240067683
1488000	-6291.497502160896
1488500	-6282.192815184281
1489000	-6329.7435594092785
1489500	-6151.890716663632
1490000	-6212.903424374258
1490500	-6238.947675641465
1491000	-6295.567923899935
1491500	-6174.254473850764
1492000	-6221.617714565889
1492500	-6325.165128021593
1493000	-6357.509352254751
1493500	-6166.2008721061375
1494000	-6392.079221484723
1494500	-6313.405801655302
1495000	-6392.514419891176
1495500	-6392.515526345618
1496000	-6345.4913378031
1496500	-6370.209587335368
1497000	-6368.056755915342
1497500	-6340.9069389730885
1498000	-6379.127302131373
1498500	-6322.1421932493295
1499000	-6384.686491145737
1499500	-6278.556119064074
1500000	-6303.7887856176485
