Sample	likelihood
0	-3459.174783972775
500	-3449.0013547850067
1000	-3448.7445521552168
1500	-3464.3050623785207
2000	-3459.9292110814818
2500	-3458.1187509779916
3000	-3448.0822284649316
3500	-3451.555485523559
4000	-3455.5245366373274
4500	-3457.0333955165124
5000	-3462.1268049059527
5500	-3450.4254701965333
6000	-3457.2690785640702
6500	-3461.4917717693993
7000	-3473.5022211891983
7500	-3463.75218732333
8000	-3456.144203888772
8500	-3461.0502827653354
9000	-3450.6805029355282
9500	-3457.7679541965704
10000	-3469.8638532300724
10500	-3460.8319487790473
11000	-3470.426304428547
11500	-3464.0922968235295
12000	-3464.8084140564147
12500	-3473.215934545398
13000	-3468.7853153920446
13500	-3460.027716432152
14000	-3449.775930984679
14500	-3442.8140853892496
15000	-3435.419509770021
15500	-3453.458105983309
16000	-3450.9842031509065
16500	-3447.616066225985
17000	-3435.6891503236666
17500	-3435.727714857385
18000	-3447.555920441372
18500	-3442.193089476161
19000	-3455.1189359571267
19500	-3447.888715401382
20000	-3431.2647985343724
20500	-3438.3416220092495
21000	-3442.328004478047
21500	-3441.846918579491
22000	-3434.259000674393
22500	-3459.85853352518
23000	-3452.018222326924
23500	-3438.168079982298
24000	-3436.704816899259
24500	-3457.993833017109
25000	-3455.9763693414384
25500	-3460.6604514785604
26000	-3446.5377513836406
26500	-3446.6018455072885
27000	-3454.9508384445576
27500	-3452.212616371935
28000	-3449.5085610485194
28500	-3448.0161755151653
29000	-3450.869178450846
29500	-3448.191606513863
30000	-3436.485821501992
30500	-3464.8605072233436
31000	-3474.4773434771387
31500	-3480.1908649237835
32000	-3473.286688606572
32500	-3444.5605216765985
33000	-3446.407153319573
33500	-3447.1200866496115
34000	-3461.408052710007
34500	-3468.4615902293376
35000	-3457.4144439160555
35500	-3455.8083483516966
36000	-3459.811617848134
36500	-3463.4833701461002
37000	-3452.6328018476333
37500	-3447.4899226261177
38000	-3442.0995159829986
38500	-3456.7806524339107
39000	-3458.1424519191933
39500	-3443.9579395034702
40000	-3454.4993186289403
40500	-3459.3643161697737
41000	-3455.7339046914035
41500	-3449.804788032488
42000	-3471.9907713188686
42500	-3441.9703425816597
43000	-3446.2079068131047
43500	-3450.7183704576723
44000	-3441.7574433903455
44500	-3462.8086132108747
45000	-3448.544560242293
45500	-3440.068823823085
46000	-3458.871377105597
46500	-3449.8965050116753
47000	-3442.3287739967345
47500	-3434.1863920576493
48000	-3444.6842014703802
48500	-3467.6170722957822
49000	-3477.655766441054
49500	-3458.9036441348117
50000	-3443.339336419783
50500	-3443.9872377659876
51000	-3454.1290494165987
51500	-3440.464076851069
52000	-3449.343878703022
52500	-3437.773888215327
53000	-3449.5325845858642
53500	-3425.3504758477247
54000	-3442.5278789951217
54500	-3447.535439658901
55000	-3453.538034411537
55500	-3448.9710892068833
56000	-3439.557442806355
56500	-3455.124206558062
57000	-3473.2802876735645
57500	-3442.401261634186
58000	-3446.1540969041534
58500	-3455.611703556132
59000	-3460.068927165654
59500	-3437.622623617539
60000	-3444.4169082887374
60500	-3445.821408987308
61000	-3451.8880373411303
61500	-3454.2177487531276
62000	-3443.6216429673805
62500	-3433.4197958371383
63000	-3439.1459667336153
63500	-3438.7116320793225
64000	-3440.168587040617
64500	-3444.5444705957357
65000	-3449.8488056876345
65500	-3444.571948338205
66000	-3442.2324049082504
66500	-3432.318110128104
67000	-3433.4653029337173
67500	-3463.406067860529
68000	-3461.215945506633
68500	-3440.112055779696
69000	-3454.926185981871
69500	-3441.0479844261827
70000	-3443.5112172578206
70500	-3424.7301857800553
71000	-3440.409387759605
71500	-3445.1974806088524
72000	-3441.389301616779
72500	-3455.0154024958
73000	-3474.5017885286716
73500	-3467.8445623243033
74000	-3458.7663141469334
74500	-3454.4624592960095
75000	-3441.713176807233
75500	-3441.1812608512096
76000	-3440.486485307845
76500	-3436.7735657554035
77000	-3440.5612444357585
77500	-3451.0741697499066
78000	-3452.369505695405
78500	-3447.615972900458
79000	-3434.1786631805917
79500	-3442.2379141625956
80000	-3439.791780685054
80500	-3442.1993172233483
81000	-3451.089934993008
81500	-3451.5246704858696
82000	-3454.4699071153373
82500	-3450.85780793027
83000	-3444.8955635157567
83500	-3447.142546175151
84000	-3433.8442346540783
84500	-3431.284821985232
85000	-3463.4703826009954
85500	-3441.5378326732093
86000	-3452.7756215447166
86500	-3451.7910086388224
87000	-3456.600017405206
87500	-3472.691061509764
88000	-3451.496488678156
88500	-3455.5813288981285
89000	-3470.2730569503283
89500	-3457.7293967692026
90000	-3452.672396413658
90500	-3454.550488122529
91000	-3455.7401599147734
91500	-3458.074587859751
92000	-3454.0199336418705
92500	-3442.454724101521
93000	-3463.3418535375554
93500	-3468.5070939285606
94000	-3464.4578415356596
94500	-3448.7001607335396
95000	-3462.930578764454
95500	-3452.6266494350075
96000	-3448.39570861304
96500	-3450.23508054192
97000	-3459.775897942322
97500	-3473.9035354052658
98000	-3465.3652692052797
98500	-3470.9280354541606
99000	-3460.624589935017
99500	-3453.8007869049975
100000	-3451.0556931144097
100500	-3457.9683160119957
101000	-3440.5334119622826
101500	-3457.0887053359265
102000	-3444.8342915102135
102500	-3439.677984575187
103000	-3476.1636117748085
103500	-3466.6652665722722
104000	-3469.194242479025
104500	-3452.1266608479427
105000	-3453.3228901901625
105500	-3437.8351052006024
106000	-3449.811615370965
106500	-3447.593178365083
107000	-3438.0071868261225
107500	-3437.688062907487
108000	-3442.859308035749
108500	-3437.7029039616964
109000	-3452.422282286387
109500	-3458.138982686322
110000	-3452.8460434977665
110500	-3447.029044599259
111000	-3440.1749497084343
111500	-3455.85220661951
112000	-3444.0096636468215
112500	-3458.561829925206
113000	-3460.246245319888
113500	-3457.0364253325783
114000	-3446.6036533137903
114500	-3454.6671539422055
115000	-3449.0134923442756
115500	-3445.5411743096856
116000	-3453.6242307367816
116500	-3460.7356035171665
117000	-3455.080666408567
117500	-3452.7025279276586
118000	-3450.109454031649
118500	-3452.3092050374853
119000	-3452.2866111820467
119500	-3447.256472515615
120000	-3443.69089557555
120500	-3447.2975435603053
121000	-3443.0916799317274
121500	-3490.1005830182935
122000	-3444.225794821427
122500	-3433.28894010448
123000	-3433.057757615391
123500	-3453.357331035933
124000	-3455.4581957003693
124500	-3462.5369895088897
125000	-3454.679137154493
125500	-3447.616679207851
126000	-3437.210045421096
126500	-3453.8859739661216
127000	-3447.626184648461
127500	-3439.7673625336183
128000	-3438.405448659225
128500	-3446.446760151751
129000	-3460.4629989738355
129500	-3469.776755507383
130000	-3468.223954275016
130500	-3486.951766870598
131000	-3470.4684451314006
131500	-3454.097791194527
132000	-3460.5691650982176
132500	-3443.7084461182726
133000	-3457.660615259105
133500	-3455.356508498338
134000	-3459.0337839073477
134500	-3446.4558987619016
135000	-3461.7852898200704
135500	-3443.7266540980995
136000	-3453.8662868406077
136500	-3452.8214045627738
137000	-3447.407218900621
137500	-3441.6117058952623
138000	-3447.154721180692
138500	-3448.008875700666
139000	-3466.7743473289656
139500	-3452.7779136139347
140000	-3447.2479225801526
140500	-3457.3890479397814
141000	-3464.904901825983
141500	-3447.171789211314
142000	-3440.628319263569
142500	-3453.861429026679
143000	-3451.338952255266
143500	-3459.475383866513
144000	-3462.8883973031525
144500	-3456.491271861304
145000	-3452.2915218677836
145500	-3436.7232999841235
146000	-3426.5082196048784
146500	-3451.893390511705
147000	-3445.384589653828
147500	-3441.5169791793483
148000	-3453.4609493455473
148500	-3436.482257833788
149000	-3448.5243758888414
149500	-3456.4135617546112
150000	-3453.290645080985
150500	-3454.079836932939
151000	-3445.7498201416397
151500	-3428.8276228899454
152000	-3443.033823326498
152500	-3450.8348076147754
153000	-3457.637359054696
153500	-3455.1173507997764
154000	-3457.136727998825
154500	-3447.9294576681114
155000	-3444.0726684137376
155500	-3443.9910446813637
156000	-3445.9492650328484
156500	-3454.6056432961086
157000	-3458.65215202396
157500	-3450.379118614728
158000	-3446.5799305728056
158500	-3448.3368683375566
159000	-3457.792826893962
159500	-3453.8443744466203
160000	-3460.718520264647
160500	-3445.740460260074
161000	-3451.26893986863
161500	-3442.0817737795887
162000	-3440.54460807061
162500	-3463.7051683516684
163000	-3436.318589472204
163500	-3441.3422398954986
164000	-3441.1618820574627
164500	-3453.3216761328017
165000	-3442.3446882501535
165500	-3436.9843442177194
166000	-3443.331456335614
166500	-3461.773662945606
167000	-3475.606518220749
167500	-3460.7547663464416
168000	-3434.4684251372905
168500	-3456.3348041482386
169000	-3425.7901180272274
169500	-3430.041093662677
170000	-3447.014121227057
170500	-3429.2301899521763
171000	-3440.1752388695936
171500	-3447.135239891637
172000	-3434.1597317554692
172500	-3446.800405499407
173000	-3433.181735330633
173500	-3438.774024147928
174000	-3448.7373972535233
174500	-3441.714092741976
175000	-3428.054487168957
175500	-3441.2911917552287
176000	-3438.265422061391
176500	-3472.8244586343408
177000	-3469.354214447487
177500	-3456.6339667179795
178000	-3455.033490881965
178500	-3469.0414290065683
179000	-3462.8828271699567
179500	-3445.813803208792
180000	-3453.433966297357
180500	-3446.5278419691117
181000	-3462.9077724320923
181500	-3457.376365940085
182000	-3461.032112793323
182500	-3447.7167366222993
183000	-3463.6880283377836
183500	-3464.2692926665936
184000	-3459.120947493873
184500	-3461.762313950206
185000	-3457.4681917551816
185500	-3458.6502031223476
186000	-3477.347108575473
186500	-3444.6378125192655
187000	-3458.5964552484793
187500	-3475.6789449323937
188000	-3445.5296568053554
188500	-3464.1030514344766
189000	-3453.2030715533488
189500	-3445.473103123503
190000	-3436.2233994846033
190500	-3451.234964847559
191000	-3449.1849257153303
191500	-3442.560875143003
192000	-3447.658370476204
192500	-3445.1699930149084
193000	-3451.915254718448
193500	-3450.229273087252
194000	-3450.930986739028
194500	-3460.9886309350036
195000	-3452.3609773270573
195500	-3437.931049299459
196000	-3445.341216497663
196500	-3455.9648346623267
197000	-3449.2303350311636
197500	-3468.1862891338765
198000	-3473.4606213022203
198500	-3454.5016890641286
199000	-3448.6344008403744
199500	-3468.4704787185833
200000	-3457.302472489201
200500	-3448.8172639354275
201000	-3435.779486450091
201500	-3445.5671561080735
202000	-3460.0662563000087
202500	-3461.777563947618
203000	-3432.6826601584817
203500	-3447.433825874397
204000	-3465.804703356415
204500	-3438.423668209752
205000	-3443.582061548038
205500	-3444.7527256268595
206000	-3449.386509581566
206500	-3459.773787524943
207000	-3448.395500229138
207500	-3453.0082597232904
208000	-3445.7766023038157
208500	-3442.5784705633237
209000	-3442.2869924956003
209500	-3445.433273249249
210000	-3440.2510054979693
210500	-3441.352094948363
211000	-3441.9786286794915
211500	-3457.442649528435
212000	-3463.887198464089
212500	-3459.282006109433
213000	-3453.377472205453
213500	-3444.9565691682433
214000	-3451.785910781692
214500	-3453.6700655973714
215000	-3470.438145895792
215500	-3466.688941400695
216000	-3471.2564922129122
216500	-3472.3483067143575
217000	-3459.523137323393
217500	-3463.3098587435616
218000	-3478.1592986442606
218500	-3468.6187755894125
219000	-3451.8951744783867
219500	-3450.7910415956394
220000	-3447.032884547767
220500	-3467.027455566086
221000	-3456.5571440175504
221500	-3455.913253176841
222000	-3457.600512311051
222500	-3473.9971678545253
223000	-3456.5568011357605
223500	-3462.353231113068
224000	-3457.3020003746833
224500	-3465.1567999856147
225000	-3452.6523380832027
225500	-3460.4780477816307
226000	-3451.33402382922
226500	-3444.051716692218
227000	-3439.4576034555803
227500	-3436.216190997553
228000	-3447.917708320995
228500	-3466.718363564262
229000	-3466.2915944520037
229500	-3439.5055246938455
230000	-3446.9612113897674
230500	-3460.3917976664175
231000	-3450.226090734394
231500	-3444.6271783220664
232000	-3439.66196859801
232500	-3453.4571084192526
233000	-3445.0857800652
233500	-3477.702091928212
234000	-3458.54087822571
234500	-3473.0631734209046
235000	-3455.0698046077164
235500	-3433.666220357013
236000	-3450.4608831265323
236500	-3438.6999993486297
237000	-3447.2512351095575
237500	-3450.3186677117333
238000	-3432.7036813629365
238500	-3447.8369648538564
239000	-3452.0400322452538
239500	-3473.2155055647345
240000	-3439.527429586787
240500	-3432.3042778299305
241000	-3435.029427014654
241500	-3449.1561699661074
242000	-3455.9783339868472
242500	-3462.6001658726045
243000	-3446.4111724596373
243500	-3461.853130045613
244000	-3480.283613242642
244500	-3467.4253228084235
245000	-3473.7022375184924
245500	-3440.9618883073745
246000	-3444.9705460278647
246500	-3453.3741129034606
247000	-3452.7518272158522
247500	-3453.695557178271
248000	-3457.861083208582
248500	-3436.8009089320863
249000	-3438.9044613488745
249500	-3426.180835067951
250000	-3438.5662929835
250500	-3439.515705356754
251000	-3434.616335789474
251500	-3443.8237693966094
252000	-3442.6650278116417
252500	-3476.4494373344037
253000	-3471.927198705631
253500	-3452.600850531412
254000	-3457.6276890269883
254500	-3461.745409152725
255000	-3474.2525116775732
255500	-3456.5910107380396
256000	-3475.3307729296516
256500	-3440.490113530919
257000	-3435.038407870966
257500	-3438.028039915187
258000	-3445.3358574227527
258500	-3448.274341508902
259000	-3451.7647269471304
259500	-3460.872606758961
260000	-3443.6433432778354
260500	-3438.7876338336614
261000	-3446.525597509437
261500	-3449.1072774742825
262000	-3452.0741594536485
262500	-3457.2204154435453
263000	-3451.928721455931
263500	-3458.0117667733925
264000	-3439.00176906966
264500	-3441.3938448602694
265000	-3455.447531737625
265500	-3460.811875744206
266000	-3480.9494881641535
266500	-3469.692803988052
267000	-3475.7130824161595
267500	-3463.0927717659165
268000	-3439.4664601923064
268500	-3463.88833005503
269000	-3452.034523003449
269500	-3470.8026985756596
270000	-3457.528646612912
270500	-3453.4343007041257
271000	-3439.6667398634145
271500	-3455.264709145777
272000	-3435.321862141417
272500	-3438.7249625615277
273000	-3442.246651386213
273500	-3456.4808150534486
274000	-3467.794854809877
274500	-3432.597219656441
275000	-3430.626720471889
275500	-3447.6225403877015
276000	-3456.1188459384207
276500	-3455.580134896319
277000	-3465.5384089960726
277500	-3449.5802906554113
278000	-3442.1129059918853
278500	-3445.3574968663593
279000	-3446.217174559409
279500	-3442.9315501468923
280000	-3438.827367489422
280500	-3445.632573362808
281000	-3460.6698142949194
281500	-3448.6453478493545
282000	-3457.9665202035935
282500	-3468.756808852058
283000	-3445.8994868592195
283500	-3457.6598800675433
284000	-3471.3085838118636
284500	-3472.138576357609
285000	-3486.202149932676
285500	-3455.3867047793165
286000	-3478.6084342079066
286500	-3473.7016487227847
287000	-3463.0850325815863
287500	-3474.582273222506
288000	-3450.6162249313547
288500	-3449.2517759769316
289000	-3438.8632719930793
289500	-3462.8682794954025
290000	-3463.167109028415
290500	-3431.7477373901256
291000	-3441.6014878541164
291500	-3459.667544933423
292000	-3449.260257145849
292500	-3463.1363995531206
293000	-3447.205237299729
293500	-3444.3474544305504
294000	-3458.6480159896378
294500	-3462.8526617446128
295000	-3437.2438480043925
295500	-3444.942392238849
296000	-3452.224509908513
296500	-3459.209215589112
297000	-3459.3839079720137
297500	-3469.9428781510983
298000	-3465.9136681309183
298500	-3499.680418084078
299000	-3460.769935215137
299500	-3450.6560212365816
300000	-3459.37264869285
300500	-3447.6749530434436
301000	-3454.2893451986292
301500	-3452.4040755720725
302000	-3477.4975262371436
302500	-3459.0874252224066
303000	-3465.1803954697693
303500	-3454.046919064222
304000	-3481.0327188251276
304500	-3476.4760523399736
305000	-3460.234210072806
305500	-3451.511241132424
306000	-3458.8140998516105
306500	-3456.9599478437513
307000	-3454.7372154663194
307500	-3452.3165603072307
308000	-3450.332724406316
308500	-3449.5722389460443
309000	-3438.6972243300725
309500	-3447.174070259954
310000	-3450.0813429012405
310500	-3449.53879041506
311000	-3466.217091173896
311500	-3444.2068480844414
312000	-3436.997144687439
312500	-3457.8617099194867
313000	-3437.9142615555793
313500	-3443.5294526721814
314000	-3443.898192141766
314500	-3465.0103353810814
315000	-3435.740581975381
315500	-3449.5943739562367
316000	-3454.5595472422137
316500	-3474.4512077420177
317000	-3452.0017480129527
317500	-3447.341985791701
318000	-3448.90790303617
318500	-3456.4653216557967
319000	-3461.5631509071445
319500	-3458.3641964533062
320000	-3465.4725394668717
320500	-3468.908634261342
321000	-3460.109881834449
321500	-3453.7563459748276
322000	-3485.7591480589454
322500	-3465.3355899214803
323000	-3457.5446593113315
323500	-3454.224781872939
324000	-3453.646804904102
324500	-3456.279065422851
325000	-3447.96945653615
325500	-3448.0337526367557
326000	-3433.610139247649
326500	-3455.0708417360624
327000	-3441.5301700025684
327500	-3449.800729536038
328000	-3462.411928895399
328500	-3453.496788470773
329000	-3438.296329607718
329500	-3454.6151361908874
330000	-3442.962437854208
330500	-3443.2445174110717
331000	-3460.155513500564
331500	-3465.8180763916657
332000	-3467.5576879616347
332500	-3466.85597705867
333000	-3445.4904205050225
333500	-3449.5008453342552
334000	-3457.355975589983
334500	-3440.4736635252348
335000	-3453.0671275167942
335500	-3467.081538974728
336000	-3468.1168883871005
336500	-3452.3424893134375
337000	-3473.300156372308
337500	-3467.5836866431378
338000	-3444.773892107368
338500	-3438.802899269184
339000	-3452.9421041654573
339500	-3455.008585494155
340000	-3460.3323858179374
340500	-3466.4844210115775
341000	-3463.818270320956
341500	-3457.4866112073096
342000	-3444.0794126591577
342500	-3439.593408407266
343000	-3437.0713719115274
343500	-3443.4135427324354
344000	-3447.0362398539564
344500	-3459.516535654376
345000	-3455.2051637563245
345500	-3457.152905962048
346000	-3483.4235652237385
346500	-3480.884383669183
347000	-3451.9884022783945
347500	-3465.9457991824
348000	-3454.50842439893
348500	-3446.0055604814347
349000	-3470.092591176186
349500	-3462.5572230969246
350000	-3454.1588121188825
350500	-3469.587924548387
351000	-3482.0775827596485
351500	-3458.1679056481635
352000	-3460.885238873
352500	-3453.071002877099
353000	-3461.6391073952177
353500	-3467.5582390998698
354000	-3452.3882612495445
354500	-3456.5137468975613
355000	-3451.197988486162
355500	-3441.9063166715796
356000	-3448.661515994645
356500	-3448.835213313805
357000	-3478.6733098456552
357500	-3452.2144927766185
358000	-3455.385068254459
358500	-3454.132482546711
359000	-3464.6367553490845
359500	-3461.8756466195155
360000	-3460.4010515004657
360500	-3455.0564264018303
361000	-3472.6845010958964
361500	-3460.793094778094
362000	-3449.3484983390426
362500	-3466.656129845369
363000	-3452.817223733188
363500	-3446.3015575839136
364000	-3451.0213668089064
364500	-3459.96852795137
365000	-3449.4709088939067
365500	-3454.572109042878
366000	-3450.383896759543
366500	-3471.2069552258126
367000	-3461.932837749556
367500	-3460.7284223910724
368000	-3471.684276755885
368500	-3489.4482503742943
369000	-3492.2804492542336
369500	-3473.6263184733284
370000	-3463.5627050663725
370500	-3469.071431802934
371000	-3448.9050883055716
371500	-3449.7313774679465
372000	-3456.5131552938883
372500	-3454.094991524835
373000	-3453.9322522866346
373500	-3445.491711734337
374000	-3446.265765240433
374500	-3431.103801127212
375000	-3437.1284071776413
375500	-3451.5734607649865
376000	-3449.343208156432
376500	-3455.574439361761
377000	-3460.511502131122
377500	-3455.5272466134206
378000	-3439.6735837613196
378500	-3434.1984188249057
379000	-3447.130483851561
379500	-3439.371542517558
380000	-3435.7970732796616
380500	-3456.961188188849
381000	-3454.5162963859675
381500	-3472.4756933507956
382000	-3442.8983082042964
382500	-3435.724539413133
383000	-3443.3202962420987
383500	-3444.17598784877
384000	-3458.8180149905697
384500	-3439.6696993474793
385000	-3455.352229394224
385500	-3450.765647175859
386000	-3448.9057502667174
386500	-3446.252571333305
387000	-3451.994547426596
387500	-3470.0861549332863
388000	-3458.1860508513632
388500	-3452.441657051795
389000	-3451.6160624931917
389500	-3451.370915980534
390000	-3437.0180310364362
390500	-3462.3664007712996
391000	-3453.126282448469
391500	-3432.3831823311316
392000	-3447.3465927221364
392500	-3443.2216535518514
393000	-3440.395248101763
393500	-3437.8026728050063
394000	-3444.0990369940623
394500	-3447.565066028481
395000	-3444.7311289484464
395500	-3446.6007849604207
396000	-3439.056229204202
396500	-3437.660580292305
397000	-3453.7024946741158
397500	-3452.086652347192
398000	-3472.9161427714375
398500	-3451.505368397642
399000	-3439.401169689713
399500	-3457.6885343476597
400000	-3444.6771159259933
400500	-3458.7533966867063
401000	-3447.7091735930994
401500	-3444.1038947144243
402000	-3439.3833865386355
402500	-3438.731671868408
403000	-3449.581833448289
403500	-3433.017119789841
404000	-3457.0891972591503
404500	-3450.8173534908597
405000	-3462.302784140177
405500	-3450.1561861027244
406000	-3441.577342348123
406500	-3452.9570255115295
407000	-3463.6790446393816
407500	-3461.0785508109393
408000	-3458.932676856053
408500	-3439.2933001563665
409000	-3438.8527657123577
409500	-3440.1165726034287
410000	-3462.679468324428
410500	-3450.9362067359175
411000	-3442.6463525379595
411500	-3448.976529384889
412000	-3443.8489058351515
412500	-3451.3719849756426
413000	-3457.7792593648833
413500	-3478.3227860702928
414000	-3476.8749796520974
414500	-3455.9577674849793
415000	-3458.235871922978
415500	-3474.378158087505
416000	-3488.1469807251387
416500	-3478.5790764850653
417000	-3467.5897555219854
417500	-3463.2656848598976
418000	-3451.358236886589
418500	-3451.2562143199634
419000	-3459.1791968131924
419500	-3461.590113161378
420000	-3472.7889539816815
420500	-3457.389676163974
421000	-3458.697957673651
421500	-3464.1250994968486
422000	-3466.38895527104
422500	-3458.6564486760053
423000	-3470.155660095527
423500	-3458.721489003088
424000	-3462.548313599325
424500	-3460.071031116413
425000	-3448.3635492198023
425500	-3477.5241450479325
426000	-3486.8429738496093
426500	-3460.1651298408096
427000	-3446.335721617181
427500	-3454.0584814634126
428000	-3471.30127830123
428500	-3458.973671741602
429000	-3469.2191374012755
429500	-3450.4665844889973
430000	-3462.077244786627
430500	-3444.6628010769027
431000	-3441.0663659486586
431500	-3444.1066769309487
432000	-3483.3016011864897
432500	-3459.167587090431
433000	-3444.868167138272
433500	-3465.631920113696
434000	-3465.7115970588825
434500	-3452.545550041902
435000	-3453.4082189776123
435500	-3449.3904378190337
436000	-3434.7423563795087
436500	-3443.0026058346475
437000	-3447.669466173094
437500	-3451.4349685253433
438000	-3448.7307070867687
438500	-3477.5470213536314
439000	-3449.2547838601186
439500	-3465.029248864878
440000	-3455.1258494991393
440500	-3460.73731099272
441000	-3460.3786273066585
441500	-3476.1697495500557
442000	-3453.952530149198
442500	-3440.613799399469
443000	-3458.898194315603
443500	-3477.9378483729415
444000	-3450.093498937576
444500	-3475.3830486818924
445000	-3477.9553683985027
445500	-3458.996498276651
446000	-3458.459813048359
446500	-3451.677004547579
447000	-3441.1064195507515
447500	-3439.0117535586132
448000	-3463.5984182624234
448500	-3455.51739428595
449000	-3456.4647133981175
449500	-3450.8755946743067
450000	-3462.807994273748
450500	-3484.103092187136
451000	-3450.9471158842025
451500	-3455.308174417587
452000	-3454.4384419116172
452500	-3454.3718153978934
453000	-3458.246238021344
453500	-3448.489187592949
454000	-3445.2125875851225
454500	-3436.8292778871155
455000	-3458.1233843484897
455500	-3446.2357115345
456000	-3461.901409211562
456500	-3439.360088087837
457000	-3437.1563839587125
457500	-3433.538265299317
458000	-3450.6945663379224
458500	-3456.0233099275883
459000	-3460.354894793641
459500	-3439.608398607714
460000	-3457.829621373533
460500	-3470.229120239156
461000	-3452.6683509584477
461500	-3446.778430529194
462000	-3445.1517690135324
462500	-3448.124913343245
463000	-3433.6084276884962
463500	-3434.1851755731814
464000	-3453.9292158580747
464500	-3461.8902246790035
465000	-3439.4234276425254
465500	-3456.6435093644704
466000	-3443.3349924221357
466500	-3469.625160833999
467000	-3460.66759199735
467500	-3459.8323967018828
468000	-3452.7238373236837
468500	-3459.9963045440454
469000	-3441.469970213492
469500	-3440.9927206414864
470000	-3444.0130418003105
470500	-3434.107291452167
471000	-3457.3845225347086
471500	-3450.0659895420413
472000	-3455.6106667365707
472500	-3449.698236081086
473000	-3453.6002284628953
473500	-3449.026642426375
474000	-3448.015923861497
474500	-3449.148895490171
475000	-3465.0667793167077
475500	-3451.8230720284223
476000	-3454.945411257759
476500	-3437.3653061127216
477000	-3463.1750843207587
477500	-3441.144540125253
478000	-3439.836883635224
478500	-3455.762741530698
479000	-3458.6568148626034
479500	-3446.1309249140636
480000	-3450.428442488044
480500	-3436.347640603684
481000	-3462.9082809396864
481500	-3435.9924580437555
482000	-3434.3302381027797
482500	-3460.762422174165
483000	-3453.213076503702
483500	-3464.292372984115
484000	-3445.5533362067285
484500	-3437.57981068073
485000	-3434.7700835588407
485500	-3450.417754809645
486000	-3447.112518606891
486500	-3449.7097426374444
487000	-3439.1321469239624
487500	-3441.781989405045
488000	-3464.50910772762
488500	-3469.708031355421
489000	-3461.3912263856296
489500	-3461.243735156617
490000	-3475.4205799634624
490500	-3466.337457225913
491000	-3463.791927542954
491500	-3451.2077288063874
492000	-3449.9569423649464
492500	-3438.9203470519838
493000	-3452.393671515921
493500	-3448.121528782706
494000	-3445.646400492149
494500	-3449.022902347603
495000	-3447.9745742173227
495500	-3475.1890085073774
496000	-3459.3000244197315
496500	-3447.103627385303
497000	-3440.4746025230183
497500	-3451.668125874415
498000	-3437.6113189489247
498500	-3448.25702429042
499000	-3449.928841284678
499500	-3442.3346355797335
500000	-3460.1106144393875
500500	-3461.617950278748
501000	-3452.3415297391625
501500	-3455.325863174523
502000	-3454.9844605279363
502500	-3455.533073883673
503000	328556.3824815755
503500	328794.9287407918
504000	328799.3633233208
504500	329287.65324662253
505000	329281.12784038
505500	329272.44666738
506000	329281.1652502243
506500	329292.25212263066
507000	329282.769286986
507500	329294.5049394906
508000	329270.2454849608
508500	329294.28578609525
509000	329300.8949195431
509500	329290.8831721954
510000	329292.57759907487
510500	329296.8636228213
511000	329295.09532589634
511500	329305.83608136664
512000	329314.43760870834
512500	329308.0990839801
513000	329276.8099299635
513500	329286.5102801566
514000	329287.67183873185
514500	329291.86484820605
515000	329291.552516209
515500	329276.2272629578
516000	329258.5287424933
516500	329285.2571013335
517000	329289.3151112226
517500	329298.0683723533
518000	329313.8955315438
518500	329305.3912213141
519000	329295.28659342264
519500	329308.4302301951
520000	329307.8612755938
520500	329293.7257421851
521000	329284.52118237334
521500	329297.9819379589
522000	329302.2600323568
522500	329294.33556512784
523000	329283.36796781886
523500	329296.7767874434
524000	329287.3759648154
524500	329308.34739391814
525000	329301.9811735755
525500	329301.83628328284
526000	329306.08950742276
526500	329296.56587439805
527000	329308.8279687164
527500	329308.6923799524
528000	329311.082350705
528500	329297.96210326004
529000	329300.7398740644
529500	329291.00136891886
530000	329298.3932109709
530500	329300.2413912534
531000	329274.5889746207
531500	329285.55591902544
532000	329280.0147711313
532500	329279.4798727771
533000	329265.5393502138
533500	329295.77431833005
534000	329288.9169746303
534500	329288.4145950144
535000	329302.12852597417
535500	329284.0043649301
536000	329283.9781795779
536500	329265.26005880244
537000	329284.33210063283
537500	329298.2013773361
538000	329271.6123746605
538500	329271.816036043
539000	329342.679848175
539500	329349.09265944205
540000	329350.22141283593
540500	329361.9068277272
541000	329349.9031827411
541500	329345.98505271383
542000	329363.35805030423
542500	329364.26763996744
543000	329360.4189094785
543500	329359.4231041583
544000	329348.66109199973
544500	329367.59869665396
545000	329356.9743039021
545500	329349.40500544495
546000	329357.50014775235
546500	329353.2566941917
547000	329363.18354728713
547500	329346.5254502997
548000	329348.03025854507
548500	329346.7918606328
549000	329358.0375413169
549500	329361.06410226796
550000	329359.67169299413
550500	329351.15039965406
551000	329353.14694980823
551500	329362.891337799
552000	329355.3476032396
552500	329352.0780093492
553000	329332.2707350478
553500	329350.0560849542
554000	329344.16332677513
554500	329323.9311072841
555000	329343.03036872926
555500	329349.67062319163
556000	329339.8811701585
556500	329338.0808308081
557000	329338.5387835068
557500	329337.8464626881
558000	329332.57940806716
558500	329329.99727709143
559000	329339.583813922
559500	329345.192843841
560000	329349.1226957061
560500	329336.4290543748
561000	329329.75939928595
561500	329331.36036714574
562000	329336.45981482044
562500	329340.6130285547
563000	329334.5714335003
563500	329336.3968660176
564000	329347.4722344097
564500	329342.4932460568
565000	329347.2628205487
565500	329337.7865860736
566000	329345.490122762
566500	329344.35122889024
567000	329345.0456814325
567500	329329.41138729797
568000	329329.00710522954
568500	329346.2570434876
569000	329347.73864353733
569500	329329.2428296597
570000	329335.90964396455
570500	329331.55862056377
571000	329344.58419457346
571500	329338.1134826969
572000	329333.6747244352
572500	329325.46778153436
573000	329345.12089845794
573500	329320.4116204719
574000	329329.71849750157
574500	329344.84996827814
575000	329338.0642511717
575500	329330.2665555156
576000	329331.2370488342
576500	329335.5799290131
577000	329335.7199944088
577500	329333.5044843695
578000	329301.74909829895
578500	329326.36328281753
579000	329349.1420388299
579500	329339.2128199341
580000	329347.4888831472
580500	329337.35992071696
581000	329336.4140418618
581500	329323.8185842889
582000	329348.53642773227
582500	329358.3661023387
583000	329346.6758183542
583500	329347.2627750164
584000	329350.70899167546
584500	329349.40224935976
585000	329319.12228010275
585500	329346.4482269297
586000	329342.530229335
586500	329345.77901465737
587000	329325.0163618934
587500	329330.6156082299
588000	329346.6629728032
588500	329343.97796236107
589000	329360.8227012883
589500	329347.6812054696
590000	329346.6843995728
590500	329353.8511674633
591000	329330.1033046831
591500	329356.78180160694
592000	329355.96935947024
592500	329346.40065529855
593000	329350.20801100804
593500	329348.69656617776
594000	329356.4810094162
594500	329359.6939685808
595000	329333.6936661234
595500	329352.90412481
596000	329340.26704136515
596500	329347.9767238827
597000	329349.81669290876
597500	329329.1466818858
598000	329346.2761888003
598500	329339.7264657852
599000	329510.8973445794
599500	329509.7035142948
600000	329486.5300877265
600500	329478.29658810794
601000	329494.2401017377
601500	329484.0711519402
602000	329482.0436087213
602500	329481.1215919588
603000	329456.4017503869
603500	329484.9109534981
604000	329487.6511105176
604500	329497.83668114425
605000	329494.7982483166
605500	329493.3944387818
606000	329482.11341711076
606500	329484.9963677295
607000	329483.45396908245
607500	329479.8300174585
608000	329490.62554427853
608500	329486.27578959113
609000	329492.6736015795
609500	329496.87888256286
610000	329499.1499852788
610500	329491.48912092176
611000	329487.2522938479
611500	329487.40459095384
612000	329474.75792751816
612500	329502.1332406302
613000	329495.77396114805
613500	329499.02984131814
614000	329505.1341552705
614500	329472.84055325185
615000	329482.9464942937
615500	329475.3528131463
616000	329478.56677281245
616500	329499.19017577544
617000	329492.46979210863
617500	329483.61874198844
618000	329485.76514308667
618500	329478.4031631622
619000	329506.945877936
619500	329501.4009405792
620000	329479.9658018288
620500	329499.9941634577
621000	329497.69079027104
621500	329480.6235141863
622000	329492.99179762165
622500	329489.33937027986
623000	329498.73922867427
623500	329495.8229475056
624000	329487.2685608404
624500	329479.8420945069
625000	329484.49274249346
625500	329487.89339398645
626000	329493.4063256849
626500	329488.86306081014
627000	329487.80131057627
627500	329481.3696923313
628000	329492.587959636
628500	329505.5000865831
629000	329502.7345277159
629500	329502.14137801446
630000	329481.2192349867
630500	329484.4514269464
631000	329480.05164972
631500	329498.6688111206
632000	329495.54648649367
632500	329486.86738586536
633000	329482.6209274838
633500	329481.3743695695
634000	329484.6047772966
634500	329502.1650941275
635000	329483.78224748105
635500	329484.76515071065
636000	329480.5411967098
636500	329479.55935286486
637000	329494.3552004789
637500	329495.4994089916
638000	329500.3035257546
638500	329501.91761374375
639000	329488.05678214843
639500	329496.07148782146
640000	329496.21419508243
640500	329486.1605248983
641000	329487.3484819392
641500	329500.89725055586
642000	329488.6348462692
642500	329492.4105726853
643000	329488.01600165654
643500	329487.2655913122
644000	329481.1568300564
644500	329498.89349825407
645000	329494.31749494496
645500	329475.29315582884
646000	329469.1101162679
646500	329483.9896792124
647000	329495.0376557456
647500	329474.56610242574
648000	329496.7454846311
648500	329508.44649300026
649000	329490.2045293866
649500	329489.1560975542
650000	329500.6702339379
650500	329495.00882099674
651000	329496.5007024026
651500	329481.1102932905
652000	329487.6303785566
652500	329480.05497708125
653000	329493.95496812754
653500	329486.86727641354
654000	329504.77884417056
654500	329507.3593536027
655000	329487.391311118
655500	329492.2647589679
656000	329499.28915348405
656500	329488.02943884354
657000	329494.9639766051
657500	329489.9912042328
658000	329480.0503988616
658500	329500.45794308564
659000	329494.44655951794
659500	329493.1809283968
660000	329487.85257763835
660500	329492.5505178995
661000	329496.24395025347
661500	329484.6212762862
662000	329487.6361207349
662500	329487.8855264805
663000	329485.93503964186
663500	329490.04774298036
664000	329495.54606483073
664500	329499.8762562184
665000	329488.0976211622
665500	329500.28491822863
666000	329494.0242243848
666500	329497.492383544
667000	329497.61633399373
667500	329493.7216281504
668000	329494.1497937142
668500	329492.9993625941
669000	329499.9832703113
669500	329498.0675847342
670000	329494.564546885
670500	329492.6306332468
671000	329496.5614408258
671500	329482.40039159014
672000	329482.54645558936
672500	329499.1907729039
673000	329485.95289255463
673500	329484.76894537546
674000	329501.9185621457
674500	329494.52248875453
675000	329493.1895617377
675500	329502.17862604867
676000	329493.0625634765
676500	329493.4247904794
677000	329492.3736542339
677500	329506.00186285336
678000	329469.3391962393
678500	329474.6975979584
679000	329481.748493678
679500	329476.80418956815
680000	329487.274592814
680500	329482.0011482795
681000	329489.77904694824
681500	329479.7049588719
682000	329493.4657484929
682500	329486.52007317665
683000	329497.4601204647
683500	329486.55306228716
684000	329482.8769497663
684500	329488.7354482961
685000	329481.46454679884
685500	329488.1648237049
686000	329477.7507139864
686500	329502.6634952721
687000	329496.0564084797
687500	329478.13737711066
688000	329484.6877544844
688500	329498.8534494246
689000	329487.20699009195
689500	329491.2042968799
690000	329486.1049897115
690500	329482.76323715557
691000	329491.28340043366
691500	329495.4199271751
692000	329493.0835856271
692500	329476.81846779544
693000	329497.97092057375
693500	329491.78459931543
694000	329489.20849679626
694500	329492.3207200076
695000	329497.49038188776
695500	329497.62822955026
696000	329479.9766326838
696500	329485.99538413004
697000	329475.85578153236
697500	329478.4726179971
698000	329475.6016472971
698500	329485.1918339692
699000	329477.6232946367
699500	329492.6228916794
700000	329499.80830818106
700500	329489.9149872166
701000	329486.87803828134
701500	329482.37059559417
702000	329459.25755942997
702500	329490.7174095614
703000	329491.26420657494
703500	329496.38988972583
704000	329494.2385073086
704500	329493.1036186955
705000	329506.10757848294
705500	329489.5289818082
706000	329498.16049806867
706500	329493.67143589276
707000	329486.8876414687
707500	329481.2382621438
708000	329490.53755753447
708500	329473.91844162985
709000	329482.1852966143
709500	329479.85156915186
710000	329481.94644606137
710500	329493.0363265164
711000	329501.3460691363
711500	329491.80618046696
712000	329500.49842671835
712500	329503.8241627494
713000	329489.86910186254
713500	329506.08731788263
714000	329492.3183552329
714500	329482.70065077284
715000	329509.216834827
715500	329510.1739523531
716000	329499.7574369167
716500	329497.1113701235
717000	329498.244421732
717500	329487.4577417457
718000	329497.89311729185
718500	329505.3515569656
719000	329500.9854468327
719500	329497.00894390605
720000	329498.79609282815
720500	329498.84464719734
721000	329469.76797999756
721500	329494.9695722957
722000	329486.5794744675
722500	329496.52085618745
723000	329488.96543237625
723500	329495.1612221402
724000	329481.8826415364
724500	329487.87110069656
725000	329491.3382843157
725500	329493.57581363886
726000	329496.97738490056
726500	329491.17649121926
727000	329492.7299219583
727500	329492.61799422855
728000	329475.39971670654
728500	329489.47247216554
729000	329500.53561567777
729500	329502.5316275831
730000	329500.78182639234
730500	329488.1235411923
731000	329487.9677774607
731500	329481.87258689664
732000	329488.6466919064
732500	329485.48386919766
733000	329485.9524887472
733500	329499.929023081
734000	329488.2289819467
734500	329488.17553409666
735000	329470.80389141146
735500	329473.3313502778
736000	329460.86878694425
736500	329497.25239403883
737000	329482.3529862564
737500	329494.31362359074
738000	329493.9800399746
738500	329488.1520532757
739000	329487.95274241624
739500	329493.8109557634
740000	329487.03093388845
740500	329488.8890361482
741000	329493.8684271094
741500	329493.19341388234
742000	329485.509629731
742500	329493.33345988346
743000	329496.2504654022
743500	329486.51647086674
744000	329495.8950760247
744500	329494.0269252559
745000	329494.99265652534
745500	329479.59483252437
746000	329494.32332896994
746500	329495.2668829198
747000	329503.24475899845
747500	329497.8214636821
748000	329477.5520172886
748500	329473.5111114837
749000	329477.3749176201
749500	329488.67513722053
750000	329495.21905512415
750500	329495.8244173237
751000	329489.7762205175
751500	329498.33458913834
752000	329477.11753968423
752500	329497.9860157012
753000	329494.0396658005
753500	329496.24524488393
754000	329492.16771017475
754500	329497.05463555135
755000	329496.97657085565
755500	329484.7620189127
756000	329490.3046863712
756500	329499.11694405746
757000	329478.0723856582
757500	329483.8957336849
758000	329491.580858198
758500	329486.1908976919
759000	329498.9789801146
759500	329493.1768390111
760000	329489.9601203775
760500	329493.18936333223
761000	329490.4795363146
761500	329489.82035668724
762000	329495.95252765133
762500	329497.3764174537
763000	329491.37025575986
763500	329489.6949083553
764000	329486.44751193834
764500	329484.3457799349
765000	329488.86166259187
765500	329489.3917363459
766000	329484.97446954664
766500	329478.2286348499
767000	329484.82654794503
767500	329496.1228498663
768000	329477.495190436
768500	329485.56624169555
769000	329506.0788070644
769500	329502.67502605665
770000	329482.0467588729
770500	329471.2393584226
771000	329497.00664790685
771500	329480.58783110377
772000	329475.4696415015
772500	329478.26370261883
773000	329463.3359224976
773500	329485.03040265094
774000	329497.0536343727
774500	329496.88034296845
775000	329474.39343963447
775500	329483.6750682448
776000	329500.8043416075
776500	329473.0749424167
777000	329472.19003835536
777500	329472.77722501225
778000	329505.91877400805
778500	329491.32282993285
779000	329505.6850581744
779500	329497.23098579847
780000	329495.9276066728
780500	329495.64691076597
781000	329492.7264199961
781500	329503.4863589212
782000	329488.17325628886
782500	329485.5003029938
783000	329475.53385606775
783500	329480.75034279254
784000	329486.5797067061
784500	329493.0116434423
785000	329491.9246559965
785500	329494.83812227414
786000	329491.44501985743
786500	329488.9353717542
787000	329507.5764170833
787500	329503.1257235954
788000	329477.5449936789
788500	329492.3828934958
789000	329502.8375491192
789500	329489.301772618
790000	329489.6385259168
790500	329507.705427033
791000	329477.1747515987
791500	329474.3755476957
792000	329477.42494792625
792500	329490.9845678285
793000	329491.06726169086
793500	329492.3844998545
794000	329482.28686657496
794500	329467.88956565136
795000	329479.70420839475
795500	329473.7488700591
796000	329497.81498811
796500	329480.4825840339
797000	329482.58549846424
797500	329484.4757063115
798000	329489.5393973817
798500	329493.78683667356
799000	329489.5435038879
799500	329502.43377510837
800000	329484.6230114027
800500	329480.89084578044
801000	329475.9860721901
801500	329456.9100422863
802000	329485.5006471404
802500	329470.0939221393
803000	329492.9278096655
803500	329486.054363632
804000	329491.6699487651
804500	329493.3311987108
805000	329494.0895019072
805500	329485.291354179
806000	329475.1652557578
806500	329493.8319838133
807000	329477.9756967471
807500	329493.43399658584
808000	329460.7339866985
808500	329484.49814124586
809000	329502.90866629774
809500	329495.1851387442
810000	329494.54440336535
810500	329485.3964368684
811000	329500.37853004
811500	329487.6202288905
812000	329504.92482427
812500	329488.3967490504
813000	329492.1789549455
813500	329486.2959878032
814000	329479.8659504415
814500	329493.9612839799
815000	329482.0053760056
815500	329500.72221023985
816000	329476.54327445023
816500	329492.4291486612
817000	329488.1004432443
817500	329493.53701934544
818000	329491.2088398086
818500	329476.8878288196
819000	329477.87144854484
819500	329493.8574322612
820000	329485.9783082909
820500	329494.01811411453
821000	329486.5829494856
821500	329489.9742531897
822000	329494.5112218658
822500	329488.3548050262
823000	329492.0618692158
823500	329506.33230984217
824000	329492.0695409031
824500	329494.58282661426
825000	329506.4265591473
825500	329488.813701785
826000	329497.32102779427
826500	329493.8395840464
827000	329490.6358390894
827500	329480.729124334
828000	329480.8643256123
828500	329499.43821556383
829000	329495.11547126714
829500	329495.38185013045
830000	329485.61857154954
830500	329458.46951174125
831000	329487.9605354883
831500	329491.3628766184
832000	329490.2434406369
832500	329490.2948526067
833000	329494.71327546734
833500	329493.9480697774
834000	329490.4799341659
834500	329501.77036992967
835000	329501.1290039274
835500	329500.7327634744
836000	329503.3623677366
836500	329483.0872731917
837000	329487.615260549
837500	329503.3126151783
838000	329502.2896039375
838500	329491.10827267787
839000	329485.9339374717
839500	329487.2303409235
840000	329495.31947165774
840500	329492.54282014346
841000	329487.468506635
841500	329487.1869952083
842000	329495.32965049543
842500	329493.22243971465
843000	329483.96324277774
843500	329483.17728067347
844000	329489.8375409633
844500	329479.7276506491
845000	329488.3293841805
845500	329479.17296681454
846000	329483.9038304324
846500	329491.58242848027
847000	329458.64673729084
847500	329473.50126025424
848000	329472.9475538102
848500	329476.8997947646
849000	329486.13846876286
849500	329474.18254706624
850000	329480.93012927636
850500	329480.7040373431
851000	329473.68547835056
851500	329466.0302058404
852000	329497.76160713326
852500	329488.99695543206
853000	329493.7243913539
853500	329497.9576720227
854000	329507.1705575899
854500	329488.7368330201
855000	329493.6011869364
855500	329468.6691198594
856000	329474.3371935935
856500	329495.7630753839
857000	329484.376116123
857500	329500.59322294506
858000	329486.1491898834
858500	329496.23840039707
859000	329499.2243416753
859500	329498.31283647544
860000	329497.48885310965
860500	329493.26331325556
861000	329498.77207496844
861500	329490.20059047354
862000	329485.6558853306
862500	329490.0330976344
863000	329488.8479538245
863500	329496.3245134787
864000	329482.6780514667
864500	329483.93493739684
865000	329497.8043656888
865500	329501.9926798855
866000	329496.3000574922
866500	329480.4210924564
867000	329459.46767009713
867500	329487.2655212812
868000	329483.11363171425
868500	329480.95545387396
869000	329489.9535760221
869500	329494.3709636303
870000	329485.87841865886
870500	329503.81344792945
871000	329492.1032019428
871500	329485.3683114469
872000	329492.3801678342
872500	329495.94782709214
873000	329499.05684539676
873500	329500.2850754041
874000	329490.6697773128
874500	329506.418497593
875000	329501.65156742
875500	329505.15143638547
876000	329475.62806582265
876500	329481.82671751414
877000	329489.7452616347
877500	329490.8040388857
878000	329487.19805875263
878500	329485.2000151109
879000	329493.4553603506
879500	329490.24440726254
880000	329472.13538048783
880500	329483.14079751936
881000	329499.6560299552
881500	329498.7195779911
882000	329494.546687403
882500	329500.82396313094
883000	329503.14458015957
883500	329483.6064395079
884000	329502.47644093307
884500	329494.9677288303
885000	329501.87798337423
885500	329506.0756424066
886000	329499.9431801571
886500	329480.4385639468
887000	329471.2961125611
887500	329486.59646464785
888000	329487.4550517726
888500	329483.88697034074
889000	329495.5447381506
889500	329493.05739294685
890000	329498.9805873534
890500	329485.70792308275
891000	329476.2322243597
891500	329497.89041717356
892000	329482.3256752564
892500	329489.6383272773
893000	329496.7347106256
893500	329494.5916100267
894000	329488.9732329167
894500	329497.19630942575
895000	329493.4578162873
895500	329474.30468098953
896000	329485.86012293043
896500	329483.51520539616
897000	329503.8761867776
897500	329498.329942063
898000	329489.931095271
898500	329505.75592587114
899000	329504.0380682214
899500	329496.979592342
900000	329498.09004237276
900500	329485.9208431469
901000	329481.6568467362
901500	329482.7718220603
902000	329473.398460758
902500	329475.9982476057
903000	329455.65458135534
903500	329462.3667235786
904000	329467.9175904989
904500	329471.67035193
905000	329470.27529934986
905500	329478.2000687101
906000	329465.20820371323
906500	329463.9654231123
907000	329467.76797243254
907500	329471.69508873817
908000	329485.0714973423
908500	329467.2571923182
909000	329476.74380656244
909500	329480.32126981276
910000	329451.50523923343
910500	329459.4308669963
911000	329479.8778270698
911500	329461.05299329
912000	329466.99129397783
912500	329469.12006727385
913000	329466.6354094761
913500	329460.9779748376
914000	329480.07801545714
914500	329476.3161962654
915000	329473.90537296666
915500	329484.22165616136
916000	329475.09332574124
916500	329484.3926333545
917000	329472.2845955782
917500	329495.3312466929
918000	329469.5574194932
918500	329474.9966726274
919000	329456.20225021767
919500	329470.21788873855
920000	329468.0042389102
920500	329483.39498303004
921000	329470.37080444145
921500	329473.5929034186
922000	329471.42639427
922500	329464.9281036503
923000	329479.58111991937
923500	329475.2971030016
924000	329478.3226414614
924500	329484.1492408132
925000	329459.8356618978
925500	329476.17111371853
926000	329486.54216804233
926500	329483.4284730751
927000	329492.5691821145
927500	329493.0078755799
928000	329484.67809131136
928500	329472.41681366146
929000	329480.979741974
929500	329463.7925728656
930000	329464.55731753475
930500	329467.8819923258
931000	329477.08540609264
931500	329471.1240057407
932000	329464.5990869022
932500	329472.4802916796
933000	329475.48323640326
933500	329473.05787554884
934000	329466.23629154137
934500	329469.4287171971
935000	329469.8536278046
935500	329473.3412274585
936000	329478.9470177567
936500	329481.13375411544
937000	329475.1333245644
937500	329457.8374497012
938000	329468.43705107545
938500	329466.5833462525
939000	329465.6214329439
939500	329473.6009492522
940000	329466.8134405528
940500	329452.53367138933
941000	329454.93731302535
941500	329472.8399755702
942000	329481.4926377982
942500	329485.7004826951
943000	329469.2314539273
943500	329477.29136645
944000	329480.86380596244
944500	329481.969275758
945000	329492.5450089219
945500	329490.8088477062
946000	329490.98362251493
946500	329477.9380643943
947000	329461.0580467549
947500	329482.3345062825
948000	329489.14335585566
948500	329452.49848686944
949000	329478.78165360045
949500	329454.9301992323
950000	329467.4691041268
950500	329461.72299898753
951000	329465.3186762297
951500	329465.6274059899
952000	329465.8440708449
952500	329475.10026373476
953000	329474.32680727995
953500	329475.9020677564
954000	329469.503557042
954500	329463.8387586226
955000	329465.36820326716
955500	329456.9243408766
956000	329454.01455295173
956500	329464.26223329944
957000	329474.6842879969
957500	329471.4267642984
958000	329459.9419044489
958500	329471.2897250574
959000	329471.840255373
959500	329479.4997718935
960000	329463.5885298355
960500	329467.8483998275
961000	329454.61744080007
961500	329464.5934352404
962000	329459.25204937754
962500	329459.5969624651
963000	329461.74149953685
963500	329469.1285793106
964000	329450.8795193279
964500	329458.2976261843
965000	329452.4514412685
965500	329469.22402300755
966000	329462.8387971068
966500	329482.8914753612
967000	329460.6562188879
967500	329462.5466401064
968000	329446.3479236306
968500	329440.7540600513
969000	329464.32816727157
969500	329468.22905688174
970000	329467.80314911756
970500	329468.3009431173
971000	329470.8488069148
971500	329471.9729149965
972000	329454.19243783614
972500	329465.82216493384
973000	329467.675241118
973500	329472.2217006098
974000	329473.9031831199
974500	329466.423585212
975000	329463.6355326826
975500	329457.5598683437
976000	329449.85855151433
976500	329463.7083356098
977000	329460.62215525645
977500	329448.2652391194
978000	329459.03855365835
978500	329454.554711671
979000	329460.6120091963
979500	329438.5328409017
980000	329473.0893434486
980500	329475.7691237621
981000	329465.07200827333
981500	329460.1466176219
982000	329471.2807813609
982500	329465.0781039683
983000	329471.87594256166
983500	329473.4321524932
984000	329469.16630728915
984500	329452.8960944479
985000	329450.7411872245
985500	329462.6988049461
986000	329470.23067859514
986500	329467.8118213262
987000	329470.1089252594
987500	329462.9698283837
988000	329459.56895337143
988500	329462.8538301592
989000	329466.91771292145
989500	329460.5384812869
990000	329469.6311325805
990500	329459.04249928205
991000	329462.5338690526
991500	329459.73983831744
992000	329474.2514223759
992500	329446.85652619816
993000	329458.53511710797
993500	329469.0713624584
994000	329475.0874528201
994500	329475.1594300799
995000	329471.98277937697
995500	329474.75995204435
996000	329461.31459941465
996500	329465.88596322545
997000	329474.39965944464
997500	329468.55097966845
998000	329465.73957695987
998500	329459.1081186048
999000	329473.3137192217
999500	329458.6601983755
1000000	329450.7411774654
1000500	-3459.573845955252
1001000	-3446.6232565276255
1001500	-3459.343655372429
1002000	-3471.726689881794
1002500	-3455.0600637366065
1003000	-3452.0037055148246
1003500	-3449.0065225041467
1004000	-3457.180294607248
1004500	-3457.4935064167057
1005000	-3451.5707504186785
1005500	-3469.2352103015733
1006000	-3456.833473256561
1006500	-3452.671407751676
1007000	-3449.077301589545
1007500	-3455.1521084007227
1008000	-3475.898986163672
1008500	-3470.244195618838
1009000	-3484.3250021354092
1009500	-3463.5657384377546
1010000	-3458.109912044865
1010500	-3453.1771224436875
1011000	-3451.7219598570264
1011500	-3456.228131158162
1012000	-3474.711169514815
1012500	-3457.8020469667376
1013000	-3454.263265127049
1013500	-3461.198940007881
1014000	-3467.1497603199573
1014500	-3456.478876186531
1015000	-3447.1496697910984
1015500	-3449.6781443538175
1016000	-3451.9662987906027
1016500	-3485.895015752718
1017000	-3441.8018718283383
1017500	-3442.1337541013613
1018000	-3447.1319436849067
1018500	-3454.6669367503896
1019000	-3446.990154937211
1019500	-3451.982293944127
1020000	-3453.0206190829094
1020500	-3440.988648834575
1021000	-3444.4848243170113
1021500	-3447.7444008129987
1022000	-3442.1255542857652
1022500	-3447.0502875029833
1023000	-3442.7140285841765
1023500	-3436.8298385751164
1024000	-3451.2101643848837
1024500	-3441.9805983678134
1025000	-3450.858301279913
1025500	-3437.6542948210526
1026000	-3447.5972660050775
1026500	-3456.704521798436
1027000	-3441.80755788782
1027500	-3438.1608844502907
1028000	-3447.360358647545
1028500	-3462.60310423965
1029000	-3458.0683167228513
1029500	-3451.8146696536664
1030000	-3444.570505227231
1030500	-3430.3765238854367
1031000	-3437.122400344924
1031500	-3461.4814577491384
1032000	-3447.805739253546
1032500	-3440.4262268909647
1033000	-3434.092890174408
1033500	-3432.0763669650332
1034000	-3434.466614939973
1034500	-3444.652473628774
1035000	-3446.9832994391713
1035500	-3446.3211724424273
1036000	-3430.037267532717
1036500	-3440.9842652600328
1037000	-3437.135062392691
1037500	-3439.165002255986
1038000	-3452.1866734758537
1038500	-3432.2158791676616
1039000	-3436.7334125784687
1039500	-3440.995370415187
1040000	-3469.764485145879
1040500	-3445.5918051403587
1041000	-3464.1348671552523
1041500	-3443.3405121837523
1042000	-3462.3905314187905
1042500	-3445.8039587885396
1043000	-3449.2653357276713
1043500	-3449.0062187960884
1044000	-3437.278928408218
1044500	-3445.365497841927
1045000	-3449.962626693314
1045500	-3446.105859019625
1046000	-3432.3021989732897
1046500	-3450.848221000948
1047000	-3458.413356705733
1047500	-3467.3208689845096
1048000	-3458.957983568898
1048500	-3448.373344540441
1049000	-3464.2749367466968
1049500	-3455.457988886691
1050000	-3468.3555231764926
1050500	-3465.7613765025985
1051000	-3469.5846634361938
1051500	-3458.6971397473676
1052000	-3462.980019136609
1052500	-3453.8495908892864
1053000	-3463.0744339579473
1053500	-3466.776237675075
1054000	-3467.3103991723565
1054500	-3456.456089516613
1055000	-3485.066082041749
1055500	-3473.1971707444263
1056000	-3468.8905589659976
1056500	-3457.589642460355
1057000	-3468.381655374706
1057500	-3451.476542132604
1058000	-3448.7402893493263
1058500	-3454.09368194306
1059000	-3447.303958351038
1059500	-3434.446292836453
1060000	-3434.009639561406
1060500	-3435.2555958457847
1061000	-3447.3377411780507
1061500	-3437.398242169767
1062000	-3475.329553965044
1062500	-3469.5718182439587
1063000	-3465.032557130537
1063500	-3461.587669053402
1064000	-3462.988257643026
1064500	-3448.6499235419496
1065000	-3446.941916526535
1065500	-3462.424181122968
1066000	-3438.5432294157617
1066500	-3447.8760830537067
1067000	-3470.3664553918957
1067500	-3459.836181751567
1068000	-3459.407491769188
1068500	-3461.8984819743655
1069000	-3454.4736422527044
1069500	-3440.3982388915524
1070000	-3460.0071116803133
1070500	-3452.1273496995545
1071000	-3452.6165332348382
1071500	-3441.644958761749
1072000	-3449.8220402277257
1072500	-3457.145838182577
1073000	-3445.832465922842
1073500	-3453.0523118664405
1074000	-3460.6951882103303
1074500	-3452.9540884325434
1075000	-3455.182254149229
1075500	-3469.906827386634
1076000	-3437.5465582946563
1076500	-3452.5555278014886
1077000	-3451.229775531044
1077500	-3450.1698712873476
1078000	-3441.7838562146726
1078500	-3446.5407602327386
1079000	-3461.118917216127
1079500	-3463.1947915155047
1080000	-3442.4406859282894
1080500	-3447.9486055625757
1081000	-3446.2653285018005
1081500	-3436.53281232814
1082000	-3439.5879599491263
1082500	-3453.9569496983677
1083000	-3445.0115092554797
1083500	-3444.4122752714516
1084000	-3451.768403796263
1084500	-3459.758842956478
1085000	-3440.9172528690524
1085500	-3445.933300800209
1086000	-3437.1340466636216
1086500	-3443.6462211373064
1087000	-3442.455256303455
1087500	-3439.5408437298565
1088000	-3460.3463843421378
1088500	-3477.153150235975
1089000	-3457.5125311931715
1089500	-3462.268034485866
1090000	-3427.926195638762
1090500	-3435.5489598131808
1091000	-3451.7206171990733
1091500	-3446.834941279057
1092000	-3464.5992388162954
1092500	-3452.3976812074575
1093000	-3438.7408904328477
1093500	-3463.0229690834385
1094000	-3455.689575084616
1094500	-3440.403834721334
1095000	-3445.1864383108564
1095500	-3451.31134118209
1096000	-3468.936003172647
1096500	-3435.593541262636
1097000	-3428.739591913069
1097500	-3426.714709291493
1098000	-3437.481785048464
1098500	-3438.5580806513203
1099000	-3439.170557065457
1099500	-3445.4378554175355
1100000	-3469.224105707922
1100500	-3459.78833631445
1101000	-3485.5764907300536
1101500	-3472.214394765202
1102000	-3455.710308890123
1102500	-3458.919638456618
1103000	-3455.2860760049275
1103500	-3437.0246417422914
1104000	-3454.0063073171145
1104500	-3434.1757780423573
1105000	-3443.2397865685407
1105500	-3450.782193103
1106000	-3448.7452066861338
1106500	-3430.840411232238
1107000	-3425.215773869046
1107500	-3435.9615962457015
1108000	-3465.1242365426438
1108500	-3440.9142334364133
1109000	-3452.3389536570166
1109500	-3450.3808220820933
1110000	-3441.0827916579824
1110500	-3442.0855822492813
1111000	-3457.34227743227
1111500	-3428.6418250952497
1112000	-3437.0559912543113
1112500	-3448.910802140317
1113000	-3451.4124196893695
1113500	-3443.850891511089
1114000	-3449.0294345916914
1114500	-3452.809257540486
1115000	-3466.0977248140935
1115500	-3453.416185475782
1116000	-3447.8091965986346
1116500	-3452.597514689231
1117000	-3451.7103956699484
1117500	-3432.8874145559525
1118000	-3448.3605870912334
1118500	-3442.9743149145775
1119000	-3454.5555344078693
1119500	-3440.594419402044
1120000	-3464.045925045055
1120500	-3425.063110331493
1121000	-3442.641047903911
1121500	-3438.9463924176025
1122000	-3454.666263566712
1122500	-3442.409214551618
1123000	-3446.0191435063675
1123500	-3454.0594858655936
1124000	-3458.321628281706
1124500	-3442.1725497431707
1125000	-3450.985464262322
1125500	-3451.575887140663
1126000	-3456.9497790705923
1126500	-3457.2361754633635
1127000	-3448.7211624746747
1127500	-3441.7664313759483
1128000	-3445.9893136405876
1128500	-3438.290957427705
1129000	-3454.1910150928284
1129500	-3445.532188074037
1130000	-3440.693659112732
1130500	-3457.9385443480937
1131000	-3450.4673750853262
1131500	-3454.2246145964928
1132000	-3439.8732574409437
1132500	-3454.137697916887
1133000	-3453.76375360435
1133500	-3433.2558882669136
1134000	-3457.9460271007642
1134500	-3449.9984879622593
1135000	-3450.306341092265
1135500	-3447.7078917124604
1136000	-3452.665316346593
1136500	-3457.5740665354406
1137000	-3436.3178335845323
1137500	-3457.2416213451734
1138000	-3479.0219565603934
1138500	-3429.7341499779154
1139000	-3448.1396030284195
1139500	-3457.1908073252976
1140000	-3448.247942598866
1140500	-3435.344516392388
1141000	-3454.9124063920804
1141500	-3434.5076596441772
1142000	-3449.18417023121
1142500	-3449.2587557975544
1143000	-3479.0094333767784
1143500	-3490.306678645787
1144000	-3463.3484783426397
1144500	-3442.0522647396583
1145000	-3460.112200429792
1145500	-3481.16406412542
1146000	-3493.0618413284747
1146500	-3483.163671840928
1147000	-3471.8352119573947
1147500	-3454.9717865381403
1148000	-3466.1822490170794
1148500	-3460.0158260283074
1149000	-3459.320159851616
1149500	-3455.3204905436532
1150000	-3455.9392966198143
1150500	-3467.2423811979893
1151000	-3446.8892386166176
1151500	-3448.1564254064533
1152000	-3451.466696913321
1152500	-3435.9270561829107
1153000	-3468.992757398957
1153500	-3463.5469846243423
1154000	-3461.990594839515
1154500	-3457.0069721289356
1155000	-3469.304704905042
1155500	-3465.8204314056857
1156000	-3460.873454372426
1156500	-3450.836414856205
1157000	-3442.0344252608206
1157500	-3448.1655308267405
1158000	-3448.7920264802983
1158500	-3436.0411798931536
1159000	-3435.943905098878
1159500	-3443.0533886159087
1160000	-3443.790634685558
1160500	-3437.1476950991746
1161000	-3453.288535521827
1161500	-3455.1056747472007
1162000	-3453.971529647372
1162500	-3456.360438792887
1163000	-3449.482724204278
1163500	-3441.264907200596
1164000	-3463.398181611845
1164500	-3449.2267278102963
1165000	-3449.090639411596
1165500	-3460.478316103647
1166000	-3444.42811189529
1166500	-3431.4465002610614
1167000	-3460.1954824294157
1167500	-3477.1477505217717
1168000	-3462.7053651326464
1168500	-3447.592111329277
1169000	-3453.1626437436494
1169500	-3436.3900644078644
1170000	-3444.7276954466365
1170500	-3444.203758801324
1171000	-3444.775530151432
1171500	-3440.9402766088792
1172000	-3444.917716625722
1172500	-3445.125433854531
1173000	-3453.4937130987446
1173500	-3468.912204075243
1174000	-3480.6573062543885
1174500	-3466.0065785549227
1175000	-3469.6553774060703
1175500	-3448.9707832634404
1176000	-3438.864347183788
1176500	-3464.3825025801216
1177000	-3438.6438815762367
1177500	-3446.304142587923
1178000	-3458.5532365548993
1178500	-3447.2067893041663
1179000	-3450.6761048292938
1179500	-3478.3474818073346
1180000	-3468.7639970022856
1180500	-3466.0773628392785
1181000	-3451.2911134731635
1181500	-3440.6644539654017
1182000	-3462.5818167776033
1182500	-3440.3731339192354
1183000	-3452.212335981213
1183500	-3438.77715135303
1184000	-3460.967229761564
1184500	-3442.6204293002293
1185000	-3443.1365058729307
1185500	-3444.4995332084945
1186000	-3447.2905614795077
1186500	-3437.3847201193903
1187000	-3441.476199952612
1187500	-3436.5776511971053
1188000	-3441.8953001866976
1188500	-3448.570151696569
1189000	-3431.9659841308985
1189500	-3440.718063334262
1190000	-3453.205353746865
1190500	-3463.091192534736
1191000	-3440.5716808448624
1191500	-3449.055294970403
1192000	-3450.473191387882
1192500	-3460.1184061358176
1193000	-3433.8334892917956
1193500	-3471.545375811069
1194000	-3448.976433738714
1194500	-3451.842092512362
1195000	-3461.444618674175
1195500	-3441.85193919498
1196000	-3464.954920864562
1196500	-3468.49168614436
1197000	-3480.918245388567
1197500	-3484.094138593646
1198000	-3464.5642346470772
1198500	-3454.2190371890297
1199000	-3443.2588722227392
1199500	-3466.2140283689537
1200000	-3459.962263648364
1200500	-3473.5252947650242
1201000	-3441.6875515462016
1201500	-3459.1683063143587
1202000	-3446.5664572551686
1202500	-3446.1628356479723
1203000	-3460.062022820939
1203500	-3460.202043216515
1204000	-3437.365900058669
1204500	-3481.2208155057765
1205000	-3449.612652103463
1205500	-3444.731349596754
1206000	-3445.6907298496835
1206500	-3460.790324724709
1207000	-3458.1096352669047
1207500	-3448.486866186463
1208000	-3449.5712631039833
1208500	-3454.4731753602036
1209000	-3452.094619469779
1209500	-3445.5325352512796
1210000	-3460.6977375641404
1210500	-3471.509555956788
1211000	-3448.563176515907
1211500	-3455.3765494036406
1212000	-3456.3688435597087
1212500	-3430.772090440272
1213000	-3443.0350918050776
1213500	-3449.436026171568
1214000	-3438.6220365411145
1214500	-3435.6012121909534
1215000	-3449.8038218174543
1215500	-3446.250351618297
1216000	-3461.1862805641554
1216500	-3464.317597248228
1217000	-3448.116801488651
1217500	-3461.120450730708
1218000	-3445.3093061287454
1218500	-3461.4573177656043
1219000	-3455.674058113783
1219500	-3473.5774931161
1220000	-3481.8722794997266
1220500	-3463.360509184972
1221000	-3470.4494787774283
1221500	-3456.9340139057
1222000	-3485.4579883303536
1222500	-3481.091960269634
1223000	-3447.460771659764
1223500	-3456.118013941442
1224000	-3450.3660707233557
1224500	-3457.4457057554687
1225000	-3453.5612801712846
1225500	-3447.9323350440077
1226000	-3451.5371442017977
1226500	-3446.51427252747
1227000	-3469.0620433023482
1227500	-3464.315480604665
1228000	-3457.264263457872
1228500	-3463.460057135499
1229000	-3458.7940669723025
1229500	-3437.5648329777564
1230000	-3443.6611850849467
1230500	-3451.653324427676
1231000	-3449.48719478688
1231500	-3457.985648036576
1232000	-3454.305838013563
1232500	-3440.765747254496
1233000	-3444.0363215779985
1233500	-3456.083604014923
1234000	-3460.13955221631
1234500	-3461.329019318463
1235000	-3449.904250254461
1235500	-3459.4845050437743
1236000	-3453.2109018087926
1236500	-3469.922253584191
1237000	-3469.5114110061813
1237500	-3462.269253866472
1238000	-3442.38733521512
1238500	-3466.4900615266038
1239000	-3454.718218228672
1239500	-3443.759013848437
1240000	-3453.2362842565585
1240500	-3468.015503213347
1241000	-3455.6266973023876
1241500	-3462.1266717022672
1242000	-3445.55420982744
1242500	-3455.782020697765
1243000	-3480.0469767859618
1243500	-3454.0502679722013
1244000	-3478.9983836840765
1244500	-3479.226009297887
1245000	-3478.006777594149
1245500	-3453.201716104349
1246000	-3467.3606122302117
1246500	-3469.4759402983113
1247000	-3467.0235847236327
1247500	-3460.6656963436867
1248000	-3462.957104368193
1248500	-3475.7091258378114
1249000	-3468.082203963529
1249500	-3457.343045355003
1250000	-3454.4887758353007
1250500	-3457.425759913394
1251000	-3464.6561892256036
1251500	-3454.2077311470093
1252000	-3448.698077257635
1252500	-3455.127301764251
1253000	-3448.0507885257007
1253500	-3458.740520964225
1254000	-3446.1180350152795
1254500	-3437.737313587208
1255000	-3436.929709472162
1255500	-3441.1555228364505
1256000	-3453.823385352894
1256500	-3451.2743250208187
1257000	-3455.555301116719
1257500	-3471.5484752846996
1258000	-3438.962363332834
1258500	-3444.0277774756014
1259000	-3455.254772446544
1259500	-3439.794902397548
1260000	-3452.191417191543
1260500	-3454.5773623394134
1261000	-3449.891218056349
1261500	-3454.0218462776456
1262000	-3444.9719443202894
1262500	-3445.5124970263705
1263000	-3448.2034133741586
1263500	-3454.0129283290507
1264000	-3457.371295693179
1264500	-3439.8672762401416
1265000	-3437.2158875517875
1265500	-3464.8728464063834
1266000	-3432.6021946005544
1266500	-3443.7508892051997
1267000	-3435.338386475944
1267500	-3464.6953774381095
1268000	-3476.6517997550422
1268500	-3466.310237905755
1269000	-3455.120899143292
1269500	-3453.99995223537
1270000	-3447.7430172927207
1270500	-3452.561685461477
1271000	-3446.7265151987176
1271500	-3449.432229600582
1272000	-3436.725616027027
1272500	-3443.1044384844204
1273000	-3440.83906425868
1273500	-3451.595597632241
1274000	-3466.1272644794503
1274500	-3448.7705800810836
1275000	-3457.5830271520726
1275500	-3455.896941358172
1276000	-3437.601331305833
1276500	-3443.703320260242
1277000	-3438.8749520401916
1277500	-3441.614254276999
1278000	-3442.5866549782827
1278500	-3445.190396659981
1279000	-3456.8291037907284
1279500	-3451.7679891971807
1280000	-3468.6053164326754
1280500	-3442.7772370835482
1281000	-3436.1549721012602
1281500	-3444.4394556706925
1282000	-3453.4878587638414
1282500	-3450.107207959151
1283000	-3454.3267486356317
1283500	-3467.651928842511
1284000	-3457.447495271243
1284500	-3466.2745620818646
1285000	-3456.51140091857
1285500	-3451.4840454920077
1286000	-3432.205758331687
1286500	-3439.5685619784895
1287000	-3457.537332088045
1287500	-3447.8566620580514
1288000	-3432.9274581181844
1288500	-3441.8329961015584
1289000	-3436.6589552308465
1289500	-3440.1465067979716
1290000	-3442.5179257976697
1290500	-3446.4091144738222
1291000	-3459.451397830245
1291500	-3469.9802355589522
1292000	-3461.6378086850145
1292500	-3443.531813377804
1293000	-3446.2772762862423
1293500	-3451.607301829993
1294000	-3455.509569968972
1294500	-3445.8954044555917
1295000	-3455.3808927859236
1295500	-3442.674218145478
1296000	-3448.6546925339935
1296500	-3452.6284112075537
1297000	-3463.2143654414745
1297500	-3465.147089564972
1298000	-3477.6273606236
1298500	-3452.1641933867286
1299000	-3464.5017821010306
1299500	-3444.549150717902
1300000	-3480.241737146531
1300500	-3450.2992632268215
1301000	-3459.1038377053274
1301500	-3458.8262956453314
1302000	-3449.136725750759
1302500	-3460.9895310569145
1303000	-3456.439267493197
1303500	-3458.8939932914063
1304000	-3461.2027610024043
1304500	-3456.059659895514
1305000	-3465.704428818809
1305500	-3456.730159271851
1306000	-3457.116016173552
1306500	-3441.5619572619785
1307000	-3448.2527200853383
1307500	-3439.024440849815
1308000	-3451.644922600192
1308500	-3465.4697318655003
1309000	-3443.3849461608925
1309500	-3444.4122034539596
1310000	-3445.1971072926754
1310500	-3449.7848351483535
1311000	-3432.1516829103134
1311500	-3438.067121813633
1312000	-3462.8992515873606
1312500	-3457.32647159544
1313000	-3445.291381671548
1313500	-3473.2440997131184
1314000	-3466.618479844468
1314500	-3453.233871430185
1315000	-3458.3022390577667
1315500	-3459.0971545841453
1316000	-3469.1360668220923
1316500	-3479.619813902704
1317000	-3447.8839867106735
1317500	-3448.8706014202885
1318000	-3444.2566620844536
1318500	-3440.9271902507976
1319000	-3460.0775087642915
1319500	-3451.842907833101
1320000	-3437.75515522372
1320500	-3442.5781880939862
1321000	-3439.6216624207996
1321500	-3446.543081043014
1322000	-3478.646456246131
1322500	-3464.2275255581017
1323000	-3452.2729563070884
1323500	-3455.5639801866246
1324000	-3459.5015907812526
1324500	-3430.246515198104
1325000	-3438.376162196363
1325500	-3441.4123617628184
1326000	-3448.020381031437
1326500	-3454.605397327005
1327000	-3437.942924206716
1327500	-3443.0777235290075
1328000	-3461.36557276463
1328500	-3434.1778487893193
1329000	-3443.7780698112238
1329500	-3454.997953495553
1330000	-3453.721831577486
1330500	-3445.6000479730233
1331000	-3450.567091768413
1331500	-3477.1524009910304
1332000	-3457.75759044831
1332500	-3448.358273031565
1333000	-3444.2221863048126
1333500	-3435.4828387897373
1334000	-3444.906123535795
1334500	-3460.6827489006805
1335000	-3435.4020238909156
1335500	-3441.7373521977165
1336000	-3461.0292481492615
1336500	-3460.090369157409
1337000	-3442.7900760380858
1337500	-3449.6823775631588
1338000	-3447.2644973122633
1338500	-3459.2645499452715
1339000	-3450.907683469375
1339500	-3443.1851031222877
1340000	-3439.409985357149
1340500	-3439.820263164345
1341000	-3456.6473326040764
1341500	-3454.3476360909326
1342000	-3452.271695019912
1342500	-3456.552872023046
1343000	-3444.807991634938
1343500	-3466.0104346139838
1344000	-3449.1588751157324
1344500	-3445.6000226766005
1345000	-3450.7511317495223
1345500	-3439.131062573399
1346000	-3451.5188619719465
1346500	-3455.514031328981
1347000	-3456.240464422042
1347500	-3464.2471745910766
1348000	-3446.1929509554097
1348500	-3451.5219697908506
1349000	-3460.118922491855
1349500	-3462.4126134589337
1350000	-3465.4965971403167
1350500	-3445.3999966774127
1351000	-3444.1169489199297
1351500	-3453.8715943341217
1352000	-3437.925948637315
1352500	-3444.183060600299
1353000	-3439.302895752746
1353500	-3429.2941982406696
1354000	-3434.987725939005
1354500	-3434.454982040476
1355000	-3445.9666654757875
1355500	-3452.0774411036605
1356000	-3444.932816808791
1356500	-3445.6185532961335
1357000	-3448.1117432091273
1357500	-3470.9492357201766
1358000	-3459.7809142361175
1358500	-3463.375454714315
1359000	-3467.683737112178
1359500	-3467.173257662438
1360000	-3466.9177931880345
1360500	-3476.57246175357
1361000	-3471.5811836971634
1361500	-3477.2295181318464
1362000	-3459.303770687498
1362500	-3475.85726096619
1363000	-3481.3382037178376
1363500	-3463.913543200233
1364000	-3445.7252987719644
1364500	-3450.0202120900017
1365000	-3462.1251802652428
1365500	-3454.0349597934296
1366000	-3448.8715858310343
1366500	-3456.7357417127587
1367000	-3445.473470664253
1367500	-3447.577455104376
1368000	-3459.696680139056
1368500	-3449.3818456411173
1369000	-3444.2832936941627
1369500	-3456.7809553635675
1370000	-3454.26341500186
1370500	-3453.0169483004024
1371000	-3442.5698636311445
1371500	-3435.4535043208048
1372000	-3434.9045218949627
1372500	-3432.1982852812416
1373000	-3432.85844590131
1373500	-3438.8352583196556
1374000	-3441.7043706279287
1374500	-3455.313287349782
1375000	-3453.5113835453885
1375500	-3453.2736667962345
1376000	-3448.2236862282584
1376500	-3459.3133140171185
1377000	-3453.619098151934
1377500	-3444.237080770005
1378000	-3437.2420954976687
1378500	-3457.089718085686
1379000	-3464.8414710379875
1379500	-3455.284684416598
1380000	-3443.6655999151403
1380500	-3462.6571763715606
1381000	-3479.178124028518
1381500	-3486.9135036589414
1382000	-3460.533547076092
1382500	-3448.7273993921194
1383000	-3439.0782094100255
1383500	-3429.9042782829397
1384000	-3431.6222552985782
1384500	-3436.4205848849997
1385000	-3452.022156965772
1385500	-3441.846351230477
1386000	-3458.196153914729
1386500	-3429.1520557094677
1387000	-3449.0295809421436
1387500	-3442.371492316851
1388000	-3443.7204418647693
1388500	-3444.6906909480485
1389000	-3444.313127407826
1389500	-3431.989861113547
1390000	-3430.540981366003
1390500	-3440.7332438980943
1391000	-3429.4578069641207
1391500	-3430.110547434318
1392000	-3443.171900515116
1392500	-3462.375015234388
1393000	-3469.0556690694157
1393500	-3469.54753545505
1394000	-3454.5031986774684
1394500	-3456.4702780945954
1395000	-3477.910596068033
1395500	-3468.129049201104
1396000	-3469.0018942131906
1396500	-3458.726926267127
1397000	-3443.878397013595
1397500	-3436.7088567763117
1398000	-3441.4092161187373
1398500	-3442.11839975934
1399000	-3458.6858498893284
1399500	-3472.460523079009
1400000	-3448.2525670249447
1400500	-3440.6627401913843
1401000	-3442.161201001881
1401500	-3460.6320472515217
1402000	-3461.811519980057
1402500	-3473.0877876727363
1403000	-3471.5970642133348
1403500	-3456.21658680549
1404000	-3461.479018254379
1404500	-3437.6304321758726
1405000	-3474.7998487550462
1405500	-3452.6988220505955
1406000	-3468.2029416365012
1406500	-3444.4582850472143
1407000	-3436.4874146167167
1407500	-3443.7969605452545
1408000	-3454.4709058952367
1408500	-3449.059800346563
1409000	-3438.352076027138
1409500	-3437.280946492715
1410000	-3452.8349937571165
1410500	-3471.611647326443
1411000	-3455.853898236303
1411500	-3438.089948628284
1412000	-3450.154948296167
1412500	-3427.342283659531
1413000	-3441.053321794905
1413500	-3445.877154462837
1414000	-3455.343219677094
1414500	-3431.9176718449703
1415000	-3459.238819123614
1415500	-3477.546088371332
1416000	-3462.2821583634204
1416500	-3442.9962742653315
1417000	-3451.729086421715
1417500	-3444.900138407705
1418000	-3431.0167901179166
1418500	-3437.2201191093886
1419000	-3452.841434811852
1419500	-3434.6049586077384
1420000	-3458.3695916050474
1420500	-3455.4933989396964
1421000	-3449.20333867336
1421500	-3437.9413657158207
1422000	-3452.087660181887
1422500	-3453.833072000294
1423000	-3442.6281060838073
1423500	-3436.6887394871364
1424000	-3439.077572990733
1424500	-3438.605772601124
1425000	-3459.654342373096
1425500	-3452.657637977055
1426000	-3466.958634919661
1426500	-3444.5729258163
1427000	-3460.1658909547896
1427500	-3449.2924486658185
1428000	-3445.541859236333
1428500	-3443.690963756252
1429000	-3464.444625038755
1429500	-3485.5290007102326
1430000	-3474.4355953407066
1430500	-3457.5362466672836
1431000	-3462.004008456416
1431500	-3470.095928409015
1432000	-3446.442057234611
1432500	-3437.71282181902
1433000	-3469.4375949907026
1433500	-3439.0008700993435
1434000	-3439.9333568526736
1434500	-3447.397049963824
1435000	-3440.889601234954
1435500	-3456.7967732714624
1436000	-3459.60554122949
1436500	-3445.5111963446757
1437000	-3445.034476253021
1437500	-3443.3637467592034
1438000	-3443.599089554421
1438500	-3430.5850245275915
1439000	-3431.843548997072
1439500	-3441.195631839041
1440000	-3436.9703598949836
1440500	-3437.335511930264
1441000	-3433.730779782796
1441500	-3438.183749445744
1442000	-3433.2872828251166
1442500	-3446.0159866471245
1443000	-3458.4222614225796
1443500	-3430.620989833986
1444000	-3449.1707927054094
1444500	-3438.7250957972806
1445000	-3439.2533892017905
1445500	-3435.6348736046784
1446000	-3446.448169421036
1446500	-3453.0874787994635
1447000	-3461.27895856473
1447500	-3445.1372292420597
1448000	-3443.2855938052408
1448500	-3441.9637884546955
1449000	-3456.8786681512324
1449500	-3442.256659365933
1450000	-3454.3319304897736
1450500	-3436.6628779474177
1451000	-3446.170235145147
1451500	-3434.877005009791
1452000	-3442.163861323214
1452500	-3447.855190080268
1453000	-3455.913098447089
1453500	-3441.2815594791814
1454000	-3439.1262336674013
1454500	-3458.18088887591
1455000	-3447.4930414317896
1455500	-3450.542448414098
1456000	-3440.8169984895226
1456500	-3449.475880969195
1457000	-3456.123375090576
1457500	-3470.152469811524
1458000	-3464.4916157335033
1458500	-3460.6969526784355
1459000	-3448.236575796204
1459500	-3460.520179134677
1460000	-3464.8359871904827
1460500	-3441.6613661043384
1461000	-3470.962047536207
1461500	-3442.3617499560773
1462000	-3446.8424672085175
1462500	-3447.352704312928
1463000	-3451.6254179349594
1463500	-3444.6548487170635
1464000	-3442.0825121940143
1464500	-3436.4436974038135
1465000	-3448.1660674743116
1465500	-3446.9245642583087
1466000	-3445.745518181566
1466500	-3466.046525341589
1467000	-3445.106865756071
1467500	-3461.0972996727846
1468000	-3465.9259594709565
1468500	-3446.7115537163727
1469000	-3457.952847253017
1469500	-3469.176334277419
1470000	-3483.0039781291102
1470500	-3447.719461811707
1471000	-3494.045322765651
1471500	-3440.5181386178383
1472000	-3444.6597729185182
1472500	-3451.223566842494
1473000	-3460.804430124497
1473500	-3444.2277027825253
1474000	-3441.5285548022416
1474500	-3438.2896878931415
1475000	-3460.005716766609
1475500	-3462.614608056607
1476000	-3440.5322511385707
1476500	-3451.3963195717506
1477000	-3445.0200964959613
1477500	-3458.7965093404687
1478000	-3453.0176065658925
1478500	-3466.6656543565696
1479000	-3461.113658114151
1479500	-3449.480858164566
1480000	-3452.5686193265224
1480500	-3450.6409013509324
1481000	-3458.5114611948597
1481500	-3460.952594557403
1482000	-3458.3962856984313
1482500	-3461.0032942850657
1483000	-3444.143037373536
1483500	-3453.387972313178
1484000	-3450.2902071671883
1484500	-3480.987875652822
1485000	-3473.5731489312757
1485500	-3458.1181063664653
1486000	-3462.470225181319
1486500	-3469.4786894400327
1487000	-3457.0676774254357
1487500	-3474.7594592355417
1488000	-3468.787006699019
1488500	-3463.7156713446234
1489000	-3463.910576680019
1489500	-3446.732829799969
1490000	-3450.999587578038
1490500	-3475.0657713933415
1491000	-3494.0933255107243
1491500	-3456.8942723154237
1492000	-3447.3403646917945
1492500	-3460.9969015214288
1493000	-3467.137101282855
1493500	-3458.508072111575
1494000	-3489.0464559127786
1494500	-3487.670088882449
1495000	-3475.991575147925
1495500	-3475.3499900549537
1496000	-3487.6657386750244
1496500	-3474.9664319611916
1497000	-3484.9478011794085
1497500	-3478.2809253132555
1498000	-3443.639273601983
1498500	-3443.4266538284073
1499000	-3432.9506532795644
1499500	-3461.4180337721396
1500000	-3437.243096830525
