Sample	likelihood
0	-3565.251604693836
500	-3580.7747640444736
1000	-3580.3520644159144
1500	-3562.8229435075987
2000	-3572.54729894978
2500	-3586.7949800711094
3000	-3608.704788295721
3500	-3600.1451122421017
4000	-3595.7826708334205
4500	-3620.4147899337263
5000	-3617.7143565721567
5500	-3632.221709577288
6000	-3590.7550439186343
6500	-3611.6559530815507
7000	-3578.072416285729
7500	-3533.6872243193266
8000	-3589.8694485476294
8500	-3574.97307741468
9000	-3555.25032027871
9500	-3571.682446748452
10000	-3537.6843585261145
10500	-3544.3708118392433
11000	-3603.234125112409
11500	-3576.834173823619
12000	-3571.0456041879866
12500	-3554.8062679400623
13000	-3558.910528183423
13500	-3606.960929778478
14000	-3599.005393451519
14500	-3631.757338030388
15000	-3534.4774363428533
15500	-3562.4315658779246
16000	-3554.754104871979
16500	-3617.2067982156027
17000	-3545.0905880383257
17500	-3561.241137369109
18000	-3530.960802482267
18500	-3523.685934009425
19000	-3534.9238872915057
19500	-3611.064138704053
20000	-3552.8616225203596
20500	-3546.648472204364
21000	-3546.648472204364
21500	-3525.2646019453855
22000	-3529.6977814646675
22500	-3529.1426280271685
23000	-3537.141774413187
23500	-3555.117519002802
24000	-3587.093127080491
24500	-3552.775509504783
25000	-3531.3480919186795
25500	-3566.8554131598307
26000	-3525.0455777476905
26500	-3534.9366847259867
27000	-3521.1649302766773
27500	-3531.6277976421457
28000	-3571.8849675460283
28500	-3585.0016149970243
29000	-3587.361383857915
29500	-3528.6583994545704
30000	-3551.949095687156
30500	-3566.631821685735
31000	-3581.9288519907454
31500	-3573.2480755313163
32000	-3555.5294696078286
32500	-3579.546465918264
33000	-3543.943371749243
33500	-3568.705222378005
34000	-3577.2794983119065
34500	-3524.4515712316165
35000	-3516.42839495186
35500	-3546.4864103005348
36000	-3543.3778340611934
36500	-3564.9570842422313
37000	-3592.262277670255
37500	-3597.9067091513643
38000	-3545.8528048095186
38500	-3509.886848529298
39000	-3530.4827897809487
39500	-3598.9375812952153
40000	-3571.9921372084555
40500	-3578.6233279600483
41000	-3563.1746700403482
41500	-3561.487173235272
42000	-3579.272154084731
42500	-3661.70023331391
43000	-3609.3400599217157
43500	-3582.6205552784436
44000	-3563.2184694647353
44500	-3590.0672752407654
45000	-3554.8124905455643
45500	-3541.512604136499
46000	-3537.0579271117076
46500	-3548.3600285198186
47000	-3582.9583856421855
47500	-3536.3731235089017
48000	-3528.3648275822966
48500	-3620.6935021076265
49000	-3576.734175730983
49500	-3586.328851052343
50000	-3603.9119626567117
50500	-3571.7077638522655
51000	-3539.627758558519
51500	-3588.7187052909503
52000	-3515.092830681683
52500	-3514.79838437538
53000	-3529.1795113247254
53500	-3548.568558964913
54000	-3545.2968199772054
54500	-3563.1937091490163
55000	-3542.011563723278
55500	-3550.385346536251
56000	-3552.826025892013
56500	-3593.4355033148086
57000	-3564.77377539235
57500	-3574.644262223074
58000	-3576.5513267052015
58500	-3579.38614620789
59000	-3600.4590809908314
59500	-3596.2560541124785
60000	-3566.324784930207
60500	-3547.7614822198166
61000	-3547.4941815279253
61500	-3512.346555354269
62000	-3515.393850086818
62500	-3537.63919213001
63000	-3583.9111292542366
63500	-3549.805915837638
64000	-3561.6133501236463
64500	-3536.3598415793194
65000	-3532.2269899519424
65500	-3535.585792731285
66000	-3506.0880205627855
66500	-3530.1055288967345
67000	-3531.8512925525483
67500	-3523.003562417255
68000	-3550.095989211457
68500	-3542.3474054784288
69000	-3551.0931767587613
69500	-3581.572676738401
70000	-3578.2980436854696
70500	-3545.8775011525054
71000	-3529.2273121549647
71500	-3563.566718546432
72000	-3556.1960579855495
72500	-3557.017799547737
73000	-3586.5476307941763
73500	-3588.901254079916
74000	-3539.327412495681
74500	-3546.790776455077
75000	-3547.3204580676543
75500	-3577.439283646052
76000	-3575.661385175116
76500	-3566.761482297156
77000	-3495.8773868288044
77500	-3468.6977215392926
78000	-3501.981519863554
78500	-3496.687263116167
79000	-3488.373341294669
79500	-3551.864927368677
80000	-3541.8801674841993
80500	-3556.1850990821963
81000	-3532.4611921854394
81500	-3556.828081358058
82000	-3524.861874294558
82500	-3539.752483619886
83000	-3521.036690863356
83500	-3546.587645721086
84000	-3525.4478567277993
84500	-3541.6226611924626
85000	-3554.88706448441
85500	-3537.8065816479807
86000	-3534.288560562895
86500	-3506.0355876983913
87000	-3502.4746016570725
87500	-3532.0871632927237
88000	-3558.7836493778645
88500	-3509.6626479775814
89000	-3513.3086094938644
89500	-3542.789957610756
90000	-3547.4942406498285
90500	-3551.0480563127417
91000	-3544.4163252638955
91500	-3518.61819499986
92000	-3543.092818873301
92500	-3499.436903913366
93000	-3478.693680410415
93500	-3518.231567878289
94000	-3556.2926682360903
94500	-3550.2370811355318
95000	-3542.5723381583143
95500	-3540.1748041212527
96000	-3545.3162279606227
96500	-3537.1541024814533
97000	-3548.1000286188755
97500	-3552.791722001633
98000	-3531.0810997031226
98500	-3521.1048479251044
99000	-3532.4827347226055
99500	-3495.013687135217
100000	-3545.1754570850617
100500	-3533.9744903938376
101000	-3489.4843085297075
101500	-3518.757398412056
102000	-3554.709287724219
102500	-3521.060567553878
103000	-3546.4855581194433
103500	-3569.434086462122
104000	-3614.911704044498
104500	-3614.0380526234026
105000	-3596.26594227778
105500	-3607.6916906884144
106000	-3584.07657439571
106500	-3579.6145553445704
107000	-3553.2226708472394
107500	-3544.4615955492864
108000	-3504.5536556444554
108500	-3548.926392655822
109000	-3514.7368431307577
109500	-3570.5711684818766
110000	-3525.1124182931835
110500	-3570.229435994289
111000	-3512.4426809527463
111500	-3504.3126001262126
112000	-3584.2623836481152
112500	-3559.2929654405834
113000	-3553.950035421815
113500	-3540.5732969345754
114000	-3531.630482547033
114500	-3531.0048342298123
115000	-3517.42404024783
115500	-3531.406429773277
116000	-3496.32866095716
116500	-3516.2912208442735
117000	-3518.815112807047
117500	-3592.572371946876
118000	-3557.4096697441055
118500	-3528.9868154115875
119000	-3521.3052488723315
119500	-3490.489141714836
120000	-3558.0568444824594
120500	-3541.562861134699
121000	-3527.888010643637
121500	-3503.7248496872785
122000	-3497.0319094596025
122500	-3495.8364113074153
123000	-3489.211006323005
123500	-3489.0331202994644
124000	-3554.485089953982
124500	-3492.178440726952
125000	-3516.3469462335456
125500	-3537.5493559384304
126000	-3533.637575587885
126500	-3569.255507831243
127000	-3531.1146394789844
127500	-3500.983779425263
128000	-3533.047136835389
128500	-3521.0566254259456
129000	-3562.824420895356
129500	-3506.5601434745645
130000	-3514.5124829260935
130500	-3500.967969085175
131000	-3499.253456736115
131500	-3547.006448815204
132000	-3571.850624217199
132500	-3566.5952493385216
133000	-3566.1984123507928
133500	-3599.6662503309867
134000	-3571.1275617296396
134500	-3559.1746415570506
135000	-3529.5915610344464
135500	-3546.5132289800063
136000	-3554.775822561268
136500	-3576.5697377604706
137000	-3522.0225481902576
137500	-3552.9104230321973
138000	-3518.0126137251364
138500	-3500.495299799862
139000	-3495.9307970395303
139500	-3546.9398456560634
140000	-3514.2234242754075
140500	-3506.2666007434595
141000	-3498.0396988329676
141500	-3522.9824938842607
142000	-3580.6625431302546
142500	-3575.3432128732375
143000	-3555.882124143409
143500	-3636.5134109433793
144000	-3553.874464209872
144500	-3534.7043010487455
145000	-3563.0820482545305
145500	-3566.994875893294
146000	-3543.1906741703865
146500	-3537.115899264957
147000	-3548.945249415781
147500	-3531.7296228417886
148000	-3583.0138852425584
148500	-3511.2742084641045
149000	-3513.2850428331644
149500	-3544.9381309747096
150000	-3530.0756097150193
150500	-3531.526709399122
151000	-3527.6532957638597
151500	-3545.121395376974
152000	-3563.1958509702376
152500	-3609.7771834800224
153000	-3587.065594354517
153500	-3560.2621849125694
154000	-3528.058733829703
154500	-3532.9729828220666
155000	-3539.942438806452
155500	-3520.403174317386
156000	-3546.120407686908
156500	-3523.7409880881964
157000	-3505.7549708456445
157500	-3528.214589647629
158000	-3486.101890066419
158500	-3510.3471256217363
159000	-3525.7119069334344
159500	-3508.5948859883392
160000	-3528.228925554393
160500	-3494.4993994682545
161000	-3544.1722775280364
161500	-3537.8974064606755
162000	-3508.492740306258
162500	-3506.807748144533
163000	-3515.4710036819
163500	-3517.862592966245
164000	-3552.4952732888514
164500	-3503.808625504536
165000	-3527.97119303535
165500	-3517.164531710864
166000	-3552.1485703847634
166500	-3508.5793458494354
167000	-3499.7908367364457
167500	-3483.284553961353
168000	-3529.0326535526783
168500	-3483.7181454114757
169000	-3490.960555163596
169500	-3547.122099225219
170000	-3562.22103975236
170500	-3545.5666061344
171000	-3524.935648937073
171500	-3562.320878505868
172000	-3513.274071782579
172500	-3523.275029881721
173000	-3555.3251627634804
173500	-3550.8326539595632
174000	-3527.3657605482085
174500	-3544.996269909954
175000	-3567.2248985591214
175500	-3523.1305118908413
176000	-3515.597883408423
176500	-3544.688055462831
177000	-3521.300524136017
177500	-3515.4642208083606
178000	-3490.042010999824
178500	-3501.5371557398075
179000	-3499.9264067839786
179500	-3496.660757424914
180000	-3505.347214666805
180500	-3542.1303613257355
181000	-3514.7287020039826
181500	-3540.887965751388
182000	-3564.1795556189954
182500	-3590.4945602259863
183000	-3568.515648632268
183500	-3576.083885339461
184000	-3566.4020600691415
184500	-3560.3325259504545
185000	-3531.6178765647073
185500	-3514.871069527677
186000	-3532.8296296425015
186500	-3556.36388535125
187000	-3622.1357960992223
187500	-3568.838765626204
188000	-3534.0340210566555
188500	-3491.3384499063363
189000	-3506.5664762181227
189500	-3470.487650261395
190000	-3542.1809467309618
190500	-3487.481265264915
191000	-3492.982771312858
191500	-3502.5801365662765
192000	-3540.729707665715
192500	-3551.5449514708575
193000	-3533.330183602643
193500	-3557.945666989477
194000	-3564.5659970278534
194500	-3532.2486448631166
195000	-3587.1233026243863
195500	-3585.760457872715
196000	-3544.6279368528135
196500	-3546.1136514418226
197000	-3539.610217887692
197500	-3539.5717164655357
198000	-3501.636615721343
198500	-3524.8192557104608
199000	-3568.3592305082916
199500	-3543.245146531002
200000	-3562.024008039318
200500	-3541.922358443426
201000	-3584.152002979893
201500	-3606.5812592316834
202000	-3605.925651534
202500	-3578.488546514875
203000	-3582.6968130284126
203500	-3603.379033886673
204000	-3607.999156399204
204500	-3633.1989093094567
205000	-3593.27721088883
205500	-3603.0401663857533
206000	-3648.7897695469214
206500	-3596.1928439910425
207000	-3651.140870222491
207500	-3607.902603524366
208000	-3608.546628626385
208500	-3595.696118403696
209000	-3607.554258301518
209500	-3656.0115215793066
210000	-3645.067498798628
210500	-3691.8164096920873
211000	-3634.4257051209584
211500	-3642.896916691514
212000	-3584.695480663261
212500	-3582.222155379071
213000	-3592.7505767418334
213500	-3578.2158054014117
214000	-3597.7588559816936
214500	-3584.2583699774823
215000	-3572.656755432789
215500	-3560.5742047820177
216000	-3590.404173791612
216500	-3544.3122862466516
217000	-3597.883437856904
217500	-3561.093712744771
218000	-3545.588244561492
218500	-3524.9380894050005
219000	-3567.3084623716163
219500	-3526.1742849903967
220000	-3575.6795429952836
220500	-3550.4760423582898
221000	-3586.6197082532353
221500	-3535.9172439414747
222000	-3547.4659263798912
222500	-3546.7769343373375
223000	-3550.4149409794322
223500	-3571.7153440074167
224000	-3643.095393996987
224500	-3580.1753536304604
225000	-3560.6930516529624
225500	-3565.6970112023205
226000	-3547.0210659976146
226500	-3540.3486170779806
227000	-3542.6892783776298
227500	-3543.200548183103
228000	-3553.812253633996
228500	-3565.5703515232985
229000	-3587.703854392536
229500	-3643.7601250070225
230000	-3603.4190622472734
230500	-3619.25695693632
231000	-3573.362033456112
231500	-3600.588625834469
232000	-3594.8668253726455
232500	-3560.4136374308628
233000	-3601.3397401360826
233500	-3619.8428449563753
234000	-3584.808366724329
234500	-3538.1219317500977
235000	-3588.3493948153778
235500	-3600.1220915032713
236000	-3582.908359492094
236500	-3561.7396046784233
237000	-3533.4749023725058
237500	-3543.699683720193
238000	-3560.5551170567123
238500	-3581.545101122932
239000	-3624.35026233836
239500	-3568.55580824867
240000	-3541.9060784280714
240500	-3566.8492209648293
241000	-3570.24274819048
241500	-3592.4867170592993
242000	-3546.4075785611285
242500	-3548.0533337580714
243000	-3548.7662229105636
243500	-3537.6456759872262
244000	-3552.5154735569195
244500	-3544.403356774359
245000	-3566.535595338898
245500	-3572.4708116299407
246000	-3575.461037615511
246500	-3547.5698941208234
247000	-3546.4505387085023
247500	-3545.9919900572827
248000	-3571.5171570969064
248500	-3556.288706484355
249000	-3531.69208446744
249500	-3557.7674319683724
250000	-3556.636395116044
250500	-3561.228212794546
251000	-3590.7272553114203
251500	-3571.2068099114163
252000	-3550.9063906004
252500	-3548.6355116596674
253000	-3562.2605724195473
253500	-3564.101038873443
254000	-3530.7309275434372
254500	-3540.882654049583
255000	-3581.8673331710015
255500	-3554.1313956016243
256000	-3568.4161954074702
256500	-3544.108879162278
257000	-3540.0895801210936
257500	-3538.2531372220215
258000	-3583.4245512823613
258500	-3545.0622032574984
259000	-3538.960897933508
259500	-3541.5775563278544
260000	-3588.1430840362777
260500	-3563.1800409378043
261000	-3583.4401249670623
261500	-3576.6732793160772
262000	-3578.1649330500454
262500	-3536.479264044818
263000	-3529.731852393463
263500	-3524.2533664261155
264000	-3511.298528072312
264500	-3537.6957754206323
265000	-3608.1021835632782
265500	-3587.1756305980903
266000	-3572.8011719304322
266500	-3580.981276733168
267000	-3538.24396150743
267500	-3578.1530932025994
268000	-3598.3904692673314
268500	-3595.6018297947403
269000	-3573.7789178685016
269500	-3579.6671338528936
270000	-3586.503629803904
270500	-3597.642167590245
271000	-3586.946417845721
271500	-3603.2406579371623
272000	-3599.2825555321397
272500	-3590.9352257283745
273000	-3645.810392406106
273500	-3589.9432574939046
274000	-3583.1631640582964
274500	-3536.484874525057
275000	-3554.5747936296802
275500	-3528.7669705492754
276000	-3562.8620627926375
276500	-3554.0641240911045
277000	-3587.689019741555
277500	-3568.330872626119
278000	-3548.4195738285994
278500	-3579.154399356744
279000	-3587.0490318749867
279500	-3580.084251551087
280000	-3571.4546371405418
280500	-3547.982234750225
281000	-3583.869173866472
281500	-3564.0320122048834
282000	-3601.746888377606
282500	-3603.878985092398
283000	-3557.675470089525
283500	-3552.795720621144
284000	-3528.9304510768593
284500	-3540.85604008637
285000	-3539.336324896926
285500	-3522.875946058794
286000	-3562.8134963939947
286500	-3548.58751482607
287000	-3563.6058845725743
287500	-3586.9096180824804
288000	-3597.8328026648255
288500	-3569.765861039905
289000	-3585.6328725947533
289500	-3567.2820330096406
290000	-3586.9886600240743
290500	-3576.451700293081
291000	-3599.436726805832
291500	-3571.9486902464
292000	-3603.616318967489
292500	-3619.7025053786647
293000	-3541.331376366235
293500	-3538.1733002152196
294000	-3569.076404109286
294500	-3559.344708774817
295000	-3529.5165907876826
295500	-3536.5109178836965
296000	-3504.7021171761185
296500	-3544.0378038350073
297000	-3552.522344115994
297500	-3525.010935780832
298000	-3529.1781748698454
298500	-3537.381952720644
299000	-3558.5981964367916
299500	-3640.616608652352
300000	-3556.438848166638
300500	-3557.4637969095984
301000	-3616.2485560481596
301500	-3558.6885399045523
302000	-3532.654391437637
302500	-3522.6274100946075
303000	-3520.5228568859156
303500	-3522.117795691319
304000	-3506.5669101799026
304500	-3545.3049200920227
305000	-3529.417783635377
305500	-3524.230480227203
306000	-3578.7761549516176
306500	-3544.0989483951694
307000	-3566.5536216055634
307500	-3544.603130535818
308000	-3540.4762012670717
308500	-3551.49775863545
309000	-3561.647748740558
309500	-3558.762618977679
310000	-3536.4658060526976
310500	-3590.063350621505
311000	-3565.8953618275395
311500	-3561.279550080913
312000	-3529.481750711828
312500	-3534.2334729495783
313000	-3551.1635956450455
313500	-3550.202095123607
314000	-3552.821850802176
314500	-3558.473360805958
315000	-3564.5078281042606
315500	-3539.6523547121906
316000	-3552.938266101934
316500	-3551.1984302349006
317000	-3619.0760360561703
317500	-3585.838022613475
318000	-3537.7348715729504
318500	-3556.386207261932
319000	-3504.583987971324
319500	-3517.215775561856
320000	-3521.1942906007307
320500	-3534.119532669569
321000	-3490.236327863379
321500	-3536.386663774919
322000	-3570.0581217226477
322500	-3519.1054754726993
323000	-3547.734911073958
323500	-3516.072536014349
324000	-3509.8816791683316
324500	-3560.7827582681894
325000	-3570.8637537408995
325500	-3591.775492846692
326000	-3548.7442844467987
326500	-3572.568341465619
327000	-3544.010731799841
327500	-3582.833177097348
328000	-3568.795251058229
328500	-3561.204245479908
329000	-3570.1187821813514
329500	-3557.869577910058
330000	-3560.207822820503
330500	-3549.057816320052
331000	-3553.510333084202
331500	-3543.2414459258603
332000	-3575.6166914996925
332500	-3594.3348178985398
333000	-3607.272748686303
333500	-3561.1927739799726
334000	-3538.2413055654793
334500	-3560.4246438446494
335000	-3553.3745560897464
335500	-3529.4592872482754
336000	-3550.3510647720823
336500	-3548.829577343576
337000	-3515.7675660085174
337500	-3531.019644069366
338000	-3535.4741229724386
338500	-3574.384347521807
339000	-3544.678938655186
339500	-3543.6635945296957
340000	-3544.599790093404
340500	-3583.856116402995
341000	-3595.3098218753935
341500	-3605.825198963051
342000	-3612.9755826129613
342500	-3580.1508767336973
343000	-3593.137155248902
343500	-3558.866948976101
344000	-3542.487776086141
344500	-3539.5688456801604
345000	-3532.376760446723
345500	-3516.3077280334614
346000	-3515.9275995233884
346500	-3528.4389657742463
347000	-3528.180308835783
347500	-3570.8583446579955
348000	-3567.1556744108984
348500	-3525.290337756721
349000	-3500.0815352895197
349500	-3511.6193968611533
350000	-3527.5525040867083
350500	-3515.9244634919023
351000	-3543.034324999143
351500	-3516.8524865889076
352000	-3523.8024474548547
352500	-3511.9186871117017
353000	-3507.545347039349
353500	-3569.1112583979066
354000	-3565.514958155169
354500	-3543.9612239212543
355000	-3548.613862614587
355500	-3547.0978090296417
356000	-3516.1459995885098
356500	-3528.7909351570884
357000	-3527.6911699688785
357500	-3534.7913373365404
358000	-3534.5722260895855
358500	-3538.346072089557
359000	-3580.196046039495
359500	-3527.1540864680646
360000	-3548.698408283539
360500	-3526.7265181294097
361000	-3543.837607961215
361500	-3532.1056491100726
362000	-3530.069000388948
362500	-3530.8868267291873
363000	-3529.6103994297155
363500	-3522.6074629332284
364000	-3573.4700172368275
364500	-3548.0904273066
365000	-3512.2905124298727
365500	-3512.2206922456307
366000	-3510.323769567812
366500	-3531.7403118033803
367000	-3547.5755469247056
367500	-3568.084403377811
368000	-3549.511354028384
368500	-3553.362754106048
369000	-3657.4673658628853
369500	-3562.8634009928433
370000	-3574.7258910809664
370500	-3560.193810960588
371000	-3557.129684791274
371500	-3545.5741629845447
372000	-3591.7635585345115
372500	-3539.1115278661346
373000	-3513.547103451109
373500	-3540.4256696423504
374000	-3546.668458716851
374500	-3594.4102360698607
375000	-3521.5858021521954
375500	-3557.9837381799152
376000	-3541.909220185875
376500	-3579.643684809073
377000	-3553.712565496577
377500	-3575.191313226339
378000	-3572.441467053802
378500	-3571.011306246033
379000	-3568.7521433616307
379500	-3540.0349136376535
380000	-3533.7633546218153
380500	-3511.2734397935938
381000	-3552.2105834560944
381500	-3512.158927576285
382000	-3540.4011891555047
382500	-3522.826937164946
383000	-3507.204647005682
383500	-3509.640638214432
384000	-3492.429546966857
384500	-3505.956759866354
385000	-3522.2614557121465
385500	-3529.2942120844123
386000	-3503.8244419621547
386500	-3496.4746263768793
387000	-3478.8955369526084
387500	-3490.554236363329
388000	-3524.140166973986
388500	-3523.5593861134307
389000	-3564.684385395958
389500	-3519.073350613193
390000	-3604.590266507806
390500	-3537.7637600704234
391000	-3532.878331443222
391500	-3502.9195374550914
392000	-3523.628630418466
392500	-3518.8643033670965
393000	-3533.7882585951197
393500	-3535.931676137924
394000	-3552.0836333933353
394500	-3518.2978979842296
395000	-3521.231009983957
395500	-3547.12817808325
396000	-3539.6293501072705
396500	-3503.1473532898144
397000	-3528.9286908518548
397500	-3502.731390161458
398000	-3527.590377203253
398500	-3606.7801579843353
399000	-3557.965313839072
399500	-3566.2910657119
400000	-3564.7352633937435
400500	-3548.6170466016947
401000	-3545.2390914322173
401500	-3550.7650078098736
402000	-3548.5455983787792
402500	-3541.549637397609
403000	-3547.4289419002935
403500	-3554.2924161078486
404000	-3579.6819628039084
404500	-3549.8673415286594
405000	-3590.69930785212
405500	-3570.211695137957
406000	-3591.338428835918
406500	-3580.8129346843634
407000	-3540.6035686625046
407500	-3534.6035486125306
408000	-3593.6724002236265
408500	-3540.6981291673033
409000	-3565.860644066033
409500	-3538.791908610362
410000	-3551.1992264476335
410500	-3555.067875494523
411000	-3569.265967896583
411500	-3575.1028003040806
412000	-3603.026549043978
412500	-3617.9654538322557
413000	-3551.8511583628497
413500	-3531.283410713223
414000	-3593.493966879147
414500	-3600.1714935837963
415000	-3560.041940528299
415500	-3540.7283893096937
416000	-3587.6497866365603
416500	-3621.56411525414
417000	-3595.0917819173424
417500	-3593.5917577205887
418000	-3607.2192230941114
418500	-3614.9813503461123
419000	-3598.5816715348756
419500	-3600.817564387195
420000	-3635.5733376073945
420500	-3601.30032848692
421000	-3596.08841663569
421500	-3616.083799238935
422000	-3623.080854816256
422500	-3582.737385450538
423000	-3618.1053828139698
423500	-3590.4171828740377
424000	-3575.4951425743566
424500	-3617.2002099353404
425000	-3631.503373173656
425500	-3592.425214700068
426000	-3601.1719063283053
426500	-3623.2131029375287
427000	-3605.30306707242
427500	-3623.930198411241
428000	-3616.4379340477067
428500	-3654.7239952359078
429000	-3638.3557331308693
429500	-3659.582945982947
430000	-3631.355971746595
430500	-3638.143238516633
431000	-3637.8673872635422
431500	-3653.176817252662
432000	-3631.905861242624
432500	-3643.697553156074
433000	-3620.127521706047
433500	-3624.05306660483
434000	-3611.4413953122594
434500	-3622.02542119902
435000	-3599.505011225201
435500	-3579.548305541422
436000	-3618.100347666079
436500	-3616.439722410543
437000	-3598.7371096099528
437500	-3598.8751567516365
438000	-3610.5847603904313
438500	-3618.249912478508
439000	-3635.711165167815
439500	-3639.970321005104
440000	-3617.5662023463415
440500	-3610.4178288463354
441000	-3608.8656919317277
441500	-3595.587797165664
442000	-3604.1809095025537
442500	-3584.9237435418668
443000	-3580.8862557211996
443500	-3558.0789125488745
444000	-3605.9429794832226
444500	-3610.8549437288307
445000	-3611.1959204115155
445500	-3584.3050585446545
446000	-3574.5127410989753
446500	-3577.744320787841
447000	-3614.2633190790657
447500	-3562.58426521444
448000	-3621.7799784755707
448500	-3592.462884916895
449000	-3577.098725793983
449500	-3605.610404539965
450000	-3583.024908642717
450500	-3579.5110203388585
451000	-3606.236858896278
451500	-3638.1918746319816
452000	-3612.6340091181155
452500	-3653.9279283206006
453000	-3651.025144126116
453500	-3613.4691914269197
454000	-3659.9062607683936
454500	-3620.2047849135665
455000	-3619.4016042655376
455500	-3661.6252764899814
456000	-3656.049304417257
456500	-3628.324870929859
457000	-3671.4449082082933
457500	-3633.0737614480736
458000	-3621.4571169899277
458500	-3658.068949486022
459000	-3629.6017008951712
459500	-3625.873046730362
460000	-3589.252769650002
460500	-3597.2971828177124
461000	-3578.662518067577
461500	-3587.864655411692
462000	-3558.266222345219
462500	-3552.6477535440895
463000	-3554.827360034697
463500	-3555.691656757011
464000	-3553.3775921057936
464500	-3534.8318792487657
465000	-3545.2257542589537
465500	-3538.9447020139223
466000	-3563.1934000047536
466500	-3511.3305902094453
467000	-3536.64039010679
467500	-3518.1235048484396
468000	-3513.0670634907233
468500	-3552.849749955109
469000	-3548.4108276532265
469500	-3583.8238733784524
470000	-3535.6703601326512
470500	-3554.3971733442563
471000	-3535.84237998357
471500	-3507.1524792857253
472000	-3541.9375233853098
472500	-3617.742897734936
473000	-3579.5603201282843
473500	-3579.4661800992467
474000	-3562.9722752046437
474500	-3586.5425536810885
475000	-3586.797346345145
475500	-3571.851720422399
476000	-3588.679631132488
476500	-3610.3340331641684
477000	-3562.7864615980657
477500	-3585.2085346782005
478000	-3606.856127339074
478500	-3607.7055397394906
479000	-3541.773159753941
479500	-3488.963693516879
480000	-3532.7132561229732
480500	-3536.1751898276384
481000	-3527.3405304561466
481500	-3532.514788869448
482000	-3576.479375968508
482500	-3613.0150409851485
483000	-3557.1266649667014
483500	-3582.297984830384
484000	-3559.2709749687842
484500	-3598.849978450097
485000	-3594.568775636399
485500	-3547.9566985760316
486000	-3554.9451798802857
486500	-3532.551743832316
487000	-3546.3532754159223
487500	-3555.5744151390277
488000	-3557.9484015159805
488500	-3572.153974733487
489000	-3589.8180003271013
489500	-3589.153344367414
490000	-3604.7394689010234
490500	-3585.954651353522
491000	-3580.0932046919365
491500	-3586.394976698536
492000	-3568.9781682052203
492500	-3568.962942348839
493000	-3549.964170774723
493500	-3561.9564882365385
494000	-3602.705897193894
494500	-3537.556336765257
495000	-3529.4566448352766
495500	-3568.4351955839775
496000	-3560.3135801716016
496500	-3529.109884848585
497000	-3534.3929099240117
497500	-3576.6469313108146
498000	-3575.0785815718264
498500	-3578.8527533895804
499000	-3599.6601846073377
499500	-3582.9166587890472
500000	-3542.0340157341125
500500	-3519.7638954413596
501000	-3502.447734572833
501500	-3545.2652753760603
502000	-3533.2297680173506
502500	-3537.9023123234683
503000	-3574.9307882494063
503500	-3561.172277583949
504000	-3554.473351636108
504500	-3533.340996607613
505000	-3545.9737954037773
505500	-3535.7145843682792
506000	-3519.9195921768146
506500	-3525.5527302419123
507000	-3551.4485685710747
507500	-3521.6950262685245
508000	-3547.2447669357052
508500	-3545.561537950026
509000	-3553.24881735505
509500	-3566.7688844467884
510000	-3537.038872229779
510500	-3552.7639822497176
511000	-3572.063648804144
511500	-3579.0037412020365
512000	-3535.7392899092974
512500	-3543.9667323716935
513000	-3546.1357294110326
513500	-3546.6931256877792
514000	-3510.1109447403514
514500	-3592.3109439216287
515000	-3569.50490443645
515500	-3559.8246987900256
516000	-3514.9145472813543
516500	-3522.2742233025824
517000	-3563.5908123961335
517500	-3565.682002454719
518000	-3532.4563623236695
518500	-3503.391268687646
519000	-3527.7795372313326
519500	-3512.8297645111975
520000	-3522.6089233674115
520500	-3526.0398241456883
521000	-3522.1061440939043
521500	-3594.607293787875
522000	-3546.0476899011605
522500	-3561.8066257409637
523000	-3518.5480581394727
523500	-3583.8583768088893
524000	-3533.1338036199854
524500	-3536.502190203778
525000	-3536.502190203778
525500	-3536.502190203778
526000	-3536.502190203778
526500	-3536.502190203778
527000	-3536.502190203778
527500	-3555.1360163045197
528000	-3550.8417765798777
528500	-3555.532033730155
529000	-3547.495032390004
529500	-3536.5674544727112
530000	-3520.2156500465517
530500	-3526.9586911115643
531000	-3543.392033638496
531500	-3532.40133973262
532000	-3522.763080984834
532500	-3562.9438850224356
533000	-3552.7039432531237
533500	-3519.6013959001057
534000	-3516.2072660487734
534500	-3599.06716452322
535000	-3578.3805214414533
535500	-3530.483150078082
536000	-3562.454904196662
536500	-3551.700190467879
537000	-3544.9176124632804
537500	-3561.3255872800432
538000	-3629.625425046597
538500	-3614.865570665241
539000	-3590.729314621529
539500	-3544.195641754665
540000	-3560.9134511157754
540500	-3515.0278498406497
541000	-3522.7653890627494
541500	-3609.5659062264936
542000	-3635.181899810747
542500	-3611.5119468046396
543000	-3565.296595589798
543500	-3521.89909025313
544000	-3567.7657219214884
544500	-3527.532820745452
545000	-3538.423415169127
545500	-3547.481661904935
546000	-3549.111437133527
546500	-3527.6751570583797
547000	-3574.370454929
547500	-3578.3897491248963
548000	-3611.422396105178
548500	-3570.7104399058685
549000	-3574.696588513934
549500	-3541.205891885826
550000	-3555.2220285352278
550500	-3558.610578831659
551000	-3519.195400383706
551500	-3549.3862794345036
552000	-3514.05555636911
552500	-3554.897739169103
553000	-3572.4111263033105
553500	-3537.018337378461
554000	-3613.9362000369797
554500	-3575.494783508354
555000	-3598.879373156086
555500	-3529.70873410611
556000	-3537.6407859242536
556500	-3569.8846139776365
557000	-3555.6228320401424
557500	-3516.1412253073245
558000	-3549.0266177075478
558500	-3525.6690163726826
559000	-3557.177048261243
559500	-3535.011727724018
560000	-3585.9881556679943
560500	-3549.395031119694
561000	-3592.2029105323436
561500	-3588.543741115895
562000	-3556.7546010286046
562500	-3548.645398129338
563000	-3542.982918762023
563500	-3520.1906011215633
564000	-3540.3579327553207
564500	-3532.1644626873754
565000	-3524.6024714340324
565500	-3536.429573487961
566000	-3495.3151759550947
566500	-3527.232085992392
567000	-3544.7268546448436
567500	-3527.0983892359104
568000	-3554.7615875252336
568500	-3577.073271729627
569000	-3563.890532555771
569500	-3547.755660386871
570000	-3504.289243887966
570500	-3520.192990461146
571000	-3525.6049688757425
571500	-3590.9732432187
572000	-3628.208123983823
572500	-3543.5433580139043
573000	-3534.933239734404
573500	-3555.537802967841
574000	-3521.6154501561464
574500	-3528.612594350299
575000	-3500.1645442762024
575500	-3549.197342084507
576000	-3564.1671411404823
576500	-3520.496912244536
577000	-3574.866797634522
577500	-3540.9227218307014
578000	-3546.74726611458
578500	-3583.4963664150782
579000	-3571.954039141296
579500	-3598.9751399865518
580000	-3538.170216024771
580500	-3531.434961815135
581000	-3600.08981280203
581500	-3564.893916327089
582000	-3544.784675805816
582500	-3565.0838665345736
583000	-3552.3709469876767
583500	-3566.670015598504
584000	-3617.129606880262
584500	-3603.0614809771487
585000	-3570.0353916222525
585500	-3542.0611725132517
586000	-3532.8956561941736
586500	-3541.8702820238373
587000	-3576.714127375673
587500	-3561.996597598975
588000	-3518.231819440104
588500	-3570.205046313218
589000	-3555.91088663867
589500	-3501.834703316042
590000	-3551.944974178652
590500	-3535.208650633509
591000	-3515.1508379548222
591500	-3566.3757203041837
592000	-3566.05572950164
592500	-3568.4917648538894
593000	-3556.113001011647
593500	-3589.008321887493
594000	-3610.473828775783
594500	-3610.382536748324
595000	-3564.943651822854
595500	-3581.3855207051984
596000	-3561.506637142646
596500	-3541.89980113531
597000	-3565.3844704343387
597500	-3587.0251094083874
598000	-3583.668939494039
598500	-3602.8344229932854
599000	-3651.2556720346556
599500	-3629.495144073622
600000	-3623.247063294813
600500	-3633.4673734513403
601000	-3660.1860615238247
601500	-3604.8707817978925
602000	-3611.484295782908
602500	-3662.034141798287
603000	-3629.6516799564706
603500	-3570.9895983184374
604000	-3577.293841776819
604500	-3552.2288500451764
605000	-3560.867121737576
605500	-3549.8368818385566
606000	-3551.2720091646042
606500	-3578.0942439206747
607000	-3528.846604520495
607500	-3572.412259485276
608000	-3525.5713585080857
608500	-3539.28722700897
609000	-3532.9405889258046
609500	-3565.1143865462645
610000	-3573.8135980120865
610500	-3537.555091756006
611000	-3541.9355584390146
611500	-3567.546004028993
612000	-3513.72784870038
612500	-3499.0919595772066
613000	-3529.5630312658013
613500	-3559.198651995304
614000	-3586.4642255062963
614500	-3538.135748037892
615000	-3540.9753675861493
615500	-3562.507893037483
616000	-3530.4348775812496
616500	-3518.387074368983
617000	-3568.9177886588864
617500	-3574.8592715607056
618000	-3568.64729184565
618500	-3550.2037546178426
619000	-3557.620253163232
619500	-3560.7209218321386
620000	-3652.4637493407595
620500	-3585.6286824741933
621000	-3600.369404165371
621500	-3585.789719092805
622000	-3558.488796730203
622500	-3577.498509360665
623000	-3570.5258444215215
623500	-3579.5549194043797
624000	-3591.6405445055125
624500	-3652.9317377272464
625000	-3587.0457945071835
625500	-3580.2737972586137
626000	-3587.8906372631973
626500	-3555.927306300225
627000	-3580.5429481670335
627500	-3607.851821569312
628000	-3583.12053745861
628500	-3566.6210974247624
629000	-3568.090471400854
629500	-3537.8721639713917
630000	-3576.3563809517636
630500	-3528.331616323548
631000	-3533.7440586093826
631500	-3531.10576858547
632000	-3489.2185873812364
632500	-3488.3231600817226
633000	-3469.487038962953
633500	-3490.446526729597
634000	-3547.041484585529
634500	-3566.8982149563763
635000	-3533.464363249099
635500	-3525.7506172765034
636000	-3525.487282676243
636500	-3541.372512486149
637000	-3538.075871143585
637500	-3542.1910602529674
638000	-3536.908673040728
638500	-3533.564734611555
639000	-3538.3132563866106
639500	-3541.129049938272
640000	-3565.901993991256
640500	-3517.936963313417
641000	-3501.1977241230447
641500	-3515.5519441927327
642000	-3537.8113897878216
642500	-3515.6262475517074
643000	-3532.8203450288006
643500	-3564.2228019762742
644000	-3507.9464245004087
644500	-3556.586175065439
645000	-3587.398901133286
645500	-3588.1513580199203
646000	-3554.060924864191
646500	-3528.254239534742
647000	-3589.8263308965606
647500	-3598.6664278722355
648000	-3554.220377693106
648500	-3609.377788391745
649000	-3597.2099605165226
649500	-3560.4409532221543
650000	-3580.1926532148327
650500	-3545.6645680959846
651000	-3533.004232582128
651500	-3523.08411391401
652000	-3548.3924143470076
652500	-3558.318497730015
653000	-3567.033503508051
653500	-3547.7475040308054
654000	-3537.541765319803
654500	-3568.083129937163
655000	-3547.6643142934317
655500	-3541.8788478604793
656000	-3551.476268133738
656500	-3566.1763073668676
657000	-3552.914265183419
657500	-3632.8836306172857
658000	-3570.2368344704964
658500	-3563.505963492068
659000	-3611.586198254309
659500	-3585.0511390624274
660000	-3611.1709896081006
660500	-3575.2192245060523
661000	-3621.8808895448806
661500	-3628.4575338244704
662000	-3549.74239301797
662500	-3589.874563341173
663000	-3623.483214756255
663500	-3608.728857659032
664000	-3610.953841369865
664500	-3601.334008114351
665000	-3562.8037772393595
665500	-3523.90747885519
666000	-3569.0879013485614
666500	-3544.210316785847
667000	-3573.8962763234617
667500	-3554.16968759711
668000	-3563.6458104676694
668500	-3600.277606169858
669000	-3585.807895607415
669500	-3560.4191995619467
670000	-3612.5169450678945
670500	-3569.735348021222
671000	-3565.3645904492705
671500	-3602.32399178517
672000	-3598.1606350847915
672500	-3615.7062664781206
673000	-3642.0952375693014
673500	-3638.847774067878
674000	-3613.1369691071473
674500	-3599.4285257332413
675000	-3645.995264785155
675500	-3541.0236542279763
676000	-3598.649168513342
676500	-3561.292774677764
677000	-3562.662918441273
677500	-3606.9411502929283
678000	-3560.213824956629
678500	-3600.8653601338137
679000	-3527.4699637268754
679500	-3552.834517736183
680000	-3553.2526631904093
680500	-3586.016516729675
681000	-3582.518035439224
681500	-3555.3528785840454
682000	-3605.131428986065
682500	-3623.6157925826697
683000	-3637.1840230477883
683500	-3575.9014056958154
684000	-3505.960783275581
684500	-3513.2822477260197
685000	-3566.911489591587
685500	-3603.326836717389
686000	-3531.7334786597885
686500	-3527.853453936461
687000	-3520.1662087490495
687500	-3537.020834123797
688000	-3544.7036846667047
688500	-3558.608488188291
689000	-3556.7241382106204
689500	-3519.808119810291
690000	-3537.1171520959233
690500	-3600.2744126960165
691000	-3511.8803396615585
691500	-3538.6336310497377
692000	-3522.950394754774
692500	-3510.7455959550384
693000	-3508.021820689422
693500	-3527.5546461086387
694000	-3532.961635951702
694500	-3514.3629926259127
695000	-3500.4265737043734
695500	-3513.1587254955853
696000	-3525.086434905046
696500	-3509.2126292025278
697000	-3500.148335864312
697500	-3492.7424245855295
698000	-3516.116570752088
698500	-3527.978278631756
699000	-3576.2940340628643
699500	-3516.6799226296894
700000	-3535.859951485581
700500	-3503.168726385302
701000	-3502.39280850902
701500	-3501.4919377354945
702000	-3508.223351805798
702500	-3557.6187734822884
703000	-3549.166787671216
703500	-3519.6634200098943
704000	-3509.6114021706644
704500	-3531.0572607233503
705000	-3526.9149362982935
705500	-3541.612498330134
706000	-3550.2115710479366
706500	-3528.20728146077
707000	-3529.533179867214
707500	-3551.994537148027
708000	-3564.3529933832338
708500	-3597.5467341667554
709000	-3595.5701114874555
709500	-3534.74678075637
710000	-3599.2418138965554
710500	-3585.978667219082
711000	-3646.8589446926053
711500	-3619.2478392949774
712000	-3622.412297006886
712500	-3651.1635581868386
713000	-3575.5366229488263
713500	-3612.3771821378054
714000	-3586.137134441779
714500	-3521.8531394126894
715000	-3546.2971846164796
715500	-3561.9305554310963
716000	-3538.530870992726
716500	-3560.400457951701
717000	-3584.3649430841288
717500	-3533.727089603047
718000	-3556.2456037077327
718500	-3541.569706982091
719000	-3527.7454229399445
719500	-3574.282982596508
720000	-3548.9709313959565
720500	-3530.419160338799
721000	-3572.5686443952136
721500	-3571.8197786819724
722000	-3596.4506604365497
722500	-3560.107619114424
723000	-3585.717212765311
723500	-3540.702588962388
724000	-3506.8952967957625
724500	-3527.2428406816757
725000	-3521.210515176163
725500	-3511.35868478315
726000	-3525.507927168836
726500	-3531.0708459283696
727000	-3499.3767809996757
727500	-3584.974042058017
728000	-3551.58402327679
728500	-3579.9271603795128
729000	-3548.853564360464
729500	-3564.7143131163784
730000	-3530.2315270274025
730500	-3568.018878658274
731000	-3478.6097384196178
731500	-3490.4085024319525
732000	-3490.2272368870954
732500	-3505.7175874049667
733000	-3547.2138489153704
733500	-3526.643489295569
734000	-3517.498557584096
734500	-3523.7652240232605
735000	-3523.522286546441
735500	-3495.203267403975
736000	-3507.441340058644
736500	-3535.2386506481675
737000	-3518.9979257545215
737500	-3518.8058097173534
738000	-3536.2363366316035
738500	-3584.649559196389
739000	-3542.3996239873222
739500	-3586.385839082526
740000	-3543.319620298369
740500	-3573.794938105325
741000	-3526.7180344317976
741500	-3515.984260091712
742000	-3460.2298444738512
742500	-3474.5458412225307
743000	-3503.952331905192
743500	-3512.4247702065063
744000	-3506.8943886030866
744500	-3480.869086693766
745000	-3510.863306236818
745500	-3537.6836612776615
746000	-3512.5894614885838
746500	-3519.9936959940474
747000	-3532.5303994793994
747500	-3497.372492438509
748000	-3494.3813140369202
748500	-3496.717729304842
749000	-3520.242353442415
749500	-3551.9886601950043
750000	-3532.386045407352
750500	-3577.856660154968
751000	-3512.476601715462
751500	-3511.1386821923966
752000	-3517.6549891632326
752500	-3526.551703621526
753000	-3485.2157011708196
753500	-3525.8121271274463
754000	-3543.9643680943095
754500	-3548.6247935301412
755000	-3523.9182689688814
755500	-3530.221395023909
756000	-3495.2431782206572
756500	-3478.022583811783
757000	-3481.2000245459344
757500	-3471.012101161098
758000	-3524.6103371209056
758500	-3549.2564054358245
759000	-3522.279966566019
759500	-3500.487423207053
760000	-3544.7755040447164
760500	-3570.536777061633
761000	-3531.0527315118456
761500	-3531.102340568329
762000	-3532.0597233593166
762500	-3532.569739569244
763000	-3542.775908845205
763500	-3545.8492767085777
764000	-3545.579987385888
764500	-3556.243066565232
765000	-3547.0392137973963
765500	-3528.8808459719476
766000	-3541.7748679465776
766500	-3520.3971215826186
767000	-3516.742849481335
767500	-3521.1361601912536
768000	-3535.0957499518267
768500	-3517.6621149310895
769000	-3527.9263110353977
769500	-3548.6177432182803
770000	-3620.095466956626
770500	-3548.8347438029896
771000	-3549.2156231181143
771500	-3527.151370619736
772000	-3588.0216003455857
772500	-3573.08966543581
773000	-3548.5625417976166
773500	-3548.325247923705
774000	-3587.933618461784
774500	-3522.4747894301368
775000	-3565.536619953799
775500	-3565.254142893486
776000	-3559.4075230251146
776500	-3587.6335108198637
777000	-3545.1670936274777
777500	-3562.1213928621237
778000	-3557.663108057902
778500	-3560.8546945215953
779000	-3535.6085171558734
779500	-3557.896897051527
780000	-3568.503219958789
780500	-3570.733654045373
781000	-3558.8869247569223
781500	-3555.1442325370676
782000	-3562.2377252130705
782500	-3566.5834204545486
783000	-3573.306533488274
783500	-3571.576621889864
784000	-3531.723740234353
784500	-3524.1099719004965
785000	-3541.8245616457834
785500	-3570.788808877219
786000	-3545.597104834602
786500	-3563.8103917837993
787000	-3545.2880188828713
787500	-3584.075090302655
788000	-3570.2149911227757
788500	-3590.145974816192
789000	-3588.4792161879063
789500	-3563.6694192979544
790000	-3575.1024512136487
790500	-3561.5631218967324
791000	-3543.067024013826
791500	-3561.1300996136792
792000	-3569.6637671036456
792500	-3551.6498034628303
793000	-3539.8857009960134
793500	-3553.9218827157592
794000	-3536.055439927711
794500	-3552.74069468639
795000	-3539.289075916838
795500	-3527.209389470572
796000	-3527.427148312934
796500	-3518.47474303541
797000	-3547.852408811391
797500	-3568.8176969132905
798000	-3533.2969265287325
798500	-3548.5814645626942
799000	-3545.5822499257415
799500	-3551.497601513953
800000	-3526.510082371878
800500	-3528.967512411518
801000	-3514.613849444929
801500	-3556.206449118282
802000	-3595.080766943613
802500	-3606.4735920084718
803000	-3566.596232515284
803500	-3557.8744904977293
804000	-3574.276402845275
804500	-3568.7509275652164
805000	-3553.127879848815
805500	-3539.82696197202
806000	-3532.958378684354
806500	-3562.7083420446666
807000	-3535.4147136985207
807500	-3507.045616650671
808000	-3531.6287607799454
808500	-3572.443698359239
809000	-3515.0933705499033
809500	-3555.2572659713064
810000	-3529.3028926175557
810500	-3532.4878968860567
811000	-3569.4897234268697
811500	-3523.855448255236
812000	-3574.429893643619
812500	-3518.479281667317
813000	-3515.6936999550035
813500	-3603.315075141329
814000	-3569.056362465803
814500	-3561.511908575157
815000	-3530.6448258664336
815500	-3597.8474140125554
816000	-3543.200283316373
816500	-3583.823450584464
817000	-3556.8729123360963
817500	-3514.703590587594
818000	-3531.602986864166
818500	-3549.507430299194
819000	-3613.7936603333337
819500	-3577.1396829179175
820000	-3593.029047867328
820500	-3561.041225461416
821000	-3606.067732730241
821500	-3611.2215847217894
822000	-3565.5516771251305
822500	-3604.105394549474
823000	-3550.7366318513614
823500	-3593.46543612876
824000	-3554.1249125365143
824500	-3562.349976903444
825000	-3550.271527714058
825500	-3524.2975378238625
826000	-3516.6257426604143
826500	-3573.07509164324
827000	-3549.4455436268304
827500	-3550.4100745671503
828000	-3573.7472631948526
828500	-3559.7547089695486
829000	-3556.4794806282903
829500	-3597.5521924560617
830000	-3578.6290129927447
830500	-3553.4285932589364
831000	-3513.8328250141535
831500	-3534.7357684140043
832000	-3527.113808165756
832500	-3536.5081176573894
833000	-3547.2675623253826
833500	-3602.7685068505284
834000	-3572.482902436021
834500	-3576.21369036394
835000	-3541.6040145963443
835500	-3566.0914048287195
836000	-3531.248761918617
836500	-3551.52687819255
837000	-3546.1487220621475
837500	-3480.8287752427673
838000	-3511.5657849492923
838500	-3525.32606005126
839000	-3512.3328661860482
839500	-3498.3787723171586
840000	-3517.0303590025596
840500	-3510.9867876861854
841000	-3545.1231618895567
841500	-3520.933798213288
842000	-3549.5128345636763
842500	-3519.46341518546
843000	-3540.1712642906145
843500	-3524.974408830639
844000	-3521.183501897202
844500	-3556.974690480171
845000	-3527.115838587096
845500	-3572.0839050876716
846000	-3549.4629402745327
846500	-3543.145687287917
847000	-3568.567429189773
847500	-3526.622660214081
848000	-3536.2439443323055
848500	-3529.2510914834174
849000	-3533.5769422270982
849500	-3523.0032747346677
850000	-3505.4065369899877
850500	-3557.7868968859743
851000	-3537.6636298257254
851500	-3559.128217211142
852000	-3515.3701747194696
852500	-3529.1724085759806
853000	-3537.5852996833364
853500	-3546.621320012334
854000	-3548.9797532515313
854500	-3521.7472028590596
855000	-3557.2304873590556
855500	-3536.9739051201436
856000	-3575.8718442951076
856500	-3615.1797522123097
857000	-3587.1040686761216
857500	-3587.329080876651
858000	-3600.176490645136
858500	-3547.840702560228
859000	-3562.675207898578
859500	-3550.2942246295806
860000	-3588.387692282343
860500	-3558.175771948584
861000	-3559.886734065488
861500	-3537.1407168116602
862000	-3537.1049687309587
862500	-3575.5259256991358
863000	-3542.9464638681816
863500	-3540.3103843419367
864000	-3515.2269979411344
864500	-3518.901376377712
865000	-3525.709370558312
865500	-3507.1879126390786
866000	-3578.489654490546
866500	-3558.37143932944
867000	-3577.360675835327
867500	-3563.696308666998
868000	-3563.086735764394
868500	-3586.494718300049
869000	-3542.3911621601674
869500	-3573.232327084056
870000	-3557.4727621982793
870500	-3538.056678774847
871000	-3540.39811913258
871500	-3549.1279382283565
872000	-3557.711450308081
872500	-3552.380271854593
873000	-3616.7806344536652
873500	-3591.3567890163213
874000	-3585.0734226103323
874500	-3569.0671669746475
875000	-3588.5818035215025
875500	-3553.076453888132
876000	-3550.7503954629597
876500	-3576.7741097052162
877000	-3551.0418639634
877500	-3570.2263329791494
878000	-3569.812812577383
878500	-3608.363394611082
879000	-3565.9831224520062
879500	-3532.6840898223854
880000	-3577.2707185857353
880500	-3551.75405107217
881000	-3551.555764711203
881500	-3589.131100805141
882000	-3569.0215461898347
882500	-3577.647724840771
883000	-3567.9057696407876
883500	-3546.2931089560916
884000	-3559.376386974056
884500	-3581.5068325186157
885000	-3572.7956815845714
885500	-3523.480687392243
886000	-3590.9629397317703
886500	-3588.553434806453
887000	-3570.631430304746
887500	-3516.2468802474323
888000	-3526.4529187822795
888500	-3571.622831748335
889000	-3548.9493982617514
889500	-3541.3782097654143
890000	-3515.843814872271
890500	-3542.2585725511217
891000	-3560.402581041531
891500	-3512.435059937875
892000	-3519.4445897245937
892500	-3528.6957115993
893000	-3531.3188617862206
893500	-3544.754031615442
894000	-3555.2560117845333
894500	-3538.179625751355
895000	-3575.9610678172726
895500	-3579.397653651745
896000	-3551.760524016255
896500	-3527.1995286218207
897000	-3557.5811197643566
897500	-3532.295182338514
898000	-3540.181682284849
898500	-3571.544191715889
899000	-3608.7754122761576
899500	-3578.922531043492
900000	-3587.092632424156
900500	-3551.6223693927814
901000	-3564.493805856212
901500	-3532.2182597833025
902000	-3558.223746882022
902500	-3552.6146035104184
903000	-3577.0791816882165
903500	-3553.117298148569
904000	-3582.2544510073917
904500	-3572.1386577749977
905000	-3575.9630630745764
905500	-3543.187532019557
906000	-3546.441889495156
906500	-3548.32618557997
907000	-3560.5545607761205
907500	-3502.62974426588
908000	-3566.256163822147
908500	-3544.6695181767213
909000	-3548.2835818922035
909500	-3547.480560526169
910000	-3573.5349103673193
910500	-3556.4073069256806
911000	-3555.9410238659984
911500	-3549.5100628881364
912000	-3558.0530819847822
912500	-3562.300013837104
913000	-3585.6363239848724
913500	-3575.2169363442836
914000	-3573.4735374595602
914500	-3493.2060626261086
915000	-3511.2161758270363
915500	-3537.57477715339
916000	-3510.35328150521
916500	-3519.149744914808
917000	-3548.7379850388393
917500	-3544.5388302562774
918000	-3566.993581754695
918500	-3535.4569167121267
919000	-3562.21925113613
919500	-3560.9552014225524
920000	-3551.592350500241
920500	-3557.2771253235533
921000	-3560.713103011383
921500	-3567.9619236782896
922000	-3574.14025375131
922500	-3551.3569814985735
923000	-3554.737703494128
923500	-3520.057497063176
924000	-3555.1844440216073
924500	-3562.6366563746274
925000	-3563.8211749880484
925500	-3539.2627526323477
926000	-3550.926881421527
926500	-3531.145275034205
927000	-3587.9072054634653
927500	-3557.5329910055143
928000	-3566.2822719621636
928500	-3545.228361373534
929000	-3531.452248406941
929500	-3542.50536682845
930000	-3549.531357282378
930500	-3550.9409018148417
931000	-3530.472435196011
931500	-3533.9052553937217
932000	-3555.348771666901
932500	-3568.689803944112
933000	-3554.6701953736615
933500	-3619.2438193545304
934000	-3583.9694858590533
934500	-3588.868492021079
935000	-3541.0444399186877
935500	-3591.8269978089193
936000	-3590.9634346206076
936500	-3541.6814032758202
937000	-3534.2347783607815
937500	-3533.444994540516
938000	-3546.867093720531
938500	-3594.8875196523663
939000	-3573.320073425949
939500	-3587.136590654257
940000	-3613.0544965242216
940500	-3558.7482953334993
941000	-3597.6529210519334
941500	-3589.4416216340546
942000	-3554.1070346075326
942500	-3579.6918079183274
943000	-3589.431530635112
943500	-3553.059489796604
944000	-3585.8203245863933
944500	-3578.0788554272804
945000	-3597.6492129325507
945500	-3625.065034595776
946000	-3587.559564865635
946500	-3600.410423930571
947000	-3610.7114390712964
947500	-3565.2867539016834
948000	-3612.855749023688
948500	-3610.716465060488
949000	-3580.9946037533987
949500	-3597.7822572333303
950000	-3613.160409410464
950500	-3569.162906924876
951000	-3559.600291661716
951500	-3531.3274173864124
952000	-3554.842094049534
952500	-3549.7952057492826
953000	-3561.5236301549867
953500	-3563.5101368305977
954000	-3586.017350785881
954500	-3545.209227398318
955000	-3601.282232579707
955500	-3537.66084129161
956000	-3607.8402633998076
956500	-3577.3806386975084
957000	-3558.047748993805
957500	-3557.822184744978
958000	-3535.042183780299
958500	-3552.8247403768532
959000	-3531.0892648199506
959500	-3518.8369457862023
960000	-3527.1845063219753
960500	-3553.3462519022237
961000	-3526.258332174447
961500	-3521.674803374171
962000	-3572.0664439122957
962500	-3539.120483511329
963000	-3545.0287651916883
963500	-3601.5221954858507
964000	-3526.0220151513035
964500	-3528.1219134162698
965000	-3499.2972002148504
965500	-3532.0210908515196
966000	-3557.9659385066366
966500	-3562.5168611053914
967000	-3497.407298398652
967500	-3546.527786830657
968000	-3488.765588585565
968500	-3517.894683810465
969000	-3468.9040871240322
969500	-3512.7562663715303
970000	-3518.416531826417
970500	-3537.2089342942727
971000	-3547.683314678789
971500	-3559.4726949270366
972000	-3533.6245404176802
972500	-3588.6854598576538
973000	-3569.1091993570626
973500	-3551.8171783213616
974000	-3528.4138498419434
974500	-3569.613102436354
975000	-3583.5271914483455
975500	-3598.6964594015226
976000	-3576.300216466348
976500	-3590.1093109855456
977000	-3586.4119652656836
977500	-3566.1112841635886
978000	-3569.7890164318324
978500	-3609.439146513363
979000	-3534.572469001502
979500	-3590.5867904773727
980000	-3563.8917538525116
980500	-3571.589565618326
981000	-3581.2711387743702
981500	-3617.1619829982105
982000	-3604.5374972170275
982500	-3617.552183780584
983000	-3619.512606500498
983500	-3581.897396011545
984000	-3594.985114243317
984500	-3668.1327363519076
985000	-3631.268993484919
985500	-3576.6603635388783
986000	-3553.4091106004294
986500	-3566.1520109717803
987000	-3552.358092158673
987500	-3543.7462337599604
988000	-3534.4559288080413
988500	-3560.2640314429073
989000	-3577.7590142831964
989500	-3573.1450606378544
990000	-3553.2900743098617
990500	-3534.5702697634188
991000	-3539.199606564915
991500	-3530.164226277942
992000	-3547.840776095175
992500	-3530.294622259856
993000	-3483.3384794957396
993500	-3501.422598984872
994000	-3513.69323764368
994500	-3527.3402149905646
995000	-3538.708835840655
995500	-3554.253508428352
996000	-3518.0906986807736
996500	-3517.1916078542617
997000	-3537.715749354776
997500	-3532.6717353848217
998000	-3522.082856918448
998500	-3509.462906567417
999000	-3545.5534419697715
999500	-3554.578818322629
1000000	-3540.4875069787568
1000500	-3559.3755713800965
1001000	-3540.697325866483
1001500	-3528.4956993617784
1002000	-3534.439698161419
1002500	-3541.413002506126
1003000	-3508.8050863238664
1003500	-3557.741771443378
1004000	-3524.4901988308184
1004500	-3529.628315855415
1005000	-3554.3542134867043
1005500	-3563.448886782223
1006000	-3579.431000457511
1006500	-3536.727538776796
1007000	-3539.795962326002
1007500	-3549.2029456932264
1008000	-3532.766047951459
1008500	-3527.9810610665268
1009000	-3574.8999007579605
1009500	-3537.248687062985
1010000	-3518.631819818911
1010500	-3528.4837622599584
1011000	-3515.6884259691938
1011500	-3534.4399823351955
1012000	-3597.3478616508637
1012500	-3607.8024350543055
1013000	-3566.925416253417
1013500	-3564.831407176103
1014000	-3548.7155404927566
1014500	-3578.0972167101254
1015000	-3573.873943903641
1015500	-3621.3067862935814
1016000	-3568.4662409181706
1016500	-3588.795134005315
1017000	-3576.965403142397
1017500	-3581.187366508892
1018000	-3584.087644735871
1018500	-3575.9704031948745
1019000	-3568.3824812673124
1019500	-3575.371227468986
1020000	-3577.397785895565
1020500	-3624.3094792393845
1021000	-3596.7920733176393
1021500	-3538.008202760217
1022000	-3545.8918356095037
1022500	-3569.3572496726238
1023000	-3564.9671012135022
1023500	-3579.202857201851
1024000	-3623.822706471337
1024500	-3621.7689234438844
1025000	-3573.8556590169997
1025500	-3571.9590565616963
1026000	-3580.24301510786
1026500	-3544.864822050525
1027000	-3555.8602600406066
1027500	-3540.5293669036528
1028000	-3526.653091424854
1028500	-3534.8706721351914
1029000	-3529.198193278012
1029500	-3529.4417056815205
1030000	-3565.965205034222
1030500	-3524.098712834006
1031000	-3520.166002255268
1031500	-3556.803414339861
1032000	-3556.078535654516
1032500	-3586.2232228173575
1033000	-3544.3166909335287
1033500	-3576.1942872628742
1034000	-3576.2323118917084
1034500	-3546.60949155966
1035000	-3553.0463152270577
1035500	-3568.144254849754
1036000	-3534.854968570322
1036500	-3561.4675601884205
1037000	-3519.502177548171
1037500	-3550.7773758848302
1038000	-3515.554069347912
1038500	-3527.432326281098
1039000	-3542.384598631499
1039500	-3524.552541197032
1040000	-3533.411971185558
1040500	-3575.672805543113
1041000	-3583.1480985329013
1041500	-3518.9191183207786
1042000	-3556.3304992333615
1042500	-3535.1006541704874
1043000	-3532.656040505624
1043500	-3520.533134088491
1044000	-3531.245576392256
1044500	-3553.602717326301
1045000	-3538.377512100905
1045500	-3540.5401156999114
1046000	-3570.7565347215113
1046500	-3520.3820173981185
1047000	-3547.823790657409
1047500	-3566.542448783311
1048000	-3563.439354459691
1048500	-3596.8296590988075
1049000	-3526.4137391612976
1049500	-3524.5837104009265
1050000	-3515.7953972768983
1050500	-3563.321836105427
1051000	-3522.3496459084354
1051500	-3496.1630995683067
1052000	-3533.24826079724
1052500	-3571.285075527158
1053000	-3533.1652961715668
1053500	-3553.49759261933
1054000	-3569.8629992290594
1054500	-3536.947770156044
1055000	-3518.9051764931164
1055500	-3516.4831259802518
1056000	-3492.769037380823
1056500	-3508.4730454595338
1057000	-3497.304112265445
1057500	-3512.413399757366
1058000	-3507.6144199238142
1058500	-3492.679055722518
1059000	-3565.402596275765
1059500	-3519.6495309313395
1060000	-3583.2871314248155
1060500	-3547.294882592642
1061000	-3572.753706908207
1061500	-3574.609957181934
1062000	-3612.2409031910815
1062500	-3586.16876237043
1063000	-3532.486013667331
1063500	-3568.746342579687
1064000	-3624.7852899950317
1064500	-3579.6467831170894
1065000	-3563.5848080770056
1065500	-3534.345713608806
1066000	-3564.9234636935767
1066500	-3550.6529806498506
1067000	-3543.669204679799
1067500	-3566.1724578628136
1068000	-3531.4298268487455
1068500	-3565.629619589817
1069000	-3549.3422369283976
1069500	-3565.624876124419
1070000	-3545.0540453243257
1070500	-3549.821473179184
1071000	-3573.9308063110357
1071500	-3574.0572790479955
1072000	-3550.6788105699206
1072500	-3519.8620427857286
1073000	-3563.0149466744883
1073500	-3542.847323567968
1074000	-3519.68622249793
1074500	-3575.1191559056942
1075000	-3566.1308955164304
1075500	-3544.1234935012967
1076000	-3551.2508651733856
1076500	-3587.1678803026375
1077000	-3502.2967376522492
1077500	-3508.2982702155346
1078000	-3537.405338836153
1078500	-3542.3130140267426
1079000	-3578.620980271726
1079500	-3529.570744815595
1080000	-3554.3278423903
1080500	-3559.5999464332745
1081000	-3548.4158087987694
1081500	-3529.1784155097016
1082000	-3560.5649602604167
1082500	-3539.0674067920722
1083000	-3541.5922202827824
1083500	-3498.1384082162513
1084000	-3540.4802835673086
1084500	-3583.709371917534
1085000	-3541.446961104692
1085500	-3548.2130661540764
1086000	-3529.6001999808586
1086500	-3527.059054451307
1087000	-3489.3584342701233
1087500	-3588.012896290094
1088000	-3606.0221243550923
1088500	-3521.220690935622
1089000	-3554.0257360724704
1089500	-3549.0372644728536
1090000	-3535.0036938898343
1090500	-3509.692391285368
1091000	-3547.7805683608776
1091500	-3534.0763246893584
1092000	-3506.3617953832604
1092500	-3540.0550760568585
1093000	-3552.8384853696843
1093500	-3527.3612123890125
1094000	-3533.6514539975747
1094500	-3525.702536872663
1095000	-3554.483007443927
1095500	-3536.7844653027514
1096000	-3556.0019358203267
1096500	-3589.189966042391
1097000	-3600.4517592362718
1097500	-3593.492149793839
1098000	-3631.4897700820234
1098500	-3604.7508438898935
1099000	-3569.7480431839385
1099500	-3562.3224823825685
1100000	-3543.870794184954
1100500	-3546.7282344572286
1101000	-3548.3283004840832
1101500	-3562.6266957349767
1102000	-3540.6297145433095
1102500	-3584.4230819449617
1103000	-3549.2893896363703
1103500	-3558.89339192465
1104000	-3587.146766208866
1104500	-3557.4174500480153
1105000	-3587.58006900152
1105500	-3602.907267396214
1106000	-3605.140668467326
1106500	-3618.9158464729308
1107000	-3605.298359195245
1107500	-3631.2769798030185
1108000	-3672.8214196100616
1108500	-3617.341376011105
1109000	-3627.304227672894
1109500	-3599.185570762288
1110000	-3583.889756006032
1110500	-3564.5287383850496
1111000	-3632.322457219864
1111500	-3543.622260686836
1112000	-3552.8993529621685
1112500	-3557.0447288005766
1113000	-3604.633063089205
1113500	-3589.0150091715323
1114000	-3616.8974242989807
1114500	-3657.3573368350676
1115000	-3668.5061109279786
1115500	-3642.343375857931
1116000	-3656.259627002697
1116500	-3639.9082859254013
1117000	-3640.5843032364132
1117500	-3605.406411102483
1118000	-3580.741428104803
1118500	-3572.7581878147653
1119000	-3601.627279478525
1119500	-3576.4908103460616
1120000	-3587.636662802153
1120500	-3560.4651302398765
1121000	-3570.7234707752223
1121500	-3570.548814734075
1122000	-3582.5557670047647
1122500	-3569.2550480388622
1123000	-3577.4766196096202
1123500	-3589.911829149505
1124000	-3561.1795580741796
1124500	-3548.7750897673054
1125000	-3531.7361224651395
1125500	-3564.242675860507
1126000	-3548.968517129418
1126500	-3600.7874209292686
1127000	-3587.3379068577933
1127500	-3579.675371099649
1128000	-3564.395693473883
1128500	-3577.9587708879244
1129000	-3601.2522822788924
1129500	-3580.7490982931336
1130000	-3608.8849593797677
1130500	-3590.7174861399412
1131000	-3584.636646254609
1131500	-3571.404836504546
1132000	-3557.295652017585
1132500	-3573.9892121136772
1133000	-3560.2611392958347
1133500	-3524.8240608843234
1134000	-3505.8195468869617
1134500	-3562.2424280394735
1135000	-3566.92707362689
1135500	-3555.2638758395005
1136000	-3541.0334967723893
1136500	-3561.704522097325
1137000	-3528.035077716042
1137500	-3517.0941453550045
1138000	-3549.0447741673133
1138500	-3545.143336507299
1139000	-3558.686238879016
1139500	-3578.6812458565964
1140000	-3550.450615241859
1140500	-3597.3334610382253
1141000	-3555.5719403794587
1141500	-3520.5533742533703
1142000	-3553.2622686151603
1142500	-3537.130224476581
1143000	-3514.2455018284936
1143500	-3546.1168171503264
1144000	-3557.718894418154
1144500	-3536.3655832152904
1145000	-3520.322409565894
1145500	-3574.0761020251452
1146000	-3526.595539234356
1146500	-3548.6000807401774
1147000	-3560.3448013563075
1147500	-3581.7444722912346
1148000	-3566.3389010735586
1148500	-3580.4230722888396
1149000	-3571.764621438449
1149500	-3533.485256820829
1150000	-3571.861682647772
1150500	-3549.771223463437
1151000	-3536.280269604659
1151500	-3536.1691112565472
1152000	-3544.8336451618175
1152500	-3499.776186508132
1153000	-3546.6918934771525
1153500	-3556.312630626351
1154000	-3563.4853166998373
1154500	-3558.1764578018942
1155000	-3562.00524424243
1155500	-3560.328598106698
1156000	-3551.675627011318
1156500	-3546.5776065828104
1157000	-3574.38510773043
1157500	-3540.984203612416
1158000	-3551.6725588519425
1158500	-3521.765807073993
1159000	-3574.1690529205043
1159500	-3591.136116434549
1160000	-3575.619841565224
1160500	-3615.1898827274254
1161000	-3556.8077566102274
1161500	-3566.067724742535
1162000	-3552.202127654952
1162500	-3551.024022910653
1163000	-3571.9439424557495
1163500	-3587.297354632868
1164000	-3579.4968127672146
1164500	-3540.4976567052654
1165000	-3539.2682497064325
1165500	-3544.6160695518815
1166000	-3533.5014751824415
1166500	-3553.4501923340254
1167000	-3570.166271534649
1167500	-3571.166495842931
1168000	-3563.989129547201
1168500	-3550.7759809370873
1169000	-3549.9217244255997
1169500	-3577.287384597753
1170000	-3538.9905416434467
1170500	-3547.3275991676833
1171000	-3533.1083589365685
1171500	-3580.5028197107886
1172000	-3560.189041723541
1172500	-3539.797164608712
1173000	-3545.2401856202446
1173500	-3563.2042386664652
1174000	-3561.7884423498804
1174500	-3609.0048585065542
1175000	-3558.269687783331
1175500	-3590.2732068629653
1176000	-3590.4386094162787
1176500	-3582.1746754779488
1177000	-3568.6519325322124
1177500	-3572.416941028976
1178000	-3588.981109948203
1178500	-3583.8160807489744
1179000	-3566.8374895122274
1179500	-3544.4526853365883
1180000	-3589.259266882585
1180500	-3597.7341261450842
1181000	-3554.424243128735
1181500	-3594.0991024094146
1182000	-3589.426481911534
1182500	-3651.1254040657436
1183000	-3630.676676362486
1183500	-3595.329331499188
1184000	-3612.521050787746
1184500	-3562.8500243436197
1185000	-3623.6337012890044
1185500	-3572.917565690783
1186000	-3559.2329668604657
1186500	-3562.873629354605
1187000	-3587.634223901457
1187500	-3590.7537417724825
1188000	-3574.73016545635
1188500	-3572.7987989395137
1189000	-3582.644615799909
1189500	-3566.7524577511417
1190000	-3580.5641368794622
1190500	-3549.0723548024052
1191000	-3545.8398304119914
1191500	-3563.53773097732
1192000	-3600.4106164931095
1192500	-3528.3886087010615
1193000	-3556.6177944970086
1193500	-3554.946571904413
1194000	-3593.4211106336306
1194500	-3569.6223939006095
1195000	-3532.798063049375
1195500	-3525.028237801568
1196000	-3584.8711306814785
1196500	-3544.748461908217
1197000	-3546.9675853520207
1197500	-3597.3532180557004
1198000	-3547.306127284918
1198500	-3583.525722763913
1199000	-3567.16583086458
1199500	-3533.7205832407094
1200000	-3531.7962574114576
1200500	-3539.8652752001185
1201000	-3560.43486764677
1201500	-3575.495899390767
1202000	-3548.793426925261
1202500	-3516.353916842406
1203000	-3562.3092088935437
1203500	-3527.3989428255622
1204000	-3524.533780046784
1204500	-3556.234600378033
1205000	-3516.397903743787
1205500	-3521.812633386608
1206000	-3534.376079459356
1206500	-3527.002838323331
1207000	-3535.058666309122
1207500	-3513.9672841790257
1208000	-3502.579120980715
1208500	-3487.84772517157
1209000	-3474.2981509741217
1209500	-3572.489103824156
1210000	-3551.423302401971
1210500	-3534.95583775234
1211000	-3515.3864636828343
1211500	-3598.1831255481547
1212000	-3529.7221057922106
1212500	-3547.9182037139008
1213000	-3571.300681973026
1213500	-3568.2229724615368
1214000	-3559.937081359622
1214500	-3551.082840410367
1215000	-3571.2129572361
1215500	-3580.8799287452703
1216000	-3616.2745374638803
1216500	-3547.1620104324766
1217000	-3559.675130475539
1217500	-3521.3703921219812
1218000	-3503.033455493697
1218500	-3536.286529770079
1219000	-3570.441594533174
1219500	-3576.520033359271
1220000	-3548.381799479078
1220500	-3535.4703137766764
1221000	-3541.621660920462
1221500	-3531.964214252002
1222000	-3562.8264969114857
1222500	-3578.779780919842
1223000	-3565.8416075044697
1223500	-3543.7727851653203
1224000	-3549.518985508458
1224500	-3556.457636294503
1225000	-3588.102448074365
1225500	-3564.473479709461
1226000	-3571.2413944293257
1226500	-3567.5968483696993
1227000	-3565.1115456329453
1227500	-3567.4910026420494
1228000	-3545.9035047050415
1228500	-3545.204550363764
1229000	-3542.6754409223936
1229500	-3562.726581614185
1230000	-3553.5647425764137
1230500	-3550.9461279739926
1231000	-3537.018857098779
1231500	-3583.685092278653
1232000	-3572.6250159175875
1232500	-3564.011587209617
1233000	-3606.416037771437
1233500	-3572.8991108357745
1234000	-3573.508483024581
1234500	-3577.6732277706
1235000	-3639.1603096044123
1235500	-3603.9969452534224
1236000	-3569.7564299303913
1236500	-3571.5832366365667
1237000	-3562.5727391918253
1237500	-3564.727854051646
1238000	-3527.9415149834967
1238500	-3561.721464296075
1239000	-3556.5379046310113
1239500	-3578.7930122017056
1240000	-3618.022410521257
1240500	-3632.5248506502867
1241000	-3544.910823361158
1241500	-3589.581220637599
1242000	-3607.383056985166
1242500	-3612.3495712114022
1243000	-3618.6588973193575
1243500	-3621.738035654701
1244000	-3566.621551907508
1244500	-3545.69778823017
1245000	-3538.050795910334
1245500	-3578.8526821073096
1246000	-3526.2938944678285
1246500	-3539.6129667174596
1247000	-3528.468612472543
1247500	-3530.8114069683925
1248000	-3550.4859268495566
1248500	-3560.2964363468454
1249000	-3545.5636401619363
1249500	-3585.8071968734603
1250000	-3558.495246777997
1250500	-3528.0543880848018
1251000	-3543.805607573893
1251500	-3506.103701187033
1252000	-3551.2114661899454
1252500	-3535.2134953982904
1253000	-3543.1363190014495
1253500	-3551.8318073264873
1254000	-3547.8894893363863
1254500	-3567.8498651164673
1255000	-3565.803886826283
1255500	-3563.2971444476348
1256000	-3541.0040394632188
1256500	-3506.523821668495
1257000	-3543.4377777843865
1257500	-3549.202806128785
1258000	-3547.8212516170784
1258500	-3507.9388440078096
1259000	-3530.7162895612296
1259500	-3515.7328469561653
1260000	-3511.823631955534
1260500	-3554.653581100356
1261000	-3509.792503983945
1261500	-3535.664302465359
1262000	-3515.8097130572214
1262500	-3555.5458753964135
1263000	-3522.3015805085256
1263500	-3569.8577950667127
1264000	-3559.6861877885135
1264500	-3544.7845086271864
1265000	-3556.5122276367165
1265500	-3550.08704779333
1266000	-3548.9162837618055
1266500	-3585.9351519035
1267000	-3564.016165646022
1267500	-3609.7594374566156
1268000	-3616.8569706791236
1268500	-3622.2758980867643
1269000	-3617.1066438336775
1269500	-3624.627604206846
1270000	-3592.346236872469
1270500	-3576.2197932526774
1271000	-3592.713545188841
1271500	-3568.9776622032696
1272000	-3573.8254444331583
1272500	-3551.252734831512
1273000	-3628.345448569976
1273500	-3519.91553985361
1274000	-3584.850673918995
1274500	-3562.4903911938795
1275000	-3594.598535153966
1275500	-3616.906647867833
1276000	-3578.120663499417
1276500	-3642.6876965240313
1277000	-3636.661368465763
1277500	-3627.218625513931
1278000	-3640.071742176263
1278500	-3576.2722652300604
1279000	-3577.6465706439913
1279500	-3583.020254602308
1280000	-3594.6034643126286
1280500	-3610.260941331633
1281000	-3641.0297258966466
1281500	-3658.4380770335097
1282000	-3615.3647930568513
1282500	-3615.527737255226
1283000	-3617.72344642472
1283500	-3610.4207474643663
1284000	-3604.124253017974
1284500	-3581.6376438731145
1285000	-3594.191018532809
1285500	-3561.475746400719
1286000	-3564.902033282625
1286500	-3559.736229389793
1287000	-3555.3015042909774
1287500	-3567.4520455382917
1288000	-3545.2334217936095
1288500	-3587.6658729923406
1289000	-3657.380701698875
1289500	-3579.9555095252467
1290000	-3569.4632684795797
1290500	-3585.9477453743366
1291000	-3575.8684045198847
1291500	-3566.6493748071725
1292000	-3543.3107164983676
1292500	-3537.520479124084
1293000	-3542.8280555381575
1293500	-3562.7265298028797
1294000	-3577.24249714787
1294500	-3576.084038732836
1295000	-3554.8548615680697
1295500	-3535.0374332809242
1296000	-3598.2874189609915
1296500	-3565.316216356697
1297000	-3626.8136876131616
1297500	-3593.6438000769263
1298000	-3617.5931145340305
1298500	-3631.2327183836833
1299000	-3561.410882641189
1299500	-3604.836682796349
1300000	-3556.922673274364
1300500	-3625.7239186475344
1301000	-3582.274660233078
1301500	-3591.1195286427196
1302000	-3633.8387581747525
1302500	-3561.8056313753127
1303000	-3553.1213415486104
1303500	-3574.0216183465436
1304000	-3590.5919655468624
1304500	-3579.939888006609
1305000	-3574.949819047637
1305500	-3592.4814998470133
1306000	-3612.559153193323
1306500	-3571.4022790560766
1307000	-3609.1120949147826
1307500	-3570.034661643696
1308000	-3589.375348199742
1308500	-3591.8557186482426
1309000	-3592.157498528601
1309500	-3600.4937199857113
1310000	-3600.0712098471017
1310500	-3617.2722562755234
1311000	-3569.6740217152096
1311500	-3564.7994969197052
1312000	-3594.170566384912
1312500	-3573.0247221840864
1313000	-3549.7325856764173
1313500	-3593.836752449257
1314000	-3582.833086689724
1314500	-3605.0214597730032
1315000	-3578.852769199299
1315500	-3536.0867520383263
1316000	-3581.8775460664688
1316500	-3563.67642047117
1317000	-3584.991241215472
1317500	-3593.315200113766
1318000	-3565.0775023999245
1318500	-3595.2525665569406
1319000	-3601.6768961859893
1319500	-3573.772308102579
1320000	-3573.63581763838
1320500	-3585.087145405424
1321000	-3581.4102721788745
1321500	-3589.99754871557
1322000	-3590.1750211720328
1322500	-3560.6417776754183
1323000	-3600.5411747541643
1323500	-3559.6802368522267
1324000	-3557.720205174929
1324500	-3591.7399026192343
1325000	-3549.712944217991
1325500	-3563.4924679471796
1326000	-3583.0187217440175
1326500	-3582.330623093272
1327000	-3582.2643760654155
1327500	-3585.775538876698
1328000	-3565.684385765447
1328500	-3571.72846302073
1329000	-3599.4022402184482
1329500	-3578.8128771524857
1330000	-3555.376429710641
1330500	-3556.4487956726844
1331000	-3560.6777338525926
1331500	-3550.4977988559917
1332000	-3589.4027349842345
1332500	-3589.5851519945513
1333000	-3588.851579423054
1333500	-3565.2830788384676
1334000	-3584.524218104647
1334500	-3572.0370310246585
1335000	-3580.1159808693455
1335500	-3578.693126287772
1336000	-3595.601694596414
1336500	-3588.3147213981683
1337000	-3575.26753768981
1337500	-3565.8484536570036
1338000	-3581.6429552088684
1338500	-3583.8902674069523
1339000	-3553.500936202459
1339500	-3609.877248981872
1340000	-3601.6255873002096
1340500	-3562.2993628004283
1341000	-3561.084933604634
1341500	-3591.8142717497917
1342000	-3544.604413442455
1342500	-3577.50050851431
1343000	-3525.294683373027
1343500	-3571.3190193043597
1344000	-3570.993343998244
1344500	-3580.0556358411886
1345000	-3557.6969228011567
1345500	-3600.0287106914734
1346000	-3589.510134819398
1346500	-3554.310321706539
1347000	-3621.3530252843157
1347500	-3553.1596203990416
1348000	-3569.8854351275068
1348500	-3611.7169531048553
1349000	-3582.5934188057217
1349500	-3603.5961671748746
1350000	-3582.368373994543
1350500	-3590.046146369298
1351000	-3636.7122398513275
1351500	-3601.262128188266
1352000	-3553.5236604379024
1352500	-3568.916787201835
1353000	-3553.486665216166
1353500	-3547.845316527536
1354000	-3559.1207175270138
1354500	-3562.6849112155533
1355000	-3533.596444467967
1355500	-3533.9541203177637
1356000	-3535.5442526625184
1356500	-3572.761857364983
1357000	-3563.647288140112
1357500	-3568.4052504748297
1358000	-3585.448173459694
1358500	-3583.0699010873586
1359000	-3599.199412364478
1359500	-3594.3855895638876
1360000	-3580.720061189615
1360500	-3569.0827401675965
1361000	-3582.3622433332134
1361500	-3582.9145227673534
1362000	-3571.552085440402
1362500	-3576.121716782582
1363000	-3544.67064558234
1363500	-3576.9850785614262
1364000	-3573.1491478869784
1364500	-3525.6640460140966
1365000	-3556.221253172229
1365500	-3556.3081279596577
1366000	-3560.257648389569
1366500	-3581.05932986358
1367000	-3598.3140087684496
1367500	-3578.4407979697594
1368000	-3545.505192433942
1368500	-3582.0546852387606
1369000	-3554.5366907545613
1369500	-3593.794409398096
1370000	-3595.0175915716
1370500	-3562.865680219069
1371000	-3579.1907937240826
1371500	-3594.9016634795094
1372000	-3599.6349443506665
1372500	-3591.7750935738154
1373000	-3569.889792752141
1373500	-3580.3376623113863
1374000	-3588.5250562368287
1374500	-3586.2261137250816
1375000	-3573.7848766332595
1375500	-3561.4645365846054
1376000	-3538.417634738147
1376500	-3563.3513339617243
1377000	-3604.9969603511236
1377500	-3560.3690439975626
1378000	-3576.4666899376266
1378500	-3561.9170520939338
1379000	-3549.068790230361
1379500	-3594.5542067166884
1380000	-3613.6478049816455
1380500	-3596.394576008779
1381000	-3614.722562735019
1381500	-3598.5392714548107
1382000	-3634.6807010628568
1382500	-3606.919958168682
1383000	-3645.6382528006807
1383500	-3585.225522117801
1384000	-3626.307122905952
1384500	-3588.674427426301
1385000	-3621.819488250152
1385500	-3557.3398395346226
1386000	-3596.2022673312404
1386500	-3559.9707143533074
1387000	-3568.949775094085
1387500	-3551.111403207469
1388000	-3617.02841050097
1388500	-3584.1009400724242
1389000	-3587.4228539124656
1389500	-3573.0000591071657
1390000	-3615.268812503393
1390500	-3577.9370931381677
1391000	-3585.310487992351
1391500	-3551.121657446499
1392000	-3547.2719228330157
1392500	-3563.355723876009
1393000	-3555.830182036427
1393500	-3563.857442678174
1394000	-3566.828787224617
1394500	-3616.1844125609095
1395000	-3525.629290394901
1395500	-3572.975986336564
1396000	-3560.203463212423
1396500	-3563.5427910879907
1397000	-3607.041134649442
1397500	-3603.0082924500134
1398000	-3559.3441776997415
1398500	-3522.0724919651866
1399000	-3543.721000003867
1399500	-3568.939446365406
1400000	-3586.730275234976
1400500	-3595.5407581778686
1401000	-3554.831920665238
1401500	-3561.757398073084
1402000	-3549.4804319492364
1402500	-3556.5420011436454
1403000	-3593.793917655974
1403500	-3574.4897191670084
1404000	-3513.531371285242
1404500	-3571.473640347757
1405000	-3509.7923637541485
1405500	-3546.109178027646
1406000	-3569.722691508033
1406500	-3535.62009748878
1407000	-3557.27444997897
1407500	-3551.351615099944
1408000	-3558.0401980353786
1408500	-3571.5845900290697
1409000	-3617.3562315593917
1409500	-3579.8338260926753
1410000	-3587.845011361596
1410500	-3567.3851300982838
1411000	-3584.507828493149
1411500	-3561.0287837576107
1412000	-3552.3600303817548
1412500	-3574.6536020078397
1413000	-3608.2736542462935
1413500	-3528.487094035949
1414000	-3539.250060916981
1414500	-3582.265909115774
1415000	-3562.1839782927646
1415500	-3563.3624277517997
1416000	-3574.2371401187993
1416500	-3529.456520778318
1417000	-3537.539935938497
1417500	-3552.2550614441348
1418000	-3510.670708657995
1418500	-3517.741866799501
1419000	-3643.013308893774
1419500	-3628.5962630516183
1420000	-3575.6357807465693
1420500	-3594.5826532453843
1421000	-3598.3254816601284
1421500	-3580.9698041685406
1422000	-3583.4576415777624
1422500	-3607.384798187987
1423000	-3569.4829066457564
1423500	-3569.86053459843
1424000	-3558.27574424423
1424500	-3548.4362139260047
1425000	-3527.982248723012
1425500	-3559.1147602195197
1426000	-3635.528971651205
1426500	-3610.0505635733552
1427000	-3608.3100708120787
1427500	-3605.7716456805115
1428000	-3525.3935854030888
1428500	-3557.9646064338
1429000	-3567.042304156281
1429500	-3556.4370206745803
1430000	-3530.460532065293
1430500	-3570.9639152820173
1431000	-3605.0520381359156
1431500	-3515.5555474458265
1432000	-3567.281421566667
1432500	-3549.4814689603127
1433000	-3534.9241139108553
1433500	-3535.449661718961
1434000	-3534.480084650462
1434500	-3550.945743387342
1435000	-3510.9390374296813
1435500	-3514.666608680338
1436000	-3545.418309626927
1436500	-3568.5577004671363
1437000	-3577.4224255347185
1437500	-3567.1383437419777
1438000	-3535.7337112162245
1438500	-3518.6397749404127
1439000	-3558.0531954498265
1439500	-3583.9788302038455
1440000	-3546.869424778376
1440500	-3547.3495550554367
1441000	-3565.90693090013
1441500	-3535.769246534214
1442000	-3575.444141867578
1442500	-3530.867034477814
1443000	-3549.8498670938425
1443500	-3526.599589948767
1444000	-3515.8201806568386
1444500	-3592.6345259332306
1445000	-3549.13230905827
1445500	-3535.9547374358995
1446000	-3560.989447905065
1446500	-3546.2345346145335
1447000	-3642.1283321730994
1447500	-3556.0250255665323
1448000	-3513.719195261381
1448500	-3526.0534946359885
1449000	-3504.148183558637
1449500	-3559.598724128109
1450000	-3583.3063882561
1450500	-3543.104681073253
1451000	-3540.28416010228
1451500	-3534.6683878487843
1452000	-3573.53771004724
1452500	-3565.648209852106
1453000	-3579.7035531267225
1453500	-3549.6168578139836
1454000	-3546.472830245531
1454500	-3551.3358033817985
1455000	-3559.3668168233717
1455500	-3563.2161638898033
1456000	-3541.013846892125
1456500	-3553.0247877366987
1457000	-3562.7677203377075
1457500	-3580.5059005232492
1458000	-3567.324464428893
1458500	-3547.61010554612
1459000	-3531.0815820446905
1459500	-3502.6067019185257
1460000	-3544.567528413717
1460500	-3586.4280438998794
1461000	-3546.1114073330514
1461500	-3560.1875332681134
1462000	-3558.4399951907503
1462500	-3575.3498515633473
1463000	-3560.402054361216
1463500	-3571.347165848414
1464000	-3529.397523590726
1464500	-3549.5514783648227
1465000	-3548.230186253521
1465500	-3521.8607410179034
1466000	-3560.3829152270414
1466500	-3513.3514349697152
1467000	-3510.7335545359533
1467500	-3526.6025777879195
1468000	-3541.049011586411
1468500	-3544.5458338341223
1469000	-3558.844035632342
1469500	-3554.5625559764326
1470000	-3542.977619121345
1470500	-3558.6167024548045
1471000	-3539.8803560911538
1471500	-3552.8350392357484
1472000	-3551.197622935565
1472500	-3542.941095844272
1473000	-3554.9689052088315
1473500	-3546.2223534172344
1474000	-3630.075642035758
1474500	-3595.034566487281
1475000	-3575.523584830786
1475500	-3540.5630974319765
1476000	-3535.377123205566
1476500	-3576.958577227795
1477000	-3576.3879680130085
1477500	-3518.842597027822
1478000	-3559.005255868647
1478500	-3559.112735187352
1479000	-3547.895620718525
1479500	-3570.6432929080524
1480000	-3555.555759164598
1480500	-3542.7795698128866
1481000	-3566.660680077836
1481500	-3520.620227634402
1482000	-3552.163896538844
1482500	-3561.5928872022305
1483000	-3542.390907255103
1483500	-3517.7003907522208
1484000	-3553.2862669037468
1484500	-3544.4158367755736
1485000	-3564.971940835033
1485500	-3568.4829504048644
1486000	-3589.3672998354605
1486500	-3570.430204913125
1487000	-3575.4974545825844
1487500	-3538.142391525389
1488000	-3525.961903886134
1488500	-3508.28110391383
1489000	-3535.0891520941077
1489500	-3583.8465719820338
1490000	-3594.7637426256406
1490500	-3567.4198141505253
1491000	-3535.2768374196608
1491500	-3508.50237098313
1492000	-3510.0461562574806
1492500	-3496.4474688374917
1493000	-3483.6179773231056
1493500	-3505.636499610578
1494000	-3503.6934903521983
1494500	-3526.06062454766
1495000	-3483.1099797525817
1495500	-3524.7989743148355
1496000	-3510.483057456746
1496500	-3530.559770229039
1497000	-3496.5208884768404
1497500	-3520.9509464518
1498000	-3582.4233149030842
1498500	-3554.2854997087406
1499000	-3544.165799142904
1499500	-3557.447632892969
1500000	-3546.1445813420414
