Sample	likelihood
0	-4272.905393945211
500	-4478.032827374076
1000	-4302.077632990204
1500	-4197.32615457437
2000	-4213.548727024725
2500	-4211.0597941140595
3000	-4158.216193824525
3500	-4181.240783223991
4000	-4217.39211680027
4500	-4372.611092897253
5000	-4271.485147764776
5500	-4237.914265296432
6000	-4190.548991083943
6500	-4094.5324659422195
7000	-4121.3469816286315
7500	-4210.515812485781
8000	-4158.8519758344055
8500	-4119.962097981762
9000	-4268.545707408976
9500	-4122.889351065775
10000	-4129.95271004443
10500	-4137.450706723558
11000	-4254.326713959929
11500	-4337.394809675652
12000	-4289.470952027385
12500	-4214.274355548518
13000	-4269.253999823829
13500	-4239.787511350798
14000	-4229.222823972172
14500	-4205.506622470779
15000	-4368.725818240564
15500	-4209.775861859637
16000	-4264.0382347386885
16500	-4340.028624596758
17000	-4275.018960715384
17500	-4165.0179153125455
18000	-4192.744307243935
18500	-4118.3527385660445
19000	-4108.361981435204
19500	-4157.8394701003235
20000	-4327.671057371458
20500	-4267.166401035789
21000	-4359.248964536197
21500	-4181.148142034714
22000	-4219.190849957389
22500	-4190.360188625545
23000	-4162.976690400397
23500	-4467.556232097691
24000	-4130.1156325981765
24500	-4145.843974378634
25000	-4177.805227244545
25500	-4064.483272798564
26000	-4128.933780334287
26500	-4149.439229571052
27000	-4157.164461148185
27500	-4113.6400464325425
28000	-4285.745461676495
28500	-4094.340345669629
29000	-4139.969044940959
29500	-4252.2405712942455
30000	-4240.852947623105
30500	-4191.041295987872
31000	-4232.610731427588
31500	-4276.541412507411
32000	-4134.049627707476
32500	-4190.42985299071
33000	-4168.4842064254435
33500	-4372.923220586162
34000	-4189.063728289365
34500	-4203.41132389424
35000	-4148.244215296986
35500	-4252.6584536278515
36000	-4335.656542664091
36500	-4278.537841608589
37000	-4260.696178067072
37500	-4278.4371652177415
38000	-4199.352448739594
38500	-4243.138418262311
39000	-4223.859981826352
39500	-4243.471106250386
40000	-4441.740291419305
40500	-4320.202283484488
41000	-4293.839519866478
41500	-4762.023298519
42000	-4355.610512609688
42500	-4281.467369920242
43000	-4501.170408076894
43500	-4444.251911854195
44000	-4323.58830949316
44500	-4395.31676211433
45000	-4201.901206187166
45500	-4300.991030185822
46000	-4354.716998476366
46500	-4330.1555047057855
47000	-4300.556890908039
47500	-4190.54642085467
48000	-4180.9924247740255
48500	-4586.617942899167
49000	-4263.562256340969
49500	-4266.119753211649
50000	-4300.357433009524
50500	-4265.698514528524
51000	-4365.850530579955
51500	-4342.374749635962
52000	-4360.9580234078585
52500	-4220.412606809802
53000	-4375.202109932567
53500	-4380.495808254538
54000	-4454.120520021143
54500	-4245.990068517136
55000	-4309.08160966161
55500	-4470.690188170921
56000	-4236.406848918734
56500	-4399.395066478661
57000	-4318.163711320632
57500	-4476.046862583798
58000	-4249.6371282710925
58500	-4402.360412722335
59000	-4254.670352255433
59500	-4424.32183851857
60000	-4305.356884338749
60500	-4250.930938269924
61000	-4089.8783889139145
61500	-4116.634564218326
62000	-4089.6609568889994
62500	-4044.054629289543
63000	-3964.680417521393
63500	-3901.5889127149635
64000	-4032.9109579802684
64500	-4132.4024424133295
65000	-4148.069182780059
65500	-4292.780400014865
66000	-4186.018751752032
66500	-4122.04952308185
67000	-4166.656093363254
67500	-4142.822570116451
68000	-4221.024898581716
68500	-4180.349219065248
69000	-4735.463979913686
69500	-4105.307868192776
70000	-4268.677871085588
70500	-4254.957848874757
71000	-4179.491822815049
71500	-4198.486418243956
72000	-4048.344172538905
72500	-3979.907979650504
73000	-4016.914480289162
73500	-3953.0345258162383
74000	-3953.872873863803
74500	-3932.200714918611
75000	-3968.7080340047078
75500	-3998.665728143889
76000	-4358.955054061424
76500	-4078.101363680764
77000	-4317.818388308067
77500	-4201.180163921876
78000	-4424.340904763142
78500	-4164.25050608846
79000	-4282.104088012164
79500	-4285.411208199623
80000	-4405.2848112297215
80500	-4154.515926015606
81000	-4120.697901399348
81500	-4279.6050377882475
82000	-4251.708030326803
82500	-4142.325787954739
83000	-4109.746204347006
83500	-4230.90238585069
84000	-4193.152133250495
84500	-4291.429193365581
85000	-4135.418835568254
85500	-4058.6000484431206
86000	-3987.9618476819246
86500	-4109.116953469169
87000	-4009.234563917743
87500	-4066.286015593359
88000	-4017.8467511378817
88500	-4059.578847216289
89000	-4259.085511321669
89500	-4042.873486007223
90000	-4063.382225937721
90500	-4138.100145281397
91000	-4107.345598502602
91500	-4001.0530499386823
92000	-3896.3815958102555
92500	-3964.328626962049
93000	-3934.2883142748447
93500	-4094.28030164543
94000	-4156.662189760603
94500	-4010.6116764304898
95000	-4075.253348037193
95500	-4314.678686786636
96000	-4082.8241330800693
96500	-3961.6271815078003
97000	-4106.113292366076
97500	-3889.695054237017
98000	-3900.56624226556
98500	-3945.146396453926
99000	-4138.609383745127
99500	-4086.6933342924326
100000	-4015.169743985538
100500	-4221.231532497418
101000	-3984.6936548030967
101500	-4001.5635257957856
102000	-4151.435700750322
102500	-3996.0569454464885
103000	-4016.2209603349042
103500	-4079.506537133253
104000	-4002.9213518628208
104500	-3968.9003155200767
105000	-4000.8827137900744
105500	-4112.715865222541
106000	-3986.8300224296104
106500	-4042.744570496334
107000	-4015.1152587457254
107500	-4181.319461139669
108000	-4002.515233960102
108500	-3995.209580789674
109000	-4038.8699704931464
109500	-4047.217294394877
110000	-4169.310170779033
110500	-4291.060750696186
111000	-4144.262176410331
111500	-4158.6796282111445
112000	-3990.6741325157973
112500	-4096.724235279561
113000	-3974.4363935859715
113500	-4004.4749360422074
114000	-3949.2564163578973
114500	-4090.980632473327
115000	-4099.964834247778
115500	-3982.7407354244483
116000	-4125.232721331931
116500	-3991.885066712963
117000	-4002.460987614891
117500	-4006.3573938263994
118000	-4110.187027848868
118500	-4180.559082595023
119000	-4044.2464887820406
119500	-4000.223221484443
120000	-4042.5125174739765
120500	-3951.001464307939
121000	-4194.2449715619305
121500	-3965.611522605678
122000	-4049.7560294438035
122500	-4139.747220868027
123000	-4100.944501515155
123500	-4298.424467628496
124000	-4302.677398469719
124500	-4112.664693684372
125000	-4020.972446128081
125500	-4032.1231447313958
126000	-3993.0132195567703
126500	-3972.2145956575014
127000	-3969.489164783305
127500	-4068.257092018702
128000	-4001.5471195850446
128500	-3968.92510888423
129000	-3999.6163390863258
129500	-3940.9976371498838
130000	-4006.5071429167115
130500	-4049.1606521280096
131000	-3992.612776101999
131500	-4069.9533200849696
132000	-4164.8755601813045
132500	-4146.420825177979
133000	-4166.967370514006
133500	-4122.369987121855
134000	-4075.3660921269243
134500	-4208.037355821821
135000	-4189.410373345958
135500	-4108.939944723107
136000	-4212.785553076987
136500	-4031.269497268857
137000	-4079.343026057956
137500	-4038.034174756879
138000	-4128.2207938265
138500	-4194.717695965455
139000	-4238.100829957954
139500	-4181.68830398036
140000	-4148.573287767519
140500	-4227.616599425061
141000	-4233.424101686606
141500	-4569.684248574515
142000	-4605.546672918889
142500	-4127.8910120403525
143000	-4126.420437897552
143500	-4147.887665771422
144000	-4198.737725810424
144500	-4187.461042420111
145000	-4130.083367794655
145500	-4412.245166646841
146000	-4278.365716044916
146500	-4197.357175740515
147000	-4186.916153156978
147500	-4183.837247048256
148000	-4319.749232010501
148500	-4215.722050047957
149000	-4603.769674075384
149500	-4379.820090513962
150000	-4463.3290279156145
150500	-4340.335185961556
151000	-4507.616312963899
151500	-4380.165682303383
152000	-4337.275960532427
152500	-4592.845218091984
153000	-4235.094254539441
153500	-4128.949903290587
154000	-4242.444217833659
154500	-4211.102477207049
155000	-4448.6298451650555
155500	-4106.216487019876
156000	-4313.888916508738
156500	-4246.7520278549055
157000	-4171.457116178518
157500	-4652.435607422973
158000	-4394.649215971692
158500	-4189.9883598234355
159000	-4198.869853744514
159500	-4283.015081005687
160000	-4327.8553792368375
160500	-4419.954150711712
161000	-4415.3272393581265
161500	-4274.896524317527
162000	-4104.593705187823
162500	-4380.385668939914
163000	-4291.029280812107
163500	-4250.507659132415
164000	-4394.682835726205
164500	-4553.913868720248
165000	-4490.775782290774
165500	-4447.323109930885
166000	-4151.221485203282
166500	-4380.675874135442
167000	-4253.523785354495
167500	-4169.707602177284
168000	-4169.207793426996
168500	-4359.992329779518
169000	-4432.340156340808
169500	-4248.891961185866
170000	-4145.284616630692
170500	-4234.574743581876
171000	-4145.471295228599
171500	-4170.253866727853
172000	-4357.945458678097
172500	-4276.89670822216
173000	-4117.643384039166
173500	-4214.162911259475
174000	-4109.426719023273
174500	-4259.220860380014
175000	-4225.207136032729
175500	-4374.847343244831
176000	-4224.476439065234
176500	-4300.993634018351
177000	-4353.929020720784
177500	-4234.271026720302
178000	-4174.74126167964
178500	-4248.967153800256
179000	-4307.543882792368
179500	-4242.073108080919
180000	-4089.1986590897172
180500	-4169.085705687141
181000	-4191.978276066941
181500	-4207.954256325369
182000	-4282.419738820329
182500	-4178.900353006366
183000	-4165.798398666504
183500	-4203.552418447
184000	-4190.553841692194
184500	-4078.1701517312977
185000	-4141.260418203738
185500	-4133.932006738696
186000	-4084.2543685569904
186500	-4106.235251812976
187000	-4041.5463121985267
187500	-4109.666761934155
188000	-4128.981730472971
188500	-4129.899176939553
189000	-4288.867740793316
189500	-4160.954816958324
190000	-4238.800458730504
190500	-4189.543207885107
191000	-4166.66338124977
191500	-4091.4402631950747
192000	-4124.346801878268
192500	-4226.678421901665
193000	-4180.870529450645
193500	-4082.815133415032
194000	-4236.533060181487
194500	-4335.416518476675
195000	-4235.539585606628
195500	-4285.277766461418
196000	-4194.059777718786
196500	-4204.421911299031
197000	-4129.236049998571
197500	-4130.575124665138
198000	-4338.303258832111
198500	-4288.763857213044
199000	-4235.137673090037
199500	-4119.304388450739
200000	-4145.3419083489425
200500	-4093.1773745319947
201000	-4001.161837608642
201500	-4151.708497928266
202000	-4159.85717159943
202500	-4044.946550518504
203000	-4057.308586001466
203500	-4165.037470951731
204000	-4226.358473386817
204500	-4088.36240748818
205000	-4014.3961178193276
205500	-4142.039511958901
206000	-4211.277188750894
206500	-4121.854137016891
207000	-4028.4161501077383
207500	-4183.506652819028
208000	-4250.548924031484
208500	-4228.755149261052
209000	-4247.726644784622
209500	-4203.356449732476
210000	-4355.350232859589
210500	-4132.585715591693
211000	-4224.343645591268
211500	-4322.06106121698
212000	-4168.097941480657
212500	-4283.923870745391
213000	-4084.3313186030064
213500	-4122.475914283863
214000	-4183.729634369431
214500	-4248.937697513155
215000	-4138.439469588564
215500	-4141.390379822438
216000	-4092.1456258571707
216500	-4260.4804142120565
217000	-4067.357944105783
217500	-4108.805464018222
218000	-4132.397846143861
218500	-4133.426009825005
219000	-4233.199840283522
219500	-4123.460211303136
220000	-4178.258168007855
220500	-4000.151172061003
221000	-4270.183303489367
221500	-4155.155646136393
222000	-4252.267559688059
222500	-4374.65747175166
223000	-4385.439041262991
223500	-4562.495680457854
224000	-4311.4192321526125
224500	-4284.657014793345
225000	-4198.317488548555
225500	-4353.883814297414
226000	-4222.381099905289
226500	-4098.636843917326
227000	-4171.059425962872
227500	-4204.1239095278615
228000	-4097.334034239603
228500	-4191.742111670282
229000	-4346.071500835469
229500	-4095.986884954735
230000	-4165.648413859417
230500	-4074.09350833969
231000	-4197.429223133657
231500	-4249.335569347534
232000	-4219.54592831919
232500	-4363.411852882742
233000	-4215.641306296245
233500	-4240.651276408202
234000	-4304.312327709428
234500	-4229.615089824575
235000	-4286.252168589969
235500	-4209.620053068134
236000	-4279.514707035681
236500	-4266.600723555801
237000	-4260.9786610138435
237500	-4392.019607136498
238000	-4372.977550010609
238500	-4491.156546051271
239000	-4309.737464260375
239500	-4192.253512272686
240000	-4175.056320834574
240500	-4156.520678815337
241000	-4185.954915152397
241500	-4142.633176931317
242000	-4256.528192104857
242500	-4650.478889437997
243000	-4384.288035496973
243500	-4692.586748390145
244000	-4191.386866796719
244500	-4389.19052037308
245000	-4177.076409217523
245500	-4242.60467408411
246000	-4215.399907078537
246500	-4207.099057409043
247000	-4208.34900843974
247500	-4263.854576665349
248000	-4281.7234692515285
248500	-4114.392461436967
249000	-4200.177691573964
249500	-4166.537359909739
250000	-4168.712270427125
250500	-3999.267536477392
251000	-4093.2918120097747
251500	-3889.4343512132555
252000	-3948.516787338748
252500	-4050.6722031603176
253000	-4071.1062499198397
253500	-4155.581204351984
254000	-4245.251634789429
254500	-4009.358497850876
255000	-4069.5548633852936
255500	-4102.877357633451
256000	-4084.087499780725
256500	-3935.0993755347677
257000	-3980.5491802356682
257500	-3946.6476844462154
258000	-4134.45662227168
258500	-4075.671046284735
259000	-4009.2995498708874
259500	-3991.1421144154706
260000	-4249.799187747073
260500	-4284.2287912066
261000	-4091.250809561764
261500	-3999.658996657388
262000	-4146.765325822339
262500	-4007.7027430363764
263000	-4169.759558991174
263500	-4108.174448152934
264000	-3953.3589283777133
264500	-4000.6102002639686
265000	-3997.661872007302
265500	-3874.353338450792
266000	-3942.949662419603
266500	-4076.052278325611
267000	-4072.8003446420266
267500	-3963.5119643861367
268000	-4196.483546724891
268500	-4033.7140178409304
269000	-3874.2275251002493
269500	-3997.078515525113
270000	-4143.571344444167
270500	-3882.7259542970396
271000	-4150.475028958842
271500	-3973.1877172148706
272000	-3910.3487048232546
272500	-3973.7433478540993
273000	-3852.9935165843867
273500	-4003.187784908021
274000	-3989.1621494689853
274500	-3969.635115746341
275000	-3828.870158714985
275500	-3965.2969819246136
276000	-3987.03174889215
276500	-4025.18610127323
277000	-4053.7246946408422
277500	-4059.2209462397414
278000	-4077.314157878529
278500	-4073.1567473568593
279000	-4247.841764119188
279500	-4082.8814558367635
280000	-4294.549226568408
280500	-4075.2867876081423
281000	-4227.931066339666
281500	-4108.357448571291
282000	-4081.282153574871
282500	-4110.60368214878
283000	-4343.4380224041215
283500	-4202.884194322012
284000	-4145.171704632126
284500	-4251.765233021087
285000	-4220.966189602472
285500	-4170.5440693391
286000	-4216.472081832604
286500	-4204.288020137313
287000	-4070.8863631710037
287500	-4200.716980479043
288000	-4217.920583388776
288500	-4131.026279510032
289000	-4264.373247220016
289500	-4301.837085726405
290000	-4030.87610086494
290500	-4235.867190070824
291000	-4186.039303270136
291500	-4355.662178539941
292000	-4242.466622112937
292500	-4181.251463318838
293000	-4342.186584387592
293500	-4383.45810095415
294000	-4277.929660611082
294500	-4341.0065574090295
295000	-4535.023455298311
295500	-4226.865270471149
296000	-4235.323352942834
296500	-4159.730303160687
297000	-4319.876313092591
297500	-4117.405503167817
298000	-4264.980662117243
298500	-4222.459357608108
299000	-4188.033817473197
299500	-4323.8195542449375
300000	-4362.845868716716
300500	-4523.001390592929
301000	-4221.869187500274
301500	-4313.4511163590605
302000	-4418.529598151186
302500	-4341.086664244158
303000	-4377.770354552032
303500	-4247.497735604407
304000	-4375.51587282202
304500	-4389.009078113382
305000	-4467.060453328962
305500	-4338.413867669968
306000	-4527.708011328462
306500	-4384.434940249327
307000	-4405.971568058451
307500	-4320.595236176697
308000	-4305.394259424616
308500	-4320.51705999064
309000	-4319.039169565226
309500	-4522.690510675741
310000	-4481.509818967577
310500	-4286.858195256844
311000	-4650.146106017518
311500	-4575.8106572681745
312000	-4498.033358303758
312500	-4362.629999866406
313000	-4448.733876445729
313500	-4573.333510965658
314000	-4258.495887447012
314500	-4529.621363561348
315000	-4265.05103014464
315500	-4412.446621142522
316000	-4514.59684118489
316500	-4336.881770003765
317000	-4476.523061075137
317500	-4347.41178058952
318000	-4392.684440862164
318500	-4498.261520158502
319000	-4383.909847693191
319500	-4373.647059271607
320000	-4296.435220607538
320500	-4414.552292431514
321000	-4322.597674222238
321500	-4321.379971609658
322000	-4290.4026532313965
322500	-4227.991169611786
323000	-4256.488503680386
323500	-4479.940645303174
324000	-4640.349350122213
324500	-4428.493283171509
325000	-4405.980767480674
325500	-4434.663621353574
326000	-4330.300486773386
326500	-4232.796458695087
327000	-4095.4433323887665
327500	-4294.842894573884
328000	-4185.6735196455165
328500	-4288.51586469184
329000	-4377.875509457143
329500	-4459.88565748635
330000	-4566.682301977949
330500	-4482.323297886158
331000	-4331.558935803808
331500	-4238.437928009113
332000	-4226.794559701817
332500	-4112.267681629265
333000	-4124.823651032765
333500	-4013.137413705572
334000	-4071.606473842935
334500	-4047.7960808747707
335000	-4070.464011149991
335500	-4144.649116781989
336000	-4210.2477462277075
336500	-4303.739157388132
337000	-4252.184567684734
337500	-4216.363250019638
338000	-4099.348326289959
338500	-3955.622530788882
339000	-3977.794542720516
339500	-4072.514593649246
340000	-4185.295765451188
340500	-4149.785169111654
341000	-4068.091921764224
341500	-4028.101513416168
342000	-4153.388160655498
342500	-4202.730473473477
343000	-4170.062156918709
343500	-4244.035377671612
344000	-4019.8559702461885
344500	-4175.628384144788
345000	-4012.203508703355
345500	-4049.577168147075
346000	-4061.3319262008754
346500	-4134.341964591681
347000	-4151.30954249982
347500	-4093.7452858935303
348000	-3998.7239301534637
348500	-3980.5512393662325
349000	-4212.956339576393
349500	-4072.2783286723693
350000	-4188.270791771018
350500	-4070.836764808898
351000	-4184.860367512068
351500	-4259.8361330618045
352000	-4234.038368198044
352500	-4278.068719662798
353000	-4248.547063502752
353500	-4104.175136472124
354000	-4331.617892833072
354500	-4108.03945660442
355000	-4203.972748510777
355500	-4170.867102229437
356000	-4238.871820910524
356500	-4049.1959270483676
357000	-4132.418512832667
357500	-4118.395236294055
358000	-4088.9295555839403
358500	-4180.046795490438
359000	-4371.905433965811
359500	-4230.920080089566
360000	-4232.548364077226
360500	-4239.744074417301
361000	-4222.037171747761
361500	-4212.160616101191
362000	-4211.812712883759
362500	-4154.17653654667
363000	-4163.901347261771
363500	-4251.616574869201
364000	-4119.905874517172
364500	-4043.0344258661025
365000	-4118.483472240967
365500	-4026.586992966385
366000	-4044.829256617
366500	-4117.891042549094
367000	-4232.42329948057
367500	-4160.033058657117
368000	-4229.257219628172
368500	-4137.778777851881
369000	-4198.9274088751345
369500	-4393.672501427155
370000	-4143.514214776961
370500	-4251.179777801585
371000	-4260.512477859127
371500	-4200.975171949282
372000	-4265.936001842368
372500	-4120.55596288563
373000	-4275.272892358558
373500	-4068.1053532297774
374000	-4153.039392444908
374500	-4515.4842030477985
375000	-4053.608589641382
375500	-4290.903914046194
376000	-4027.3292230026373
376500	-4164.974256807199
377000	-4091.2154761174966
377500	-4116.766455966629
378000	-4055.4787379793797
378500	-4240.327631362317
379000	-4300.384457259892
379500	-4311.946334598202
380000	-4171.444332210379
380500	-4097.79647755186
381000	-4359.452670445934
381500	-4279.44812089408
382000	-4195.809131080142
382500	-4171.104725212031
383000	-4236.499744228482
383500	-4260.425494045303
384000	-4250.252291072963
384500	-4275.688681898938
385000	-4186.955146589151
385500	-4250.703317805048
386000	-4262.841255345854
386500	-4251.01167537553
387000	-4182.063401655542
387500	-4162.047189809801
388000	-4244.845120350037
388500	-4451.6299626655145
389000	-4404.627223226223
389500	-4155.091467885038
390000	-4196.649042747445
390500	-4120.506534769
391000	-4175.428405308564
391500	-3993.172171175042
392000	-4104.7962102430165
392500	-4305.38901768016
393000	-4264.912273201239
393500	-4125.781553544785
394000	-4143.862765976106
394500	-4067.8148437844748
395000	-4265.347179754992
395500	-4229.7571303603745
396000	-4197.242336697459
396500	-4167.690834738454
397000	-4220.98391253081
397500	-4276.241588349853
398000	-4080.483338289012
398500	-4432.431658003444
399000	-4320.2000355248165
399500	-4279.213561327035
400000	-4313.23708711457
400500	-4648.9793184457585
401000	-4648.629621179596
401500	-4387.825792308735
402000	-4278.887813437407
402500	-4384.613964648143
403000	-4238.248997170669
403500	-4092.5332006979847
404000	-4125.092551705311
404500	-4160.112479617589
405000	-4101.7429655909555
405500	-4036.6529032079225
406000	-4261.832222182984
406500	-4197.573099585303
407000	-4326.614085434864
407500	-4377.779828549258
408000	-4137.495554872289
408500	-4290.687211617542
409000	-4305.301754768653
409500	-4397.007514816312
410000	-4357.847201504784
410500	-4299.879462800609
411000	-4524.5564912751925
411500	-4499.669663181585
412000	-4363.585673692824
412500	-4459.812569010325
413000	-4474.592666257224
413500	-4366.446621909849
414000	-4485.710817856263
414500	-4421.606069064534
415000	-4554.341913339771
415500	-4403.764361471418
416000	-4538.600116931539
416500	-4326.320671619389
417000	-4195.284990144659
417500	-4274.5292987598605
418000	-4153.223157458014
418500	-4280.5821209192745
419000	-4344.4901836925765
419500	-4171.109288222537
420000	-4082.134799458261
420500	-4208.339976031431
421000	-4170.196618211575
421500	-4241.175614777812
422000	-4482.527451458288
422500	-4350.04143562149
423000	-4279.887002520332
423500	-4224.92782445705
424000	-4126.864670634885
424500	-4293.35204660855
425000	-4180.0958000815945
425500	-4160.577801771456
426000	-4259.463884265174
426500	-4117.627279659185
427000	-4203.257435149174
427500	-4356.135527154729
428000	-4205.39844423308
428500	-4162.071932943125
429000	-4346.945441283389
429500	-4392.5106642851915
430000	-4173.2720156662745
430500	-4249.583137834772
431000	-4254.145144822147
431500	-4286.954957075893
432000	-4264.203731456857
432500	-4137.876463298639
433000	-4151.093324304903
433500	-4207.892328415393
434000	-4230.877859992707
434500	-4307.021596752322
435000	-4170.48639696635
435500	-4074.011848728859
436000	-4050.4399644792934
436500	-4104.3570623534915
437000	-4037.651289988581
437500	-4401.338455386355
438000	-4292.068343087388
438500	-4130.3429095513175
439000	-4233.821716778184
439500	-4077.422357669506
440000	-4199.307375576938
440500	-4312.191090355043
441000	-4279.544487115711
441500	-4255.732181381509
442000	-4171.3977755230735
442500	-4130.762825082016
443000	-4146.123424371756
443500	-4254.0227710962
444000	-4234.519498044662
444500	-4217.5574591656905
445000	-4275.327550452793
445500	-4318.757310620596
446000	-4378.702035020714
446500	-4314.139713747618
447000	-4340.958552663714
447500	-4397.934724768861
448000	-4318.856965775789
448500	-4299.698146307132
449000	-4166.759639220962
449500	-4107.473154131521
450000	-4031.672156345796
450500	-4086.2514025211067
451000	-3957.892675624579
451500	-4166.5871393721445
452000	-3996.4141348637622
452500	-4028.6962061231866
453000	-3980.8884531117706
453500	-4086.7031142538785
454000	-4066.914271463741
454500	-4036.130905762962
455000	-3984.2155460410713
455500	-4072.1922921759847
456000	-4040.361847553131
456500	-4140.5825196257
457000	-4090.4546875314923
457500	-4005.463342211464
458000	-4124.142752338153
458500	-4163.051793138815
459000	-4356.27137123718
459500	-4282.601671216379
460000	-4195.282506522099
460500	-4094.4903347241875
461000	-4175.896092943198
461500	-4079.1607452045255
462000	-4137.987364196703
462500	-4191.805059987383
463000	-4126.6751252069325
463500	-4210.213166154985
464000	-4504.20713000096
464500	-4116.232345120154
465000	-4044.5651776430805
465500	-4249.897033875334
466000	-4217.373819125758
466500	-4150.192481474056
467000	-4286.336386312019
467500	-4373.418379611226
468000	-4466.132410611518
468500	-4450.624192823007
469000	-4435.23103869451
469500	-4564.160505844533
470000	-4337.104140425195
470500	-4236.134073236202
471000	-4249.265133640888
471500	-4355.965970528231
472000	-4302.055423915179
472500	-4274.289984690579
473000	-4191.920848540109
473500	-4206.817700951927
474000	-4307.668797869711
474500	-4257.539893200002
475000	-4305.843162530822
475500	-4298.273289077512
476000	-4404.729985930527
476500	-4237.1806387660035
477000	-4142.676943561299
477500	-4111.3663485173365
478000	-4226.30407978974
478500	-4320.974065763244
479000	-4212.718779704507
479500	-4243.406003563293
480000	-4328.518374118795
480500	-4302.3393628431495
481000	-4180.137781633684
481500	-4016.8970838644736
482000	-4258.180049169289
482500	-4343.423721554454
483000	-4479.323465589595
483500	-4339.940273754575
484000	-4366.414476841935
484500	-4207.841332403137
485000	-4190.76476280841
485500	-4122.006912504627
486000	-4316.910991584567
486500	-4203.941448404666
487000	-4245.824429189259
487500	-4326.525696877632
488000	-4202.510437011953
488500	-4190.716590650683
489000	-4331.818359127914
489500	-4276.656593673406
490000	-4553.182596749218
490500	-4274.683615183359
491000	-4347.1738306054285
491500	-4313.915039965484
492000	-4233.158989787813
492500	-4185.816716786246
493000	-4275.144847804516
493500	-4320.057313796266
494000	-4406.26702379871
494500	-4306.164908162737
495000	-4387.438843086366
495500	-4313.344036454369
496000	-4350.354455656791
496500	-4314.489749669561
497000	-4328.348941875909
497500	-4380.7912594051095
498000	-4363.825799831316
498500	-4297.380466278696
499000	-4273.547990823667
499500	-4273.898855781781
500000	-4363.601572301766
500500	-4508.540220378007
501000	-4468.254730089125
501500	-4246.412237007792
502000	-4394.065879717783
502500	-4582.235401196462
503000	-4276.10058555633
503500	-4312.598928665725
504000	-4458.902302912527
504500	-4383.460446555046
505000	-4366.45882408058
505500	-4263.883536411305
506000	-4507.125325660912
506500	-4257.692029699906
507000	-4726.776285883861
507500	-4611.075397813751
508000	-4432.490924714819
508500	-4258.546630433622
509000	-4515.1106142213885
509500	-4354.879962884978
510000	-4248.320655818772
510500	-4262.872346945662
511000	-4305.714174980902
511500	-4506.610512863694
512000	-4317.167366897064
512500	-4358.147729481937
513000	-4492.0125629913755
513500	-4514.404181661993
514000	-4314.924477015259
514500	-4546.667997529864
515000	-4734.9282469002
515500	-4780.494888758004
516000	-4977.393605803373
516500	-4614.56667150039
517000	-4472.685679226165
517500	-4436.597842415349
518000	-4300.322564070205
518500	-4235.752742064614
519000	-4332.315373758497
519500	-4224.8969177331155
520000	-4130.347174068218
520500	-4305.97424565407
521000	-4212.299064035999
521500	-4220.574610197322
522000	-4236.705715222367
522500	-4309.178564213262
523000	-4229.473970041659
523500	-4303.392998518103
524000	-4164.241521430856
524500	-4275.489621319764
525000	-4271.913578537229
525500	-4247.179321404111
526000	-4547.000822855622
526500	-4367.175466092074
527000	-4329.8881273813
527500	-4355.370030385358
528000	-4376.654680746307
528500	-4390.725635375298
529000	-4426.4308444659055
529500	-4202.8369888512725
530000	-4290.7012693135985
530500	-4603.38147118259
531000	-4323.035022922753
531500	-4290.09024812627
532000	-4439.477119820703
532500	-4315.413424980351
533000	-4259.446657847746
533500	-4463.512865962362
534000	-4311.1543778168025
534500	-4168.383400150053
535000	-4206.995179522863
535500	-4233.567501846956
536000	-4234.940754878722
536500	-4272.255381770401
537000	-4255.358591819655
537500	-4385.504104955608
538000	-4452.215419637709
538500	-4482.986834938877
539000	-4314.613644960742
539500	-4368.251064567913
540000	-4285.495315389073
540500	-4035.4281926085737
541000	-4024.6694203022353
541500	-4252.420591551627
542000	-4344.755310443012
542500	-4350.610949548616
543000	-4371.8846475979935
543500	-4474.984251307573
544000	-4316.0208246080065
544500	-4257.3120432363885
545000	-4459.185190691235
545500	-4516.602815447981
546000	-4843.6818945221985
546500	-4562.945316937319
547000	-4428.286420231406
547500	-4372.17890375425
548000	-4294.967071569596
548500	-4613.88640324344
549000	-4573.947263200395
549500	-4484.042842787128
550000	-4626.566942695302
550500	-4700.434009604456
551000	-4921.117026437908
551500	-4664.986276015471
552000	-4885.991001700538
552500	-4595.007189386129
553000	-4686.042802378115
553500	-4474.99870535488
554000	-4391.56775573324
554500	-4464.404505090238
555000	-4607.95987036273
555500	-4924.989537768229
556000	-4640.138772636456
556500	-4490.076958056322
557000	-4494.352226992003
557500	-4553.716300407953
558000	-4425.44535128235
558500	-4542.036449946045
559000	-4252.177429419884
559500	-4305.311417832698
560000	-4240.2405578438065
560500	-4263.823072280238
561000	-4215.3212960972305
561500	-4238.355282583424
562000	-4226.1392027520515
562500	-4206.583706357532
563000	-4142.319814030555
563500	-4291.450431139523
564000	-4170.534002954294
564500	-4222.609963429224
565000	-4129.520673199379
565500	-4232.392576453529
566000	-4332.238942567416
566500	-4261.312997431481
567000	-4477.3070967862795
567500	-4433.59355724245
568000	-4285.097015535399
568500	-4284.5916154148545
569000	-4234.398647186292
569500	-4250.49420540102
570000	-4199.8041318607975
570500	-4313.611657941623
571000	-4271.24886364296
571500	-4195.798155426094
572000	-4105.767146035736
572500	-4003.9613348232065
573000	-3914.4414831836675
573500	-4099.514183730403
574000	-4295.516968621766
574500	-4139.805063838754
575000	-4056.4645413216635
575500	-4216.509786493139
576000	-3995.384343667219
576500	-4089.704143129122
577000	-3947.6215047824307
577500	-4030.2497006335734
578000	-4037.488433287194
578500	-3984.8452010082383
579000	-4207.058822018352
579500	-4001.6166333442925
580000	-4058.326773422244
580500	-4219.499426864554
581000	-4337.138622853856
581500	-4394.296384440573
582000	-4129.5680983099055
582500	-4113.039563887845
583000	-4110.053975854157
583500	-4012.1704845391564
584000	-3934.9469870278867
584500	-3974.6686051761703
585000	-4068.040373626486
585500	-4233.005155381367
586000	-4033.601571031192
586500	-4137.105751902776
587000	-4068.713112016337
587500	-4099.94624786637
588000	-4097.556776741355
588500	-4156.532683712206
589000	-4032.048506702661
589500	-4106.684211279512
590000	-3946.130683218556
590500	-3943.4267163428767
591000	-4003.167871459042
591500	-4024.0734842195234
592000	-4055.3838923108547
592500	-4243.2288797711935
593000	-4111.850192768986
593500	-4089.4380687187986
594000	-3953.76123090895
594500	-4141.241995050675
595000	-4053.3838707940417
595500	-4177.938182858093
596000	-4009.2467532215337
596500	-4007.172265242632
597000	-3980.229099040773
597500	-4038.8598433724696
598000	-4046.2093895767366
598500	-4110.586013786266
599000	-4392.577666194654
599500	-4503.9876293343705
600000	-4206.783287227069
600500	-4300.75068350188
601000	-4167.8188338643495
601500	-4211.267287015229
602000	-4210.085596912357
602500	-4285.755090482917
603000	-4191.086085382206
603500	-4278.52448793256
604000	-4273.180308125446
604500	-4220.022100239118
605000	-4211.649552097118
605500	-4104.348964533932
606000	-4127.743181370554
606500	-4140.478994198431
607000	-4156.361040132539
607500	-4290.072650580042
608000	-3987.291467822539
608500	-4632.548208418701
609000	-4132.081430383481
609500	-4264.487861889887
610000	-4256.946018329835
610500	-4001.6150008938066
611000	-4231.907302116404
611500	-4112.882293247536
612000	-4234.877812920139
612500	-4080.240915030313
613000	-4207.662988655962
613500	-4271.947635459658
614000	-4183.578353322814
614500	-4416.734327440535
615000	-4416.234970746438
615500	-4129.606890778663
616000	-4277.518690527374
616500	-4261.449124962426
617000	-4577.513739092233
617500	-4321.649188762925
618000	-4142.578250605126
618500	-4519.000267449236
619000	-4345.163961786871
619500	-4376.742726591201
620000	-4426.361563830279
620500	-4452.711017564511
621000	-4324.961989106766
621500	-4482.402028988378
622000	-4499.414443427349
622500	-4388.270315027407
623000	-4358.797128457702
623500	-4363.911723198936
624000	-4273.908422743544
624500	-4325.467792833126
625000	-4287.14559996372
625500	-4392.855095061031
626000	-4379.303780427192
626500	-4457.925532833007
627000	-4348.815536321164
627500	-4183.694133640883
628000	-4231.306272147443
628500	-4362.125011327108
629000	-4212.104262326129
629500	-4301.407321340874
630000	-4336.161585596563
630500	-4444.723099796303
631000	-4226.966647721032
631500	-4118.514714798832
632000	-4375.566108067889
632500	-4168.164588981737
633000	-4170.915455610374
633500	-4450.337264872983
634000	-4251.185599008483
634500	-4057.592157516073
635000	-4311.770116960506
635500	-4234.46049796331
636000	-4377.828445600249
636500	-4320.173853516401
637000	-4323.967330836539
637500	-4167.858037457991
638000	-4170.652244947445
638500	-4240.763318205573
639000	-4574.495239769862
639500	-4423.354866483525
640000	-4439.299331428503
640500	-4252.987085183287
641000	-4101.153080971025
641500	-4236.849793552977
642000	-4256.278537440095
642500	-4203.762236658634
643000	-4417.666267139008
643500	-4199.955724034219
644000	-4145.282096061318
644500	-4159.370247729494
645000	-4080.6036466265323
645500	-4118.017646051498
646000	-4074.22087036044
646500	-4086.135780943591
647000	-4276.263610470018
647500	-4244.145224301647
648000	-4267.876523204456
648500	-4388.466384826875
649000	-4377.390536145363
649500	-4159.601616513433
650000	-4306.961642652581
650500	-4275.438597072996
651000	-4232.065138592272
651500	-4187.334190338011
652000	-4408.270972463054
652500	-4189.295187180309
653000	-4423.679521896509
653500	-4298.356336504004
654000	-4421.611835303512
654500	-4504.625082888419
655000	-4225.982170812496
655500	-4381.877028936872
656000	-4321.788744367515
656500	-4256.887446361898
657000	-4301.131103988964
657500	-4485.408291934538
658000	-4329.126519860546
658500	-4268.0565230889915
659000	-4289.937638680036
659500	-4352.788585242941
660000	-4168.0453436809275
660500	-4496.774699544071
661000	-4269.035868487478
661500	-4293.63461437407
662000	-4584.307334436441
662500	-4373.816791060226
663000	-4322.330965143135
663500	-4323.06714447124
664000	-4624.4426994323185
664500	-4430.91488708633
665000	-4485.434554179016
665500	-4378.742750749337
666000	-4602.908875722918
666500	-4630.6668914985685
667000	-4674.9753140515095
667500	-4469.930053376851
668000	-4378.998361960026
668500	-4518.601404728539
669000	-4643.336910497733
669500	-4598.600138008769
670000	-4488.853235154281
670500	-4366.149674368345
671000	-4858.5011785780225
671500	-4691.902983726398
672000	-4106.071400756816
672500	-4189.154067252434
673000	-4104.436164001097
673500	-4219.185142597737
674000	-4235.855011774007
674500	-4145.182621330369
675000	-4208.673359842942
675500	-4398.599683762169
676000	-4215.599514152607
676500	-4289.63552767394
677000	-4096.006624300351
677500	-4102.7443841734985
678000	-4129.323202923151
678500	-4257.623457555885
679000	-4263.849437737898
679500	-4358.440070562019
680000	-4238.073848240175
680500	-4431.142357422611
681000	-4273.142673352486
681500	-4242.557447395836
682000	-4149.024260165807
682500	-4318.6174964169895
683000	-4152.284313690375
683500	-4271.962285585886
684000	-4165.807640177445
684500	-4186.314924854714
685000	-4248.239805096841
685500	-4278.612405766091
686000	-4236.9891511889855
686500	-4009.2607314287407
687000	-3999.8653272813385
687500	-4294.151820140585
688000	-4158.28361369583
688500	-4107.20927211003
689000	-4045.565944687001
689500	-4030.851905413291
690000	-4294.2988328554375
690500	-4064.4670100029334
691000	-4182.421637964504
691500	-4168.87194261194
692000	-4010.9064743739095
692500	-3986.9387709337425
693000	-4148.4546883313515
693500	-4018.1487812931496
694000	-4066.1244066974805
694500	-4042.0560272793828
695000	-4071.7842487560038
695500	-4132.823513080648
696000	-3941.0847236763484
696500	-4155.037158282307
697000	-4060.186238770578
697500	-4158.941785731342
698000	-4065.7233923548956
698500	-4163.272080481523
699000	-3934.3077028795874
699500	-4098.7190639741375
700000	-4084.333832491512
700500	-4071.509001613324
701000	-3981.7055174451766
701500	-4131.135702939776
702000	-4299.080620914076
702500	-4230.746859284665
703000	-4167.142255924391
703500	-4190.860189476001
704000	-4358.388860124374
704500	-4292.448277693249
705000	-4133.047445320596
705500	-4091.8554823137074
706000	-4049.3304466416057
706500	-4276.519671624008
707000	-4213.067405818294
707500	-4172.95483664902
708000	-4410.7963586013075
708500	-4078.042191027253
709000	-4126.299955853092
709500	-4238.143572094742
710000	-4011.1565297817083
710500	-4073.1859988471506
711000	-4013.7965130932907
711500	-4053.3493187684144
712000	-4103.071004435563
712500	-4125.728233237536
713000	-4360.279833075587
713500	-4318.583219424331
714000	-4166.52185980502
714500	-4213.981364136858
715000	-4197.5346863659215
715500	-4124.9709059253255
716000	-4537.179299703655
716500	-4153.9274899393595
717000	-4073.4169180312815
717500	-4361.441226216335
718000	-4283.169846026812
718500	-4209.218787784284
719000	-4183.949262824416
719500	-4138.780732230134
720000	-4235.7968531071065
720500	-4348.406758114452
721000	-4111.748051263635
721500	-4316.404414623448
722000	-4239.087433394722
722500	-4289.080676280936
723000	-4096.795165730733
723500	-4255.048818622858
724000	-4117.334219965056
724500	-4157.234991897468
725000	-4266.3118757159555
725500	-4189.474222594867
726000	-4165.292869282154
726500	-4292.7793000913425
727000	-4057.397267386238
727500	-4173.962617763416
728000	-4027.362933803957
728500	-4069.7399002876427
729000	-3934.7767353596337
729500	-4051.9173095917654
730000	-3990.9870154500895
730500	-3959.656827764177
731000	-4292.00152477644
731500	-4160.359299547068
732000	-4179.968549715483
732500	-4207.514242426047
733000	-4126.062549614697
733500	-4100.7465996856145
734000	-4137.609950216972
734500	-4172.6026638183275
735000	-4171.959028023388
735500	-4197.349262631733
736000	-4380.264602128657
736500	-4348.364947879969
737000	-4316.05023024935
737500	-4325.781607824952
738000	-4361.07484337369
738500	-4284.171449943192
739000	-4285.324943982915
739500	-4184.606155794158
740000	-4271.395670342812
740500	-4102.306045675088
741000	-4200.955069624129
741500	-4306.116703327292
742000	-4094.7070078640604
742500	-4187.16081501714
743000	-4263.684945585055
743500	-4239.289758711548
744000	-4318.935617672378
744500	-4332.476860208743
745000	-4134.179433667024
745500	-4244.851836004791
746000	-4167.148898262653
746500	-4184.067835358679
747000	-4324.79946906193
747500	-4196.070848012844
748000	-4127.430880581931
748500	-4331.406949947009
749000	-4421.676179242237
749500	-4081.1085764110744
750000	-4170.680567308547
750500	-4045.508503522362
751000	-4344.02766087749
751500	-4132.575110404387
752000	-3973.788462575608
752500	-4369.8196994062655
753000	-4290.5684525379165
753500	-4180.1723634407
754000	-4402.835454252883
754500	-4279.813529761235
755000	-4412.0455262088035
755500	-4011.182225044973
756000	-4133.760916820364
756500	-4102.9765779796735
757000	-4334.7034719674175
757500	-4144.753780877549
758000	-4364.6926805535795
758500	-4099.7030146178395
759000	-4009.8877656020463
759500	-4093.1362360535054
760000	-4171.148838540452
760500	-4219.6932912783395
761000	-3918.4107352089313
761500	-4064.2829287390937
762000	-4099.8554426546925
762500	-4226.023673264014
763000	-4192.7157529517035
763500	-4146.46347239199
764000	-4376.0173695769
764500	-4067.0246634423424
765000	-3972.169679533771
765500	-3925.2548048756003
766000	-4158.419069979216
766500	-3958.858887575158
767000	-3965.948947340861
767500	-4047.376570059239
768000	-4149.687260802086
768500	-4093.985168005906
769000	-4055.2915410741875
769500	-4152.030120415401
770000	-4297.571981062059
770500	-4080.404088472026
771000	-4222.289611375723
771500	-4087.606244952011
772000	-4126.917791935363
772500	-4137.05004228929
773000	-4130.6516842257315
773500	-4123.185855475308
774000	-4207.183796274161
774500	-4312.085271843797
775000	-4155.832471642586
775500	-4241.086950404472
776000	-4235.999370089608
776500	-4268.603118140835
777000	-4267.059228471348
777500	-4186.113629448094
778000	-4255.9648806311425
778500	-4485.861800397218
779000	-4218.035438205173
779500	-4269.65988499144
780000	-4231.534086994369
780500	-4344.050686529488
781000	-4118.843697795262
781500	-4270.586691492941
782000	-4454.547478674446
782500	-4369.9953078954595
783000	-4138.582097003094
783500	-4194.063158259685
784000	-4270.490970636015
784500	-4024.1957446360807
785000	-4038.1192846770573
785500	-4112.648136229257
786000	-4063.892907061191
786500	-4023.552558077941
787000	-4067.967781769898
787500	-4122.225405282615
788000	-4180.830080798823
788500	-4181.283352670511
789000	-3966.652120241079
789500	-3983.935816742008
790000	-3941.27409039664
790500	-4281.383746940331
791000	-4122.947677420232
791500	-3939.6534249281544
792000	-4213.48231593613
792500	-3919.9034324235195
793000	-4050.21561074078
793500	-4005.260409123479
794000	-3940.1157584404837
794500	-4100.426820710591
795000	-3958.498825638476
795500	-4035.989193326061
796000	-4028.292361097825
796500	-3992.6286463297342
797000	-4065.3955268854234
797500	-4167.140072204791
798000	-4141.147098722033
798500	-4082.5113358775347
799000	-4177.833018989711
799500	-4194.707238435873
800000	-4085.4193489699096
800500	-4303.322097064109
801000	-4065.381621060334
801500	-3943.8741379771495
802000	-4161.7986488523575
802500	-4218.607585610029
803000	-4360.3357590853675
803500	-4090.913655461837
804000	-4060.0896430320327
804500	-4515.506135884783
805000	-4128.924303847369
805500	-4072.9876875709047
806000	-4137.672558102897
806500	-4397.69007500852
807000	-4390.42364207431
807500	-4567.5163125215395
808000	-4199.594913624433
808500	-4354.870130312226
809000	-4205.9837642431685
809500	-4037.7106078546663
810000	-4089.0098841866197
810500	-4129.9818722942255
811000	-4022.1366329160255
811500	-4207.532310237583
812000	-4275.274763558125
812500	-4176.203459330656
813000	-4145.3940114084235
813500	-4206.9159173007365
814000	-4253.431210393464
814500	-4056.100182729762
815000	-4299.064956719553
815500	-4364.8214880910255
816000	-4268.96810883196
816500	-4240.053131203067
817000	-4088.0439370170216
817500	-4002.9066672955005
818000	-4034.75227522589
818500	-4155.219795805231
819000	-4264.633055464551
819500	-4030.9006088536903
820000	-4155.668231332792
820500	-4140.361101227444
821000	-4238.765481843576
821500	-4299.564955784924
822000	-4101.2202128353265
822500	-4035.0168708765145
823000	-4388.892651812684
823500	-4291.826341262181
824000	-4435.909756957276
824500	-4436.216615812411
825000	-4348.0948713841435
825500	-4373.229242178886
826000	-4417.204998340813
826500	-4341.74872031783
827000	-4243.255660435955
827500	-4131.934886989591
828000	-4332.988348074829
828500	-4204.36960116168
829000	-4259.987868541886
829500	-4185.058074469664
830000	-4088.357058643441
830500	-4132.8423507710395
831000	-4177.6329365268475
831500	-4302.844532270047
832000	-4319.485873191104
832500	-4295.48256787131
833000	-4256.437123480842
833500	-4336.682093677545
834000	-4266.388368202446
834500	-4177.733733360925
835000	-4166.4003104889935
835500	-4212.279662680635
836000	-4137.539005274435
836500	-4091.6946095787903
837000	-3921.0184401809274
837500	-4160.040891692848
838000	-4204.18023451802
838500	-4196.534249924479
839000	-4073.767467146363
839500	-4091.0086590046412
840000	-4073.161658832492
840500	-4022.7411635195876
841000	-4269.125859844627
841500	-4102.209893637308
842000	-4111.922967724426
842500	-4062.598226290411
843000	-4003.8335700383477
843500	-3929.684304050293
844000	-4064.0335148458366
844500	-4090.7550052414535
845000	-3917.6204664285415
845500	-4233.526735100477
846000	-4174.586728278364
846500	-4439.386758382596
847000	-4085.3567687695563
847500	-4121.488080994062
848000	-4148.233428637182
848500	-4010.373270514096
849000	-4187.702883721366
849500	-4192.715963777666
850000	-4256.988126630714
850500	-4218.813259226165
851000	-4206.725764418458
851500	-4414.590385660409
852000	-4223.550648155693
852500	-4168.6293602957185
853000	-4137.0072092138
853500	-4176.358002810436
854000	-4241.184836916803
854500	-4170.882459744671
855000	-4054.3319919595992
855500	-4128.3991981402305
856000	-4393.720379629807
856500	-4260.81603658195
857000	-4162.495052386465
857500	-4329.345114062285
858000	-4218.192671459434
858500	-4452.809889994324
859000	-4291.217658644431
859500	-4476.937340842136
860000	-4312.939505751707
860500	-4392.900906462598
861000	-4392.2741660967995
861500	-4180.009969577093
862000	-4243.185662930302
862500	-4108.145384584475
863000	-4407.720063186569
863500	-4220.93772050507
864000	-4101.06575723958
864500	-4173.530537561491
865000	-4314.038591682928
865500	-4412.645631348624
866000	-4230.269600972427
866500	-4392.19641728094
867000	-4372.933407514511
867500	-4027.069159466303
868000	-4174.249131545394
868500	-4234.348695239751
869000	-5072.899411630475
869500	-4047.8201784127355
870000	-4068.095423861928
870500	-4016.876421903094
871000	-4184.225405513084
871500	-4137.055692141978
872000	-4116.632250064539
872500	-4023.840277351601
873000	-3969.3834329924625
873500	-4215.74300308849
874000	-4409.983224788099
874500	-4155.006085340907
875000	-4114.070193585771
875500	-4180.185143274885
876000	-4167.52569377257
876500	-4150.983312721169
877000	-4187.306199550518
877500	-4135.249492593829
878000	-4122.131589389737
878500	-4177.647322506022
879000	-4302.86685328218
879500	-4236.0997436489615
880000	-4098.849803864639
880500	-4102.943125318558
881000	-4306.915889627662
881500	-4363.56076206346
882000	-4177.556332803689
882500	-4424.535698311618
883000	-4071.2564049389503
883500	-4111.704904174839
884000	-4127.895285067498
884500	-4115.066588990458
885000	-4029.9318042333257
885500	-4074.1181571317397
886000	-4053.0316345914193
886500	-4067.747320654237
887000	-4211.200593603129
887500	-4140.249054039935
888000	-4292.275100889214
888500	-4177.386673597915
889000	-4091.2057846972602
889500	-4139.194497033122
890000	-4068.778453264559
890500	-4023.1522497323976
891000	-4071.633195642469
891500	-3966.6064270143247
892000	-3980.713800431978
892500	-4024.9414726922946
893000	-4063.734892458712
893500	-4077.2640811467295
894000	-3933.646364517156
894500	-3971.589319425398
895000	-4013.15664415719
895500	-3862.448558761568
896000	-4150.777869135526
896500	-4001.365710019589
897000	-4299.487410250576
897500	-4030.037840279267
898000	-4075.955404411204
898500	-4296.866525588884
899000	-3948.65890057777
899500	-4177.179510423822
900000	-4175.787568626456
900500	-4163.9256266018565
901000	-4224.969616296386
901500	-4142.950759748162
902000	-4130.0126222362915
902500	-4061.6065495730318
903000	-4025.5004972029283
903500	-4225.380898213073
904000	-4277.352852042675
904500	-4479.355473253929
905000	-4198.781868976064
905500	-4077.134831508084
906000	-4173.735673753344
906500	-4037.141259279396
907000	-4235.904194501893
907500	-4351.884672720422
908000	-4162.386952372045
908500	-4213.140001966745
909000	-4389.533594667786
909500	-4190.227130596615
910000	-4247.592458912822
910500	-4146.947530857827
911000	-4390.952417074465
911500	-4157.863977756067
912000	-4123.8591485841125
912500	-4317.989644951575
913000	-4244.79935831897
913500	-4379.532916912113
914000	-4345.888548428131
914500	-4162.065910190831
915000	-4098.956930949426
915500	-4166.47502104634
916000	-4205.801618636964
916500	-4045.784702348368
917000	-4269.294703648883
917500	-4239.445339345591
918000	-4192.28702463839
918500	-3977.8911704850852
919000	-4206.689436149594
919500	-4072.2118790105665
920000	-4363.020215984188
920500	-4293.266475348199
921000	-4169.901060575822
921500	-4204.658382667048
922000	-4310.157107992088
922500	-4141.963165005619
923000	-4108.404101133318
923500	-4154.8305949497335
924000	-4139.829052866191
924500	-4324.29113562634
925000	-4158.302315685853
925500	-4187.327700926267
926000	-4131.1610039255
926500	-4142.305565706451
927000	-4075.006764879909
927500	-4011.7739490904473
928000	-4076.6233972206014
928500	-4310.614801419763
929000	-4178.528600067999
929500	-4504.190138075549
930000	-4347.2202384496895
930500	-4431.19409336642
931000	-4684.728392970166
931500	-4408.202484143964
932000	-4489.8735326962915
932500	-4363.480526855334
933000	-4371.846365686617
933500	-4267.808847205166
934000	-4287.241908094287
934500	-4317.090415949171
935000	-4247.91999071975
935500	-4238.956460976468
936000	-4288.0145856807485
936500	-4262.915036957898
937000	-4318.843357086487
937500	-4420.074622392835
938000	-4183.00194620222
938500	-4157.397628563631
939000	-4338.314382128454
939500	-4202.041829269857
940000	-4169.27465617937
940500	-4168.030819302258
941000	-4156.569918674001
941500	-4179.210877877498
942000	-4373.049124717458
942500	-4276.384301363769
943000	-4306.246059360319
943500	-4386.564181583379
944000	-4269.114563307014
944500	-4292.499478239208
945000	-4164.468850909454
945500	-4107.478844819677
946000	-4251.001363117339
946500	-4199.314266325048
947000	-4142.419715123148
947500	-4036.4627856561697
948000	-4180.803570798115
948500	-4331.27850929644
949000	-4055.0811942371206
949500	-4278.6335860245235
950000	-4217.5122609204345
950500	-4363.564366140675
951000	-4219.3844141950785
951500	-4262.509662133609
952000	-4259.863585869904
952500	-4164.630615863989
953000	-4085.400143778273
953500	-4041.3266446157377
954000	-4134.656035983686
954500	-4172.280555722606
955000	-4097.484432555234
955500	-4089.717263419591
956000	-4192.82217636439
956500	-4111.991305094872
957000	-4285.758740423998
957500	-4295.44481498859
958000	-4117.7330928206175
958500	-4092.9396107155894
959000	-4111.12145662525
959500	-3980.641850791401
960000	-4165.239422707097
960500	-4174.741288829172
961000	-4045.134387825486
961500	-4221.787255906137
962000	-4110.364579092317
962500	-4317.384252900784
963000	-4228.6158754885655
963500	-4090.9571948973644
964000	-4117.80953100729
964500	-4238.258088474498
965000	-4168.999261554028
965500	-4082.742391452751
966000	-4182.629502636392
966500	-4252.451720476346
967000	-4439.13939648318
967500	-4679.519168975917
968000	-4677.319003043567
968500	-4667.3267852788185
969000	-4928.50714403708
969500	-4793.957672404831
970000	-4784.708995856508
970500	-4495.656955903483
971000	-4342.231885890926
971500	-4517.08018458555
972000	-4477.398183685684
972500	-4573.535165166548
973000	-4231.39691064166
973500	-4398.906602704879
974000	-4607.039882407434
974500	-4562.757253804304
975000	-4176.219498084587
975500	-4105.906030656242
976000	-4250.983689980428
976500	-4430.044972584625
977000	-4185.29875809669
977500	-4309.779361542987
978000	-4153.331026814216
978500	-4534.527555565898
979000	-4536.814318804033
979500	-4473.957007743767
980000	-4535.555746797597
980500	-4376.977587380583
981000	-4473.874807394651
981500	-4462.758693253579
982000	-4581.223777061238
982500	-4483.256427622396
983000	-4426.031038008069
983500	-4346.1462763544605
984000	-4337.231740919526
984500	-4452.093021574052
985000	-4245.261745792175
985500	-4331.169672902603
986000	-4317.93113276879
986500	-4242.97168336274
987000	-4209.768404258804
987500	-4087.627784093562
988000	-4223.938856609809
988500	-4150.395477476667
989000	-4192.501547748514
989500	-4237.05259228617
990000	-4316.86226104502
990500	-4400.464481306959
991000	-4041.0821386992843
991500	-4228.206507118774
992000	-4261.7508135599755
992500	-4200.378503555125
993000	-4167.357900285617
993500	-4193.926619910743
994000	-4409.556090273198
994500	-4272.699811309615
995000	-4387.265845054049
995500	-4179.175223631837
996000	-4097.420763024034
996500	-4085.125627639173
997000	-4200.409965025759
997500	-4100.507079669041
998000	-4099.210475163515
998500	-4276.488580154614
999000	-4201.168683129357
999500	-4276.9620997347565
1000000	-4364.0562850716715
1000500	-4651.505606069228
1001000	-4413.765281752643
1001500	-4260.080474833004
1002000	-4196.713439698035
1002500	-4206.086310614635
1003000	-4123.190604915422
1003500	-4257.809904489312
1004000	-4365.925141224749
1004500	-4501.975440696615
1005000	-4106.083983302195
1005500	-4151.934750446627
1006000	-4209.034808157794
1006500	-4281.257583253008
1007000	-4176.980928146533
1007500	-4176.310864793759
1008000	-4222.0270666662
1008500	-4150.773923629688
1009000	-4300.90844067101
1009500	-4152.024676448321
1010000	-4150.967765026229
1010500	-4319.3274400994405
1011000	-4170.51560377633
1011500	-4161.01889132947
1012000	-4385.428729652498
1012500	-4206.03148230463
1013000	-4080.6313199677043
1013500	-4235.34045742945
1014000	-4247.537286440649
1014500	-4192.22851900339
1015000	-4326.820021313871
1015500	-4264.793028851223
1016000	-4226.968724082073
1016500	-4512.908739668646
1017000	-4625.286104325636
1017500	-4328.4155048877155
1018000	-4109.784147559536
1018500	-4370.011789147777
1019000	-4162.0787677536
1019500	-4240.219020352529
1020000	-4105.798691803277
1020500	-4206.024755396126
1021000	-4467.242923976031
1021500	-4581.021513473218
1022000	-4518.649246866245
1022500	-4302.643258696661
1023000	-4195.516664297474
1023500	-4144.841621268413
1024000	-4020.6170617469043
1024500	-4174.855596059772
1025000	-4228.755158946492
1025500	-4241.526503434705
1026000	-4282.075741529574
1026500	-4097.790477994807
1027000	-4146.388408448277
1027500	-4122.9605785345075
1028000	-4301.191104735818
1028500	-4377.331543445153
1029000	-4082.0975117128764
1029500	-4201.995742797775
1030000	-4104.225944137341
1030500	-4499.7935472814115
1031000	-4357.051217135629
1031500	-4185.0336129777825
1032000	-4447.738627407596
1032500	-4274.800667915632
1033000	-4211.375823905502
1033500	-4271.572897041684
1034000	-4414.2388795218085
1034500	-4420.368119664483
1035000	-4272.464955289561
1035500	-4440.4412688455095
1036000	-4124.747116098483
1036500	-4209.8247585304525
1037000	-4322.509232464573
1037500	-4085.5865737978115
1038000	-4657.309366506819
1038500	-4163.292755624808
1039000	-4307.263621770928
1039500	-4378.224587767922
1040000	-4206.432010289865
1040500	-4194.26449583802
1041000	-4100.186417134698
1041500	-4151.71323538508
1042000	-4300.593592937726
1042500	-4040.8501780235206
1043000	-4017.907709013836
1043500	-4105.410884564094
1044000	-4013.41067732089
1044500	-4294.09770761534
1045000	-4222.461781982037
1045500	-4185.3780689717905
1046000	-4185.711221213677
1046500	-4027.3957632342626
1047000	-4124.998443199826
1047500	-4105.1491846086055
1048000	-4113.37379626719
1048500	-4237.838158862721
1049000	-4220.603989871061
1049500	-4195.419100623186
1050000	-4398.664882239507
1050500	-4493.462399438821
1051000	-4383.232974798631
1051500	-4609.588537097639
1052000	-4440.936289884094
1052500	-4222.908981758283
1053000	-4252.943008115608
1053500	-4288.430151994528
1054000	-4114.057153567298
1054500	-4307.609759536001
1055000	-4232.9120164824535
1055500	-4340.475651575746
1056000	-4220.36931208934
1056500	-4262.068750595402
1057000	-4489.593406713881
1057500	-4303.94193132795
1058000	-4128.27134791796
1058500	-4425.871487224517
1059000	-4183.211431586441
1059500	-4041.9762945766674
1060000	-4244.96172741133
1060500	-4262.4844756978055
1061000	-4383.424729425451
1061500	-4398.0916805025645
1062000	-4372.351746792906
1062500	-4182.1173451854465
1063000	-4054.024397479225
1063500	-4182.532851321816
1064000	-4205.85151269517
1064500	-4301.2277922549265
1065000	-4113.790721661219
1065500	-4087.8597720128087
1066000	-4131.448704017102
1066500	-4104.951460196767
1067000	-4160.751011467403
1067500	-4132.396854914014
1068000	-4131.681996449492
1068500	-4272.463710503665
1069000	-4190.209414666986
1069500	-4289.739545089316
1070000	-4248.191944399018
1070500	-4531.29906233921
1071000	-4234.959661488897
1071500	-4398.372043172735
1072000	-4040.0854659588235
1072500	-4155.202449973401
1073000	-4178.048589340406
1073500	-4261.002305905783
1074000	-4295.791550868058
1074500	-4424.098121914233
1075000	-4212.223015537303
1075500	-4152.343781054409
1076000	-4184.787785512339
1076500	-4170.38684229344
1077000	-4223.124223720252
1077500	-4483.007069951791
1078000	-4480.5582323752915
1078500	-4359.72040776471
1079000	-4139.395965295005
1079500	-4228.725162519606
1080000	-4092.692534524143
1080500	-4335.6936655138625
1081000	-4265.746839982574
1081500	-4454.0761695911715
1082000	-4211.488763102681
1082500	-4218.814930274525
1083000	-4042.0439062680225
1083500	-4113.729661862707
1084000	-4145.201490161069
1084500	-4188.082517940296
1085000	-4369.161807931974
1085500	-4204.1287469017025
1086000	-4113.225640640701
1086500	-4167.077777660119
1087000	-4163.386103669793
1087500	-4349.872526921134
1088000	-4276.2983811228305
1088500	-4240.415599473303
1089000	-4451.677262417205
1089500	-4553.819866994207
1090000	-4321.782475285931
1090500	-4276.894620434661
1091000	-4391.811453682707
1091500	-4532.89682159628
1092000	-4578.867025457164
1092500	-4429.674581701001
1093000	-4427.641367862151
1093500	-4659.556596742563
1094000	-4260.08351500766
1094500	-4479.144639112916
1095000	-4513.720246777798
1095500	-4767.77929139063
1096000	-4702.597925830028
1096500	-4601.283758735495
1097000	-4411.942199872057
1097500	-4122.842226325104
1098000	-4324.545310766036
1098500	-4208.592507948315
1099000	-4448.696018383102
1099500	-4331.522125515084
1100000	-4329.86436387675
1100500	-4359.053514073673
1101000	-4469.939768747289
1101500	-4262.883690442747
1102000	-4884.342518992883
1102500	-4371.062655287074
1103000	-4421.93112372529
1103500	-4470.854259276115
1104000	-4177.639992417789
1104500	-4482.332030686041
1105000	-4398.098293703555
1105500	-4829.5405399558085
1106000	-4470.580049397969
1106500	-4208.51266980447
1107000	-4524.391761166482
1107500	-4254.988941238901
1108000	-4285.021462609174
1108500	-4401.553138211219
1109000	-4401.691101141779
1109500	-4523.556101510677
1110000	-4132.674068054926
1110500	-4321.1200254695395
1111000	-4344.998266780085
1111500	-4515.364561296356
1112000	-4436.223757528292
1112500	-4551.1884118008
1113000	-4380.54977641533
1113500	-4472.846091777503
1114000	-4317.753970207326
1114500	-4340.911000042351
1115000	-4181.725478072934
1115500	-4167.582766605667
1116000	-4202.4259193172575
1116500	-4274.830367850182
1117000	-4263.644372919431
1117500	-4142.071035074391
1118000	-4351.738332139435
1118500	-4042.530217137537
1119000	-3941.051206027343
1119500	-4385.6180398987
1120000	-4005.1756961549618
1120500	-4346.958492585043
1121000	-4364.460998708502
1121500	-4101.507868908433
1122000	-4253.991777020471
1122500	-4195.057140418731
1123000	-4071.5827919380376
1123500	-4124.714903001719
1124000	-4295.136658115144
1124500	-4388.784098644009
1125000	-4204.199776490269
1125500	-4040.336135206957
1126000	-4407.996778237819
1126500	-4107.236000474119
1127000	-4182.640329847062
1127500	-4218.564314194679
1128000	-4151.340769223304
1128500	-4202.449634833683
1129000	-4088.6385674869184
1129500	-4092.203955456229
1130000	-4220.370625086151
1130500	-4244.327012072756
1131000	-4171.600871505279
1131500	-4198.280684468857
1132000	-4426.001624753988
1132500	-4318.689168922998
1133000	-4287.213033555371
1133500	-4214.8846479910035
1134000	-4137.628511401211
1134500	-4251.7622496884715
1135000	-4189.6814604186875
1135500	-4317.384854308469
1136000	-4146.176329845958
1136500	-4265.593686563664
1137000	-4245.774647750014
1137500	-4339.5771863480595
1138000	-4424.240507938065
1138500	-4568.695197946789
1139000	-4452.620717291407
1139500	-4456.034153685611
1140000	-4739.383285372241
1140500	-4437.2985507722715
1141000	-4285.874542959438
1141500	-4413.189973946554
1142000	-4141.171612362533
1142500	-4206.524124957624
1143000	-4462.006607579867
1143500	-4530.511558685721
1144000	-4198.975823719287
1144500	-4329.481279852496
1145000	-4166.232606891823
1145500	-4428.436507896065
1146000	-4248.752349998811
1146500	-4302.686074743589
1147000	-4182.491273288401
1147500	-4051.275343288418
1148000	-4220.86561803982
1148500	-4134.91867425682
1149000	-4186.394089864535
1149500	-4076.9769833291966
1150000	-4169.122728541011
1150500	-4263.048572288772
1151000	-4118.944477664637
1151500	-4138.309468304896
1152000	-4110.6331120341165
1152500	-4178.500927346876
1153000	-4142.825298424221
1153500	-4310.722620504733
1154000	-4125.667606176921
1154500	-4283.760901909323
1155000	-4284.592848945751
1155500	-4411.568866759776
1156000	-4348.608778770646
1156500	-4397.335226521921
1157000	-4157.724279502253
1157500	-4155.562025284772
1158000	-4202.311025998564
1158500	-4407.169957449397
1159000	-4577.7366101284815
1159500	-4316.07017856509
1160000	-4570.84139778756
1160500	-4551.908476032842
1161000	-4331.523546845366
1161500	-4303.931461898278
1162000	-4806.940167415152
1162500	-4192.837382990215
1163000	-4431.3732375160025
1163500	-4205.423940322356
1164000	-4185.957687383758
1164500	-4162.63151267116
1165000	-4282.868760895004
1165500	-4314.1188156646695
1166000	-4184.895781168705
1166500	-4200.5967487838725
1167000	-4177.226299408967
1167500	-4155.840766650498
1168000	-4300.640474830323
1168500	-4329.03117688049
1169000	-4067.318850671732
1169500	-4373.955234002744
1170000	-4143.764218774892
1170500	-4252.248440696404
1171000	-4315.923857522847
1171500	-4085.756329366127
1172000	-4153.497170617878
1172500	-4118.35321538258
1173000	-4165.792062597424
1173500	-4631.4506965900855
1174000	-4146.182377329946
1174500	-4393.696738263856
1175000	-4280.572562753009
1175500	-4042.8055542335605
1176000	-4087.484002081465
1176500	-4005.8320465378506
1177000	-4086.3682257239866
1177500	-4175.483384678895
1178000	-4065.522642950559
1178500	-4083.4249731365217
1179000	-4102.307119074488
1179500	-3975.538663887088
1180000	-4103.627676783327
1180500	-4061.4693568832804
1181000	-4177.420188269638
1181500	-4129.036861171521
1182000	-4091.7728540796415
1182500	-4173.967575287902
1183000	-4310.554568607102
1183500	-4343.287017780918
1184000	-4341.879518233034
1184500	-4158.223128261719
1185000	-4170.03925262844
1185500	-4087.106479550339
1186000	-4216.102129995268
1186500	-4258.448424587054
1187000	-4387.077962051656
1187500	-4218.644776186589
1188000	-4134.6738112441235
1188500	-4024.6303350993094
1189000	-4133.70702774707
1189500	-4237.538617612063
1190000	-4253.021839753264
1190500	-4274.638840642222
1191000	-4278.294664819899
1191500	-4217.885817063468
1192000	-4213.620700288602
1192500	-4011.4162550499595
1193000	-3988.9455271622464
1193500	-4010.7978467458856
1194000	-4090.7494919081423
1194500	-4200.045489196702
1195000	-4190.019317924131
1195500	-4060.4594481085264
1196000	-4135.069589183939
1196500	-4014.527144781434
1197000	-4120.398776786948
1197500	-4257.81380367912
1198000	-4216.639578979878
1198500	-4172.135985501646
1199000	-4071.229427335679
1199500	-4028.2985795780696
1200000	-4062.538251621754
1200500	-4022.8241293043516
1201000	-4162.165128628268
1201500	-4107.754370484357
1202000	-4197.6403582670255
1202500	-4363.124430865733
1203000	-4198.07515716941
1203500	-3981.9407936752586
1204000	-3977.140966730195
1204500	-4031.294565282812
1205000	-4128.481160404624
1205500	-4342.0085488558
1206000	-4193.148139827136
1206500	-4380.21727720196
1207000	-4107.866980352663
1207500	-4253.421854709611
1208000	-4234.005525422136
1208500	-4149.940736739466
1209000	-4279.21997793156
1209500	-4344.39814032124
1210000	-4418.184596483334
1210500	-4168.346088215693
1211000	-4413.172875727258
1211500	-4303.95888821813
1212000	-4327.012039765698
1212500	-4228.640824700896
1213000	-4424.941876655082
1213500	-4281.601260889182
1214000	-4512.67225555525
1214500	-4433.637775166302
1215000	-4358.1768451431535
1215500	-4141.7472439086605
1216000	-4702.568350539204
1216500	-4258.123141828257
1217000	-4335.237067939454
1217500	-4133.139014339891
1218000	-4178.413406464449
1218500	-4262.239916000091
1219000	-4188.279606208858
1219500	-4157.850005517883
1220000	-4270.84833920257
1220500	-4106.981759194957
1221000	-4200.7915489300985
1221500	-4121.441016760468
1222000	-4145.484604427636
1222500	-4316.751444545505
1223000	-4159.6185730356165
1223500	-4080.841974550776
1224000	-4101.770061060766
1224500	-4382.023306184977
1225000	-4142.271024187556
1225500	-4160.796491321179
1226000	-4137.754308077344
1226500	-4320.842315657738
1227000	-4114.234306572275
1227500	-4243.126956958213
1228000	-4327.504181885793
1228500	-4056.811676871896
1229000	-4242.1964186161995
1229500	-4111.6862868822645
1230000	-4148.242985212362
1230500	-4242.658702727207
1231000	-4286.693273878327
1231500	-4112.486673325189
1232000	-4152.84264353075
1232500	-4087.7296203464525
1233000	-4032.464759105237
1233500	-3934.251417486695
1234000	-4256.372932017361
1234500	-4135.367900782464
1235000	-4248.18395276834
1235500	-4418.485533991835
1236000	-4428.368448957406
1236500	-4401.429413740267
1237000	-4303.997612591522
1237500	-4015.8879595710096
1238000	-4236.292504895927
1238500	-4083.360515208856
1239000	-3957.214039422427
1239500	-4220.899440673233
1240000	-4156.102164867405
1240500	-4098.129055707885
1241000	-4113.308891460543
1241500	-4159.0349357071955
1242000	-4006.8600209116316
1242500	-4163.646789281313
1243000	-4091.8077401105215
1243500	-4267.297240566463
1244000	-4051.710557136107
1244500	-4162.423642655109
1245000	-4403.182493154989
1245500	-4083.208043953096
1246000	-4196.525367619943
1246500	-4275.569371945577
1247000	-4351.1464963138915
1247500	-4358.3585910859565
1248000	-4542.789893077928
1248500	-4252.859406809128
1249000	-4135.191104387777
1249500	-4085.1968054677136
1250000	-4058.812220357011
1250500	-4048.647475018783
1251000	-4189.297709813455
1251500	-4272.751301617814
1252000	-4190.871746714867
1252500	-4207.637607479461
1253000	-4079.126747465998
1253500	-4117.442881628371
1254000	-4204.311125298361
1254500	-4138.438664472942
1255000	-4115.2593970873295
1255500	-4141.321501400868
1256000	-4317.117267776118
1256500	-4141.681450080751
1257000	-4369.459639706412
1257500	-4300.322270274688
1258000	-4363.3965292720095
1258500	-4198.483706924869
1259000	-4108.470488786496
1259500	-4165.641016808946
1260000	-4263.321482943499
1260500	-4167.212978880317
1261000	-4275.825697012904
1261500	-4195.2688736804785
1262000	-4117.5242466153795
1262500	-4347.581811131096
1263000	-4236.355664881094
1263500	-4090.7929558055075
1264000	-4065.374224968779
1264500	-4065.128293000428
1265000	-3985.0203665995805
1265500	-4077.8890880448403
1266000	-4119.145321206417
1266500	-4102.472541437146
1267000	-4109.245503727826
1267500	-4032.527555515198
1268000	-4079.7627729094274
1268500	-4075.6302176128506
1269000	-4114.224829804299
1269500	-4288.265260088718
1270000	-4276.038951578359
1270500	-4356.569634349379
1271000	-4215.406937566801
1271500	-4204.032920403189
1272000	-4088.6451560736305
1272500	-4057.2958539291794
1273000	-4016.562817746808
1273500	-3899.447301257227
1274000	-3970.395507437015
1274500	-4001.2493802943445
1275000	-3976.126789702788
1275500	-4196.981278795265
1276000	-3991.434839327559
1276500	-4224.694319947002
1277000	-4028.055533270829
1277500	-4039.595444095431
1278000	-4047.7707023891057
1278500	-3905.828858255304
1279000	-3812.53651041628
1279500	-4050.7540173533503
1280000	-4037.1190896761905
1280500	-4209.5853844409185
1281000	-4012.3689013850953
1281500	-3972.541952944317
1282000	-3949.4783684339495
1282500	-3867.069906041297
1283000	-4157.750862977916
1283500	-4024.5930296162355
1284000	-4115.980842054698
1284500	-4067.8699426124044
1285000	-4126.689058937812
1285500	-4101.809107576338
1286000	-4050.4079393989987
1286500	-4151.644658735985
1287000	-4244.547202188726
1287500	-4189.456241375968
1288000	-4017.528074689834
1288500	-3974.380945449014
1289000	-4148.6363076352
1289500	-4195.7185976818155
1290000	-4146.124940156655
1290500	-4279.473286491797
1291000	-4158.6416675499495
1291500	-4063.7262711997178
1292000	-4033.8342798904805
1292500	-4327.40456711999
1293000	-4340.875040329118
1293500	-4332.121948574801
1294000	-4183.972423865441
1294500	-4309.151555820536
1295000	-4280.767811933472
1295500	-4540.096428948859
1296000	-4393.858237515879
1296500	-4385.324213235298
1297000	-4296.0602566868065
1297500	-4317.102587023471
1298000	-4182.123433816891
1298500	-4265.04418468376
1299000	-4816.828496420413
1299500	-4458.12899830026
1300000	-4318.346789301021
1300500	-4296.944933121843
1301000	-4333.734010025065
1301500	-4237.21166569425
1302000	-4350.265471324966
1302500	-4200.4232430255615
1303000	-4296.492709272553
1303500	-4272.010737614594
1304000	-4391.2781405660335
1304500	-4317.399262602226
1305000	-4376.748845851748
1305500	-4326.544848986958
1306000	-4164.510857807615
1306500	-4192.329392705455
1307000	-4115.98768642944
1307500	-4219.816156640419
1308000	-4060.41243913885
1308500	-4191.37608010945
1309000	-4252.293149900001
1309500	-4284.179964526753
1310000	-4405.211383869188
1310500	-4671.202320081033
1311000	-4360.396578381419
1311500	-4517.118388486749
1312000	-4534.282628939719
1312500	-4379.700873353686
1313000	-4314.814309813657
1313500	-4179.164268836328
1314000	-4185.07769306676
1314500	-4233.404679857626
1315000	-4209.571860526759
1315500	-4212.102421394357
1316000	-4226.937537716251
1316500	-4177.738905349533
1317000	-4168.102045444378
1317500	-4070.7345827202116
1318000	-4151.046054998498
1318500	-4229.0108755154615
1319000	-4101.113679795571
1319500	-3991.3615899055353
1320000	-4025.7987731506937
1320500	-4247.33932789025
1321000	-4145.713342169978
1321500	-4118.390991042001
1322000	-4185.944668272167
1322500	-4182.640874567835
1323000	-3924.814340695813
1323500	-4123.631028149485
1324000	-3964.5858602248463
1324500	-4239.829068095467
1325000	-4069.570130626364
1325500	-4119.41066172919
1326000	-4033.2744291392896
1326500	-4028.653868566255
1327000	-4273.02099887184
1327500	-4138.35105494902
1328000	-4142.606659426388
1328500	-4161.132552619013
1329000	-4149.052174822064
1329500	-4236.977012136116
1330000	-3999.795413649051
1330500	-4109.180408180996
1331000	-4383.121378164277
1331500	-4246.540814968222
1332000	-4417.655189042191
1332500	-4059.644577845767
1333000	-4175.831500789124
1333500	-4050.7770920302773
1334000	-4229.9626494286495
1334500	-4177.008912805129
1335000	-4105.669729221794
1335500	-4087.506244646502
1336000	-4243.121425227146
1336500	-4392.944158479838
1337000	-4203.291292646158
1337500	-4378.303056107956
1338000	-4498.054029775656
1338500	-4294.802517690188
1339000	-4251.551032604327
1339500	-4247.446883140971
1340000	-4179.738381818518
1340500	-4222.973225367482
1341000	-4350.834896482531
1341500	-4275.014511681163
1342000	-4137.367259164588
1342500	-4411.519033248347
1343000	-4225.278952606893
1343500	-4292.453501548827
1344000	-4103.171994597439
1344500	-4356.681278034295
1345000	-4303.358022181117
1345500	-4246.38733061874
1346000	-4358.797622696021
1346500	-4325.657805229977
1347000	-3973.0167410452423
1347500	-4144.42900358628
1348000	-4113.428413218672
1348500	-4174.526996381171
1349000	-4230.4243911030135
1349500	-4039.5390588181845
1350000	-4173.753990041589
1350500	-4186.658504531474
1351000	-4019.4097819087224
1351500	-4096.6679321433
1352000	-4119.944324295996
1352500	-4521.02316789271
1353000	-4179.9832382801305
1353500	-4056.0918475799863
1354000	-4228.04060011673
1354500	-4276.383499033577
1355000	-4195.772113069977
1355500	-4180.440139444215
1356000	-4199.32984443115
1356500	-4207.190192729757
1357000	-4182.382540348803
1357500	-4277.613506722538
1358000	-4400.57678170506
1358500	-4296.424382410365
1359000	-4253.691605964815
1359500	-4230.741815589679
1360000	-4139.8072224408
1360500	-4106.815883024244
1361000	-4002.133713249552
1361500	-4049.170124096644
1362000	-4147.676002628929
1362500	-4122.886438098316
1363000	-4050.11941711308
1363500	-4126.097766340902
1364000	-4113.5915394862795
1364500	-3978.6126799928084
1365000	-4190.178867306566
1365500	-4173.174172193203
1366000	-4019.1686662201655
1366500	-4060.7690155409805
1367000	-4468.52702969041
1367500	-4162.127176245911
1368000	-3912.719052828362
1368500	-4126.440724138837
1369000	-3987.605277391565
1369500	-4121.761972668438
1370000	-3981.8717438367275
1370500	-4015.3468460508307
1371000	-3958.4632883155246
1371500	-4147.577641983791
1372000	-3956.6243510011873
1372500	-4135.550486047969
1373000	-4014.561451751042
1373500	-4088.450958400902
1374000	-4188.598100508938
1374500	-4269.777363750819
1375000	-4022.8691374697833
1375500	-4005.62327596076
1376000	-4054.4708580280826
1376500	-4032.4475937897078
1377000	-4098.467804493433
1377500	-4231.290478797736
1378000	-4197.624538209047
1378500	-4205.5751871963885
1379000	-4307.608134808616
1379500	-4138.74692584138
1380000	-4246.788532795909
1380500	-4258.212884648752
1381000	-4404.775841163022
1381500	-4100.258709688296
1382000	-4070.2299672540858
1382500	-4061.546766926091
1383000	-4213.8869006817895
1383500	-4574.648068470166
1384000	-4151.039639868266
1384500	-4138.277824874892
1385000	-4236.451168838518
1385500	-4222.568680115035
1386000	-4064.7967203772255
1386500	-4290.862037716344
1387000	-4048.3832740794423
1387500	-4192.004520677245
1388000	-4157.585750374341
1388500	-4098.768283364781
1389000	-4051.058622928348
1389500	-4398.711434774905
1390000	-4071.1837012177675
1390500	-4016.063487418278
1391000	-4167.979416373263
1391500	-4108.840788254741
1392000	-4099.171478491306
1392500	-4123.677564619601
1393000	-4070.7060740370925
1393500	-4004.5799844169287
1394000	-4145.918162164084
1394500	-4071.2248835948562
1395000	-4521.328803891977
1395500	-4408.335992975648
1396000	-4326.4413365115
1396500	-4039.125937854635
1397000	-4209.194747309228
1397500	-4403.340162129375
1398000	-4498.068960382365
1398500	-4274.164304872427
1399000	-4271.280661507924
1399500	-4268.550397611202
1400000	-4220.750833159988
1400500	-4253.304015309883
1401000	-4292.944703419349
1401500	-3919.5225210649487
1402000	-4006.3477488581743
1402500	-4002.0292892810853
1403000	-4165.0262056019565
1403500	-3891.4691117780717
1404000	-4048.09262594841
1404500	-4064.2762027318277
1405000	-4126.1962307807025
1405500	-4145.732406480724
1406000	-4572.07995957445
1406500	-4313.728962594406
1407000	-4199.61004573343
1407500	-4196.136989427619
1408000	-4118.594196247952
1408500	-4259.673538660885
1409000	-4339.739845546946
1409500	-4380.322931511662
1410000	-4175.21737538797
1410500	-4137.782065772897
1411000	-4232.6326354580515
1411500	-4152.482885933063
1412000	-4174.68272219878
1412500	-4158.419605921328
1413000	-4197.070702436002
1413500	-4258.720926361471
1414000	-4455.347632104383
1414500	-4168.583343725758
1415000	-4177.132946164145
1415500	-4144.407631352645
1416000	-4079.0423474014656
1416500	-4230.104333373969
1417000	-4167.053858667599
1417500	-4234.879480259966
1418000	-4249.468846289717
1418500	-4311.539654178836
1419000	-4275.1115500126325
1419500	-4280.603860251524
1420000	-4326.306552495878
1420500	-4383.107110476001
1421000	-4245.45003684297
1421500	-4301.073360645518
1422000	-4247.819603866573
1422500	-4836.269801086333
1423000	-4400.556167713599
1423500	-4276.3090436552175
1424000	-4123.382015968156
1424500	-4187.744543118742
1425000	-4357.7738784225
1425500	-4236.461055613444
1426000	-4202.332193419128
1426500	-4235.483517592685
1427000	-4402.087720007916
1427500	-4173.32878374755
1428000	-4176.209495554047
1428500	-4623.752791352728
1429000	-4555.470284335955
1429500	-4413.937357243723
1430000	-4392.526127418152
1430500	-4396.766539101404
1431000	-4481.74055392229
1431500	-4676.8020761393755
1432000	-4599.554835629381
1432500	-4439.442517729305
1433000	-4393.018231593815
1433500	-4258.5964860042395
1434000	-4136.28808390881
1434500	-4159.510952595729
1435000	-4172.603241175443
1435500	-4226.918528057233
1436000	-4115.162593447241
1436500	-3943.8627078984027
1437000	-3995.045153711361
1437500	-4135.23683722954
1438000	-4134.058832544835
1438500	-4129.234325323183
1439000	-4209.506809267944
1439500	-4207.879605869207
1440000	-3998.531918498733
1440500	-4129.798575770461
1441000	-4119.111302855174
1441500	-4025.0000119275414
1442000	-4153.577187521227
1442500	-4349.112555661523
1443000	-4066.630336369808
1443500	-4227.595280859372
1444000	-4366.165583884785
1444500	-4302.601619340935
1445000	-4228.615246584508
1445500	-4107.192709044333
1446000	-4289.708719454231
1446500	-4316.740467290737
1447000	-4154.5401618946225
1447500	-3975.355348420987
1448000	-4125.653803626695
1448500	-4219.387208967345
1449000	-4249.105220690131
1449500	-4339.468096331314
1450000	-4127.084356439189
1450500	-4248.483041041283
1451000	-4457.771713148709
1451500	-4086.8579556470645
1452000	-4182.366081085486
1452500	-4208.019831093736
1453000	-4250.289910796337
1453500	-4251.584394730145
1454000	-4111.520176909423
1454500	-4340.115345924189
1455000	-4215.587068739938
1455500	-4380.714060696868
1456000	-4255.4615334875325
1456500	-4315.591770154741
1457000	-4134.825207131746
1457500	-4256.112990391647
1458000	-4385.6509481632565
1458500	-4219.653271990898
1459000	-4236.514504016682
1459500	-4159.387666418929
1460000	-4250.87304496713
1460500	-4210.393020988122
1461000	-4424.764720782953
1461500	-4098.981788043004
1462000	-4076.061430987066
1462500	-4131.619031020702
1463000	-4225.23355659202
1463500	-4090.873898536322
1464000	-4466.368954748786
1464500	-4283.4378385282325
1465000	-4383.0665858904795
1465500	-4613.243623882089
1466000	-4581.921402130637
1466500	-4300.2360978570405
1467000	-4340.143655652548
1467500	-4373.535657313828
1468000	-4292.153422435999
1468500	-4232.792314521197
1469000	-4334.989600409914
1469500	-4326.120371123088
1470000	-4352.687643545476
1470500	-4377.530750407408
1471000	-4270.6666939476045
1471500	-4428.333810053559
1472000	-4858.127773103232
1472500	-4355.39325589727
1473000	-4463.997766618926
1473500	-4533.9197194078915
1474000	-4331.357198488693
1474500	-4441.266775996055
1475000	-4264.477117148701
1475500	-4356.262946821384
1476000	-4170.159523836939
1476500	-4115.494850726537
1477000	-4208.006560679252
1477500	-4419.5497657286
1478000	-4271.332391463059
1478500	-4201.419058701174
1479000	-4073.171971046701
1479500	-4020.487983977971
1480000	-4150.984630392234
1480500	-4160.761634567113
1481000	-4148.5737978614
1481500	-4463.311293522205
1482000	-4210.180771191105
1482500	-4224.613614034648
1483000	-4427.905908545378
1483500	-4193.620390051908
1484000	-4229.393327648467
1484500	-4243.106882921005
1485000	-4360.038797618905
1485500	-4324.660941931297
1486000	-4342.175744431015
1486500	-4435.530607829858
1487000	-4268.357604391211
1487500	-4197.845092993916
1488000	-4014.0414441875614
1488500	-4034.797890702973
1489000	-4154.983598606585
1489500	-4217.038390220556
1490000	-4190.233690290012
1490500	-4070.192864672008
1491000	-4050.8885669214505
1491500	-4155.766113775927
1492000	-4011.298094584037
1492500	-4299.956937620439
1493000	-4543.342648119724
1493500	-4458.757693521489
1494000	-4217.3494833105215
1494500	-4256.9746906634045
1495000	-4287.530437514414
1495500	-4370.647748960564
1496000	-4136.404773494776
1496500	-4253.508150948563
1497000	-4221.620417362366
1497500	-4212.588748261715
1498000	-4225.325719049037
1498500	-4418.874219647322
1499000	-4239.914539075161
1499500	-4374.607501628124
1500000	-4174.234091378644
