Sample	likelihood
0	-3416.334585919105
500	-3416.566979678148
1000	-3418.4562752724464
1500	-3421.44394871769
2000	-3421.089126703898
2500	-3419.54338008117
3000	-3418.895983327425
3500	-3423.3775467604455
4000	-3417.9995763088714
4500	-3421.0985220458597
5000	-3417.2658607595276
5500	-3420.1832797495335
6000	-3421.6618235772385
6500	-3418.869022576322
7000	-3419.0244781835177
7500	-3417.0243575764707
8000	-3417.47311256537
8500	-3422.534342942894
9000	-3422.132650604447
9500	-3421.2042825905064
10000	-3418.9947794372947
10500	-3417.0282518903828
11000	-3414.704850104941
11500	-3421.0468822789576
12000	-3414.6816176906746
12500	-3417.3830474861247
13000	-3419.039617921081
13500	-3416.7246723884396
14000	-3421.225926573877
14500	-3428.858781801149
15000	-3430.067784808324
15500	-3418.888459482669
16000	-3418.2476181390703
16500	-3420.0904072884787
17000	-3420.5789477339968
17500	-3423.5516309549116
18000	-3429.028752109982
18500	-3419.1810242244856
19000	-3426.1573775100233
19500	-3423.364806500668
20000	-3427.022116304948
20500	-3421.257345284988
21000	-3426.5289808442694
21500	-3420.9941055152317
22000	-3424.1858745239365
22500	-3418.620496531204
23000	-3420.612393836759
23500	-3423.3740000172365
24000	-3421.297643613058
24500	-3420.5781997029635
25000	-3424.2131546085975
25500	-3423.9312877013267
26000	-3423.426140541721
26500	-3424.237728513907
27000	-3417.5573513975733
27500	-3424.52259124281
28000	-3422.292947665136
28500	-3419.8060542288636
29000	-3423.236463070539
29500	-3430.4779025926086
30000	-3429.2760728094972
30500	-3423.321614883375
31000	-3420.5969498748564
31500	-3426.28315965632
32000	-3417.3144803550927
32500	-3424.5391092332798
33000	-3425.278639823045
33500	-3421.3653955820364
34000	-3416.588886616508
34500	-3419.812765299075
35000	-3420.9436496457347
35500	-3428.56190888128
36000	-3417.908775694746
36500	-3423.7550152018857
37000	-3425.612701011638
37500	-3415.726455671742
38000	-3424.929052130652
38500	-3412.3586915619876
39000	-3422.2538470351037
39500	-3428.0133101770734
40000	-3417.59453711663
40500	-3420.4003867209335
41000	-3423.6815294116714
41500	-3422.3399738587127
42000	-3421.328883431187
42500	-3423.466275287372
43000	-3424.5637774630427
43500	-3416.935602787983
44000	-3427.859675246971
44500	-3424.688764492536
45000	-3416.235434119011
45500	-3426.7925250656153
46000	-3422.727551715722
46500	-3422.447142529868
47000	-3416.7816872037774
47500	-3418.2440249233077
48000	-3419.008568126654
48500	-3415.3694324924095
49000	-3417.6285608636626
49500	-3426.194573415476
50000	-3421.0567976657303
50500	-3423.3472357556498
51000	-3418.959934554205
51500	-3422.383411303154
52000	-3424.4641489425003
52500	-3427.7440257615494
53000	-3430.6148510377225
53500	-3422.7648664536355
54000	-3421.251217699053
54500	-3415.080785063631
55000	-3422.9607221400406
55500	-3427.9842744100724
56000	-3419.8697017415357
56500	-3426.492635175758
57000	-3426.9682053427796
57500	-3419.5767848215105
58000	-3418.6545041442155
58500	-3423.2130296583696
59000	-3421.4481627625464
59500	-3424.148685559057
60000	-3419.5464358168683
60500	-3424.800078083706
61000	-3420.01393470855
61500	-3417.8357430097817
62000	-3418.69124791769
62500	-3424.1312586078056
63000	-3422.899722772115
63500	-3426.839628184023
64000	-3426.4662312711566
64500	-3426.7305334819143
65000	-3427.8258120569976
65500	-3416.4010466355658
66000	-3421.77349549333
66500	-3422.5300649681258
67000	-3423.963908732685
67500	-3419.9564672787915
68000	-3422.122613031477
68500	-3421.0283317514595
69000	-3422.4120609909137
69500	-3416.9190100196597
70000	-3425.54341222255
70500	-3426.6216381753866
71000	-3416.8891958880763
71500	-3418.1036086706786
72000	-3418.77047727892
72500	-3416.1638687218556
73000	-3422.6003459033554
73500	-3431.2819765970207
74000	-3423.498534765921
74500	-3420.6927738924637
75000	-3419.620297226251
75500	-3422.608745585295
76000	-3427.908680971664
76500	-3422.855432466672
77000	-3419.292839243708
77500	-3423.158155906797
78000	-3425.8713888289103
78500	-3423.3095160806474
79000	-3418.3570657568885
79500	-3421.7258172980355
80000	-3417.738528449705
80500	-3418.119100525675
81000	-3421.317163959476
81500	-3426.4339741424437
82000	-3423.3732221068904
82500	-3422.4372680057186
83000	-3420.279851657107
83500	-3421.3186208693387
84000	-3424.3201070945424
84500	-3421.4863746011492
85000	-3424.6368240331703
85500	-3420.4714555869596
86000	-3424.5176278430617
86500	-3416.950750420187
87000	-3415.1590771606807
87500	-3418.7860372999908
88000	-3421.8630391095744
88500	-3426.981241096814
89000	-3420.45560805598
89500	-3420.850605506997
90000	-3419.0669027375475
90500	-3431.078838995796
91000	-3419.927627226091
91500	-3416.460362440734
92000	-3418.339599060493
92500	-3417.901051042301
93000	-3421.124548164258
93500	-3419.8310860312467
94000	-3421.4953374597535
94500	-3417.757656162402
95000	-3416.140104661064
95500	-3419.121295805356
96000	-3416.364131563307
96500	-3426.664938966372
97000	-3422.9762177372522
97500	-3415.06501433969
98000	-3416.2642499058443
98500	-3414.5486372670534
99000	-3424.4725712413137
99500	-3428.0800334182895
100000	-3415.622009500746
100500	-3419.8160627733137
101000	-3432.672206924415
101500	-3431.1908898316888
102000	-3431.4218722587925
102500	-3421.4409456306553
103000	-3422.566509906653
103500	-3422.8234534180683
104000	-3426.4279033686985
104500	-3427.7602027581256
105000	-3423.6654843611655
105500	-3419.364610788191
106000	-3428.528796217794
106500	-3425.294327735439
107000	-3416.632953466788
107500	-3428.641020943245
108000	-3422.9058415418676
108500	-3427.0778134008615
109000	-3420.8899494411417
109500	-3427.2207059090197
110000	-3419.9674159199258
110500	-3416.5402704976873
111000	-3424.1924323879543
111500	-3428.3716790441276
112000	-3422.522283562032
112500	-3421.0392278842874
113000	-3422.7197133912555
113500	-3428.3787657572425
114000	-3428.2528516344923
114500	-3422.373082562856
115000	-3423.1525936815215
115500	-3423.821680678584
116000	-3424.3825650890108
116500	-3427.4755562448286
117000	-3424.850316085582
117500	-3421.9946308505296
118000	-3424.9917696069015
118500	-3417.7896995480064
119000	-3426.735590495251
119500	-3418.9946254097604
120000	-3420.7221560623816
120500	-3425.787568034785
121000	-3425.6685363177958
121500	-3425.5986374775152
122000	-3422.0151173798477
122500	-3421.128593260929
123000	-3426.1513046277732
123500	-3431.036502587691
124000	-3427.683773138969
124500	-3423.171905956103
125000	-3422.808443914536
125500	-3424.1973584979346
126000	-3424.0463459962734
126500	-3423.5173371905043
127000	-3417.563470110392
127500	-3423.7633688947953
128000	-3420.417022642927
128500	-3416.786198232706
129000	-3424.9428955788485
129500	-3416.6539009706985
130000	-3421.2100623951087
130500	-3423.4424800139045
131000	-3430.5284263494127
131500	-3432.3719115508043
132000	-3431.0749264785168
132500	-3421.2758339587317
133000	-3419.1050178130963
133500	-3424.2259126445383
134000	-3424.1082334313696
134500	-3422.0898603751384
135000	-3420.8647396863485
135500	-3427.9629949187565
136000	-3421.233918683254
136500	-3417.8230440129664
137000	-3420.296787781182
137500	-3422.652862812375
138000	-3425.0855307793013
138500	-3419.527567814227
139000	-3426.2441641040014
139500	-3422.7176954706692
140000	-3423.0220056715007
140500	-3420.355029661882
141000	-3425.3405750389697
141500	-3422.463773710092
142000	-3428.324092102483
142500	-3427.1539480567335
143000	-3429.0745489009673
143500	-3429.9387288588314
144000	-3429.9559169919075
144500	-3426.2751610530363
145000	-3428.1592360339605
145500	-3432.994949007063
146000	-3426.889405243871
146500	-3420.2759044214336
147000	-3421.5617289305947
147500	-3424.6143702427253
148000	-3417.175242360347
148500	-3422.0652457356464
149000	-3414.2834912463313
149500	-3412.101098414138
150000	-3419.638069803286
150500	-3422.759745476643
151000	-3417.800033141622
151500	-3413.5582431066255
152000	-3420.6944450642795
152500	-3418.9753204874405
153000	-3422.191292897623
153500	-3422.3399528856576
154000	-3430.0775982534624
154500	-3418.740049794
155000	-3421.1437802862956
155500	-3416.4596460940415
156000	-3425.9136424606745
156500	-3417.0629345545144
157000	-3421.7609055688126
157500	-3425.7098600659074
158000	-3417.1609883186334
158500	-3422.2666550431873
159000	-3418.4221466708527
159500	-3425.2495050529046
160000	-3420.75892910036
160500	-3422.8081010662545
161000	-3424.621879940364
161500	-3425.6316571494426
162000	-3426.3080595241263
162500	-3423.669653062896
163000	-3419.4734375082826
163500	-3425.320184118216
164000	-3421.815192801246
164500	-3425.4727498423526
165000	-3427.9384535840654
165500	-3419.1710687386267
166000	-3420.1750851996703
166500	-3423.3665498792184
167000	-3423.0260228746506
167500	-3419.2755788837353
168000	-3423.3947505077995
168500	-3418.4592207709725
169000	-3420.6739137113195
169500	-3421.629940474755
170000	-3424.827486979895
170500	-3426.6503463098143
171000	-3416.742746423599
171500	-3416.0752919549004
172000	-3418.227925238215
172500	-3418.0482776635436
173000	-3424.1284271194727
173500	-3419.1385321756043
174000	-3421.4514678257456
174500	-3433.2075876985436
175000	-3422.1671783018814
175500	-3426.842737752144
176000	-3416.4475030689114
176500	-3427.9417622032797
177000	-3421.6644219277264
177500	-3430.299502185373
178000	-3422.8282313046016
178500	-3423.1672420786026
179000	-3424.2841317724537
179500	-3423.8326924217345
180000	-3426.6647515060645
180500	-3426.371104290036
181000	-3427.039928839908
181500	-3420.2256540791545
182000	-3421.0468154674877
182500	-3420.410017837749
183000	-3424.208592005647
183500	-3427.8098182420135
184000	-3422.6791462908145
184500	-3431.197275394803
185000	-3426.1449603209544
185500	-3418.5331001806157
186000	-3421.5213566225884
186500	-3420.3347166465746
187000	-3425.4174759490857
187500	-3423.849373031671
188000	-3417.681242245232
188500	-3423.2169424492463
189000	-3417.063596192465
189500	-3416.0626045063277
190000	-3424.269470026626
190500	-3420.9826227660014
191000	-3416.147485098198
191500	-3419.637179714087
192000	-3424.37885222729
192500	-3416.1053830683213
193000	-3419.090550196534
193500	-3421.3575037549576
194000	-3418.313183906357
194500	-3425.9500498897
195000	-3417.7260994517515
195500	-3423.7554759057452
196000	-3423.1073530972003
196500	-3420.7646477588783
197000	-3419.064784314807
197500	-3419.8313305330134
198000	-3413.1986787939627
198500	-3415.0149991320354
199000	-3422.2113310782393
199500	-3416.6436458827275
200000	-3426.5316225349575
200500	-3415.8616253314144
201000	-3422.4802103415054
201500	-3426.1018870860776
202000	-3417.9059066975574
202500	-3420.128581984134
203000	-3417.1649418699726
203500	-3420.2907597852127
204000	-3422.212637672579
204500	-3424.4773013605804
205000	-3423.993364207998
205500	-3423.8734493074844
206000	-3421.4363031444386
206500	-3419.4905101365657
207000	-3417.7409459413575
207500	-3425.7173826962144
208000	-3429.1739526350652
208500	-3424.974684880887
209000	-3414.5586984101906
209500	-3420.020656948297
210000	-3421.4571970460784
210500	-3426.439157341876
211000	-3425.229940549156
211500	-3418.004900449836
212000	-3423.1220062672023
212500	-3417.338878985556
213000	-3417.4695058360076
213500	-3415.119857085462
214000	-3421.9997733981904
214500	-3414.6100682710176
215000	-3420.103310027254
215500	-3419.4465628735743
216000	-3424.1394102755416
216500	-3418.953404121863
217000	-3435.047710114103
217500	-3422.654217808668
218000	-3426.767931458627
218500	-3422.097080165206
219000	-3422.044017259079
219500	-3422.6365408372867
220000	-3422.7545701281383
220500	-3422.523329303244
221000	-3420.1037571471097
221500	-3424.6223628800285
222000	-3422.1884287219523
222500	-3424.415350323086
223000	-3422.48518342285
223500	-3418.3713013458832
224000	-3424.310402233917
224500	-3423.5328733393617
225000	-3420.852084429219
225500	-3424.477867709069
226000	-3423.682680725972
226500	-3429.94430169296
227000	-3421.1148901042757
227500	-3424.3631622067137
228000	-3418.0040851688514
228500	-3421.8386979468783
229000	-3425.910635457766
229500	-3430.425302119637
230000	-3421.992226676137
230500	-3424.4270196864154
231000	-3424.33425107572
231500	-3415.212186305249
232000	-3423.560090811991
232500	-3423.8448756578987
233000	-3417.1413265389006
233500	-3420.3745885638896
234000	-3419.624762445702
234500	-3417.8214479574544
235000	-3417.7487792098987
235500	-3416.7076759478164
236000	-3419.5046699045633
236500	-3415.830571080825
237000	-3416.481890554321
237500	-3416.5254855138305
238000	-3417.3224119453544
238500	-3419.1363763156955
239000	-3428.6179547708907
239500	-3421.9059476925854
240000	-3425.772020349923
240500	-3418.8266239724385
241000	-3427.1444191712467
241500	-3428.754870631417
242000	-3423.7796137082146
242500	-3420.6424896928793
243000	-3425.1777881020626
243500	-3420.774863815748
244000	-3424.3950480372796
244500	-3426.013421524235
245000	-3419.2630331404116
245500	-3431.7600749974686
246000	-3423.703463882107
246500	-3427.303286989759
247000	-3430.76235718116
247500	-3429.5607335629356
248000	-3419.6962693405403
248500	-3420.6767839162053
249000	-3420.580941948731
249500	-3423.7493377908086
250000	-3423.9411494762703
250500	-3421.272696957581
251000	-3420.3317285903395
251500	-3421.358023776676
252000	-3425.7345032142957
252500	-3426.3388053250005
253000	-3428.3062098790992
253500	-3422.3059213786773
254000	-3426.986527530235
254500	-3429.126740625707
255000	-3429.6061755817304
255500	-3425.677447535274
256000	-3427.2643946436233
256500	-3432.8031800759195
257000	-3431.2279744229454
257500	-3426.5901635225523
258000	-3424.2594977427266
258500	-3423.0061701577215
259000	-3421.6678555055773
259500	-3413.7059976143596
260000	-3418.7477061222735
260500	-3419.0867551245306
261000	-3421.421946648405
261500	-3419.6873653639677
262000	-3420.0947212100864
262500	-3429.321108167325
263000	-3421.4041057287436
263500	-3422.4452226625763
264000	-3426.0094714682346
264500	-3421.721904117799
265000	-3425.0379541352268
265500	-3430.6405126211994
266000	-3421.880687054918
266500	-3420.2212564439424
267000	-3419.8985823792714
267500	-3418.9909346734817
268000	-3418.1431397219762
268500	-3418.878748681924
269000	-3422.7853958578135
269500	-3415.0072041368144
270000	-3415.582962970286
270500	-3416.6294708095375
271000	-3414.4892193123874
271500	-3414.77015095511
272000	-3412.998665972402
272500	-3422.6931338270933
273000	-3424.2672338661123
273500	-3422.1901875414146
274000	-3419.4101831334356
274500	-3417.0092217836573
275000	-3422.613354246554
275500	-3425.5245600923113
276000	-3419.4567600244004
276500	-3424.4135286100623
277000	-3428.2170811094675
277500	-3428.3663275024724
278000	-3423.346071039233
278500	-3424.01029719965
279000	-3420.5923191132356
279500	-3423.2260024221737
280000	-3423.9891343396757
280500	-3425.894660158997
281000	-3423.0429794844385
281500	-3429.2057733802226
282000	-3417.1184981140905
282500	-3420.7683819087883
283000	-3419.8425150327025
283500	-3427.7861468114475
284000	-3425.9571507280525
284500	-3424.255255371611
285000	-3425.2354841488736
285500	-3423.5059523057407
286000	-3428.485269982027
286500	-3424.0420792505115
287000	-3420.7427187149515
287500	-3422.042440540286
288000	-3423.696109021483
288500	-3424.483452704995
289000	-3423.8612119186773
289500	-3421.2542325928603
290000	-3417.752319009874
290500	-3417.9822077821423
291000	-3426.308257301711
291500	-3426.495633666899
292000	-3424.415621627691
292500	-3418.7989508505943
293000	-3422.1271905564936
293500	-3420.190400770994
294000	-3418.0962059899052
294500	-3424.8939250976855
295000	-3418.7088898320676
295500	-3420.5327668290943
296000	-3420.230930664862
296500	-3417.8164331957605
297000	-3418.8321162038183
297500	-3419.884620920958
298000	-3422.8848811532284
298500	-3422.374830706259
299000	-3417.9933913862446
299500	-3418.7236062770576
300000	-3415.900400123219
300500	-3422.712740705708
301000	-3422.9370359181344
301500	-3420.4192605756607
302000	-3415.0279440672384
302500	-3424.0497689950635
303000	-3417.5014748455505
303500	-3418.769274765233
304000	-3420.045706238624
304500	-3422.627546298237
305000	-3419.65117417411
305500	-3419.9410831033515
306000	-3426.496058571123
306500	-3415.418314058108
307000	-3417.0125646409124
307500	-3416.411630297104
308000	-3418.8875955996127
308500	-3416.539618021242
309000	-3418.0186667537346
309500	-3426.1910374097174
310000	-3423.071161742316
310500	-3419.3295278099076
311000	-3425.722614508668
311500	-3424.114891995198
312000	-3425.7576841431255
312500	-3420.793634225802
313000	-3414.4122927342787
313500	-3413.1438754826477
314000	-3417.6208215538527
314500	-3425.6926536766805
315000	-3415.742337790979
315500	-3420.3235266787683
316000	-3413.97594906226
316500	-3427.5401065554074
317000	-3422.730226170182
317500	-3418.2670142928814
318000	-3414.386595410965
318500	-3415.2681847014337
319000	-3419.189118355621
319500	-3419.4894975276884
320000	-3416.259327224829
320500	-3422.6107516770667
321000	-3417.5745021802763
321500	-3415.0145614748158
322000	-3427.760245508271
322500	-3421.9552902258706
323000	-3420.5797852220235
323500	-3424.139919768968
324000	-3419.934926584533
324500	-3423.023451150207
325000	-3423.904048662544
325500	-3414.4148399632304
326000	-3420.644879404215
326500	-3414.669873130549
327000	-3419.5735477114645
327500	-3412.969357303033
328000	-3420.1863193420427
328500	-3420.1139566579036
329000	-3422.0117403843287
329500	-3415.8200788592126
330000	-3419.538708303464
330500	-3420.1060659358345
331000	-3416.31495278759
331500	-3419.6277792930323
332000	-3417.0896071561033
332500	-3421.613829508516
333000	-3419.5466287024833
333500	-3425.8102539099973
334000	-3420.7819649945986
334500	-3419.3618702671174
335000	-3425.305051477034
335500	-3420.321655697
336000	-3421.197157681755
336500	-3414.552405049357
337000	-3422.9761085987116
337500	-3422.39586617308
338000	-3427.897402157793
338500	-3421.6306776792167
339000	-3426.2552468313547
339500	-3430.2813858353097
340000	-3430.8781586290083
340500	-3431.865660964998
341000	-3426.3871417674327
341500	-3422.254638494646
342000	-3422.2964513563807
342500	-3427.901060607114
343000	-3424.973285550836
343500	-3426.855495705045
344000	-3421.0160140538246
344500	-3420.7607414822983
345000	-3427.194589793195
345500	-3422.2754610975903
346000	-3427.7696189684093
346500	-3422.5145115608325
347000	-3426.652251044589
347500	-3428.7511364323327
348000	-3424.03506587596
348500	-3422.583743813633
349000	-3431.38090732332
349500	-3421.7285619109734
350000	-3417.318831277192
350500	-3422.383178700187
351000	-3417.84729902057
351500	-3424.510929132441
352000	-3421.094242018446
352500	-3415.0889430929155
353000	-3417.7075527809898
353500	-3421.095766780288
354000	-3422.1084894882365
354500	-3416.895233537502
355000	-3419.946223924504
355500	-3428.8264059482703
356000	-3426.0245331612314
356500	-3421.4531982638064
357000	-3425.67806950231
357500	-3421.8976178880707
358000	-3418.1259263134293
358500	-3415.807499147732
359000	-3423.419792445087
359500	-3420.304594855326
360000	-3415.925167032088
360500	-3418.409904977674
361000	-3423.7073399302694
361500	-3418.2199836635527
362000	-3417.9419136112856
362500	-3421.1591844119266
363000	-3420.288965998294
363500	-3427.015592637165
364000	-3416.2050752500472
364500	-3420.2970871031516
365000	-3426.1607846129373
365500	-3421.305189893945
366000	-3429.9036270392735
366500	-3432.8990520402963
367000	-3418.876732476157
367500	-3415.412693380555
368000	-3418.325368052482
368500	-3419.1680352805515
369000	-3418.9197506784576
369500	-3418.6620990438823
370000	-3419.359038437502
370500	-3417.5487372463804
371000	-3422.914702820759
371500	-3422.9136020037504
372000	-3417.8958203755496
372500	-3415.262133577316
373000	-3421.084639063913
373500	-3421.2587886467377
374000	-3422.858540145949
374500	-3417.2078846265663
375000	-3420.4279489553605
375500	-3419.0056650082192
376000	-3424.0908410952097
376500	-3414.329563018077
377000	-3427.3075671282
377500	-3423.1491418157016
378000	-3419.3755386019184
378500	-3420.844096003115
379000	-3422.911282049649
379500	-3425.954360687775
380000	-3419.126600577604
380500	-3421.0584558828477
381000	-3417.771876459201
381500	-3418.8335652535156
382000	-3419.079365862956
382500	-3422.0531517012573
383000	-3422.640969031539
383500	-3418.966529734073
384000	-3421.3037206761455
384500	-3424.86436057607
385000	-3419.658513636656
385500	-3417.187695923946
386000	-3425.04792492237
386500	-3424.6723181542784
387000	-3420.4970616507508
387500	-3420.9358565359516
388000	-3415.072546609808
388500	-3417.906114058685
389000	-3418.108804016384
389500	-3419.9869921493932
390000	-3425.020719394899
390500	-3424.437100134933
391000	-3423.837978970821
391500	-3425.8290853724957
392000	-3423.30700423697
392500	-3424.947907976291
393000	-3423.9298564262085
393500	-3422.3846513026824
394000	-3422.787779716334
394500	-3424.5102215251927
395000	-3414.1242862572312
395500	-3413.060100089351
396000	-3417.462241036426
396500	-3420.8618100639433
397000	-3424.3180767366107
397500	-3416.5802544200546
398000	-3424.2255111453287
398500	-3416.8792538582197
399000	-3425.6100750367896
399500	-3424.6820411493477
400000	-3418.26968562902
400500	-3422.33017015885
401000	-3428.6637152910444
401500	-3426.1694298642897
402000	-3423.31381281123
402500	-3423.5903674159345
403000	-3420.698486899076
403500	-3420.0905599811053
404000	-3418.1514946322545
404500	-3415.65559873751
405000	-3417.565183173056
405500	-3417.1239949296514
406000	-3419.161205129932
406500	-3420.9278999409353
407000	-3425.1001772994377
407500	-3415.958143187587
408000	-3422.0248617782904
408500	-3421.7645038575774
409000	-3424.8004024089473
409500	-3420.496420517889
410000	-3422.4261060137633
410500	-3426.858978845299
411000	-3425.3472674615855
411500	-3424.6580940067947
412000	-3423.3278089963014
412500	-3417.959059575562
413000	-3428.1262418036877
413500	-3418.90142316764
414000	-3415.26737429207
414500	-3421.8218723111786
415000	-3415.8854047864907
415500	-3411.2938137230785
416000	-3417.1945373370404
416500	-3414.920790814303
417000	-3426.6770870126256
417500	-3425.7845216320843
418000	-3416.747806962537
418500	-3420.6467738516394
419000	-3422.438853128506
419500	-3423.550857467744
420000	-3422.892822044813
420500	-3418.4188424840086
421000	-3420.811287061712
421500	-3420.867005717426
422000	-3424.233311233106
422500	-3427.919325083589
423000	-3422.4264676393927
423500	-3428.9262514148345
424000	-3423.957036946554
424500	-3433.101605816691
425000	-3427.4605724110716
425500	-3421.0236152460425
426000	-3427.184699338444
426500	-3426.0535921134474
427000	-3428.045922246205
427500	-3417.069551475399
428000	-3415.6249957413243
428500	-3414.3280800935427
429000	-3417.4779693115624
429500	-3414.16847172726
430000	-3415.1096793407696
430500	-3422.8042948998113
431000	-3416.217604399239
431500	-3416.723356672937
432000	-3417.6278458811116
432500	-3423.3250138447343
433000	-3420.162494975743
433500	-3417.7319368688118
434000	-3418.494124675924
434500	-3420.8698689780526
435000	-3422.639540299869
435500	-3425.874586616249
436000	-3419.8694186029797
436500	-3419.078829155239
437000	-3423.565105598904
437500	-3423.158279348669
438000	-3425.2927349373313
438500	-3427.1962277512253
439000	-3420.2399267909846
439500	-3417.8718264699683
440000	-3418.3266408810246
440500	-3423.0827272279444
441000	-3419.064891671304
441500	-3422.9694194162917
442000	-3422.642198421399
442500	-3420.149807351854
443000	-3417.486103111293
443500	-3423.915160576556
444000	-3422.7701957836084
444500	-3416.822463225934
445000	-3419.4524519689326
445500	-3423.268396451559
446000	-3419.2263609441347
446500	-3426.1115127389426
447000	-3424.728881144039
447500	-3417.9893383598956
448000	-3420.535110527475
448500	-3422.051149014662
449000	-3421.4838915699966
449500	-3422.1609324980045
450000	-3429.2533462473266
450500	-3425.279549916695
451000	-3424.8850935414334
451500	-3420.8632135051025
452000	-3420.732205827544
452500	-3417.1094515248583
453000	-3416.925210950959
453500	-3425.9760506294697
454000	-3414.3321693312973
454500	-3414.169317279403
455000	-3417.637972161468
455500	-3419.7556518102383
456000	-3428.9378574876364
456500	-3428.0418452742783
457000	-3424.862503739298
457500	-3423.1554014014123
458000	-3423.0848500589163
458500	-3420.6394636165855
459000	-3420.724015185305
459500	-3419.6765807989636
460000	-3422.5933843073262
460500	-3419.457069908026
461000	-3417.111129231329
461500	-3420.52159374917
462000	-3424.7525898598137
462500	-3426.5161459084475
463000	-3425.508393963396
463500	-3425.6231567229115
464000	-3422.1553811434396
464500	-3429.5684295621054
465000	-3422.0989060312554
465500	-3423.7973621433766
466000	-3423.312605254715
466500	-3420.3640780793453
467000	-3425.9067414085985
467500	-3418.8342151460524
468000	-3427.784940138704
468500	-3417.512124118165
469000	-3419.3966025045484
469500	-3418.9267767983856
470000	-3429.077045904147
470500	-3419.4797014360474
471000	-3421.1325722892198
471500	-3420.345351167605
472000	-3417.457263402226
472500	-3419.301898735832
473000	-3425.1681247589368
473500	-3421.6756089261744
474000	-3419.3021429546534
474500	-3422.528459363842
475000	-3425.088118172503
475500	-3427.8323702141956
476000	-3420.568507774082
476500	-3421.0904339245226
477000	-3420.3625365350854
477500	-3421.1844383541375
478000	-3419.2356951394127
478500	-3417.675353075652
479000	-3420.3832578688166
479500	-3430.861070905892
480000	-3422.4408250126867
480500	-3428.1455764843877
481000	-3423.915368738476
481500	-3417.5326319022074
482000	-3413.792314046777
482500	-3418.3177782068283
483000	-3415.6563137726744
483500	-3422.82066192715
484000	-3419.0385547594246
484500	-3416.7911907895573
485000	-3423.962269885765
485500	-3417.9501945863767
486000	-3418.977998231029
486500	-3415.5591429520073
487000	-3420.530746342665
487500	-3421.7302931455592
488000	-3424.558963744268
488500	-3422.966160960285
489000	-3416.4920842017973
489500	-3423.8991318978233
490000	-3418.8748130438084
490500	-3421.3343647003194
491000	-3423.671954028598
491500	-3425.830591412236
492000	-3424.6539315246578
492500	-3420.410354924586
493000	-3420.6874041369306
493500	-3422.103530470477
494000	-3419.238664598713
494500	-3418.6314863599314
495000	-3418.090958661358
495500	-3421.505776248882
496000	-3418.156693158272
496500	-3426.2190771159712
497000	-3421.4711197190763
497500	-3421.747512116333
498000	-3417.8546088138396
498500	-3424.8710269618196
499000	-3416.8566538158293
499500	-3410.0710913980474
500000	-3416.273781814116
