Sample	likelihood
0	-7908.185582988486
500	-7821.016349684277
1000	-7935.147656651845
1500	-8077.364423771009
2000	-7800.868561910415
2500	-8033.860557281439
3000	-7979.3506900263765
3500	-7675.67835208106
4000	-7647.428510357594
4500	-7110.515693527792
5000	-7365.138053054186
5500	-7711.346008159453
6000	-7717.390794197331
6500	-7416.4683851513755
7000	-7291.832999877593
7500	-6942.959407293715
8000	-7257.077051506836
8500	-7198.553186372757
9000	-7223.874903460333
9500	-7288.427951377787
10000	-7107.748998152241
10500	-7396.060973059827
11000	-7276.902601603069
11500	-8033.282029346193
12000	-7973.669956671388
12500	-7424.137298694346
13000	-7235.694447176508
13500	-7478.578212547394
14000	-7245.291476856043
14500	-7319.3225352404015
15000	-7602.918016541542
15500	-7271.920366379548
16000	-7113.694600928405
16500	-6925.006065689936
17000	-6636.748387636226
17500	-6080.414489112762
18000	-5899.3839228780935
18500	-6363.576161142966
19000	-6457.205808833867
19500	-6112.7359432471985
20000	-6360.9627455874825
20500	-6282.4609117818545
21000	-6137.75127796408
21500	-5949.030555073715
22000	-5713.327819816479
22500	-5398.8929712084855
23000	-5052.313429639946
23500	-4835.208505286551
24000	-4782.395662057125
24500	-4660.6538200967825
25000	-4882.699285936058
25500	-4335.462537272831
26000	-7690.041596602205
26500	-4474.505418935353
27000	-4457.031586643188
27500	-4527.725250262884
28000	-4876.083415623603
28500	-4740.59898472928
29000	-4974.222593961347
29500	-5269.074000547503
30000	-4797.678300960644
30500	-5090.794780584034
31000	-5282.847510192197
31500	-6937.815104780049
32000	-6752.203896620237
32500	-7115.817682194927
33000	-7222.671292448489
33500	-7271.079199700363
34000	-6445.5453414268595
34500	-4689.723193160585
35000	-4543.955240005061
35500	-4713.504472760779
36000	-5096.747347609975
36500	-5233.961932594026
37000	-4523.74154323347
37500	-4829.594690190338
38000	-4635.665058302857
38500	-5299.248810397635
39000	-4886.048460398123
39500	-4413.428780738905
40000	-4343.736118777552
40500	-4303.548103296947
41000	-4579.664758000592
41500	-4418.9176519109005
42000	-4403.15451057432
42500	-4444.394439863035
43000	-4408.292323477252
43500	-4402.898694105907
44000	-4538.79978428482
44500	-4297.105359358792
45000	-4371.2671533509165
45500	-4539.956704877875
46000	-4333.6785632804695
46500	-4422.15005487477
47000	-4797.530819261577
47500	-4649.354027035528
48000	-4456.794798717207
48500	-4322.441952269475
49000	-4270.132356413928
49500	-4343.510736498102
50000	-4214.396310899369
50500	-4414.574254708143
51000	-4516.462815558602
51500	-4402.711381422551
52000	-4563.68156796981
52500	-4418.565073007087
53000	-4406.336218465203
53500	-5344.366983606793
54000	-4613.504760014016
54500	-4886.631838064986
55000	-5118.603112700023
55500	-5137.853446161206
56000	-5602.663120413944
56500	-5519.974047105543
57000	-5290.265447730438
57500	-5123.395410513509
58000	-5427.180501609644
58500	-4821.322735350374
59000	-5319.07022720603
59500	-4957.531165607978
60000	-5298.0754665658105
60500	-4968.257216662544
61000	-4667.742166584332
61500	-4774.804736054795
62000	-4728.108507212058
62500	-5522.5613458691805
63000	-5478.141743046971
63500	-5290.537998070081
64000	-5028.378659107989
64500	-4915.501590599617
65000	-4702.065532625087
65500	-4832.592587767175
66000	-4903.949883352105
66500	-5867.608040272515
67000	-5748.466269291875
67500	-5581.5988000050365
68000	-5385.989590429807
68500	-5535.223918673793
69000	-5231.595962367223
69500	-5769.3219081827065
70000	-5711.229795882492
70500	-5345.047751805411
71000	-5107.271183272405
71500	-5867.9113237624915
72000	-5537.205199176984
72500	-4985.530847949518
73000	-4763.559915601289
73500	-4894.958347911616
74000	-5148.826596924346
74500	-5103.076556814044
75000	-5510.590247555518
75500	-5206.946797897815
76000	-5096.682724213578
76500	-4948.399103782127
77000	-5237.724008250164
77500	-5799.178958389638
78000	-5586.97040673146
78500	-5696.094198166175
79000	-5603.901507392144
79500	-6111.73188345644
80000	-6118.623433262931
80500	-6210.41777195274
81000	-5581.583718534931
81500	-6120.46032884639
82000	-6575.256148954324
82500	-7363.753701574557
83000	-7532.355174167841
83500	-7349.017837081247
84000	-7918.303336725981
84500	-6910.429820429882
85000	-6958.196518457828
85500	-6928.453770362344
86000	-6832.708644648014
86500	-6752.213448521581
87000	-6649.500496598624
87500	-6562.3110602233
88000	-5906.102523703109
88500	-6565.685356597488
89000	-6149.31672594024
89500	-6430.377565819576
90000	-6228.462683607684
90500	-6254.506183952585
91000	-6331.500308596128
91500	-6807.7601029488205
92000	-6191.7971064188705
92500	-5914.282244556624
93000	-5794.865836674203
93500	-6322.540701369404
94000	-6902.6932538338115
94500	-7175.636003693054
95000	-7016.311561722889
95500	-7023.133863548535
96000	-6737.302590605211
96500	-6952.068642568176
97000	-7616.311392786812
97500	-7506.738657300684
98000	-7266.158293702271
98500	-6996.176165941247
99000	-7622.825018375894
99500	-6856.29603470589
100000	-6675.954573798219
100500	-6741.657215253348
101000	-6995.057104128415
101500	-6607.102176025078
102000	-6105.6656615839565
102500	-6027.953431281318
103000	-6026.945048240257
103500	-5844.375326863978
104000	-6260.751678854675
104500	-6176.558464808896
105000	-6916.224788714444
105500	-6411.237293200368
106000	-5497.123452450065
106500	-5716.955783475095
107000	-6046.943693651934
107500	-5598.3257645604735
108000	-5687.058701464113
108500	-5325.884270701952
109000	-5065.10886349909
109500	-4800.719677610994
110000	-4674.108803209146
110500	-4315.088991371534
111000	-5208.672694023899
111500	-5126.351455429804
112000	-5318.518164949785
112500	-5376.644504208511
113000	-5306.126074054017
113500	-6059.986944713985
114000	-5924.65411043705
114500	-6294.306310691416
115000	-6050.989396906172
115500	-6105.815607480608
116000	-6024.207745939778
116500	-6395.846985128205
117000	-6405.503140401178
117500	-6338.171074560262
118000	-6401.672759254811
118500	-6248.526800998743
119000	-5953.802095118409
119500	-6404.7908962318925
120000	-6405.490757097175
120500	-6405.503140408123
121000	-6405.503140408469
121500	-6311.734632479398
122000	-6405.503074352534
122500	-6405.502861519417
123000	-6405.503117818545
123500	-6388.380441885269
124000	-6405.503140409208
124500	-6375.793537210116
125000	-6290.442359352325
125500	-6405.503140269331
126000	-6395.909161098454
126500	-6401.5903204556225
127000	-6295.5592897371525
127500	-6029.9633427981225
128000	-6075.180186975962
128500	-5999.212543516182
129000	-4695.564306851706
129500	-4657.876402343078
130000	-4614.860674540014
130500	-4561.198022272431
131000	-4390.156306101186
131500	-4636.935904777093
132000	-4725.135669531542
132500	-5166.8876867713225
133000	-4840.596117489316
133500	-4816.544101354899
134000	-4873.74663841909
134500	-4870.427910609619
135000	-4744.852241646537
135500	-5151.46427833553
136000	-5815.454232502547
136500	-5672.90807373372
137000	-5037.899828585735
137500	-6383.972429217659
138000	-6257.736944014351
138500	-6517.27729064462
139000	-6040.279174863191
139500	-7137.396901059059
140000	-7376.909067705913
140500	-6881.815450600185
141000	-7803.156493230992
141500	-8188.111002062204
142000	-8219.122724561812
142500	-8091.86651621748
143000	-8178.079917248198
143500	-7650.218315664754
144000	-8232.563303356887
144500	-7993.048129104397
145000	-8242.789355586614
145500	-8037.004031505252
146000	-8281.038905368094
146500	-8197.234129108767
147000	-8157.828474777177
147500	-8325.532977986873
148000	-8218.897697283379
148500	-7956.709821658055
149000	-7789.792411065894
149500	-7961.017922993502
150000	-5808.895189612824
150500	-6444.466389833698
151000	-6678.625360855106
151500	-6515.157774399064
152000	-6476.132847661782
152500	-6392.810908330443
153000	-6746.804761557074
153500	-5280.435003501535
154000	-6396.199917395939
154500	-6502.117684723375
155000	-6940.948382674636
155500	-6229.265206194648
156000	-6957.18636601543
156500	-6341.169253774372
157000	-6874.54351754063
157500	-6756.73614861834
158000	-6833.018238355549
158500	-7052.056610791535
159000	-7073.89972467614
159500	-7062.406096479271
160000	-6896.330642133227
160500	-6712.166663186801
161000	-6917.843704590315
161500	-6910.924051459773
162000	-5433.134050921927
162500	-5425.675315491005
163000	-6680.696509338114
163500	-6849.20821345679
164000	-6865.1675104202595
164500	-6776.755786453596
165000	-5584.198438916533
165500	-6359.029894592346
166000	-6506.722491639346
166500	-6995.583754589451
167000	-4614.886014697241
167500	-4589.812691580171
168000	-4437.039991306001
168500	-7294.8362819078375
169000	-7860.557847749884
169500	-4925.315262220351
170000	-5047.403085635645
170500	-4484.268647332525
171000	-4398.655904350557
171500	-4389.846107262515
172000	-4443.690436276553
172500	-4493.373101092143
173000	-4390.526511319587
173500	-4265.237642283411
174000	-4589.41831548521
174500	-4299.8063578307065
175000	-4760.606285886014
175500	-4480.211606839587
176000	-4919.564169504685
176500	-5367.393185278959
177000	-5729.910194567252
177500	-6250.990564915245
178000	-6357.8943152444945
178500	-6737.161417326658
179000	-6962.082936264083
179500	-6449.93752853275
180000	-6468.459502620003
180500	-7038.738525120604
181000	-7486.046866917345
181500	-6851.002010179903
182000	-6897.167597504454
182500	-6775.059720818396
183000	-7019.141853836522
183500	-7089.903474998947
184000	-6941.542191395784
184500	-6817.525503236251
185000	-6666.867137391307
185500	-6732.513869921261
186000	-6947.3163838355
186500	-6910.545525604882
187000	-7153.945590398143
187500	-7285.6089928090205
188000	-6960.441789695905
188500	-7162.603101766964
189000	-7313.189585745965
189500	-7189.079937717938
190000	-7440.290917897928
190500	-7414.8284652660295
191000	-7055.060413972187
191500	-6897.6293065042555
192000	-7140.112463267071
192500	-7521.830299685516
193000	-7361.636811733602
193500	-7411.023704852644
194000	-7053.930394657601
194500	-6914.087349797563
195000	-6817.3730715751135
195500	-6811.9503336001235
196000	-7262.06254511806
196500	-7828.63979536712
197000	-8327.557250694437
197500	-8200.014794154944
198000	-8182.962432150755
198500	-9800.248435998232
199000	-9726.530765218473
199500	-10024.297265563544
200000	-9760.053210215463
200500	-8995.80814989237
201000	-9033.712848053381
201500	-9029.614783020796
202000	-9704.3018538237
202500	-8751.603628994688
203000	-9456.65203219099
203500	-9394.673441854093
204000	-9263.791577185131
204500	-9597.79882908341
205000	-10298.278500801336
205500	-10112.896676553928
206000	-10055.753228531332
206500	-9700.730484711561
207000	-10578.612668878874
207500	-9922.441855487303
208000	-10012.20058771197
208500	-10365.756825401944
209000	-10056.654480143256
209500	-10477.564792303276
210000	-10579.454146288821
210500	-10696.945697875315
211000	-10240.391726496522
211500	-9825.456781302577
212000	-10320.819437004775
212500	-10393.820350654607
213000	-10530.700992960754
213500	-10334.418102824318
214000	-13311.970870478417
214500	-11725.210274163981
215000	-10396.704303379438
215500	-11081.797560830915
216000	-10597.922108614022
216500	-11482.004680450074
217000	-10004.847652091075
217500	-10151.753751571277
218000	-10560.819876764544
218500	-9808.531884256665
219000	-10486.871063191258
219500	-11100.862941408723
220000	-12299.424191062832
220500	-12698.341902162349
221000	-13037.935415534123
221500	-11794.502656548462
222000	-12666.15346912451
222500	-14755.727137574697
223000	-10423.894720757879
223500	-9412.261243909225
224000	-10202.495970119151
224500	-11809.201216394107
225000	-10643.024940752004
225500	-10544.69605233471
226000	-10230.892696441488
226500	-10724.187455513771
227000	-12953.885302155019
227500	-10776.000092319007
228000	-11044.210959474132
228500	-11332.926066198926
229000	-12475.052224319397
229500	-14451.059907183715
230000	-11941.399227103402
230500	-10376.552804419314
231000	-11280.456415720411
231500	-12103.867204806651
232000	-10768.38857781658
232500	-10624.46249432641
233000	-11013.27892938682
233500	-10710.689735096532
234000	-10376.860207318241
234500	-9828.954366110558
235000	-10104.49672395645
235500	-10409.014279409981
236000	-9809.167866246575
236500	-10195.176251773568
237000	-10301.796629815757
237500	-12240.394870398046
238000	-12046.474814456276
238500	-10604.73371321768
239000	-10477.368499626898
239500	-10715.834751205408
240000	-9766.774467452675
240500	-10214.182511199153
241000	-9829.267457963548
241500	-10530.45677569638
242000	-9910.139535943774
242500	-10374.126247418051
243000	-10780.141881473108
243500	-10019.307902653703
244000	-9414.699170974556
244500	-9705.165314281265
245000	-9677.531123945479
245500	-9769.589213564219
246000	-9704.76397803945
246500	-9971.332372035416
247000	-10114.496832234261
247500	-9847.09697430313
248000	-9843.238410415239
248500	-9945.277893954422
249000	-10056.988343487343
249500	-13483.302559644333
250000	-14291.439904182222
250500	-12239.149479917627
251000	-10681.784424590856
251500	-10330.448572289846
252000	-11224.894221942233
252500	-10586.843651503686
253000	-10390.592088989933
253500	-10536.264433190752
254000	-10368.41677978081
254500	-9686.133761093812
255000	-9459.295209605018
255500	-9668.348909299506
256000	-8612.194920213593
256500	-9659.37909695416
257000	-9750.094021749088
257500	-9229.390341555723
258000	-9420.276545825598
258500	-9769.412706118794
259000	-10312.511777466172
259500	-10171.123878459648
260000	-10329.311478592095
260500	-10255.947450273741
261000	-10118.678923204772
261500	-10976.356119732858
262000	-12255.754424445548
262500	-11832.93953623305
263000	-10874.176866206568
263500	-11984.346823130154
264000	-10278.140238385668
264500	-12681.537466479838
265000	-12914.902461169122
265500	-11083.38035900485
266000	-11682.422576518575
266500	-16391.128445481805
267000	-16388.635400955747
267500	-15886.274900484654
268000	-14758.364407096049
268500	-10494.82766416316
269000	-11277.825754827492
269500	-10584.426761685916
270000	-10533.774595684301
270500	-10440.645128687398
271000	-12867.619888549823
271500	-11927.86236546057
272000	-11322.931097971175
272500	-14988.263831400516
273000	-12343.81651129996
273500	-13022.690434535867
274000	-11328.785366787306
274500	-15346.141429986927
275000	-11881.824185424846
275500	-11716.542275819089
276000	-12605.481541800622
276500	-15247.88531621398
277000	-12843.764288448821
277500	-11621.75531852956
278000	-12856.109871033921
278500	-12610.370243260084
279000	-11617.738740729023
279500	-12037.371748935355
280000	-10439.560956787967
280500	-10655.120500859033
281000	-9999.462727248458
281500	-10300.98803297912
282000	-10524.76869040084
282500	-10620.932906842754
283000	-11422.843370680906
283500	-11409.5738720091
284000	-11849.909254355465
284500	-10610.63856541059
285000	-10737.850497039786
285500	-13403.65654965657
286000	-9726.570007351875
286500	-9933.543700894314
287000	-9817.706479205552
287500	-10281.041821182811
288000	-10377.285074149942
288500	-10766.378240816994
289000	-10642.659226690477
289500	-10881.83228662695
290000	-10653.115745250967
290500	-10882.754787444539
291000	-10355.2598748649
291500	-10301.608195245673
292000	-10842.964290276092
292500	-10034.45431075215
293000	-10683.66101603946
293500	-10203.199072167254
294000	-11194.476246461782
294500	-10976.360723439817
295000	-10744.396286643683
295500	-10841.833520320923
296000	-10390.285740006995
296500	-10270.063043235456
297000	-9625.316921371324
297500	-10361.777449905905
298000	-9872.185821328905
298500	-11285.45197062208
299000	-15727.534142622728
299500	-15378.945248436132
300000	-11141.810826242536
300500	-10187.092844833354
301000	-12530.945892833846
301500	-10483.119567260654
302000	-10082.110395679912
302500	-11506.543467909944
303000	-12588.234846414407
303500	-11331.37927472086
304000	-10954.806908577913
304500	-11280.868076191126
305000	-10742.869759531939
305500	-11201.634196853525
306000	-10661.37078818102
306500	-9900.69935729412
307000	-10062.68379992841
307500	-10031.233718845497
308000	-9374.411778132544
308500	-10221.069339127784
309000	-10118.384986069752
309500	-10010.385678964984
310000	-9997.210167417157
310500	-9530.76750813731
311000	-10249.95013856953
311500	-10037.382538942742
312000	-9605.41834490735
312500	-9993.78910171971
313000	-9336.126334948553
313500	-9360.517890999236
314000	-10254.409433568424
314500	-9508.6177759379
315000	-9621.758775365266
315500	-9538.311122034205
316000	-9194.939199079996
316500	-9420.380840604144
317000	-9646.615669338396
317500	-9214.258923277941
318000	-9485.598808531211
318500	-9534.855191873423
319000	-9215.820391543766
319500	-9222.31463185309
320000	-8794.21988083649
320500	-9226.149562272123
321000	-9326.954290655405
321500	-8363.621526651952
322000	-9495.404827886437
322500	-8888.516654078521
323000	-8875.774417900835
323500	-9517.287013481568
324000	-9310.587763318146
324500	-9430.136134389226
325000	-9245.048167812814
325500	-9706.908735717494
326000	-10041.579846142084
326500	-9301.229198963767
327000	-8881.10084372655
327500	-9330.575439439544
328000	-9989.549823993424
328500	-8831.163178288727
329000	-9073.111264600233
329500	-8578.212533886513
330000	-8627.87839601499
330500	-8273.402430202259
331000	-7857.52164627447
331500	-8130.648385811838
332000	-7171.843912507284
332500	-7004.902572051655
333000	-6913.0040252640665
333500	-7153.27820433059
334000	-6667.634056382816
334500	-6539.575318218514
335000	-8057.702094550726
335500	-8313.976160785107
336000	-8313.856746548812
336500	-7956.940316864961
337000	-7743.82096333945
337500	-7900.6411623660415
338000	-8023.5796012731225
338500	-8447.05722439133
339000	-8393.869070357605
339500	-8556.400625231103
340000	-8829.450802719264
340500	-8668.294761787489
341000	-9032.260206822004
341500	-8538.182575776153
342000	-8797.652268071737
342500	-8501.647744702734
343000	-8814.41406707811
343500	-8722.716990492354
344000	-9448.72559120948
344500	-9694.81214962333
345000	-9545.719892726174
345500	-10939.840624618268
346000	-9745.72794377775
346500	-9614.048600626227
347000	-9687.60603691984
347500	-8685.68755734375
348000	-9106.530458803294
348500	-9081.785035780644
349000	-8904.66383847433
349500	-8643.356702991317
350000	-8724.374060346576
350500	-8501.954282119497
351000	-8856.037597487673
351500	-8493.893735544105
352000	-8496.895882631132
352500	-8413.784859482683
353000	-8839.262926463978
353500	-8467.306200989717
354000	-9585.89756929176
354500	-9005.81114465039
355000	-9149.533671388303
355500	-9848.486481505675
356000	-9610.193670720904
356500	-9769.5278867716
357000	-9893.983331003827
357500	-9441.439827278025
358000	-9917.394523323948
358500	-9275.531913983927
359000	-10557.393647654799
359500	-10821.432954505994
360000	-10713.034919234942
360500	-9997.436795288377
361000	-11095.272786335958
361500	-11102.491356450944
362000	-10424.026983349313
362500	-9899.620790270284
363000	-10197.427265504391
363500	-10642.66990282204
364000	-11956.601271705238
364500	-11131.362791861462
365000	-9392.069562445538
365500	-9215.20103312057
366000	-9329.32326925598
366500	-9346.197354755546
367000	-9241.394200789708
367500	-9232.174942707707
368000	-9150.26794025847
368500	-9704.902318080842
369000	-9858.536162796967
369500	-10141.650233977438
370000	-9924.653166523105
370500	-9511.946052855124
371000	-9657.625369449353
371500	-9660.95662077629
372000	-10158.749582793676
372500	-10634.095732106138
373000	-10588.628728873415
373500	-10521.923915195888
374000	-10583.389950093177
374500	-11446.820345915216
375000	-11657.434125475973
375500	-13271.087417927429
376000	-13070.729162418638
376500	-12173.333487764656
377000	-12431.115475691113
377500	-10436.43665714536
378000	-10189.539514244161
378500	-10503.323430080229
379000	-10371.645607125833
379500	-10531.725442716845
380000	-11078.861882087755
380500	-12884.581556819177
381000	-13399.216862761337
381500	-14533.760304036445
382000	-13659.570628358444
382500	-13692.9115212644
383000	-14704.058093123103
383500	-13568.26405135688
384000	-15908.34219106892
384500	-14820.111572990556
385000	-12412.859091231143
385500	-10478.272361575702
386000	-10581.565942678691
386500	-10184.461154623088
387000	-10379.49725631357
387500	-10277.440485326522
388000	-10374.727939805198
388500	-9809.61792545746
389000	-10168.25067661961
389500	-9968.434637327116
390000	-9030.787255618552
390500	-9200.402353859632
391000	-9399.44738158258
391500	-9739.195891445961
392000	-9449.522060235066
392500	-9046.281333888668
393000	-9727.369648064207
393500	-9519.870114719417
394000	-8854.593865099563
394500	-8794.77163039294
395000	-9330.476782241809
395500	-8796.35235660793
396000	-7605.968238599555
396500	-7536.717028606853
397000	-7420.92109752117
397500	-7955.711430431156
398000	-8119.282879019838
398500	-7957.058809103549
399000	-7972.376824698368
399500	-8291.981727334289
400000	-7309.777979473343
400500	-7488.261008843005
401000	-7579.366731612443
401500	-7362.534346118866
402000	-6976.86221926461
402500	-7165.742913551514
403000	-6937.648740117055
403500	-7007.992403721564
404000	-6904.139967736181
404500	-6878.662255544561
405000	-7184.753084654893
405500	-7149.051979136312
406000	-6809.7952340978045
406500	-7049.342075209314
407000	-7561.731520761694
407500	-7109.500373419773
408000	-7689.505539091835
408500	-7620.950546532847
409000	-7516.128076139683
409500	-6939.501135359681
410000	-6926.310233888803
410500	-6956.447603000909
411000	-7813.396683114854
411500	-7262.911588104095
412000	-7498.178654586626
412500	-6831.748875078167
413000	-6859.55002900446
413500	-6707.99476314058
414000	-6718.346036760447
414500	-6535.398516800688
415000	-6536.359530536438
415500	-6257.364210989035
416000	-5783.2082117607215
416500	-5660.363020962212
417000	-5634.956052809262
417500	-5736.626821125401
418000	-6426.24735954076
418500	-5495.722930419155
419000	-5668.151230828923
419500	-6008.579936734802
420000	-6315.476578429499
420500	-6301.767087253569
421000	-6611.488456370213
421500	-6895.213778842641
422000	-7112.824021452407
422500	-7234.388621459504
423000	-7307.7020367827745
423500	-7529.369435846376
424000	-7491.103089537142
424500	-7265.791506802147
425000	-6868.879433653508
425500	-6545.659377397526
426000	-6525.513889553059
426500	-6365.899869385962
427000	-5849.351823304085
427500	-5980.632237900538
428000	-6325.957184122642
428500	-6640.236860950614
429000	-6640.329638770521
429500	-6578.536424388547
430000	-6822.793649563398
430500	-6710.537004726821
431000	-6506.527482527882
431500	-6001.040178086546
432000	-5039.946200436774
432500	-5297.605676834088
433000	-5156.878881408105
433500	-4873.926572816128
434000	-4773.152014246224
434500	-4857.934621293651
435000	-4396.978132775127
435500	-4360.405523708302
436000	-4489.968095232988
436500	-4511.521274204072
437000	-4774.686244669101
437500	-4670.461027269699
438000	-4970.344278872371
438500	-4718.340225258759
439000	-4461.984695007954
439500	-4418.609996670357
440000	-5006.77982114464
440500	-4997.151871063291
441000	-4728.301932136078
441500	-6164.799667291605
442000	-6093.333184150777
442500	-7406.635085514602
443000	-7073.78246250543
443500	-6507.024510830756
444000	-6145.767690055885
444500	-7185.138755574341
445000	-6933.938648476368
445500	-6939.103573567821
446000	-6096.129448648591
446500	-5900.405274154468
447000	-4850.0724981495405
447500	-4825.510075705805
448000	-4770.586933456433
448500	-5978.706326845513
449000	-6815.780250044811
449500	-6721.5935067044065
450000	-6296.389034775519
450500	-5953.952746297059
451000	-5612.806971910342
451500	-6552.898797475298
452000	-7145.282171316971
452500	-7250.232773452583
453000	-7614.253646715538
453500	-7624.0665640956395
454000	-7436.977876850235
454500	-7193.773552159381
455000	-7282.940783388753
455500	-7318.619962999443
456000	-7612.33218185174
456500	-7603.678754052212
457000	-7779.252962761876
457500	-7570.221445401891
458000	-7525.004582772844
458500	-8006.561749731857
459000	-8057.259853972377
459500	-6642.996659900053
460000	-6538.500365177038
460500	-6757.494861547327
461000	-6540.410536878675
461500	-6664.729844121256
462000	-6718.5241772208865
462500	-6878.371057836945
463000	-6538.459149292118
463500	-6767.6771746325885
464000	-6758.1354067222865
464500	-6675.156282429644
465000	-6807.821066288049
465500	-6718.093478658397
466000	-6809.595924837909
466500	-6726.94765961306
467000	-6809.603118872491
467500	-6808.926802825846
468000	-6293.3549348169245
468500	-6809.580079179724
469000	-6791.737852758107
469500	-6569.573510986707
470000	-6762.167569789096
470500	-6321.39618334571
471000	-6280.62637239656
471500	-6437.703288011267
472000	-6341.923644924275
472500	-6298.649333596554
473000	-6605.65800063413
473500	-6470.820955318029
474000	-6648.709212874836
474500	-5824.968311181716
475000	-6186.212855453278
475500	-6603.624115966957
476000	-6437.405634217721
476500	-6788.817438283442
477000	-6781.8198487647605
477500	-6601.917596044734
478000	-6604.264905616685
478500	-6751.145670615593
479000	-6809.267165647247
479500	-6712.00007522648
480000	-6367.9378947860005
480500	-6749.034325835052
481000	-6706.854074060673
481500	-6769.573789244262
482000	-6797.720625559218
482500	-6641.060765017359
483000	-6776.785206854647
483500	-6775.156505671721
484000	-6772.2110671289
484500	-6788.512780307195
485000	-6383.355420394875
485500	-6176.834394153185
486000	-9011.52568261059
486500	-9046.566984013323
487000	-8639.367842475052
487500	-9015.726846456248
488000	-8997.861621730606
488500	-8652.155367319585
489000	-9031.527628962409
489500	-8582.478405520738
490000	-7974.846969890051
490500	-8022.218064394629
491000	-8245.06162265254
491500	-8556.729127721177
492000	-8950.945283209194
492500	-8701.60777734005
493000	-9059.772590372471
493500	-9063.419855550183
494000	-9008.112052077347
494500	-9193.540319270352
495000	-9099.794908050293
495500	-9123.061252253272
496000	-9053.403197887797
496500	-9241.273752973804
497000	-9241.613323499545
497500	-9113.214293943283
498000	-9244.532776948954
498500	-10197.388504302147
499000	-9967.826553338664
499500	-9982.787630246987
500000	-9832.016962365862
500500	-7164.822269450197
501000	-7073.182989524042
501500	-7122.376531054598
502000	-7242.272067824569
502500	-7522.917783494438
503000	-7345.57600677327
503500	-7208.796065465853
504000	-7420.176620128829
504500	-6885.1475601229395
505000	-7137.607100086658
505500	-6904.307656115002
506000	-7202.524635273888
506500	-6752.34387200649
507000	-6305.322841717426
507500	-5862.1690478199025
508000	-5792.629428909367
508500	-5488.038126886224
509000	-5308.827303384073
509500	-5288.421808536071
510000	-5333.011375081804
510500	-4946.106309990691
511000	-5117.017515132674
511500	-4558.149083774593
512000	-4608.274557656985
512500	-4741.338779530444
513000	-5421.6501828894425
513500	-6514.428132438188
514000	-5989.396391673981
514500	-5939.157271528998
515000	-6074.062439928605
515500	-5871.49053254245
516000	-6076.944613123959
516500	-6091.455923363399
517000	-6165.4439023743125
517500	-5737.454647212364
518000	-6591.087691550159
518500	-6720.356949624631
519000	-6219.2466840435145
519500	-6705.030868324946
520000	-6956.12289011984
520500	-6644.474169501848
521000	-6896.857740075756
521500	-6895.489190694658
522000	-6762.003028256617
522500	-6765.718082407021
523000	-6852.86728093325
523500	-6848.824184167063
524000	-7038.3268671468595
524500	-6935.297092269888
525000	-6767.095195416168
525500	-6770.073806774387
526000	-7002.926291936785
526500	-6885.715557379021
527000	-6966.162494334984
527500	-7015.498137316664
528000	-7991.971116922903
528500	-7801.718508551292
529000	-7241.988567245535
529500	-7384.809579869564
530000	-7348.669629616987
530500	-6440.620132398901
531000	-6468.884515581354
531500	-6448.17286135173
532000	-6457.708438825036
532500	-6434.045836433345
533000	-6468.74863300042
533500	-6461.183380163151
534000	-5867.047237358458
534500	-6430.284896239018
535000	-6468.709561968836
535500	-6313.997740571414
536000	-6144.749183679364
536500	-5419.236851491146
537000	-4365.535656146231
537500	-4514.351210887789
538000	-4354.218980946345
538500	-4440.186294518171
539000	-4603.295008159636
539500	-4739.258688471549
540000	-4620.621323791935
540500	-4545.67204574389
541000	-4580.752567516636
541500	-4445.363584766096
542000	-4492.023884819996
542500	-4427.413378034375
543000	-4907.00548692916
543500	-4706.856572582749
544000	-4278.756899883577
544500	-4224.805702777093
545000	-4515.590239102418
545500	-4414.936853333258
546000	-4334.751700000695
546500	-4691.647095090395
547000	-4633.361171843522
547500	-4836.463678450051
548000	-5604.291375063314
548500	-5407.8448766798065
549000	-4900.604191063529
549500	-4688.913000873763
550000	-4692.447120283962
550500	-4737.979096763957
551000	-4639.264502860643
551500	-4704.954400715531
552000	-4774.21105457264
552500	-4745.9936645297375
553000	-4810.004727976999
553500	-5209.2935222710385
554000	-5045.994840395463
554500	-4996.529512093114
555000	-4626.42187015792
555500	-4748.700150428986
556000	-4798.963961870149
556500	-4595.857232363715
557000	-4930.918302723649
557500	-5375.828932517989
558000	-5267.172182112376
558500	-5442.011826467961
559000	-5280.732156876887
559500	-5108.375524864543
560000	-5192.614539027467
560500	-5144.692947440355
561000	-5645.520843499241
561500	-6180.723537511862
562000	-6271.615160968629
562500	-5752.593234207463
563000	-5403.94841600864
563500	-5449.267325493038
564000	-5167.555247340867
564500	-5185.187281995483
565000	-5310.788018090708
565500	-5013.357304870633
566000	-4383.565566129501
566500	-4439.354145449578
567000	-4641.365328021169
567500	-4517.618780658328
568000	-4686.660778703654
568500	-4818.1544411512
569000	-5009.064855028121
569500	-4802.256533484157
570000	-4968.499517418112
570500	-5010.6995748913305
571000	-5296.663943710702
571500	-5153.79801604009
572000	-5535.174397777291
572500	-5417.554078725938
573000	-5055.708621893172
573500	-5662.883151107513
574000	-5441.948166412809
574500	-5750.726200979095
575000	-5572.960233443501
575500	-5961.418665399994
576000	-6092.030197964413
576500	-5776.298862276617
577000	-5756.0535718181545
577500	-5595.171621152849
578000	-5459.3012129105055
578500	-5832.160265067798
579000	-5863.013795554916
579500	-5870.898484756387
580000	-6240.082233082223
580500	-6353.723979891508
581000	-6532.011323900196
581500	-6784.600841803664
582000	-6617.948924375358
582500	-6971.031118045533
583000	-6994.6005612423705
583500	-7370.622478875217
584000	-7198.172276336463
584500	-7440.440446584019
585000	-7183.288042480471
585500	-7817.446265073432
586000	-7836.098501566288
586500	-7320.763786203649
587000	-7460.786852117601
587500	-6943.662600104696
588000	-6797.56821849402
588500	-5890.661317741917
589000	-5556.374292305833
589500	-5172.87672069448
590000	-5017.400249801007
590500	-4952.591271313789
591000	-4924.800566633238
591500	-5082.138931906674
592000	-5650.922966213403
592500	-5299.837192040414
593000	-5480.067974194939
593500	-5257.940150105204
594000	-5209.331228744614
594500	-5431.714400744233
595000	-6085.84825754958
595500	-5950.205888313306
596000	-6145.744089694178
596500	-5712.841901191531
597000	-6227.765244243898
597500	-6121.20291897561
598000	-6011.724971420794
598500	-6244.754538842641
599000	-5837.819079109926
599500	-5422.334922284113
600000	-5368.396011941535
600500	-5436.385860664039
601000	-5432.902203660872
601500	-5445.087162053183
602000	-5161.416070477454
602500	-4808.8932656049055
603000	-7279.522341369234
603500	-6479.9266734099865
604000	-6926.780928982794
604500	-7932.5985799700875
605000	-8183.625618006242
605500	-8127.762437471801
606000	-7801.308119459831
606500	-7486.627825799365
607000	-5239.929131473219
607500	-6161.695680782645
608000	-5696.606388467829
608500	-5554.927217697841
609000	-4968.079142083398
609500	-4874.5482637866
610000	-4768.882653135698
610500	-4701.749226499864
611000	-4590.9441399128755
611500	-5119.789231642997
612000	-4876.875626827691
612500	-4890.145743192863
613000	-5010.973337949563
613500	-5067.7331056995245
614000	-5209.846832660195
614500	-5408.351520243181
615000	-5949.14419160206
615500	-5569.41178307036
616000	-5679.73545869216
616500	-5773.345994832391
617000	-5427.1752037644355
617500	-6179.672413202874
618000	-6938.490034008139
618500	-7303.175065989674
619000	-7136.975712652652
619500	-6989.347197436829
620000	-6685.8528759597575
620500	-6678.178539047549
621000	-9012.873544070872
621500	-9256.286036550313
622000	-9217.315319041416
622500	-9378.07691144667
623000	-9069.019540361043
623500	-9017.542968117357
624000	-9239.984134310727
624500	-8661.189416836354
625000	-7213.572098746131
625500	-6396.016040544811
626000	-5861.195432530002
626500	-6205.299595803803
627000	-5221.924859241709
627500	-5717.26743472554
628000	-4654.412118913824
628500	-5821.28194912114
629000	-5205.034366066152
629500	-5317.955289348903
630000	-5359.942256630781
630500	-5145.640479588431
631000	-4942.707103082974
631500	-5378.740625087796
632000	-5290.193356617374
632500	-5609.400615375638
633000	-5865.322178520023
633500	-5564.023528002154
634000	-5353.865467823935
634500	-5625.857089029731
635000	-5120.713569156497
635500	-5345.549986561563
636000	-4731.4447455792915
636500	-5482.909158486603
637000	-4979.149185054035
637500	-5100.115142695492
638000	-5014.000009869346
638500	-5263.567651040666
639000	-5704.7156638857605
639500	-5803.216712555179
640000	-5133.1381560879545
640500	-5518.106399905099
641000	-5049.868737306446
641500	-5353.243989947192
642000	-5010.648888205048
642500	-5238.866300173302
643000	-4754.67242186866
643500	-5068.400324903818
644000	-5279.44334455896
644500	-5027.593227296237
645000	-4956.960920256105
645500	-4681.825005048083
646000	-5017.457173216566
646500	-5078.878107082673
647000	-4672.105116392098
647500	-4935.6336482998595
648000	-4757.414358200607
648500	-5216.179485921251
649000	-5876.079893799506
649500	-6271.787944765986
650000	-6039.115068561852
650500	-5875.185492077024
651000	-5920.906416661021
651500	-6033.560530285021
652000	-7397.550030895156
652500	-6839.782629612957
653000	-8954.565270343226
653500	-9046.341684933966
654000	-9198.75535356421
654500	-8658.33768070152
655000	-9119.018017557226
655500	-6628.080630719782
656000	-6644.498199456036
656500	-6608.98577696942
657000	-6539.22059257047
657500	-6697.580963900374
658000	-6692.8790355271885
658500	-6763.762037924128
659000	-6708.761740018195
659500	-6700.912803249421
660000	-6384.399985126133
660500	-6166.605637501033
661000	-5236.765732755979
661500	-5084.712115983373
662000	-5045.699557869459
662500	-5162.882957060898
663000	-4827.48740765327
663500	-5103.054403325711
664000	-5404.833415417783
664500	-4708.4295340234585
665000	-5096.870923311855
665500	-5648.747420245264
666000	-5726.351085984617
666500	-6354.760497403453
667000	-6701.522988353943
667500	-7098.845724173288
668000	-7114.176686088868
668500	-7676.166463002355
669000	-7910.650944037263
669500	-7463.360823351953
670000	-7555.405914121353
670500	-7667.364946841857
671000	-7674.440534837395
671500	-7979.251299776858
672000	-8941.679837696589
672500	-8358.42700633716
673000	-8587.91839532522
673500	-8260.07420086203
674000	-9028.60806936808
674500	-8809.095361651353
675000	-9268.214573421033
675500	-9835.721203552226
676000	-9522.481327437841
676500	-9467.304862676743
677000	-9593.114594210374
677500	-9467.583302424793
678000	-9016.763794490229
678500	-9321.493617675993
679000	-10061.652592835524
679500	-9490.481505552452
680000	-9118.380881342315
680500	-9197.081775561493
681000	-9866.774847933979
681500	-9675.97100391602
682000	-9797.450966909457
682500	-9772.102018791642
683000	-9426.63204154206
683500	-9797.139538974146
684000	-9599.260812166172
684500	-9767.506087523632
685000	-9123.826114992753
685500	-9708.220906979803
686000	-9751.848167614855
686500	-10098.444790162132
687000	-9694.605982874415
687500	-9426.551643314933
688000	-9326.641252595778
688500	-9617.82834840839
689000	-9428.902127608006
689500	-9468.184062707836
690000	-9347.340115420742
690500	-9526.551344020829
691000	-9796.614748204975
691500	-9628.477801505502
692000	-9378.83865807823
692500	-9503.948209404341
693000	-9594.363855481159
693500	-10042.233085369626
694000	-9851.700454165557
694500	-9997.250975569288
695000	-9543.041409697687
695500	-9605.535899801198
696000	-9460.977249736185
696500	-9565.684184198626
697000	-9388.615836573555
697500	-9883.94643214489
698000	-10054.992453856936
698500	-10459.681228830896
699000	-9542.69235822721
699500	-9800.990617931979
700000	-9582.232050686483
700500	-10657.625541779607
701000	-10057.479850692764
701500	-10092.981119182707
702000	-9531.164663288799
702500	-10164.509597594733
703000	-10451.337318805383
703500	-10033.74954081782
704000	-9780.256258049889
704500	-10126.99108404896
705000	-10088.25814147702
705500	-10071.92668012383
706000	-9680.88037394666
706500	-10655.123510204174
707000	-10355.58738553105
707500	-9635.021075324876
708000	-9858.12667657685
708500	-10223.6187233515
709000	-10226.641146203083
709500	-9481.45267915155
710000	-9275.24713417037
710500	-9412.951595630879
711000	-8753.766973955899
711500	-8910.52516410535
712000	-8395.698086307088
712500	-9411.689180603924
713000	-9261.127137462248
713500	-9630.13834230357
714000	-9274.149090781711
714500	-9580.618228566045
715000	-9694.242569566539
715500	-9302.795615468618
716000	-8840.666010965362
716500	-9153.772078613214
717000	-9609.008378195726
717500	-9067.324417821214
718000	-8976.636410713258
718500	-8393.727777439946
719000	-8413.2919358047
719500	-8320.498768368725
720000	-8134.738424046051
720500	-8465.588447307075
721000	-8681.28139861722
721500	-9280.469294260329
722000	-9112.03006324978
722500	-9303.974859446265
723000	-9493.729504848947
723500	-9103.869293521975
724000	-8927.758552936622
724500	-9377.743838357022
725000	-9282.093178031653
725500	-9633.32957005731
726000	-10142.077186887995
726500	-9728.834401038308
727000	-9261.260619673365
727500	-8877.835238320658
728000	-9086.629455168984
728500	-8835.929535002411
729000	-8451.426501793701
729500	-8119.825402671431
730000	-9180.002207453012
730500	-8490.213966130998
731000	-7918.00331730354
731500	-8317.898762535555
732000	-7706.130598151441
732500	-8178.85342297801
733000	-8320.166712418068
733500	-9431.57577031586
734000	-9715.35042494798
734500	-9131.658661693373
735000	-9077.499916936302
735500	-8888.087665665658
736000	-8668.274930837486
736500	-8643.087676627347
737000	-8432.069715510741
737500	-8521.665202567785
738000	-8802.596815551882
738500	-9361.082342216596
739000	-8683.955424467456
739500	-9480.097697162018
740000	-9362.753758732284
740500	-9205.389947904385
741000	-8773.52404556277
741500	-8547.290703448934
742000	-9177.71361594916
742500	-9232.477013657688
743000	-9078.160262346
743500	-8784.846704417105
744000	-9681.808164744762
744500	-9801.83213374778
745000	-9938.884075913902
745500	-9712.191109330628
746000	-9452.551249866132
746500	-9292.576770926697
747000	-8969.258221464774
747500	-9296.60704831262
748000	-9871.233860995822
748500	-10768.97141137958
749000	-12273.83479771463
749500	-11573.577572679003
750000	-12838.40947743893
750500	-12237.99727206733
751000	-11771.956534920842
751500	-10858.059511698159
752000	-10102.303303549616
752500	-9602.327573454004
753000	-9994.146475607671
753500	-9081.677543870986
754000	-9035.389291818032
754500	-8727.80520873307
755000	-9051.348823164188
755500	-9244.813983657683
756000	-9227.043973109603
756500	-9694.611111369015
757000	-9965.336626350263
757500	-10171.681965611006
758000	-9660.765061373311
758500	-9745.348463175103
759000	-10155.369248459927
759500	-10033.33137446369
760000	-12485.475175074649
760500	-10207.568929948391
761000	-9475.430442337021
761500	-9740.923819788504
762000	-9378.99299830992
762500	-8822.95693463698
763000	-8836.28897956426
763500	-9601.805581666786
764000	-9637.181733457743
764500	-9559.639181340342
765000	-9706.49256908078
765500	-9670.509894875544
766000	-9231.328321668956
766500	-9145.513512005888
767000	-9365.260240035299
767500	-9309.783354262334
768000	-9356.015754320453
768500	-9542.959076511379
769000	-9176.422154211341
769500	-8909.859090171181
770000	-8339.113320556786
770500	-8757.275264820037
771000	-8799.270118997792
771500	-9098.751631780216
772000	-8714.471336641558
772500	-9115.795592876186
773000	-8856.591841057563
773500	-8295.805688454559
774000	-8824.004786689904
774500	-8718.005271013119
775000	-8778.222867174862
775500	-8657.943148253456
776000	-8893.424629341307
776500	-9060.203144892916
777000	-9084.897030408945
777500	-8841.823435244882
778000	-9023.98672995679
778500	-9793.842364404989
779000	-8707.756257783589
779500	-8597.795034781471
780000	-9055.152589453197
780500	-8452.73093295337
781000	-8795.169126683462
781500	-9075.914003705993
782000	-8758.929869195736
782500	-9119.850899252084
783000	-9172.304141052784
783500	-8491.361513613896
784000	-8378.703869139888
784500	-9152.136005035285
785000	-8670.383039738603
785500	-8842.966072539655
786000	-8986.862127763508
786500	-8873.952395327378
787000	-8400.55026000082
787500	-8200.097975538376
788000	-8631.851776371972
788500	-8380.329187199368
789000	-8911.425110737338
789500	-8352.187261163093
790000	-7962.984437514861
790500	-8677.677478073516
791000	-9334.54299757833
791500	-9423.6247070339
792000	-8853.713285924134
792500	-8057.831339245549
793000	-8737.162127548512
793500	-8723.8353452575
794000	-9159.92831397336
794500	-8942.768472699288
795000	-8325.809695213457
795500	-8894.943102687985
796000	-8254.33911802906
796500	-8324.795611871
797000	-8011.3354651477875
797500	-7923.727013146926
798000	-7519.7935162150125
798500	-7048.0856660105455
799000	-7004.226969876035
799500	-7076.016909987146
800000	-7128.901654906267
800500	-7322.62048337506
801000	-7328.849625288604
801500	-7152.508455486035
802000	-6885.964093313719
802500	-6560.539530018254
803000	-5870.416117768138
803500	-6320.705491648974
804000	-6149.148492344133
804500	-6169.677723905763
805000	-6317.522154072015
805500	-6452.2467472470635
806000	-5926.806703560784
806500	-6438.613518535865
807000	-6315.249708719349
807500	-6265.869344344744
808000	-5984.626464516913
808500	-5752.505618546969
809000	-5875.814463013754
809500	-5398.248924099466
810000	-5570.363578203888
810500	-5954.676109778406
811000	-5416.755861836517
811500	-5344.176244558714
812000	-5106.47672576026
812500	-4999.774965575291
813000	-4567.4918055250955
813500	-4689.652983750601
814000	-4462.791244326503
814500	-4389.111052407004
815000	-4646.625541652789
815500	-4532.92526844151
816000	-4575.328300247066
816500	-4350.927722267747
817000	-4337.545938197438
817500	-4919.260573239237
818000	-4707.864559754882
818500	-4665.660752016533
819000	-4537.955957574501
819500	-4691.35197720876
820000	-4861.116739591262
820500	-4945.8847027036345
821000	-5118.545102068115
821500	-4739.959058583843
822000	-4695.371330883259
822500	-4640.837441649978
823000	-4754.527459177083
823500	-6416.256853258922
824000	-6224.069241363041
824500	-7126.996517905771
825000	-5829.194285408263
825500	-8497.50119453015
826000	-8595.788702132157
826500	-8748.725151705497
827000	-8686.980589222516
827500	-8619.941228476688
828000	-8899.13133028704
828500	-8791.24562321057
829000	-8945.911335798293
829500	-8878.445951231846
830000	-8858.7382229761
830500	-8937.390915782149
831000	-8656.514698000994
831500	-8463.973186097614
832000	-8561.895610519343
832500	-8494.290825561375
833000	-8671.279613565726
833500	-8707.49265129033
834000	-8782.58410075248
834500	-8898.705442329663
835000	-8351.90666663983
835500	-7896.2781354603185
836000	-7990.778231247667
836500	-8419.5966686601
837000	-6970.366518980258
837500	-7322.529287646836
838000	-7645.464413368325
838500	-6188.3915345358655
839000	-6098.9957943663
839500	-7021.711464430572
840000	-6161.93411347312
840500	-6189.021032435148
841000	-6501.981616603705
841500	-4678.076615051655
842000	-4766.092314508876
842500	-4854.545876397726
843000	-4842.234252809877
843500	-5062.20459204401
844000	-5265.051382218203
844500	-5491.05687093772
845000	-5708.775039859272
845500	-5700.658746723525
846000	-6076.098298398605
846500	-5949.140880234368
847000	-6181.1285415491875
847500	-6233.219288769984
848000	-5995.230520887272
848500	-6138.941064757513
849000	-6341.343750398712
849500	-6228.567236953624
850000	-6083.96919213887
850500	-6292.129629838389
851000	-6715.53270192894
851500	-6498.478923502543
852000	-6511.029489849136
852500	-6291.660174554161
853000	-6288.136192183845
853500	-6119.37732925782
854000	-5798.880455829147
854500	-5848.9680907453285
855000	-5965.993104667335
855500	-6223.867158162462
856000	-6296.638897779181
856500	-6557.602606054277
857000	-6973.711029170886
857500	-7141.0429577488185
858000	-6750.998387675496
858500	-6272.094426851725
859000	-6501.819634217402
859500	-7000.569244355707
860000	-6548.96999899561
860500	-6815.008531979362
861000	-6863.051950702169
861500	-7573.663172466721
862000	-7794.657861729608
862500	-7984.581332135588
863000	-7550.832894712383
863500	-7977.050770294064
864000	-7570.120387174442
864500	-7837.512469957579
865000	-8461.34679002972
865500	-8716.483480875337
866000	-8879.041637800716
866500	-9024.220900741306
867000	-8611.98446621364
867500	-9315.044955577712
868000	-9370.561191620303
868500	-9949.617876634053
869000	-10587.100316735288
869500	-11190.275499393236
870000	-11934.664681010598
870500	-12708.53321237801
871000	-12209.282790161198
871500	-10670.608210299988
872000	-9826.953177034009
872500	-10037.511540740228
873000	-10275.707278238871
873500	-10480.295375498457
874000	-9958.830986136458
874500	-11609.727966503904
875000	-10128.824438482681
875500	-9769.117802956467
876000	-10708.861069489209
876500	-9712.480384576744
877000	-10076.60956360118
877500	-10117.157705192696
878000	-9370.910009535657
878500	-9516.075591945168
879000	-9930.14458349864
879500	-9884.80138556496
880000	-10219.345861542786
880500	-10441.353804777054
881000	-9913.957277040832
881500	-9725.625768355902
882000	-9761.780874251896
882500	-9135.43644296521
883000	-9731.234499339724
883500	-9709.18384516212
884000	-9156.150432628745
884500	-9388.35950035541
885000	-9117.99051660834
885500	-9381.805395149524
886000	-8457.583923990844
886500	-8248.02110647663
887000	-9047.709538566982
887500	-8129.586784249756
888000	-7990.2934200409145
888500	-8064.69222127161
889000	-8288.903276756417
889500	-8110.424594946173
890000	-8532.625491791434
890500	-8200.034122193247
891000	-9011.189198640037
891500	-9364.215533619117
892000	-8753.020916420142
892500	-8222.373425335314
893000	-7946.83411573607
893500	-7835.306008985704
894000	-7829.299711228488
894500	-7437.949200657599
895000	-8089.64387981305
895500	-7566.254622061872
896000	-7546.45558323821
896500	-7357.802780610444
897000	-7090.045335055514
897500	-7583.831580308674
898000	-7561.922136422388
898500	-7541.542569092222
899000	-8129.437588922237
899500	-7956.427933995377
900000	-8109.947704488999
900500	-8033.550254720861
901000	-7840.860934390795
901500	-6963.500294267308
902000	-7823.059810909699
902500	-8048.596147943368
903000	-7976.090564245719
903500	-8016.126591549898
904000	-8553.745569481809
904500	-8328.028217445548
905000	-8494.983567087671
905500	-8444.008878850134
906000	-8482.675216570498
906500	-7573.959833647022
907000	-7777.1417057777
907500	-7449.768615463925
908000	-7368.036829555774
908500	-7946.462143268867
909000	-7821.557634782622
909500	-7906.23735385636
910000	-8263.644075857634
910500	-8835.232891073072
911000	-8622.41579799097
911500	-9062.814600633566
912000	-8968.167197487686
912500	-9076.853994016497
913000	-9467.607390589237
913500	-8953.83075486039
914000	-9040.117138955206
914500	-8790.841207199319
915000	-8330.668910460838
915500	-8555.276730899861
916000	-8638.0476293452
916500	-8287.11896534021
917000	-7383.465940712214
917500	-7244.477926346942
918000	-7512.771897640383
918500	-7601.992465673668
919000	-7442.709597143648
919500	-7248.276544035105
920000	-8019.193612311257
920500	-7659.759567174476
921000	-7519.681730703143
921500	-8644.500934075822
922000	-8184.507739193026
922500	-7659.898683017511
923000	-8543.19900098747
923500	-8567.596721925114
924000	-7961.652361530325
924500	-7855.503408501212
925000	-7823.414950796366
925500	-7637.904274812214
926000	-7806.048401757524
926500	-8301.816569022123
927000	-7956.564359675776
927500	-7864.666765659619
928000	-7346.709838207299
928500	-7578.524013410617
929000	-7631.566259358521
929500	-7411.741064940682
930000	-7459.231704860725
930500	-7075.757624539477
931000	-7741.97108384078
931500	-7928.396085082562
932000	-7673.408520262072
932500	-7097.016168360129
933000	-6352.402670779509
933500	-6041.338756003387
934000	-5917.866253610958
934500	-6267.681058504387
935000	-6160.9590466207765
935500	-5764.210697268765
936000	-5764.11022613742
936500	-5869.042898067137
937000	-5986.757419608337
937500	-6067.173457603863
938000	-6196.662156536047
938500	-6596.373844621134
939000	-6914.273092843246
939500	-7013.747724534635
940000	-7544.007355218061
940500	-6910.08198411659
941000	-6827.354984890146
941500	-7540.585117462341
942000	-7015.6484626943675
942500	-6650.071101973749
943000	-6534.259185699675
943500	-6992.251189362755
944000	-6838.558958027053
944500	-6796.407368727368
945000	-6655.872589612359
945500	-6424.749330719479
946000	-6357.855149381447
946500	-6130.082033039529
947000	-6297.9427368410925
947500	-6191.234219363145
948000	-5320.008518232711
948500	-5125.103622824989
949000	-5137.215013684994
949500	-5011.070938496343
950000	-5075.091246652825
950500	-5017.25299591558
951000	-5892.174009097507
951500	-5631.4152497762625
952000	-5357.485275829099
952500	-5550.316905923288
953000	-5669.274840393119
953500	-5764.635965936813
954000	-5476.562660444013
954500	-5203.295822894744
955000	-5294.40935834403
955500	-4781.454921263479
956000	-5582.196829815325
956500	-5832.263269089793
957000	-5381.621108852391
957500	-5603.693869190385
958000	-5838.031163615146
958500	-6841.1983696655025
959000	-7123.799824183934
959500	-7751.520592675612
960000	-8465.672431966354
960500	-8226.806705474062
961000	-8399.032505512643
961500	-6935.959504424448
962000	-6800.641903981513
962500	-6863.50000936736
963000	-5130.597556756161
963500	-4676.264285619505
964000	-5243.021900880139
964500	-5159.273298933953
965000	-4772.928381580629
965500	-4604.917625363775
966000	-4765.3121898465115
966500	-4868.541111893074
967000	-4852.750928517576
967500	-4599.798779663502
968000	-4578.616626567414
968500	-4726.486792853685
969000	-5006.742565278806
969500	-5721.935950431119
970000	-5118.442532190338
970500	-4406.6171548689335
971000	-4838.3264493301685
971500	-4694.066616221039
972000	-4284.4904865607705
972500	-4340.759054598106
973000	-5009.369983712214
973500	-4554.922791156816
974000	-4874.935004264767
974500	-4547.269120687731
975000	-4612.255732502577
975500	-5007.604233129294
976000	-5431.805277955414
976500	-5491.657331102124
977000	-5795.67812388753
977500	-5771.547202983819
978000	-6186.159466883849
978500	-6132.830943528638
979000	-6300.902082151491
979500	-6113.099550390205
980000	-6092.719437453655
980500	-6122.742823571296
981000	-6482.375049794222
981500	-6442.655199645292
982000	-6309.70641814458
982500	-6497.411424195399
983000	-6584.982987616758
983500	-7134.146601859926
984000	-7007.75470148139
984500	-7315.70862974718
985000	-7627.1754588874355
985500	-7596.985396280587
986000	-7376.053487774097
986500	-8006.1779681575035
987000	-8296.702459078926
987500	-8462.43750655828
988000	-8796.768840573144
988500	-8177.782933507881
989000	-7873.42415226828
989500	-7261.065699991049
990000	-7643.981891844957
990500	-8116.222051593066
991000	-7860.3433267739165
991500	-8055.755079691852
992000	-7648.736659005375
992500	-7697.384400635003
993000	-7492.178329460803
993500	-7422.754241736319
994000	-7525.439743064148
994500	-8011.980840833984
995000	-7984.319162547872
995500	-7591.042035784724
996000	-7124.259579934377
996500	-7412.287833799003
997000	-8328.776226768621
997500	-8583.372494516434
998000	-9394.470565469219
998500	-9548.978740385888
999000	-8983.231552875131
999500	-8715.79901194121
1000000	-8328.123342790492
1000500	-6582.996029017351
1001000	-6425.832012284015
1001500	-6537.894048120583
1002000	-6585.499471219964
1002500	-6585.4877062575215
1003000	-6474.108984132556
1003500	-6583.559843398486
1004000	-6585.482739339902
1004500	-6563.202961335092
1005000	-6398.556312951975
1005500	-6478.229072867872
1006000	-6194.157465287684
1006500	-6369.742842985864
1007000	-6188.907307013299
1007500	-5962.884248652237
1008000	-5555.863619108556
1008500	-4920.567286992329
1009000	-5509.597794644366
1009500	-6518.471854326331
1010000	-6725.333357772267
1010500	-5336.880529316388
1011000	-4539.282982950986
1011500	-4569.696664593003
1012000	-5811.061260360772
1012500	-5997.562059753347
1013000	-6242.395633953592
1013500	-6242.398999069717
1014000	-6234.438234456035
1014500	-6242.399700820068
1015000	-6220.28196467661
1015500	-6242.400978623088
1016000	-6242.401915189548
1016500	-6242.400531775092
1017000	-6235.043228627051
1017500	-6202.225568408205
1018000	-6242.288610390873
1018500	-6237.31072710758
1019000	-6174.112591233011
1019500	-6265.764741759764
1020000	-6156.7460579475455
1020500	-6215.013286198484
1021000	-6195.784809963115
1021500	-6236.02507065483
1022000	-6242.25577880526
1022500	-6242.395625230143
1023000	-6171.046407368967
1023500	-6248.679252546041
1024000	-6192.945194561091
1024500	-6240.410251220012
1025000	-6242.399130219263
1025500	-6242.338746284978
1026000	-6242.398153275661
1026500	-6162.637393115863
1027000	-6242.400199227749
1027500	-6242.405193799514
1028000	-6242.403215004561
1028500	-6242.39876797533
1029000	-6242.405176283527
1029500	-6242.398744025017
1030000	-6242.397579762524
1030500	-6240.600493459812
1031000	-6154.07864160054
1031500	-6233.997406650346
1032000	-6156.4753492639975
1032500	-6014.422152461249
1033000	-6295.91331982682
1033500	-5969.013909513037
1034000	-4757.142499981
1034500	-4995.850013065461
1035000	-4441.005849724106
1035500	-4386.745030129851
1036000	-4597.873874474063
1036500	-4274.236199586732
1037000	-4647.383775912483
1037500	-5429.274646263873
1038000	-5935.5311034836095
1038500	-6026.406030286985
1039000	-6399.125070217581
1039500	-6379.921719812978
1040000	-5734.538061773715
1040500	-5578.9607959847235
1041000	-6026.572311342461
1041500	-6041.396287268275
1042000	-5666.976061761314
1042500	-5308.152206921756
1043000	-5966.710904334683
1043500	-4898.9849533731995
1044000	-5119.157222234913
1044500	-4773.133518916549
1045000	-4715.898527532775
1045500	-5035.934124175918
1046000	-4808.268492638431
1046500	-5557.693956492611
1047000	-5939.18262871873
1047500	-6702.713427152761
1048000	-6025.957300202044
1048500	-6126.838851876409
1049000	-6623.20260457032
1049500	-6920.180765308256
1050000	-7172.386510814021
1050500	-7366.397043012275
1051000	-7328.046024109948
1051500	-8435.357310635414
1052000	-7843.054913272782
1052500	-6739.938101673107
1053000	-6199.611671464357
1053500	-6014.941434960996
1054000	-4914.372949380833
1054500	-4528.676442946626
1055000	-4584.285586014281
1055500	-4972.644743440804
1056000	-4708.14558259117
1056500	-4597.137883228757
1057000	-4960.188253371487
1057500	-4874.884510291986
1058000	-4654.021915518743
1058500	-7942.124134382128
1059000	-8312.638813979494
1059500	-8074.689145849266
1060000	-8442.487143751412
1060500	-9457.229973468877
1061000	-8135.240573736003
1061500	-7055.62874139855
1062000	-6810.961356125641
1062500	-5082.04660495753
1063000	-5289.403313495611
1063500	-5559.805217096398
1064000	-5691.540405756581
1064500	-5692.320077395355
1065000	-6787.603557268869
1065500	-6257.933602251634
1066000	-7248.719308366739
1066500	-7506.9201041126325
1067000	-6356.734486635431
1067500	-7486.824382877342
1068000	-7572.710002243009
1068500	-7530.618172527805
1069000	-7291.693322555525
1069500	-6188.858378310541
1070000	-6623.1328280544285
1070500	-5540.952365434323
1071000	-5638.321409531189
1071500	-5102.760382514494
1072000	-5279.072232472328
1072500	-5751.900649389242
1073000	-5762.747980710313
1073500	-5281.8811765871205
1074000	-5282.495591181986
1074500	-5190.443693316551
1075000	-5666.602282686904
1075500	-6102.610706773018
1076000	-6340.672558186929
1076500	-6232.732080525309
1077000	-6305.630449769446
1077500	-6155.3647914583125
1078000	-6231.249762562019
1078500	-6189.108151428868
1079000	-5899.663861425885
1079500	-4784.526803415367
1080000	-4704.046774288922
1080500	-4661.078847852639
1081000	-4489.410638492314
1081500	-4406.253728358626
1082000	-4567.259918013949
1082500	-4402.702929983465
1083000	-4363.265635666449
1083500	-4356.183975347435
1084000	-4220.1480656644635
1084500	-4341.736770900048
1085000	-4563.052605550301
1085500	-4659.510230571648
1086000	-4593.276318936714
1086500	-4659.411788581054
1087000	-4482.964780451493
1087500	-5107.721755816743
1088000	-4744.881781511212
1088500	-4724.572133294788
1089000	-4582.200124112207
1089500	-4661.645795969956
1090000	-4695.342614608722
1090500	-4642.119551804673
1091000	-4694.320812580459
1091500	-4842.277477256945
1092000	-4732.706181686725
1092500	-4585.247020713128
1093000	-4468.956398393149
1093500	-4502.4916653249875
1094000	-4916.260506952692
1094500	-5559.981934065038
1095000	-6620.851438678898
1095500	-6043.306127297006
1096000	-6186.030428861454
1096500	-6263.024981490317
1097000	-5886.104377916315
1097500	-5992.249914312
1098000	-6091.569860874367
1098500	-5787.70137875154
1099000	-5734.003056279783
1099500	-5698.857648456213
1100000	-6016.857025157605
1100500	-5797.459595828732
1101000	-5846.357716672569
1101500	-5375.034580598543
1102000	-5625.40822043065
1102500	-5595.383760260117
1103000	-5368.850100848952
1103500	-5492.157727979065
1104000	-5570.445167330052
1104500	-5647.84990230284
1105000	-5456.72365641904
1105500	-5812.465169377493
1106000	-6017.780465220946
1106500	-5816.002682068919
1107000	-5569.532672656333
1107500	-5628.434350623743
1108000	-5664.4516028893395
1108500	-6261.5115913661675
1109000	-6111.009541546467
1109500	-6222.714851366301
1110000	-6238.277956757564
1110500	-6216.0202565279915
1111000	-6231.776043565563
1111500	-6607.880506743279
1112000	-6750.07404202214
1112500	-6780.115828101377
1113000	-6701.76266099021
1113500	-6750.029813428336
1114000	-6513.693198739203
1114500	-6744.972758743357
1115000	-6339.424530011449
1115500	-6979.54940284234
1116000	-6870.580084158989
1116500	-6607.892798096094
1117000	-6495.177515269239
1117500	-6295.026527303554
1118000	-6582.289661501898
1118500	-6855.315622108481
1119000	-6649.046221053669
1119500	-6710.7351542107945
1120000	-6277.2682928029335
1120500	-5964.578833335977
1121000	-5511.650757071931
1121500	-5327.585599052515
1122000	-5315.888241704423
1122500	-4991.2345198164285
1123000	-4769.947249743381
1123500	-4684.807075982724
1124000	-4816.134297468565
1124500	-5294.556025406314
1125000	-5149.557463153701
1125500	-5286.0722403036025
1126000	-5249.909912670452
1126500	-5021.863366147412
1127000	-5351.840717059732
1127500	-5905.795417376648
1128000	-5904.24838347838
1128500	-5229.709200789514
1129000	-4974.967676558132
1129500	-4927.460815383144
1130000	-4532.830339893161
1130500	-4696.603946328014
1131000	-4661.649366400242
1131500	-4417.5984712721665
1132000	-4549.533840208633
1132500	-4440.021109223431
1133000	-4442.596929336526
1133500	-4230.499937494017
1134000	-4622.393430458517
1134500	-4960.378513836031
1135000	-4939.20053678431
1135500	-5185.628369572572
1136000	-5984.593005745169
1136500	-5936.198293757208
1137000	-5846.626634045715
1137500	-6533.8434686790315
1138000	-6677.839687186786
1138500	-6625.689071931528
1139000	-6558.097214855571
1139500	-5422.031931753256
1140000	-4630.211160464735
1140500	-5098.788363266121
1141000	-4494.286462428469
1141500	-4593.542725324089
1142000	-4643.64393867311
1142500	-5063.08418233289
1143000	-6260.9170591776665
1143500	-5547.244447109224
1144000	-5351.165793115317
1144500	-6154.135298118318
1145000	-5644.5289692218585
1145500	-6161.911956473399
1146000	-6149.20556731706
1146500	-5585.078169817546
1147000	-5815.383377137221
1147500	-6816.856545427983
1148000	-6918.073587170703
1148500	-6587.182925834292
1149000	-5558.11507891276
1149500	-5544.042645044021
1150000	-4811.838673070193
1150500	-5259.083334240642
1151000	-4755.69443518019
1151500	-5155.04770986983
1152000	-5275.035864933235
1152500	-5256.6915133666225
1153000	-4636.516435601892
1153500	-4414.741850392033
1154000	-4440.258445606691
1154500	-4489.505132285999
1155000	-4507.8939111830105
1155500	-4954.769677332031
1156000	-4622.597701731782
1156500	-4588.58285972008
1157000	-4389.62839784414
1157500	-4551.833498472358
1158000	-4896.823953254825
1158500	-5958.32826792496
1159000	-6097.574058704907
1159500	-6151.715281589222
1160000	-4557.728957188189
1160500	-4666.8319255449305
1161000	-4661.4603961110215
1161500	-4661.531391639861
1162000	-4654.246046063517
1162500	-5343.341122368487
1163000	-5048.159004279866
1163500	-4397.628452567438
1164000	-4848.870887295709
1164500	-4784.972367923337
1165000	-4527.806652621589
1165500	-5148.180575219042
1166000	-4656.539364643702
1166500	-4889.487924530973
1167000	-5360.893483613251
1167500	-5429.213239944442
1168000	-5120.0630342489185
1168500	-4838.120701670111
1169000	-4722.3756680516935
1169500	-4955.87649915101
1170000	-4741.444875704422
1170500	-4697.878405999387
1171000	-4890.206841172683
1171500	-4911.883555160085
1172000	-6058.984469496982
1172500	-5895.7938860127015
1173000	-5417.113188562406
1173500	-5387.427668361983
1174000	-5070.547756874005
1174500	-5018.77925755399
1175000	-5566.439510599449
1175500	-5722.23285525586
1176000	-6109.00858442298
1176500	-6192.973805812378
1177000	-6124.832350609772
1177500	-6138.923543724977
1178000	-7080.934101215842
1178500	-6474.022061781993
1179000	-6374.936959457422
1179500	-6124.85572748842
1180000	-6005.75339441891
1180500	-6273.223252919445
1181000	-6499.544480559672
1181500	-6146.599704831992
1182000	-5220.971899073806
1182500	-5278.829184101242
1183000	-5317.279818666022
1183500	-5735.099091069207
1184000	-5926.413921392791
1184500	-5871.096297323744
1185000	-5881.957760916227
1185500	-5768.870720888279
1186000	-5825.38954868869
1186500	-6337.66745650117
1187000	-6147.5850891825785
1187500	-6354.448104432699
1188000	-5853.0100172767925
1188500	-5825.405815416823
1189000	-5756.981988645295
1189500	-5647.4648008773665
1190000	-5133.370397931838
1190500	-5249.223789181514
1191000	-5585.052619888377
1191500	-5786.311469502593
1192000	-5777.3342757297205
1192500	-6021.298076068257
1193000	-5755.779999037843
1193500	-5740.691968731256
1194000	-5947.930302111535
1194500	-5265.1612558607585
1195000	-5451.101627526852
1195500	-5167.236382208557
1196000	-5268.662664553845
1196500	-5307.932420996187
1197000	-6181.61211483433
1197500	-6127.282768780909
1198000	-5861.830115634061
1198500	-5274.334032001887
1199000	-5590.258756295239
1199500	-6336.194575064372
1200000	-7177.570974815443
1200500	-7463.788565087556
1201000	-7519.053220544673
1201500	-7205.783818042679
1202000	-6980.173053228602
1202500	-6989.726246680093
1203000	-7455.971802614356
1203500	-7521.046818627446
1204000	-7646.821659159895
1204500	-7563.4999753678485
1205000	-7637.172211595325
1205500	-8550.626280780649
1206000	-8377.916411987639
1206500	-9955.610864086737
1207000	-9864.494587494466
1207500	-9847.443837444669
1208000	-9847.19230589388
1208500	-9828.409780508018
1209000	-9900.62970342697
1209500	-9587.437468418178
1210000	-9682.241662640963
1210500	-9602.756275928608
1211000	-9449.276066807786
1211500	-8464.898013556103
1212000	-8967.354029286775
1212500	-8827.544431002396
1213000	-9696.833721920744
1213500	-9648.458801862464
1214000	-8844.573033316234
1214500	-8754.30739583892
1215000	-9699.473491151717
1215500	-9766.186724279592
1216000	-9895.707074790062
1216500	-9902.183040969872
1217000	-9810.135036788983
1217500	-9861.713363451354
1218000	-8842.051948977787
1218500	-8841.170790393535
1219000	-8897.531119779931
1219500	-8883.564644363389
1220000	-8900.35789520123
1220500	-8895.348452644716
1221000	-8770.2594657107
1221500	-8768.307890216627
1222000	-8308.907241253464
1222500	-7952.854054598626
1223000	-7862.5779617752305
1223500	-7813.046711886622
1224000	-7125.483189776612
1224500	-5772.588824917473
1225000	-5292.223588320407
1225500	-4859.522915563772
1226000	-4877.901400392321
1226500	-5159.3687063671305
1227000	-5103.036123397404
1227500	-5178.268208990141
1228000	-5097.737630445245
1228500	-5101.698085767642
1229000	-4848.591305300009
1229500	-5145.842210121041
1230000	-5395.772369412433
1230500	-5001.560084628221
1231000	-5437.878230767702
1231500	-6246.9426543583995
1232000	-5465.917521145074
1232500	-4915.750484125352
1233000	-4865.264211120501
1233500	-4999.011165048108
1234000	-4818.144996426369
1234500	-4893.080463402941
1235000	-6101.788499711488
1235500	-5071.2540642906615
1236000	-6375.118324329121
1236500	-5042.5649794656165
1237000	-5415.953094989327
1237500	-5046.738107871853
1238000	-5065.815625648934
1238500	-4836.425313523376
1239000	-4856.688834120412
1239500	-5014.48030328573
1240000	-4940.85235402814
1240500	-5085.872617982316
1241000	-4884.375169600321
1241500	-4949.168605890194
1242000	-5626.504646533989
1242500	-6249.834776346824
1243000	-5746.015122884163
1243500	-5300.015709252533
1244000	-5543.993920238523
1244500	-6166.215590317254
1245000	-6471.5457808946285
1245500	-5769.051428078286
1246000	-5409.839350403166
1246500	-5308.584296506028
1247000	-5168.179723065846
1247500	-5199.735302152126
1248000	-4666.740266022018
1248500	-4629.910334195907
1249000	-4532.740283688373
1249500	-4437.286467368603
1250000	-4461.473198752591
1250500	-4309.530284455846
1251000	-4926.553930427276
1251500	-4563.05444552581
1252000	-4921.777919642496
1252500	-5079.770838361977
1253000	-4947.46430948846
1253500	-4863.34067806757
1254000	-4997.971938577406
1254500	-4824.506244260758
1255000	-4860.441899767973
1255500	-4976.487592839827
1256000	-5227.840895139764
1256500	-5111.7547696210495
1257000	-5295.219491921355
1257500	-5355.016595411988
1258000	-4952.312965613986
1258500	-4972.90238080415
1259000	-5246.274679783983
1259500	-5017.12624040313
1260000	-5285.94401493187
1260500	-4962.37523466668
1261000	-5293.973852807709
1261500	-5132.799028200099
1262000	-4826.360758275405
1262500	-4975.875210111335
1263000	-5219.798705829363
1263500	-4956.455544109852
1264000	-5113.851590313144
1264500	-4803.81267793817
1265000	-4656.273300497892
1265500	-4884.425280865621
1266000	-4661.777956163315
1266500	-4755.429465358786
1267000	-4771.9865032086545
1267500	-4528.238118314453
1268000	-4515.81066862601
1268500	-4520.394039618769
1269000	-4389.135540179298
1269500	-4588.393710946701
1270000	-4788.14288961438
1270500	-4834.6392565914175
1271000	-4653.247017209644
1271500	-5041.260950359029
1272000	-4957.658914195654
1272500	-6592.882790835991
1273000	-6749.384174933909
1273500	-4648.965833929958
1274000	-5460.2524117362345
1274500	-5218.602831732624
1275000	-6574.701213430178
1275500	-6638.592036527188
1276000	-6788.935600903925
1276500	-4917.226086295686
1277000	-4504.814780857145
1277500	-4838.5981650493295
1278000	-5158.06500840488
1278500	-6085.211503865767
1279000	-6438.609900138321
1279500	-6446.137660036775
1280000	-5455.121842323594
1280500	-5765.002467027296
1281000	-5142.121975257604
1281500	-4553.42227168614
1282000	-4670.016310249085
1282500	-4765.523794625327
1283000	-5284.623359551528
1283500	-5172.41801445976
1284000	-6603.794109630324
1284500	-6456.253563798436
1285000	-6624.071208824292
1285500	-6322.874203505871
1286000	-6460.7332151845585
1286500	-5549.205815377049
1287000	-6323.983809562353
1287500	-6137.9893129353195
1288000	-5069.0499969737775
1288500	-5390.297037426577
1289000	-5524.991951633669
1289500	-5597.671609224376
1290000	-5075.017698880996
1290500	-5263.531121235229
1291000	-5907.270382953586
1291500	-6296.280162385168
1292000	-6196.34255980034
1292500	-5905.888458977182
1293000	-6351.226995389868
1293500	-6318.666972964636
1294000	-6130.391858572942
1294500	-5286.341614064165
1295000	-5193.634444024814
1295500	-5060.0362574780975
1296000	-5444.26827688918
1296500	-6129.612984204161
1297000	-6541.703919650663
1297500	-6673.607067291223
1298000	-6791.301782779835
1298500	-6811.67974617531
1299000	-6811.67972693815
1299500	-6631.874681802069
1300000	-6700.603974702909
1300500	-6713.3228143352935
1301000	-6635.331688059314
1301500	-6807.220191846341
1302000	-6388.50692870252
1302500	-6747.250816379303
1303000	-6618.736139109605
1303500	-6288.669500158683
1304000	-6506.878128004725
1304500	-5871.789608857849
1305000	-4688.909118638272
1305500	-4573.238451085594
1306000	-4319.098167869951
1306500	-4367.518538332081
1307000	-4460.604889683352
1307500	-4630.151907166266
1308000	-4785.417675474186
1308500	-4577.4287521783235
1309000	-4694.9063185295745
1309500	-4768.1484666677525
1310000	-4666.636828985145
1310500	-4535.108328856383
1311000	-5051.294774608519
1311500	-5152.821554796799
1312000	-5124.403579866293
1312500	-4891.167501008408
1313000	-4917.586570181006
1313500	-5419.870975005793
1314000	-5433.736377724055
1314500	-5820.565850037256
1315000	-5792.701721708117
1315500	-5467.289047463101
1316000	-5428.525632319449
1316500	-5654.491356348023
1317000	-5919.422995689054
1317500	-5917.424309916964
1318000	-5602.512760996996
1318500	-5156.4815131051455
1319000	-5675.595844122447
1319500	-5512.88089707779
1320000	-5356.529913476462
1320500	-5786.331634553722
1321000	-5760.003274537208
1321500	-5367.441210106025
1322000	-5316.967208655209
1322500	-5754.168727123277
1323000	-5122.274858166249
1323500	-5146.250017409055
1324000	-4870.722356136579
1324500	-5073.465319879047
1325000	-4775.417439461398
1325500	-4831.508427942488
1326000	-4803.272595787926
1326500	-4988.292186789317
1327000	-5138.943307860315
1327500	-5152.070924575506
1328000	-5133.338561653066
1328500	-5100.591700613269
1329000	-4747.391112772839
1329500	-4965.933464631233
1330000	-4859.184885948463
1330500	-5016.273382637519
1331000	-5061.624362049271
1331500	-6441.409345793831
1332000	-6334.606229516209
1332500	-6145.950937381847
1333000	-6750.3569331369845
1333500	-6722.594912553838
1334000	-6635.7493829676305
1334500	-5971.75874365629
1335000	-6652.647673964589
1335500	-6548.995061889531
1336000	-6790.003205526101
1336500	-6785.3499490133945
1337000	-6684.707100174571
1337500	-6712.722380850575
1338000	-6009.259653173868
1338500	-6676.179272827694
1339000	-6687.134315207578
1339500	-6551.884554262391
1340000	-6331.8776910855295
1340500	-6084.739098868542
1341000	-6296.938363782875
1341500	-5462.388298355208
1342000	-4885.885276115319
1342500	-5650.509162979805
1343000	-5935.24488238807
1343500	-5732.207542476711
1344000	-6174.988486731216
1344500	-5722.115605285061
1345000	-6414.311741162648
1345500	-6362.097863770027
1346000	-6364.248179760793
1346500	-6438.34119010681
1347000	-6473.542296790086
1347500	-6436.797803102083
1348000	-6636.066604772015
1348500	-6748.021913145479
1349000	-6537.913443269113
1349500	-5853.662407981549
1350000	-6732.921080827357
1350500	-6723.9228009121525
1351000	-6640.421898868861
1351500	-6811.671444362477
1352000	-6428.313059365756
1352500	-6401.256504339204
1353000	-6503.8139280157375
1353500	-6811.178709899444
1354000	-6605.444499228161
1354500	-6794.936557681149
1355000	-6811.679746167861
1355500	-6768.755305469567
1356000	-6769.2637903121695
1356500	-6792.452792454807
1357000	-6738.232241038392
1357500	-6724.716736386704
1358000	-6701.613357711022
1358500	-6673.198414553382
1359000	-6397.6612160140185
1359500	-6461.784611914454
1360000	-6753.406178526045
1360500	-6811.679746038934
1361000	-6811.678830490124
1361500	-6784.811092422515
1362000	-6781.8600481957055
1362500	-6787.5828975494305
1363000	-6790.471499102813
1363500	-6806.953819848053
1364000	-6734.788197635914
1364500	-6811.678686305784
1365000	-6811.597792918961
1365500	-6811.606475235887
1366000	-6689.46189744273
1366500	-6811.338114812036
1367000	-6809.745405945805
1367500	-6811.677145428201
1368000	-6454.007580001858
1368500	-5857.167035366805
1369000	-6104.010128304361
1369500	-6381.606303131546
1370000	-6623.354282571743
1370500	-4595.103588951185
1371000	-4626.819425653337
1371500	-4945.552381562813
1372000	-5012.954347042098
1372500	-4488.536040645057
1373000	-4311.089394827289
1373500	-4139.122453840446
1374000	-4669.599587943271
1374500	-5772.174220696094
1375000	-6096.223176395299
1375500	-5607.686606762012
1376000	-5466.653033061759
1376500	-5613.563723066305
1377000	-5085.8418278311165
1377500	-5455.558646645797
1378000	-5296.202803356818
1378500	-5342.772819415075
1379000	-5029.296845478616
1379500	-5061.607998889174
1380000	-5250.9425444289145
1380500	-5072.4666164706505
1381000	-5650.343607453198
1381500	-5442.3965177554
1382000	-5989.305584261119
1382500	-6023.394340031677
1383000	-5910.213964540073
1383500	-5831.42600498063
1384000	-5505.470718641618
1384500	-5437.472613297607
1385000	-5603.832019413493
1385500	-5559.598178991961
1386000	-5301.568227253831
1386500	-5303.782951051521
1387000	-5272.637956836565
1387500	-4627.285088803933
1388000	-5561.734888219349
1388500	-6023.909561521775
1389000	-6123.106846554046
1389500	-6290.155141008026
1390000	-6271.212139982634
1390500	-5879.171745969735
1391000	-5998.057255402354
1391500	-6275.191674948254
1392000	-6129.816904961188
1392500	-6204.327927170603
1393000	-5674.393821412265
1393500	-5684.28485730586
1394000	-5650.3000778412625
1394500	-6308.717672656316
1395000	-6018.0665512912165
1395500	-6075.011728713828
1396000	-6195.416464495992
1396500	-5957.22253128766
1397000	-6011.515842762877
1397500	-6260.440959956661
1398000	-6513.439604084795
1398500	-6329.95448474309
1399000	-5659.790063232397
1399500	-6187.6373539415645
1400000	-5251.563097140172
1400500	-5967.212252781037
1401000	-5958.244188160597
1401500	-6268.219850974938
1402000	-5961.642829909562
1402500	-5602.059148993663
1403000	-5474.213454035852
1403500	-5384.115105274174
1404000	-5637.300112694371
1404500	-5941.843323160639
1405000	-6101.684105171948
1405500	-6446.845201893775
1406000	-6055.641632520324
1406500	-5630.216345180328
1407000	-5464.726330619604
1407500	-5522.936757575041
1408000	-5890.754520764797
1408500	-5920.643286707051
1409000	-5692.945294093315
1409500	-5269.934364243669
1410000	-5182.267884629146
1410500	-5533.704333884789
1411000	-5470.380610444718
1411500	-5888.992597346753
1412000	-5589.990203996014
1412500	-5286.28244724999
1413000	-5676.297537637976
1413500	-5289.928752678158
1414000	-5394.400877409273
1414500	-5216.685835151725
1415000	-5317.426163276266
1415500	-5222.919341261954
1416000	-5053.638384193382
1416500	-5038.329929187878
1417000	-5082.781915479015
1417500	-5113.375833019609
1418000	-4899.483269122861
1418500	-4766.716246394155
1419000	-4893.664394132683
1419500	-4876.766360813919
1420000	-5170.945832863002
1420500	-6054.768029096773
1421000	-5674.202746854309
1421500	-5434.508541081641
1422000	-6510.093117620768
1422500	-6426.389933815895
1423000	-5847.8459010152455
1423500	-5638.11732308712
1424000	-5336.179716428825
1424500	-5345.531008215121
1425000	-5282.517209115516
1425500	-5626.335011611069
1426000	-5572.832977451117
1426500	-5194.161445595346
1427000	-5501.692014441673
1427500	-5239.617954812174
1428000	-5601.421242041913
1428500	-5777.399614641542
1429000	-5714.406368470687
1429500	-5810.2624958205015
1430000	-6707.172291454143
1430500	-6906.977997249002
1431000	-5960.6374542551
1431500	-6314.487220859331
1432000	-6695.87633781509
1432500	-6375.9997628511455
1433000	-6562.519457567771
1433500	-6667.414223635293
1434000	-6486.687853104136
1434500	-6114.823998906054
1435000	-6058.960790602338
1435500	-5363.138258789995
1436000	-5292.184230910581
1436500	-5188.403184617912
1437000	-5290.4409984135555
1437500	-5293.652254311427
1438000	-5375.861962652151
1438500	-5093.812078289122
1439000	-5732.209759314214
1439500	-4650.8334572935755
1440000	-4548.634179564319
1440500	-5008.3778370913005
1441000	-4752.1145359623515
1441500	-4474.76039615298
1442000	-4486.819953618523
1442500	-4788.576507457516
1443000	-4498.061909440453
1443500	-4762.986440753079
1444000	-4454.352119619172
1444500	-5118.120383239698
1445000	-5690.388247503333
1445500	-6084.140428603982
1446000	-5180.281861126466
1446500	-5031.508849444313
1447000	-5339.196548499676
1447500	-5111.415258456497
1448000	-4886.602819091477
1448500	-4440.594392820118
1449000	-4481.842797627397
1449500	-4587.534312707969
1450000	-4501.992150771516
1450500	-4627.297926019986
1451000	-4576.100246862683
1451500	-5479.644919025879
1452000	-6129.96550519714
1452500	-6184.615883393689
1453000	-6332.082035637941
1453500	-6193.835373465147
1454000	-6527.021107905856
1454500	-6455.37050956601
1455000	-6526.256723367744
1455500	-6527.045050044673
1456000	-6519.383322548375
1456500	-6519.018943140198
1457000	-6385.677875764047
1457500	-6527.045049778422
1458000	-6527.044937820726
1458500	-6414.903473927569
1459000	-6516.791372227476
1459500	-6310.1967354089375
1460000	-6426.124457094362
1460500	-6176.824269905152
1461000	-6412.838092951603
1461500	-6390.559084339939
1462000	-6158.105483138399
1462500	-5053.498921309826
1463000	-4820.202358359171
1463500	-5048.27155721156
1464000	-4972.7499812843025
1464500	-5227.709494015528
1465000	-5043.803047182453
1465500	-5463.5417294983135
1466000	-5565.919518083111
1466500	-5109.964705608283
1467000	-4919.218143925027
1467500	-4884.019890449595
1468000	-4646.98298598046
1468500	-4726.515218175455
1469000	-6096.378687793384
1469500	-6277.19223731564
1470000	-6248.205492003758
1470500	-6093.453868279405
1471000	-5261.42988979916
1471500	-5572.423083686612
1472000	-6155.100643961118
1472500	-6322.8250558940135
1473000	-6410.7794661459975
1473500	-6527.0390595453
1474000	-6507.333522536563
1474500	-6315.215753117606
1475000	-6453.720636971803
1475500	-6216.236764078305
1476000	-6437.056372238672
1476500	-6526.260146693283
1477000	-6496.151628874562
1477500	-6527.045050043901
1478000	-6527.045050043901
1478500	-6527.045050043901
1479000	-6513.377748748671
1479500	-6340.503266115103
1480000	-6349.657129768555
1480500	-6526.856939282801
1481000	-6517.7595701242435
1481500	-6359.159336014592
1482000	-6368.588060249308
1482500	-6506.599769198477
1483000	-6526.436216622747
1483500	-6527.045050044845
1484000	-6527.045049994238
1484500	-6527.04504835673
1485000	-6527.03730291953
1485500	-6522.238444535691
1486000	-6527.045048256348
1486500	-6527.045047461667
1487000	-6526.9562909906945
1487500	-6526.252724449551
1488000	-6495.824945416039
1488500	-6518.672450848172
1489000	-6525.12414591695
1489500	-6527.043824838947
1490000	-6514.57634652064
1490500	-6527.045050045186
1491000	-6520.985557121958
1491500	-6526.920790246207
1492000	-6525.254578798933
1492500	-6219.716334050788
1493000	-5816.274543507006
1493500	-6043.848778190779
1494000	-6237.262199390143
1494500	-6289.646061282153
1495000	-6232.089392818168
1495500	-6267.135445481155
1496000	-6499.392854744326
1496500	-6527.045046755142
1497000	-6527.045049395469
1497500	-6527.04505004158
1498000	-6525.776870375638
1498500	-6527.045050042342
1499000	-6495.454112166846
1499500	-6522.686461089727
1500000	-6519.561074264877
