Sample	likelihood
0	-3444.5020785397583
500	-3443.4947323402143
1000	-3449.5730357292505
1500	-3451.516288766371
2000	-3449.6578290083894
2500	-3452.9832210357995
3000	-3453.157535246102
3500	-3454.682947711429
4000	-3470.607229314311
4500	-3470.5929801768
5000	-3454.277350063315
5500	-3446.4857311723167
6000	-3444.4585497200587
6500	-3460.8242318406838
7000	-3452.0993879968273
7500	-3460.2286921109335
8000	-3463.4248335362263
8500	-3457.2534050082536
9000	-3450.570561284789
9500	-3439.4826334330764
10000	-3437.9935469836937
10500	-3444.8928068432397
11000	-3438.55550077074
11500	-3447.765112801436
12000	-3443.1237103201097
12500	-3442.743754113383
13000	-3449.023963668276
13500	-3448.7523249974147
14000	-3443.6645585867473
14500	-3439.4820446310314
15000	-3441.6243858784906
15500	-3444.1547392806533
16000	-3440.960250107364
16500	-3441.7018412579782
17000	-3449.638160442088
17500	-3447.908614631588
18000	-3452.3168088172897
18500	-3436.762479980253
19000	-3457.2259917458737
19500	-3445.626779830387
20000	-3428.2286267713057
20500	-3439.4716297861764
21000	-3438.183497516437
21500	-3438.032075677859
22000	-3446.97001276286
22500	-3450.0220962112217
23000	-3429.852078717025
23500	-3439.1483198539286
24000	-3445.0561967270874
24500	-3443.175384619767
25000	-3434.2320840844027
25500	-3443.841998137677
26000	-3437.0575495438407
26500	-3436.4849010738694
27000	-3438.7004619958984
27500	-3434.164429993328
28000	-3440.4652913405057
28500	-3442.1951555967207
29000	-3440.053901539334
29500	-3431.1260231286424
30000	-3430.077815965707
30500	-3456.0228072547625
31000	-3446.18010408093
31500	-3437.0010740699436
32000	-3435.6248807601805
32500	-3429.5574839693313
33000	-3452.5310869846326
33500	-3452.8084565991285
34000	-3434.4786764273704
34500	-3443.39119411446
35000	-3446.5633946046764
35500	-3424.783660305797
36000	-3430.6304265456083
36500	-3428.9391839352256
37000	-3450.7095725394033
37500	-3439.9096707912395
38000	-3427.843699735815
38500	-3441.427371921248
39000	-3449.6226633077326
39500	-3464.0979498885686
40000	-3444.7576639603512
40500	-3443.0454541281665
41000	-3434.8464946418094
41500	-3457.304153137905
42000	-3445.860464597201
42500	-3447.7561158124704
43000	-3447.595949667996
43500	-3438.9670015457386
44000	-3427.397779842927
44500	-3439.4270968502583
45000	-3448.582844619457
45500	-3443.5187146340963
46000	-3445.2918906373015
46500	-3437.5978075494336
47000	-3431.4237537012914
47500	-3437.384088435165
48000	-3436.556977991347
48500	-3436.2810610787665
49000	-3433.5698469264344
49500	-3436.670093066045
50000	-3431.8696706009023
50500	-3429.543039196842
51000	-3447.082312073968
51500	-3450.168691543863
52000	-3450.006684609698
52500	-3450.786976227705
53000	-3438.6320856170146
53500	-3439.1225359413525
54000	-3443.868660836387
54500	-3439.2441390676463
55000	-3441.488161551093
55500	-3440.442514172545
56000	-3444.3088655879037
56500	-3432.6693996529243
57000	-3449.4462460247214
57500	-3438.1326456998922
58000	-3434.0187855741424
58500	-3420.7073415689583
59000	-3432.9227569407763
59500	-3440.6182312618007
60000	-3454.21616544447
60500	-3451.059859608341
61000	-3436.7553488534863
61500	-3430.9840753853705
62000	-3437.5772412661263
62500	-3432.250683973365
63000	-3431.6822581460665
63500	-3430.14904355915
64000	-3437.566219073349
64500	-3444.5345618212086
65000	-3438.502112620057
65500	-3437.8834071346764
66000	-3456.562256895019
66500	-3450.6048976076563
67000	-3434.4700810973186
67500	-3432.4318626670415
68000	-3431.7548885109168
68500	-3442.648284816373
69000	-3442.7528439781986
69500	-3436.9584866008786
70000	-3427.428408555893
70500	-3421.82806738068
71000	-3431.5096882875405
71500	-3433.5510460214864
72000	-3440.9063802633677
72500	-3447.363924848689
73000	-3442.283966877084
73500	-3442.4302923576165
74000	-3454.1639301335877
74500	-3442.00098077941
75000	-3435.5857570111857
75500	-3442.897053772771
76000	-3460.128747782854
76500	-3437.0242587030684
77000	-3440.590205408781
77500	-3452.073959595949
78000	-3450.522831423405
78500	-3435.4116570937363
79000	-3437.9838970792634
79500	-3432.818517914573
80000	-3430.0647630965523
80500	-3437.0219246372985
81000	-3447.5003816403846
81500	-3440.3160810507043
82000	-3423.3115302665174
82500	-3427.8022662736585
83000	-3438.8773529133314
83500	-3434.7936544792074
84000	-3428.404022105016
84500	-3435.1497489955927
85000	-3428.105585549581
85500	-3444.369384967892
86000	-3451.9139340331353
86500	-3448.89423658649
87000	-3446.0313352295234
87500	-3445.9390920659075
88000	-3445.080783707661
88500	-3451.744293699465
89000	-3460.2080516057367
89500	-3440.877220878814
90000	-3447.9644972177844
90500	-3441.60218281253
91000	-3424.064120138968
91500	-3430.338145563471
92000	-3430.8358959824786
92500	-3436.5915137026554
93000	-3439.118660170141
93500	-3453.909347718851
94000	-3454.271287069923
94500	-3447.0125640267884
95000	-3450.8773734545057
95500	-3454.248554150666
96000	-3434.1675469883653
96500	-3429.9090284381004
97000	-3436.1980421940534
97500	-3424.5115278051458
98000	-3436.5409875893174
98500	-3441.7823038117335
99000	-3431.1990084084127
99500	-3432.119300763559
100000	-3447.8048391413968
100500	-3439.16975784381
101000	-3436.383435847295
101500	-3436.5147880851378
102000	-3427.5014876139153
102500	-3443.0585969748154
103000	-3445.487477180767
103500	-3438.4955421917143
104000	-3436.888907100558
104500	-3442.377873237088
105000	-3442.307450163231
105500	-3442.1908848161725
106000	-3428.429658204532
106500	-3434.8954608085537
107000	-3440.1237223906173
107500	-3430.599278852051
108000	-3455.4085938762137
108500	-3446.1030654476335
109000	-3449.913944516257
109500	-3449.011837605654
110000	-3433.5884759522055
110500	-3442.5767202213297
111000	-3439.5825737435566
111500	-3440.897029961748
112000	-3443.5374797724103
112500	-3428.705724313271
113000	-3437.3257534747922
113500	-3429.0538065577903
114000	-3437.569534735546
114500	-3424.532292532728
115000	-3428.3926364727085
115500	-3438.8547088127825
116000	-3445.2829256228583
116500	-3433.4021370588152
117000	-3434.2376808583995
117500	-3444.6433380921694
118000	-3450.039526628568
118500	-3454.009856860205
119000	-3462.0583073924367
119500	-3461.0887182447377
120000	-3458.6350598188096
120500	-3460.981305926753
121000	-3456.0879841712886
121500	-3453.8020119590997
122000	-3447.4813575049184
122500	-3442.653968299718
123000	-3442.141761131337
123500	-3425.2896488512997
124000	-3433.107962738857
124500	-3451.0348896754117
125000	-3445.2699308513
125500	-3432.5183372330384
126000	-3429.899555860578
126500	-3436.2921522704946
127000	-3427.5706464653326
127500	-3435.23250203081
128000	-3442.5969336906646
128500	-3443.553992296607
129000	-3442.1200666119544
129500	-3429.7192651215855
130000	-3432.7887154553127
130500	-3441.363805863541
131000	-3437.7183604384586
131500	-3433.729947501817
132000	-3446.004919959207
132500	-3433.8455293957736
133000	-3435.3761405484697
133500	-3440.0383245715025
134000	-3437.3279156157582
134500	-3450.145335532677
135000	-3449.8114332745217
135500	-3456.8511241158044
136000	-3451.528222800857
136500	-3442.7601728339305
137000	-3457.275467296675
137500	-3455.1638608960798
138000	-3457.6307560457503
138500	-3459.1333858232974
139000	-3473.448836989365
139500	-3448.4884095074094
140000	-3443.654256388689
140500	-3447.530628092626
141000	-3445.3302763603965
141500	-3444.6079037418995
142000	-3448.5241705992116
142500	-3453.4096027854644
143000	-3444.7499581062
143500	-3458.403366692678
144000	-3449.661835505203
144500	-3447.1912489290607
145000	-3444.3201297096493
145500	-3441.4886180555727
146000	-3440.1329099017107
146500	-3442.8249555693897
147000	-3450.452413237138
147500	-3440.3101097330054
148000	-3439.334265939588
148500	-3440.796258264113
149000	-3435.571381787125
149500	-3444.503450616095
150000	-3437.0631668442693
150500	-3448.9152043643076
151000	-3447.0905037862412
151500	-3458.3281394444493
152000	-3454.237810448496
152500	-3457.838606542452
153000	-3440.938882426989
153500	-3446.8828870486536
154000	-3433.0602130344655
154500	-3432.198569546428
155000	-3428.1780543617774
155500	-3430.284829976608
156000	-3429.4905084294364
156500	-3453.614823569748
157000	-3444.898104033383
157500	-3451.132058605859
158000	-3442.0787588012754
158500	-3444.9143176586413
159000	-3440.488405136088
159500	-3450.0795717909377
160000	-3434.620505027493
160500	-3446.8437594718685
161000	-3459.678482205101
161500	-3434.7555022224446
162000	-3444.6174445055444
162500	-3444.29983072866
163000	-3440.4751949003826
163500	-3434.3909200791354
164000	-3446.4886655413306
164500	-3459.3470780326224
165000	-3442.05215562869
165500	-3436.90831478296
166000	-3421.981768214878
166500	-3438.7115205714904
167000	-3428.7740853679206
167500	-3429.4388105999433
168000	-3430.280246706221
168500	-3441.0311273661623
169000	-3445.8687333299245
169500	-3435.806081258461
170000	-3433.7548584229335
170500	-3424.2665375362963
171000	-3439.1373814550807
171500	-3434.4418954740936
172000	-3440.9378822426734
172500	-3440.6979016245728
173000	-3436.1316635683675
173500	-3437.0145622833356
174000	-3423.9137323728255
174500	-3434.717167135763
175000	-3428.5458464519397
175500	-3437.61131472666
176000	-3448.700190067055
176500	-3445.8622651595592
177000	-3437.457328589001
177500	-3432.6855568849655
178000	-3432.2865523337136
178500	-3436.7228025227787
179000	-3439.1833439037496
179500	-3430.923806561907
180000	-3445.032441352373
180500	-3438.299424222734
181000	-3427.2505777664173
181500	-3430.091250735243
182000	-3435.3148290019135
182500	-3433.850300230737
183000	-3425.2256565126445
183500	-3435.6943675701555
184000	-3438.815470017372
184500	-3425.669274850698
185000	-3435.5805387673386
185500	-3435.0580806860225
186000	-3443.3570285930023
186500	-3433.135632522693
187000	-3446.786170725612
187500	-3443.6919286082434
188000	-3443.004232088229
188500	-3436.361310729433
189000	-3439.405224535828
189500	-3428.1542292471568
190000	-3425.7301745583036
190500	-3434.2318838904716
191000	-3437.763020264666
191500	-3430.873257413566
192000	-3435.5679060518783
192500	-3432.214714620023
193000	-3435.715597469301
193500	-3439.5596706501738
194000	-3424.883915350315
194500	-3426.4589879316227
195000	-3445.8780698232804
195500	-3439.3202539815093
196000	-3451.0231458823205
196500	-3455.682240976013
197000	-3445.2054238642813
197500	-3450.72079855128
198000	-3450.1579534916677
198500	-3446.726130517144
199000	-3443.000380976213
199500	-3445.0268473121373
200000	-3447.552829587868
200500	-3448.1154741641035
201000	-3455.0696027657764
201500	-3446.8578946691036
202000	-3470.8730602326564
202500	-3453.576364280902
203000	-3443.686324305472
203500	-3444.7796798737363
204000	-3435.434924979151
204500	-3441.342605695692
205000	-3440.86980250827
205500	-3436.2337295435036
206000	-3433.155273806242
206500	-3425.159658374937
207000	-3424.8719171678035
207500	-3453.748553838904
208000	-3431.4026419404827
208500	-3444.87437700402
209000	-3434.863585312329
209500	-3426.719213602718
210000	-3429.305399796404
210500	-3434.384897160641
211000	-3429.8482869617696
211500	-3433.4627299748954
212000	-3430.8213944458516
212500	-3425.8290058569105
213000	-3426.650834990318
213500	-3421.187498401679
214000	-3442.2704183649294
214500	-3429.42688988856
215000	-3446.837401452088
215500	-3437.1666962995005
216000	-3449.1022482781173
216500	-3456.5136781731076
217000	-3440.181916135273
217500	-3418.6300086485935
218000	-3434.6356219145346
218500	-3434.866840150112
219000	-3428.0321737142613
219500	-3441.051084449387
220000	-3428.559301620391
220500	-3445.1592772644076
221000	-3427.636580397334
221500	-3442.0868418205546
222000	-3425.990589925998
222500	-3426.133904877691
223000	-3434.5595286356315
223500	-3440.4790651632848
224000	-3442.9900138399503
224500	-3432.8157637844693
225000	-3446.9811798767123
225500	-3453.3619669730597
226000	-3436.7203256423627
226500	-3451.2196689864077
227000	-3441.0332658150346
227500	-3435.900420223329
228000	-3438.4571488259844
228500	-3447.9710885402524
229000	-3440.2647926639884
229500	-3440.4687774127406
230000	-3431.2332536130075
230500	-3433.585508248438
231000	-3442.8469570689335
231500	-3432.254653820726
232000	-3435.718833870375
232500	-3431.6137883491924
233000	-3431.5456727193946
233500	-3433.423139796492
234000	-3432.4276923521957
234500	-3423.4669885002554
235000	-3443.079276097986
235500	-3430.4313173387013
236000	-3440.2844858616054
236500	-3433.6371493665456
237000	-3429.2220066065806
237500	-3429.339445970197
238000	-3437.6960566406506
238500	-3436.443478302103
239000	-3433.095941114543
239500	-3435.4590029404267
240000	-3446.812701571589
240500	-3429.387669250579
241000	-3434.6187031853365
241500	-3440.3465789612806
242000	-3434.703810457906
242500	-3448.0455654713815
243000	-3432.2638755568055
243500	-3434.86013717396
244000	-3445.4287634382154
244500	-3452.755496116463
245000	-3423.614533456863
245500	-3453.2898201411745
246000	-3424.320693122116
246500	-3434.398000570817
247000	-3440.531461045943
247500	-3441.7955674066293
248000	-3426.8999545599977
248500	-3432.8813597344815
249000	-3431.989220845668
249500	-3426.6746300659433
250000	-3419.669363996803
250500	-3444.749027115252
251000	-3435.000035826089
251500	-3451.145929554942
252000	-3445.963651584529
252500	-3421.268385636563
253000	-3427.9541018344657
253500	-3425.40104143187
254000	-3418.5105806686756
254500	-3427.8704686460646
255000	-3431.693164079303
255500	-3425.727358523915
256000	-3433.578509026485
256500	-3437.0632912657225
257000	-3443.6178728745094
257500	-3441.8289827966214
258000	-3432.0880757982386
258500	-3434.103446075493
259000	-3435.3022691554356
259500	-3448.1425063208067
260000	-3433.1451384692773
260500	-3460.986048932451
261000	-3441.547015951021
261500	-3442.2088204488437
262000	-3446.404804405106
262500	-3433.6293904236754
263000	-3447.456333371082
263500	-3438.3565919948505
264000	-3446.9992951305785
264500	-3427.6846723518875
265000	-3427.447533620225
265500	-3439.3714716490035
266000	-3449.8071271171184
266500	-3434.0316992251237
267000	-3428.385721823821
267500	-3441.4660396323084
268000	-3439.203911578443
268500	-3450.6535762366634
269000	-3437.62529584858
269500	-3446.3067373598565
270000	-3437.5844954970453
270500	-3444.2003886874104
271000	-3453.916859802773
271500	-3449.1949800423354
272000	-3440.302243925114
272500	-3451.3474941644
273000	-3444.4743306581167
273500	-3456.982150347905
274000	-3453.4287068036424
274500	-3445.9454843009376
275000	-3441.1329664565746
275500	-3436.3065907348405
276000	-3447.9897324066606
276500	-3443.131865584393
277000	-3440.362433692924
277500	-3437.212991714582
278000	-3437.785876079946
278500	-3428.705654321692
279000	-3450.4306345785744
279500	-3427.297919070299
280000	-3427.8294826590445
280500	-3435.5877554700883
281000	-3447.8739756986897
281500	-3434.2857784959583
282000	-3439.3627272258796
282500	-3426.0550330033016
283000	-3425.5654186349434
283500	-3424.4610992241496
284000	-3432.6408614388547
284500	-3448.6518447520125
285000	-3437.0015259449874
285500	-3434.928959908272
286000	-3452.36481407673
286500	-3449.8416742396685
287000	-3438.870519816241
287500	-3440.1035451510847
288000	-3452.9614812753016
288500	-3449.513005287636
289000	-3446.305176046653
289500	-3448.794196522913
290000	-3455.9683161011485
290500	-3439.1866586470965
291000	-3439.4813392720152
291500	-3437.921574938314
292000	-3440.7719092898533
292500	-3430.6530542848504
293000	-3441.1453026032705
293500	-3437.9846734748216
294000	-3432.557309710056
294500	-3441.217100390078
295000	-3435.7421421314625
295500	-3440.020128005911
296000	-3450.136449483909
296500	-3452.0671816711674
297000	-3436.054992333261
297500	-3440.5073970536514
298000	-3468.076201679593
298500	-3439.8584813957127
299000	-3450.625023088666
299500	-3443.6629408784347
300000	-3443.953811191066
300500	-3436.6589106547153
301000	-3435.5264245227754
301500	-3448.404685330716
302000	-3439.1507118236777
302500	-3453.041546097344
303000	-3446.5752559142325
303500	-3445.265810911369
304000	-3443.875022982376
304500	-3443.465726975937
305000	-3435.8991806452495
305500	-3437.8417817717627
306000	-3444.5351599860714
306500	-3448.323974644418
307000	-3443.126825916675
307500	-3432.4395738516996
308000	-3436.0143616310515
308500	-3435.4037882925863
309000	-3431.303533433024
309500	-3439.4423628081267
310000	-3439.29374126708
310500	-3432.7113412840977
311000	-3444.9278804454966
311500	-3442.7958032142874
312000	-3436.693772389612
312500	-3434.940032040373
313000	-3449.9993501154195
313500	-3443.5109871287345
314000	-3445.430815675145
314500	-3435.7558150269588
315000	-3453.607477362414
315500	-3463.084484219649
316000	-3448.0485871800956
316500	-3444.0731264807705
317000	-3432.964813878338
317500	-3437.5802127076163
318000	-3429.31083884351
318500	-3434.2959510962974
319000	-3430.3995426634383
319500	-3431.5637475147923
320000	-3434.847592406225
320500	-3433.540660630112
321000	-3430.9792844557064
321500	-3438.5526016983363
322000	-3446.99622288943
322500	-3432.2989122541085
323000	-3428.9976109761797
323500	-3433.326581104036
324000	-3424.6156875033207
324500	-3436.953143629857
325000	-3441.4007636472866
325500	-3461.3109025727354
326000	-3452.516154159329
326500	-3437.55033758961
327000	-3431.567155976227
327500	-3436.7746693525573
328000	-3448.673414109676
328500	-3431.8653661390654
329000	-3431.421888600026
329500	-3430.000273030088
330000	-3436.0505043050975
330500	-3433.2685144460183
331000	-3441.097289537799
331500	-3438.276119370724
332000	-3440.0955661174366
332500	-3437.9274346750535
333000	-3425.4593793700324
333500	-3431.772535536978
334000	-3432.174607195471
334500	-3425.370762721916
335000	-3440.4564515910643
335500	-3456.7417717031058
336000	-3453.124620042087
336500	-3423.292277294773
337000	-3437.728028322925
337500	-3443.4877493618787
338000	-3448.566748396472
338500	-3446.2020366643387
339000	-3439.093034220658
339500	-3435.6003974324876
340000	-3424.465303852632
340500	-3450.572399819958
341000	-3461.2169771808976
341500	-3438.081785813563
342000	-3426.8569142866368
342500	-3446.331153438704
343000	-3430.1292835372906
343500	-3455.492933561119
344000	-3430.6864201192748
344500	-3435.0550386139676
345000	-3428.3081386924687
345500	-3431.7916735769695
346000	-3436.7737761572116
346500	-3437.3252811536477
347000	-3435.0500109671425
347500	-3425.7800682598736
348000	-3442.0851440640104
348500	-3447.2558032716693
349000	-3431.1185512951383
349500	-3445.3359047679496
350000	-3439.0711522266706
350500	-3443.510272025223
351000	-3433.1755728754806
351500	-3435.0628469175444
352000	-3438.8988971480167
352500	-3433.587497319759
353000	-3438.083344995444
353500	-3439.9806420822256
354000	-3446.6018114015596
354500	-3459.1291967969805
355000	-3454.540841754429
355500	-3444.653542547135
356000	-3438.2344250359097
356500	-3445.1265992285607
357000	-3456.229204924252
357500	-3444.253557676962
358000	-3446.403600109423
358500	-3441.325792341996
359000	-3458.440952599931
359500	-3448.7498727746447
360000	-3453.6580680132324
360500	-3461.7071308309833
361000	-3459.5923134229665
361500	-3439.4985504717724
362000	-3447.0454631200646
362500	-3443.3308955434345
363000	-3434.146818043857
363500	-3457.519791444803
364000	-3445.7096448067173
364500	-3444.2751653672085
365000	-3442.4298815500597
365500	-3442.4576531716543
366000	-3454.7532419913737
366500	-3467.933685751752
367000	-3467.6997212256974
367500	-3467.371154541594
368000	-3468.127547883882
368500	-3459.277552000295
369000	-3459.8206594538565
369500	-3450.287147155827
370000	-3437.459905523845
370500	-3447.3733775911596
371000	-3428.58165578532
371500	-3444.667536590555
372000	-3441.3562869441735
372500	-3430.9214421697966
373000	-3439.5528070103883
373500	-3446.768963402942
374000	-3458.7676366860524
374500	-3454.220852530186
375000	-3453.5749408874826
375500	-3448.5313587251903
376000	-3442.52259436227
376500	-3448.3744629290036
377000	-3445.4151847077705
377500	-3442.54145198991
378000	-3439.4193375982227
378500	-3436.0273918136972
379000	-3451.0583482438515
379500	-3450.6906117456424
380000	-3449.544625910614
380500	-3446.4491127037445
381000	-3446.423423524065
381500	-3448.486657591449
382000	-3435.4420037501445
382500	-3444.617516170348
383000	-3447.8083137192966
383500	-3440.422431302423
384000	-3444.9300776730774
384500	-3449.6608965067576
385000	-3441.4411691983355
385500	-3450.6619233506744
386000	-3464.9863823889177
386500	-3442.8168936504812
387000	-3440.342719451894
387500	-3432.753943851399
388000	-3442.749588646366
388500	-3434.6210138093775
389000	-3456.2570868227426
389500	-3457.8255073021305
390000	-3445.55668899702
390500	-3452.6980611589383
391000	-3445.8503162948223
391500	-3449.8405401138766
392000	-3444.5004340752794
392500	-3450.7354438276584
393000	-3444.9692548211333
393500	-3444.939192073469
394000	-3450.3330968826617
394500	-3460.3571184435027
395000	-3440.3553655081764
395500	-3449.365757626829
396000	-3456.384386671105
396500	-3443.290310020421
397000	-3455.5057992118773
397500	-3439.973337783229
398000	-3464.0135854582404
398500	-3457.3211742742465
399000	-3447.638265093381
399500	-3468.266598211232
400000	-3457.2044902907755
400500	-3448.211133949133
401000	-3448.6394696523125
401500	-3458.0979876180845
402000	-3468.8904333627993
402500	-3462.5060203012054
403000	-3455.0466762533138
403500	-3463.912585422912
404000	-3454.668338799733
404500	-3448.6884599078376
405000	-3455.145701472519
405500	-3455.9437199220497
406000	-3468.5032559230804
406500	-3452.190323264297
407000	-3442.5455701037654
407500	-3444.2057169621858
408000	-3460.8461436192893
408500	-3456.352168457064
409000	-3460.612905617091
409500	-3466.059645956228
410000	-3453.4072930767625
410500	-3444.5662846680034
411000	-3450.754448703352
411500	-3450.243860525126
412000	-3454.086354803878
412500	-3450.0143468990195
413000	-3461.617158468921
413500	-3439.733001746769
414000	-3447.028981649791
414500	-3445.064969944191
415000	-3430.7291899110514
415500	-3435.972506418451
416000	-3430.062486104976
416500	-3432.7045585780875
417000	-3435.7506738114525
417500	-3423.2517472957093
418000	-3440.0634075526937
418500	-3450.7571633129205
419000	-3445.1599790245896
419500	-3438.8942397001006
420000	-3444.306081583269
420500	-3438.1750700908997
421000	-3428.243729402286
421500	-3451.4120442214125
422000	-3443.258498000107
422500	-3441.794308112736
423000	-3443.9766143362212
423500	-3435.2116786525066
424000	-3447.8993466662614
424500	-3443.705538329934
425000	-3442.111036587716
425500	-3467.637660509106
426000	-3468.8467662843336
426500	-3457.630766134167
427000	-3464.1546238902956
427500	-3465.5554554544196
428000	-3453.950399653686
428500	-3454.1947018037954
429000	-3453.0172882367265
429500	-3454.7235562832093
430000	-3454.6123497380986
430500	-3446.419075327976
431000	-3441.4129941519936
431500	-3440.832138927836
432000	-3450.0098875046433
432500	-3446.938304946245
433000	-3442.7294219196738
433500	-3439.578616291721
434000	-3443.2896628794265
434500	-3446.227063513161
435000	-3456.8676051733605
435500	-3442.6247436086333
436000	-3443.618366218217
436500	-3436.278128837919
437000	-3444.6220905365926
437500	-3448.604427357545
438000	-3455.0562474667295
438500	-3442.6187273130404
439000	-3455.509195949334
439500	-3438.817469815306
440000	-3429.585274794082
440500	-3438.5016683560407
441000	-3425.048528395059
441500	-3434.154779901271
442000	-3429.6648211112274
442500	-3448.911273217499
443000	-3426.0744456120856
443500	-3425.9139696064585
444000	-3440.548319454706
444500	-3437.9672282148986
445000	-3431.4377637129255
445500	-3438.16265843398
446000	-3426.9467959969843
446500	-3427.629000073545
447000	-3431.121639186697
447500	-3430.3095166485
448000	-3439.5002068813733
448500	-3437.2872602356824
449000	-3431.5149303042126
449500	-3440.311867591194
450000	-3451.3247522299675
450500	-3446.7961064678025
451000	-3436.7413525447732
451500	-3434.8906385368505
452000	-3430.3351628361643
452500	-3431.790765883231
453000	-3424.664522149522
453500	-3440.689165102873
454000	-3435.9496972936035
454500	-3435.130939855179
455000	-3445.1476397748047
455500	-3456.8071387817936
456000	-3447.908593048153
456500	-3433.571222988168
457000	-3434.512594724737
457500	-3441.3251943424775
458000	-3446.751516371352
458500	-3436.277086423814
459000	-3430.6613235662016
459500	-3438.658924324463
460000	-3443.5978899301226
460500	-3442.070270766377
461000	-3451.839376031825
461500	-3434.690785807182
462000	-3436.218042677484
462500	-3446.956896238527
463000	-3454.2362665785
463500	-3445.4308435405533
464000	-3436.793671977626
464500	-3438.556378611827
465000	-3445.387234360327
465500	-3431.992558855307
466000	-3437.024076775534
466500	-3435.514764121931
467000	-3437.1164923289007
467500	-3425.821316879044
468000	-3437.583351832746
468500	-3444.968927393571
469000	-3443.3809049957354
469500	-3441.0053840064274
470000	-3434.134084600618
470500	-3437.279855082714
471000	-3451.1618059761063
471500	-3431.0705979970717
472000	-3434.1167370609164
472500	-3465.7208267904402
473000	-3449.9952219246898
473500	-3455.7759604542525
474000	-3461.5181370051446
474500	-3436.179286139649
475000	-3449.1010081471422
475500	-3433.3447333193694
476000	-3427.473510728598
476500	-3431.44571591679
477000	-3424.7243685621997
477500	-3430.884872980796
478000	-3439.943990885274
478500	-3451.1629440507363
479000	-3472.2885247002864
479500	-3459.0071214799195
480000	-3448.727100897864
480500	-3443.8217599077147
481000	-3445.191585441502
481500	-3440.583351743245
482000	-3437.700106742291
482500	-3435.7058882463057
483000	-3433.416975614671
483500	-3434.6929106422094
484000	-3436.534273584387
484500	-3433.716734239577
485000	-3426.754434632888
485500	-3435.2769472019536
486000	-3451.420124246597
486500	-3447.0021155871555
487000	-3437.352627248499
487500	-3441.1761511384716
488000	-3450.0765053957302
488500	-3433.2343154090045
489000	-3449.5388467180496
489500	-3435.1825652178045
490000	-3439.83130063777
490500	-3438.606806564173
491000	-3432.177906540445
491500	-3439.699687010546
492000	-3439.547880451555
492500	-3441.797030733979
493000	-3436.156184988612
493500	-3425.428617567456
494000	-3427.569715988632
494500	-3444.8818429104113
495000	-3439.897959747859
495500	-3442.4482751921773
496000	-3435.206581772396
496500	-3445.7886703503495
497000	-3441.0479745955818
497500	-3452.8676006317087
498000	-3438.6147742944236
498500	-3440.722860836664
499000	-3450.695479634918
499500	-3444.6536048872267
500000	-3442.6820730627746
500500	-3458.875528689312
501000	-3459.6797344944707
501500	-3452.0324733051975
502000	-3447.870858349059
502500	-3449.5117990994554
503000	-3456.7008532506015
503500	-3450.80747991151
504000	-3451.862326386006
504500	-3453.8157960093677
505000	-3460.1249986468697
505500	-3452.852596516569
506000	-3449.939272002636
506500	-3444.3560579662653
507000	-3445.1668341675604
507500	-3445.552068135164
508000	-3451.2312528743137
508500	-3452.412336160001
509000	-3442.4219759220637
509500	-3442.169513276746
510000	-3454.3080556945115
510500	-3444.4405641559233
511000	-3439.507109972063
511500	-3443.135925874294
512000	-3461.523249356965
512500	-3464.9463745360713
513000	-3451.5603250610525
513500	-3460.244564194578
514000	-3443.411157514777
514500	-3441.9308902687603
515000	-3441.67598723343
515500	-3451.8690561940975
516000	-3442.396341915913
516500	-3451.805268728639
517000	-3445.25895711968
517500	-3445.907119391142
518000	-3447.86182197444
518500	-3453.03434252204
519000	-3467.366758005784
519500	-3461.977421248347
520000	-3447.9043787145188
520500	-3442.5282513483235
521000	-3457.643825387064
521500	-3443.336444141769
522000	-3457.49754541494
522500	-3446.151002991077
523000	-3458.1814824733324
523500	-3464.3535341759944
524000	-3456.5372361875134
524500	-3458.8772863178424
525000	-3455.205248585889
525500	-3466.5974702557733
526000	-3453.220658724733
526500	-3460.936095887861
527000	-3468.263561439809
527500	-3474.479804109382
528000	-3466.8803340056024
528500	-3479.656443241588
529000	-3469.832543442846
529500	-3469.783680942751
530000	-3463.265527835104
530500	-3450.7652813339855
531000	-3448.8493439087893
531500	-3448.5302191934725
532000	-3461.8776683461483
532500	-3455.1475445987967
533000	-3450.7860923232774
533500	-3443.995917831507
534000	-3450.533921049758
534500	-3461.04242902794
535000	-3445.7196342720295
535500	-3456.154315278676
536000	-3447.797271170008
536500	-3445.523235560029
537000	-3443.3749927257218
537500	-3446.1751881192877
538000	-3444.7447897452826
538500	-3449.561928214619
539000	-3458.6122490612
539500	-3446.534445503158
540000	-3446.8748582839667
540500	-3442.43451623898
541000	-3460.5731852171293
541500	-3471.4680269709556
542000	-3461.6371511875354
542500	-3463.0292640859807
543000	-3464.766708108548
543500	-3463.5426099778024
544000	-3459.756038584948
544500	-3471.338123375528
545000	-3472.1866134548245
545500	-3463.903011984852
546000	-3459.077035417358
546500	-3476.677383040144
547000	-3476.6474840082255
547500	-3456.4455910199017
548000	-3466.412746322924
548500	-3470.3913121312016
549000	-3469.103885370006
549500	-3453.040147619432
550000	-3467.4398731320107
550500	-3458.829941065523
551000	-3452.9218184902466
551500	-3445.2465132824523
552000	-3458.022237153139
552500	-3454.701784594396
553000	-3440.3600677796508
553500	-3446.010712313125
554000	-3446.0768949804105
554500	-3441.2229050426877
555000	-3440.9695926702298
555500	-3445.6162566477324
556000	-3452.291278445294
556500	-3453.707553897088
557000	-3450.879501544707
557500	-3443.2072284632895
558000	-3447.488567556605
558500	-3461.0669460018285
559000	-3456.717397825374
559500	-3465.5524712587912
560000	-3452.9810980649986
560500	-3445.7695015967765
561000	-3447.7464806829857
561500	-3455.845416285432
562000	-3458.117966381627
562500	-3461.407198002025
563000	-3447.7400542031933
563500	-3448.464628468619
564000	-3466.6928374412005
564500	-3473.014260181805
565000	-3471.062107681152
565500	-3452.3888025918723
566000	-3445.9774995724074
566500	-3446.523778892279
567000	-3449.642550212979
567500	-3447.4327800525934
568000	-3449.8344782124827
568500	-3452.136386901303
569000	-3443.8780409625087
569500	-3444.218228249734
570000	-3449.885601022144
570500	-3455.1353780240834
571000	-3446.591337651752
571500	-3452.3783064457457
572000	-3442.1241814541263
572500	-3455.0848123990418
573000	-3452.906226419672
573500	-3451.473805364032
574000	-3444.2316905248067
574500	-3441.6869331258276
575000	-3456.9169492564097
575500	-3458.250467985412
576000	-3450.8913311624233
576500	-3438.6782968855846
577000	-3442.6348133837923
577500	-3442.9672855483686
578000	-3451.136609807326
578500	-3449.7579363176346
579000	-3449.4990470338967
579500	-3445.264671411642
580000	-3444.2898219600393
580500	-3466.8100164367142
581000	-3457.0773978615125
581500	-3460.195840082132
582000	-3457.9496230500376
582500	-3446.0246086508487
583000	-3447.0580319001824
583500	-3448.148152726084
584000	-3448.9205622296654
584500	-3454.392468903928
585000	-3440.5409954651886
585500	-3445.4988556825647
586000	-3447.164712505748
586500	-3451.8209798636426
587000	-3469.34917600923
587500	-3450.7377164016584
588000	-3452.8016727266645
588500	-3445.0068346518055
589000	-3450.352733765549
589500	-3444.005591341246
590000	-3439.305435194805
590500	-3450.5155052449322
591000	-3451.6791413670758
591500	-3444.7883096411797
592000	-3471.349994326453
592500	-3452.624444982636
593000	-3448.527815149708
593500	-3457.238198264942
594000	-3454.2025742537567
594500	-3439.8106079204326
595000	-3436.4595956672138
595500	-3444.4827882170507
596000	-3434.8538752808754
596500	-3443.334765650623
597000	-3431.831896934424
597500	-3439.4198692225687
598000	-3427.6458317036136
598500	-3433.135648326017
599000	-3446.133422158727
599500	-3437.4609223234893
600000	-3439.768442714304
600500	-3445.2620256166924
601000	-3446.368503427006
601500	-3449.641442105083
602000	-3460.7787158114024
602500	-3445.452926105701
603000	-3443.4964340025454
603500	-3443.641613115338
604000	-3435.1290469803484
604500	-3441.2505636523724
605000	-3436.9485604238985
605500	-3444.4149175612165
606000	-3431.6026463592552
606500	-3443.823452550388
607000	-3451.0990436405477
607500	-3447.413892829907
608000	-3445.8741548697903
608500	-3445.8404210610324
609000	-3440.679272373052
609500	-3436.883500087337
610000	-3433.7319702731857
610500	-3441.6612910438703
611000	-3449.9305932401876
611500	-3441.608676273582
612000	-3438.940172498629
612500	-3440.061705731941
613000	-3449.0125270570134
613500	-3458.0395991919536
614000	-3433.236420927107
614500	-3438.9809075858566
615000	-3440.254912375963
615500	-3432.682330548921
616000	-3432.693763135145
616500	-3444.141031348453
617000	-3437.943079239634
617500	-3441.901659138599
618000	-3433.8642265352255
618500	-3441.337454120135
619000	-3453.42707139827
619500	-3449.19346765018
620000	-3441.1820716178454
620500	-3451.672323628657
621000	-3443.287337514795
621500	-3440.3836749843895
622000	-3438.501781786223
622500	-3451.134860872063
623000	-3453.780554168615
623500	-3455.1473215099486
624000	-3447.6336041498707
624500	-3451.5765404685803
625000	-3443.3145093584294
625500	-3457.263879147206
626000	-3454.9149266466625
626500	-3449.8219615276385
627000	-3455.3719191683685
627500	-3451.9339083261084
628000	-3444.589615996904
628500	-3452.5093628660443
629000	-3439.6863313516583
629500	-3439.71632946307
630000	-3435.9957027180676
630500	-3437.1523164583937
631000	-3446.9750607526657
631500	-3448.247095241197
632000	-3449.8673422882284
632500	-3436.8285439405063
633000	-3430.365987553187
633500	-3432.10705527761
634000	-3428.6961142319637
634500	-3432.264106909779
635000	-3439.349684639054
635500	-3441.145872295783
636000	-3434.8422238148473
636500	-3428.643446252708
637000	-3437.98244334843
637500	-3438.2409050839005
638000	-3444.54808860658
638500	-3439.6649450327573
639000	-3435.904749842445
639500	-3455.3628439067193
640000	-3451.964954132617
640500	-3449.633687321072
641000	-3457.6389402075138
641500	-3447.5338919782953
642000	-3438.708325060412
642500	-3447.233130063364
643000	-3431.7414979356818
643500	-3434.5036760691114
644000	-3447.941850968707
644500	-3434.6447030336544
645000	-3435.305884634187
645500	-3434.068763061783
646000	-3434.688193449492
646500	-3440.79633462173
647000	-3446.8746496867284
647500	-3449.777990766809
648000	-3443.9908384770206
648500	-3455.831581863748
649000	-3455.92045293923
649500	-3446.6421223431735
650000	-3451.285145741163
650500	-3453.206690534813
651000	-3448.632553313849
651500	-3438.2152158102576
652000	-3439.6879312534156
652500	-3438.850282242238
653000	-3444.477924440645
653500	-3450.072573734492
654000	-3452.7308169237226
654500	-3440.8751976409626
655000	-3429.932419991716
655500	-3431.723435593124
656000	-3435.478385638051
656500	-3430.5002247552607
657000	-3443.978512497988
657500	-3433.997217060721
658000	-3433.125592240842
658500	-3428.709257265998
659000	-3433.859305695196
659500	-3455.179847412857
660000	-3444.7349662544134
660500	-3447.309935258907
661000	-3449.494121579659
661500	-3439.3599890266364
662000	-3444.1631849248156
662500	-3440.299976819492
663000	-3443.233012553597
663500	-3443.644715448277
664000	-3452.1137333343822
664500	-3442.967587963087
665000	-3447.377453598753
665500	-3449.33515305977
666000	-3446.2177688246734
666500	-3441.6631791866325
667000	-3443.55649432147
667500	-3440.4314430960812
668000	-3443.656868530808
668500	-3438.85386931901
669000	-3434.0581672264193
669500	-3432.230611832833
670000	-3437.9959997351993
670500	-3430.2570017728667
671000	-3440.2631126391584
671500	-3438.5549247876634
672000	-3445.772169512557
672500	-3448.958299165946
673000	-3442.680503120555
673500	-3449.7918950546364
674000	-3447.031132450862
674500	-3455.193255151518
675000	-3449.1784351453216
675500	-3446.1007315863703
676000	-3448.9769506644243
676500	-3448.2056071465017
677000	-3452.871646557185
677500	-3449.2342644509313
678000	-3455.7478896969965
678500	-3454.1257024975403
679000	-3443.0562804677525
679500	-3439.5935356564396
680000	-3445.054505756982
680500	-3446.837729970118
681000	-3435.9330630780573
681500	-3439.8305184945452
682000	-3442.7638977843785
682500	-3454.562894439816
683000	-3451.1381932099684
683500	-3452.230116082316
684000	-3454.3643777694256
684500	-3451.868778773924
685000	-3457.0461678886118
685500	-3460.8485087462545
686000	-3453.1615219503747
686500	-3448.8237436790732
687000	-3451.4169449976202
687500	-3454.8219655818743
688000	-3458.8756794990263
688500	-3460.417102447327
689000	-3457.3176282334857
689500	-3448.8151725332896
690000	-3448.3024913410277
690500	-3455.2469444033723
691000	-3455.5150028819376
691500	-3441.2609423550048
692000	-3452.273496850624
692500	-3445.474887194987
693000	-3453.7943229452885
693500	-3455.7056389730606
694000	-3462.2162711043006
694500	-3451.6919533678906
695000	-3456.445134506581
695500	-3468.0923738584056
696000	-3457.1077330162443
696500	-3456.5122762586625
697000	-3467.1961363127016
697500	-3463.786220471946
698000	-3461.876816992118
698500	-3466.579848142078
699000	-3464.0404747519083
699500	-3449.1325499496866
700000	-3447.9344785176704
700500	-3445.9531196616686
701000	-3452.3627150278858
701500	-3447.9686734910497
702000	-3450.148564050652
702500	-3458.943050609183
703000	-3443.8139279433867
703500	-3446.4744127494755
704000	-3446.6549244225844
704500	-3449.548476640114
705000	-3439.429742415803
705500	-3444.883634251105
706000	-3435.4820148089234
706500	-3445.92963058974
707000	-3448.6034392676743
707500	-3438.266818934333
708000	-3444.990868218948
708500	-3437.6516777200964
709000	-3443.1178653507786
709500	-3449.760634528086
710000	-3445.276877516438
710500	-3436.589587125639
711000	-3432.9295637069868
711500	-3436.949764256166
712000	-3441.22145288561
712500	-3438.936074085571
713000	-3441.7029006416606
713500	-3450.536475855291
714000	-3431.4694918973737
714500	-3454.9531253753444
715000	-3457.696687888362
715500	-3456.600553419118
716000	-3449.444674585623
716500	-3461.018995937708
717000	-3454.543724112469
717500	-3458.8926867449313
718000	-3444.2035757372187
718500	-3449.352755304243
719000	-3455.9745704950683
719500	-3440.08812776926
720000	-3439.978403294484
720500	-3436.1156654935953
721000	-3453.3626293233865
721500	-3444.5735375735794
722000	-3445.1210072899544
722500	-3447.6766199665453
723000	-3439.148272875685
723500	-3440.382078254772
724000	-3446.494064591207
724500	-3444.899544023554
725000	-3441.7347541403424
725500	-3452.513788998666
726000	-3444.263323089228
726500	-3442.670036442815
727000	-3446.420575662426
727500	-3447.690620829832
728000	-3452.5382667582844
728500	-3438.5015014327573
729000	-3450.746733875516
729500	-3469.8807686592677
730000	-3463.826342746506
730500	-3461.673193812187
731000	-3448.432833287269
731500	-3448.332345229786
732000	-3459.622050975894
732500	-3443.6869278505974
733000	-3432.746308216196
733500	-3435.121575617393
734000	-3444.3022786780643
734500	-3438.098043537791
735000	-3433.182956484331
735500	-3436.5544361052243
736000	-3437.687202841058
736500	-3435.9636552837874
737000	-3437.8215488955825
737500	-3435.818893744968
738000	-3447.316111264006
738500	-3439.682847854296
739000	-3443.498816154889
739500	-3442.3780839521814
740000	-3433.885889653674
740500	-3440.9810378065495
741000	-3436.9451119128316
741500	-3433.4975455478025
742000	-3438.7566384249226
742500	-3429.704115446644
743000	-3441.553321879004
743500	-3431.0844199691555
744000	-3433.1261863066634
744500	-3451.4461485547135
745000	-3433.745413488322
745500	-3432.750798578476
746000	-3441.338809397021
746500	-3449.120445131335
747000	-3442.625624489111
747500	-3430.360436123652
748000	-3432.581762996773
748500	-3450.3182693160966
749000	-3447.6606076260678
749500	-3435.911035190353
750000	-3441.687717184154
750500	-3436.1606621446463
751000	-3431.324350794622
751500	-3447.7788761732486
752000	-3441.1158977327104
752500	-3433.4571328288635
753000	-3432.1804646138803
753500	-3439.8361258139294
754000	-3451.9728088865386
754500	-3439.4941004177344
755000	-3446.317887211298
755500	-3443.4346659610255
756000	-3437.9010699624882
756500	-3441.4959117559506
757000	-3434.639889163553
757500	-3441.65119563271
758000	-3434.7090182029115
758500	-3448.637836781378
759000	-3431.85996979149
759500	-3431.7735957221485
760000	-3431.832104316503
760500	-3448.3794611760018
761000	-3447.949498797171
761500	-3449.3793984519593
762000	-3455.680352216095
762500	-3448.5357499276984
763000	-3440.694741226978
763500	-3427.0230296395503
764000	-3439.293602366259
764500	-3437.939262374327
765000	-3428.3171464710776
765500	-3440.5522828498806
766000	-3436.1342037334693
766500	-3432.752875534401
767000	-3450.2717038865903
767500	-3445.3902981716933
768000	-3438.8880618670846
768500	-3443.0375574788745
769000	-3434.8518380071005
769500	-3439.4627595909055
770000	-3448.380702284641
770500	-3434.4685603645435
771000	-3433.4117538512783
771500	-3432.202869267706
772000	-3432.7272878784192
772500	-3440.2680844024185
773000	-3437.551957759871
773500	-3439.846503373049
774000	-3444.743596675361
774500	-3450.9398258428314
775000	-3437.663566796966
775500	-3441.688440248722
776000	-3442.8112882714086
776500	-3438.507149641576
777000	-3445.2487194463783
777500	-3446.77536398916
778000	-3439.6469065742044
778500	-3436.250167699443
779000	-3438.865715932072
779500	-3441.524666324713
780000	-3437.749851579571
780500	-3439.0903149714645
781000	-3433.316963008176
781500	-3439.414896460361
782000	-3434.8703902812495
782500	-3435.6071995812013
783000	-3449.8004455840523
783500	-3441.9221194423058
784000	-3446.484311096294
784500	-3443.670410162362
785000	-3473.2783237460953
785500	-3450.4108852128516
786000	-3449.5246371470785
786500	-3436.8953050114314
787000	-3442.980945761476
787500	-3446.582066817233
788000	-3457.95541043061
788500	-3456.988221995186
789000	-3449.8168778745817
789500	-3449.7804995386477
790000	-3440.0520228305804
790500	-3438.660647367111
791000	-3443.8922510350562
791500	-3446.4328421899145
792000	-3439.9283626188326
792500	-3441.464261083639
793000	-3462.390713358291
793500	-3445.699890164766
794000	-3438.4659051836434
794500	-3432.2054257054765
795000	-3432.4291211287814
795500	-3458.9418495007226
796000	-3453.9864644707036
796500	-3448.2262413483804
797000	-3449.4097958233942
797500	-3436.8745736489072
798000	-3437.228550912375
798500	-3440.0847644820506
799000	-3444.241429051235
799500	-3444.9300498236526
800000	-3437.8934256497664
800500	-3441.3674764334105
801000	-3437.3017253137828
801500	-3446.7291675742185
802000	-3450.6613746216426
802500	-3459.688170169827
803000	-3457.5224182681172
803500	-3450.214083929791
804000	-3449.9932144478944
804500	-3454.7446705424854
805000	-3456.6515528996642
805500	-3459.6566656042114
806000	-3450.474310046479
806500	-3438.0910527303763
807000	-3439.2213426269223
807500	-3442.721584287316
808000	-3451.182433408181
808500	-3436.9675901964833
809000	-3456.8159098159003
809500	-3453.390791868634
810000	-3445.9946740184746
810500	-3442.105214258544
811000	-3444.8361478629195
811500	-3438.652618829443
812000	-3448.9471566106236
812500	-3440.034166432847
813000	-3443.3975275721405
813500	-3439.5749229611683
814000	-3435.9611415559893
814500	-3440.0897545408493
815000	-3436.5951051866123
815500	-3448.599200872285
816000	-3438.59347607067
816500	-3433.4946573103566
817000	-3448.7110331077797
817500	-3446.2759099176
818000	-3432.883176126554
818500	-3452.563882369416
819000	-3438.067861710392
819500	-3443.5621626636957
820000	-3451.941686082298
820500	-3437.852486249294
821000	-3437.3229010849304
821500	-3440.1466736800985
822000	-3438.3823773026497
822500	-3438.1583309693247
823000	-3451.735598903807
823500	-3442.1252422581133
824000	-3444.604993921779
824500	-3440.511056456547
825000	-3448.4674295917043
825500	-3444.999765830934
826000	-3438.606386624647
826500	-3436.3637465972597
827000	-3428.7357199814633
827500	-3439.045174499474
828000	-3441.8319700329016
828500	-3446.1457192385997
829000	-3445.048784875131
829500	-3449.3286618137004
830000	-3456.2621763494562
830500	-3445.573341980847
831000	-3453.1207846029947
831500	-3439.185836237958
832000	-3441.631637103636
832500	-3433.738815940521
833000	-3437.7278522088227
833500	-3429.2524389995924
834000	-3448.9622197020326
834500	-3435.3605598401596
835000	-3434.1036306420056
835500	-3437.976303721508
836000	-3442.845283255092
836500	-3456.479625561057
837000	-3444.8082253093876
837500	-3450.380120440482
838000	-3448.188716521043
838500	-3458.6230273427946
839000	-3448.218038813852
839500	-3438.9366164441853
840000	-3443.9601762761504
840500	-3447.6508299514935
841000	-3466.2108088509076
841500	-3451.906640156644
842000	-3450.1139047948964
842500	-3446.2532247670506
843000	-3452.8179345115836
843500	-3450.7071414597717
844000	-3440.6248812604467
844500	-3460.361834003436
845000	-3453.7326893316144
845500	-3447.811187872779
846000	-3442.60641330449
846500	-3440.792812597957
847000	-3454.900702702522
847500	-3445.7431299506184
848000	-3445.5904170885647
848500	-3447.20612264555
849000	-3447.3861870644805
849500	-3450.319917271377
850000	-3449.2403615907365
850500	-3477.8211426096714
851000	-3459.649514547655
851500	-3448.255125109665
852000	-3437.804894757817
852500	-3448.936341546398
853000	-3446.4400475358448
853500	-3440.8023155780197
854000	-3444.175830873346
854500	-3450.4784537763703
855000	-3445.604908688094
855500	-3453.7915756843267
856000	-3449.507125447167
856500	-3452.31643717136
857000	-3435.278767352263
857500	-3452.1888918295517
858000	-3449.094072222011
858500	-3444.0076891620674
859000	-3440.4321133978574
859500	-3457.7040930423377
860000	-3441.1986585012814
860500	-3442.8351072372643
861000	-3445.328011971703
861500	-3453.613106672415
862000	-3449.1429604971104
862500	-3443.5182736169177
863000	-3449.3245454551347
863500	-3442.623886939649
864000	-3442.76620553393
864500	-3454.628120629791
865000	-3446.5535500884107
865500	-3450.4609845439327
866000	-3435.8997906739332
866500	-3448.5046106077066
867000	-3457.9005056613078
867500	-3466.20248887032
868000	-3439.168795269412
868500	-3446.815248832764
869000	-3449.818130056763
869500	-3442.1311725118558
870000	-3436.862714273953
870500	-3445.187037871814
871000	-3438.9340393221
871500	-3431.0460473724934
872000	-3451.7385100095394
872500	-3443.21202368785
873000	-3440.2578824414586
873500	-3445.336223838284
874000	-3446.0820420080718
874500	-3449.65174158006
875000	-3440.2773241598134
875500	-3450.6441631047687
876000	-3451.2429299586024
876500	-3455.0155110590213
877000	-3442.4795748644083
877500	-3449.636937761003
878000	-3448.0775170204442
878500	-3432.5447535106996
879000	-3441.401429307141
879500	-3441.318061897348
880000	-3433.1676442621274
880500	-3439.7224342143586
881000	-3441.931245420268
881500	-3446.7461234808184
882000	-3446.80952211812
882500	-3450.4744676386126
883000	-3443.5906992062983
883500	-3439.5326405534565
884000	-3458.1896560851133
884500	-3449.8428656524447
885000	-3438.8200562645206
885500	-3437.354003178936
886000	-3442.059633524509
886500	-3443.491481385059
887000	-3449.759835811709
887500	-3450.4038287836047
888000	-3444.760467731971
888500	-3440.448521950143
889000	-3441.105058183057
889500	-3433.0561264101143
890000	-3440.6390180859767
890500	-3439.8924728751435
891000	-3436.1153595280507
891500	-3445.3934727219303
892000	-3448.4510172444907
892500	-3449.7227899865065
893000	-3459.5300607251675
893500	-3456.268007339097
894000	-3449.220389723962
894500	-3450.4370119974315
895000	-3450.646405056242
895500	-3451.2005225694547
896000	-3460.595073470599
896500	-3459.687817321146
897000	-3454.706859110093
897500	-3451.6069992792695
898000	-3460.7627948042987
898500	-3447.301632899029
899000	-3452.0443412515006
899500	-3443.566540849031
900000	-3457.009953579712
900500	-3442.985512448217
901000	-3443.466346459292
901500	-3440.8826677243287
902000	-3446.603740833716
902500	-3447.631251529629
903000	-3452.254843671518
903500	-3453.0506649400295
904000	-3455.241600809906
904500	-3450.111087992946
905000	-3448.1852120747485
905500	-3461.4092089994306
906000	-3454.3343205931424
906500	-3450.192463256178
907000	-3463.6275036889474
907500	-3450.6066946850865
908000	-3443.5757007571033
908500	-3450.248129958662
909000	-3458.5779343450167
909500	-3442.02557695061
910000	-3442.5428553569996
910500	-3445.982266265182
911000	-3442.607297748175
911500	-3450.8999161134393
912000	-3445.9361069087
912500	-3443.243353573604
913000	-3440.1267412690486
913500	-3431.3573810824723
914000	-3431.8542466753647
914500	-3444.489006536935
915000	-3432.587003092104
915500	-3449.7890046683415
916000	-3443.266445934074
916500	-3457.216094027804
917000	-3459.1534943926363
917500	-3449.102475694622
918000	-3464.3719638355155
918500	-3443.5851893378112
919000	-3447.3985753885513
919500	-3449.841990936613
920000	-3448.307098585375
920500	-3454.236504361251
921000	-3452.3774176420225
921500	-3449.356116670122
922000	-3453.619513112165
922500	-3452.4009871816597
923000	-3441.886821350502
923500	-3452.24686752972
924000	-3446.896505094509
924500	-3458.831358887842
925000	-3457.7485614969237
925500	-3461.149403692139
926000	-3455.32709244209
926500	-3444.559522565061
927000	-3465.8591296853137
927500	-3453.9653848779694
928000	-3452.478911676519
928500	-3443.5181617594812
929000	-3443.3114643513654
929500	-3439.3846235760834
930000	-3441.480152492491
930500	-3437.3902590546472
931000	-3432.216854751958
931500	-3438.8976736746095
932000	-3440.725380742059
932500	-3446.157286618121
933000	-3436.515392859197
933500	-3436.979403138396
934000	-3454.3622696263533
934500	-3445.279156768743
935000	-3438.998494647617
935500	-3439.6365635334055
936000	-3437.79489621437
936500	-3435.6967967883083
937000	-3443.2826381656605
937500	-3436.2339156780304
938000	-3452.021215120839
938500	-3441.62992233294
939000	-3434.2084101429305
939500	-3439.0894373539077
940000	-3447.9541990996495
940500	-3450.745336187793
941000	-3443.6238164398596
941500	-3455.6665274368233
942000	-3435.844503721006
942500	-3443.609142418899
943000	-3441.017074940421
943500	-3447.292681395284
944000	-3447.644093286285
944500	-3431.618373836849
945000	-3439.607894274936
945500	-3434.7154990555428
946000	-3448.6979145806913
946500	-3446.7071063916924
947000	-3435.884353372049
947500	-3453.7430266513425
948000	-3447.3577642671125
948500	-3443.238916392728
949000	-3444.0712844988793
949500	-3445.587735358315
950000	-3439.0729391084787
950500	-3434.8383358218334
951000	-3435.365738849342
951500	-3451.4991688406376
952000	-3441.0453342421056
952500	-3444.1555432923883
953000	-3448.8949397706115
953500	-3445.498553259497
954000	-3446.096054593707
954500	-3442.5207612229196
955000	-3446.229708075316
955500	-3459.897009098003
956000	-3448.9146099165678
956500	-3448.0052732039517
957000	-3442.543732859316
957500	-3430.581320816246
958000	-3435.853728533525
958500	-3447.1092962152584
959000	-3452.6558342500985
959500	-3441.0197340174373
960000	-3441.5755179414045
960500	-3448.8209453324334
961000	-3439.552648762832
961500	-3456.8795744046456
962000	-3442.9932222543703
962500	-3434.5237864029227
963000	-3451.3426443507874
963500	-3428.951713909978
964000	-3435.540715218629
964500	-3440.357825391883
965000	-3434.844604973467
965500	-3427.9018934190717
966000	-3425.0802239084187
966500	-3439.8031209850656
967000	-3429.97081241142
967500	-3429.5921246212456
968000	-3433.196126079926
968500	-3448.6096253521737
969000	-3434.4830497362577
969500	-3436.4660969735405
970000	-3427.3972320337957
970500	-3434.6447685965873
971000	-3444.007128209335
971500	-3437.2108327137653
972000	-3440.4347779752943
972500	-3430.098104453943
973000	-3433.659950050235
973500	-3434.9873522548023
974000	-3433.1319028535854
974500	-3445.8742321870986
975000	-3430.2674164742893
975500	-3441.4249400341064
976000	-3448.444950796249
976500	-3456.671221952609
977000	-3444.2503001198384
977500	-3446.5325836695347
978000	-3458.71389580668
978500	-3449.2275548537204
979000	-3446.3797319331734
979500	-3441.874006063389
980000	-3438.1229680645306
980500	-3450.7350479652705
981000	-3443.748729326082
981500	-3439.4920154883675
982000	-3449.2758917822734
982500	-3456.589169059992
983000	-3453.9625522625747
983500	-3451.687892321998
984000	-3447.326296984343
984500	-3445.6025148779636
985000	-3445.5657353972897
985500	-3439.6795069137056
986000	-3444.4447840997714
986500	-3433.1032224444084
987000	-3443.6329801543197
987500	-3445.181783124947
988000	-3453.629705920309
988500	-3451.5108275518032
989000	-3441.931884199258
989500	-3449.241026786834
990000	-3450.5059004302716
990500	-3442.008153855276
991000	-3441.6214602421273
991500	-3442.792834862627
992000	-3440.4595663384794
992500	-3440.44942219058
993000	-3449.86742931455
993500	-3449.271945518899
994000	-3467.0698936794406
994500	-3438.103367488627
995000	-3448.0396725696137
995500	-3439.8043418695515
996000	-3446.9886636766782
996500	-3442.8494509485945
997000	-3457.2260333894956
997500	-3447.4885969874636
998000	-3450.063708353159
998500	-3449.2938541171584
999000	-3448.9514303480146
999500	-3444.982118172105
1000000	-3452.551277735567
1000500	-3452.741367808999
1001000	-3444.6418647883315
1001500	-3458.5483331265136
1002000	-3459.110591187268
1002500	-3452.948090152972
1003000	-3452.6082009835545
1003500	-3442.078421599149
1004000	-3444.459982334881
1004500	-3458.037265426834
1005000	-3455.318904215738
1005500	-3455.079088747138
1006000	-3461.1339296422493
1006500	-3462.3892945209564
1007000	-3461.285708213849
1007500	-3459.6390028903766
1008000	-3459.795991438152
1008500	-3478.14157906899
1009000	-3452.5108159881265
1009500	-3454.246087828654
1010000	-3445.779772719276
1010500	-3443.9749299484383
1011000	-3444.1719930156446
1011500	-3452.144496011113
1012000	-3457.278941111027
1012500	-3459.6860671139807
1013000	-3457.550910483046
1013500	-3453.1719633357243
1014000	-3448.732199281045
1014500	-3461.1798706968907
1015000	-3452.1211866599133
1015500	-3452.701740895843
1016000	-3465.973892222329
1016500	-3472.3072055207454
1017000	-3460.0674309649494
1017500	-3462.476125010602
1018000	-3470.7162889070846
1018500	-3457.6635610251587
1019000	-3456.1819887081215
1019500	-3452.1498749811735
1020000	-3454.95651032249
1020500	-3448.1324773182487
1021000	-3438.1578927842957
1021500	-3465.364083224524
1022000	-3456.819554695369
1022500	-3459.5674162729633
1023000	-3436.4149068197225
1023500	-3441.9585358635513
1024000	-3442.8680780466375
1024500	-3440.225386860514
1025000	-3437.814956472368
1025500	-3447.7186742487434
1026000	-3444.925378204036
1026500	-3442.0389686774784
1027000	-3440.0561816716477
1027500	-3448.9317431414534
1028000	-3441.779367887645
1028500	-3428.3525349619626
1029000	-3424.833650596124
1029500	-3456.588642449716
1030000	-3448.6524270855634
1030500	-3430.5844378046468
1031000	-3434.9442751237575
1031500	-3448.560891143835
1032000	-3459.5493205854646
1032500	-3444.172867499149
1033000	-3442.7016857973535
1033500	-3435.6820490603095
1034000	-3438.138376932299
1034500	-3434.0271585875284
1035000	-3437.523175543671
1035500	-3433.4420932005005
1036000	-3437.5825860272157
1036500	-3448.7952428852095
1037000	-3438.5609366593962
1037500	-3442.96431385102
1038000	-3428.947977950597
1038500	-3434.7027898101824
1039000	-3445.876491973198
1039500	-3425.5642615788106
1040000	-3438.1189694981827
1040500	-3438.531483619871
1041000	-3452.2933675738996
1041500	-3453.36426049878
1042000	-3455.587760238656
1042500	-3456.39217976715
1043000	-3470.311416347754
1043500	-3459.7046553506
1044000	-3437.5818351143034
1044500	-3452.6912293169157
1045000	-3443.2376230316227
1045500	-3445.854346809831
1046000	-3472.277584767071
1046500	-3446.93726925721
1047000	-3441.5296230903014
1047500	-3452.2184760266196
1048000	-3456.859892325134
1048500	-3447.4019933028794
1049000	-3440.3840569706263
1049500	-3451.6092467823146
1050000	-3444.8753638601856
1050500	-3444.085111953229
1051000	-3437.599688327264
1051500	-3438.4034234030364
1052000	-3442.6848569723106
1052500	-3439.1009145278394
1053000	-3441.0215046311782
1053500	-3455.8196437210527
1054000	-3451.0623462642734
1054500	-3458.7398563501943
1055000	-3453.0605194074233
1055500	-3448.15717917011
1056000	-3447.3231868336325
1056500	-3438.214417565401
1057000	-3448.844985449091
1057500	-3437.37406464026
1058000	-3436.2647788806516
1058500	-3451.0719705984166
1059000	-3451.3555583649054
1059500	-3448.704462323723
1060000	-3450.926514978995
1060500	-3464.994876834792
1061000	-3447.987571737453
1061500	-3444.3914260500633
1062000	-3462.273654737195
1062500	-3471.3352851583795
1063000	-3469.327128613984
1063500	-3438.805020473316
1064000	-3436.115227480759
1064500	-3446.9893497241465
1065000	-3446.5875857476462
1065500	-3450.9022996240346
1066000	-3461.7079007100883
1066500	-3449.182440158218
1067000	-3437.175687241217
1067500	-3441.2069847993894
1068000	-3450.641634217843
1068500	-3446.8082242262813
1069000	-3444.3234829824737
1069500	-3438.7483400259994
1070000	-3455.008178226773
1070500	-3445.626125427509
1071000	-3442.8691582951396
1071500	-3437.704599522439
1072000	-3443.0546747087133
1072500	-3451.3148820547685
1073000	-3443.9802239654205
1073500	-3431.283159068552
1074000	-3435.491881436729
1074500	-3443.907445487105
1075000	-3456.828684810014
1075500	-3444.0008737953945
1076000	-3445.889975466568
1076500	-3438.0651736260666
1077000	-3439.026994114127
1077500	-3435.8371003844068
1078000	-3441.2276546031385
1078500	-3433.500163604965
1079000	-3455.567466578657
1079500	-3443.441493525873
1080000	-3443.1845927488466
1080500	-3437.505607671471
1081000	-3432.2467787599594
1081500	-3438.741491943397
1082000	-3447.9734172262715
1082500	-3437.696449391635
1083000	-3434.6738204377457
1083500	-3435.3631190196215
1084000	-3432.689221473191
1084500	-3441.804769469788
1085000	-3454.3589630637175
1085500	-3436.9552014858164
1086000	-3445.192445647814
1086500	-3437.70868078947
1087000	-3439.455572005624
1087500	-3445.8957067232795
1088000	-3431.477551838176
1088500	-3423.3426657003124
1089000	-3443.6131817478504
1089500	-3436.8253245886553
1090000	-3428.8155283332653
1090500	-3430.236496436079
1091000	-3423.0279742316256
1091500	-3429.261527811212
1092000	-3428.9855685505163
1092500	-3434.422749358995
1093000	-3430.4241947257874
1093500	-3429.085774237034
1094000	-3442.239965746451
1094500	-3438.9000504107676
1095000	-3448.0044566561673
1095500	-3446.9168084820626
1096000	-3464.536202909795
1096500	-3451.9058155672324
1097000	-3453.1692446280867
1097500	-3457.0770670339034
1098000	-3452.080573375618
1098500	-3454.2794567745896
1099000	-3460.2669843544595
1099500	-3455.22330837871
1100000	-3439.735310482439
1100500	-3442.987731091486
1101000	-3444.3829405023293
1101500	-3454.8276484197254
1102000	-3439.697903979979
1102500	-3440.9687155037323
1103000	-3438.536966619262
1103500	-3447.5517396799223
1104000	-3446.0637737351135
1104500	-3444.417643077239
1105000	-3439.810603471971
1105500	-3442.031031698205
1106000	-3447.501686067258
1106500	-3441.8252884175604
1107000	-3463.4783423289805
1107500	-3447.938077782326
1108000	-3444.8236958241114
1108500	-3461.1661857534377
1109000	-3449.2925767808842
1109500	-3470.631474237353
1110000	-3440.622256171119
1110500	-3437.170190680642
1111000	-3425.3801082174095
1111500	-3431.661678167283
1112000	-3436.689896559387
1112500	-3438.0222833851262
1113000	-3433.00378034846
1113500	-3442.1303462798455
1114000	-3437.00177919697
1114500	-3431.566315198134
1115000	-3452.364633165832
1115500	-3438.4584107299747
1116000	-3428.92552305357
1116500	-3433.7683423424332
1117000	-3453.0477909423075
1117500	-3442.6657504745835
1118000	-3426.6453226643735
1118500	-3447.799620082907
1119000	-3439.7763473157333
1119500	-3440.1752877912136
1120000	-3432.974750570579
1120500	-3444.235704067001
1121000	-3437.0365708514796
1121500	-3433.8251541991367
1122000	-3426.7364594282353
1122500	-3433.2276792329953
1123000	-3433.485683112619
1123500	-3422.62875112034
1124000	-3440.190900490925
1124500	-3436.123162178146
1125000	-3424.669914548905
1125500	-3424.193260890958
1126000	-3433.2739866183515
1126500	-3440.082633375802
1127000	-3430.126498706536
1127500	-3429.8664625630536
1128000	-3433.352450203025
1128500	-3438.847536434626
1129000	-3438.9713172741913
1129500	-3438.9930214226188
1130000	-3431.9378478810577
1130500	-3438.6134133166597
1131000	-3430.024258629134
1131500	-3423.383465147855
1132000	-3447.0130921988575
1132500	-3428.9831155892193
1133000	-3438.091196331964
1133500	-3431.942555457335
1134000	-3430.0658014084725
1134500	-3442.1513110289443
1135000	-3435.8804594587514
1135500	-3435.240678959921
1136000	-3436.2466978796533
1136500	-3434.5797947787423
1137000	-3435.5999436151387
1137500	-3435.6652805372055
1138000	-3438.626447001733
1138500	-3440.3516527825273
1139000	-3432.030911574035
1139500	-3429.9620215072982
1140000	-3432.7209559063267
1140500	-3440.4333781204896
1141000	-3447.449741808332
1141500	-3445.547073609202
1142000	-3437.180950055653
1142500	-3432.0142083815376
1143000	-3436.7752569746804
1143500	-3423.4494265428816
1144000	-3427.662638648326
1144500	-3438.9316970615114
1145000	-3444.2521226139047
1145500	-3448.7931530127184
1146000	-3431.0056389214546
1146500	-3428.0183388112305
1147000	-3447.2288499519304
1147500	-3444.6851057167532
1148000	-3436.9616869946017
1148500	-3444.498217615938
1149000	-3427.8690889210534
1149500	-3452.1771674609863
1150000	-3435.3210700751065
1150500	-3436.5461590222135
1151000	-3441.7332008553826
1151500	-3442.05084121763
1152000	-3439.6538200258783
1152500	-3433.8483980404376
1153000	-3432.763929615909
1153500	-3452.356117241427
1154000	-3440.7448815698435
1154500	-3447.8550686899684
1155000	-3437.879719462562
1155500	-3435.221191277885
1156000	-3435.3453776680917
1156500	-3429.1715372994836
1157000	-3434.682050152428
1157500	-3429.1200236297964
1158000	-3452.0794440885097
1158500	-3431.1220664369116
1159000	-3438.2809207638425
1159500	-3435.109482279285
1160000	-3428.860366886501
1160500	-3429.9637460484273
1161000	-3447.3025232122027
1161500	-3445.192933081017
1162000	-3433.7202289204497
1162500	-3432.36283335501
1163000	-3432.143473666713
1163500	-3445.2337420213616
1164000	-3443.997888089747
1164500	-3439.146778249368
1165000	-3436.133087585051
1165500	-3434.0486388316813
1166000	-3433.1075323990854
1166500	-3448.2482869019113
1167000	-3441.09042540992
1167500	-3433.2161725778615
1168000	-3441.9438433678947
1168500	-3445.586944748915
1169000	-3458.3261157754487
1169500	-3435.896572270554
1170000	-3445.013182055345
1170500	-3456.541497800609
1171000	-3449.279286445171
1171500	-3438.4143052871373
1172000	-3448.021344347257
1172500	-3438.456846578636
1173000	-3447.0976168359107
1173500	-3458.519094398645
1174000	-3447.911144202488
1174500	-3456.472250040897
1175000	-3453.9602704761874
1175500	-3443.537553676681
1176000	-3433.017359958525
1176500	-3441.0103598362457
1177000	-3446.1121247914607
1177500	-3438.86008455136
1178000	-3439.945073638633
1178500	-3443.310769417804
1179000	-3449.713802079784
1179500	-3445.9737869944015
1180000	-3449.280003092287
1180500	-3434.329551254634
1181000	-3449.198001185154
1181500	-3460.8087002151806
1182000	-3454.252072072707
1182500	-3453.1261313669843
1183000	-3451.0675432174853
1183500	-3453.5767822814764
1184000	-3447.2980175530142
1184500	-3440.370984175777
1185000	-3448.485234342168
1185500	-3453.353294220442
1186000	-3454.186306180757
1186500	-3448.6680131610187
1187000	-3440.333731168638
1187500	-3436.020068254831
1188000	-3451.9587014748927
1188500	-3431.294594766547
1189000	-3433.2636387434486
1189500	-3438.016504175111
1190000	-3436.08678164328
1190500	-3437.6476069728296
1191000	-3442.775861100408
1191500	-3447.4552940043923
1192000	-3443.6335545189404
1192500	-3450.786418973526
1193000	-3453.9500237813645
1193500	-3459.9188114779013
1194000	-3459.822469654565
1194500	-3459.152164385976
1195000	-3442.4131135565
1195500	-3444.078002159855
1196000	-3427.2810420387477
1196500	-3438.783864174828
1197000	-3432.55904223614
1197500	-3448.134294216692
1198000	-3429.092939106536
1198500	-3443.064438237884
1199000	-3432.952403084359
1199500	-3427.272865171321
1200000	-3429.867077373113
1200500	-3432.416894306632
1201000	-3441.9184472443953
1201500	-3431.530835058383
1202000	-3436.114530688458
1202500	-3438.4762250605545
1203000	-3423.3190327042435
1203500	-3443.4880699177543
1204000	-3434.5564603594166
1204500	-3434.976046203008
1205000	-3432.8352139119866
1205500	-3439.499879742836
1206000	-3434.9226157597973
1206500	-3450.8991427731794
1207000	-3429.411284067721
1207500	-3441.6075226575676
1208000	-3445.437714945702
1208500	-3434.72232107948
1209000	-3432.5060096774964
1209500	-3434.715785376086
1210000	-3424.691014950339
1210500	-3422.9730473103436
1211000	-3421.8071765592567
1211500	-3442.256980203798
1212000	-3438.2007894831027
1212500	-3445.2970539383123
1213000	-3432.5303677340066
1213500	-3439.8766257792
1214000	-3431.349788423756
1214500	-3448.665783876945
1215000	-3433.173651849384
1215500	-3441.8389930539333
1216000	-3440.327467257947
1216500	-3455.7773327134823
1217000	-3449.295395085151
1217500	-3461.476800007729
1218000	-3452.2609633756024
1218500	-3437.742279879337
1219000	-3448.6525681155763
1219500	-3445.4203697030293
1220000	-3429.548318481485
1220500	-3436.488599397629
1221000	-3430.538135398367
1221500	-3440.5216669720267
1222000	-3432.028740191606
1222500	-3441.5708780088944
1223000	-3438.42200750815
1223500	-3442.3521828213447
1224000	-3459.998486268088
1224500	-3450.4647984557355
1225000	-3450.747827591715
1225500	-3450.9037898174406
1226000	-3446.3414195845435
1226500	-3450.488766270463
1227000	-3446.4469121088023
1227500	-3456.0666468461613
1228000	-3434.3253410536804
1228500	-3449.21248595607
1229000	-3450.689330859056
1229500	-3458.233583991605
1230000	-3463.073508777495
1230500	-3443.206600027041
1231000	-3451.372301170725
1231500	-3458.3207813535546
1232000	-3453.131248245001
1232500	-3450.7095517202924
1233000	-3452.903154393883
1233500	-3441.654964639274
1234000	-3439.4453670675985
1234500	-3449.641582871335
1235000	-3444.9580411257857
1235500	-3439.718999653738
1236000	-3436.154717347498
1236500	-3436.612873893722
1237000	-3440.87865164404
1237500	-3442.5232135802307
1238000	-3440.3070963463724
1238500	-3441.5947622130216
1239000	-3434.9808687965606
1239500	-3439.7569364802507
1240000	-3441.037796752137
1240500	-3434.3576848154676
1241000	-3452.1254137594765
1241500	-3446.700160199048
1242000	-3448.572477098892
1242500	-3438.282704233041
1243000	-3434.0858796468065
1243500	-3433.9889079305085
1244000	-3436.6060670408515
1244500	-3445.2761741439413
1245000	-3436.760406693756
1245500	-3448.1283601964656
1246000	-3446.983256999679
1246500	-3450.1676049728817
1247000	-3444.7240927651465
1247500	-3441.2162839825105
1248000	-3436.749437373223
1248500	-3431.749969842836
1249000	-3431.0425301210416
1249500	-3439.052101610549
1250000	-3438.8411735922805
1250500	-3446.238726133768
1251000	-3444.532919152505
1251500	-3449.995591543779
1252000	-3469.0918531371144
1252500	-3466.2981716894737
1253000	-3457.8452715632616
1253500	-3437.4189492456476
1254000	-3443.486586141307
1254500	-3432.54464786342
1255000	-3428.5383774477364
1255500	-3457.0384315777433
1256000	-3443.2491149250354
1256500	-3460.79464418301
1257000	-3448.811675857919
1257500	-3441.494653620016
1258000	-3442.5687741972156
1258500	-3457.4920857439038
1259000	-3449.915426062011
1259500	-3449.6371341233184
1260000	-3449.303452344396
1260500	-3431.254665141418
1261000	-3433.1801643708845
1261500	-3432.2793209614833
1262000	-3429.438444320409
1262500	-3446.7680596197974
1263000	-3431.2109910766562
1263500	-3432.7698869753053
1264000	-3430.02107759746
1264500	-3427.780820771862
1265000	-3444.2429256588307
1265500	-3434.6990179372237
1266000	-3436.7602378205515
1266500	-3431.259249383883
1267000	-3439.299992586649
1267500	-3430.615830242727
1268000	-3436.4675670208508
1268500	-3440.3528440639693
1269000	-3430.917261388756
1269500	-3444.4201753036414
1270000	-3437.1180291035153
1270500	-3429.1978693565597
1271000	-3423.769415752103
1271500	-3425.5291094437425
1272000	-3430.092979993139
1272500	-3432.281678487532
1273000	-3448.896419791161
1273500	-3439.987431663753
1274000	-3441.7764496963646
1274500	-3455.475153821618
1275000	-3454.953808314623
1275500	-3459.5316134923096
1276000	-3456.7185737243426
1276500	-3457.4870788799694
1277000	-3454.411369390172
1277500	-3462.368827815018
1278000	-3454.7592947232265
1278500	-3449.1411928618636
1279000	-3464.8486344729845
1279500	-3459.0678967932295
1280000	-3466.837834929792
1280500	-3456.5980890336464
1281000	-3456.0979401074555
1281500	-3477.0486750025225
1282000	-3452.545052088262
1282500	-3450.2029791335344
1283000	-3438.6453557112413
1283500	-3458.6087384913585
1284000	-3457.431548277224
1284500	-3440.864961799303
1285000	-3445.8087908854786
1285500	-3440.065630216082
1286000	-3429.0735544994855
1286500	-3429.2397240637356
1287000	-3448.1081283416484
1287500	-3454.261534059148
1288000	-3453.690775497005
1288500	-3447.460668473122
1289000	-3456.2051504661936
1289500	-3459.033927108024
1290000	-3446.865604245424
1290500	-3458.596204660316
1291000	-3444.456889615653
1291500	-3449.046192062883
1292000	-3443.3640653995935
1292500	-3427.6116884429434
1293000	-3437.9880072687024
1293500	-3450.8446040985386
1294000	-3452.7065592627678
1294500	-3425.6644212141405
1295000	-3442.8555959519786
1295500	-3441.397693914324
1296000	-3440.8450520883553
1296500	-3452.0489298647867
1297000	-3444.1939498168476
1297500	-3455.6227191776734
1298000	-3449.639628013235
1298500	-3436.349644674674
1299000	-3454.019320386923
1299500	-3442.5963984709483
1300000	-3445.428262383081
1300500	-3448.306661125697
1301000	-3451.2505331130874
1301500	-3461.8657890649743
1302000	-3451.28431407821
1302500	-3443.4690956121294
1303000	-3453.4465898429967
1303500	-3456.10050756499
1304000	-3444.4550794432735
1304500	-3449.9290991127796
1305000	-3443.1320915137453
1305500	-3460.773339630055
1306000	-3445.4649080653076
1306500	-3453.023797097604
1307000	-3454.422153693997
1307500	-3443.1436394339717
1308000	-3454.4222406847566
1308500	-3457.4368382942366
1309000	-3450.1629532364764
1309500	-3457.8542376674636
1310000	-3453.403829154913
1310500	-3464.062480663027
1311000	-3454.2712204804347
1311500	-3454.6174650832872
1312000	-3444.1453743564816
1312500	-3440.4946413507178
1313000	-3448.2728550124452
1313500	-3462.1623151885074
1314000	-3450.926177729103
1314500	-3438.266009393659
1315000	-3439.050748478564
1315500	-3431.882390474526
1316000	-3436.796136363813
1316500	-3469.0941210699007
1317000	-3437.5917602812206
1317500	-3438.8144743887437
1318000	-3441.8616764836793
1318500	-3446.845798984614
1319000	-3451.027314124933
1319500	-3442.0481131630845
1320000	-3433.790054735556
1320500	-3440.556189923395
1321000	-3435.7768404746826
1321500	-3438.807603121383
1322000	-3427.562646449391
1322500	-3440.1632040074865
1323000	-3440.5746862852416
1323500	-3442.108072734628
1324000	-3443.870894832969
1324500	-3439.797019087788
1325000	-3441.470915850018
1325500	-3427.7311198688412
1326000	-3441.2385757004727
1326500	-3452.5175844211135
1327000	-3466.2482028832787
1327500	-3444.4315411758494
1328000	-3437.875168322294
1328500	-3449.703331184493
1329000	-3448.4928198666626
1329500	-3446.775022876312
1330000	-3450.756767254065
1330500	-3454.227140917709
1331000	-3465.2520263219826
1331500	-3455.6597375701785
1332000	-3448.7547266062265
1332500	-3460.1785287842586
1333000	-3465.19731792367
1333500	-3451.1763731836795
1334000	-3439.6415036260223
1334500	-3430.3265236373672
1335000	-3444.798237008331
1335500	-3447.671433356668
1336000	-3454.0739043515605
1336500	-3442.9590645111916
1337000	-3440.490534852
1337500	-3441.973695266247
1338000	-3436.322728376115
1338500	-3437.6979323954893
1339000	-3434.6086285326674
1339500	-3441.393441425783
1340000	-3448.5719261862555
1340500	-3444.1287886515775
1341000	-3458.533799311704
1341500	-3465.503157689266
1342000	-3451.935003212755
1342500	-3458.043760504061
1343000	-3449.640464334906
1343500	-3443.94445769943
1344000	-3455.462359690769
1344500	-3455.5319720672096
1345000	-3448.1885478934223
1345500	-3433.1138334069515
1346000	-3431.92210967689
1346500	-3437.708041481865
1347000	-3436.267813166367
1347500	-3437.631284130772
1348000	-3429.3548122223838
1348500	-3433.2285016158144
1349000	-3445.6571236114946
1349500	-3446.214259345214
1350000	-3457.2389572460024
1350500	-3453.928785661181
1351000	-3449.927458113698
1351500	-3451.9343219525385
1352000	-3448.2484716378326
1352500	-3448.7254071703574
1353000	-3447.107880496909
1353500	-3441.9677511145474
1354000	-3443.9530198022753
1354500	-3462.5398987106764
1355000	-3457.6714212455317
1355500	-3439.192549262316
1356000	-3441.2098681040397
1356500	-3449.001709363398
1357000	-3430.646891071456
1357500	-3428.8511735159436
1358000	-3432.7606087312724
1358500	-3440.049907661708
1359000	-3452.3241154138277
1359500	-3445.323372400124
1360000	-3444.330864578643
1360500	-3448.860752099056
1361000	-3444.5755654687355
1361500	-3441.034870099708
1362000	-3430.2414868556757
1362500	-3440.575260907799
1363000	-3423.288275525943
1363500	-3427.9862504991283
1364000	-3429.8447805807073
1364500	-3443.664703344592
1365000	-3444.205679235957
1365500	-3435.460948322105
1366000	-3446.779108152132
1366500	-3463.8523775253557
1367000	-3466.852627356806
1367500	-3448.49675775524
1368000	-3469.160404750453
1368500	-3464.48423838908
1369000	-3472.0383761757503
1369500	-3456.23979245993
1370000	-3456.706940325465
1370500	-3453.3940330294777
1371000	-3455.8727640532957
1371500	-3445.3106846046994
1372000	-3454.933569670695
1372500	-3455.420894132186
1373000	-3467.816175204127
1373500	-3446.3213737459982
1374000	-3453.2999946368936
1374500	-3445.9757083678282
1375000	-3454.301523083646
1375500	-3448.2428970322326
1376000	-3447.3265288877183
1376500	-3453.4218995387932
1377000	-3441.8725900745876
1377500	-3453.3436197959654
1378000	-3454.262345804703
1378500	-3463.278365020498
1379000	-3458.4646203654843
1379500	-3452.3981142308708
1380000	-3447.998248705896
1380500	-3447.009738117679
1381000	-3438.200493063398
1381500	-3444.5918609627815
1382000	-3437.118998716828
1382500	-3452.980311689461
1383000	-3448.3435736649917
1383500	-3443.5859980005603
1384000	-3442.862432672169
1384500	-3446.6060728120265
1385000	-3451.7076562597435
1385500	-3442.7625654571953
1386000	-3447.94861159517
1386500	-3432.4275586525
1387000	-3434.630140983539
1387500	-3430.4666841714857
1388000	-3426.743335517283
1388500	-3434.365480171255
1389000	-3430.793935690633
1389500	-3434.951525833998
1390000	-3425.1977019878536
1390500	-3427.6471342215427
1391000	-3445.334903073782
1391500	-3428.8328621439323
1392000	-3431.8241580339873
1392500	-3445.729012876884
1393000	-3437.070403229517
1393500	-3443.380676743102
1394000	-3440.898588403649
1394500	-3430.0510774267523
1395000	-3448.0859112178628
1395500	-3455.5493383211992
1396000	-3451.6012452957393
1396500	-3442.274521601675
1397000	-3428.2800176588626
1397500	-3433.257033917728
1398000	-3434.4887315290803
1398500	-3434.4742457433185
1399000	-3431.419555243188
1399500	-3430.325389218107
1400000	-3434.0838732117827
1400500	-3436.5517983267005
1401000	-3450.065678263915
1401500	-3427.7631348596888
1402000	-3431.036117438577
1402500	-3442.0693204930412
1403000	-3426.0232792801144
1403500	-3429.334971980744
1404000	-3428.67982870546
1404500	-3436.1823554729144
1405000	-3427.8214910395045
1405500	-3447.3746604678245
1406000	-3453.2983492395265
1406500	-3432.4386258370723
1407000	-3458.7993824341693
1407500	-3441.487524850633
1408000	-3429.065924832017
1408500	-3434.9783365655157
1409000	-3452.106496604139
1409500	-3476.233841180328
1410000	-3465.0761572052065
1410500	-3450.26076128415
1411000	-3434.0832489635313
1411500	-3424.8365978215456
1412000	-3438.228166676343
1412500	-3430.942735179881
1413000	-3450.176666697838
1413500	-3472.1092616489877
1414000	-3473.518502324218
1414500	-3454.014869797828
1415000	-3454.9768703321706
1415500	-3457.6376088755255
1416000	-3455.520907197911
1416500	-3458.524402351681
1417000	-3448.868260244173
1417500	-3430.5435597853234
1418000	-3442.185421242097
1418500	-3438.9753759555424
1419000	-3438.1704304094155
1419500	-3425.4620861658655
1420000	-3430.461535526969
1420500	-3449.372104593177
1421000	-3436.2724586518443
1421500	-3440.3809354278023
1422000	-3446.0817603987166
1422500	-3440.535605119596
1423000	-3442.3639126642292
1423500	-3456.199929698051
1424000	-3460.381166020402
1424500	-3449.9170004073244
1425000	-3444.01085161974
1425500	-3438.31330456883
1426000	-3442.149501571696
1426500	-3446.8131513850326
1427000	-3434.4522108773804
1427500	-3439.3615725748746
1428000	-3428.4823605167608
1428500	-3428.0754307851016
1429000	-3426.3114729761774
1429500	-3444.9414480754313
1430000	-3435.322532222078
1430500	-3429.061910592927
1431000	-3432.8346997623576
1431500	-3440.482695753173
1432000	-3441.1394910617246
1432500	-3446.6459760358657
1433000	-3440.5061025531195
1433500	-3428.763458511078
1434000	-3443.371399888137
1434500	-3444.4103785810116
1435000	-3443.053483004245
1435500	-3426.4306125335897
1436000	-3436.3424847951674
1436500	-3437.3722945009717
1437000	-3428.4891599950734
1437500	-3435.4520988264344
1438000	-3429.385806414753
1438500	-3446.343619627944
1439000	-3451.458087534707
1439500	-3444.2200913163924
1440000	-3434.53610943037
1440500	-3426.91353523125
1441000	-3435.62055677432
1441500	-3440.2255596885566
1442000	-3431.8898596277904
1442500	-3442.9146937663677
1443000	-3435.9730973214773
1443500	-3461.3475340850646
1444000	-3455.905827314509
1444500	-3459.047546537129
1445000	-3456.966592256378
1445500	-3461.4533622457725
1446000	-3448.3823521487466
1446500	-3460.81221262095
1447000	-3445.1634346839974
1447500	-3428.1244775254904
1448000	-3440.552405327819
1448500	-3429.9040720050475
1449000	-3430.418729438446
1449500	-3451.0764901746174
1450000	-3439.9044819869887
1450500	-3460.442326036711
1451000	-3440.163439895351
1451500	-3435.663490631202
1452000	-3435.0295523330556
1452500	-3448.9834085288535
1453000	-3450.715514815903
1453500	-3453.3359315147313
1454000	-3447.8048623482564
1454500	-3465.109686703733
1455000	-3443.3603231356747
1455500	-3451.0173751551547
1456000	-3451.0462841000913
1456500	-3463.9351705704976
1457000	-3450.7929294307983
1457500	-3446.1470477662924
1458000	-3449.9971808580644
1458500	-3438.836044762534
1459000	-3426.7642096516483
1459500	-3441.1914034063634
1460000	-3444.447673884532
1460500	-3441.604684775581
1461000	-3437.7117690273353
1461500	-3467.549950252775
1462000	-3452.151288028682
1462500	-3445.9321679822683
1463000	-3453.418768929714
1463500	-3438.058261920599
1464000	-3430.892468614189
1464500	-3443.9906624941973
1465000	-3444.6071266424137
1465500	-3443.7526626639146
1466000	-3435.5683910721787
1466500	-3436.454139331704
1467000	-3438.946004719299
1467500	-3433.440288395091
1468000	-3444.3847291012726
1468500	-3436.8746921011816
1469000	-3432.240259254195
1469500	-3441.5872959760773
1470000	-3442.2756542588922
1470500	-3428.2066614438177
1471000	-3450.5066399259263
1471500	-3436.8175122481707
1472000	-3432.4961735233355
1472500	-3434.916914600743
1473000	-3433.1025792339055
1473500	-3442.0016808701885
1474000	-3441.730414484613
1474500	-3434.231712782488
1475000	-3436.1066833508917
1475500	-3439.2874564904123
1476000	-3424.899895878636
1476500	-3453.3233212003474
1477000	-3431.9512940969807
1477500	-3427.9794317652877
1478000	-3448.334167912744
1478500	-3432.7242031698242
1479000	-3435.727040886559
1479500	-3431.2055288350675
1480000	-3427.0917184389377
1480500	-3433.625012110223
1481000	-3444.971427966537
1481500	-3438.385858456589
1482000	-3455.8344690369804
1482500	-3455.7008480288728
1483000	-3449.511208507925
1483500	-3435.7100071551063
1484000	-3455.618230048645
1484500	-3437.1236216687894
1485000	-3440.941795558257
1485500	-3446.0644212188804
1486000	-3444.8285078940758
1486500	-3460.694495151641
1487000	-3480.8106574538215
1487500	-3439.7111563625945
1488000	-3434.7598479040776
1488500	-3434.921548206102
1489000	-3436.11848731311
1489500	-3438.6862514890963
1490000	-3438.6000984497705
1490500	-3433.0429002637247
1491000	-3434.3947560270867
1491500	-3430.143401379539
1492000	-3429.4028840918413
1492500	-3428.0588714164605
1493000	-3430.097879280252
1493500	-3431.217702708976
1494000	-3442.5822278171577
1494500	-3441.056104959901
1495000	-3445.163484998776
1495500	-3437.565891788748
1496000	-3430.6712166719776
1496500	-3426.2147309585416
1497000	-3443.5114456128686
1497500	-3445.7191046509993
1498000	-3445.546681798934
1498500	-3435.7105016600112
1499000	-3436.618128464981
1499500	-3435.4832133924547
1500000	-3423.222694548668
