Sample	likelihood
0	-3961.2637656783627
500	-3808.921532502761
1000	-3741.2840056734317
1500	-3868.7601617233668
2000	-3716.3344978568857
2500	-3707.272993743142
3000	-3810.585591420912
3500	-3823.5127737899543
4000	-3926.7508708237187
4500	-3823.894071383372
5000	-3677.652541935189
5500	-3835.4197959561902
6000	-3852.616270589438
6500	-3836.5239440305177
7000	-3826.9813260247847
7500	-3896.093142658467
8000	-3872.783037969296
8500	-4094.881437685271
9000	-4043.6622700340818
9500	-3874.8093539102433
10000	-4137.963196989224
10500	-4038.859567858512
11000	-3846.58297962757
11500	-3979.1338912353094
12000	-3934.6561528723287
12500	-4032.9819726265146
13000	-3824.1602057778127
13500	-3776.357644669237
14000	-4044.505417941916
14500	-3975.314041366243
15000	-3970.091616573238
15500	-3861.5388714524793
16000	-3821.433769518566
16500	-3846.537592391157
17000	-3737.0202030852206
17500	-3636.8085916504756
18000	-3964.1503517845645
18500	-4001.9382474685967
19000	-4029.818848620742
19500	-4015.8585614670105
20000	-4310.384097312264
20500	-4127.890719950217
21000	-3840.5600652098747
21500	-3948.768499834657
22000	-3983.428367317468
22500	-4015.3855026537503
23000	-3857.9112172759874
23500	-3846.576825384251
24000	-3969.585514486455
24500	-3868.2211093433702
25000	-3971.3605069470937
25500	-3956.6923397982846
26000	-3969.3349039639893
26500	-4031.1831366466326
27000	-4003.122080355288
27500	-3838.1252252927716
28000	-4069.970535434184
28500	-3833.812187981237
29000	-3796.587140507951
29500	-3841.8114524137072
30000	-4112.041303677707
30500	-4017.1254845062736
31000	-4028.272767194721
31500	-3962.371078115702
32000	-3913.262484506955
32500	-3837.2228607075785
33000	-4057.5975739982578
33500	-3988.052690090473
34000	-3783.461222444542
34500	-3929.528450809188
35000	-4124.045833319394
35500	-4100.283282150102
36000	-4072.9550514476678
36500	-4032.2406504737623
37000	-3952.688470509768
37500	-3873.866404647314
38000	-4105.302965743902
38500	-4141.991958507913
39000	-3969.791158773697
39500	-3971.015327346114
40000	-4101.50121126064
40500	-3896.0113285693837
41000	-3865.3687669804754
41500	-3886.797123192786
42000	-4076.254349945248
42500	-4086.7055647119473
43000	-3951.197512192337
43500	-3932.1509430160895
44000	-3978.3517835061634
44500	-3861.149350239457
45000	-4049.8217429746724
45500	-3930.0246785609675
46000	-3897.303985171395
46500	-4003.230831503192
47000	-3968.9184449069976
47500	-3878.6671261815727
48000	-3890.1892889361875
48500	-4031.7320949833356
49000	-4009.293759886261
49500	-4127.897689738721
50000	-4069.796263079521
50500	-4087.4906003830074
51000	-4050.8066039093314
51500	-3958.4720582377995
52000	-4018.018993552435
52500	-4224.216021684707
53000	-4159.4074542676435
53500	-4031.764792251323
54000	-3954.2938069095508
54500	-3965.3303321273743
55000	-3953.7187023208216
55500	-3904.6895328772107
56000	-3853.8644422740012
56500	-3899.2107647733046
57000	-3865.9179602219306
57500	-3876.820294785597
58000	-3791.7524752104923
58500	-3902.0771471445196
59000	-3917.862005639059
59500	-3930.7272251458135
60000	-4018.7126693680248
60500	-3914.098071532186
61000	-3953.443519790055
61500	-4055.647885835465
62000	-4117.122189094244
62500	-4068.1051011720037
63000	-4114.444056837653
63500	-4117.972346856387
64000	-4226.224411037913
64500	-4090.9532936677556
65000	-3966.6911210891853
65500	-4232.035227433513
66000	-3989.2277961805175
66500	-4050.7662777224127
67000	-4054.505950203765
67500	-4063.6468345160656
68000	-4157.073304782253
68500	-4236.479327776689
69000	-4030.033773411582
69500	-4173.439274976941
70000	-4131.2131145399735
70500	-4096.132608599732
71000	-3949.2550939938783
71500	-3985.7320733379047
72000	-4008.406001551628
72500	-4053.129348225153
73000	-4203.971552938947
73500	-4077.1500295493233
74000	-4009.238455346135
74500	-3886.9222329734125
75000	-4061.026868549948
75500	-4159.348619792673
76000	-4086.9126283240703
76500	-3976.692005789921
77000	-4029.6501266257774
77500	-4110.905401761258
78000	-4127.762297553559
78500	-3960.5781053132764
79000	-4027.8923413365897
79500	-4115.475192031038
80000	-4200.2635374147985
80500	-4161.090281023979
81000	-4256.945989377274
81500	-4098.0168627976955
82000	-4208.974710499932
82500	-4147.01508100717
83000	-4008.276673342389
83500	-4094.2061154860867
84000	-4084.5841158140365
84500	-4113.378323282012
85000	-3946.7681071904753
85500	-4041.51228463983
86000	-4056.8662087252405
86500	-4196.421823781922
87000	-4057.5862697386797
87500	-3891.745893233611
88000	-3916.936422512851
88500	-3872.361880523139
89000	-4228.823035612259
89500	-4108.584447233547
90000	-4147.7093486815465
90500	-4092.037247788362
91000	-4088.6879949652885
91500	-4197.976713843567
92000	-3938.336151582294
92500	-4125.853597518002
93000	-4166.705694629881
93500	-4241.0415211823665
94000	-4158.371021252595
94500	-4066.0305439600493
95000	-3960.253518373959
95500	-3865.8693437804177
96000	-3912.245641780072
96500	-3790.553394420877
97000	-4010.6965253062376
97500	-3800.1645333217184
98000	-3888.608936329243
98500	-3814.951791495064
99000	-4028.154028491533
99500	-4001.650916913966
100000	-3995.1929533034318
100500	-3909.6413802118423
101000	-3895.20308104614
101500	-3798.89195144194
102000	-3879.995674259739
102500	-4050.73742603689
103000	-3939.240726222297
103500	-3833.004654013318
104000	-3926.1669222965907
104500	-3931.0758997001085
105000	-4004.4550234202834
105500	-3914.297234584461
106000	-3774.5596601118095
106500	-4047.219848607272
107000	-3964.500941486498
107500	-4049.1055675120006
108000	-3982.7166369081433
108500	-4192.339563668726
109000	-4143.5183558525905
109500	-4062.6516178462425
110000	-3968.0652240514783
110500	-3964.95115783973
111000	-4003.4029918449264
111500	-4028.565354405021
112000	-4038.831922958111
112500	-4093.054255179175
113000	-4060.305337358735
113500	-4008.8233139608337
114000	-3924.155167124047
114500	-3893.7296702577614
115000	-3974.0274576642196
115500	-4050.7244764748493
116000	-4061.024219861845
116500	-4015.884177825175
117000	-4008.8463752731805
117500	-4138.92602949869
118000	-4013.5309203588054
118500	-4053.888992419794
119000	-4009.085461979928
119500	-3946.6363036664957
120000	-4073.460066687298
120500	-4084.841456306524
121000	-4133.335580875584
121500	-3941.3687912014475
122000	-3942.9152128871556
122500	-3942.4234021895154
123000	-3865.0940861568797
123500	-3840.4212678726867
124000	-3885.3629190136476
124500	-4000.622080527132
125000	-3888.0845981806697
125500	-3996.166874948217
126000	-3943.5755842824
126500	-4074.4968805625563
127000	-3978.5721698061484
127500	-3753.6290434237594
128000	-3856.024602091041
128500	-3896.738821069351
129000	-3974.7770075838266
129500	-3947.7071743133433
130000	-4030.1356809704967
130500	-4073.517449399612
131000	-4026.7244739903927
131500	-3906.171546748395
132000	-3971.7983772613807
132500	-3910.737596834224
133000	-3788.025733239439
133500	-3856.986776756872
134000	-3867.6280177824606
134500	-3869.2169117337635
135000	-3808.821368024909
135500	-3888.612678570256
136000	-3894.567314317926
136500	-3794.3289468616867
137000	-3851.56268816874
137500	-3876.56687503805
138000	-3919.771164186982
138500	-3819.5153288025886
139000	-3799.824870012579
139500	-3821.4085542636403
140000	-3893.629970407866
140500	-3863.4351655762453
141000	-3838.180769342795
141500	-3882.0222495300786
142000	-3802.66575244706
142500	-3885.3024428105987
143000	-3903.0988107875737
143500	-3908.9824113304976
144000	-3872.475692220225
144500	-3798.4996036790944
145000	-3906.019186685173
145500	-3992.0833626245226
146000	-3945.571033858951
146500	-4017.978921955411
147000	-4028.7989747211373
147500	-3846.975578354426
148000	-3840.496083669911
148500	-4028.0027526395406
149000	-4197.20857638113
149500	-3936.4063476263273
150000	-3917.2719756792417
150500	-4010.1179992995976
151000	-3957.529957312394
151500	-3996.852643413469
152000	-3988.39789876249
152500	-3972.4079435055596
153000	-3904.5057118735526
153500	-3826.679767949266
154000	-3933.3237640299108
154500	-3912.95908381053
155000	-3913.5561269707155
155500	-3996.889255537011
156000	-3976.111021292019
156500	-4018.5008060666382
157000	-4002.110130088858
157500	-3790.1204344298985
158000	-3799.5412236296593
158500	-3956.419624534123
159000	-3829.49694295226
159500	-3842.7092190271505
160000	-3862.095887791858
160500	-4028.513848966261
161000	-4024.2452323278894
161500	-4078.2129856002875
162000	-3878.733116590126
162500	-3999.206779513364
163000	-3946.7341504327046
163500	-3932.807628455961
164000	-3881.606179944389
164500	-3874.57236322447
165000	-3931.1136662017493
165500	-3943.3912417826996
166000	-3850.6115324742286
166500	-3977.580442570618
167000	-3972.4356316166627
167500	-3894.2183594366443
168000	-3915.834922202096
168500	-4031.1410828097682
169000	-3993.9343445200866
169500	-4117.325124442714
170000	-4161.1596010951325
170500	-3972.9447332521363
171000	-4021.5780447066545
171500	-3973.382804916663
172000	-4039.931161868474
172500	-3976.649962226976
173000	-4108.2756547926565
173500	-4026.8413708389053
174000	-4069.9216615849646
174500	-3988.4467046618697
175000	-4022.649135696148
175500	-3921.0067060895826
176000	-3926.2179223475323
176500	-4016.7292651231523
177000	-4042.5601861156997
177500	-4030.9168193457404
178000	-4070.0463951936335
178500	-4166.506060528892
179000	-4090.05450787019
179500	-4022.0185299782875
180000	-4094.0445938756498
180500	-4044.674962021421
181000	-3870.8506792890703
181500	-4085.3385067448357
182000	-3853.0969076419233
182500	-3986.7538877762604
183000	-3973.147539043522
183500	-3837.729781453902
184000	-3942.1480821772593
184500	-4007.849331046561
185000	-3922.475368438893
185500	-4006.439258031922
186000	-3879.89715982231
186500	-3915.973702741837
187000	-3846.5405798135293
187500	-3904.376297514073
188000	-4002.2299435009922
188500	-4026.4421486040164
189000	-3955.5574912391603
189500	-3870.4429837895245
190000	-4022.253275749126
190500	-3953.8461697875123
191000	-3877.175151441606
191500	-3900.7304521667375
192000	-3963.3877648241946
192500	-3925.151656605272
193000	-3947.7923315484313
193500	-3866.9134599650874
194000	-3834.015691573048
194500	-3952.8744997745607
195000	-4065.6201200774212
195500	-3898.91944934238
196000	-3908.5972084445675
196500	-3911.688913572774
197000	-3854.3153269713744
197500	-3928.733913681517
198000	-3942.3709169660315
198500	-4037.5016463523216
199000	-3985.0487401765645
199500	-4029.10238916851
200000	-4109.3692619865915
200500	-3915.5659794120147
201000	-3954.5051976056893
201500	-3951.817623729644
202000	-3992.433771929552
202500	-3989.2810266566075
203000	-4049.822460595121
203500	-3956.2028595299594
204000	-3936.571075653069
204500	-4017.0211116250684
205000	-4023.5379957363994
205500	-3968.882672245954
206000	-3857.1963369748532
206500	-3970.076447629478
207000	-3977.534154810247
207500	-3866.4442696748597
208000	-3868.5011475921924
208500	-4051.0351319086694
209000	-4120.0315924963015
209500	-3988.966607004544
210000	-4009.4920003767506
210500	-4070.986862935996
211000	-3944.549076450706
211500	-3985.452090223079
212000	-3914.1659504999366
212500	-3902.8096990785616
213000	-4143.439315166159
213500	-4112.30450547205
214000	-3944.845776144424
214500	-4099.798315966228
215000	-4066.331571066236
215500	-3998.9095623718367
216000	-3993.4778151472374
216500	-4035.911310371375
217000	-3898.139266842343
217500	-3950.5105248668
218000	-3833.1713294603337
218500	-3876.8641645784196
219000	-3893.545127020922
219500	-3839.0212946866704
220000	-3837.5673022385954
220500	-3839.939573497118
221000	-3979.026013094008
221500	-3798.722205819174
222000	-3865.4678141392255
222500	-3829.9382185159907
223000	-3936.7595872102765
223500	-3952.1502894475493
224000	-3955.8840540283504
224500	-3974.8540623964786
225000	-3898.2753132786215
225500	-3956.478309652187
226000	-3957.182982810931
226500	-4087.6064492223045
227000	-4130.408708055981
227500	-4070.9878162615564
228000	-3868.5038240116232
228500	-3965.037402811941
229000	-3925.5590904088144
229500	-4059.8851106195925
230000	-3988.7740667464586
230500	-3981.5410870529936
231000	-3997.772561265735
231500	-3904.463058507716
232000	-3928.9005410779228
232500	-3860.5470065976997
233000	-3862.7011282747817
233500	-3878.2313474716057
234000	-4097.549006610227
234500	-3913.6282912934203
235000	-3986.400794733849
235500	-3864.3473440445205
236000	-3989.0040252411036
236500	-3992.232671907082
237000	-3911.0661994499264
237500	-4004.918939360457
238000	-3845.542709750056
238500	-3917.8954232806436
239000	-4053.1213019769057
239500	-3897.540390745755
240000	-3919.043379011841
240500	-3914.0070523276027
241000	-3864.236908236385
241500	-4098.556590990379
242000	-4088.7423792842656
242500	-4205.280091509423
243000	-3963.710820594745
243500	-3987.6968206830747
244000	-4073.631525873521
244500	-4060.4202704531954
245000	-3929.6259759301824
245500	-3911.4821248752737
246000	-3946.877297434878
246500	-4015.1228824381296
247000	-3933.946632614366
247500	-3955.4758630941005
248000	-3994.5366255935555
248500	-3893.068744667442
249000	-3885.229009756997
249500	-3920.550136592833
250000	-3924.7946701095993
250500	-3884.6648397212493
251000	-3814.714499363578
251500	-3881.423772946282
252000	-3879.7393078020277
252500	-3882.3712815442755
253000	-3777.4644204086553
253500	-3850.788316919031
254000	-3853.377349372557
254500	-3789.3488919365905
255000	-3840.6118009355996
255500	-3904.514503198569
256000	-3860.271778348894
256500	-3932.7400659257796
257000	-3924.214575426833
257500	-3808.8166511806994
258000	-3733.368530373484
258500	-3814.6672837397196
259000	-3866.8072295104844
259500	-3935.7241539320657
260000	-3795.4032747958863
260500	-3890.7777719929372
261000	-3857.4845683847047
261500	-3840.3892366424648
262000	-3788.4301360522845
262500	-3838.0169855130575
263000	-3977.460607614848
263500	-3807.2459527207816
264000	-4053.508294245629
264500	-3923.4727197131133
265000	-4062.139368275342
265500	-4049.370178350427
266000	-3860.2079138941863
266500	-3905.70487719026
267000	-3807.8865393906485
267500	-3807.867487081525
268000	-3863.7555215167927
268500	-3890.8687242326623
269000	-3974.5056589798874
269500	-3873.2815836027007
270000	-3758.9770566281195
270500	-3834.9708046833834
271000	-4049.5376747632286
271500	-3964.9147230298063
272000	-3881.066384493942
272500	-4009.3999211914115
273000	-3856.3472762655183
273500	-3949.2469071004266
274000	-3940.5855948718367
274500	-4002.72906177129
275000	-3893.505440734998
275500	-3999.166733498081
276000	-3943.9770384724907
276500	-4024.5968043466937
277000	-3917.352274000355
277500	-3916.179011439731
278000	-4090.26397715966
278500	-4011.561809205678
279000	-3975.3004218171554
279500	-4000.944847240618
280000	-3991.2594784442726
280500	-3817.1964571873004
281000	-3887.239235751602
281500	-4179.557458326003
282000	-4086.1397945844833
282500	-3971.77376615546
283000	-3765.9811035921034
283500	-3818.84346274388
284000	-3801.2443843197257
284500	-3681.062353660139
285000	-3809.579383959887
285500	-3751.0939031889898
286000	-3919.355576838517
286500	-3889.5233188537545
287000	-3899.4900029003347
287500	-3799.7952604685556
288000	-3850.2629313206103
288500	-3976.0590800092377
289000	-3881.594325280352
289500	-3892.134426210954
290000	-3858.371977715425
290500	-4016.8965095823964
291000	-3872.5363615321153
291500	-3883.6792722033833
292000	-3788.596343583649
292500	-3858.8161294987367
293000	-3919.028415788928
293500	-4005.186113811381
294000	-3920.315771777661
294500	-3858.301593645444
295000	-3914.2607645568523
295500	-3875.3113616839105
296000	-3911.9363501996727
296500	-3878.927126413519
297000	-3920.1665053859642
297500	-3896.160325630643
298000	-3926.8186730148827
298500	-3915.4616722847627
299000	-3927.693567393581
299500	-3916.5998873927033
300000	-3970.724923985629
300500	-3967.4041132304947
301000	-3986.9360574512484
301500	-3907.1490619497436
302000	-4064.79993464267
302500	-3898.012408177686
303000	-3994.7395947474397
303500	-4175.298207545024
304000	-3920.458326971737
304500	-3972.672652998577
305000	-4097.9674853849665
305500	-3907.6244511048894
306000	-3797.2428473020673
306500	-3800.974033719996
307000	-3729.2014890260593
307500	-3897.739662691111
308000	-3796.303402102568
308500	-4076.112515421398
309000	-4011.3522840510677
309500	-3896.318052324865
310000	-4239.533976823466
310500	-4059.6912804441868
311000	-3832.617512286425
311500	-3830.767477628827
312000	-3935.8260844417205
312500	-3865.62595510091
313000	-3905.2352309123426
313500	-3762.8747156541285
314000	-3793.0305389368295
314500	-3832.881854120242
315000	-3938.5233380058958
315500	-4018.736646149172
316000	-4093.1554599188235
316500	-3935.0816815583644
317000	-4177.104045079633
317500	-4077.7395540911843
318000	-4038.5150381405247
318500	-3794.3740859913587
319000	-3720.3258558533635
319500	-3819.0913270753585
320000	-3896.760722996918
320500	-3975.5882949871825
321000	-3895.4660323371872
321500	-3885.1375006388184
322000	-3818.6042278611994
322500	-3951.632461983172
323000	-3942.528959957155
323500	-3753.929921299508
324000	-3705.4676621432486
324500	-3857.659915915368
325000	-3877.6642822049125
325500	-3850.933063202816
326000	-3810.026449672441
326500	-3831.7051005476533
327000	-3809.4656599122113
327500	-3887.277284178411
328000	-4006.5614524080015
328500	-3887.0424792081
329000	-3989.389058718662
329500	-3917.3798069262166
330000	-3902.4163770631903
330500	-3887.7802804336043
331000	-3962.1782385995853
331500	-3945.630479726019
332000	-3935.49972640534
332500	-3956.1590813625708
333000	-4016.7658023925187
333500	-4003.041015202276
334000	-3901.282905300367
334500	-3886.0491637780774
335000	-3893.737902562793
335500	-3984.3748840391186
336000	-3831.807725981158
336500	-4039.0768332496737
337000	-3984.7421377307974
337500	-4034.7529654851014
338000	-3969.4086793380093
338500	-3937.4531679415836
339000	-3947.023328243845
339500	-3863.1341445581766
340000	-3935.623058190119
340500	-3920.090241470974
341000	-3812.0421544475057
341500	-3900.8665799898454
342000	-3898.8774819540936
342500	-3959.868384478257
343000	-3917.5830827739082
343500	-3948.583875117902
344000	-3962.515962156547
344500	-3878.3704546575327
345000	-3855.7323860386623
345500	-3938.9762720490958
346000	-3948.064944002073
346500	-4066.947230806814
347000	-3947.026541657735
347500	-3869.3830974217058
348000	-4065.9427721643783
348500	-3887.2035684680645
349000	-3779.4126818581594
349500	-3998.7931447158717
350000	-3842.072537601465
350500	-3894.539754894435
351000	-3885.225670549905
351500	-3933.8338519816357
352000	-3976.792231584104
352500	-3961.8392219163015
353000	-3994.6253887372054
353500	-3902.6542090549333
354000	-3890.2136876277277
354500	-3855.6593042360028
355000	-3930.7871088241236
355500	-3916.6388249029455
356000	-3898.9575762602917
356500	-3890.5718062512665
357000	-3943.7404686796235
357500	-3931.5384532892404
358000	-3894.0869567251357
358500	-3967.7868962692683
359000	-3853.0419900839424
359500	-3950.0081984162052
360000	-3949.9912244558263
360500	-3955.5117556199484
361000	-3833.049139300144
361500	-3958.513974836996
362000	-3857.159025373154
362500	-3833.239349168437
363000	-3889.3226552286364
363500	-3920.795917065072
364000	-3976.760540605097
364500	-3910.0484282294424
365000	-3909.9815053514417
365500	-3875.7167731239274
366000	-3858.0595859717578
366500	-3862.582172984802
367000	-3759.949233473806
367500	-3826.293706735258
368000	-3788.232924862284
368500	-3878.5438618140724
369000	-3860.6898000376623
369500	-3860.412707605159
370000	-3873.519774083254
370500	-3898.629182830992
371000	-3786.027219879475
371500	-3801.3693028103626
372000	-3903.308665718848
372500	-3886.839388693153
373000	-3901.738776637821
373500	-3886.1431669531994
374000	-3831.048925799773
374500	-3859.9742110901216
375000	-3821.5691425734344
375500	-3847.983255312179
376000	-3951.3909834168117
376500	-3903.2428056829003
377000	-3985.013308540826
377500	-3940.9237088491564
378000	-3919.185306584866
378500	-3962.29600328033
379000	-4077.557723412452
379500	-4071.881440960881
380000	-3922.7347921564797
380500	-3978.4112600757367
381000	-3850.3925751777933
381500	-3846.65829629809
382000	-3851.816698474072
382500	-3979.8807934020706
383000	-3838.6894062329898
383500	-3947.3519211754397
384000	-3994.2291246788245
384500	-3969.1137135372915
385000	-4025.0185280363767
385500	-4066.8465910650048
386000	-4010.815304146987
386500	-3917.534125687529
387000	-3897.8231745254457
387500	-3889.3489344507866
388000	-3849.6438832383524
388500	-4018.913231313768
389000	-3895.0097207353133
389500	-3872.631263337024
390000	-3842.2993430994748
390500	-3983.9188218583377
391000	-4032.1893687025995
391500	-3964.181571087649
392000	-3902.6297896818382
392500	-4075.457587098277
393000	-4052.280315394605
393500	-3966.362147055423
394000	-3936.72691894732
394500	-3975.1972807914744
395000	-4154.4593398717525
395500	-3914.891823419842
396000	-3965.7596626909785
396500	-4019.0136019636757
397000	-4017.6145022966275
397500	-3974.8777382498006
398000	-4091.7712261684774
398500	-4039.2346679347966
399000	-4102.698188187025
399500	-4032.7421410813176
400000	-4214.034646096982
400500	-4016.7557788841377
401000	-3973.4311956968904
401500	-4036.404247060357
402000	-4041.882253994724
402500	-4060.6645331756417
403000	-4060.8215403379477
403500	-3931.1883452526963
404000	-3877.6694906837406
404500	-3952.584280697235
405000	-3909.6100894873293
405500	-3861.774993166163
406000	-3941.24441997988
406500	-3919.8671032759207
407000	-4019.429954066931
407500	-3945.1324863779414
408000	-4008.3293887472196
408500	-4014.671418339478
409000	-3969.620723178354
409500	-3922.482619308069
410000	-3823.256287360031
410500	-3772.8780209954266
411000	-3869.54536433823
411500	-3851.1367084951835
412000	-3866.443866793419
412500	-3778.2531762252625
413000	-3928.8078911988596
413500	-3973.5065222909334
414000	-3810.3335892996997
414500	-3818.6158902964094
415000	-3828.214503880582
415500	-3804.4626798795075
416000	-3862.7091816546354
416500	-3883.607483180425
417000	-3871.4062097317233
417500	-3886.5981204100185
418000	-3907.421141963092
418500	-3873.624333814473
419000	-3922.889176910269
419500	-3926.8895836001298
420000	-3843.6688050651996
420500	-3903.841501610911
421000	-3909.7551980542617
421500	-3982.4769438786657
422000	-3991.0740871572343
422500	-3960.6669090787113
423000	-3966.410578084894
423500	-3762.071290873103
424000	-3969.023481515393
424500	-3934.084515365973
425000	-3929.730981704261
425500	-3954.96632188819
426000	-3906.245350201703
426500	-3962.255097067574
427000	-3957.4299110993425
427500	-3885.6469662225873
428000	-3920.380457162134
428500	-3833.3623240888733
429000	-3818.395715339284
429500	-4109.083807191867
430000	-4045.6252638489973
430500	-4180.991554609546
431000	-4192.469559216374
431500	-4142.702837994008
432000	-3976.3418351067826
432500	-4100.641791336465
433000	-3912.3751769408427
433500	-3862.7630986867744
434000	-3986.80788290899
434500	-3974.327749413047
435000	-4085.308652630526
435500	-3906.626041155077
436000	-3958.969310601868
436500	-3943.734859077486
437000	-3953.677149860102
437500	-3979.2592345562307
438000	-4010.888692454997
438500	-3946.5560298636224
439000	-3979.6446978538766
439500	-3948.0618620269634
440000	-3916.7031217590193
440500	-3843.3358234793927
441000	-3908.7872351828573
441500	-3893.8154566460007
442000	-4059.685911910351
442500	-3890.803539320018
443000	-3789.2337652739893
443500	-3852.428566050244
444000	-3808.134695394197
444500	-3876.0085479515687
445000	-3850.473443640644
445500	-3842.0425276221017
446000	-3937.6046940079605
446500	-3892.6215113566564
447000	-3823.3714342275216
447500	-3907.3432517182973
448000	-4120.644335007386
448500	-4001.2515610256037
449000	-3927.8283339890895
449500	-3928.0779662098294
450000	-3891.1901478756395
450500	-3894.418883751823
451000	-4006.7519794150367
451500	-3877.93633166887
452000	-3933.0217320705397
452500	-3814.0122428461827
453000	-3837.3735149861077
453500	-3941.727743330305
454000	-3886.8370142384388
454500	-3967.1698946297415
455000	-3799.127967072564
455500	-3791.2792831699626
456000	-3771.2766501062733
456500	-3971.414641607577
457000	-3813.0956173611326
457500	-3755.28327285208
458000	-3706.3962044098016
458500	-3912.663772263718
459000	-3862.5294747261087
459500	-3806.7218911270015
460000	-3727.663373399025
460500	-3830.2095668791
461000	-3971.388729580357
461500	-3972.1843949783324
462000	-4083.940992454911
462500	-3948.442070952553
463000	-4010.8066669657073
463500	-3808.0398703320643
464000	-3929.0886835829815
464500	-3855.811738061565
465000	-3815.141523139022
465500	-3776.602315509285
466000	-3988.6227287010506
466500	-3981.7019807614583
467000	-3932.303038778855
467500	-4013.85767541839
468000	-4035.604537290911
468500	-3951.5126846238727
469000	-3928.8589536349923
469500	-3993.9811693359075
470000	-3873.9592803902888
470500	-3937.5335698458684
471000	-4139.835375816761
471500	-3884.7951109905375
472000	-4013.338075389726
472500	-4095.388203372452
473000	-4009.1846574378487
473500	-3968.6402266700775
474000	-4058.9661504461196
474500	-3985.3289386018
475000	-3935.398278291752
475500	-3927.995294033041
476000	-3947.4486161074005
476500	-3920.531822795011
477000	-3920.263875699898
477500	-4000.3226586702453
478000	-3867.2634479186922
478500	-3855.5811844773875
479000	-3950.7995386663465
479500	-3934.1528396159056
480000	-4047.6793920135888
480500	-3949.7580866430267
481000	-3954.517069238214
481500	-4012.2534573918538
482000	-4016.756136857815
482500	-4028.959828002923
483000	-4099.243548909163
483500	-3976.0066919751866
484000	-3975.802255697336
484500	-3868.9023796395477
485000	-4103.88565128216
485500	-3952.137814472537
486000	-3839.385228235492
486500	-3897.5287262479105
487000	-3881.0402903569666
487500	-3928.8105640494045
488000	-3861.921148020429
488500	-3903.3079020513696
489000	-3899.1176136338117
489500	-3864.36409558515
490000	-3961.6758145655667
490500	-3830.5218658878957
491000	-3854.923527646491
491500	-3972.8668291080626
492000	-3883.0358277139453
492500	-3948.4540143192057
493000	-3869.3053970044916
493500	-3980.91600680605
494000	-3772.969160809173
494500	-3875.6162682387853
495000	-4004.008477977156
495500	-3998.1346406305333
496000	-3936.741192912278
496500	-3915.26337933832
497000	-3925.6378465503285
497500	-3946.9244971806634
498000	-3790.010023530231
498500	-3814.405763814355
499000	-3827.41012112581
499500	-3873.841794921062
500000	-3946.2995129521228
500500	-3868.8070206183083
501000	-3907.225345026524
501500	-3849.5467997372175
502000	-4061.240218976174
502500	-3979.481925382755
503000	-3978.702552197478
503500	-4058.02266975957
504000	-3925.4225093852383
504500	-3870.058939640663
505000	-3825.5719012531804
505500	-3865.4397130366574
506000	-3913.2889525202045
506500	-3906.6869024848556
507000	-3838.25043551299
507500	-3864.1362540448436
508000	-3900.483333200793
508500	-3907.739406545363
509000	-3796.0089495447446
509500	-3840.1707395259687
510000	-3946.130032388244
510500	-3842.856077012683
511000	-3871.125065683988
511500	-3870.587014337495
512000	-3967.385054965918
512500	-3915.2291262605145
513000	-3922.3488906541456
513500	-3801.5548981904603
514000	-3983.2027830230354
514500	-3985.8745880864776
515000	-3796.9666090476376
515500	-3811.6843865206934
516000	-3820.018348954632
516500	-3850.383074919652
517000	-4000.9734993861953
517500	-3905.378914470607
518000	-3820.2594070269215
518500	-3760.1008698632118
519000	-3821.1569892441776
519500	-3899.816704199428
520000	-3855.31318070971
520500	-3894.527566089509
521000	-3878.8153228387114
521500	-3764.768828134913
522000	-3895.281905436078
522500	-3882.8497207885866
523000	-3950.441211623196
523500	-4025.743907791058
524000	-3961.6971307368894
524500	-4099.904178717527
525000	-4083.2091093281797
525500	-3993.307994418523
526000	-4062.4789441308735
526500	-3972.8081311831106
527000	-4153.671193661283
527500	-3824.806289711247
528000	-3840.8797331049745
528500	-3891.8304471588776
529000	-3871.343158822652
529500	-3691.733909629926
530000	-3744.031722313896
530500	-3904.8883450052826
531000	-3988.585226142695
531500	-4020.083242360876
532000	-4025.366393242995
532500	-3928.42298286832
533000	-3849.3924353552734
533500	-3801.4517269119137
534000	-4035.141040015614
534500	-3832.0766801325576
535000	-3916.364961112301
535500	-3910.0187916403074
536000	-3935.360177098101
536500	-3939.961863924231
537000	-3913.652050803856
537500	-3974.275079629051
538000	-4094.6033740789762
538500	-3996.398135265725
539000	-3963.1937508970777
539500	-3847.896597767489
540000	-3882.657292559513
540500	-3999.8954694908293
541000	-4028.587895170518
541500	-3873.440489924552
542000	-3954.562209047831
542500	-3928.980962756185
543000	-3940.260478355327
543500	-4000.7500996298586
544000	-3957.288881490185
544500	-3913.8027675917297
545000	-4018.6055422830586
545500	-3912.474044896786
546000	-3921.0718731944603
546500	-4079.1446601935695
547000	-3812.683045457984
547500	-3966.9962579019657
548000	-3951.669585579624
548500	-4009.445829678102
549000	-4060.0922036466
549500	-4131.230437040706
550000	-4013.985204260312
550500	-3823.4946715949086
551000	-4029.4732923484553
551500	-3795.441389412869
552000	-3911.0605994410257
552500	-3953.1305514207174
553000	-3895.837241784479
553500	-3985.223570140652
554000	-3996.890497778211
554500	-3941.2370952420356
555000	-4027.2365532160065
555500	-3952.9401890386307
556000	-3891.696042528963
556500	-4055.67195086391
557000	-3919.357878836414
557500	-4089.051729364109
558000	-4143.836054534309
558500	-3890.137264284697
559000	-3936.090819266493
559500	-3914.5717590502068
560000	-3920.5244875748253
560500	-3943.778415306327
561000	-4023.6913052384134
561500	-3914.6915851927683
562000	-3802.3772893471505
562500	-3739.069832917465
563000	-3862.760074458753
563500	-3917.487064827546
564000	-3646.4654288751576
564500	-3787.129451605868
565000	-4006.7755443398664
565500	-3967.8962283729484
566000	-4016.5751491322817
566500	-3944.701314316966
567000	-3864.9610372198404
567500	-3842.330904314645
568000	-4025.4720366651495
568500	-3960.3262600422195
569000	-3843.215061675821
569500	-4125.444441170359
570000	-3912.599266092465
570500	-3880.5186402891422
571000	-3799.9017070034147
571500	-3833.475572126126
572000	-3817.8200900650895
572500	-3885.4359608414597
573000	-3981.788209678798
573500	-3795.300765661675
574000	-3881.7813526930563
574500	-3896.7382529971137
575000	-4079.7373170440933
575500	-4013.79763573951
576000	-3881.3443585270784
576500	-3795.695818480573
577000	-3865.505440753758
577500	-3796.854908041571
578000	-4028.1301721468644
578500	-3944.6567480098133
579000	-3827.077007684218
579500	-3956.0296529408533
580000	-3857.005846928139
580500	-3917.675308307867
581000	-3908.447217712326
581500	-3837.522376069297
582000	-3963.446327881293
582500	-3915.01313891163
583000	-3844.8620910277673
583500	-3732.2481635693994
584000	-3745.5676054251853
584500	-3832.480096057863
585000	-3697.1355718347204
585500	-3603.0764280333415
586000	-3737.9207436116376
586500	-3920.0832272789607
587000	-3788.4655808959346
587500	-3985.9992585643354
588000	-4044.7401356067944
588500	-3861.2757339065433
589000	-3890.3400681537605
589500	-3880.2961376701364
590000	-3788.3168350254564
590500	-3797.007107457863
591000	-3865.3126512466447
591500	-3877.191819739899
592000	-3784.1842241515533
592500	-3763.6549238910607
593000	-3852.8557148677855
593500	-3871.9718033746944
594000	-3882.8992949439644
594500	-4051.548911448932
595000	-3937.497267729498
595500	-4120.882864983679
596000	-4033.3568022150935
596500	-3882.5670217742686
597000	-3953.910406110745
597500	-3892.871880952874
598000	-3899.8725012269533
598500	-3931.1457193336855
599000	-3952.412227167476
599500	-3906.4100179326874
600000	-3945.353999483076
600500	-3867.1709864710256
601000	-3879.8984740380197
601500	-3796.80140822744
602000	-3893.3361105809145
602500	-3891.311891754665
603000	-3871.2801625857605
603500	-3973.721977432525
604000	-3992.865914173437
604500	-4089.7791781047217
605000	-4001.1768697125244
605500	-4118.269122353702
606000	-4055.7099283190564
606500	-4054.3010998850796
607000	-4016.1592216593476
607500	-4067.978894161436
608000	-3963.919941084743
608500	-4141.1639935065095
609000	-4137.910188051554
609500	-4032.900257133169
610000	-4073.9526782068037
610500	-4169.423630038962
611000	-3991.746720793963
611500	-3983.8902559329485
612000	-4076.9058073987553
612500	-3990.4799926817986
613000	-3909.748596380319
613500	-3960.0358138050046
614000	-3991.25596887388
614500	-3900.4568470830623
615000	-3915.4498872424547
615500	-3943.4211832052265
616000	-3944.520704512597
616500	-3881.7422715884195
617000	-3907.6892468675946
617500	-3881.2887179806385
618000	-3869.52634066107
618500	-4106.938004929396
619000	-4003.1166884915556
619500	-4014.621880146965
620000	-3785.4728774915784
620500	-3804.6849499827777
621000	-3855.670511808625
621500	-3940.0675895001727
622000	-3851.1095923185085
622500	-3756.654400829077
623000	-3863.1358069084667
623500	-3904.8828860655585
624000	-3925.4995413910606
624500	-3980.6975372001752
625000	-4046.2415992303354
625500	-3822.2971670615066
626000	-3982.468665801666
626500	-4092.8365011893566
627000	-4068.946563288958
627500	-3897.0322760654467
628000	-3899.787715651761
628500	-3983.3327318898546
629000	-4009.401667617399
629500	-3942.8198811878556
630000	-4097.62798461738
630500	-4043.7396679417225
631000	-4044.575015057444
631500	-3978.889075156989
632000	-4044.1595348101755
632500	-3928.0992569545488
633000	-3907.2944218379494
633500	-3935.4607568867177
634000	-3873.718754786997
634500	-3817.6303681248446
635000	-3958.116722814973
635500	-3721.545661665633
636000	-3827.5935497692235
636500	-4017.412035183496
637000	-3862.0195444465253
637500	-3890.5200343064066
638000	-4249.345402936158
638500	-4041.585525852264
639000	-3928.0170384768076
639500	-3943.6470305882976
640000	-3863.7364899120134
640500	-3900.172028541566
641000	-3981.3968071945283
641500	-3840.644276413484
642000	-3921.7016480844613
642500	-3968.959655562621
643000	-3943.0899871111487
643500	-4009.184609050586
644000	-3962.77338083836
644500	-4014.6106469132856
645000	-3963.5123789452923
645500	-3958.087145617048
646000	-3906.460946932049
646500	-3973.325690701223
647000	-4050.968059148533
647500	-3922.8326982422136
648000	-3935.0548967574623
648500	-3886.8925181845516
649000	-4048.24004091093
649500	-3893.2277100647184
650000	-3833.858209772049
650500	-3880.802107759673
651000	-4000.842190216066
651500	-4027.495114056189
652000	-4033.7919237156325
652500	-4059.4255742610403
653000	-3938.0454695588387
653500	-3987.689430159395
654000	-4008.073007652678
654500	-4039.3850372233205
655000	-4062.5855828332255
655500	-4180.367666222056
656000	-3974.9240188559565
656500	-3991.8210889810935
657000	-3951.2650011868054
657500	-3902.535177492938
658000	-3768.109572313759
658500	-3835.2200867321335
659000	-4054.1019000631745
659500	-4065.26837669085
660000	-4001.7781943132713
660500	-3872.15224971987
661000	-4057.0696210978454
661500	-3983.6839106787033
662000	-3874.1925012456168
662500	-3847.253200717206
663000	-3886.2384584373085
663500	-4121.462435965936
664000	-4060.309820023954
664500	-4143.943625673655
665000	-3878.1932412671617
665500	-4265.63369060025
666000	-4084.787961447641
666500	-4158.445691948025
667000	-4020.265158557835
667500	-3954.370175963191
668000	-4007.394539185305
668500	-4122.905153917036
669000	-4049.6460154414085
669500	-3910.505443093115
670000	-3882.470170962434
670500	-4059.4907892550063
671000	-3945.294032825481
671500	-4053.8080774949917
672000	-4108.568360908996
672500	-3967.0368196307886
673000	-4097.784661753917
673500	-4044.0107304005755
674000	-4014.5837387762704
674500	-4009.6701020585124
675000	-4174.143099214019
675500	-4045.62688360071
676000	-4039.5019996326105
676500	-4033.311798598308
677000	-4010.2927274617286
677500	-3939.905887226267
678000	-4010.1416677081866
678500	-4016.309136783925
679000	-4162.647368040938
679500	-4172.551451470129
680000	-4064.801329375186
680500	-3977.6697415639237
681000	-3970.7358716219164
681500	-3907.494294507613
682000	-4000.3761692784606
682500	-3872.8835265997227
683000	-3840.0605655296745
683500	-3771.0299553605373
684000	-3825.0129947043424
684500	-3903.7748718358876
685000	-3790.482588249142
685500	-3782.8010662306197
686000	-3959.178566136857
686500	-3900.9606333631245
687000	-3875.002378332074
687500	-3899.5144851151476
688000	-3945.253334446169
688500	-3867.991791128021
689000	-3823.077086355325
689500	-3900.982993525323
690000	-3795.873608980484
690500	-3843.18474368277
691000	-3951.7354664743293
691500	-4037.0433546444438
692000	-3994.447832462446
692500	-3898.3297991758163
693000	-3830.342839905146
693500	-3846.087089386005
694000	-3986.466673547542
694500	-3944.34082388339
695000	-3849.7558584015624
695500	-3996.6403975414596
696000	-3766.4277282789285
696500	-3769.8637540942855
697000	-3857.8946415881105
697500	-3879.0634361929006
698000	-3947.0500438031954
698500	-4012.6495334260244
699000	-3881.4538878496937
699500	-3862.387229350526
700000	-3786.4144551313298
700500	-3836.583724836921
701000	-3744.1070079395545
701500	-3951.824297225908
702000	-3795.4928698595654
702500	-3964.917740490361
703000	-3896.3356023718375
703500	-3851.3198486517904
704000	-3895.2406080722158
704500	-3989.2379428685645
705000	-3944.275527148649
705500	-3753.647147048553
706000	-4028.0528301717372
706500	-4013.70030193469
707000	-3842.546126685759
707500	-3822.351142350436
708000	-3902.7413324060817
708500	-3837.033285501647
709000	-3804.732321089347
709500	-3918.735102915286
710000	-3830.5112848160043
710500	-3826.216366073009
711000	-3786.2627072448477
711500	-3890.702214790096
712000	-3953.58819998327
712500	-3852.030331623374
713000	-3893.3984709353886
713500	-3873.2603455230583
714000	-3940.2372614649057
714500	-3793.582436627071
715000	-3854.724671454151
715500	-3888.0104217298285
716000	-3728.0027451008405
716500	-3897.9697209524707
717000	-3933.45266121594
717500	-3888.537171870588
718000	-3968.230090108592
718500	-3858.6707940512238
719000	-3919.0702890414627
719500	-3896.8073319696114
720000	-3919.5317701202957
720500	-3877.5979831424065
721000	-3865.126792814215
721500	-3884.056189502672
722000	-3913.4652015620923
722500	-3975.363453740225
723000	-4053.778199347884
723500	-4096.797361416841
724000	-4031.345718656435
724500	-4037.0906790095146
725000	-3833.2154228905624
725500	-3864.9101392209886
726000	-3931.7868335710314
726500	-4042.979700007578
727000	-3862.269975876368
727500	-3987.8383193348477
728000	-3815.505143681319
728500	-3773.5447198705533
729000	-3754.033834851026
729500	-3920.54094926455
730000	-3884.0229755479622
730500	-3858.349202270583
731000	-3837.0786928407297
731500	-3927.18583381506
732000	-3942.1318499388067
732500	-3751.6137635443306
733000	-3832.8390581372473
733500	-3938.6522111325103
734000	-3871.1777431182313
734500	-4078.013545505935
735000	-3843.782070269222
735500	-3855.589089019172
736000	-3874.161353471779
736500	-3908.3633494398787
737000	-3941.5803325737425
737500	-3939.7914610622493
738000	-3964.9647940201867
738500	-3918.7199453318417
739000	-3965.9527729243
739500	-3813.8147091732435
740000	-3791.6014622475004
740500	-3746.6186872104086
741000	-3773.956251749522
741500	-3813.6188510264838
742000	-3875.0319225120693
742500	-3843.916988621392
743000	-3800.1108918382392
743500	-3992.9126489577
744000	-3927.7014749279697
744500	-4032.3887281625534
745000	-4201.22005847832
745500	-3890.124370778111
746000	-4108.621787749039
746500	-4095.4510410489147
747000	-4013.7116871780286
747500	-3972.8669403128424
748000	-3977.018493855869
748500	-3797.3356959010353
749000	-3862.171284816073
749500	-4036.938412738862
750000	-3981.664214568168
750500	-3843.696177485031
751000	-3976.658278378823
751500	-3850.4365219320393
752000	-3860.052850246063
752500	-3918.86655159495
753000	-3907.3813701154804
753500	-3967.8041250568344
754000	-3895.7011420347453
754500	-4019.3027714517393
755000	-3965.8536772444654
755500	-4082.885437218806
756000	-3941.5734313140933
756500	-3975.712292119458
757000	-3964.942279831091
757500	-4113.431445505544
758000	-4022.1533542175853
758500	-4055.2879816302275
759000	-4083.6489870491887
759500	-4011.621517769111
760000	-4083.6267552552686
760500	-3986.902071075854
761000	-3968.0650219058834
761500	-3958.3864616452406
762000	-4059.4803089851694
762500	-4002.4079040443758
763000	-4039.472842219118
763500	-4011.1846172531837
764000	-3954.1973275631217
764500	-3966.1476524039217
765000	-4055.042992706685
765500	-3882.336006285489
766000	-3957.7831258903557
766500	-3940.2907030091733
767000	-3970.288295265303
767500	-4049.4122414491376
768000	-3976.756475249465
768500	-3989.44860043255
769000	-3905.4294019781582
769500	-3929.126046080063
770000	-3853.1147424953697
770500	-3984.6806108772503
771000	-3812.724766466139
771500	-3810.391683868039
772000	-3706.921877424132
772500	-3798.3067113005072
773000	-3720.627633099931
773500	-3730.1243965290646
774000	-3770.8940911131635
774500	-3887.6330271414863
775000	-3898.260955980898
775500	-4072.635853262264
776000	-4166.266660323796
776500	-3910.963506881365
777000	-3924.933647328901
777500	-3913.864829624323
778000	-4111.736811108729
778500	-4009.292473016517
779000	-3988.4207851704914
779500	-3937.045797714022
780000	-4047.9919625213765
780500	-4097.01828820608
781000	-3883.8762151402657
781500	-3974.691301179944
782000	-3987.8030904850407
782500	-4059.7743882269797
783000	-4007.5328428179787
783500	-3795.731467701943
784000	-3904.0042566506922
784500	-4078.1747528611463
785000	-3808.2034186890255
785500	-3845.151310803467
786000	-3867.124496572838
786500	-3916.4869879554944
787000	-3909.1314908935574
787500	-4017.4800402307997
788000	-4023.5642290533
788500	-4019.6436980411195
789000	-3903.06819241684
789500	-3866.6982940361586
790000	-3951.3904505402097
790500	-3896.065416596309
791000	-3899.451110344287
791500	-3950.5118844411004
792000	-3940.894293565646
792500	-3890.568067511653
793000	-3884.059078359379
793500	-3914.2800594823957
794000	-4152.75000866401
794500	-4039.238453086548
795000	-3814.5930802182834
795500	-3850.4947451468465
796000	-3840.9500020472797
796500	-3842.813066882103
797000	-3827.1983196877372
797500	-3892.34048637233
798000	-3830.525301931495
798500	-3805.1033128162703
799000	-3967.8472839621722
799500	-3667.98514021413
800000	-3807.880522046859
800500	-3819.019141976191
801000	-3844.3567817077833
801500	-3923.986817223548
802000	-3992.8254833196042
802500	-3821.596131656181
803000	-3814.1282659648705
803500	-3787.1467908854875
804000	-3917.031063360995
804500	-3969.7828545412854
805000	-3989.033478434514
805500	-3865.5025837287712
806000	-3874.8800608609145
806500	-3852.755517994079
807000	-3974.4608086840963
807500	-3851.7961950683116
808000	-3890.406770971451
808500	-3944.347714227407
809000	-4035.3886070418475
809500	-4141.771552851
810000	-4082.625376219985
810500	-3874.829288937089
811000	-3932.4895721371795
811500	-3891.861775156636
812000	-4032.60401098046
812500	-4018.2408644511693
813000	-4058.580582256322
813500	-3898.0090223034563
814000	-3961.514799588227
814500	-3827.3749345035963
815000	-3834.081539837681
815500	-3905.9647720939906
816000	-3884.6991623513204
816500	-3937.729836079985
817000	-3978.3080461241493
817500	-3967.0126576321886
818000	-3878.721932259454
818500	-4055.456262867291
819000	-3927.420631232893
819500	-3887.640011248399
820000	-3934.1497889897437
820500	-3871.2068477260264
821000	-4107.419701451765
821500	-3949.7027570439054
822000	-3837.29003088837
822500	-3757.1478719792326
823000	-3844.1160109526745
823500	-3982.0494670252892
824000	-3979.0949219265913
824500	-3964.0719666623736
825000	-3900.8187661330107
825500	-3868.6908187316926
826000	-3926.0363721277113
826500	-3867.9641417083167
827000	-3879.8254777816037
827500	-3998.163359828833
828000	-3860.7987895301344
828500	-3814.2834519197295
829000	-3905.9736749681697
829500	-3802.136277085604
830000	-3844.9202633673094
830500	-3805.7508352406494
831000	-3822.9984076659375
831500	-3856.112439426836
832000	-3890.3354956624935
832500	-3945.203676810302
833000	-3751.201211845831
833500	-3902.08098992351
834000	-3858.244208553962
834500	-3963.117730087963
835000	-4003.7722643188117
835500	-3879.1393351206025
836000	-3958.1253250783266
836500	-4099.276979435894
837000	-3841.724925763697
837500	-3891.186030784965
838000	-3914.357651738965
838500	-3865.8477817814064
839000	-4006.6622087589312
839500	-4021.39874382943
840000	-3882.7530758784765
840500	-3800.2231601443636
841000	-3901.431888751603
841500	-3836.537263249227
842000	-3837.00822376982
842500	-3817.050918675127
843000	-3860.898659305298
843500	-3919.588116062807
844000	-3958.0060584106163
844500	-3767.3607808066354
845000	-3860.9747088292033
845500	-3965.403547296996
846000	-3937.0324244132566
846500	-3879.738826706492
847000	-3859.0226902780532
847500	-3836.3882051513006
848000	-3833.6613222317815
848500	-4068.0322135773627
849000	-4029.272592655244
849500	-3779.271750408136
850000	-3766.140556688523
850500	-4010.483730824332
851000	-3928.7903008732997
851500	-3905.8518039413684
852000	-4218.080765172307
852500	-4066.307889465886
853000	-3976.5337797221027
853500	-3885.2373114712063
854000	-3776.0211959593457
854500	-3727.7816218961448
855000	-3921.234846391933
855500	-3756.875186523084
856000	-4044.261774119559
856500	-3995.7190306450466
857000	-3869.2086908447573
857500	-3910.0903841217914
858000	-3790.6600666818495
858500	-3817.0113484499125
859000	-3966.994028001462
859500	-3931.5145304104576
860000	-3802.5997378072066
860500	-3704.5657720723425
861000	-3926.7760204708925
861500	-3921.2077485863947
862000	-3970.246598877282
862500	-3766.629135597017
863000	-3913.2077241314655
863500	-3849.6295079592405
864000	-3856.1987502023726
864500	-3814.948552970398
865000	-3899.893712682988
865500	-3873.047715567041
866000	-3981.99925327222
866500	-4009.1468001653802
867000	-3887.64585119826
867500	-3982.215404779884
868000	-3981.008507654633
868500	-4259.795552458299
869000	-3951.6484597764047
869500	-3928.6350595149142
870000	-3848.4979467593566
870500	-4108.294456046782
871000	-4016.4623653590834
871500	-3809.072172401304
872000	-3964.4398342749087
872500	-3766.245370405071
873000	-3911.623862883516
873500	-3807.0821835608945
874000	-3900.530214131837
874500	-4011.9511297399217
875000	-3773.0463951653014
875500	-3846.8826095773265
876000	-3816.726153375988
876500	-3783.4659146864074
877000	-3868.448259043325
877500	-3899.8094038643735
878000	-3945.268747815511
878500	-3980.360189187589
879000	-3871.6770690517637
879500	-3917.9732826240815
880000	-3917.3782763580984
880500	-3929.69400201004
881000	-3865.034851591588
881500	-3930.091220032562
882000	-4005.1548859247014
882500	-3865.1739608681246
883000	-3935.592764235663
883500	-4049.820419811591
884000	-4111.179473105956
884500	-3985.0318006153634
885000	-3931.496143110544
885500	-3951.6313466780357
886000	-3861.1922101095092
886500	-3926.0534465613946
887000	-3986.7449010499936
887500	-3885.9885885971885
888000	-4022.1338371215274
888500	-3881.349880346527
889000	-3830.7717708617224
889500	-3846.617069594472
890000	-3836.9606900461895
890500	-3845.5288681840934
891000	-3816.1087140301697
891500	-3924.697965593763
892000	-3836.0155458843283
892500	-3727.8278218252167
893000	-3798.3579143631487
893500	-3793.4328105285495
894000	-3987.655783257292
894500	-3950.819422980981
895000	-4018.065887145989
895500	-3933.106641356177
896000	-3955.53299338152
896500	-3854.487766909164
897000	-3827.2709662947946
897500	-3846.075613577135
898000	-3776.0344072835856
898500	-3846.148169754357
899000	-3976.6953679379103
899500	-3946.8777009512537
900000	-3866.051464834199
900500	-3878.84741301874
901000	-3876.0415758763497
901500	-3836.9530604640813
902000	-3778.8573482925995
902500	-3886.2602460605026
903000	-3869.0781367437544
903500	-3876.7711937177482
904000	-3802.252095629547
904500	-3840.081864819342
905000	-3920.627527571662
905500	-3936.7856890460785
906000	-3830.718784381419
906500	-3787.839810362259
907000	-3995.9024554956377
907500	-3951.937882474038
908000	-4024.375085338623
908500	-3975.062591886119
909000	-4231.890180946797
909500	-4038.1852602007734
910000	-3979.921334296068
910500	-4076.4504116781413
911000	-3932.736215379927
911500	-3879.879179722553
912000	-4034.1116569381734
912500	-3933.856283344246
913000	-3861.1224310647635
913500	-3859.112790242286
914000	-3920.649877423862
914500	-4009.678727839788
915000	-3909.246892679664
915500	-3847.6469244061504
916000	-3916.329366308289
916500	-3923.2533363383127
917000	-3944.3606965525178
917500	-3851.4889205158843
918000	-3900.894152972337
918500	-3718.952807666851
919000	-3862.4774780700263
919500	-3791.133634416993
920000	-3980.0466226544127
920500	-3794.0387211541442
921000	-3847.1707278750882
921500	-3858.370414227541
922000	-4012.5167735029986
922500	-4040.606140938029
923000	-4007.3270437420774
923500	-3957.2983507826207
924000	-3903.084020139217
924500	-3899.091507808245
925000	-4022.11766573177
925500	-4036.2433572377217
926000	-3819.2774346150404
926500	-4060.230874576954
927000	-4113.383932872521
927500	-3915.609139473186
928000	-4027.0656415881313
928500	-4023.2306161591055
929000	-4097.2779792021
929500	-3944.7751910973357
930000	-4061.8246909002055
930500	-4080.4501056185413
931000	-4107.23162489436
931500	-4008.5674683152824
932000	-3954.045927399191
932500	-3921.536226851829
933000	-3891.179710272915
933500	-3972.394052179754
934000	-3885.451536841358
934500	-3872.0618459804573
935000	-3994.0534769605865
935500	-3944.1092241711053
936000	-3904.4158290273567
936500	-3836.404733078639
937000	-3804.350207208248
937500	-3876.503307918571
938000	-4178.265657389905
938500	-4239.492731630253
939000	-4131.483744977255
939500	-3994.2526014377195
940000	-3992.72162967147
940500	-4085.9911213404043
941000	-3998.9605343415164
941500	-3991.6876957225727
942000	-3949.3816565595907
942500	-4096.117099764403
943000	-4041.227889982258
943500	-3952.623252900131
944000	-3955.177732964471
944500	-3990.483170367924
945000	-4134.487472174134
945500	-3918.6555340208715
946000	-4024.2942157019743
946500	-3876.246090666142
947000	-3931.2505579900626
947500	-3949.0335552998636
948000	-3814.7889407315315
948500	-3845.048316627155
949000	-3927.379188953269
949500	-4002.9513666867556
950000	-3989.756211826025
950500	-4109.633449666992
951000	-4120.445085052781
951500	-3923.2219830964495
952000	-4005.1174474728055
952500	-4098.212825815864
953000	-4103.031324499121
953500	-4129.413908086375
954000	-3905.6102821622235
954500	-3850.1247965706184
955000	-3774.9830301675065
955500	-3928.0600746823843
956000	-4126.595596837378
956500	-3969.982010714081
957000	-3889.4546012107644
957500	-3990.4040317850377
958000	-4135.399290657252
958500	-3969.5544279692836
959000	-4080.4238146883486
959500	-3997.2004019318447
960000	-3999.3310496031763
960500	-4049.786265155892
961000	-3964.8370046116916
961500	-3997.129046029182
962000	-4007.232275980139
962500	-3985.7247133354163
963000	-3843.0021011918734
963500	-3998.407773942189
964000	-4072.8854210976438
964500	-3970.712460366369
965000	-3941.9753081737367
965500	-3943.784348671164
966000	-3942.6102694031115
966500	-3965.243269026487
967000	-3934.468774692407
967500	-3910.101722609746
968000	-3942.3661789148287
968500	-3830.7610181311316
969000	-3997.8820667966493
969500	-4004.56357126763
970000	-4034.4247555477623
970500	-3966.766406875051
971000	-3889.421372589508
971500	-3848.1104446104614
972000	-3838.0932776769455
972500	-3856.08558817466
973000	-3931.6046892497593
973500	-3795.1019511583104
974000	-4032.7414650909154
974500	-3971.159820367552
975000	-3843.1087562814946
975500	-3990.812672219986
976000	-4007.6207527948873
976500	-3917.35743201264
977000	-3929.422369391154
977500	-4037.975815854415
978000	-3941.3349723946576
978500	-4029.542086472346
979000	-4012.8890902784424
979500	-4016.2516733924504
980000	-3856.3056755934335
980500	-3938.8902416382857
981000	-3887.0021968067535
981500	-3873.9652375371993
982000	-3877.3978337262824
982500	-3910.404150409353
983000	-3882.5192750489637
983500	-3881.9638017577704
984000	-3950.7062944415907
984500	-3856.023771367657
985000	-3919.8335839550755
985500	-3870.0730401607816
986000	-3929.949065567284
986500	-3834.8883949679825
987000	-3851.585581343434
987500	-3809.239325704789
988000	-3842.3333377661625
988500	-3927.196578390639
989000	-3902.577429845363
989500	-3827.241489391483
990000	-3971.222404261561
990500	-3979.5427579948814
991000	-3978.647314426005
991500	-3861.3904107008893
992000	-3790.8924943251873
992500	-3756.8672504081546
993000	-3830.142264412747
993500	-3869.33298694026
994000	-3749.8928086158694
994500	-3868.9395986795425
995000	-3904.947081703814
995500	-3778.008062989674
996000	-3882.3192292081158
996500	-3864.078141416726
997000	-3857.3082346371116
997500	-3817.3147566103494
998000	-3883.089122981737
998500	-3888.2583414862916
999000	-3904.0472437342582
999500	-3902.527444830016
1000000	-3818.929101972141
1000500	-4029.0330589780383
1001000	-4058.0677514284384
1001500	-3969.4103710817208
1002000	-4010.6428939635725
1002500	-3979.0702474782524
1003000	-3877.24374042498
1003500	-3830.430897717738
1004000	-3871.7207853858217
1004500	-3883.8303986512187
1005000	-3944.9471526787725
1005500	-4020.7605800546626
1006000	-3994.6948010031306
1006500	-3836.1102350799406
1007000	-3996.1398466076694
1007500	-3996.172178778199
1008000	-4055.5019589316457
1008500	-3927.635724038187
1009000	-3918.095918105951
1009500	-3929.2504520337316
1010000	-4154.648141724579
1010500	-4143.512830109886
1011000	-3878.6552614962593
1011500	-3831.8902121253786
1012000	-3889.297766682203
1012500	-3874.4957857333447
1013000	-3803.284534640603
1013500	-3896.074315709149
1014000	-3892.2888734236385
1014500	-3878.5984541275684
1015000	-3890.3486216410947
1015500	-3874.2639921647838
1016000	-3822.1516072265636
1016500	-3737.6717381193407
1017000	-3931.8453665355028
1017500	-4022.362967964706
1018000	-3918.781893716516
1018500	-3866.119828068651
1019000	-3904.431840007248
1019500	-3928.148069995684
1020000	-3890.083476752678
1020500	-4066.408869624792
1021000	-3945.227088483196
1021500	-3932.6605241091993
1022000	-3835.7387530441606
1022500	-3945.703414671008
1023000	-3982.7151383493206
1023500	-3825.7507296076283
1024000	-3816.492337568804
1024500	-3836.164943158099
1025000	-3918.3984717989288
1025500	-3969.5553287438834
1026000	-3925.8076627263727
1026500	-3845.9765181890198
1027000	-4017.1576779510415
1027500	-3958.4902599439465
1028000	-4123.558752804428
1028500	-3863.4540889388436
1029000	-3931.370874758055
1029500	-3916.9577412311914
1030000	-3838.229975295927
1030500	-4029.1800367264814
1031000	-4079.124901864224
1031500	-3910.4802372278527
1032000	-3952.4875281597706
1032500	-3936.292373569213
1033000	-4063.1706495100307
1033500	-4019.961438820039
1034000	-3914.293836269264
1034500	-3945.7330554879604
1035000	-4002.792069623573
1035500	-4005.2376817700824
1036000	-4032.0990493216777
1036500	-3978.430965728599
1037000	-3928.5803072711255
1037500	-4086.748239658651
1038000	-3855.607022856619
1038500	-3830.8994119743506
1039000	-3815.657324362696
1039500	-3987.2516804076954
1040000	-3996.4057909881753
1040500	-3996.095447061633
1041000	-4123.621865808716
1041500	-4107.439602556055
1042000	-4080.903807470243
1042500	-3918.4928338070404
1043000	-3991.650614751827
1043500	-3992.9274214619945
1044000	-3995.0333134509315
1044500	-4000.4347233184503
1045000	-3897.058021659969
1045500	-3907.3372146475576
1046000	-3972.7327527681527
1046500	-4071.8048189053848
1047000	-3975.638980906224
1047500	-4166.578934861496
1048000	-4094.388697979988
1048500	-3962.351155230591
1049000	-3913.682410676185
1049500	-3961.4358810265117
1050000	-3991.596800087498
1050500	-3996.3718335351455
1051000	-3918.829503262299
1051500	-3869.186250027078
1052000	-3909.8017467939794
1052500	-3855.462059413336
1053000	-3861.96480206236
1053500	-3880.585498542257
1054000	-3833.188534374255
1054500	-3913.1012097108605
1055000	-3827.3126445833577
1055500	-3919.9763295899616
1056000	-3873.7444527429266
1056500	-4015.743368202108
1057000	-3959.645396004777
1057500	-4074.3334429385914
1058000	-4037.2386046301017
1058500	-4086.1860026106942
1059000	-3876.5030936744056
1059500	-3961.7993245642515
1060000	-3896.359228964825
1060500	-3891.5791331560663
1061000	-3925.6860732928594
1061500	-4023.6043173521916
1062000	-4141.569987288596
1062500	-3967.825692671787
1063000	-3965.016972557627
1063500	-3941.897867536948
1064000	-3782.552200308466
1064500	-3898.049053070502
1065000	-3838.029618167512
1065500	-3897.4835172246985
1066000	-3886.9290804152147
1066500	-3980.342390271648
1067000	-3898.0356646820387
1067500	-3886.3789202801104
1068000	-3927.943328452424
1068500	-3857.3141033610027
1069000	-3960.6285781665815
1069500	-3856.8736269531228
1070000	-3873.211993577188
1070500	-3893.887008118845
1071000	-3963.421899831897
1071500	-3866.0075777693805
1072000	-3900.8068276622625
1072500	-3824.772012657755
1073000	-3774.9905051380583
1073500	-3726.333956674114
1074000	-3728.080321761272
1074500	-3928.6230345159124
1075000	-3824.115311011691
1075500	-3889.424589489158
1076000	-3816.081401267364
1076500	-3791.0119678025094
1077000	-3864.461944097337
1077500	-3866.1725484178824
1078000	-3751.87066568129
1078500	-3869.78206912894
1079000	-3967.628194335826
1079500	-3976.738795804223
1080000	-3861.647839624803
1080500	-3901.5242251792793
1081000	-3959.2175253560595
1081500	-3929.9347065988713
1082000	-3911.7653234596914
1082500	-3887.9443471709046
1083000	-3800.500155398945
1083500	-3835.9267691493296
1084000	-4140.377461022914
1084500	-4042.572340910533
1085000	-4006.6760264355635
1085500	-3915.671384480215
1086000	-3841.0129176381606
1086500	-3952.108729155393
1087000	-3953.578409465062
1087500	-4003.165576077975
1088000	-3825.2229782542677
1088500	-3876.210849733186
1089000	-3940.083586412128
1089500	-3991.2611341515735
1090000	-3859.5220597593457
1090500	-3983.8687283065997
1091000	-4075.19604748774
1091500	-4015.1899367507244
1092000	-3870.4856036589204
1092500	-3947.8174966523757
1093000	-3883.8112308906425
1093500	-3839.06542711339
1094000	-3948.872423007188
1094500	-3833.2282195436605
1095000	-4009.1505419990294
1095500	-3761.8085936444218
1096000	-3936.2261289876014
1096500	-3960.500961838638
1097000	-3952.408605254717
1097500	-3810.3409542860127
1098000	-3918.9759405200257
1098500	-3931.8896385070266
1099000	-3809.528447374252
1099500	-3901.7159398494528
1100000	-4063.85498823899
1100500	-3905.4230929189443
1101000	-3996.3142549728977
1101500	-3849.4716226466367
1102000	-3782.384729810068
1102500	-3884.373802199341
1103000	-4086.531780754583
1103500	-4015.5255980436923
1104000	-4038.9023871045247
1104500	-3920.025870301199
1105000	-3946.750171316908
1105500	-4049.5137196448018
1106000	-3872.872383505856
1106500	-3780.5942493389507
1107000	-3953.1230696904954
1107500	-3906.8509871967635
1108000	-3983.180342844977
1108500	-3821.723250187806
1109000	-4027.4366090470257
1109500	-3922.9031049271657
1110000	-3895.1641513401332
1110500	-3914.9271070703694
1111000	-3833.881949454703
1111500	-3978.2652176105275
1112000	-3876.686601343819
1112500	-3922.7240377623298
1113000	-4093.291344474551
1113500	-3982.2008603947224
1114000	-3912.574380197818
1114500	-3937.752675029701
1115000	-3802.0283653379247
1115500	-3871.278342180626
1116000	-3844.585598075466
1116500	-3993.7865356312045
1117000	-3916.216034435103
1117500	-3860.336294526295
1118000	-3884.3993244186336
1118500	-3908.208868683063
1119000	-3853.2555950209025
1119500	-3796.694204860503
1120000	-3891.743170775464
1120500	-3889.999883820109
1121000	-3812.477846002796
1121500	-3869.203854156611
1122000	-3911.2596452617195
1122500	-3879.8673531045692
1123000	-4058.4515917521926
1123500	-3957.294710233793
1124000	-3899.7325136859495
1124500	-4057.3648704036027
1125000	-3908.181219296302
1125500	-4003.652924475515
1126000	-3976.142063120393
1126500	-3939.3483260577273
1127000	-4045.2833360179466
1127500	-3898.3131943714097
1128000	-3917.1373604701844
1128500	-4165.107036299431
1129000	-3975.5045611893183
1129500	-3943.958576479072
1130000	-4041.7895413384326
1130500	-4019.943362076245
1131000	-3894.8874693208095
1131500	-3851.1985910043873
1132000	-3868.396445690274
1132500	-3786.074474156005
1133000	-3912.3042592541547
1133500	-3831.829125850496
1134000	-3928.026092564336
1134500	-3802.9345820816056
1135000	-4000.7150578080896
1135500	-3884.845408136706
1136000	-3786.30659524482
1136500	-3711.098465400713
1137000	-3856.9669206488306
1137500	-3891.1506712103887
1138000	-3947.2103619588133
1138500	-3823.2242089818315
1139000	-3890.6619590566715
1139500	-3929.5049251301934
1140000	-4081.28625192516
1140500	-3989.970190214055
1141000	-4009.0715677108205
1141500	-4060.8636789258294
1142000	-3947.632897236896
1142500	-3824.253642452793
1143000	-4013.3833559108507
1143500	-3950.3986050171325
1144000	-3801.487556561919
1144500	-3691.5876280790476
1145000	-3858.385692067479
1145500	-3929.3110715935895
1146000	-3742.8628844020827
1146500	-3779.887377331147
1147000	-3969.3799277657536
1147500	-3846.008415747318
1148000	-4146.274055342279
1148500	-3913.8109990314915
1149000	-3996.448996694283
1149500	-3958.658217906353
1150000	-3897.168864545041
1150500	-4108.974808470661
1151000	-3916.796143525338
1151500	-4021.5551782348143
1152000	-3963.313036001995
1152500	-3944.908181987774
1153000	-3902.868643976298
1153500	-3977.0768511821807
1154000	-4025.3854127342242
1154500	-3908.2476007850946
1155000	-3993.693885128586
1155500	-4048.4582742337416
1156000	-4172.63782917549
1156500	-4193.942932672728
1157000	-4097.250079323305
1157500	-3722.436550874555
1158000	-3863.558918857245
1158500	-3908.1614932512266
1159000	-3940.3248524052583
1159500	-3946.009149941416
1160000	-3940.782606613515
1160500	-4000.4505579417773
1161000	-4180.496043477506
1161500	-4034.301749908336
1162000	-4161.529809429354
1162500	-3979.00235751046
1163000	-3791.8546037093506
1163500	-3858.1008285247676
1164000	-3924.198308121143
1164500	-3901.682897205156
1165000	-3850.0349362673305
1165500	-3727.9608718491077
1166000	-3920.4099682532983
1166500	-3897.619805780405
1167000	-3928.184047212336
1167500	-3851.635801059826
1168000	-3868.9055734814083
1168500	-3846.883379543204
1169000	-3718.797152877982
1169500	-3824.2413583475027
1170000	-3936.151115442564
1170500	-3858.039465872987
1171000	-4093.0479116163388
1171500	-3934.7588316628016
1172000	-3895.609004712783
1172500	-3792.4505449514445
1173000	-3860.0680683244
1173500	-3780.18978635953
1174000	-3867.273918532961
1174500	-3740.6558613360294
1175000	-3792.6686273029777
1175500	-4106.802868693842
1176000	-3978.762235229607
1176500	-3905.413273351288
1177000	-3860.9750279030695
1177500	-4098.227552682072
1178000	-4031.8867578494724
1178500	-4019.3472551233885
1179000	-4042.821614203385
1179500	-4066.17502008356
1180000	-3927.5096493055803
1180500	-3988.795546654693
1181000	-3831.575316809257
1181500	-3838.6496055453727
1182000	-3929.4847635881283
1182500	-3850.337795942881
1183000	-4019.722686871749
1183500	-4205.282055080515
1184000	-4016.634202220912
1184500	-4126.930873727427
1185000	-3986.9744407766334
1185500	-3877.320827170466
1186000	-4057.444783217491
1186500	-4090.917772462801
1187000	-3991.2886132203066
1187500	-4079.5700369152996
1188000	-4230.864479392049
1188500	-4038.70706680082
1189000	-4004.771669066677
1189500	-4156.098294212085
1190000	-4016.7962858271712
1190500	-3962.4394090652245
1191000	-3935.1283411775316
1191500	-4077.677610304518
1192000	-4055.44570676058
1192500	-4217.981352089754
1193000	-3999.922525716284
1193500	-3989.57859241327
1194000	-3980.2982496986997
1194500	-4110.754545609517
1195000	-4047.6673422709027
1195500	-4128.51625747492
1196000	-4143.208638936513
1196500	-3945.516139564222
1197000	-3937.5644403030024
1197500	-3975.129003832632
1198000	-3932.4732702645824
1198500	-3854.1675717048224
1199000	-3880.013760815019
1199500	-3931.2645616995023
1200000	-3902.4692195099283
1200500	-3951.5812055591723
1201000	-3977.992196874656
1201500	-4022.992224688871
1202000	-3917.1823144091977
1202500	-3911.9043842158057
1203000	-3959.0927019443793
1203500	-3848.191525143568
1204000	-3959.5955796156327
1204500	-3875.609707187965
1205000	-3935.7942053335087
1205500	-3881.6675313948544
1206000	-3832.3835951509996
1206500	-3838.8850508617475
1207000	-3817.9537008346056
1207500	-3855.842868320346
1208000	-3803.416154759855
1208500	-3893.753540291944
1209000	-3899.1105916824363
1209500	-3845.4366973914566
1210000	-4067.7233627060696
1210500	-4088.8368381893897
1211000	-4073.9336966469536
1211500	-3921.1891318862004
1212000	-3931.6224485237144
1212500	-3997.9353885939254
1213000	-3962.9020333768867
1213500	-4044.9931624222463
1214000	-3894.43834113025
1214500	-3957.8842149968127
1215000	-4034.9210575194284
1215500	-4001.915115569787
1216000	-3997.0081196720635
1216500	-3875.0117891547316
1217000	-3836.138457700544
1217500	-3929.7218863118087
1218000	-4020.7492057653585
1218500	-3839.1996759005538
1219000	-3966.2582430627576
1219500	-3969.3634911093045
1220000	-4079.1653138212964
1220500	-3882.354005689895
1221000	-3988.1368163408206
1221500	-3969.330249898918
1222000	-3937.5109661412266
1222500	-4004.4118333215097
1223000	-4024.5766896163404
1223500	-3987.2177589342064
1224000	-4093.5658882127345
1224500	-3970.518822451872
1225000	-3941.8829568172646
1225500	-3999.113882523832
1226000	-3954.5342164451
1226500	-3914.993947935725
1227000	-3910.6875313617284
1227500	-3939.5737330820693
1228000	-3972.868697489712
1228500	-3902.5408524755803
1229000	-4085.4317944675286
1229500	-4070.523161869693
1230000	-3987.4178093736728
1230500	-3940.306858048963
1231000	-3949.3758436826133
1231500	-4004.0079087027702
1232000	-3988.3819716931753
1232500	-3993.015128944582
1233000	-3874.01746616511
1233500	-3880.6241456978687
1234000	-3890.0810868619437
1234500	-3963.2782294146036
1235000	-3888.715843971955
1235500	-3948.549742788745
1236000	-4007.7391296949404
1236500	-3869.960679300709
1237000	-4127.768104548132
1237500	-3928.1727533130456
1238000	-3913.991901471578
1238500	-3969.503715348478
1239000	-3946.255653354021
1239500	-3883.590913811488
1240000	-4038.649050251973
1240500	-3986.0758619108533
1241000	-3931.6648764366228
1241500	-3976.0621344654924
1242000	-4011.997370627274
1242500	-3939.9356756765287
1243000	-3978.2931994010014
1243500	-3937.826220868725
1244000	-3957.204010827516
1244500	-3954.703315870539
1245000	-4017.5438312962524
1245500	-4047.6244010403793
1246000	-4020.1941709171097
1246500	-4102.750992099802
1247000	-4050.603742599236
1247500	-3983.157171437679
1248000	-3962.394812152584
1248500	-4005.2495745281785
1249000	-3970.1654413155093
1249500	-3938.850856391359
1250000	-3988.5846909270576
1250500	-4041.1552863110646
1251000	-3906.5003309250087
1251500	-3918.498702408146
1252000	-4033.6517062795333
1252500	-4042.906550189759
1253000	-3987.9453180424043
1253500	-4006.093206034067
1254000	-3906.9119433296314
1254500	-3898.8347098776844
1255000	-4075.2182757403157
1255500	-3909.7254011047144
1256000	-3889.8587934959814
1256500	-3840.3077378132016
1257000	-3951.8558772768047
1257500	-3968.649276726128
1258000	-3883.9554918431404
1258500	-3986.654027512654
1259000	-4001.102218315965
1259500	-3991.771768880326
1260000	-4024.925512576112
1260500	-3993.1462103254426
1261000	-3908.625824422497
1261500	-3840.289158596197
1262000	-3936.691482141367
1262500	-3885.6806828278645
1263000	-3934.960095814194
1263500	-3923.0764374510577
1264000	-3944.7117821111315
1264500	-4005.627579511787
1265000	-3921.3072223848276
1265500	-3961.3798557601212
1266000	-3877.73750786542
1266500	-3878.1186768836806
1267000	-3935.5781727408194
1267500	-3920.4548189809625
1268000	-3863.957292963428
1268500	-3999.1796281364054
1269000	-4045.90799225799
1269500	-4018.015811811822
1270000	-3936.2712745988447
1270500	-4013.7887688083465
1271000	-3814.336646060963
1271500	-3858.4228365759245
1272000	-3876.754969779521
1272500	-3797.6939410347477
1273000	-3796.0198063711814
1273500	-3866.523666440928
1274000	-3866.0664760428053
1274500	-3915.6905585371433
1275000	-3838.733071812442
1275500	-3846.2993053807236
1276000	-3913.8505058954306
1276500	-3881.555610250708
1277000	-3923.0622480174993
1277500	-4001.1633521681
1278000	-3908.0083499263123
1278500	-3950.459969707092
1279000	-3882.179186768587
1279500	-3924.1134644520207
1280000	-3829.7568551516815
1280500	-3857.877850878441
1281000	-3874.646437597837
1281500	-3905.351329091456
1282000	-3867.8402518652338
1282500	-3930.41205524026
1283000	-3962.0742261057594
1283500	-3936.1100102022815
1284000	-4018.831223299243
1284500	-3950.6317969075517
1285000	-3921.9196416395025
1285500	-3783.995635037001
1286000	-3809.2158440187404
1286500	-3846.371471667541
1287000	-3840.2189169632893
1287500	-4101.707172255395
1288000	-4013.6577779032305
1288500	-4028.1596661053914
1289000	-3968.873930567403
1289500	-3908.6431662091395
1290000	-3879.657336118647
1290500	-3968.486228423765
1291000	-3955.2005349787137
1291500	-3851.28329804392
1292000	-3822.3779394141916
1292500	-3793.419525478223
1293000	-4029.402656306452
1293500	-3841.5877671894614
1294000	-3851.955961899868
1294500	-3880.1627935553033
1295000	-3923.0630764916345
1295500	-3915.2757653059643
1296000	-4000.343470286592
1296500	-3967.365199822205
1297000	-3877.0454240431654
1297500	-3845.397439966694
1298000	-3800.855207975346
1298500	-3884.989555364499
1299000	-3905.711463884419
1299500	-3899.8401521559126
1300000	-3937.3605495131437
1300500	-3832.057378196384
1301000	-3977.1092033607297
1301500	-3944.9649578788353
1302000	-3950.9545407636874
1302500	-3948.9226464929066
1303000	-3853.52700476164
1303500	-4037.824908341494
1304000	-4043.1045372433914
1304500	-3918.5959270802723
1305000	-3840.272909655507
1305500	-3771.9993211373817
1306000	-3893.708736268495
1306500	-3890.7540223160236
1307000	-3985.024513899079
1307500	-3975.564317345543
1308000	-4056.0438461180142
1308500	-3909.127911024541
1309000	-3913.3835947947023
1309500	-3821.5134732994493
1310000	-3846.0904368787888
1310500	-3733.7239503215487
1311000	-3803.306954494045
1311500	-3963.7474997680924
1312000	-3855.219492676998
1312500	-3842.3313054590585
1313000	-3890.270612691581
1313500	-3847.1007957957504
1314000	-3930.584641130155
1314500	-3987.0346979110645
1315000	-3957.5574058392694
1315500	-3885.3243246306947
1316000	-3944.032514761427
1316500	-3974.354286250281
1317000	-4007.897557770582
1317500	-3937.6236171012138
1318000	-3980.725017401799
1318500	-4060.230547099525
1319000	-3879.7196674491856
1319500	-3867.5524470476284
1320000	-3999.7943349599254
1320500	-3846.3655191303483
1321000	-3872.811078275035
1321500	-4034.8662842646786
1322000	-3977.9455198159385
1322500	-3835.8133874081564
1323000	-4005.9818229510784
1323500	-3846.760255849924
1324000	-3861.748914024538
1324500	-3887.298446360061
1325000	-3888.4964926619487
1325500	-3942.468639024522
1326000	-3725.8171413421896
1326500	-3795.81379432124
1327000	-3816.588961225134
1327500	-3775.2129665435837
1328000	-3888.424588902694
1328500	-3922.6059067249103
1329000	-3897.261634483979
1329500	-3823.600180774585
1330000	-3974.6754185955438
1330500	-3982.862278133958
1331000	-3971.4875994675913
1331500	-4164.02926058519
1332000	-3981.8757512578004
1332500	-3952.8698977143686
1333000	-3984.3078605813575
1333500	-3907.6059456612365
1334000	-3761.9191155657445
1334500	-3827.4150966063694
1335000	-3800.727221930468
1335500	-3816.992594968903
1336000	-3856.441798179517
1336500	-3840.7186845172055
1337000	-3893.8424361852076
1337500	-3860.29643327134
1338000	-3873.273484523008
1338500	-3959.789620844449
1339000	-3906.8573556480246
1339500	-3943.6220060580918
1340000	-3823.497302383955
1340500	-3898.963010226571
1341000	-3756.1924289217086
1341500	-3841.1840455017486
1342000	-3902.4474293551957
1342500	-3972.682549902874
1343000	-3980.456472869081
1343500	-4025.371584680461
1344000	-3894.803836831032
1344500	-3906.408263066367
1345000	-3821.752299521096
1345500	-3841.0727066633026
1346000	-3797.3066807472665
1346500	-3961.7829170637474
1347000	-4025.1686269339434
1347500	-3939.5902050940363
1348000	-3903.5167053402442
1348500	-4167.402672545872
1349000	-3874.5767564200314
1349500	-3933.742350626112
1350000	-3881.099619650169
1350500	-4135.884203007092
1351000	-3923.3969159196154
1351500	-3907.9590580524796
1352000	-3858.583405149219
1352500	-3986.729062830814
1353000	-3955.1337586787677
1353500	-3921.9693450933896
1354000	-3860.5382654210534
1354500	-3897.6174609744967
1355000	-3874.6261395315323
1355500	-3757.203491913186
1356000	-3890.483577179598
1356500	-3772.624775913541
1357000	-3803.003801819268
1357500	-3954.399452621735
1358000	-3859.7983172747977
1358500	-3829.5905464603675
1359000	-3858.0587385173258
1359500	-3948.4828338249836
1360000	-3861.1204217994687
1360500	-3962.006833201985
1361000	-3792.7273789748688
1361500	-3950.5022723585007
1362000	-3980.122177648128
1362500	-3959.113200668181
1363000	-4060.359122535501
1363500	-3886.9114859874226
1364000	-3922.5292242392834
1364500	-3929.737676244667
1365000	-4060.9985925039427
1365500	-3995.6090445323143
1366000	-3931.913637660128
1366500	-4018.666943255962
1367000	-3965.7410013494523
1367500	-3961.00422183185
1368000	-3905.0542356249794
1368500	-4025.758327436819
1369000	-3848.7578350854237
1369500	-3902.6642512474996
1370000	-3873.2611706861817
1370500	-4106.741515690886
1371000	-3978.32127991167
1371500	-3937.136205868419
1372000	-3950.8983087159368
1372500	-3953.480947408909
1373000	-3915.6410444708026
1373500	-3947.921543122571
1374000	-3900.927152724241
1374500	-3907.008758899417
1375000	-3883.3199181359387
1375500	-3915.429648444941
1376000	-3859.366552675641
1376500	-3970.584804889303
1377000	-3912.4162989569204
1377500	-3944.783418668239
1378000	-3853.763520524568
1378500	-4008.604544052951
1379000	-3946.199514149267
1379500	-3906.949717304967
1380000	-3894.939505098327
1380500	-3893.403018063441
1381000	-3885.2715477955076
1381500	-3800.968296054608
1382000	-3870.1482991788453
1382500	-3994.0708062387903
1383000	-3973.062971722482
1383500	-3998.3729415324483
1384000	-3922.233547023381
1384500	-3989.1830450487305
1385000	-3805.727342994359
1385500	-3873.6256179393354
1386000	-4017.4953143490934
1386500	-3876.795874583466
1387000	-3970.411588990612
1387500	-3932.4131784339465
1388000	-3997.6057658738555
1388500	-3924.3920717976416
1389000	-4198.3077836252705
1389500	-4075.2656393050615
1390000	-3972.044877939379
1390500	-3930.674447973258
1391000	-4044.283074241717
1391500	-3803.510690496129
1392000	-3922.1405356356827
1392500	-3860.452867062154
1393000	-3870.0555804616642
1393500	-3769.8059054187565
1394000	-3851.1032825430107
1394500	-3992.242477567075
1395000	-4034.822613949716
1395500	-4130.737857303955
1396000	-4067.1267817002195
1396500	-3967.1673161073536
1397000	-3820.485213312491
1397500	-3842.275199651608
1398000	-3895.8329204383494
1398500	-3892.234216894341
1399000	-3904.4848650129393
1399500	-4004.725143209703
1400000	-3816.630290867734
1400500	-3897.100824702254
1401000	-3859.429930757281
1401500	-4059.657797455068
1402000	-3793.1955729232614
1402500	-3863.260984220496
1403000	-3767.952632502739
1403500	-3893.7211215676557
1404000	-3997.382014498543
1404500	-3885.402253334026
1405000	-3848.688766191311
1405500	-3862.2599054777966
1406000	-4018.616050913127
1406500	-3882.090916550147
1407000	-3943.1091993014015
1407500	-3757.40399608217
1408000	-3773.5290163134305
1408500	-3706.5027192819252
1409000	-3773.4984328185924
1409500	-3800.166888004085
1410000	-3861.165362326643
1410500	-3992.3900263491705
1411000	-3958.722540212934
1411500	-3982.569514852757
1412000	-3844.234533569468
1412500	-3849.9459452525825
1413000	-3853.719698769525
1413500	-3962.206771375733
1414000	-3907.158185085424
1414500	-3981.847943911363
1415000	-3919.394020940523
1415500	-3775.027680632497
1416000	-3920.4297183871513
1416500	-3849.2798889319383
1417000	-3766.462065829838
1417500	-3877.540675206452
1418000	-3964.865350370166
1418500	-3714.515635554539
1419000	-3856.020897408143
1419500	-4020.594925578066
1420000	-3805.5264939382623
1420500	-4033.2735193578455
1421000	-4055.8588880534894
1421500	-4035.515009189957
1422000	-4051.250931507273
1422500	-3908.8306229920026
1423000	-4070.333622401962
1423500	-4048.9047590109512
1424000	-4004.8778160429733
1424500	-4066.4836972928097
1425000	-3817.587825075192
1425500	-3916.626677844322
1426000	-3916.944323470121
1426500	-3904.6334602608204
1427000	-3888.81020867628
1427500	-3870.3663224885418
1428000	-3896.937416461189
1428500	-3814.629904165518
1429000	-3923.071498660545
1429500	-3765.091041846172
1430000	-3881.148604655008
1430500	-3754.8456782993817
1431000	-3879.4549496808127
1431500	-3850.8919950006766
1432000	-3868.961364840393
1432500	-4011.250532595865
1433000	-3816.2262015040387
1433500	-4072.4709445617336
1434000	-3891.2177629195653
1434500	-3939.3925763796206
1435000	-3918.4983877336526
1435500	-4069.379557511101
1436000	-3983.3674739818266
1436500	-3845.0023490521244
1437000	-3882.764215798209
1437500	-3987.8657671025885
1438000	-3949.506109269729
1438500	-3882.7987798920667
1439000	-3767.0818091274646
1439500	-3659.5928434708303
1440000	-3798.1857356553533
1440500	-3724.443229937519
1441000	-3753.953307128695
1441500	-3769.7912480382565
1442000	-3856.938656909207
1442500	-3875.629489513198
1443000	-3896.6061636984905
1443500	-3857.875553140865
1444000	-3825.414893728744
1444500	-3932.490064098847
1445000	-3701.119996345419
1445500	-3739.2051769706086
1446000	-3849.0864488222655
1446500	-3756.6422415695297
1447000	-3699.2494743698903
1447500	-3734.0252511702042
1448000	-3880.1421339985914
1448500	-3873.2409321538157
1449000	-3978.0341495292796
1449500	-3845.925254312284
1450000	-3791.868093479522
1450500	-3879.406372282163
1451000	-3863.017129453049
1451500	-4038.0504346118805
1452000	-3837.7407025334883
1452500	-3918.074588194732
1453000	-3872.8931473045996
1453500	-3896.126663933179
1454000	-3972.9724892973118
1454500	-3891.235806636876
1455000	-3860.6105873038987
1455500	-3754.0874750063604
1456000	-3843.558486240777
1456500	-3932.618483426745
1457000	-3903.2326374524064
1457500	-4153.320113402184
1458000	-3992.8331285419586
1458500	-3971.7823895803285
1459000	-3859.1999166383
1459500	-3882.347235643091
1460000	-3994.1612796084933
1460500	-3851.775819944912
1461000	-3873.7212695151698
1461500	-3880.043304173539
1462000	-3968.6654538441235
1462500	-3939.7928464673228
1463000	-3811.8779609260996
1463500	-3754.0696833600155
1464000	-3843.624504412929
1464500	-3962.0982176734606
1465000	-3972.7297061751774
1465500	-3976.035947634365
1466000	-3926.0320056073215
1466500	-4073.262210535214
1467000	-3971.885980257063
1467500	-3976.148501515322
1468000	-3925.159876910552
1468500	-3807.767096314469
1469000	-3892.419321281358
1469500	-4002.868767083062
1470000	-3994.5665549313917
1470500	-3915.499089025506
1471000	-3789.58349272081
1471500	-3792.412472924075
1472000	-3915.2762283234724
1472500	-3883.1030285087927
1473000	-3896.4004161631606
1473500	-3917.638476642119
1474000	-3761.221805746957
1474500	-3866.9575912416326
1475000	-3947.0330422900793
1475500	-3815.5931993563777
1476000	-3807.865418976288
1476500	-4009.185366042647
1477000	-3947.1927357180043
1477500	-4017.4448848353322
1478000	-3942.5579242512636
1478500	-3821.9607270358256
1479000	-3880.5168173826237
1479500	-3806.8446601449314
1480000	-3928.227717952269
1480500	-3912.1677574176306
1481000	-3845.1838154417674
1481500	-3904.8460892790663
1482000	-4037.196484668296
1482500	-4114.338464489392
1483000	-3967.088308218066
1483500	-4085.904351475768
1484000	-3917.0960008156485
1484500	-3858.950932711182
1485000	-3697.370828285635
1485500	-3909.411424249415
1486000	-4064.2507706649976
1486500	-4077.782530330689
1487000	-3974.1826939364223
1487500	-4047.695921500295
1488000	-3907.6064547013902
1488500	-3846.450558480578
1489000	-3943.2662480469307
1489500	-4051.033240549761
1490000	-4139.931939467162
1490500	-3908.8637542331294
1491000	-4018.8375305674476
1491500	-4029.1041562831533
1492000	-3951.0075792368243
1492500	-3878.1816388695343
1493000	-3823.0631192504625
1493500	-3787.7935613066015
1494000	-4043.806177344278
1494500	-3835.2270119472096
1495000	-3767.8365697163185
1495500	-3893.602090676804
1496000	-3892.9621426917206
1496500	-3968.2833879743253
1497000	-3832.652452078806
1497500	-3984.7386731360957
1498000	-3769.140209260613
1498500	-3803.9107987264424
1499000	-3861.462287063161
1499500	-3919.9097217006347
1500000	-3860.691410371261
