Sample	likelihood
0	-3733.3563361174306
500	-3809.120834453895
1000	-3834.019602751857
1500	-3900.877142573539
2000	-3771.24697193628
2500	-3800.911938240216
3000	-3865.0607006476353
3500	-3780.19571095589
4000	-3744.1326747480375
4500	-3777.278673978159
5000	-3772.7446992007303
5500	-3798.4235064178743
6000	-3912.5158784734595
6500	-3793.6551675600545
7000	-3744.719421855938
7500	-3764.59631738707
8000	-3734.1337274523216
8500	-3712.5144851480663
9000	-3720.2238133511273
9500	-3657.47433423879
10000	-3803.5675614045376
10500	-3771.6689015983707
11000	-3830.0102853558674
11500	-3888.434631575158
12000	-3809.9168848476425
12500	-3800.228590920264
13000	-3842.125908853104
13500	-3803.3751379987984
14000	-3775.9241830296974
14500	-3824.193588048121
15000	-3841.5174121988866
15500	-3722.521803730454
16000	-3826.8312102375403
16500	-3791.3485403890268
17000	-3726.8685114471104
17500	-3721.044588260348
18000	-3723.0448821125665
18500	-3752.418448407902
19000	-3918.889617186578
19500	-3749.204723113967
20000	-3807.9111543747727
20500	-3958.682053971344
21000	-3883.771221453283
21500	-3917.0074029785505
22000	-3920.634210328326
22500	-3951.6010841807324
23000	-3929.2934566704953
23500	-3891.1130982145587
24000	-3919.583392731485
24500	-3871.0220518033157
25000	-3790.3698616483002
25500	-3756.5966261662975
26000	-3932.122510137775
26500	-3914.16005415567
27000	-3935.659138143733
27500	-3868.1775589629788
28000	-3869.763132986482
28500	-3950.39757035038
29000	-3902.023291094504
29500	-3883.2848346712094
30000	-3919.076873960073
30500	-3872.8597359182495
31000	-3754.6110396524577
31500	-3866.661393571317
32000	-3874.332151043657
32500	-3878.941754106343
33000	-3848.0777934855732
33500	-3871.086538245957
34000	-3879.8021259242046
34500	-3885.913336781305
35000	-3936.4296687107208
35500	-3886.6795412505608
36000	-3850.3328493574336
36500	-3973.4835854917037
37000	-3909.374676172105
37500	-3941.5948812613574
38000	-3886.2652674593974
38500	-3886.515156753769
39000	-3789.4219394262186
39500	-3797.9016661573814
40000	-3856.76950816833
40500	-3839.126920031936
41000	-3764.1332631375653
41500	-3837.1740033061483
42000	-3747.7046212442924
42500	-3804.6742797187508
43000	-3876.0838500688283
43500	-3829.680887249945
44000	-3854.087536422555
44500	-3826.3592943430704
45000	-3791.151618324297
45500	-3751.2195562798306
46000	-3846.186264724572
46500	-3826.799754302013
47000	-3825.5938512171724
47500	-3869.110077346215
48000	-3932.0479087264494
48500	-3831.175806510699
49000	-3859.519913789121
49500	-3902.1304088616357
50000	-3827.1613292701236
50500	-3812.970385626276
51000	-3862.97836534438
51500	-3888.164143613734
52000	-3836.1412942123566
52500	-3825.7778800491355
53000	-3912.7501971837505
53500	-3831.995476302765
54000	-3821.623596643367
54500	-3757.2188763127733
55000	-3791.222038103063
55500	-3758.524611047112
56000	-3745.9538390640737
56500	-3790.831074773074
57000	-3718.90388860628
57500	-3766.3130959027108
58000	-3711.424742218423
58500	-3780.3956499239816
59000	-3885.0305166805565
59500	-3812.251444142037
60000	-3824.27438128856
60500	-3783.068918095297
61000	-3896.201743839115
61500	-3798.062964514337
62000	-3798.0473765402157
62500	-3892.9754928695224
63000	-3772.8936449163043
63500	-3748.076282463782
64000	-3785.8742706445923
64500	-3701.815160940951
65000	-3738.053156508685
65500	-3706.714868114844
66000	-3764.6127055973257
66500	-3870.8307739577886
67000	-3839.7830056946927
67500	-3835.9849496786624
68000	-3807.3021234574435
68500	-3928.6971419232696
69000	-3797.210124468449
69500	-3797.150676006669
70000	-3779.149039112437
70500	-3812.90548816175
71000	-3839.8260143048424
71500	-3874.549356599105
72000	-3786.115055492752
72500	-3766.0266352752637
73000	-3739.132322910299
73500	-3902.368576052744
74000	-3869.8272939791896
74500	-3861.266326229482
75000	-3901.3581039390465
75500	-3837.683178978997
76000	-3840.630495971448
76500	-3783.883093144482
77000	-3808.1112470273024
77500	-3739.2023578223957
78000	-3837.781610564986
78500	-3834.4468177349595
79000	-3721.0618925803246
79500	-3944.864401793262
80000	-3802.4877020810586
80500	-3693.0321644733312
81000	-3847.4605729433392
81500	-3776.7776337133887
82000	-3810.098864574992
82500	-3875.028680032021
83000	-3805.980163310074
83500	-3894.443443460702
84000	-3874.4105095133773
84500	-3829.8551682620973
85000	-3880.794188779875
85500	-3879.728631586989
86000	-3913.0230127187115
86500	-3859.701421721652
87000	-3846.3961825968363
87500	-3939.525116978284
88000	-3878.0172923037085
88500	-3859.4533329721794
89000	-4048.628651307377
89500	-3915.2183065822155
90000	-3937.427909585086
90500	-3912.024829030236
91000	-3806.8504451935733
91500	-3839.339163742932
92000	-3836.3531270384533
92500	-3774.1300093704476
93000	-3755.9350897889112
93500	-3942.157505147147
94000	-3795.389670845182
94500	-3826.4241264550205
95000	-3748.669921111601
95500	-3841.4659037111223
96000	-3789.1716616504004
96500	-3802.3094169597302
97000	-3806.1291644769685
97500	-3793.4055077732064
98000	-3803.9917294471647
98500	-3767.3798708214094
99000	-3870.5536065463443
99500	-3861.380925160372
100000	-3832.9282753895855
100500	-3825.4543473767226
101000	-3830.2330676177726
101500	-3885.584795806495
102000	-3869.001892483317
102500	-4045.8592087679417
103000	-3834.730446002815
103500	-3840.4543581184603
104000	-3882.2140453797056
104500	-3828.340130567922
105000	-3834.6097536366733
105500	-3866.929683160766
106000	-3728.94060732747
106500	-3758.008798342686
107000	-3721.606418093257
107500	-3743.1548528642525
108000	-3804.8494010705394
108500	-3770.0469785517016
109000	-3879.6367458799677
109500	-3832.047916992004
110000	-3835.466508760491
110500	-3944.7569471078687
111000	-3892.063555579173
111500	-3756.0196222470645
112000	-3810.7484208797846
112500	-3723.6609745695214
113000	-3730.0491993029923
113500	-3669.596675054639
114000	-3761.9295834353043
114500	-3699.514063389172
115000	-3711.482410101677
115500	-3823.4166278937837
116000	-3792.042723333429
116500	-3796.1329229879093
117000	-3765.6984786022267
117500	-3777.682665349523
118000	-3855.3659364786367
118500	-3895.3865403450086
119000	-3878.2743324119497
119500	-3860.8012214276414
120000	-3728.0216961865344
120500	-3796.752675088671
121000	-3767.680608568532
121500	-3898.7681863056923
122000	-3733.9440406637186
122500	-3798.819605238158
123000	-3753.410613580156
123500	-3712.2497734512867
124000	-3676.278012886199
124500	-3710.5639149347944
125000	-3770.04196423167
125500	-3781.1363598896055
126000	-3784.3063746035323
126500	-3842.102807194636
127000	-3972.080306049121
127500	-3946.5183640951277
128000	-3771.498364846449
128500	-3779.5099254208008
129000	-3801.5824123366565
129500	-3724.5798570679535
130000	-3672.930876756326
130500	-3861.7215260184093
131000	-3800.4120582007263
131500	-3850.108141105105
132000	-3937.1147360797345
132500	-3921.0993102891453
133000	-3824.970340619227
133500	-3861.9595950463945
134000	-3746.985671856329
134500	-3816.1842728832275
135000	-3714.4894850975743
135500	-3766.7991006485163
136000	-3851.657841775114
136500	-3668.9952151342873
137000	-3701.737393112237
137500	-3816.671195872515
138000	-3817.8985542128635
138500	-3701.3830653456234
139000	-3713.8246329014078
139500	-3835.751702014894
140000	-3792.336772144611
140500	-3920.8951247557734
141000	-3827.946937015238
141500	-3823.603629430824
142000	-3901.8383687816163
142500	-3791.2203749130827
143000	-3836.240291692814
143500	-3775.5575162794735
144000	-3812.5418219513895
144500	-3860.2743181484184
145000	-3829.2360312041633
145500	-3847.3365448737623
146000	-3841.9662741405104
146500	-3859.202493888417
147000	-3804.162365898849
147500	-3841.254310216226
148000	-3798.884115809871
148500	-3793.4153920996605
149000	-3767.635537932346
149500	-3737.448874837604
150000	-3724.528957391363
150500	-3759.171709160383
151000	-3793.188432264379
151500	-3778.732377568281
152000	-3645.585074303613
152500	-3683.7840128314456
153000	-3695.667640534004
153500	-3669.812666394709
154000	-3809.5970328062112
154500	-3924.0228843446284
155000	-3805.409965756361
155500	-3851.1124453622992
156000	-3943.286692899876
156500	-3839.4307013288126
157000	-3777.992319514797
157500	-3810.7067364710088
158000	-3802.033113762433
158500	-3816.0152940089565
159000	-4038.26242033278
159500	-3934.1342976254828
160000	-4057.3619051143432
160500	-4012.4899727070174
161000	-3914.4663607989146
161500	-3862.161623332166
162000	-3663.3428747918156
162500	-3651.1164684970595
163000	-3794.3218849029145
163500	-3812.829590524199
164000	-3750.3543507282884
164500	-3851.785863885021
165000	-3754.0571260416177
165500	-3745.4351120229962
166000	-3690.2100097579973
166500	-3667.1713423809647
167000	-3817.390743115951
167500	-3868.9276143872316
168000	-3829.29613083691
168500	-3751.2093534524697
169000	-3780.634913165199
169500	-3659.468080253339
170000	-3708.4241970096396
170500	-3715.058997331611
171000	-3750.788598836725
171500	-3823.8519172970905
172000	-3859.3810880191218
172500	-3872.9142162322746
173000	-3882.616119389841
173500	-3879.1117304633594
174000	-3817.9073802187904
174500	-3767.8287565230253
175000	-3690.154720138964
175500	-3839.740011227273
176000	-3808.1775872727294
176500	-3694.382269466202
177000	-3681.450041611467
177500	-3752.1174335380724
178000	-3719.6037679124793
178500	-3796.867068590309
179000	-3753.2569362790264
179500	-3720.6100518064277
180000	-3741.8324080888688
180500	-3651.916051203866
181000	-3684.5471031591483
181500	-3682.27848472106
182000	-3800.9984136013227
182500	-3783.080583077898
183000	-3841.5291037172433
183500	-3840.8273043019
184000	-3803.5085346557366
184500	-3882.0040179018274
185000	-3662.117287262499
185500	-3714.429540822176
186000	-3706.739111215006
186500	-3842.216676949173
187000	-3771.925239219496
187500	-3731.6037982232847
188000	-3800.478535857862
188500	-3681.400556474183
189000	-3749.5873402959837
189500	-3671.615749021538
190000	-3823.7540799408534
190500	-3624.3906546833227
191000	-3723.3826670305134
191500	-3672.1554790251857
192000	-3787.86875559601
192500	-3649.579109589328
193000	-3586.358555566524
193500	-3614.03942505301
194000	-3682.3216661292495
194500	-3876.9012058827225
195000	-3678.026284639487
195500	-3781.325137220326
196000	-3804.246870397749
196500	-3710.470800531338
197000	-3780.607191447615
197500	-3785.343710520983
198000	-3838.200075257731
198500	-3867.693379951895
199000	-3771.014678025355
199500	-3827.4248911883537
200000	-3811.8423333353885
200500	-3809.7991194518
201000	-3822.5026987948413
201500	-3748.7451069649487
202000	-3655.036506627194
202500	-3662.3903615042095
203000	-3642.9305420414225
203500	-3641.1325945072276
204000	-3692.0027530472016
204500	-3677.4975185322305
205000	-3707.028767855085
205500	-3714.609251118893
206000	-3745.4425780623906
206500	-3724.5054408391047
207000	-3733.4683594302887
207500	-3675.9792189022664
208000	-3682.7260272648664
208500	-3703.032190225372
209000	-3712.503977112499
209500	-3763.284415953877
210000	-3741.159209122195
210500	-3816.7036704738725
211000	-3821.0048959291075
211500	-3849.4405245117578
212000	-3752.592755625265
212500	-3929.864340208355
213000	-3850.0787736990465
213500	-3865.115800637805
214000	-3904.9044087535926
214500	-3903.671825863971
215000	-3905.5638513183094
215500	-3930.9608203915695
216000	-3954.7600130413202
216500	-3875.6980829331
217000	-3876.1393089749295
217500	-4008.2123682141864
218000	-3827.379728647936
218500	-3843.5258818027833
219000	-3791.0378958951364
219500	-3898.6416504126364
220000	-3800.9542269009576
220500	-3858.2357138507036
221000	-3868.604986357115
221500	-3848.7799276437327
222000	-3864.0359828033033
222500	-3796.22998714224
223000	-3690.0797793226907
223500	-3725.713998766264
224000	-3676.4071545842025
224500	-3688.471209921117
225000	-3639.667110556525
225500	-3684.6571414984455
226000	-3768.4323766973007
226500	-3731.671621906865
227000	-3797.929883784778
227500	-3710.029485044315
228000	-3733.8033042113248
228500	-3739.2415892474373
229000	-3739.2993772831555
229500	-3702.519065334359
230000	-3858.2987987333736
230500	-3790.2518962964455
231000	-3748.3026121773805
231500	-3703.4311652362626
232000	-3743.093142514317
232500	-3665.162142441716
233000	-3915.9996611751844
233500	-3926.858593508759
234000	-3880.321063829906
234500	-3804.2425207203833
235000	-3895.8933806353007
235500	-3910.7825462147152
236000	-3739.931250327973
236500	-3780.0627088960387
237000	-3718.666881376112
237500	-3614.714744964306
238000	-3708.8748475617954
238500	-3761.361535980924
239000	-3771.745301761714
239500	-3687.906719423278
240000	-3743.545449680492
240500	-3589.239239383271
241000	-3663.8632092557123
241500	-3739.6601611633937
242000	-3877.083552905947
242500	-3636.8410092811564
243000	-3705.8595996018066
243500	-3755.6077303196157
244000	-3803.106054992774
244500	-3807.6727854584165
245000	-3747.35881252144
245500	-3770.9706724850757
246000	-3768.5783761767534
246500	-3728.0073621848096
247000	-3762.298886491807
247500	-3691.6612486801646
248000	-3805.455291927724
248500	-3775.824332546563
249000	-3796.833814096879
249500	-3619.2466899176297
250000	-3720.98425061941
250500	-3786.011158956462
251000	-3753.1697115668367
251500	-3767.5673270696925
252000	-3670.746136594693
252500	-3756.6216979268675
253000	-3728.9520223140175
253500	-3690.2916587554423
254000	-3687.546860915664
254500	-3653.830995319586
255000	-3738.8205796120583
255500	-3822.04168952139
256000	-3759.818790380781
256500	-3732.415707897518
257000	-3704.0478554252463
257500	-3722.809902588624
258000	-3937.5274986308177
258500	-4013.4933718380953
259000	-3733.175843019347
259500	-3705.5190613491022
260000	-3753.0189711061757
260500	-3806.787706237096
261000	-3793.5915549997935
261500	-3789.304087755516
262000	-3842.236183784685
262500	-3714.7365219423373
263000	-3898.4998699841735
263500	-3667.1300540876405
264000	-3793.06129768867
264500	-3854.411224894997
265000	-3776.7673883920384
265500	-4014.4516092662907
266000	-3965.723098326249
266500	-3698.906384190252
267000	-3805.8715551449372
267500	-3839.568195501649
268000	-3873.5070957671956
268500	-3905.6990730439643
269000	-3905.8434450123073
269500	-3841.6617180043922
270000	-3869.7287608623037
270500	-3881.5111769887026
271000	-3852.2180746097297
271500	-3886.973687713221
272000	-3728.3036124765126
272500	-3797.234897229655
273000	-3819.2548491438097
273500	-3800.1019409067894
274000	-3726.474400185781
274500	-3795.1530888415055
275000	-3819.2444987144827
275500	-3835.3021552346236
276000	-3808.5620391960183
276500	-3865.756133915166
277000	-3778.7518770552915
277500	-3892.000812703533
278000	-3856.1723326966794
278500	-3873.4946324700386
279000	-3898.7509711572507
279500	-3816.1031817241487
280000	-3799.120090654518
280500	-3814.568288570905
281000	-3764.7689103598336
281500	-3808.711180997404
282000	-3808.843964161647
282500	-3758.3316050330554
283000	-3871.3576455547823
283500	-3890.1594863704904
284000	-3852.70492649564
284500	-3905.4457689841474
285000	-3942.817187797928
285500	-3742.4445548728577
286000	-3814.595299998416
286500	-3795.9608298695057
287000	-3836.7658957187077
287500	-3791.037786275859
288000	-3885.5733914186458
288500	-3905.0149977301676
289000	-3821.8422836143413
289500	-3858.73054934055
290000	-3859.6658986233074
290500	-3866.8658633612313
291000	-3870.2748019299065
291500	-3840.8201805331832
292000	-3856.354960795443
292500	-3779.810139291186
293000	-3776.6005778141316
293500	-3807.2987396314543
294000	-3788.057158425262
294500	-3741.430967984015
295000	-3591.3350152374205
295500	-3628.0645809810076
296000	-3639.809582584112
296500	-3769.561821807627
297000	-3707.1520531400934
297500	-3679.811034226032
298000	-3632.9270406672226
298500	-3643.9819100276836
299000	-3600.4916142093603
299500	-3713.1503412368074
300000	-3696.966635800811
300500	-3748.7149779857396
301000	-3764.967979485781
301500	-3781.241716646001
302000	-3750.5510353996324
302500	-3708.292167654338
303000	-3726.2197554661416
303500	-3670.796912219029
304000	-3798.3001963868624
304500	-3808.287008007895
305000	-3728.7821578795456
305500	-3665.943069189076
306000	-3825.9269049828517
306500	-3728.967204207415
307000	-3757.0766984870556
307500	-3855.750109297121
308000	-3762.250567862247
308500	-3742.2822144793518
309000	-3665.109909942301
309500	-3707.9177899021884
310000	-3784.1492905209525
310500	-3822.9951229606277
311000	-3834.4045951213293
311500	-3936.7499346540467
312000	-3840.22758150436
312500	-3782.0593664510716
313000	-3756.6503190355133
313500	-3693.492823964486
314000	-3785.415782935947
314500	-3692.18649255697
315000	-3746.171077495144
315500	-3745.5819838104608
316000	-3798.1685408772037
316500	-3765.906989325088
317000	-3687.6833597042555
317500	-3832.542347319006
318000	-3756.698211749057
318500	-3843.8198296059827
319000	-3805.070642427442
319500	-3713.2066009789733
320000	-3723.362077282808
320500	-3687.951970565866
321000	-3681.97237285844
321500	-3639.012300379866
322000	-3742.8445522333113
322500	-3707.9253169253752
323000	-3742.765592630188
323500	-3727.270704013969
324000	-3736.191181856584
324500	-3670.7363716668815
325000	-3750.3473520092434
325500	-3670.039795136827
326000	-3700.2758696521983
326500	-3763.4133097799286
327000	-3751.546387946339
327500	-3823.903869540131
328000	-3747.0717719612207
328500	-3645.4754903149014
329000	-3694.363387069639
329500	-3716.9656435989214
330000	-3726.247242680876
330500	-3731.862336179543
331000	-3672.4073984768825
331500	-3612.8377096084096
332000	-3774.990088177869
332500	-3652.734806574667
333000	-3703.078580840953
333500	-3746.9020425329877
334000	-3585.437302861554
334500	-3645.7261629198492
335000	-3700.568814194837
335500	-3635.2140429098004
336000	-3670.1830321283364
336500	-3647.5715603632902
337000	-3818.9796696705594
337500	-3852.3179945491497
338000	-3765.865150716067
338500	-3680.319177945037
339000	-3749.2361056253035
339500	-3732.7859931243993
340000	-3765.8406411103833
340500	-3775.7461558726172
341000	-3792.091216000329
341500	-3793.5111957090876
342000	-3787.6437988823072
342500	-3955.802006297077
343000	-3858.495025395023
343500	-3768.4009609596524
344000	-3852.18040127413
344500	-3761.2444515403763
345000	-3753.2357103821278
345500	-3870.209476229718
346000	-3799.5769526227377
346500	-3973.7326231411216
347000	-3762.07299769734
347500	-3893.772701995073
348000	-3833.37424330059
348500	-3871.696007572581
349000	-3735.4132307513496
349500	-3891.522569323881
350000	-3836.257319318371
350500	-3829.43710378148
351000	-3791.8800953885043
351500	-3855.0834706571877
352000	-3771.269665843169
352500	-3825.2582624656707
353000	-3854.215843423044
353500	-3814.9939705506577
354000	-3742.4179513195545
354500	-3722.5213484809683
355000	-3824.2819168529522
355500	-3759.6737265865404
356000	-3833.657088322605
356500	-3802.8226296642997
357000	-3683.771741867248
357500	-3739.681827298415
358000	-3831.7150111204683
358500	-3784.008279600815
359000	-3783.365875531669
359500	-3657.1322845062546
360000	-3673.950197236401
360500	-3712.6458097117848
361000	-3769.51388124925
361500	-3649.6794109636585
362000	-3715.5080391241277
362500	-3783.6386346951003
363000	-3757.343865858725
363500	-3844.7960960360524
364000	-3710.0814993997274
364500	-3700.04151519656
365000	-3713.5021217270432
365500	-3730.8118287554
366000	-3774.1928783282046
366500	-3691.368765834958
367000	-3809.0280349281957
367500	-3738.89414304173
368000	-3823.017443947246
368500	-3726.952749219849
369000	-3713.492396500816
369500	-3781.452640324705
370000	-3806.5160715024085
370500	-3805.1828167785825
371000	-3779.063366044801
371500	-3834.234902112638
372000	-3799.2630275548386
372500	-3776.8859965367847
373000	-3794.876333271275
373500	-3736.5915811580744
374000	-3821.763982640263
374500	-3801.485727922486
375000	-3772.023598294449
375500	-3767.817205668811
376000	-3804.1323641934455
376500	-3900.515749105253
377000	-3772.771820869592
377500	-3672.0433966967425
378000	-3713.352525915884
378500	-3778.4578694936818
379000	-3721.782951422207
379500	-3837.6711196848505
380000	-3860.0993922567372
380500	-3745.395502949254
381000	-3670.5207115950757
381500	-3749.5789453094044
382000	-3820.6741303116646
382500	-3718.315870966013
383000	-3790.3411262539385
383500	-3771.437527247406
384000	-3706.46155783967
384500	-3748.1767427348664
385000	-3780.360615802116
385500	-3727.2397758665425
386000	-3719.2635377248907
386500	-3784.3896613242587
387000	-3733.7219369147947
387500	-3612.3673597679926
388000	-3568.114780611443
388500	-3763.8124247367773
389000	-3625.8345562412055
389500	-3615.635761593595
390000	-3627.311283660491
390500	-3590.9987746244174
391000	-3613.9227229160992
391500	-3767.7268228395596
392000	-3849.132756173308
392500	-3707.2285531904913
393000	-3686.724964224469
393500	-3873.882512642637
394000	-3716.1213798654376
394500	-3697.765267234466
395000	-3685.1083062076264
395500	-3739.6280598300605
396000	-3753.4952509583163
396500	-3714.6077623430783
397000	-3748.139838479254
397500	-3858.1359618246993
398000	-3785.0896275186687
398500	-3891.0958405701267
399000	-3704.75767947956
399500	-3788.1277832519236
400000	-3712.8943728183117
400500	-3868.007896625323
401000	-3692.4577318833744
401500	-3807.624306330081
402000	-3838.8259122999366
402500	-3759.0349734092574
403000	-3787.5012001932605
403500	-3763.952554960533
404000	-3729.9154909413296
404500	-3709.5939391533525
405000	-3744.919083528363
405500	-3659.048562548199
406000	-3688.3780429056355
406500	-3793.4362307133088
407000	-3918.269725348249
407500	-3887.472688281636
408000	-3731.693767730296
408500	-3804.627380383636
409000	-3852.2174493614266
409500	-3829.473122370726
410000	-3790.3839029802784
410500	-3675.9095505553523
411000	-3808.3255387851827
411500	-3756.639553056867
412000	-3886.7531465472794
412500	-3723.7751204830092
413000	-3791.824321882088
413500	-3596.213103855607
414000	-3690.751582205676
414500	-3696.1099567067267
415000	-3621.6740361381985
415500	-3637.495928015299
416000	-3709.405876694318
416500	-3760.0421628770355
417000	-3736.2084356362448
417500	-3765.5069091021473
418000	-3846.2353316140498
418500	-3748.3181657645728
419000	-3654.735179073217
419500	-3659.684145403333
420000	-3722.094421466683
420500	-3814.9478138532995
421000	-3655.0637651775924
421500	-3728.7061979079135
422000	-3669.788650516011
422500	-3676.851399180617
423000	-3667.6475750670675
423500	-3731.780485841271
424000	-3847.7669501105916
424500	-3856.9772826863527
425000	-3782.1777338878173
425500	-3825.9355038294593
426000	-3759.365272948781
426500	-3739.846712302839
427000	-3718.4825821244026
427500	-3790.173722706465
428000	-3726.1746763635383
428500	-3816.7579419861327
429000	-3843.7895507042194
429500	-3784.194520211878
430000	-3759.6537362287845
430500	-3789.4712235119277
431000	-3790.9961530143864
431500	-3767.8426333851694
432000	-3806.246254377773
432500	-3788.8982212531255
433000	-3788.300849557883
433500	-3746.47277702696
434000	-3754.3094593668475
434500	-3676.703252452246
435000	-3710.799100834272
435500	-3771.5113717336885
436000	-3716.4012661002325
436500	-3705.098087784365
437000	-3748.006511759893
437500	-3744.8460551762128
438000	-3748.9380357627415
438500	-3839.4121774319783
439000	-3720.8997459663065
439500	-3728.417579459553
440000	-3779.3580357201
440500	-3803.762188780326
441000	-3674.160737688452
441500	-3676.502565726138
442000	-3746.7964406594556
442500	-3829.8273808804097
443000	-3817.9109500614604
443500	-3735.072454357589
444000	-3731.248000475596
444500	-3811.59183008398
445000	-3728.5247460389583
445500	-3792.2528773265567
446000	-3737.997982921838
446500	-3700.8602733059224
447000	-3690.5756550484925
447500	-3835.4423586785747
448000	-3777.513896975907
448500	-3654.8935308281802
449000	-3721.898682092739
449500	-3824.0897737755954
450000	-3832.115645111891
450500	-3714.410235659143
451000	-3776.9765177955373
451500	-3843.56459227851
452000	-3801.796427382692
452500	-3865.9903621805697
453000	-3744.066920981097
453500	-3794.859755505055
454000	-3824.9082406973052
454500	-3756.055342571573
455000	-3726.0355007265257
455500	-3683.1919921732533
456000	-3850.642454404841
456500	-3982.085271806778
457000	-3867.1271809747827
457500	-3828.1340999662957
458000	-3902.9733873083865
458500	-3773.4034160915908
459000	-3857.687715544167
459500	-3825.4307828987294
460000	-3775.3726375659016
460500	-3767.656429474937
461000	-3777.5496312255223
461500	-3722.590232437982
462000	-3715.456677085841
462500	-3799.3806632365013
463000	-3664.6591063704955
463500	-3709.507296837518
464000	-3811.32493574468
464500	-3897.8599379890834
465000	-3860.512787936574
465500	-3958.907446264814
466000	-3825.4628547063335
466500	-3770.345200533736
467000	-3969.5293357761066
467500	-3880.4859881321604
468000	-3742.3373003038937
468500	-3768.869057334212
469000	-3795.634817612951
469500	-3892.5765351274017
470000	-3801.8455963710585
470500	-3864.6424921573303
471000	-3897.022795580765
471500	-3742.019574126749
472000	-3803.159344394626
472500	-3819.1400424930416
473000	-3744.7482841741307
473500	-3822.12081107747
474000	-3763.957704862778
474500	-3755.34495617184
475000	-3690.428781155672
475500	-3715.18957123992
476000	-3882.863495616771
476500	-3805.61620068876
477000	-3904.3402798541943
477500	-3819.9476546441333
478000	-3757.75702747431
478500	-3878.9081232802196
479000	-3837.6775934869083
479500	-3848.9224728523377
480000	-3796.8245054905033
480500	-3821.165063824258
481000	-3833.623272685244
481500	-3807.2781790311533
482000	-3768.307192963384
482500	-3878.772505151999
483000	-3776.9290585353187
483500	-3909.3693688874796
484000	-3851.903431100939
484500	-3789.3791178171787
485000	-3880.95303942909
485500	-3970.0487097739788
486000	-3916.271467560419
486500	-3925.742132328152
487000	-3980.759286408627
487500	-3843.0749509606226
488000	-3889.5126615494523
488500	-3892.8223815313977
489000	-3896.640874674915
489500	-3796.3568016666454
490000	-3840.4988811941994
490500	-3921.2964533692607
491000	-3917.5320490411723
491500	-3882.2141246515152
492000	-3985.9272196606244
492500	-3851.3684030632157
493000	-3804.0155315431225
493500	-3917.3160858928586
494000	-3897.273838098502
494500	-3885.750439662874
495000	-3749.8104807006885
495500	-3924.9610194612824
496000	-3813.1159537323006
496500	-3763.8589240984575
497000	-3738.774149065407
497500	-3828.3177741050376
498000	-3795.9159221206965
498500	-3686.853006406852
499000	-3931.1488538525073
499500	-3846.0050144404913
500000	-3784.6908313208437
500500	-3853.292161725259
501000	-3806.890577127553
501500	-3722.08311292067
502000	-3734.6276998515796
502500	-3746.0037119142507
503000	-3793.1675990979275
503500	-3727.6794765827203
504000	-3723.0175520882017
504500	-3756.0235692359383
505000	-3791.3210419502875
505500	-3851.9396640711598
506000	-3897.836188907878
506500	-3906.7307915005485
507000	-3945.4017292432695
507500	-3758.30295818819
508000	-3806.3018595187154
508500	-3796.7378164437514
509000	-3816.2676588985455
509500	-3761.876659965605
510000	-3799.8532965000763
510500	-3790.4162933393086
511000	-3823.191684570464
511500	-3701.6782952332646
512000	-3900.5454193175888
512500	-3772.8288789467038
513000	-3825.1544575202065
513500	-3950.8275622571923
514000	-3831.0982166328813
514500	-3950.5145191748184
515000	-3973.7361287523286
515500	-3809.004471603966
516000	-3753.5277908973376
516500	-3778.3127379454027
517000	-3774.884528123668
517500	-3700.030333938548
518000	-3685.5825682223935
518500	-3698.645366201898
519000	-3713.3305602828373
519500	-3729.6072151428616
520000	-3702.5841810322304
520500	-3628.8725897475533
521000	-3636.6931312338697
521500	-3695.82650493307
522000	-3748.9262238194024
522500	-3715.541879367946
523000	-3713.2253771627084
523500	-3779.231586415541
524000	-3699.1426154036635
524500	-3760.186578555312
525000	-3769.236518377539
525500	-3790.919744230344
526000	-3859.353035648033
526500	-3899.642287188907
527000	-3848.0129690092795
527500	-3809.399577394628
528000	-3821.8128855422015
528500	-3744.982186693622
529000	-3791.610707980755
529500	-3704.132331581766
530000	-3716.33004883321
530500	-3716.5242738437364
531000	-3760.790282284606
531500	-3771.561577357091
532000	-3786.032508754205
532500	-3807.1713290014604
533000	-3821.0750092338194
533500	-3878.7153256140355
534000	-3742.741541389815
534500	-3759.6095386897364
535000	-3705.5881583509627
535500	-3819.0536437765622
536000	-3787.2464170100448
536500	-3718.28210398007
537000	-3769.927195793308
537500	-3827.3515636935003
538000	-3751.9101303484636
538500	-3838.9432596723386
539000	-3798.585009429974
539500	-3742.2059040281433
540000	-3655.8962300993044
540500	-3659.731966395258
541000	-3767.7789056644997
541500	-3683.8919640053773
542000	-3694.938797336865
542500	-3693.4832346429866
543000	-3722.0608627519155
543500	-3781.595924032541
544000	-3750.8078805099567
544500	-3737.3209481699437
545000	-3747.173983931811
545500	-3620.665344733449
546000	-3696.506129120106
546500	-3721.462368433362
547000	-3669.09557623299
547500	-3711.712617014253
548000	-3620.861358224846
548500	-3661.6312096236793
549000	-3751.0818377477544
549500	-3574.725589561911
550000	-3620.0190353971857
550500	-3688.527319757817
551000	-3725.2750999899417
551500	-3735.4365637183805
552000	-3767.07763105795
552500	-3781.0350975507886
553000	-3751.0328216547064
553500	-3780.7363950573413
554000	-3728.4052789948405
554500	-3771.230268917515
555000	-3743.1030669328793
555500	-3760.6724293345087
556000	-3773.655941744353
556500	-3736.949030248023
557000	-3706.6495791431876
557500	-3710.2576040207787
558000	-3738.2660578979603
558500	-3696.320770301178
559000	-3699.0723727103314
559500	-3739.390917684591
560000	-3801.1343792575267
560500	-3693.5312192919664
561000	-3829.8171062736396
561500	-3778.2480388595695
562000	-3941.190490051485
562500	-3663.0215030827703
563000	-3830.762896586626
563500	-3816.387289165645
564000	-3695.4551979643816
564500	-3721.735550947086
565000	-3798.607315121179
565500	-3868.504623217328
566000	-3811.075071530255
566500	-3823.991705134931
567000	-3809.5802040779695
567500	-3847.3957033768943
568000	-3736.8330616984867
568500	-3790.3470603901796
569000	-3625.785439794339
569500	-3667.4996584273645
570000	-3644.774766926392
570500	-3857.2375595374474
571000	-3850.799143437511
571500	-3696.729927483659
572000	-3832.957924998537
572500	-3743.2190331327456
573000	-3728.3898636114714
573500	-3720.2502066827037
574000	-3665.495151595728
574500	-3694.094800262744
575000	-3823.410481926994
575500	-3877.977930823352
576000	-3814.2546072626283
576500	-3752.37523713583
577000	-3837.8037542604657
577500	-3849.690857277983
578000	-3822.1880327644258
578500	-3901.355876582141
579000	-3751.954178625515
579500	-3645.58492634505
580000	-3735.118944129718
580500	-3710.27196324768
581000	-3825.2520764551805
581500	-3870.640535274269
582000	-3836.993958966484
582500	-3684.4268311740925
583000	-3702.5663128198576
583500	-3846.73143193722
584000	-3814.3009658245046
584500	-3848.0036049500613
585000	-3772.5881113618325
585500	-3886.215930107559
586000	-3798.719448138267
586500	-3765.056551912645
587000	-3712.8270623889216
587500	-3610.755810254857
588000	-3690.028539455432
588500	-3757.8491221557597
589000	-3824.214201530279
589500	-3703.543706881701
590000	-3824.8785103305327
590500	-3825.6439835077463
591000	-3685.433006332926
591500	-3774.457807459536
592000	-3794.8194913445495
592500	-3923.695563146491
593000	-3980.8182198841646
593500	-3916.1154523181085
594000	-3845.982808105932
594500	-3870.385641233127
595000	-3697.528236712504
595500	-3689.816043424459
596000	-3762.9369037546376
596500	-3769.38410016531
597000	-3695.9551460627486
597500	-3711.4788882368816
598000	-3772.2145270524006
598500	-3736.4141124305147
599000	-3748.7732928710584
599500	-3801.0551092632936
600000	-3631.420307875463
600500	-3751.3424047974036
601000	-3746.637089054826
601500	-3725.9607532459427
602000	-3677.5452176772883
602500	-3686.9279963062927
603000	-3675.1970971504998
603500	-3704.5570759226925
604000	-3683.9308605911197
604500	-3728.6862306062344
605000	-3845.771271609041
605500	-3684.669132996465
606000	-3683.2469771915357
606500	-3684.360459888594
607000	-3797.0070097023395
607500	-3692.8870635439434
608000	-3704.281533077972
608500	-3773.0344745439297
609000	-3837.005669421138
609500	-3880.0632392857697
610000	-3852.2319568732646
610500	-3856.760578015463
611000	-3878.1801210609565
611500	-3709.2690236463177
612000	-3728.4824248837726
612500	-3671.994878447142
613000	-3612.8076789451857
613500	-3680.144798894092
614000	-3762.8436624477495
614500	-3852.6449992031457
615000	-3778.4053479886315
615500	-3798.0279566419676
616000	-3814.163221848794
616500	-3833.8963614107893
617000	-3810.7956159702107
617500	-3786.7745248637375
618000	-3808.8847749049423
618500	-3689.2021825671477
619000	-3773.9350544178387
619500	-3786.4896199806617
620000	-3919.193633856432
620500	-3844.288514860437
621000	-3836.177075102414
621500	-3709.4648771309244
622000	-3733.50541974386
622500	-3691.2016319407526
623000	-3696.9532609294715
623500	-3804.8500602371396
624000	-3724.7313244374977
624500	-3726.7732405403326
625000	-3899.802413757922
625500	-3935.927727659049
626000	-3769.2053817410724
626500	-3886.030072407916
627000	-3967.8108219709397
627500	-3912.724907012712
628000	-3848.3833130846688
628500	-3804.7218576128507
629000	-3868.273282090906
629500	-3861.1090968915273
630000	-3826.1399268374994
630500	-3884.084454224377
631000	-3844.514736292874
631500	-3871.693861942332
632000	-3859.5887849123046
632500	-3721.0523875861763
633000	-3745.271213982365
633500	-3787.9429711735656
634000	-3784.201375133553
634500	-3653.805019345751
635000	-3824.0429540357627
635500	-3738.498745238719
636000	-3702.5912680102483
636500	-3791.7855973426326
637000	-3705.8084851189924
637500	-3706.9734185990037
638000	-3761.7729548184893
638500	-3801.2836266254535
639000	-3830.1353292583676
639500	-3796.4904416397158
640000	-3742.93773934702
640500	-3690.945383059105
641000	-3745.9360529631685
641500	-3769.9259474722367
642000	-3688.280556271848
642500	-3728.2481748463647
643000	-3749.785594857361
643500	-3797.0411670599437
644000	-3800.0804944673578
644500	-3855.1670773438823
645000	-3850.247011451691
645500	-3872.979868823107
646000	-3927.9353980132773
646500	-3775.1542254686487
647000	-3808.048295418757
647500	-3811.1705123628403
648000	-3776.8946467922347
648500	-3697.635212513005
649000	-3689.911362611953
649500	-3672.900229181189
650000	-3638.204016214915
650500	-3611.9544939922475
651000	-3751.9767882167152
651500	-3698.093866619804
652000	-3707.027585758967
652500	-3771.222822293425
653000	-3717.053972915306
653500	-3725.349230247097
654000	-3753.5664593847555
654500	-3825.917114779979
655000	-3824.1936518652788
655500	-3939.590724794142
656000	-3834.1855970827987
656500	-3813.884386422825
657000	-3917.840086692058
657500	-3827.894246194542
658000	-3772.3400074101173
658500	-3840.8444549354786
659000	-3840.9532358130377
659500	-3853.6227579360598
660000	-3722.2087010465925
660500	-3698.73908636294
661000	-3771.156083262244
661500	-3790.3491342607417
662000	-3675.266906068638
662500	-3654.781349580716
663000	-3728.0889548624837
663500	-3813.2115340730425
664000	-3736.372715129309
664500	-3684.294851883176
665000	-3726.7135921912177
665500	-3795.3684098668955
666000	-3743.6272877252222
666500	-3797.27856576342
667000	-3671.1901113273448
667500	-3673.0037175072734
668000	-3686.3569154151405
668500	-3749.39755535789
669000	-3858.20416998885
669500	-3961.285271071237
670000	-3742.0808778541023
670500	-3841.595808942504
671000	-3796.569563161525
671500	-3833.4479183517697
672000	-3953.1372045455496
672500	-3802.3932709718442
673000	-3800.962544258217
673500	-3805.3431201343715
674000	-3797.452230520215
674500	-3777.4466500033905
675000	-3853.9150403757276
675500	-3727.0367844689904
676000	-3816.45684669184
676500	-3786.207938845557
677000	-3765.3347868589817
677500	-3644.610905175714
678000	-3824.4074955322344
678500	-3728.117045212723
679000	-3766.3297054785967
679500	-3708.224549452461
680000	-3672.697915319545
680500	-3693.493008051625
681000	-3689.3495071574844
681500	-3787.6424191810775
682000	-3815.5332374335794
682500	-3753.299097286534
683000	-3763.380569979973
683500	-3785.787262701274
684000	-3817.195665816684
684500	-3789.224071125601
685000	-3791.448442700196
685500	-3916.979420345008
686000	-3813.8999077227636
686500	-3818.8616988606263
687000	-3743.8981405917884
687500	-3749.116787645648
688000	-3749.227115367403
688500	-3781.0999902909266
689000	-3847.2578917900223
689500	-3754.0988056772603
690000	-3660.0246393947446
690500	-3744.987778682271
691000	-3827.925313284943
691500	-3765.8779124703983
692000	-3707.2030574973905
692500	-3721.8966482828446
693000	-3875.4273621823972
693500	-3800.3882490588035
694000	-3887.3367265709708
694500	-3913.2916195162056
695000	-3804.6186825648692
695500	-3839.9384837563894
696000	-3856.7168621075743
696500	-3864.154729486385
697000	-3766.3318395971605
697500	-3778.9167800090404
698000	-3761.979660359233
698500	-3707.959013598567
699000	-3788.513272183802
699500	-3732.684706113676
700000	-3825.686239319424
700500	-3891.0455215709353
701000	-3839.152965066999
701500	-3828.391098838354
702000	-3865.5596349462576
702500	-3808.132035389874
703000	-3853.8989154122532
703500	-3797.87267843101
704000	-3846.030563528835
704500	-3910.2816232271734
705000	-3819.9139077534696
705500	-3822.4733134070625
706000	-3710.477390978204
706500	-3709.1600444135743
707000	-3751.7388378292444
707500	-3686.6868397238395
708000	-3717.509196492519
708500	-3800.8646982591517
709000	-3801.4399117268044
709500	-3853.8156163390217
710000	-3885.0726406407102
710500	-3827.6536500906204
711000	-3884.219336587958
711500	-3756.3180165273848
712000	-3846.6750778973624
712500	-3749.355793687136
713000	-3670.696305992284
713500	-3688.982356790685
714000	-3758.049156840066
714500	-3767.873484744296
715000	-3768.352302338908
715500	-3734.4044789933014
716000	-3771.583765380024
716500	-3862.120946923983
717000	-3791.9726820583255
717500	-3876.032823769966
718000	-3824.587889130897
718500	-3842.0091162596163
719000	-3762.034032288896
719500	-3815.160980705861
720000	-3806.6354259452373
720500	-3856.0689650048394
721000	-3794.0278158314436
721500	-3827.3533469444365
722000	-3922.86825717957
722500	-3786.3865859654675
723000	-3769.3596882283477
723500	-3949.4276717102
724000	-3919.0267181048844
724500	-3861.3162845972593
725000	-3778.609707334088
725500	-3812.679689364689
726000	-3854.89086984049
726500	-3898.6147652314926
727000	-3814.7411683617875
727500	-3777.4987015558822
728000	-3668.988540550946
728500	-3663.410154442731
729000	-3696.4881354541963
729500	-3736.775051333775
730000	-3820.7062911418643
730500	-3939.4889867276993
731000	-3847.7839224901827
731500	-3831.760294912145
732000	-3770.625981992772
732500	-3841.8968651853515
733000	-3839.4916674138094
733500	-3806.595357555579
734000	-3804.061558317485
734500	-3779.155426733253
735000	-3779.834652379004
735500	-3717.8259126688436
736000	-3722.6498550831425
736500	-3821.579219327924
737000	-3920.416675043299
737500	-3838.213390356205
738000	-3717.723708105061
738500	-3775.232721853098
739000	-3937.852115039395
739500	-3779.619651636466
740000	-3736.6757046590897
740500	-3717.2065582891823
741000	-3739.765537579692
741500	-3784.415547356564
742000	-3800.19313304587
742500	-3876.518896526894
743000	-3868.493004734446
743500	-3728.858234943262
744000	-3709.457065068169
744500	-3854.864006486962
745000	-3889.749470196192
745500	-3935.856727660577
746000	-3968.6177414193594
746500	-3954.0432518949488
747000	-3830.418396902755
747500	-3909.441843835724
748000	-3901.8793792276
748500	-3784.8698078668044
749000	-3950.4167457953436
749500	-3804.4905522182803
750000	-3890.5868723379563
750500	-3852.645150826774
751000	-3833.8889959811586
751500	-3777.0843723592234
752000	-3774.842198966288
752500	-3867.8454348743203
753000	-3864.7139649779833
753500	-3895.6579442920474
754000	-3792.421550264879
754500	-3700.8959717943467
755000	-3773.6493171817724
755500	-3701.629413386728
756000	-3818.7248443564363
756500	-3721.957515498105
757000	-3999.897486190939
757500	-3951.4486519224706
758000	-3935.814693199219
758500	-3856.847752773714
759000	-3813.355361411774
759500	-3842.334975322578
760000	-3924.1557536748014
760500	-3851.4133898485215
761000	-3774.7476214631633
761500	-3883.0413859200735
762000	-3828.451905655073
762500	-3809.273932666181
763000	-3809.585927310192
763500	-3819.4764696617153
764000	-3888.0653859354543
764500	-3772.982194015561
765000	-3821.680442394449
765500	-3840.946399181269
766000	-3824.213892073851
766500	-4036.671958359311
767000	-3871.142697370844
767500	-3875.83226969029
768000	-3801.5637734046454
768500	-3749.0832779070024
769000	-3806.8763326450953
769500	-3787.1786228784795
770000	-3784.4604946145882
770500	-3747.4124515067924
771000	-3753.959596617326
771500	-3771.546504448093
772000	-3735.042242591863
772500	-3671.4160072728255
773000	-3732.261423372285
773500	-3704.1668631624716
774000	-3686.484815659449
774500	-3669.0585015155507
775000	-3720.777570634565
775500	-3746.4633638693767
776000	-3871.8344084936884
776500	-3804.233441580189
777000	-3831.5384008859064
777500	-3856.3921552878605
778000	-3946.1847849292026
778500	-3815.2526503168388
779000	-3788.3052094064847
779500	-3798.422594031519
780000	-3876.155704430084
780500	-3885.7512811152797
781000	-3962.4740345106793
781500	-3884.589812258548
782000	-3825.8327606249136
782500	-3801.516416828549
783000	-3896.425540044486
783500	-3881.559323229767
784000	-3850.7335402985095
784500	-3857.155975394178
785000	-3849.7108214423783
785500	-3870.605488838507
786000	-3935.433958780324
786500	-3850.203103986526
787000	-3867.8757430602245
787500	-3817.1419850138454
788000	-3837.397375932554
788500	-3859.62950868153
789000	-3862.4838084362364
789500	-3904.9213254353976
790000	-3910.9381243880384
790500	-3875.3581728768236
791000	-3921.2251827416876
791500	-3842.4705135333347
792000	-3902.6658954010472
792500	-3869.214048358618
793000	-3863.5018496457988
793500	-3828.4393618193353
794000	-3801.621480957632
794500	-3781.3247268818504
795000	-3750.7434477091774
795500	-3895.223475441016
796000	-3894.7045928806415
796500	-3772.2009449369557
797000	-3746.9903397850658
797500	-3801.1770583277776
798000	-3870.4950981184643
798500	-3794.9968025132675
799000	-3874.0573142883027
799500	-3854.8783232487813
800000	-3776.951143064471
800500	-3813.3813488151745
801000	-3849.8459404784194
801500	-3775.126936303038
802000	-3940.9209245635625
802500	-3810.208668896043
803000	-3860.792289752679
803500	-3816.5270485594488
804000	-3860.548139362588
804500	-3860.3816207688906
805000	-3903.044023053493
805500	-4012.1232569830786
806000	-3759.5090997866937
806500	-3911.197145062617
807000	-3927.5655330557697
807500	-3757.3198668415503
808000	-4063.1030967151905
808500	-4008.3575196767347
809000	-4000.6100804414205
809500	-3880.0904040424325
810000	-3780.7808338404766
810500	-3740.1858320979777
811000	-3837.0712117209605
811500	-3802.5962265162793
812000	-3785.393350451944
812500	-3719.721384441022
813000	-3884.0252415005957
813500	-3757.906912258042
814000	-3811.903992356135
814500	-3860.539239177582
815000	-3836.2359084008913
815500	-3723.8350930267284
816000	-3825.2447204641467
816500	-3802.0766456556903
817000	-3909.011863865851
817500	-3871.1142822806432
818000	-3774.6130428642773
818500	-3687.369999638878
819000	-3817.646701153931
819500	-3831.459724026437
820000	-3846.5171688832665
820500	-3924.51465444543
821000	-3902.3436141031452
821500	-3897.0228913277087
822000	-3845.190038312739
822500	-3973.331722480057
823000	-3805.149541259748
823500	-3861.3889102206344
824000	-3835.603950765085
824500	-3843.1679259137486
825000	-3840.5727321828
825500	-3916.33838661893
826000	-3819.340634205735
826500	-3835.8631019537725
827000	-3826.583910994474
827500	-3828.4450663957678
828000	-3791.7999174741394
828500	-3858.1136171483304
829000	-3783.9357171128754
829500	-3772.2541176775194
830000	-3765.847691180623
830500	-3735.6524733599094
831000	-3895.3707009963164
831500	-3828.529081341327
832000	-3794.971193162951
832500	-3811.2682849108573
833000	-3888.528353669867
833500	-4013.788313268716
834000	-3791.9504088452322
834500	-3780.693230499127
835000	-3768.1450350791806
835500	-3683.7604900481874
836000	-3837.2220344259977
836500	-3812.182691208176
837000	-3798.6339479211647
837500	-3920.7835538599725
838000	-3732.484370752063
838500	-3799.7475526617154
839000	-3829.6449443858614
839500	-3892.279471931464
840000	-3863.001513228636
840500	-3876.750775666199
841000	-3875.4155981324648
841500	-3882.3165106183337
842000	-3863.344839451866
842500	-3929.308997337459
843000	-3940.0108310495
843500	-3856.4053790438315
844000	-3762.0428809648915
844500	-3718.7288712718705
845000	-3799.7456406450046
845500	-3734.699717855921
846000	-3734.347539527916
846500	-3763.7087318987087
847000	-3792.48130173819
847500	-3839.3015098633
848000	-3832.5636476255695
848500	-3844.3242778768795
849000	-3792.795192787131
849500	-3906.2087308036416
850000	-3792.1066720181816
850500	-3800.5017823698367
851000	-3737.928232921584
851500	-3960.0522241661643
852000	-3905.8750723375606
852500	-3766.238333575671
853000	-3734.059739220917
853500	-3750.549380334506
854000	-3706.0323353639587
854500	-3814.1217859518333
855000	-3872.8329714688352
855500	-3828.912652457607
856000	-3829.9210565129715
856500	-3879.779922804411
857000	-3770.4644046045614
857500	-3687.893894261803
858000	-3701.232191994619
858500	-3819.860409581114
859000	-3844.3721917113116
859500	-3734.643178827685
860000	-3777.2646475733272
860500	-3707.277385472939
861000	-3801.63002065649
861500	-3844.5118066910077
862000	-3947.4441740452467
862500	-3941.1351572455615
863000	-3862.0134054775044
863500	-3777.3787104094513
864000	-3848.2749319744826
864500	-3839.874196652089
865000	-3758.327622491384
865500	-3813.292339038054
866000	-3699.777499691836
866500	-3740.5939422149463
867000	-3793.2911832818645
867500	-3968.45276912997
868000	-3854.050666440847
868500	-3737.9997001337783
869000	-3872.461503727933
869500	-3985.0188074072926
870000	-3907.5648562964466
870500	-3819.6433356799553
871000	-3843.2501338918346
871500	-3862.5891235764584
872000	-3881.210216151594
872500	-3736.6311374445854
873000	-3793.2327467473688
873500	-3869.062678378749
874000	-3801.9588603366883
874500	-3796.7564879409606
875000	-3792.543394695153
875500	-3831.39204370974
876000	-3853.6225276083496
876500	-3863.3984009324977
877000	-3809.659457006243
877500	-3826.6310892554325
878000	-3864.5422272054016
878500	-3886.6213139199776
879000	-3879.0394153797383
879500	-3875.9465255440477
880000	-3891.653740730277
880500	-3953.5514242560757
881000	-3875.5361419856717
881500	-3902.47442257714
882000	-3985.1427564831038
882500	-3808.738968119879
883000	-3967.6591128773257
883500	-3922.8407691530015
884000	-3724.9012173177043
884500	-3818.006547310097
885000	-3765.955495440386
885500	-3710.621513991275
886000	-3701.8491584303574
886500	-3653.5483377828964
887000	-3639.703186941881
887500	-3650.2695975197475
888000	-3719.6798539304887
888500	-3764.8616670377273
889000	-3753.658897588947
889500	-3933.764787537938
890000	-3809.9332081162984
890500	-3811.1499504982235
891000	-3848.388447856041
891500	-3846.9882469365734
892000	-3837.280858902379
892500	-3737.4763905912864
893000	-3724.2548412301153
893500	-3711.5490081146913
894000	-3877.6676735937535
894500	-3926.6076065638013
895000	-3802.5931151756727
895500	-3812.7483494903445
896000	-3788.3980304431543
896500	-3796.793137991554
897000	-3866.758845721709
897500	-3784.0688110680026
898000	-3822.4985329669757
898500	-3839.072603398271
899000	-3765.2683460185053
899500	-3769.42683096066
900000	-3825.9952336755846
900500	-3787.150394386706
901000	-3930.6945047604986
901500	-3858.0029883146362
902000	-3828.3603797996707
902500	-3840.049282368647
903000	-3802.8266810686473
903500	-3838.1106358676598
904000	-3826.2510334726007
904500	-3811.343162616309
905000	-3774.195373608343
905500	-3829.769462282392
906000	-3786.36794998328
906500	-3829.815779628872
907000	-3874.805454864112
907500	-3816.846480793421
908000	-3859.2033659337526
908500	-3808.641787955928
909000	-3876.7261378258245
909500	-3886.5589973746
910000	-3854.8407086969773
910500	-3830.171258237357
911000	-3864.9140200351176
911500	-3932.8350855390463
912000	-3827.9975181546943
912500	-3833.6265397208804
913000	-3757.734895635379
913500	-3778.4012004658384
914000	-3707.7380355898185
914500	-3642.0290368043397
915000	-3719.67955390286
915500	-3705.163222355257
916000	-3776.109564063939
916500	-3699.4030991654713
917000	-3717.970378195401
917500	-3705.749121909658
918000	-3713.5904456798876
918500	-3716.492085945846
919000	-3825.2558798927334
919500	-3837.981110300427
920000	-3865.432540740328
920500	-3848.707806893731
921000	-3969.8014212798157
921500	-3836.756789777439
922000	-3749.472830857159
922500	-3807.7316253151325
923000	-3736.030660620988
923500	-3715.7231828984072
924000	-3740.1719107229933
924500	-3719.1857553278264
925000	-3781.7511622283887
925500	-3657.6086447713715
926000	-3698.9818697823803
926500	-3621.9021605152748
927000	-3649.1949326584136
927500	-3722.5746827457183
928000	-3732.6189978741545
928500	-3664.437224994382
929000	-3779.611540088564
929500	-3785.1656015302124
930000	-3843.8447328572483
930500	-3837.7445513694915
931000	-3765.6639734726036
931500	-3774.1682317401255
932000	-3799.8290215581164
932500	-3771.226414205093
933000	-3783.013749138408
933500	-3691.2119791653577
934000	-3666.8334546066358
934500	-3764.352010128337
935000	-3735.5505292038956
935500	-3746.472267979505
936000	-3863.8431429047814
936500	-3886.936311925697
937000	-3827.147206359075
937500	-3704.2548363600713
938000	-3700.45436312732
938500	-3787.8925648874424
939000	-3779.7772606018384
939500	-3775.7261060700143
940000	-3701.3695257697823
940500	-3703.2685213215914
941000	-3721.2251213381364
941500	-3700.118285855459
942000	-3681.026858365691
942500	-3653.8359173922004
943000	-3687.9510046863893
943500	-3677.0410553667457
944000	-3697.5361350775547
944500	-3744.3288130323767
945000	-3786.826772924203
945500	-3803.4089301766553
946000	-3718.874630667763
946500	-3753.007272184167
947000	-3789.868044302301
947500	-3712.633603203221
948000	-3867.545505923681
948500	-3730.1076666921754
949000	-3783.5886770655334
949500	-3615.162958417451
950000	-3757.649927802762
950500	-3845.398911587218
951000	-3797.597833980294
951500	-3870.3227319599887
952000	-3882.471995383248
952500	-3675.623647001266
953000	-3639.4623550618708
953500	-3738.67072897627
954000	-3722.626434891154
954500	-3722.6414736847355
955000	-3786.3565335423664
955500	-3804.5865808339904
956000	-3825.062230567112
956500	-3780.4363495258835
957000	-3794.976699935836
957500	-3765.2312521508748
958000	-3711.625686885251
958500	-3680.4223074611627
959000	-3706.260669937685
959500	-3852.955773687749
960000	-3798.790367816985
960500	-3743.912031443166
961000	-3702.8008575349595
961500	-3729.4036052050888
962000	-3821.720263914019
962500	-3701.337423259815
963000	-3780.8534695902376
963500	-3826.6104952168425
964000	-3707.0890964381324
964500	-3693.701336662878
965000	-3688.176913453137
965500	-3773.0395019770854
966000	-3736.6672855345664
966500	-3838.000748185642
967000	-3716.1533685510353
967500	-3787.461246106412
968000	-3703.692135005001
968500	-3687.265721060535
969000	-3779.0084829608413
969500	-3845.01878935981
970000	-3817.118726162783
970500	-3848.2728496513905
971000	-3812.6795093158753
971500	-3825.3417233005443
972000	-3769.8584140070984
972500	-3793.583147410873
973000	-3959.245734316968
973500	-3882.0536363416913
974000	-3870.533457255372
974500	-3834.9826859619075
975000	-3798.0968609871816
975500	-3859.2417906569153
976000	-3798.9653589820687
976500	-3845.0975791706605
977000	-3821.961663294559
977500	-3870.2815389292496
978000	-3947.7869702672847
978500	-3824.2997712888796
979000	-3760.854390635721
979500	-3741.3918926891492
980000	-3841.4254095358274
980500	-3833.6751211941887
981000	-3834.1319298441394
981500	-3749.1285490406267
982000	-3773.2611192649165
982500	-3767.469495290373
983000	-3719.2864085818164
983500	-3757.395886911926
984000	-3913.832695540332
984500	-3876.4231095684363
985000	-3810.194972967004
985500	-3837.896415288073
986000	-3931.2201820487912
986500	-3808.3304065187604
987000	-3767.8697950633705
987500	-3666.0020166532463
988000	-3704.4872415548875
988500	-3801.315329407779
989000	-3732.4176038378478
989500	-3795.416515567521
990000	-3698.5538877730905
990500	-3763.2355012497137
991000	-3804.955147411465
991500	-3761.2963368317473
992000	-3749.899227804949
992500	-3650.1121583763734
993000	-3759.239107538243
993500	-3801.3485344921423
994000	-3820.9448188195524
994500	-3819.8927334252216
995000	-3852.0514767609748
995500	-3763.357976657869
996000	-3610.5505599964217
996500	-3704.710181580591
997000	-3905.562112460192
997500	-3776.1305152686605
998000	-3845.3817825692845
998500	-3802.652133734754
999000	-3745.168696967179
999500	-3841.361969801557
1000000	-3640.9145574613985
1000500	-3733.732753776748
1001000	-3661.1391406095463
1001500	-3755.006240010575
1002000	-3684.176088733098
1002500	-3745.4563568563053
1003000	-3727.3323489021604
1003500	-3729.2656628938726
1004000	-3802.4298890751825
1004500	-3676.845798351371
1005000	-3678.2524521816117
1005500	-3715.5529150656735
1006000	-3733.292142912302
1006500	-3654.654362149856
1007000	-3718.3586485087135
1007500	-3703.601943778432
1008000	-3703.030482259617
1008500	-3642.5846636588976
1009000	-3720.586315488279
1009500	-3665.3815379015946
1010000	-3789.2156309750176
1010500	-3710.553827973066
1011000	-3813.5244690513928
1011500	-3639.162715379546
1012000	-3675.223168113867
1012500	-3614.757342514001
1013000	-3761.4204335925792
1013500	-3720.0775435892906
1014000	-3710.057160192497
1014500	-3766.165807832284
1015000	-3713.5226701516544
1015500	-3804.2274474796
1016000	-3946.563984998772
1016500	-3705.4902783944226
1017000	-3779.9075295532093
1017500	-3728.6934174024104
1018000	-3836.4802217876786
1018500	-3679.454120495631
1019000	-3774.585337984432
1019500	-3698.366533508774
1020000	-3670.2618183020422
1020500	-3688.1327494137763
1021000	-3698.7796486513216
1021500	-3674.145338484886
1022000	-3616.1849483921737
1022500	-3676.2448958138643
1023000	-3704.568625034622
1023500	-3673.1293004546533
1024000	-3727.9399178038516
1024500	-3723.4100156856894
1025000	-3773.281321292861
1025500	-3857.689877527278
1026000	-3843.4914181680974
1026500	-3833.923493941916
1027000	-3885.599944115029
1027500	-3823.7345892964972
1028000	-3773.9707699885316
1028500	-3886.445778491168
1029000	-3808.9509743500676
1029500	-3833.82464951727
1030000	-3685.5956719044857
1030500	-3693.4113425981614
1031000	-3766.294431565168
1031500	-3697.2481164135434
1032000	-3756.025407234069
1032500	-3773.9745893485497
1033000	-3790.1964995304543
1033500	-3838.4644523736038
1034000	-3690.7347659283328
1034500	-3702.179759316221
1035000	-3744.2151362296645
1035500	-3806.120895129379
1036000	-3758.9304744180163
1036500	-3720.8483871593303
1037000	-3880.5517926066163
1037500	-3757.3511765549865
1038000	-3720.3319392033472
1038500	-3890.922707277069
1039000	-3908.306602787929
1039500	-3914.010978473803
1040000	-3857.1969834584434
1040500	-3862.8500353606714
1041000	-3919.498595057175
1041500	-3819.8825529025057
1042000	-3798.4876213478124
1042500	-3747.8170842039517
1043000	-3753.480048448948
1043500	-3790.7326949871986
1044000	-3843.899599887361
1044500	-3829.5489591266028
1045000	-3787.1554602485653
1045500	-3777.960660849273
1046000	-3756.0264491585954
1046500	-3797.140659449394
1047000	-3843.313986896612
1047500	-3800.986511396673
1048000	-3763.4838589531746
1048500	-3786.3539538421596
1049000	-3823.3858477627173
1049500	-3846.6863029883043
1050000	-3819.4712742965953
1050500	-3836.374707643678
1051000	-3768.9359341797335
1051500	-3865.9426999419175
1052000	-3741.8521835542124
1052500	-3804.8484525013378
1053000	-3761.4745560521983
1053500	-3783.1099090790935
1054000	-3798.5033880139927
1054500	-3815.1687245425587
1055000	-3822.408306866201
1055500	-3837.2393497683265
1056000	-3837.0990224138723
1056500	-3841.1414658949775
1057000	-3886.8794909352555
1057500	-3841.3982692899526
1058000	-3861.7702920389793
1058500	-3856.104579535364
1059000	-3891.655777320342
1059500	-3850.6945763195554
1060000	-3848.807355487162
1060500	-3852.284520218697
1061000	-3758.3771977916435
1061500	-3835.1160423654815
1062000	-3807.959968986937
1062500	-3779.76860351782
1063000	-3812.7405922439107
1063500	-3725.2480948979696
1064000	-3753.9942515605967
1064500	-3674.1687120240445
1065000	-3776.790526065208
1065500	-3778.134906911372
1066000	-3834.1999089834367
1066500	-3754.6503810936642
1067000	-3684.5225090094996
1067500	-3779.8474383457897
1068000	-3668.670400314332
1068500	-3698.765603004171
1069000	-3760.278220138069
1069500	-3818.2918646628327
1070000	-3867.2775410373624
1070500	-3756.800184119336
1071000	-3744.2356279516375
1071500	-3646.2099037224502
1072000	-3712.6144577451273
1072500	-3728.0015388371203
1073000	-3708.0429500154837
1073500	-3767.916223274519
1074000	-3701.2379876409723
1074500	-3698.0026068273487
1075000	-3697.8109428433354
1075500	-3724.0587665538724
1076000	-3774.1026814474035
1076500	-3615.5502594732993
1077000	-3627.4302272071286
1077500	-3642.3963385651623
1078000	-3681.547406564797
1078500	-3645.0752996067204
1079000	-3617.5236559686714
1079500	-3693.726644635402
1080000	-3771.702764413646
1080500	-3668.5795660929934
1081000	-3748.270295122033
1081500	-3791.827644742631
1082000	-3790.9237503144145
1082500	-3808.8513419069845
1083000	-3849.578550569543
1083500	-3806.2761070794645
1084000	-3738.817847877911
1084500	-3732.437195850401
1085000	-3739.834415746666
1085500	-3766.4723249993754
1086000	-3817.0509868776
1086500	-3824.5617529205024
1087000	-3855.4407596412307
1087500	-3900.0016537799406
1088000	-3942.95067707597
1088500	-3842.971419989553
1089000	-3830.6134241022546
1089500	-3832.092972841662
1090000	-3832.331418592169
1090500	-3811.784245574054
1091000	-3777.482452887601
1091500	-3830.5008929008973
1092000	-3842.5295970472766
1092500	-3910.53973062674
1093000	-3825.273772628656
1093500	-3900.596973285943
1094000	-3821.544604251308
1094500	-3820.7456096092096
1095000	-3747.157437620712
1095500	-3761.79749948374
1096000	-3809.3314014357843
1096500	-3713.968497432838
1097000	-3769.6249191034685
1097500	-3822.5817266891436
1098000	-3788.20342581308
1098500	-3837.6964406370575
1099000	-3759.727750038759
1099500	-3836.8455497675855
1100000	-3800.163334627484
1100500	-3765.7281601270997
1101000	-3822.618822056381
1101500	-3758.183972058994
1102000	-3775.790483373141
1102500	-3696.7142178179547
1103000	-3709.218100360608
1103500	-3779.3812489718584
1104000	-3817.5236275819975
1104500	-3739.7669668389035
1105000	-3819.408063828567
1105500	-3777.673812515349
1106000	-3734.7037685006308
1106500	-3809.998733535527
1107000	-3905.5538096328596
1107500	-3869.0683422823536
1108000	-3821.7621021053887
1108500	-3916.7491417619017
1109000	-3749.1816824202333
1109500	-3827.8679281543655
1110000	-3736.048163734259
1110500	-3673.470303335563
1111000	-3750.2008429877724
1111500	-3747.7034676068283
1112000	-3710.2178330752936
1112500	-3903.941006486212
1113000	-3824.9047610886023
1113500	-3835.2757289597453
1114000	-3769.4658816822657
1114500	-3809.760979793122
1115000	-3825.901764547588
1115500	-3835.695385646618
1116000	-3768.9533396469124
1116500	-3865.4968794262945
1117000	-3780.317271217793
1117500	-3798.185640328952
1118000	-3932.061933584006
1118500	-3939.084387534514
1119000	-3832.9488919649343
1119500	-3791.523888680327
1120000	-3786.6619603251993
1120500	-3723.1246248007405
1121000	-3743.0889367184564
1121500	-3766.5600641638875
1122000	-3751.17691300641
1122500	-3766.467856307835
1123000	-3746.2208180029556
1123500	-3736.704887427344
1124000	-3863.629365714908
1124500	-3878.3720754775054
1125000	-3817.8474797400263
1125500	-3777.596894678422
1126000	-3789.1236369263265
1126500	-3710.508532221254
1127000	-3698.7124747361445
1127500	-3692.544465291467
1128000	-3818.8121422353174
1128500	-3707.4432692591045
1129000	-3754.4213506933165
1129500	-3729.4706554176005
1130000	-3758.018529615717
1130500	-3749.8725654592213
1131000	-3703.3136502582956
1131500	-3678.451476727404
1132000	-3740.2611245899584
1132500	-3808.762418143055
1133000	-3658.289189724124
1133500	-3899.8012853706027
1134000	-3951.7283525833495
1134500	-3846.9521136571034
1135000	-3843.473997482992
1135500	-3829.08740116347
1136000	-3738.930442900223
1136500	-3769.6315154641165
1137000	-3755.7063017804494
1137500	-3733.742814373216
1138000	-3791.212357108933
1138500	-3783.409011484633
1139000	-3729.8633676087047
1139500	-3911.4826858857236
1140000	-3828.010712235874
1140500	-3872.6327414180882
1141000	-3887.0365686745445
1141500	-3759.3379252285736
1142000	-3829.4803068765045
1142500	-3831.977842760254
1143000	-3728.18721672216
1143500	-3738.523478491962
1144000	-3763.7946338766833
1144500	-3727.7257953948906
1145000	-3813.227640505431
1145500	-3852.3190421821782
1146000	-3847.3259797696796
1146500	-3836.2759369568607
1147000	-3823.0338511211903
1147500	-3838.0393253325756
1148000	-3746.0362007742137
1148500	-3806.881348635134
1149000	-3727.2375563862656
1149500	-3831.0252564886496
1150000	-3754.5756991620033
1150500	-3751.0123978188267
1151000	-3686.3694840976796
1151500	-3750.96831527112
1152000	-3742.8635184278755
1152500	-3743.9977518818596
1153000	-3886.6162236628293
1153500	-3810.3024264862324
1154000	-3723.740579528814
1154500	-3834.782465458268
1155000	-3813.312988260887
1155500	-3739.259620497478
1156000	-3964.1721542003047
1156500	-3770.978075222056
1157000	-3765.6141372669736
1157500	-3803.537730156472
1158000	-3787.9184907563204
1158500	-3764.209958151108
1159000	-3740.2515348557927
1159500	-3906.4207489312057
1160000	-3853.7624363543673
1160500	-3724.5326839307454
1161000	-3758.573381314737
1161500	-3690.732178723808
1162000	-3749.4410613229225
1162500	-3764.6508506201394
1163000	-3775.8929255996136
1163500	-3876.639438487766
1164000	-3801.1608978897752
1164500	-3797.2535916765505
1165000	-3725.436091986197
1165500	-3776.8123211466204
1166000	-3784.629052955837
1166500	-3793.1184437829893
1167000	-3865.853586157501
1167500	-3760.930028469706
1168000	-3798.131945563059
1168500	-3749.5573477551743
1169000	-3793.124126481647
1169500	-3787.600055301337
1170000	-3753.085541050252
1170500	-3824.1254016056046
1171000	-3814.5814571717483
1171500	-3863.999880630709
1172000	-3807.4771303672383
1172500	-3816.859901957785
1173000	-3795.122116803589
1173500	-3795.2609810167282
1174000	-3781.69091041997
1174500	-3868.2745740365153
1175000	-3828.1492587221223
1175500	-3801.67725681841
1176000	-3808.2873193229516
1176500	-3757.8398468930523
1177000	-3665.2040770852514
1177500	-3683.5541537081176
1178000	-3729.0072256952885
1178500	-3811.4435857909225
1179000	-3850.179790473785
1179500	-3748.2724548720203
1180000	-3765.24215983155
1180500	-3906.184870661415
1181000	-3790.200007292706
1181500	-3803.820392328814
1182000	-3816.5414372449545
1182500	-3924.0783600521845
1183000	-3800.174371251858
1183500	-3784.4136238977735
1184000	-3790.640968323384
1184500	-3765.4966424125587
1185000	-3797.088710639143
1185500	-3838.650574220282
1186000	-3823.0653216782757
1186500	-3769.083476120847
1187000	-3840.676633443829
1187500	-3842.429128849311
1188000	-3812.564607561826
1188500	-3855.634296632876
1189000	-3707.305449578044
1189500	-3782.7148952350394
1190000	-3769.9363964765657
1190500	-3727.23950489023
1191000	-3677.26072183198
1191500	-3693.364224055626
1192000	-3741.7644147613073
1192500	-3763.453524139654
1193000	-3674.47467539567
1193500	-3731.2580526490083
1194000	-3709.7693486937465
1194500	-3881.9394460096787
1195000	-3688.9320624974343
1195500	-3632.3677360673073
1196000	-3667.7672934697994
1196500	-3745.6253363818355
1197000	-3662.2966829316633
1197500	-3736.247592200945
1198000	-3721.7569880783294
1198500	-3753.860864586588
1199000	-3700.7306800519973
1199500	-3778.547125835542
1200000	-3760.508051036364
1200500	-3717.71676265818
1201000	-3851.740741584296
1201500	-3832.4220171055076
1202000	-3767.248894496199
1202500	-3706.711735652127
1203000	-3762.690767103539
1203500	-3731.8556386242776
1204000	-3704.277807549128
1204500	-3614.447662749484
1205000	-3797.9566263471465
1205500	-3837.825953398886
1206000	-3762.222405305656
1206500	-3732.24656250838
1207000	-3767.974406823948
1207500	-3803.2528393754355
1208000	-3766.403217703002
1208500	-3763.0570314328215
1209000	-3691.864413551549
1209500	-3668.8893711214073
1210000	-3730.0412018952534
1210500	-3656.2537267616185
1211000	-3631.775151963699
1211500	-3831.865118745496
1212000	-3783.4544893886086
1212500	-3720.7959602632336
1213000	-3720.4435889238857
1213500	-3640.0581101126754
1214000	-3859.673962642713
1214500	-3801.0331106632025
1215000	-3830.9399410577557
1215500	-3826.7416954883256
1216000	-3839.3232523770184
1216500	-3829.599402330035
1217000	-3795.302677064683
1217500	-3731.787667502897
1218000	-3764.285748860997
1218500	-3839.6657719178856
1219000	-3823.87408161029
1219500	-3756.7595596856722
1220000	-3819.476703956308
1220500	-3793.083285074402
1221000	-3744.9759920132524
1221500	-3803.544143623815
1222000	-3750.848613249927
1222500	-3907.698697795591
1223000	-3853.7283404792656
1223500	-3786.300733353077
1224000	-3823.1085359825956
1224500	-3910.25153813383
1225000	-3845.2279594706843
1225500	-3872.0120838200114
1226000	-3693.312477603523
1226500	-3756.4941106727247
1227000	-3777.1871940893293
1227500	-3771.848887138891
1228000	-3787.6700552317207
1228500	-3671.6302652562854
1229000	-3824.954487552409
1229500	-3655.6094155078863
1230000	-3735.9976478373565
1230500	-3768.145759098239
1231000	-3858.041939746646
1231500	-3748.0424511434885
1232000	-3824.79303460783
1232500	-3786.116151615562
1233000	-3757.6513569517138
1233500	-3735.252830318332
1234000	-3730.870575971126
1234500	-3693.6072701682756
1235000	-3798.9569526640244
1235500	-3829.0378501965197
1236000	-3815.4060954556794
1236500	-3814.979930095494
1237000	-3866.328362904792
1237500	-3835.3459651758308
1238000	-3860.1240686477286
1238500	-3869.1266215976884
1239000	-3884.0218038592834
1239500	-3863.7065731455837
1240000	-3925.21696616229
1240500	-4019.5411382738935
1241000	-3981.019870869313
1241500	-3954.6850107484943
1242000	-3848.0928741120138
1242500	-3801.283121031249
1243000	-3905.087033076226
1243500	-3821.9463180413527
1244000	-3840.658474546022
1244500	-3841.1735981354086
1245000	-3851.0633056508177
1245500	-3968.686541583322
1246000	-3861.183292208731
1246500	-3787.2633743530782
1247000	-3758.6160795220544
1247500	-3912.0547862704457
1248000	-3702.7595132209185
1248500	-3808.2702055842888
1249000	-3776.8472812069126
1249500	-3802.595100254314
1250000	-3848.127660269355
1250500	-3730.4099952507495
1251000	-3609.7095390785303
1251500	-3582.5139512764817
1252000	-3674.714719825425
1252500	-3740.379431993656
1253000	-3689.7943480987033
1253500	-3838.6201392627368
1254000	-3714.782945714747
1254500	-3658.5167413086924
1255000	-3639.127401759679
1255500	-3680.085725088489
1256000	-3688.662471177521
1256500	-3708.9609223856046
1257000	-3674.6131254822494
1257500	-3820.2866722211083
1258000	-3669.287389431858
1258500	-3615.4589479483984
1259000	-3650.852282689803
1259500	-3728.1043356643804
1260000	-3770.669926750855
1260500	-3689.043375296473
1261000	-3735.2306714230554
1261500	-3820.237324897274
1262000	-3757.131387853256
1262500	-3698.474895354058
1263000	-3711.7448008292185
1263500	-3692.000046965667
1264000	-3679.995676432033
1264500	-3738.45514616632
1265000	-3787.1484350396813
1265500	-3775.655810955149
1266000	-3730.198557753996
1266500	-3675.1671654791216
1267000	-3710.111695168828
1267500	-3690.7579504567834
1268000	-3695.775001855308
1268500	-3723.2140446211124
1269000	-3914.096558694271
1269500	-3826.7975416807985
1270000	-3815.809258804588
1270500	-3798.2574333311773
1271000	-3826.9294759643544
1271500	-3885.3880630179865
1272000	-3762.23281352725
1272500	-3845.768637361819
1273000	-3817.481928418634
1273500	-3752.587885821753
1274000	-3802.616473908676
1274500	-3799.986948108092
1275000	-3889.704178374654
1275500	-3942.4922758105677
1276000	-3777.8615896447263
1276500	-3767.700757763407
1277000	-3816.1708392775217
1277500	-3875.6006982414865
1278000	-3918.5661343987863
1278500	-3830.373805133922
1279000	-3855.916255323774
1279500	-3901.3358248712693
1280000	-3806.4239933051
1280500	-3841.8154032998896
1281000	-3803.933698491992
1281500	-3718.2417238096114
1282000	-3716.938104645331
1282500	-3736.014222088046
1283000	-3729.964873687703
1283500	-3678.3049055932456
1284000	-3699.3920646461575
1284500	-3742.6054287901065
1285000	-3763.6001679704095
1285500	-3748.068907297282
1286000	-3745.381720985383
1286500	-3777.3140412135403
1287000	-3668.4227062409705
1287500	-3752.787294009589
1288000	-3677.908276945335
1288500	-3666.8994539660084
1289000	-3615.4154185784178
1289500	-3585.433364137259
1290000	-3651.5098128050827
1290500	-3628.157158305785
1291000	-3709.5175363145268
1291500	-3654.0731190344163
1292000	-3728.0465009011155
1292500	-3669.1838571528738
1293000	-3771.525256056369
1293500	-3723.261755482519
1294000	-3704.7647985070525
1294500	-3784.873181713666
1295000	-3832.803082792898
1295500	-3728.9148507512987
1296000	-3740.012661709966
1296500	-3689.6236726364655
1297000	-3765.1626628938384
1297500	-3759.8734446775393
1298000	-3669.2703105603096
1298500	-3772.636577096837
1299000	-3795.97612347597
1299500	-3890.4345550554294
1300000	-3996.4165678015443
1300500	-3933.636721891014
1301000	-3869.5459474884733
1301500	-3750.5224606601096
1302000	-3731.2636612557403
1302500	-3706.8145885133367
1303000	-3792.8474687531007
1303500	-3750.9969111912837
1304000	-3702.8942915305306
1304500	-3757.996133999996
1305000	-3623.8798405706048
1305500	-3649.908927170476
1306000	-3678.9380815607333
1306500	-3706.1516207979294
1307000	-3674.5236925529507
1307500	-3776.645642538244
1308000	-3585.5681805356435
1308500	-3672.784513367055
1309000	-3723.3479667592787
1309500	-3815.465853013742
1310000	-3718.7817373302337
1310500	-3672.8568624021555
1311000	-3710.7067710856363
1311500	-3753.9491788215228
1312000	-3719.2078662101103
1312500	-3802.4387042346607
1313000	-3635.9447801674464
1313500	-3704.9624384672325
1314000	-3845.478523403788
1314500	-3744.4819164064243
1315000	-3742.4688168667544
1315500	-3828.0837542066456
1316000	-3823.3475518518753
1316500	-3810.1702582405956
1317000	-3844.1455010426457
1317500	-3856.3340780205153
1318000	-3842.2336685352625
1318500	-3746.3619877069113
1319000	-3896.567161580441
1319500	-3826.797897464486
1320000	-3906.0281655881195
1320500	-3926.79289787398
1321000	-3776.084531326004
1321500	-3669.327694800639
1322000	-3817.0712427145927
1322500	-3709.0418400123513
1323000	-3822.2582974805227
1323500	-3701.238736183407
1324000	-3658.8958563313436
1324500	-3773.3671767411856
1325000	-3903.6850497933574
1325500	-3772.56884818345
1326000	-3795.7285081666555
1326500	-3833.7513486769853
1327000	-3736.8158601225305
1327500	-3724.3700434973757
1328000	-3727.758347201674
1328500	-3891.591261876345
1329000	-3782.5533582296966
1329500	-3819.2423139451853
1330000	-3795.618190762444
1330500	-3803.9425448907136
1331000	-3701.308405326531
1331500	-3841.5454380476804
1332000	-3692.493776342626
1332500	-3682.120875251427
1333000	-3745.019124984147
1333500	-3870.314164723213
1334000	-3938.1393160562584
1334500	-4094.693765792475
1335000	-3981.255753096821
1335500	-4050.9453522026274
1336000	-3990.950348711852
1336500	-3979.4449655712297
1337000	-3918.3642432899014
1337500	-3870.130808115949
1338000	-3911.446855502682
1338500	-3860.5438580501423
1339000	-3838.960729557783
1339500	-3776.8437839689586
1340000	-3939.6377810152017
1340500	-3875.8790568703494
1341000	-3814.2173108303496
1341500	-3800.9064767607124
1342000	-3948.2362253425454
1342500	-3948.5811595946966
1343000	-3967.6916118639347
1343500	-3923.6090766046864
1344000	-3953.2091790015875
1344500	-3882.6213494743683
1345000	-3835.7179704908663
1345500	-3905.6382040959406
1346000	-3953.0632583675683
1346500	-3787.948392161582
1347000	-3755.0239054402887
1347500	-3884.122983390417
1348000	-3763.4726546559377
1348500	-3846.2579496021453
1349000	-3825.6738495836235
1349500	-3866.9759590628596
1350000	-3823.1673257969246
1350500	-3682.4559555370142
1351000	-3695.6765733743027
1351500	-3772.367679490163
1352000	-3686.5624674362944
1352500	-3824.051713532126
1353000	-3702.917489220581
1353500	-3736.868566233244
1354000	-3768.9152004476173
1354500	-3649.1128581544476
1355000	-3764.337272591435
1355500	-3723.692756969743
1356000	-3804.3901246707196
1356500	-3765.9320035769383
1357000	-3801.4031356353134
1357500	-3810.558177095904
1358000	-3801.0116931551006
1358500	-3829.85591126989
1359000	-3811.019375665888
1359500	-3770.2025501984463
1360000	-3719.081626236026
1360500	-3659.830060381643
1361000	-3740.520701956066
1361500	-3791.540820487345
1362000	-3691.246035028102
1362500	-3642.897145153419
1363000	-3713.948668254439
1363500	-3761.7607650977916
1364000	-3706.508719507278
1364500	-3677.980080131876
1365000	-3709.5159612978505
1365500	-3659.864840933018
1366000	-3712.0859770036427
1366500	-3648.6035610532836
1367000	-3669.455476315945
1367500	-3830.548335243993
1368000	-3770.4440334406004
1368500	-3761.3568273248816
1369000	-3638.7277156494956
1369500	-3536.4682063549135
1370000	-3608.650528827964
1370500	-3681.5632177052466
1371000	-3739.177235864511
1371500	-3722.070422700584
1372000	-3685.709932144335
1372500	-3697.297070029116
1373000	-3749.8397435944626
1373500	-3722.0054054156594
1374000	-3687.818524752726
1374500	-3779.5039015921766
1375000	-3709.005569491865
1375500	-3791.9492694302003
1376000	-3738.416769013755
1376500	-3748.2430493117154
1377000	-3734.9637251998256
1377500	-3687.118212403509
1378000	-3741.1369308510975
1378500	-3675.183150741184
1379000	-3780.116186472202
1379500	-3760.079041845104
1380000	-3887.08030212993
1380500	-3799.106289146103
1381000	-3644.470665726721
1381500	-3716.5400018507003
1382000	-3745.0680417039703
1382500	-3874.2246480498675
1383000	-3707.4480282056597
1383500	-3702.1780352246665
1384000	-3725.9501340844313
1384500	-3678.9058210056987
1385000	-3846.217120034321
1385500	-3763.788165607578
1386000	-3938.700008395015
1386500	-3996.8988345397024
1387000	-3812.170243250814
1387500	-3850.7064184859964
1388000	-3859.9901141719674
1388500	-3743.3338458183507
1389000	-3741.4462361130804
1389500	-3823.546517283394
1390000	-3792.166875345763
1390500	-3750.1901235732853
1391000	-3706.5850384160995
1391500	-3774.0969063218204
1392000	-3699.0063462708777
1392500	-3663.172246301091
1393000	-3803.96375526837
1393500	-3798.1072023510155
1394000	-3799.9882715975937
1394500	-3885.5772312593776
1395000	-3880.2968900563246
1395500	-3753.67308948076
1396000	-3908.2952247983967
1396500	-3844.687807059633
1397000	-3813.742627752566
1397500	-3781.204442121018
1398000	-3712.36951494202
1398500	-3862.8355987852588
1399000	-3588.433075104196
1399500	-3640.0603178599154
1400000	-3693.135764440635
1400500	-3709.9256249973996
1401000	-3655.1550025428064
1401500	-3705.5550038792812
1402000	-3715.2818318007585
1402500	-3738.940299615374
1403000	-3681.4997304704966
1403500	-3796.5823203552222
1404000	-3752.977890365595
1404500	-3899.0988323542433
1405000	-3751.361887367047
1405500	-3689.222586674674
1406000	-3710.9138297504787
1406500	-3811.6947812397257
1407000	-3811.2094347635434
1407500	-3748.0428291158964
1408000	-3889.953086097575
1408500	-3845.9521316863024
1409000	-3901.5990434942446
1409500	-3759.8796952773237
1410000	-3762.6001587700366
1410500	-3715.4646394949527
1411000	-3641.946999647848
1411500	-3780.4577374191504
1412000	-3715.9229933094443
1412500	-3791.1736640509725
1413000	-3743.17784057249
1413500	-3762.073571315892
1414000	-3732.7135406879024
1414500	-3756.504703266806
1415000	-3808.9363539139213
1415500	-3856.3883944754516
1416000	-3880.823353287552
1416500	-3799.505958423132
1417000	-3785.1509242484126
1417500	-3727.426272328751
1418000	-3730.428729487603
1418500	-3740.555239263056
1419000	-3808.763132771915
1419500	-3686.576610785131
1420000	-3741.5643513253267
1420500	-3697.6462679208994
1421000	-3756.3262577234996
1421500	-3766.5030931588303
1422000	-3751.4630799966067
1422500	-3639.795947130562
1423000	-3734.4008119091077
1423500	-3688.996753500042
1424000	-3756.6996941251778
1424500	-3716.6541067013354
1425000	-3730.315652449179
1425500	-3840.3106137711334
1426000	-3821.0763053171663
1426500	-3851.3631313445862
1427000	-3709.506592483646
1427500	-3794.6513105888166
1428000	-3777.383176288
1428500	-3899.151327399283
1429000	-3845.07672436167
1429500	-3809.8020786995594
1430000	-3805.016614979107
1430500	-3863.693264388514
1431000	-3862.8600405455286
1431500	-3785.9850333822633
1432000	-3838.0921502018105
1432500	-3960.0878989611897
1433000	-3905.270829244968
1433500	-3966.15725226912
1434000	-3792.201351953976
1434500	-3885.207658198962
1435000	-3876.5082692058827
1435500	-4023.780485879114
1436000	-3986.9436759682553
1436500	-3826.9556874681552
1437000	-3768.94691029011
1437500	-3697.1886478269953
1438000	-3824.745436364441
1438500	-3826.9432480350215
1439000	-3879.4036487781123
1439500	-3723.094302179101
1440000	-3726.1363869186303
1440500	-3694.256665248668
1441000	-3653.254552066758
1441500	-3841.3940002609124
1442000	-3858.466761323503
1442500	-3797.753454471134
1443000	-3721.10067011222
1443500	-3671.7929250285474
1444000	-3683.6775052521098
1444500	-3754.7613871219005
1445000	-3810.208553728972
1445500	-3988.825126186309
1446000	-3879.791883326205
1446500	-3876.0527342706305
1447000	-3900.5206159562595
1447500	-3817.1079595177353
1448000	-3815.904422980548
1448500	-3794.087159510067
1449000	-3819.7929784717676
1449500	-3822.9947445720904
1450000	-3663.6273617250818
1450500	-3728.937529174755
1451000	-3742.074680754961
1451500	-3832.8255011679175
1452000	-3938.3790746551053
1452500	-3862.9351507412885
1453000	-3750.6023825988154
1453500	-3681.339987674773
1454000	-3689.5424897436747
1454500	-3763.6125920321897
1455000	-3668.031374121773
1455500	-3800.9658238676875
1456000	-3734.2046533198154
1456500	-3721.590387347179
1457000	-3854.687370282601
1457500	-3749.093530638505
1458000	-3765.9315214612234
1458500	-3865.7457778415214
1459000	-3824.7766155497243
1459500	-3721.5145881442377
1460000	-3803.5464696685426
1460500	-3786.1300754659997
1461000	-3904.112998163505
1461500	-3885.3232088938835
1462000	-3797.962615773758
1462500	-3759.583585538645
1463000	-3803.9042395170877
1463500	-3722.2461975296915
1464000	-3804.1852246948224
1464500	-3747.034182290115
1465000	-3777.4605628669788
1465500	-3727.8907450951456
1466000	-3773.7525918736014
1466500	-3670.525121696248
1467000	-3788.728156326149
1467500	-4049.046203373177
1468000	-3854.5947106036324
1468500	-3801.9752409201237
1469000	-3769.999369284805
1469500	-3794.291741443911
1470000	-3654.6902448781966
1470500	-3634.0674943451095
1471000	-3740.8044726156936
1471500	-3690.0163439752964
1472000	-3862.3710819272246
1472500	-3777.518427522057
1473000	-3708.7397717035565
1473500	-3753.9521949284476
1474000	-3781.2281833964144
1474500	-3825.1445956220114
1475000	-3801.693548010609
1475500	-3841.261136376953
1476000	-3793.541923269352
1476500	-3877.108081263213
1477000	-3798.409493519413
1477500	-3875.326077746468
1478000	-3924.8338011412275
1478500	-3906.549710950917
1479000	-3897.9191074393057
1479500	-3872.0569367929893
1480000	-3794.627848173253
1480500	-3753.5239025422793
1481000	-3848.628303157086
1481500	-3934.116912530366
1482000	-3764.1355937602348
1482500	-3818.0589473408127
1483000	-3785.617388599557
1483500	-3728.1038903396043
1484000	-3748.038542355292
1484500	-3746.545465782726
1485000	-3714.663369105559
1485500	-3732.3790592483942
1486000	-3838.3202702464814
1486500	-3861.670728430852
1487000	-3825.5017063495134
1487500	-3737.1252233566556
1488000	-3786.5345230270427
1488500	-3869.1477372849163
1489000	-3852.6798590185545
1489500	-3783.1085942992154
1490000	-3907.1672381689596
1490500	-3856.1971690706578
1491000	-3860.052953476601
1491500	-3973.234133691802
1492000	-3834.120549482054
1492500	-3903.2736782584147
1493000	-3980.3896771653763
1493500	-3763.2886909059353
1494000	-3848.1766623950048
1494500	-3837.9064257827604
1495000	-3791.5752282645462
1495500	-3849.674147194985
1496000	-3831.6315880755415
1496500	-3877.6765140856123
1497000	-3782.230694039116
1497500	-3906.354155953034
1498000	-3810.4909657605913
1498500	-3844.9881484377197
1499000	-3849.3972050506545
1499500	-3917.7682620560145
1500000	-3763.734307917612
