Sample	likelihood
0	-3501.449506426519
500	-3499.1743896221346
1000	-3510.88142108628
1500	-3492.707671891677
2000	-3513.5702158251847
2500	-3502.3037068079907
3000	-3501.717235900412
3500	-3520.944034983557
4000	-3494.890844494082
4500	-3471.5272373776843
5000	-3520.4217472558016
5500	-3485.2085627128213
6000	-3524.689903494358
6500	-3499.0666306720104
7000	-3535.8599920811885
7500	-3506.4600869842543
8000	-3575.927533861327
8500	-3551.8020668549007
9000	-3539.289915892484
9500	-3547.2433729598256
10000	-3524.4664159351983
10500	-3525.475692073043
11000	-3554.8958521704594
11500	-3559.0212195460604
12000	-3564.8502262904867
12500	-3546.170298245673
13000	-3557.5961311757187
13500	-3521.766862640578
14000	-3501.3526685916854
14500	-3502.2959319480274
15000	-3498.915126336348
15500	-3495.279393146432
16000	-3500.931572887088
16500	-3522.792723572309
17000	-3528.3805866564653
17500	-3530.807878654906
18000	-3525.7593896983253
18500	-3533.7816899343993
19000	-3509.275291209921
19500	-3515.3665842499895
20000	-3488.589795868572
20500	-3503.062400394654
21000	-3539.0886754373128
21500	-3535.8588127045764
22000	-3521.5952730448444
22500	-3511.2216460446525
23000	-3501.758374755494
23500	-3539.816731424327
24000	-3527.4056489033755
24500	-3521.9123585092393
25000	-3510.608399018633
25500	-3533.82070607603
26000	-3519.3744879153055
26500	-3547.0660458326734
27000	-3504.1704935445314
27500	-3531.6717497173845
28000	-3497.8076099509894
28500	-3502.202398484906
29000	-3524.457508984321
29500	-3561.456875737968
30000	-3537.1091102850924
30500	-3501.3855168224322
31000	-3521.043155382937
31500	-3493.182909099729
32000	-3481.0542355332605
32500	-3537.6999766511944
33000	-3554.324821772815
33500	-3548.121399948048
34000	-3509.4810852333735
34500	-3508.5480451488693
35000	-3533.052975939615
35500	-3534.3533553274365
36000	-3518.1895860956843
36500	-3519.9183771475014
37000	-3557.6644039871703
37500	-3528.426654527161
38000	-3532.5097199724237
38500	-3561.6285511974215
39000	-3547.0601978055597
39500	-3566.2556656878287
40000	-3554.031358918086
40500	-3501.094014496967
41000	-3518.8832215444927
41500	-3510.6046725530623
42000	-3507.5639624884066
42500	-3488.064970992408
43000	-3584.0592036944
43500	-3607.660321455985
44000	-3621.21044718067
44500	-3587.4941227725853
45000	-3610.9467832471255
45500	-3595.896083992286
46000	-3630.824260615238
46500	-3579.969010890192
47000	-3557.140434694921
47500	-3525.15729191476
48000	-3542.800346953082
48500	-3521.2711424806794
49000	-3544.6740086192567
49500	-3568.6397056340734
50000	-3532.8551407637838
50500	-3562.0324501281857
51000	-3597.3491936647993
51500	-3587.655280512555
52000	-3532.1917441316655
52500	-3549.8145805109975
53000	-3553.0462777883467
53500	-3549.574769598135
54000	-3548.053673017601
54500	-3553.6743728532224
55000	-3538.2369866402864
55500	-3574.2018006725857
56000	-3571.969049394666
56500	-3546.4899679948953
57000	-3540.412998799241
57500	-3565.5870582615116
58000	-3569.99086136028
58500	-3574.586690200998
59000	-3582.9903505722805
59500	-3568.3728622369317
60000	-3565.652571507329
60500	-3604.07549337401
61000	-3583.594139588612
61500	-3566.7158148102817
62000	-3556.778826623352
62500	-3532.957356701086
63000	-3530.5659415461105
63500	-3524.4573561363104
64000	-3555.884304713035
64500	-3556.4621527816735
65000	-3588.0493825132903
65500	-3626.808176102617
66000	-3641.994662109562
66500	-3582.320754167899
67000	-3546.0040343068868
67500	-3556.941570825286
68000	-3601.2450428156944
68500	-3543.292068279088
69000	-3563.392169008008
69500	-3578.241817013035
70000	-3534.7499897569614
70500	-3525.7352151697783
71000	-3522.1531973401866
71500	-3546.9658961791015
72000	-3584.40119560369
72500	-3545.9002219184094
73000	-3566.5008128863333
73500	-3547.142697568389
74000	-3580.9344257220937
74500	-3546.6192602360925
75000	-3577.1234424798618
75500	-3563.6638760399564
76000	-3537.7379228496584
76500	-3556.5233556738135
77000	-3548.3681308378073
77500	-3545.1477148290705
78000	-3534.0772872292437
78500	-3551.717294741416
79000	-3550.422160768078
79500	-3553.454483679452
80000	-3533.565671249762
80500	-3539.770899945724
81000	-3559.206404792572
81500	-3556.4748215600944
82000	-3550.6557207115593
82500	-3552.30588659892
83000	-3551.993353107798
83500	-3585.721571541563
84000	-3559.3214825896885
84500	-3543.7809239860103
85000	-3537.434312583061
85500	-3570.0579372189973
86000	-3564.656764680435
86500	-3575.809425838179
87000	-3553.3287350478945
87500	-3625.1818967299146
88000	-3567.6926002868445
88500	-3561.841873066904
89000	-3542.4429273019873
89500	-3575.195914277379
90000	-3641.8755359971947
90500	-3576.6974738638405
91000	-3541.2866465591715
91500	-3590.6242957542786
92000	-3551.7843577161334
92500	-3573.5737597230577
93000	-3618.490879309301
93500	-3605.8435623679015
94000	-3530.215081800476
94500	-3529.5797495959364
95000	-3552.988423918049
95500	-3605.2939193268776
96000	-3628.9347076361964
96500	-3640.2950252384003
97000	-3639.396817770114
97500	-3623.9082285835884
98000	-3637.890441354161
98500	-3610.022007357302
99000	-3648.1904275659085
99500	-3591.205836549066
100000	-3582.0601146526633
100500	-3619.481866271156
101000	-3590.2630294765545
101500	-3608.4734424932344
102000	-3595.0624297052245
102500	-3581.3131786918766
103000	-3583.7563168908864
103500	-3539.6886495162425
104000	-3565.961294001206
104500	-3572.7737578099895
105000	-3516.1933245402565
105500	-3532.842614544473
106000	-3587.5288486469494
106500	-3535.507621130008
107000	-3540.8395043783785
107500	-3548.406131602342
108000	-3537.475031319143
108500	-3530.8285816662114
109000	-3552.173570926361
109500	-3561.8964217931602
110000	-3542.1550759261113
110500	-3558.357620596246
111000	-3576.4920031630536
111500	-3528.0484531551115
112000	-3565.3978529083256
112500	-3535.7645772655974
113000	-3528.0379092186868
113500	-3557.3576214720456
114000	-3527.385067020142
114500	-3534.8630397286383
115000	-3556.4773136516883
115500	-3560.6193415749085
116000	-3522.2924824472943
116500	-3543.1750210330842
117000	-3570.1136154513156
117500	-3537.679099615253
118000	-3579.4798523880663
118500	-3553.6257854149308
119000	-3572.7897016436978
119500	-3541.3148246452915
120000	-3592.29097880137
120500	-3559.615945182055
121000	-3563.0693463748153
121500	-3643.510119664149
122000	-3560.2026205674083
122500	-3590.5875708718418
123000	-3597.0177497615664
123500	-3591.495766361808
124000	-3552.12972786497
124500	-3542.729601608466
125000	-3572.1887188744804
125500	-3620.8128902893677
126000	-3569.4719140634143
126500	-3561.8485051126227
127000	-3553.5069545294164
127500	-3563.8428947381067
128000	-3572.993969388575
128500	-3563.775623696756
129000	-3546.4224355653846
129500	-3547.1032625424227
130000	-3609.5500068286965
130500	-3562.7392974720483
131000	-3536.1161399161483
131500	-3550.4442075007582
132000	-3538.370377415634
132500	-3515.294158187285
133000	-3578.2982096132355
133500	-3565.8161614839764
134000	-3552.3729886317983
134500	-3546.2773779709623
135000	-3585.6727507851956
135500	-3519.905498356465
136000	-3520.735785691845
136500	-3544.0088151569075
137000	-3516.0273682429533
137500	-3549.8118889193047
138000	-3554.6824514289606
138500	-3535.3033540746637
139000	-3548.0463519156724
139500	-3550.174090069416
140000	-3551.9946163774216
140500	-3522.4028524736955
141000	-3527.5940554602653
141500	-3548.419090054093
142000	-3515.249990998306
142500	-3518.8226041620655
143000	-3514.0484070482876
143500	-3540.904303919239
144000	-3546.362498631354
144500	-3519.950504742382
145000	-3545.4848596459806
145500	-3541.446032506783
146000	-3552.4039217164664
146500	-3534.8716013927256
147000	-3535.7725754621497
147500	-3613.7277069364677
148000	-3627.9230632650338
148500	-3666.7456500865655
149000	-3616.547211290063
149500	-3572.7217433998817
150000	-3598.640708971003
150500	-3548.24653787861
151000	-3572.6233189874397
151500	-3507.2252399470667
152000	-3522.7189312755413
152500	-3542.868816892373
153000	-3541.307924187089
153500	-3539.833482562487
154000	-3569.3124776970367
154500	-3538.9777977212325
155000	-3530.6981055128504
155500	-3540.7307036252796
156000	-3552.5793821488546
156500	-3523.4264848785783
157000	-3537.07030700093
157500	-3549.728162890102
158000	-3548.6910466187182
158500	-3541.576554242192
159000	-3563.664659318981
159500	-3540.9804411205632
160000	-3552.1508227655554
160500	-3554.123973772442
161000	-3520.3983708356955
161500	-3576.3704075741753
162000	-3587.769437691324
162500	-3514.3029375400183
163000	-3528.8932069493762
163500	-3531.3199323073595
164000	-3541.294289758271
164500	-3538.293083090293
165000	-3555.6843441248498
165500	-3568.816513775336
166000	-3557.3009994712556
166500	-3560.97098289252
167000	-3549.843376991107
167500	-3561.9872776701445
168000	-3601.9917596742425
168500	-3575.1957843596642
169000	-3545.7071303669877
169500	-3519.710953444098
170000	-3512.0646876723895
170500	-3583.7881196676103
171000	-3534.5080638521904
171500	-3553.042517172224
172000	-3527.3103213104837
172500	-3508.384942525876
173000	-3538.6706043305585
173500	-3529.151394793
174000	-3561.4349618828123
174500	-3579.869017840205
175000	-3570.7244177798852
175500	-3584.2050559511003
176000	-3556.68768907376
176500	-3575.1152081468836
177000	-3564.3013140550643
177500	-3576.813908901092
178000	-3579.214081442306
178500	-3556.4289679092276
179000	-3535.0251112855067
179500	-3564.2853028125232
180000	-3606.5558731556257
180500	-3552.980965015434
181000	-3550.756414193171
181500	-3544.1879695178204
182000	-3516.1112950672787
182500	-3537.256011940537
183000	-3531.5957365501436
183500	-3532.389922392191
184000	-3523.0404952498284
184500	-3533.6801010812856
185000	-3509.037750805075
185500	-3542.485988202276
186000	-3536.377264539018
186500	-3528.2667001049917
187000	-3523.2271867703894
187500	-3538.750115856731
188000	-3495.196505454017
188500	-3533.1786483804826
189000	-3539.4586472798837
189500	-3551.639945444964
190000	-3524.954115194301
190500	-3529.990835775479
191000	-3560.2694044425043
191500	-3542.707749623549
192000	-3528.1436783194395
192500	-3555.0276685536874
193000	-3522.567047097653
193500	-3531.7628112921616
194000	-3542.123467685416
194500	-3566.1221069352027
195000	-3519.150440204223
195500	-3571.687131898138
196000	-3548.5183221308052
196500	-3558.0143736597092
197000	-3547.946739912459
197500	-3517.9382394294994
198000	-3526.5455323230285
198500	-3512.787021810717
199000	-3507.1386433766293
199500	-3530.702366595235
200000	-3527.3977252007116
200500	-3529.127236624977
201000	-3546.918324757078
201500	-3545.1869529974642
202000	-3518.9310918313786
202500	-3508.9123510766067
203000	-3537.691052455157
203500	-3545.913755614289
204000	-3521.241039458653
204500	-3536.454129132601
205000	-3527.488091949053
205500	-3535.6404333503415
206000	-3523.3366316898732
206500	-3490.249349852515
207000	-3529.307017093524
207500	-3505.639988761778
208000	-3545.0794438132843
208500	-3523.5216753602476
209000	-3514.382519464149
209500	-3522.8200252069214
210000	-3549.2223548939737
210500	-3570.629289666027
211000	-3549.8246134948895
211500	-3543.710188365559
212000	-3570.280741038265
212500	-3590.4402440234035
213000	-3548.188205845987
213500	-3538.8528024064326
214000	-3532.761416952639
214500	-3586.3409132179177
215000	-3562.2838700051925
215500	-3563.141026280795
216000	-3590.1152225239716
216500	-3576.3981129210374
217000	-3556.123761668738
217500	-3540.9444273821077
218000	-3513.3802143994376
218500	-3548.1454910350035
219000	-3552.8392009614718
219500	-3529.323804366049
220000	-3532.054301712746
220500	-3521.4757336517146
221000	-3561.2594098489026
221500	-3598.7981574992314
222000	-3531.72373652835
222500	-3545.381501509512
223000	-3542.3969296949217
223500	-3544.542163993709
224000	-3537.6445772369498
224500	-3506.3016987660735
225000	-3539.075254648732
225500	-3504.678159994386
226000	-3525.0143633092957
226500	-3490.9859880500917
227000	-3504.4009238099047
227500	-3532.9291893827135
228000	-3568.022119294082
228500	-3510.931962625938
229000	-3519.8222630394207
229500	-3504.365826614284
230000	-3530.6109020311665
230500	-3490.7266556313048
231000	-3515.3765436013146
231500	-3523.540002776786
232000	-3532.2833245420625
232500	-3510.311002851985
233000	-3527.696952676849
233500	-3573.167951040969
234000	-3557.6551946027816
234500	-3566.763017869185
235000	-3525.1773213367446
235500	-3537.376593056585
236000	-3516.416488083181
236500	-3543.8638996059726
237000	-3557.7326768278745
237500	-3564.1468393925406
238000	-3491.2619763760467
238500	-3497.4139401896837
239000	-3524.0530747818107
239500	-3501.7921749452094
240000	-3565.0472420576366
240500	-3570.467867342304
241000	-3583.251992472322
241500	-3558.863846971409
242000	-3552.8161536792863
242500	-3532.081314766344
243000	-3568.904986248952
243500	-3563.2056256082856
244000	-3549.4063540842594
244500	-3492.2721331441644
245000	-3500.47346758355
245500	-3523.884286320498
246000	-3487.609930103878
246500	-3566.2712772267278
247000	-3539.4608604258015
247500	-3523.1458377260174
248000	-3558.187023450266
248500	-3507.1837533506505
249000	-3508.12049977544
249500	-3479.467775833531
250000	-3502.8156695674916
250500	-3507.9157856431775
251000	-3503.013367066231
251500	-3605.9518508549304
252000	-3532.450919968992
252500	-3524.260903354718
253000	-3539.5683143469582
253500	-3543.9345575055418
254000	-3535.913897756344
254500	-3588.879892310656
255000	-3541.790821366536
255500	-3541.4680163212847
256000	-3524.9056630430214
256500	-3585.0922613026587
257000	-3524.2554047849603
257500	-3498.445757509244
258000	-3544.181177084499
258500	-3548.2839724421183
259000	-3530.85504416294
259500	-3513.9133437431333
260000	-3507.702628209058
260500	-3493.0183516599004
261000	-3516.6376390348696
261500	-3528.537000540049
262000	-3544.54566371324
262500	-3547.683395090409
263000	-3508.615365130311
263500	-3525.3963714404463
264000	-3503.107125168869
264500	-3534.152295258019
265000	-3583.0958195389094
265500	-3519.0770864970764
266000	-3539.850371639702
266500	-3544.758662315856
267000	-3540.4930878125315
267500	-3526.544626907306
268000	-3533.802382056233
268500	-3565.518929062344
269000	-3549.488615349464
269500	-3526.487819473339
270000	-3560.5002553309655
270500	-3531.7413067817547
271000	-3535.157363274133
271500	-3553.255867468866
272000	-3538.5223377443567
272500	-3531.866258024009
273000	-3574.3848821996626
273500	-3517.02011869804
274000	-3562.809683287517
274500	-3556.787846722098
275000	-3568.3855145137213
275500	-3539.3257029132574
276000	-3545.291417181349
276500	-3554.7732302341046
277000	-3525.094309215888
277500	-3522.215565805649
278000	-3544.1843335434537
278500	-3561.6080645135135
279000	-3554.2739487180434
279500	-3522.9250652521746
280000	-3529.585596468126
280500	-3563.8274022305104
281000	-3572.967038474334
281500	-3525.7141381054653
282000	-3545.583314795735
282500	-3533.1862691727515
283000	-3566.937760897464
283500	-3585.3086718905765
284000	-3569.2693301873574
284500	-3541.911033130229
285000	-3556.5445474838352
285500	-3554.942426290447
286000	-3534.40694120344
286500	-3550.320011620766
287000	-3616.2881133117926
287500	-3551.953315099184
288000	-3582.1199341482275
288500	-3624.2611287443783
289000	-3567.1728722976436
289500	-3533.4208755432437
290000	-3495.9318173466377
290500	-3552.2971715349563
291000	-3552.0440592024192
291500	-3545.346174058815
292000	-3548.0283550112417
292500	-3553.3802679260248
293000	-3562.3139702177255
293500	-3553.8976824237493
294000	-3564.411487827725
294500	-3504.5193400351836
295000	-3507.4033324658494
295500	-3542.98309225807
296000	-3504.720274674904
296500	-3525.292457575017
297000	-3512.019987837361
297500	-3525.525097120072
298000	-3537.471815817591
298500	-3531.622943251479
299000	-3499.1071237802716
299500	-3479.3256503725106
300000	-3499.260810694936
300500	-3502.990651435973
301000	-3529.9143231936846
301500	-3549.345794365897
302000	-3505.8822033717647
302500	-3545.8663205305324
303000	-3526.2507260605175
303500	-3491.2536857223904
304000	-3502.1375431564843
304500	-3491.761999297809
305000	-3497.365017457029
305500	-3535.142372984623
306000	-3477.6527534785323
306500	-3510.10474777275
307000	-3566.055245107877
307500	-3565.144351646775
308000	-3571.5640090237243
308500	-3564.307380100841
309000	-3512.2502234796043
309500	-3560.479326535894
310000	-3541.054676623497
310500	-3560.640320991575
311000	-3535.6295293472344
311500	-3534.7015134430194
312000	-3588.2265439891285
312500	-3569.097021455149
313000	-3559.4123646287085
313500	-3571.365259909673
314000	-3529.091777954406
314500	-3535.229555459563
315000	-3552.008013486212
315500	-3560.522769148446
316000	-3556.022112284115
316500	-3566.2675215045306
317000	-3597.243303827206
317500	-3599.915679715867
318000	-3603.978257691994
318500	-3602.0781969030177
319000	-3575.1365315748853
319500	-3560.5803287774397
320000	-3581.0308375273567
320500	-3602.7312154377387
321000	-3560.4887054600395
321500	-3541.8975006654987
322000	-3517.6182505783536
322500	-3577.0808277300257
323000	-3545.2866775341577
323500	-3590.9473939183454
324000	-3525.3941639011036
324500	-3565.3254866766783
325000	-3506.116443341234
325500	-3524.1494556737252
326000	-3547.9701662570546
326500	-3572.9455370378255
327000	-3565.786741171798
327500	-3590.2913381516496
328000	-3562.95299359989
328500	-3574.112527872778
329000	-3580.9998895963786
329500	-3539.070407570978
330000	-3558.2107635876982
330500	-3559.1994762342924
331000	-3572.852710928906
331500	-3574.831273426581
332000	-3558.724076287016
332500	-3543.1246126511637
333000	-3550.5615448950757
333500	-3573.235435439108
334000	-3585.7278658423497
334500	-3554.0069034798817
335000	-3541.0858551966653
335500	-3512.1296187312355
336000	-3517.3990833141634
336500	-3507.222794539303
337000	-3533.1613009101
337500	-3563.783172835918
338000	-3532.03049541497
338500	-3539.885441063882
339000	-3558.0869068879315
339500	-3533.50922217684
340000	-3539.7047357564275
340500	-3577.5389853637857
341000	-3532.744966869344
341500	-3539.686073281238
342000	-3532.575381735891
342500	-3555.640486617975
343000	-3542.3919013969985
343500	-3533.4936511168394
344000	-3543.5514566609622
344500	-3538.4705258198637
345000	-3572.3548531576644
345500	-3585.7263062417073
346000	-3582.376849957677
346500	-3518.1800616578644
347000	-3543.660603068956
347500	-3549.7494835990406
348000	-3557.000382592155
348500	-3559.259697250247
349000	-3582.58387886777
349500	-3574.2471346466855
350000	-3595.145888972012
350500	-3629.037376932331
351000	-3617.0748129484273
351500	-3552.3308815737237
352000	-3568.013522194211
352500	-3528.7414906411714
353000	-3545.320520052968
353500	-3566.6502407164153
354000	-3551.338919140062
354500	-3530.77277387464
355000	-3547.8552720794996
355500	-3544.0602529124294
356000	-3544.6946669485064
356500	-3534.339100341727
357000	-3543.157584356101
357500	-3545.1916564953026
358000	-3560.264974545476
358500	-3555.650424113558
359000	-3571.87889313478
359500	-3576.8846975732404
360000	-3560.7245994480404
360500	-3572.8761739460465
361000	-3582.5934555697804
361500	-3522.3036876327433
362000	-3515.1420709435774
362500	-3590.136887904051
363000	-3539.323746528248
363500	-3577.1257746680567
364000	-3600.9049723496005
364500	-3554.09713507876
365000	-3525.408308103606
365500	-3518.108148221808
366000	-3549.2110460509934
366500	-3601.1296307558114
367000	-3586.886397207649
367500	-3555.3615153552983
368000	-3558.0856499627916
368500	-3605.881474550281
369000	-3546.6759149983973
369500	-3623.3580131112726
370000	-3572.717659946192
370500	-3563.519321031566
371000	-3573.6013034773237
371500	-3566.0061603083404
372000	-3563.257650121094
372500	-3544.617465661108
373000	-3550.428400353841
373500	-3537.0825005371703
374000	-3545.1252721071855
374500	-3551.83425230936
375000	-3543.3514865467087
375500	-3569.8274636949295
376000	-3569.6206172373018
376500	-3573.778107821324
377000	-3581.222320770425
377500	-3567.098776922516
378000	-3592.0452506520583
378500	-3576.996901775699
379000	-3590.207101277121
379500	-3572.261313452419
380000	-3559.4473833555057
380500	-3561.9309520602387
381000	-3554.8617643140165
381500	-3571.158380095673
382000	-3541.9054431564996
382500	-3575.685137735289
383000	-3553.408044275661
383500	-3569.695824490884
384000	-3592.318084873329
384500	-3597.7954659347997
385000	-3591.2590114602936
385500	-3588.3177614900346
386000	-3548.267883812431
386500	-3538.406460034265
387000	-3545.6908088928194
387500	-3572.035250587277
388000	-3585.1701383133995
388500	-3584.032636655431
389000	-3586.5854009828317
389500	-3572.2713379361667
390000	-3561.3745784195235
390500	-3563.595243767522
391000	-3601.367410894414
391500	-3585.298582195793
392000	-3566.8686418995894
392500	-3613.2118819494717
393000	-3621.3398115681416
393500	-3627.1201468527865
394000	-3614.2334212066726
394500	-3627.1896634485715
395000	-3609.95434508929
395500	-3610.9168073006103
396000	-3610.5624383176414
396500	-3574.341232344304
397000	-3556.2761897131722
397500	-3560.813036177305
398000	-3521.245664786364
398500	-3523.4864321840987
399000	-3524.2707420945626
399500	-3558.7295721946966
400000	-3530.224577132532
400500	-3532.9997888027724
401000	-3481.876951351819
401500	-3519.0744166512736
402000	-3521.814067523373
402500	-3573.354290745109
403000	-3510.215806337211
403500	-3542.737589543492
404000	-3586.586320614811
404500	-3558.7525106142825
405000	-3619.823431566888
405500	-3612.8532768371165
406000	-3596.261062905157
406500	-3589.169709632526
407000	-3569.6051541951247
407500	-3579.9054543876287
408000	-3519.3243135399066
408500	-3513.1908437091633
409000	-3541.240274919048
409500	-3520.2600936955223
410000	-3532.636695062957
410500	-3522.2377503666194
411000	-3529.8840596428577
411500	-3505.8768749739056
412000	-3532.402343211881
412500	-3515.2238806294204
413000	-3562.922181024393
413500	-3523.2500253260982
414000	-3525.2138526252597
414500	-3569.213483251133
415000	-3542.294183185204
415500	-3526.6187336390462
416000	-3545.0201590995803
416500	-3527.65117273668
417000	-3546.0184183401566
417500	-3534.634031527189
418000	-3540.8176262357006
418500	-3540.741609221162
419000	-3567.04173617218
419500	-3515.84594238551
420000	-3566.568502333301
420500	-3536.0329158538284
421000	-3541.1858248691688
421500	-3529.1571320290873
422000	-3564.768966079896
422500	-3536.3921890271963
423000	-3523.320720404296
423500	-3535.3749854576035
424000	-3534.3833386896345
424500	-3532.922848940881
425000	-3537.9657316066814
425500	-3555.18745754189
426000	-3535.3238102913656
426500	-3531.379825014092
427000	-3573.9139679227037
427500	-3556.583666854178
428000	-3611.7163668735197
428500	-3600.553834520792
429000	-3633.5472829460846
429500	-3619.8460299471476
430000	-3560.99842625158
430500	-3621.6416525448094
431000	-3603.7232326811695
431500	-3589.2879402197073
432000	-3566.7515765637813
432500	-3629.602873791011
433000	-3599.823675630827
433500	-3590.183993782971
434000	-3553.883494771492
434500	-3551.505925226327
435000	-3560.39633031572
435500	-3569.6117687334345
436000	-3568.031109794087
436500	-3598.314091218177
437000	-3531.116685163826
437500	-3558.351326044071
438000	-3515.9588502059814
438500	-3532.713773229669
439000	-3536.278828170097
439500	-3553.970209339546
440000	-3552.259655833896
440500	-3560.327509505406
441000	-3560.7775407169424
441500	-3595.100533992796
442000	-3613.4966706694872
442500	-3555.72604663405
443000	-3578.501554267202
443500	-3573.9243476972943
444000	-3534.2697082629693
444500	-3566.775203679529
445000	-3575.4503135644936
445500	-3566.330386721688
446000	-3583.15667749465
446500	-3588.4149789262997
447000	-3596.6339794854894
447500	-3557.8736021791847
448000	-3542.695801225895
448500	-3563.004297104158
449000	-3562.769223777569
449500	-3607.602654367306
450000	-3577.6389285983746
450500	-3586.3569099739457
451000	-3578.4474165278248
451500	-3555.185911478643
452000	-3576.309373721644
452500	-3569.2005562719946
453000	-3564.212279805709
453500	-3537.380187435617
454000	-3514.5720256466875
454500	-3540.863852726244
455000	-3540.948046343426
455500	-3495.426437590699
456000	-3540.020058011311
456500	-3583.91616967731
457000	-3541.027596892063
457500	-3536.8766856001225
458000	-3532.846574316144
458500	-3547.3418587762544
459000	-3532.154173827916
459500	-3542.5749784193445
460000	-3561.5597014699524
460500	-3544.551873832733
461000	-3540.214744813158
461500	-3546.4709590816174
462000	-3532.9568151742856
462500	-3557.655189308147
463000	-3582.3293513777176
463500	-3580.6778136565677
464000	-3568.25813376071
464500	-3556.6056172377134
465000	-3554.8974655240054
465500	-3549.20148610532
466000	-3552.2181169896667
466500	-3586.082999352705
467000	-3572.5276653386145
467500	-3576.7990184789473
468000	-3578.1808540208654
468500	-3552.1588371585717
469000	-3548.6919278502396
469500	-3583.5921882622806
470000	-3555.64631237426
470500	-3559.335167313579
471000	-3583.3944892243553
471500	-3565.988514270294
472000	-3578.85818950621
472500	-3523.817057036263
473000	-3557.9137385367794
473500	-3530.5176277750015
474000	-3554.7569967297695
474500	-3551.2244782947814
475000	-3526.2504910186262
475500	-3574.0042307222107
476000	-3545.4125490719175
476500	-3566.8633284624825
477000	-3578.6416961521722
477500	-3552.5531590759647
478000	-3533.901301822236
478500	-3563.328559390315
479000	-3543.252140613257
479500	-3561.37260655629
480000	-3571.67741079561
480500	-3541.7859420547175
481000	-3551.383952740887
481500	-3559.7850001613356
482000	-3576.779746651027
482500	-3544.5292210162374
483000	-3550.5621271554055
483500	-3577.183776048298
484000	-3522.7525490852704
484500	-3540.4904108557353
485000	-3541.0773786443065
485500	-3543.128662171983
486000	-3551.602969274453
486500	-3525.42216598724
487000	-3547.2120425296366
487500	-3546.611625599612
488000	-3621.443277588294
488500	-3589.55195768469
489000	-3543.1197199919084
489500	-3536.4040617317255
490000	-3538.6401972721496
490500	-3543.3264132002278
491000	-3530.474492232198
491500	-3523.3934158263196
492000	-3517.0650070569773
492500	-3521.867744389705
493000	-3584.331793543377
493500	-3577.2336922552063
494000	-3595.491110255047
494500	-3598.3091177607266
495000	-3600.5243601826005
495500	-3602.4933266918665
496000	-3595.0967416725907
496500	-3597.87127349741
497000	-3607.3736201416623
497500	-3561.661112398352
498000	-3552.0147680658847
498500	-3585.878928297567
499000	-3602.1182103811307
499500	-3589.5146328413275
500000	-3565.251604693836
500500	-3575.3937345175864
501000	-3589.8418536252925
501500	-3600.5202140431675
502000	-3580.6404029272217
502500	-3580.5422868800047
503000	-3597.7300469363468
503500	-3615.0170621962607
504000	-3594.816672903194
504500	-3607.292498990358
505000	-3565.7264258410187
505500	-3618.8043144856956
506000	-3619.697011725385
506500	-3597.5945484398057
507000	-3582.1300928057967
507500	-3579.5082285571402
508000	-3609.5624874508276
508500	-3584.981995736692
509000	-3586.351554466174
509500	-3564.670549099424
510000	-3548.951986814429
510500	-3584.3272309804115
511000	-3585.687738818995
511500	-3590.565471581153
512000	-3585.801884150852
512500	-3562.396693236237
513000	-3579.307790892468
513500	-3611.296122323804
514000	-3595.574696833189
514500	-3567.191992902578
515000	-3566.584274388779
515500	-3601.347408084299
516000	-3591.56704207134
516500	-3591.4937917946586
517000	-3551.2971753029783
517500	-3565.7798081394476
518000	-3553.2226690788507
518500	-3608.3431989900573
519000	-3534.993052867499
519500	-3566.805135937043
520000	-3627.2253889645085
520500	-3600.16841166592
521000	-3604.1665703763624
521500	-3570.0852410879606
522000	-3529.6861489131174
522500	-3561.1912822037552
523000	-3541.8759494328865
523500	-3545.5311435891244
524000	-3564.567948413603
524500	-3549.7487582941258
525000	-3610.788467684655
525500	-3585.8102565952036
526000	-3564.3099803015034
526500	-3578.805591498429
527000	-3567.1867797566906
527500	-3581.667460090038
528000	-3603.9093464963794
528500	-3599.5265492648477
529000	-3614.660785585108
529500	-3552.698159484641
530000	-3544.656565057469
530500	-3565.512942539981
531000	-3562.9151091532567
531500	-3542.8649809861336
532000	-3560.4841168143935
532500	-3595.6751361679153
533000	-3561.8394108166285
533500	-3556.9634696716557
534000	-3532.9866364677255
534500	-3524.2621054662573
535000	-3565.276313229111
535500	-3581.1894079328476
536000	-3561.407462207777
536500	-3535.2855826422838
537000	-3582.905503959969
537500	-3540.6379912314205
538000	-3525.35931567439
538500	-3579.5929806000545
539000	-3605.6510941801075
539500	-3619.390838625298
540000	-3599.096832293305
540500	-3636.656828841408
541000	-3582.856924279659
541500	-3648.0241159666825
542000	-3621.1999114146006
542500	-3591.8557534065103
543000	-3558.1207587630875
543500	-3545.730130055224
544000	-3577.982983885482
544500	-3553.734172014551
545000	-3554.856053030197
545500	-3541.6391892487836
546000	-3572.530101214404
546500	-3549.8636455807164
547000	-3560.041803999385
547500	-3580.9252062694745
548000	-3572.9911241292875
548500	-3573.88113250593
549000	-3545.104277306754
549500	-3582.0314813275877
550000	-3584.9155212610435
550500	-3579.0808402412345
551000	-3559.5195409797293
551500	-3613.188418126569
552000	-3613.002869877789
552500	-3560.397491786578
553000	-3558.8096928062887
553500	-3604.7676801374587
554000	-3616.532064287844
554500	-3583.202456055567
555000	-3554.458408830658
555500	-3554.458408830658
556000	-3554.458408830658
556500	-3554.458408830658
557000	-3554.458408830658
557500	-3554.458408830658
558000	-3554.458408830658
558500	-3554.458408830658
559000	-3554.458408830658
559500	-3554.458408830658
560000	-3554.458408830658
560500	-3554.458408830658
561000	-3581.818822076801
561500	-3625.246174937637
562000	-3579.80234317378
562500	-3553.6279109129814
563000	-3566.709451144454
563500	-3588.4527618164434
564000	-3536.712138262963
564500	-3481.171868974938
565000	-3512.867813673958
565500	-3520.7391146486257
566000	-3496.810024339317
566500	-3519.6171219393887
567000	-3497.28013608087
567500	-3564.527065355305
568000	-3559.8402904513996
568500	-3553.012588007452
569000	-3562.1753305625944
569500	-3535.65040146681
570000	-3512.0715736027814
570500	-3575.1034442642544
571000	-3578.193929870061
571500	-3611.934684760555
572000	-3563.822537743323
572500	-3553.1590892955214
573000	-3601.350609185946
573500	-3554.2453812384947
574000	-3497.44778065071
574500	-3505.5661664285894
575000	-3557.71649982673
575500	-3539.6447281277087
576000	-3514.742346548462
576500	-3513.5806358253885
577000	-3482.9669734113763
577500	-3552.1670691972504
578000	-3542.752169036505
578500	-3511.3116174811594
579000	-3535.07610142806
579500	-3556.1371747463686
580000	-3534.758115308843
580500	-3524.950267265268
581000	-3485.9620579277585
581500	-3506.9952680454658
582000	-3517.310328311483
582500	-3497.9765855111777
583000	-3527.9300347263547
583500	-3493.061056687063
584000	-3502.6987803671877
584500	-3512.3851354102935
585000	-3511.190180746532
585500	-3517.114738198492
586000	-3519.942071779114
586500	-3542.87325073752
587000	-3551.4546701804256
587500	-3547.857820773295
588000	-3541.9757372498584
588500	-3548.9781070624813
589000	-3529.9896164629754
589500	-3555.6395727740446
590000	-3571.981736616555
590500	-3613.5804764786617
591000	-3527.588232431894
591500	-3581.405337415555
592000	-3622.95552455805
592500	-3594.983961945383
593000	-3554.8371483677456
593500	-3565.9813682935996
594000	-3566.0566707669827
594500	-3576.909778533866
595000	-3596.313125887726
595500	-3563.308281525629
596000	-3539.9953904152057
596500	-3519.377313943357
597000	-3526.362773848445
597500	-3544.5662006893403
598000	-3532.1697868671495
598500	-3530.037418926298
599000	-3513.9373148199397
599500	-3527.974942754189
600000	-3528.0671082202675
600500	-3555.6303586661006
601000	-3532.8424672529068
601500	-3526.394363931081
602000	-3565.351503794296
602500	-3520.446203006553
603000	-3540.2616173949154
603500	-3525.1722863244895
604000	-3509.3532717834355
604500	-3506.9477098720145
605000	-3568.4332120959116
605500	-3590.3640281130756
606000	-3551.6878625530576
606500	-3521.8067688358956
607000	-3524.5987020052994
607500	-3548.929578655259
608000	-3536.4616650797666
608500	-3532.58531562722
609000	-3570.694389194347
609500	-3578.1434720330512
610000	-3615.3643007579067
610500	-3554.84049130211
611000	-3547.4341191209464
611500	-3554.6804995809075
612000	-3521.3013253977297
612500	-3576.2992045982223
613000	-3562.5883556724243
613500	-3555.7212726747402
614000	-3551.5762490344546
614500	-3525.7529639331337
615000	-3554.6629005666523
615500	-3547.9357872082182
616000	-3518.9267377644587
616500	-3557.964010987365
617000	-3571.839771066727
617500	-3564.8857636409894
618000	-3516.7884647312676
618500	-3531.6074404680544
619000	-3530.0764983313493
619500	-3564.670811683021
620000	-3545.143556359027
620500	-3606.6469690123527
621000	-3586.9556299363658
621500	-3527.503581614767
622000	-3535.3091298987033
622500	-3577.0864694224915
623000	-3570.7728524032227
623500	-3570.1001435870694
624000	-3599.851455560403
624500	-3567.1346962428343
625000	-3548.1329982661687
625500	-3573.9820674011357
626000	-3574.5720095342067
626500	-3554.788192407222
627000	-3528.218725436445
627500	-3537.952805313491
628000	-3555.722155394916
628500	-3535.5427492403096
629000	-3565.9179525517607
629500	-3633.706362079876
630000	-3605.9143693291508
630500	-3634.1897535070684
631000	-3576.5920853583466
631500	-3523.838917945283
632000	-3547.088386171625
632500	-3570.4528998208375
633000	-3559.967365515473
633500	-3569.869650998608
634000	-3554.565122797956
634500	-3509.483813709198
635000	-3563.1875109001903
635500	-3569.632152411977
636000	-3566.4094525257874
636500	-3519.0781548472587
637000	-3490.280152669671
637500	-3499.0020893795577
638000	-3474.9640574169957
638500	-3495.6946837926516
639000	-3543.0979090946767
639500	-3551.842171549713
640000	-3535.192697532792
640500	-3561.2265086935613
641000	-3541.850748588683
641500	-3546.0972595148064
642000	-3635.517254699598
642500	-3549.542414650304
643000	-3547.8225247880596
643500	-3554.742511131083
644000	-3525.1584162079434
644500	-3573.682696882555
645000	-3528.3545319710183
645500	-3559.627432083019
646000	-3570.066037627056
646500	-3524.32128032985
647000	-3568.3182920231334
647500	-3548.11882783874
648000	-3558.5947452868536
648500	-3562.764381756635
649000	-3538.146112132182
649500	-3558.314487009614
650000	-3561.96950259317
650500	-3542.6353074130493
651000	-3535.104392453847
651500	-3558.9585201708815
652000	-3563.2111870351087
652500	-3551.644247290105
653000	-3586.632062913187
653500	-3591.970403051048
654000	-3568.2304951798483
654500	-3567.6111383675247
655000	-3626.779247875191
655500	-3667.417101301684
656000	-3610.127681792498
656500	-3553.4732171862693
657000	-3517.2492979896815
657500	-3588.7616953430797
658000	-3591.975631309075
658500	-3585.7621701089806
659000	-3535.3763838282684
659500	-3618.9735175550377
660000	-3583.4883710227637
660500	-3551.6568443283677
661000	-3564.7847120033975
661500	-3593.7612671052816
662000	-3591.1079763787516
662500	-3576.205824885713
663000	-3598.391004817987
663500	-3533.6997508573068
664000	-3584.031326731943
664500	-3551.3194475475466
665000	-3534.14172173064
665500	-3514.0425159257984
666000	-3514.030215963534
666500	-3529.061900976962
667000	-3523.3815183446163
667500	-3533.307118088267
668000	-3531.8754039449373
668500	-3567.820717989727
669000	-3536.2323149982108
669500	-3512.347903944659
670000	-3505.7673576182774
670500	-3544.3623640911924
671000	-3550.189143978881
671500	-3489.852266795635
672000	-3545.7115672138425
672500	-3547.6114016092224
673000	-3532.3037673030512
673500	-3506.930898278311
674000	-3549.6964676131506
674500	-3583.1442757664518
675000	-3554.976599466186
675500	-3586.5585858778536
676000	-3563.2958677706392
676500	-3593.908655465749
677000	-3612.0073618329825
677500	-3593.338114659084
678000	-3565.8346418660785
678500	-3522.8239635894893
679000	-3561.384631845161
679500	-3548.3933527493973
680000	-3551.478682103361
680500	-3532.7486511432344
681000	-3535.8730526630466
681500	-3585.59865348416
682000	-3548.4319099176396
682500	-3523.1126760362768
683000	-3548.7314019678543
683500	-3538.8245330437253
684000	-3545.66957087625
684500	-3528.8658351631057
685000	-3512.0674670053586
685500	-3520.4590144351655
686000	-3591.3240356669135
686500	-3540.640153929327
687000	-3534.708163631917
687500	-3507.0552104640115
688000	-3510.081593620759
688500	-3514.447088887587
689000	-3550.790174156422
689500	-3554.276203439122
690000	-3576.6767881878272
690500	-3529.629957713257
691000	-3589.8883254289444
691500	-3587.3956859096593
692000	-3574.8748473057694
692500	-3554.2665251480994
693000	-3557.402171606748
693500	-3577.808095743073
694000	-3565.054700871342
694500	-3538.6572243695887
695000	-3543.286387367014
695500	-3523.480572577655
696000	-3570.2582190568055
696500	-3557.2982357030965
697000	-3543.351357130336
697500	-3558.6103361198143
698000	-3522.209538476708
698500	-3531.145185469701
699000	-3563.2043048270843
699500	-3538.1162358623174
700000	-3541.923290347481
700500	-3530.4221618433285
701000	-3549.2849709877314
701500	-3561.15687133316
702000	-3570.0849039092404
702500	-3560.376847959784
703000	-3548.6389158188153
703500	-3527.6813344965512
704000	-3523.616256019754
704500	-3539.70270242201
705000	-3501.1933579234387
705500	-3529.334517071369
706000	-3522.0922703571537
706500	-3526.5406595986988
707000	-3531.8303798346346
707500	-3539.3816307570055
708000	-3586.424338579292
708500	-3561.789057833166
709000	-3554.6596769590865
709500	-3540.490813120199
710000	-3563.704920705574
710500	-3544.444162426009
711000	-3560.1915936265636
711500	-3542.312470598123
712000	-3544.1784897677144
712500	-3548.687285479222
713000	-3550.966373859571
713500	-3538.3895527570876
714000	-3530.128998629173
714500	-3521.457292865549
715000	-3549.7150682391393
715500	-3553.887477800304
716000	-3530.2159946823294
716500	-3535.1977104631537
717000	-3533.3181926166135
717500	-3544.8369990007054
718000	-3581.875026018483
718500	-3589.4468490205513
719000	-3563.7705315697167
719500	-3530.1058331406557
720000	-3546.974058392719
720500	-3603.2856539111476
721000	-3578.7624470889614
721500	-3561.409035100637
722000	-3579.71854304079
722500	-3571.8920804352424
723000	-3543.7479493272563
723500	-3557.795580751482
724000	-3546.674180167569
724500	-3590.8884123753483
725000	-3577.578360918812
725500	-3548.633158420296
726000	-3597.071122530697
726500	-3562.8251528936335
727000	-3562.287710729146
727500	-3538.815973206261
728000	-3559.92874064718
728500	-3538.331087280234
729000	-3574.8492790487967
729500	-3586.0230772961686
730000	-3558.954099822139
730500	-3574.291603614313
731000	-3553.6028643303516
731500	-3568.8129359456375
732000	-3577.550872951766
732500	-3537.991687189348
733000	-3570.2455465579137
733500	-3573.0219416520135
734000	-3563.542572108835
734500	-3612.2531763857546
735000	-3544.40778133996
735500	-3555.1253316810316
736000	-3576.7193804945496
736500	-3549.42179578464
737000	-3557.8480133192993
737500	-3559.472238189011
738000	-3573.956457410008
738500	-3539.841170698433
739000	-3571.5083564337397
739500	-3606.320865741122
740000	-3549.8140617494823
740500	-3518.0711761023827
741000	-3537.9820092331347
741500	-3539.1083164981424
742000	-3546.185111673801
742500	-3572.5935577967007
743000	-3564.4798743589545
743500	-3531.9966917060233
744000	-3562.447163133824
744500	-3568.420483937505
745000	-3522.2548613379345
745500	-3579.599956393773
746000	-3535.6931557263247
746500	-3561.941725253308
747000	-3540.638744472724
747500	-3550.068083762616
748000	-3536.2691900073005
748500	-3536.584457398674
749000	-3631.3587262159854
749500	-3592.145436144981
750000	-3563.89611282863
750500	-3525.850686983147
751000	-3534.3264819073956
751500	-3520.5786023257347
752000	-3514.1050451414158
752500	-3536.0781050855758
753000	-3548.6131591443586
753500	-3573.044090195797
754000	-3576.4733866105125
754500	-3535.032698419286
755000	-3514.8856986911887
755500	-3650.098448164742
756000	-3552.658490441614
756500	-3548.698250129831
757000	-3512.647967645834
757500	-3521.190255035032
758000	-3539.2605762910216
758500	-3537.102157686945
759000	-3517.415359978042
759500	-3529.3969822908352
760000	-3546.8897324113104
760500	-3514.1068789190153
761000	-3503.144130118493
761500	-3513.27034736938
762000	-3506.376930082698
762500	-3514.751233218658
763000	-3494.69545188939
763500	-3497.827613263805
764000	-3527.6700386945586
764500	-3490.4931241438426
765000	-3526.198700744918
765500	-3505.1453994760927
766000	-3500.556030714752
766500	-3497.375719723333
767000	-3501.1719495368393
767500	-3516.0248266300437
768000	-3522.323864388947
768500	-3545.8300270991203
769000	-3505.940970982308
769500	-3518.267850913811
770000	-3531.409420573188
770500	-3505.9161954349534
771000	-3545.7491302064905
771500	-3557.9512376036855
772000	-3538.8886505539513
772500	-3566.6458956041715
773000	-3529.097195252088
773500	-3566.0241207698227
774000	-3554.668580548305
774500	-3531.5761278384143
775000	-3537.7075998026385
775500	-3562.601157512794
776000	-3566.6444432202925
776500	-3547.6206995918933
777000	-3575.524724584429
777500	-3536.8111731317276
778000	-3554.1293129673318
778500	-3534.550901226288
779000	-3580.5469474070997
779500	-3581.7228218882956
780000	-3554.5091168188496
780500	-3554.4407363654636
781000	-3573.425805252334
781500	-3547.9904650521357
782000	-3544.614981059905
782500	-3519.711734141194
783000	-3546.0161853589675
783500	-3524.0571708333678
784000	-3535.3623780094717
784500	-3514.331716326353
785000	-3521.637887182756
785500	-3519.330006765382
786000	-3522.668363418982
786500	-3556.5946071120275
787000	-3521.3576677405295
787500	-3517.8147403283306
788000	-3544.7342851509916
788500	-3585.349242184955
789000	-3556.3666362096596
789500	-3526.682869599547
790000	-3576.6638597607275
790500	-3586.336779023867
791000	-3586.303826955278
791500	-3560.8240875540437
792000	-3541.941766268893
792500	-3525.5970643303067
793000	-3539.641310163859
793500	-3557.8196134074383
794000	-3522.690116301851
794500	-3546.448085480988
795000	-3551.0522090374875
795500	-3570.9108885274977
796000	-3558.805329119983
796500	-3547.7935412924476
797000	-3530.1835443738687
797500	-3543.5188487007476
798000	-3569.715375092726
798500	-3554.210313697822
799000	-3525.1776135177997
799500	-3556.3508859283343
800000	-3586.686728756147
800500	-3604.016001282508
801000	-3575.281880093161
801500	-3570.655358658898
802000	-3582.906016724651
802500	-3565.817239966742
803000	-3605.9767033534363
803500	-3598.1063870459625
804000	-3552.953867071831
804500	-3588.8845355002263
805000	-3565.739794775959
805500	-3569.6341544467723
806000	-3601.7223861705984
806500	-3581.018636425297
807000	-3580.4515028618066
807500	-3545.562260546656
808000	-3568.661514517262
808500	-3572.6829852223077
809000	-3562.02077737905
809500	-3565.905806816015
810000	-3589.994941400404
810500	-3554.563656726313
811000	-3559.425120243795
811500	-3608.515146111989
812000	-3603.793814524484
812500	-3564.698639726507
813000	-3610.9320815351152
813500	-3591.045344736334
814000	-3596.63544740271
814500	-3589.976646462294
815000	-3580.488001115349
815500	-3543.793751969826
816000	-3560.596412145331
816500	-3554.255915928791
817000	-3558.7275172321197
817500	-3554.2803920087536
818000	-3573.7024745861395
818500	-3577.742282138618
819000	-3577.4751268862638
819500	-3613.7925025973063
820000	-3604.676342050848
820500	-3605.3317654900384
821000	-3625.0473247691
821500	-3587.741589865536
822000	-3520.303874030776
822500	-3520.9177711676825
823000	-3545.121368408949
823500	-3542.9699143870353
824000	-3577.8856506348193
824500	-3535.906436306853
825000	-3549.013119061953
825500	-3573.3537847632933
826000	-3542.5653347395464
826500	-3559.507270746451
827000	-3502.3360754197433
827500	-3510.958842517521
828000	-3515.617423877467
828500	-3533.883615636439
829000	-3538.542973617263
829500	-3512.282982609071
830000	-3565.300498285814
830500	-3561.6994091909287
831000	-3567.7450475214805
831500	-3531.662961608432
832000	-3539.6030966184476
832500	-3594.9959191189355
833000	-3558.3424125324377
833500	-3572.178014239061
834000	-3564.7014341698487
834500	-3526.091274938986
835000	-3520.4663228586373
835500	-3521.677277420867
836000	-3560.1652444871634
836500	-3547.391940510312
837000	-3524.964450188904
837500	-3548.025318127562
838000	-3562.694844332875
838500	-3541.739198704876
839000	-3520.0013779471233
839500	-3554.741006062423
840000	-3554.289170083847
840500	-3531.588126942853
841000	-3518.2980925887146
841500	-3525.011667023887
842000	-3526.7640456942754
842500	-3560.974233293992
843000	-3562.700867578701
843500	-3552.8313441969462
844000	-3578.5244095440016
844500	-3549.7586569335
845000	-3512.346773168211
845500	-3540.795241597034
846000	-3514.959816252714
846500	-3559.9517313278875
847000	-3557.090221129754
847500	-3530.1179110558887
848000	-3570.194627787921
848500	-3515.9229942414804
849000	-3551.609476146778
849500	-3538.146352465039
850000	-3538.7108290493034
850500	-3548.714932413206
851000	-3550.6694772103156
851500	-3566.3132359619276
852000	-3539.7686060259152
852500	-3531.6683776219793
853000	-3524.400865807839
853500	-3532.11576544583
854000	-3521.512783369865
854500	-3499.411849816548
855000	-3515.030825146261
855500	-3557.1766300763575
856000	-3541.4981740609755
856500	-3578.5332208083196
857000	-3543.4416906697525
857500	-3520.882663919521
858000	-3510.459350083715
858500	-3523.487783673594
859000	-3486.5784557724405
859500	-3495.8889194833346
860000	-3526.4812910876435
860500	-3535.9371726215586
861000	-3508.6007034916684
861500	-3544.301218871068
862000	-3531.869404188726
862500	-3535.3840291877655
863000	-3547.6945406131435
863500	-3570.8132936796
864000	-3573.1032584496743
864500	-3550.689425641464
865000	-3532.632024058937
865500	-3529.0662814318234
866000	-3493.9137348541185
866500	-3505.315460738414
867000	-3497.822375186588
867500	-3487.5726890341057
868000	-3502.9720079757553
868500	-3520.086708724215
869000	-3513.2602938105824
869500	-3513.8319673643264
870000	-3548.49489915965
870500	-3547.973074766103
871000	-3524.3302395947985
871500	-3523.685260116907
872000	-3494.359938342601
872500	-3507.4544143512308
873000	-3588.915280568735
873500	-3582.0958394980403
874000	-3527.0616897761397
874500	-3535.7827759207794
875000	-3528.696838670101
875500	-3530.9743449488237
876000	-3551.538645536709
876500	-3549.841379989916
877000	-3522.223432764098
877500	-3531.066729562265
878000	-3576.6680253412246
878500	-3542.124421877804
879000	-3523.184728277954
879500	-3516.4283495026875
880000	-3539.390014554021
880500	-3508.5500823220323
881000	-3527.8641900289663
881500	-3538.105726134469
882000	-3485.336958352478
882500	-3526.152613004706
883000	-3529.012895357206
883500	-3567.993272826837
884000	-3552.419605815667
884500	-3544.9493850761714
885000	-3598.5254880487873
885500	-3554.7145077103933
886000	-3596.012681809135
886500	-3541.8725257892065
887000	-3547.63322408951
887500	-3579.0506205142788
888000	-3524.65838125471
888500	-3568.0214248650173
889000	-3581.741430091078
889500	-3557.272040584269
890000	-3537.21686393787
890500	-3534.2689494583688
891000	-3544.384981668485
891500	-3505.0622613269825
892000	-3524.892967825942
892500	-3546.7947351899165
893000	-3538.870008280103
893500	-3548.42748703525
894000	-3577.3766979366114
894500	-3542.6393763866636
895000	-3511.8944978452832
895500	-3532.5076173472016
896000	-3514.5648729302416
896500	-3520.30018820825
897000	-3536.8920683642605
897500	-3531.0388006282883
898000	-3543.9652908313183
898500	-3510.1179371048
899000	-3543.5011880155175
899500	-3522.337981397123
900000	-3592.848800429531
900500	-3495.309052885502
901000	-3502.9942831021976
901500	-3569.5001816719873
902000	-3516.5473098871735
902500	-3567.6531176735944
903000	-3539.93237874216
903500	-3520.6984003621515
904000	-3505.866860378347
904500	-3518.3286348572683
905000	-3532.13581528765
905500	-3534.5204205882164
906000	-3540.5600270384443
906500	-3537.9375084162907
907000	-3563.6545411104307
907500	-3590.7170651718916
908000	-3597.225736089604
908500	-3553.8757630318805
909000	-3553.1573399632653
909500	-3550.058536369591
910000	-3591.820767962274
910500	-3553.895557153769
911000	-3579.0474816294777
911500	-3527.9776295390593
912000	-3508.8616575651886
912500	-3541.1252476815885
913000	-3530.164867780141
913500	-3509.3060347063647
914000	-3529.3669588609223
914500	-3508.9076727278593
915000	-3510.6598203021535
915500	-3478.911823393986
916000	-3488.684762731544
916500	-3512.5064584305132
917000	-3485.1920295514296
917500	-3482.3723499360035
918000	-3517.1539525146177
918500	-3544.4377811415443
919000	-3541.9599314989277
919500	-3582.30477438041
920000	-3524.802457054939
920500	-3549.264560807993
921000	-3531.256680035819
921500	-3512.6043846054035
922000	-3552.778314968404
922500	-3551.7803864707676
923000	-3533.38253309239
923500	-3529.5430053385194
924000	-3553.047835914679
924500	-3530.1247540863023
925000	-3530.2770054021116
925500	-3548.6092831625433
926000	-3542.8565997290375
926500	-3556.0466636156025
927000	-3588.8647447365247
927500	-3582.977719528184
928000	-3543.7347192400657
928500	-3578.7295417160244
929000	-3535.34913688332
929500	-3536.8486766815513
930000	-3517.7701406177266
930500	-3536.690079700143
931000	-3564.438891563253
931500	-3528.3541405177707
932000	-3536.4917579110133
932500	-3555.763929118525
933000	-3539.4956782370627
933500	-3519.508168359632
934000	-3515.3639423586155
934500	-3526.6827953760785
935000	-3530.7886184091003
935500	-3568.964412868594
936000	-3532.269866489787
936500	-3526.6137466511964
937000	-3534.2796669516374
937500	-3517.1538206233895
938000	-3501.1312396055273
938500	-3541.5046324280866
939000	-3547.2492748449254
939500	-3533.9756540019007
940000	-3531.4305256607217
940500	-3551.8624642080526
941000	-3569.0675886492904
941500	-3532.3773328798547
942000	-3540.5706980590157
942500	-3557.0586999351176
943000	-3559.714708010468
943500	-3621.98440579187
944000	-3584.487103855429
944500	-3613.6671586382167
945000	-3626.0832474296003
945500	-3599.534337566402
946000	-3601.3784436977885
946500	-3597.150868283564
947000	-3551.287929616187
947500	-3533.6773540301083
948000	-3529.99051721669
948500	-3521.375265277282
949000	-3562.97816834259
949500	-3552.6894295884717
950000	-3584.1528812574325
950500	-3560.8963551285456
951000	-3521.2007512285522
951500	-3546.2583167697176
952000	-3573.1857326027343
952500	-3547.5096634941065
953000	-3541.888451424846
953500	-3510.6732581008278
954000	-3558.934459250647
954500	-3497.5036932043217
955000	-3510.4343971080966
955500	-3551.7005056966805
956000	-3502.38689910599
956500	-3513.343861490178
957000	-3539.0129004294363
957500	-3529.204952035464
958000	-3534.08335028865
958500	-3527.188295522548
959000	-3562.17416480343
959500	-3532.1671062602813
960000	-3534.8507513589157
960500	-3556.9737634746957
961000	-3524.316526789024
961500	-3507.456989741366
962000	-3518.41748790802
962500	-3530.76784159509
963000	-3545.9861149840062
963500	-3545.920584780264
964000	-3556.499394479881
964500	-3545.2661076155728
965000	-3537.569689986197
965500	-3553.660982452191
966000	-3542.8861039231087
966500	-3571.281147439096
967000	-3505.9177741018493
967500	-3534.9863453579787
968000	-3567.392285084813
968500	-3552.0425096623567
969000	-3555.6051653236973
969500	-3603.3507750323683
970000	-3515.7943417188485
970500	-3503.38213473457
971000	-3501.485426703301
971500	-3504.7055559877963
972000	-3568.2864902868837
972500	-3587.5258781770654
973000	-3564.161787575277
973500	-3527.8767487630353
974000	-3512.9463277978352
974500	-3513.9501593482787
975000	-3578.6754416307062
975500	-3528.349348199043
976000	-3521.920670931704
976500	-3513.886863478891
977000	-3549.304792268626
977500	-3552.6344357394996
978000	-3597.030435502748
978500	-3514.6199762657957
979000	-3496.659323225716
979500	-3559.2440076281327
980000	-3515.419911568409
980500	-3493.2034631595966
981000	-3552.8789039799667
981500	-3578.915248127098
982000	-3578.4341342407474
982500	-3529.1100684200455
983000	-3596.3706696860995
983500	-3593.5779697718363
984000	-3575.9877234462983
984500	-3629.218375169264
985000	-3626.92350144654
985500	-3603.7771920247924
986000	-3574.1319553919843
986500	-3537.636594632698
987000	-3517.8847310661713
987500	-3538.9819500846247
988000	-3532.9572626857253
988500	-3554.902153424811
989000	-3588.366486612186
989500	-3604.214315956167
990000	-3541.851449777601
990500	-3556.5352879768648
991000	-3547.7523920463505
991500	-3574.421090262143
992000	-3563.118192336821
992500	-3573.3505768105188
993000	-3628.4998906273663
993500	-3594.263829774159
994000	-3587.414289741149
994500	-3604.530537520801
995000	-3597.3547939224904
995500	-3600.1240702066734
996000	-3567.080931827552
996500	-3549.3140704357793
997000	-3520.173394082398
997500	-3513.268162692844
998000	-3522.3287534907718
998500	-3494.757579182388
999000	-3527.6606386531703
999500	-3528.242031347964
1000000	-3556.7378469861246
1000500	-3542.259115373605
1001000	-3539.4898411628014
1001500	-3570.6228941580002
1002000	-3517.193556352073
1002500	-3546.517650723206
1003000	-3561.575784260068
1003500	-3550.8348995495567
1004000	-3530.626656299436
1004500	-3541.720082196244
1005000	-3549.7410905253973
1005500	-3570.139898970994
1006000	-3544.5576955895845
1006500	-3604.5330278913775
1007000	-3592.909718133814
1007500	-3612.5060000376698
1008000	-3580.1226178646157
1008500	-3568.5363313362705
1009000	-3585.572932583709
1009500	-3579.6527926707595
1010000	-3568.4652991198755
1010500	-3596.2515441846394
1011000	-3595.322477012021
1011500	-3576.0425392441693
1012000	-3586.476478567625
1012500	-3560.5944816797937
1013000	-3552.4494802951367
1013500	-3605.3408292892373
1014000	-3570.3585361870423
1014500	-3581.336899963574
1015000	-3593.289705064473
1015500	-3558.9932883310794
1016000	-3554.7141295531596
1016500	-3548.994423236407
1017000	-3622.4097629710845
1017500	-3599.490740403643
1018000	-3546.1421015745264
1018500	-3581.8939707945065
1019000	-3545.780484069437
1019500	-3582.735375244855
1020000	-3546.3884398819805
1020500	-3553.5077142060272
1021000	-3558.6636275149745
1021500	-3589.1083026778724
1022000	-3558.358384313192
1022500	-3591.687129555053
1023000	-3553.480264045435
1023500	-3566.015480846348
1024000	-3609.186635492143
1024500	-3561.6260389923286
1025000	-3576.6145147225934
1025500	-3589.4429853146926
1026000	-3561.285781524355
1026500	-3540.638900896184
1027000	-3535.365189418844
1027500	-3549.893260537789
1028000	-3552.887082805735
1028500	-3539.5915382367675
1029000	-3548.9331523821556
1029500	-3536.8458748380585
1030000	-3572.3395342275785
1030500	-3571.4840437715447
1031000	-3557.716133284214
1031500	-3562.352621077227
1032000	-3553.753882584803
1032500	-3551.630948199351
1033000	-3546.3448381486114
1033500	-3523.171824734456
1034000	-3553.32774406106
1034500	-3583.9119202469296
1035000	-3579.7998157967486
1035500	-3536.5266878710368
1036000	-3540.029576959356
1036500	-3522.3034977089583
1037000	-3562.2172204904796
1037500	-3564.448697235487
1038000	-3543.1408090086934
1038500	-3558.4045238779026
1039000	-3544.945840794912
1039500	-3549.756459651613
1040000	-3576.764215651979
1040500	-3506.04538000627
1041000	-3554.659592347946
1041500	-3500.690240242146
1042000	-3539.169338677166
1042500	-3525.1368007745737
1043000	-3547.971770347253
1043500	-3579.7392362374176
1044000	-3541.9850039611406
1044500	-3591.7382969886203
1045000	-3540.145848185418
1045500	-3564.046198363144
1046000	-3514.1204128166232
1046500	-3538.9322851522575
1047000	-3575.1017363694773
1047500	-3562.795689023148
1048000	-3513.170287023703
1048500	-3511.173299622744
1049000	-3552.3148148083983
1049500	-3543.2632931859707
1050000	-3576.569506110278
1050500	-3545.3386727336033
1051000	-3540.9258120520344
1051500	-3541.981089764131
1052000	-3574.1505666270014
1052500	-3608.06873299578
1053000	-3605.4253104078352
1053500	-3587.892768263353
1054000	-3547.571642751818
1054500	-3570.5903647753407
1055000	-3640.6971938600504
1055500	-3607.5937820646172
1056000	-3583.615068540765
1056500	-3550.411351091752
1057000	-3554.386245088539
1057500	-3553.169618186441
1058000	-3579.3992644177
1058500	-3569.1520589703227
1059000	-3606.1819850400507
1059500	-3562.7213222074033
1060000	-3569.6519815261245
1060500	-3519.087617827462
1061000	-3536.679764581643
1061500	-3546.685439328021
1062000	-3554.7254103881987
1062500	-3555.986350489915
1063000	-3581.809018880277
1063500	-3576.7896088942507
1064000	-3564.106992740586
1064500	-3564.0577722124845
1065000	-3549.252231034508
1065500	-3583.046803120386
1066000	-3585.840554273673
1066500	-3578.630308453161
1067000	-3561.3596519218413
1067500	-3561.3470746398493
1068000	-3537.9406778708894
1068500	-3558.6522256147373
1069000	-3576.4268170083096
1069500	-3556.5495388132035
1070000	-3548.907763780568
1070500	-3549.2936987108324
1071000	-3527.4826100083756
1071500	-3540.716871440377
1072000	-3593.342978800696
1072500	-3569.953954353524
1073000	-3623.3933822529843
1073500	-3613.559175530431
1074000	-3587.1783258939413
1074500	-3606.3359949184824
1075000	-3633.918117883996
1075500	-3537.927304819498
1076000	-3544.4042689951452
1076500	-3581.4534299014326
1077000	-3541.3359631809535
1077500	-3577.703483751321
1078000	-3580.0615604495083
1078500	-3580.2812898822303
1079000	-3594.0938740140737
1079500	-3596.734471346317
1080000	-3585.597633428404
1080500	-3539.794217355703
1081000	-3578.0637274745636
1081500	-3557.145507690744
1082000	-3597.316280830074
1082500	-3587.317422099616
1083000	-3651.699163387378
1083500	-3569.241930607304
1084000	-3579.6540907674835
1084500	-3586.5365224307247
1085000	-3533.4176009830617
1085500	-3554.6690912390713
1086000	-3558.989887926904
1086500	-3588.843697817911
1087000	-3554.3278859347724
1087500	-3525.8385878641975
1088000	-3529.684268404248
1088500	-3526.014800027848
1089000	-3592.7470137621704
1089500	-3538.9210045236036
1090000	-3537.590496373876
1090500	-3537.8507919026683
1091000	-3521.930188083883
1091500	-3537.688474709957
1092000	-3540.7074605116177
1092500	-3529.432211750578
1093000	-3564.0753415503846
1093500	-3529.284573669176
1094000	-3536.440154671503
1094500	-3558.563903597009
1095000	-3583.629034978854
1095500	-3581.1705448924927
1096000	-3574.0886421864857
1096500	-3617.19379523322
1097000	-3580.8458063931625
1097500	-3559.747886833343
1098000	-3544.470514294529
1098500	-3535.703580460912
1099000	-3557.0677627878276
1099500	-3510.7911500009745
1100000	-3545.3703962841005
1100500	-3523.62463464425
1101000	-3557.78233893419
1101500	-3549.694816565313
1102000	-3534.8126687672266
1102500	-3527.25391952354
1103000	-3566.6851473287484
1103500	-3537.2615733307075
1104000	-3555.1027166432455
1104500	-3498.4112247708185
1105000	-3504.4290960102653
1105500	-3489.7621526518333
1106000	-3521.795869006652
1106500	-3513.818292245074
1107000	-3518.8071133710846
1107500	-3525.657465220035
1108000	-3514.476155060881
1108500	-3546.5312554410216
1109000	-3563.3112948598186
1109500	-3545.872572865594
1110000	-3554.7046882257014
1110500	-3536.7279804195123
1111000	-3541.3626459132574
1111500	-3557.368928926674
1112000	-3564.2408195941925
1112500	-3564.804629837467
1113000	-3537.329261384274
1113500	-3513.6500543027473
1114000	-3506.4793004699427
1114500	-3517.422546558821
1115000	-3553.3177389778807
1115500	-3562.685257667575
1116000	-3543.767207988546
1116500	-3545.277747836253
1117000	-3533.0967582746116
1117500	-3515.9913527141957
1118000	-3534.6964599913763
1118500	-3547.9652816019434
1119000	-3520.2203244693037
1119500	-3608.692534856397
1120000	-3587.531193495242
1120500	-3575.6706714097827
1121000	-3548.885273812003
1121500	-3531.384407026769
1122000	-3615.9326079950783
1122500	-3571.816578121153
1123000	-3574.328614766606
1123500	-3587.3516234011145
1124000	-3563.1434963604092
1124500	-3569.5775370641636
1125000	-3556.0317990112194
1125500	-3561.374309618118
1126000	-3606.2972476583286
1126500	-3583.878686422059
1127000	-3578.489018825246
1127500	-3585.2445113378303
1128000	-3599.2324998405797
1128500	-3613.9358688090365
1129000	-3600.526935982573
1129500	-3569.2238740583693
1130000	-3561.678799088587
1130500	-3601.1401004527975
1131000	-3578.7758570541896
1131500	-3579.9864366300044
1132000	-3584.636030724695
1132500	-3580.250329317577
1133000	-3551.7510575813676
1133500	-3534.6435503169882
1134000	-3557.3082970401483
1134500	-3568.8633415455697
1135000	-3570.646270097269
1135500	-3541.342387053329
1136000	-3548.414089883115
1136500	-3599.604760683785
1137000	-3598.7833359446036
1137500	-3611.7207912741546
1138000	-3557.5934056379856
1138500	-3628.081730397388
1139000	-3576.1757625287455
1139500	-3565.6045508112975
1140000	-3535.955929013111
1140500	-3550.9727629303766
1141000	-3529.1749278060825
1141500	-3570.1758439266355
1142000	-3536.0119310088853
1142500	-3546.5200102782455
1143000	-3580.0010722039756
1143500	-3555.494198365622
1144000	-3602.9385766973237
1144500	-3597.7013884403254
1145000	-3564.543486253868
1145500	-3566.1851816313756
1146000	-3545.668620570894
1146500	-3528.4568528920277
1147000	-3539.923109565371
1147500	-3535.1190433364177
1148000	-3531.365714840894
1148500	-3530.5883337323276
1149000	-3537.1986802546276
1149500	-3521.271767297945
1150000	-3539.299747437255
1150500	-3527.1471502270524
1151000	-3543.1775411843423
1151500	-3571.527771622334
1152000	-3529.2687373626923
1152500	-3580.174857582514
1153000	-3593.085747680231
1153500	-3602.0759945321797
1154000	-3657.7533752911586
1154500	-3628.701533366321
1155000	-3688.6764124314955
1155500	-3592.1908418585012
1156000	-3605.099986678959
1156500	-3589.7567978172465
1157000	-3602.109042902633
1157500	-3623.0396351797176
1158000	-3655.426534522349
1158500	-3603.9404997361526
1159000	-3610.3413409163054
1159500	-3590.0881707521526
1160000	-3620.5658596738604
1160500	-3678.461896104687
1161000	-3574.8926781788136
1161500	-3600.0776250022222
1162000	-3609.0373584080294
1162500	-3608.562244367974
1163000	-3632.9506585813147
1163500	-3591.768053102598
1164000	-3623.1849962674796
1164500	-3566.42518426819
1165000	-3568.742495530222
1165500	-3585.2359797564545
1166000	-3591.5401666141906
1166500	-3582.212213332133
1167000	-3590.2523374618404
1167500	-3556.0753441188826
1168000	-3586.992400624704
1168500	-3571.0029275593242
1169000	-3571.244948495466
1169500	-3569.1834696580736
1170000	-3628.3468557454175
1170500	-3626.3661978033865
1171000	-3568.463956870923
1171500	-3551.408343059752
1172000	-3581.129092091065
1172500	-3600.361021103614
1173000	-3606.9557561684096
1173500	-3550.9435160118605
1174000	-3547.1955353257777
1174500	-3600.7158210598254
1175000	-3574.3825500543044
1175500	-3567.3493021629247
1176000	-3613.5277841199104
1176500	-3598.171960724802
1177000	-3619.4954125002637
1177500	-3600.9309918246663
1178000	-3606.63975335834
1178500	-3576.1200632405007
1179000	-3554.641182535781
1179500	-3538.953383654946
1180000	-3522.94273523429
1180500	-3543.01305405039
1181000	-3550.2823796940393
1181500	-3532.8520439046724
1182000	-3543.784507979364
1182500	-3528.686850090038
1183000	-3595.1666456917997
1183500	-3561.5547711307004
1184000	-3539.3140395704195
1184500	-3577.71969049922
1185000	-3590.2230035454268
1185500	-3612.4886939528037
1186000	-3611.1992939663523
1186500	-3630.883684294662
1187000	-3623.352514255004
1187500	-3587.5513220474863
1188000	-3571.8491030236314
1188500	-3549.9016092832057
1189000	-3552.2070960639962
1189500	-3545.8028590157064
1190000	-3506.0169671078297
1190500	-3542.372837727103
1191000	-3531.6526808005588
1191500	-3564.6130022045404
1192000	-3527.9559299503608
1192500	-3523.1395356837174
1193000	-3531.491523944013
1193500	-3530.8905667010463
1194000	-3551.3581245627165
1194500	-3546.335290636124
1195000	-3542.9203377218737
1195500	-3529.600839724153
1196000	-3547.1773531686026
1196500	-3590.6026769506434
1197000	-3566.949137545318
1197500	-3607.176701129286
1198000	-3626.1685615179467
1198500	-3624.8443508948462
1199000	-3606.6570733532803
1199500	-3601.7601098537375
1200000	-3566.812384229919
1200500	-3543.119619980075
1201000	-3552.9130405914966
1201500	-3577.0462509627755
1202000	-3583.9429602273117
1202500	-3566.182052182591
1203000	-3563.051584880906
1203500	-3572.467682244499
1204000	-3580.8359647018015
1204500	-3579.470345775754
1205000	-3543.199154290656
1205500	-3567.168127078983
1206000	-3547.758306116316
1206500	-3535.550595002976
1207000	-3578.567827431474
1207500	-3524.3286930254885
1208000	-3539.6795128515523
1208500	-3569.7638810837857
1209000	-3630.407450023863
1209500	-3547.5977120183347
1210000	-3569.68559763181
1210500	-3562.3882273901622
1211000	-3525.8734443583357
1211500	-3567.2231444425056
1212000	-3593.7333149007673
1212500	-3574.910193396966
1213000	-3585.8265364263807
1213500	-3540.2110741975553
1214000	-3503.5135779004827
1214500	-3538.9919100804045
1215000	-3523.3341414692095
1215500	-3536.068959262704
1216000	-3532.3932579163793
1216500	-3559.814337815539
1217000	-3575.2149052966342
1217500	-3579.8994283814523
1218000	-3573.5363912009475
1218500	-3572.956812373076
1219000	-3614.8940481794107
1219500	-3560.1421918686456
1220000	-3547.8482866058257
1220500	-3532.8508983325896
1221000	-3559.785601100036
1221500	-3541.7111728228
1222000	-3555.7429714562954
1222500	-3530.4994158674517
1223000	-3528.402278829303
1223500	-3556.4764989641235
1224000	-3560.8949136004494
1224500	-3540.6241739356665
1225000	-3556.077089211269
1225500	-3534.1262646077516
1226000	-3564.999856872548
1226500	-3577.908169104928
1227000	-3537.4037119248464
1227500	-3595.3976274014503
1228000	-3587.4463488398424
1228500	-3570.616795923588
1229000	-3548.0623800472786
1229500	-3553.5366470627578
1230000	-3530.730721708387
1230500	-3547.3261690071463
1231000	-3606.34253774086
1231500	-3586.321406720405
1232000	-3586.9292401074895
1232500	-3601.4475494991993
1233000	-3584.2065338508764
1233500	-3563.3141284681747
1234000	-3593.7610084082753
1234500	-3603.297314332005
1235000	-3557.910037340859
1235500	-3629.2952192817575
1236000	-3605.1557894424427
1236500	-3534.8802615579284
1237000	-3537.121985201065
1237500	-3591.5594827115838
1238000	-3558.115219266213
1238500	-3526.979365986856
1239000	-3548.8337299954746
1239500	-3557.2691123187597
1240000	-3544.5544664464664
1240500	-3540.677910541854
1241000	-3542.5148429070996
1241500	-3514.0695782583502
1242000	-3508.266741330519
1242500	-3529.2054645123767
1243000	-3546.2116241360623
1243500	-3555.0841437982303
1244000	-3532.8698033915066
1244500	-3538.0513226341927
1245000	-3520.3208072186535
1245500	-3531.483531987504
1246000	-3530.9510372488326
1246500	-3516.5959577598906
1247000	-3502.649305149921
1247500	-3512.1915334179957
1248000	-3541.9265483325157
1248500	-3555.051741513239
1249000	-3578.5467586667132
1249500	-3551.060816790269
1250000	-3560.6873899696507
1250500	-3565.8162320576853
1251000	-3568.966019265388
1251500	-3531.9275374916615
1252000	-3559.860456866798
1252500	-3579.9433877205965
1253000	-3549.454497719424
1253500	-3553.7162742175447
1254000	-3544.107602057022
1254500	-3553.3793145003656
1255000	-3524.555169367375
1255500	-3542.7795790130735
1256000	-3551.4004531557143
1256500	-3591.324857358925
1257000	-3533.1570287759855
1257500	-3544.530813047151
1258000	-3599.0132373842016
1258500	-3574.11334544072
1259000	-3550.494279073129
1259500	-3551.621115028373
1260000	-3548.8433029231987
1260500	-3543.3489015066557
1261000	-3561.2466912191453
1261500	-3545.390743746491
1262000	-3556.0328956252292
1262500	-3602.837423198619
1263000	-3586.4929945840795
1263500	-3581.3260612283216
1264000	-3542.2896170668296
1264500	-3538.142076945519
1265000	-3537.25167745333
1265500	-3590.829082012208
1266000	-3617.128756812679
1266500	-3579.979878613418
1267000	-3583.6991159552917
1267500	-3585.643845962037
1268000	-3573.2891680945822
1268500	-3559.4002334118086
1269000	-3559.3070146208893
1269500	-3591.24559492124
1270000	-3564.999100529571
1270500	-3547.6350827804636
1271000	-3520.0330097012506
1271500	-3547.5536520394476
1272000	-3591.2086718176006
1272500	-3589.9245670422347
1273000	-3550.2316773231246
1273500	-3606.8026878843702
1274000	-3539.4666172996867
1274500	-3549.501297862041
1275000	-3556.0848613053813
1275500	-3557.7445989270536
1276000	-3526.3709021368672
1276500	-3514.8563034217714
1277000	-3536.9013061330425
1277500	-3575.027686202369
1278000	-3514.7223878348377
1278500	-3541.419186187285
1279000	-3599.055824784691
1279500	-3555.907484244076
1280000	-3572.0152742940218
1280500	-3577.787864222197
1281000	-3547.5697281723146
1281500	-3542.460312915868
1282000	-3553.3857502402184
1282500	-3547.206774099543
1283000	-3514.3954005697447
1283500	-3522.2690718375734
1284000	-3572.770475541319
1284500	-3538.616594645214
1285000	-3554.1413086484986
1285500	-3549.3848574730164
1286000	-3573.2204041273867
1286500	-3573.564636353836
1287000	-3545.3889727306127
1287500	-3520.9970174821187
1288000	-3589.1896663269877
1288500	-3598.0173474098597
1289000	-3592.3598218802213
1289500	-3572.406390724912
1290000	-3566.301727087017
1290500	-3551.155428266438
1291000	-3546.506850613006
1291500	-3557.6773241434357
1292000	-3578.3398644581166
1292500	-3568.4155338052856
1293000	-3582.564108338397
1293500	-3574.430400275539
1294000	-3584.196952261423
1294500	-3555.953701764301
1295000	-3538.163499893937
1295500	-3525.258319710264
1296000	-3536.3191457044954
1296500	-3554.808531830531
1297000	-3549.5090218038026
1297500	-3551.7652725137673
1298000	-3558.3341531451033
1298500	-3559.466891499716
1299000	-3528.6350828935447
1299500	-3521.7358331225078
1300000	-3514.5552433712114
1300500	-3535.924235709848
1301000	-3534.0574668412555
1301500	-3535.1540018268806
1302000	-3550.9471332055414
1302500	-3531.9559953497014
1303000	-3555.908810688574
1303500	-3573.418596511842
1304000	-3569.8231301550713
1304500	-3536.1687811690526
1305000	-3555.2278230721145
1305500	-3538.5147422769555
1306000	-3526.5221170021605
1306500	-3569.19193263236
1307000	-3553.4644681457285
1307500	-3541.2104886864836
1308000	-3546.210855434056
1308500	-3546.281102600477
1309000	-3548.1199481602407
1309500	-3566.267949339546
1310000	-3546.249449713902
1310500	-3531.756513828649
1311000	-3561.58145023736
1311500	-3585.150360866389
1312000	-3581.435258559801
1312500	-3619.2571875013896
1313000	-3606.466379369441
1313500	-3600.8300125281107
1314000	-3549.356889674493
1314500	-3568.3019970521505
1315000	-3575.620645713028
1315500	-3599.065471895724
1316000	-3598.223658988796
1316500	-3593.7764517897203
1317000	-3551.1803838846463
1317500	-3550.48129060661
1318000	-3537.689573057135
1318500	-3556.6411005401123
1319000	-3589.5074428350617
1319500	-3555.021032045318
1320000	-3545.387822986217
1320500	-3580.3343857650284
1321000	-3612.135112538505
1321500	-3548.4187096508545
1322000	-3567.6410806639137
1322500	-3562.166347146562
1323000	-3563.7495539888105
1323500	-3518.574096678909
1324000	-3535.483352449803
1324500	-3561.6721801709036
1325000	-3538.955138081473
1325500	-3574.9476020522798
1326000	-3557.517051529209
1326500	-3560.092869805438
1327000	-3527.561929196106
1327500	-3514.391872540255
1328000	-3522.4162422206896
1328500	-3528.5049397155176
1329000	-3541.1969895164757
1329500	-3547.4788210754946
1330000	-3521.030290657124
1330500	-3581.3099229984564
1331000	-3496.5050719560336
1331500	-3512.6377959674846
1332000	-3522.072431538357
1332500	-3520.175184728875
1333000	-3537.70907411417
1333500	-3538.500879960415
1334000	-3579.9404745157003
1334500	-3582.036400038651
1335000	-3582.707365586621
1335500	-3543.91000275437
1336000	-3527.2493823344366
1336500	-3563.605497410655
1337000	-3579.467408075486
1337500	-3568.054063949324
1338000	-3549.167844632397
1338500	-3604.8770912802743
1339000	-3593.2218034992507
1339500	-3544.3925466087617
1340000	-3601.7272123674275
1340500	-3538.2955844360695
1341000	-3545.9945833393353
1341500	-3586.1163271617957
1342000	-3522.242328447393
1342500	-3521.6112275489136
1343000	-3523.1498165091075
1343500	-3542.086319501039
1344000	-3601.496113063473
1344500	-3589.1125822407307
1345000	-3556.6699801231844
1345500	-3559.7518243299487
1346000	-3542.381403887687
1346500	-3603.2813119233847
1347000	-3569.3023806324463
1347500	-3574.352381203588
1348000	-3585.0030754362147
1348500	-3592.021657040072
1349000	-3588.2277003258937
1349500	-3643.105244790142
1350000	-3658.4451066146335
1350500	-3565.511645533026
1351000	-3575.644175901043
1351500	-3582.7896166566834
1352000	-3567.9759057173333
1352500	-3580.181359156367
1353000	-3555.8596388628152
1353500	-3570.450914013637
1354000	-3554.6340961019755
1354500	-3593.916203959633
1355000	-3548.7885200080086
1355500	-3545.976957507145
1356000	-3560.696024248077
1356500	-3607.549923614933
1357000	-3582.8082054388815
1357500	-3570.958690074421
1358000	-3565.0250441445796
1358500	-3580.2614898441598
1359000	-3573.6319261728645
1359500	-3612.713552909069
1360000	-3588.5267234477346
1360500	-3551.638082189143
1361000	-3573.164664977907
1361500	-3502.5776577657657
1362000	-3546.546050279045
1362500	-3532.307955281883
1363000	-3543.3230100611854
1363500	-3550.878253128268
1364000	-3570.8381953204216
1364500	-3522.7707110714123
1365000	-3536.0633653893833
1365500	-3518.7779089399924
1366000	-3539.9742469476146
1366500	-3513.1124844844667
1367000	-3542.6982279567737
1367500	-3585.856623745304
1368000	-3554.4453106585734
1368500	-3564.091750332945
1369000	-3538.5035127091705
1369500	-3539.987899678693
1370000	-3546.032793412687
1370500	-3542.2138403140225
1371000	-3575.7641308883904
1371500	-3539.7683197987403
1372000	-3531.454851256442
1372500	-3531.614856597113
1373000	-3482.557524545138
1373500	-3506.255644706513
1374000	-3539.259852993043
1374500	-3525.650562358937
1375000	-3507.6299072258794
1375500	-3507.374471361104
1376000	-3506.89697047339
1376500	-3530.702329536323
1377000	-3530.5143421642865
1377500	-3527.1738964688425
1378000	-3532.859808143867
1378500	-3531.3892389936223
1379000	-3547.9274509348925
1379500	-3522.257059403314
1380000	-3550.914364138544
1380500	-3537.8831618698905
1381000	-3549.0371437173826
1381500	-3499.6097830534786
1382000	-3540.2359970416805
1382500	-3549.789316150023
1383000	-3542.0494626710847
1383500	-3578.437485541845
1384000	-3540.995967664485
1384500	-3559.115015861743
1385000	-3564.8470431677088
1385500	-3523.465978551286
1386000	-3525.795434564949
1386500	-3514.6800229664914
1387000	-3596.7754373705297
1387500	-3528.807218849746
1388000	-3576.5010512996787
1388500	-3541.9371644875823
1389000	-3532.1983753436957
1389500	-3572.4152711145744
1390000	-3601.9967689048312
1390500	-3570.2792361535076
1391000	-3567.171267947134
1391500	-3537.3207310011003
1392000	-3552.0307645717467
1392500	-3589.707069800802
1393000	-3562.4698140513674
1393500	-3537.6884271111935
1394000	-3577.219173509682
1394500	-3548.9732090206826
1395000	-3570.666306908295
1395500	-3560.9280073923655
1396000	-3575.3671880550382
1396500	-3542.987813068847
1397000	-3552.2513706985847
1397500	-3570.473112290291
1398000	-3556.828466462535
1398500	-3541.327096795147
1399000	-3569.3822865194
1399500	-3551.695594074969
1400000	-3556.02821972822
1400500	-3599.1145819158883
1401000	-3599.8524723537257
1401500	-3553.163603416851
1402000	-3641.417946368712
1402500	-3596.417933523526
1403000	-3638.089396189951
1403500	-3597.3807657719613
1404000	-3620.6319160980165
1404500	-3641.981730916565
1405000	-3607.3477953730735
1405500	-3569.6705192311492
1406000	-3542.117470154559
1406500	-3601.0911207437994
1407000	-3573.147213108925
1407500	-3547.1667916657193
1408000	-3536.9555222590584
1408500	-3565.879325872356
1409000	-3548.893196308451
1409500	-3555.299178643613
1410000	-3548.0372049223806
1410500	-3571.101545265931
1411000	-3547.320795979339
1411500	-3552.9476936160945
1412000	-3570.600775644525
1412500	-3572.954774913773
1413000	-3600.617952937596
1413500	-3589.5263490894586
1414000	-3588.5060624214893
1414500	-3574.360094536408
1415000	-3583.3725517493017
1415500	-3583.4993174951833
1416000	-3543.5262716955262
1416500	-3559.325409803697
1417000	-3583.135516858677
1417500	-3559.931168206378
1418000	-3563.6708411027985
1418500	-3525.8485142169325
1419000	-3541.5456540829164
1419500	-3536.7798489482434
1420000	-3577.9991060209877
1420500	-3594.1526181981462
1421000	-3561.3924356613534
1421500	-3570.7507735775453
1422000	-3585.5137232235593
1422500	-3557.705189877902
1423000	-3581.5241942492266
1423500	-3589.1895175732184
1424000	-3581.0117686329013
1424500	-3554.8049741756095
1425000	-3580.159171390648
1425500	-3599.6194395596326
1426000	-3556.4067023585867
1426500	-3562.527624038365
1427000	-3577.9530206997442
1427500	-3623.260945275152
1428000	-3592.8758272789587
1428500	-3590.1088329625304
1429000	-3570.0536820274187
1429500	-3539.680684617814
1430000	-3528.2697373671235
1430500	-3533.1799875390097
1431000	-3551.507939564244
1431500	-3557.6905432522735
1432000	-3539.0511588438126
1432500	-3558.578716103568
1433000	-3563.706338175433
1433500	-3564.035261217821
1434000	-3540.772515698378
1434500	-3576.6148695743896
1435000	-3588.0063714330468
1435500	-3520.9453964104246
1436000	-3542.3822058742667
1436500	-3529.276615579649
1437000	-3537.70997354759
1437500	-3544.6664304395517
1438000	-3535.042040423282
1438500	-3511.527853296838
1439000	-3573.402554042148
1439500	-3574.7858749761695
1440000	-3569.3756943554386
1440500	-3560.61955316135
1441000	-3564.4154199579552
1441500	-3568.4175480732156
1442000	-3535.1145372493293
1442500	-3566.0531790128275
1443000	-3542.9786813216006
1443500	-3535.649444066691
1444000	-3537.3308455290826
1444500	-3560.632260866527
1445000	-3561.4323969475954
1445500	-3509.409535925995
1446000	-3557.113434537895
1446500	-3520.187474151019
1447000	-3544.6576019396707
1447500	-3557.162498171903
1448000	-3544.3428719803555
1448500	-3550.9177590205413
1449000	-3576.183135628227
1449500	-3585.383882730467
1450000	-3567.124855853656
1450500	-3562.171130442153
1451000	-3568.269009032454
1451500	-3587.911517722349
1452000	-3554.2258372863025
1452500	-3539.0935460498154
1453000	-3546.098272589036
1453500	-3596.3553219304595
1454000	-3549.880257014197
1454500	-3590.6814999212133
1455000	-3539.600433528015
1455500	-3541.825446080422
1456000	-3544.067082986255
1456500	-3550.4144700494294
1457000	-3528.287083060663
1457500	-3571.9779821929665
1458000	-3534.95170188486
1458500	-3552.474582330388
1459000	-3569.46594934612
1459500	-3607.589553428876
1460000	-3603.1899696096707
1460500	-3567.356713285814
1461000	-3587.7388474018385
1461500	-3577.6542854380637
1462000	-3573.960822427965
1462500	-3605.8204015905962
1463000	-3586.047092519771
1463500	-3552.1579392066815
1464000	-3563.189551582423
1464500	-3554.134761041998
1465000	-3541.351224597324
1465500	-3584.1253588132804
1466000	-3551.6515477537523
1466500	-3558.302267074292
1467000	-3563.9049606628632
1467500	-3573.6743788642007
1468000	-3592.7074834286655
1468500	-3566.7395230036645
1469000	-3556.211662595528
1469500	-3569.183667997111
1470000	-3572.253924707566
1470500	-3558.4565238501705
1471000	-3603.3255957466613
1471500	-3566.164974558112
1472000	-3548.2815072247654
1472500	-3549.7453967516194
1473000	-3545.4526435982084
1473500	-3560.661577006153
1474000	-3562.753955985351
1474500	-3532.833814743585
1475000	-3548.2371225243255
1475500	-3558.6901958229096
1476000	-3568.14005819951
1476500	-3547.6261599337417
1477000	-3571.5995849078017
1477500	-3569.2897256048614
1478000	-3571.9734502951796
1478500	-3551.428348023967
1479000	-3507.9403891450315
1479500	-3549.093270262718
1480000	-3532.988629719784
1480500	-3561.4768287328952
1481000	-3539.4447226633592
1481500	-3512.127313182652
1482000	-3537.8039866271984
1482500	-3563.0679657821574
1483000	-3590.000476563124
1483500	-3583.260347628002
1484000	-3541.639056885049
1484500	-3536.3342206452676
1485000	-3551.886475515357
1485500	-3573.094733579032
1486000	-3542.709156195514
1486500	-3605.2604773237454
1487000	-3593.0017062859583
1487500	-3540.4495801627127
1488000	-3522.193865545003
1488500	-3546.228682441652
1489000	-3587.009350875644
1489500	-3530.868388008203
1490000	-3549.2870878020376
1490500	-3537.7515652614725
1491000	-3544.475199164133
1491500	-3542.8507072678567
1492000	-3543.7720524859133
1492500	-3531.9558703177563
1493000	-3540.7563695808662
1493500	-3499.245041846527
1494000	-3521.184714141629
1494500	-3528.3024182162485
1495000	-3524.5705178602107
1495500	-3518.7305182355617
1496000	-3523.065471250467
1496500	-3573.0761205570957
1497000	-3555.2447538920405
1497500	-3527.4604597170833
1498000	-3539.10794555519
1498500	-3603.750023054386
1499000	-3544.2746538292577
1499500	-3532.8925836203653
1500000	-3547.449839077045
