Sample	likelihood
0	-3576.4057805703965
500	-3526.282979863186
1000	-3560.0248382094624
1500	-3552.9421043097973
2000	-3541.0856740363442
2500	-3514.7432299437373
3000	-3565.9324837836252
3500	-3526.574690590661
4000	-3578.6456033649947
4500	-3526.1766922076786
5000	-3539.457080886577
5500	-3547.2544992240264
6000	-3548.725727357455
6500	-3563.637144338805
7000	-3552.3840891261975
7500	-3574.274227336948
8000	-3563.7864766622447
8500	-3531.4246333749998
9000	-3573.2528474672063
9500	-3575.8186506133134
10000	-3597.594440015691
10500	-3556.1332960157747
11000	-3536.607691060902
11500	-3513.812483406238
12000	-3549.251224427157
12500	-3602.6817194753885
13000	-3579.917955350313
13500	-3602.980827629358
14000	-3551.55382271414
14500	-3527.9720357308966
15000	-3527.103107017998
15500	-3637.7317817185317
16000	-3544.507555088043
16500	-3661.3791790287273
17000	-3617.536821842112
17500	-3523.813305626662
18000	-3548.2590176322055
18500	-3510.825467525198
19000	-3549.485166952421
19500	-3595.3439848331127
20000	-3570.5454208900305
20500	-3493.5902642006818
21000	-3548.2616059973893
21500	-3583.7251415554697
22000	-3607.9658241559146
22500	-3604.6620769496617
23000	-3530.7140635254223
23500	-3591.7900264821833
24000	-3526.2542905055802
24500	-3536.5521581118605
25000	-3565.673496402277
25500	-3556.033558837082
26000	-3513.780602709353
26500	-3571.0232677414356
27000	-3557.1513157887316
27500	-3522.9279548825493
28000	-3545.513460135527
28500	-3616.7799277667036
29000	-3529.9709631567066
29500	-3476.406859075878
30000	-3510.732259577888
30500	-3535.097290910586
31000	-3530.8034203457078
31500	-3532.7891094079337
32000	-3569.0679861448125
32500	-3508.4171767102803
33000	-3539.3988392399324
33500	-3509.7411939871704
34000	-3531.512683174643
34500	-3553.7400892324595
35000	-3586.7265664713045
35500	-3560.392978078507
36000	-3606.8918254493847
36500	-3510.679556762591
37000	-3523.109531830554
37500	-3551.781500256197
38000	-3543.3166753518667
38500	-3580.9230020111886
39000	-3584.794372903266
39500	-3541.5255912209163
40000	-3536.6197904011615
40500	-3554.5789313928094
41000	-3552.2849497113557
41500	-3524.971029088618
42000	-3598.585325442865
42500	-3534.1195214499053
43000	-3553.6098128748226
43500	-3563.326646157976
44000	-3617.123339318818
44500	-3541.7911643704606
45000	-3555.2139301541397
45500	-3554.5781912795896
46000	-3499.264907712961
46500	-3585.0158670480373
47000	-3551.376313294592
47500	-3538.103775812197
48000	-3518.247422258286
48500	-3537.042497955078
49000	-3592.3519154250553
49500	-3570.3337546133966
50000	-3556.8130098062416
50500	-3556.003392836418
51000	-3627.3784863885603
51500	-3611.2998051517366
52000	-3654.898113100311
52500	-3565.0614019529216
53000	-3626.5795401825853
53500	-3613.583119121163
54000	-3571.372881192565
54500	-3575.1461252421777
55000	-3616.1931416952266
55500	-3594.884448307134
56000	-3560.6615821656887
56500	-3575.63036692036
57000	-3564.883945409297
57500	-3555.3727142297025
58000	-3529.0424548409537
58500	-3514.262961962802
59000	-3563.248956475593
59500	-3535.822636943785
60000	-3558.662673720525
60500	-3540.138916964242
61000	-3535.0639632151697
61500	-3515.3397487744032
62000	-3526.461536649429
62500	-3626.3622639225605
63000	-3585.7805356165213
63500	-3578.2027919037773
64000	-3605.3466095142758
64500	-3503.3537686100954
65000	-3517.4074588207113
65500	-3610.6166865972773
66000	-3577.4151927398166
66500	-3557.54498878401
67000	-3545.9169309944778
67500	-3561.9787247952513
68000	-3537.160624345037
68500	-3527.0659729238114
69000	-3569.7722977907492
69500	-3602.3958329494785
70000	-3599.449794894239
70500	-3504.1089619813724
71000	-3603.3379834457533
71500	-3560.640317695975
72000	-3627.0286757552158
72500	-3574.831986600514
73000	-3606.8079342531137
73500	-3569.873468956127
74000	-3561.3579412542153
74500	-3546.7155789000935
75000	-3607.068487733312
75500	-3623.925501418319
76000	-3651.0209872310866
76500	-3578.010607921465
77000	-3595.0185883045815
77500	-3586.486662185637
78000	-3580.4241564187637
78500	-3638.289365156653
79000	-3581.329178895613
79500	-3670.8351588209052
80000	-3597.926955341404
80500	-3535.75055188938
81000	-3544.4901564347924
81500	-3514.4203196141866
82000	-3549.212378617236
82500	-3534.6296684974764
83000	-3593.6897767737314
83500	-3624.677584510039
84000	-3548.727624323701
84500	-3616.533237794145
85000	-3592.9156950873758
85500	-3512.5597553600114
86000	-3525.2155087211413
86500	-3561.5601793327974
87000	-3511.2995063164517
87500	-3562.083529115447
88000	-3540.6500048514977
88500	-3539.343024748334
89000	-3562.028755704596
89500	-3582.000571677439
90000	-3577.1098720120385
90500	-3613.9337096505224
91000	-3575.6130643636416
91500	-3592.570171067299
92000	-3620.597805625282
92500	-3627.3271825899615
93000	-3563.53999863208
93500	-3534.703956371808
94000	-3509.172138517638
94500	-3546.5635329673723
95000	-3575.177919991291
95500	-3594.774401944395
96000	-3629.4384954561538
96500	-3582.3836197056676
97000	-3573.6041717822764
97500	-3526.520452027173
98000	-3539.3215765878213
98500	-3550.969531598672
99000	-3527.166734062148
99500	-3499.6724319587247
100000	-3543.512215759439
100500	-3544.314633587556
101000	-3535.0694019919647
101500	-3531.447963361392
102000	-3537.8027556060274
102500	-3581.8694316898436
103000	-3526.9558834172262
103500	-3577.30757743604
104000	-3642.050926084405
104500	-3581.8517685915062
105000	-3561.721629013077
105500	-3554.6961867201803
106000	-3560.595004675749
106500	-3533.243413511526
107000	-3548.956058693318
107500	-3529.369801068294
108000	-3457.4698627156063
108500	-3493.253291062531
109000	-3550.859576884263
109500	-3610.089251695802
110000	-3547.802488739856
110500	-3562.0394522363936
111000	-3505.267826383193
111500	-3550.756910237671
112000	-3556.5200610172824
112500	-3572.5408894120665
113000	-3567.9319067124293
113500	-3547.5924097685165
114000	-3589.0621335214873
114500	-3556.9044728416416
115000	-3530.0027564797388
115500	-3543.6823934880263
116000	-3618.9131020818563
116500	-3603.0316105084694
117000	-3627.947476734037
117500	-3534.6140294499714
118000	-3546.920375868111
118500	-3542.2287502413687
119000	-3575.74345673568
119500	-3536.087628084224
120000	-3567.627347086474
120500	-3537.0690429250267
121000	-3697.3709023146694
121500	-3628.297911672756
122000	-3499.6069391278934
122500	-3571.738897953794
123000	-3586.953523960143
123500	-3534.1121122517648
124000	-3519.132840831098
124500	-3526.204316266266
125000	-3530.6954399058422
125500	-3555.565755766727
126000	-3625.7101592784516
126500	-3581.314398033788
127000	-3601.0289079689014
127500	-3564.8200986974657
128000	-3539.226211535727
128500	-3551.4009407102676
129000	-3597.321211277595
129500	-3559.6170892361247
130000	-3618.1749948222373
130500	-3607.1403828194825
131000	-3546.2416125679406
131500	-3554.1966590982183
132000	-3607.8291231404137
132500	-3581.8573023570384
133000	-3525.6014835900105
133500	-3539.3094329777864
134000	-3492.683623158195
134500	-3601.004590582196
135000	-3550.361828952629
135500	-3570.3465865416924
136000	-3526.255186671732
136500	-3535.064733793815
137000	-3551.652213572537
137500	-3567.332057751462
138000	-3549.612562209037
138500	-3563.597961088579
139000	-3548.0808975555233
139500	-3548.1040639520074
140000	-3550.644228728624
140500	-3536.249262706263
141000	-3518.3527916132302
141500	-3550.617797622154
142000	-3593.995759155673
142500	-3604.4586329776394
143000	-3554.7396079793116
143500	-3568.135460437985
144000	-3597.9880332231273
144500	-3530.89555403314
145000	-3607.9061157928695
145500	-3573.2718213541525
146000	-3541.838265366369
146500	-3613.8416072925133
147000	-3546.7754576919865
147500	-3538.8923840722955
148000	-3528.785711048242
148500	-3527.8898180262763
149000	-3615.422788276426
149500	-3595.0593416336324
150000	-3556.4805099607743
150500	-3498.2562961237636
151000	-3547.6980453257383
151500	-3572.1098351758774
152000	-3618.2889563459667
152500	-3607.276568154685
153000	-3646.632197983022
153500	-3598.9549225135047
154000	-3576.086548372537
154500	-3571.090074235853
155000	-3584.0159789760687
155500	-3572.4257284475716
156000	-3594.5157794763722
156500	-3622.3096459159747
157000	-3531.335909173964
157500	-3582.5786512824484
158000	-3577.264466016611
158500	-3619.8210457535124
159000	-3644.704949033663
159500	-3579.2040154012125
160000	-3611.29730564085
160500	-3590.50441982835
161000	-3675.3560978840114
161500	-3608.9011104090846
162000	-3633.9843554237236
162500	-3608.143152075572
163000	-3529.9059221713637
163500	-3567.307325968132
164000	-3580.5277605865426
164500	-3619.4894411094265
165000	-3564.9119721555694
165500	-3575.457539356015
166000	-3505.1837127514073
166500	-3592.678277652487
167000	-3509.887736906801
167500	-3522.1365979054267
168000	-3535.744014324315
168500	-3666.0608069778064
169000	-3553.735830679922
169500	-3522.087979058204
170000	-3586.638747865501
170500	-3497.69135805239
171000	-3572.807593436892
171500	-3575.941433244051
172000	-3514.9284377453623
172500	-3586.421980195819
173000	-3676.9605884862954
173500	-3617.8244428905027
174000	-3604.543364658512
174500	-3585.458723227256
175000	-3588.7554659800558
175500	-3543.633313010759
176000	-3538.3178033335203
176500	-3545.3912906341625
177000	-3565.3785744160314
177500	-3590.3797283970102
178000	-3610.7047645366656
178500	-3544.729377464886
179000	-3523.9179235579254
179500	-3545.098694330361
180000	-3572.638574605584
180500	-3577.2291428410567
181000	-3548.2990486306117
181500	-3525.2552291214542
182000	-3581.827415376204
182500	-3626.790793524654
183000	-3590.398323619258
183500	-3598.516081957852
184000	-3551.305785598829
184500	-3564.9139156868764
185000	-3507.152481499698
185500	-3535.668966304157
186000	-3636.4639451222374
186500	-3591.7264614048827
187000	-3574.179473077942
187500	-3520.5332251047016
188000	-3500.0793888568774
188500	-3553.617646977741
189000	-3526.6578045982583
189500	-3559.3176961598515
190000	-3560.884568500206
190500	-3520.7472596101347
191000	-3500.5409376351286
191500	-3515.703852547751
192000	-3566.170747988374
192500	-3569.0367302805626
193000	-3564.144133900842
193500	-3506.5288901385584
194000	-3591.744113974961
194500	-3602.3986048644147
195000	-3584.095710076442
195500	-3535.3124968842467
196000	-3543.730654242406
196500	-3560.9154487605233
197000	-3535.8708445270113
197500	-3518.550758067705
198000	-3559.1642743052944
198500	-3615.0660111775583
199000	-3546.253960661243
199500	-3615.02938831558
200000	-3593.1662503824664
200500	-3533.5584071110866
201000	-3652.8028182180224
201500	-3560.500921189218
202000	-3528.1027971063536
202500	-3535.516792848803
203000	-3573.6498874967065
203500	-3664.594544312038
204000	-3651.156405318725
204500	-3566.0505862766013
205000	-3568.110523146709
205500	-3562.7360579879983
206000	-3535.6904384967092
206500	-3564.2410235442417
207000	-3590.2581398558686
207500	-3536.3916887756563
208000	-3543.611113879187
208500	-3542.414403985095
209000	-3492.2009540178697
209500	-3511.9282286758407
210000	-3515.8233168105226
210500	-3501.1550062370484
211000	-3540.446729543346
211500	-3605.210758683997
212000	-3534.32021355514
212500	-3551.384202256928
213000	-3604.9640842267677
213500	-3539.618060520286
214000	-3556.4472049518004
214500	-3563.0589628529365
215000	-3574.45064768361
215500	-3606.253420083043
216000	-3527.8638449683854
216500	-3619.953755147562
217000	-3559.016312199343
217500	-3554.409103099849
218000	-3568.3630155710694
218500	-3576.8153017531176
219000	-3539.2957649768996
219500	-3663.103018258235
220000	-3590.145581274572
220500	-3534.393751557903
221000	-3625.3923698698322
221500	-3570.176010658557
222000	-3575.3815056493318
222500	-3589.6608844225916
223000	-3612.8151621094025
223500	-3606.669834431919
224000	-3637.414722668836
224500	-3528.897160341758
225000	-3622.3269775189247
225500	-3616.0784567909614
226000	-3595.4783032112696
226500	-3612.472322091543
227000	-3587.3532672414044
227500	-3508.8914897446957
228000	-3556.5555800577117
228500	-3587.7009074474345
229000	-3535.751885418348
229500	-3525.620360212841
230000	-3632.2109930069937
230500	-3576.4252229370973
231000	-3556.9688324768217
231500	-3582.145855891535
232000	-3530.9830504729935
232500	-3590.1772921795186
233000	-3565.189700749455
233500	-3538.3774197093257
234000	-3565.6775866607454
234500	-3585.9731851863676
235000	-3634.1398446057356
235500	-3613.420766091009
236000	-3533.9804068356107
236500	-3528.1860859215185
237000	-3582.9665751332955
237500	-3563.682030977518
238000	-3583.8473078160964
238500	-3496.9867309591664
239000	-3515.994232553553
239500	-3547.1828395062494
240000	-3496.2464074978484
240500	-3580.649195794636
241000	-3574.374472694948
241500	-3536.7693541026006
242000	-3551.6704770206093
242500	-3604.719675745546
243000	-3584.9260064735313
243500	-3573.4704721040484
244000	-3605.6624056378246
244500	-3551.77499710109
245000	-3589.4671955083036
245500	-3558.6034890755327
246000	-3574.8220823558186
246500	-3558.871275612171
247000	-3547.6018228088615
247500	-3526.4840427494228
248000	-3526.5267911347605
248500	-3640.47249008262
249000	-3522.8109487849765
249500	-3513.8842359315645
250000	-3505.3120564167752
250500	-3544.196387818937
251000	-3533.9798570454172
251500	-3544.2208804351894
252000	-3548.709397845163
252500	-3531.7125990143245
253000	-3542.522631791328
253500	-3492.8272629235275
254000	-3528.959434186987
254500	-3567.8290392574463
255000	-3615.7097006507074
255500	-3566.7010166306695
256000	-3575.127591521585
256500	-3516.9917556803703
257000	-3571.4372029348415
257500	-3546.013721108189
258000	-3572.432778742873
258500	-3532.9107730866353
259000	-3486.679775073885
259500	-3539.2987336026954
260000	-3501.7581050730696
260500	-3545.5513308497584
261000	-3612.04088506981
261500	-3519.6564162212876
262000	-3532.958167551978
262500	-3544.889897528429
263000	-3552.5219070282346
263500	-3604.074404469287
264000	-3606.263141739152
264500	-3593.1238229509377
265000	-3569.799227368162
265500	-3537.870487655283
266000	-3544.6828957048547
266500	-3524.619983972009
267000	-3573.080785398198
267500	-3516.1213711954165
268000	-3551.0956692450377
268500	-3577.1528347634653
269000	-3547.950324586183
269500	-3559.8676045590437
270000	-3548.48202014609
270500	-3588.1709121845643
271000	-3564.893614848403
271500	-3618.796027352408
272000	-3571.1069318347663
272500	-3599.851373715828
273000	-3626.9358886000578
273500	-3572.97850834807
274000	-3538.236439965705
274500	-3604.0636041611456
275000	-3593.0007626942706
275500	-3580.7184632427766
276000	-3593.3227718679145
276500	-3537.8077239820095
277000	-3659.5357921494747
277500	-3608.0234917190255
278000	-3509.59060459366
278500	-3594.6064232058825
279000	-3610.7771762319417
279500	-3566.290174171958
280000	-3560.7475268246935
280500	-3573.4800384824343
281000	-3550.8273784929675
281500	-3615.125672423729
282000	-3617.5692845276208
282500	-3613.000210287594
283000	-3621.4697012293514
283500	-3554.255126972634
284000	-3540.1059552114352
284500	-3606.4252872744783
285000	-3599.966633636655
285500	-3601.1828276886163
286000	-3587.8640668466273
286500	-3562.1000733234887
287000	-3577.073100142737
287500	-3501.2795750375612
288000	-3599.4928569734866
288500	-3592.4104919288625
289000	-3663.3029215614474
289500	-3594.6409391396724
290000	-3606.8395566324307
290500	-3576.3342680743917
291000	-3576.2295109269257
291500	-3577.449039524682
292000	-3595.7007830687758
292500	-3554.22580269198
293000	-3592.220323188771
293500	-3640.7413137310914
294000	-3580.1097023031352
294500	-3580.1017502501936
295000	-3632.443609150272
295500	-3646.3929727359946
296000	-3672.3761470292047
296500	-3613.9229603818344
297000	-3662.6034063870206
297500	-3520.4317185131567
298000	-3578.5891643504433
298500	-3578.026797580875
299000	-3573.5736658874316
299500	-3570.51154535329
300000	-3573.1708352371807
300500	-3568.8012376040374
301000	-3609.021782238456
301500	-3633.7534162536735
302000	-3598.0633559110847
302500	-3637.339733073948
303000	-3623.1318149228687
303500	-3578.9473483652223
304000	-3587.9391262567265
304500	-3584.8215612928125
305000	-3559.9563137707123
305500	-3570.248396508359
306000	-3607.4498891155813
306500	-3586.794875446057
307000	-3553.536265678141
307500	-3608.7475771760137
308000	-3569.537330615925
308500	-3561.1977176725695
309000	-3555.992725684458
309500	-3511.3793712762845
310000	-3543.1616159863183
310500	-3519.480627690573
311000	-3494.75322501228
311500	-3580.974097778956
312000	-3564.8627752601315
312500	-3558.4314574101113
313000	-3499.5566570354404
313500	-3495.740086196203
314000	-3550.3504312685773
314500	-3558.340326203453
315000	-3537.5701626852538
315500	-3520.8537681722537
316000	-3534.5105142582006
316500	-3608.9696417306764
317000	-3642.373590498515
317500	-3580.947106265966
318000	-3638.3630072162427
318500	-3604.7120748385864
319000	-3592.985897953587
319500	-3572.0919615838557
320000	-3574.8959166547243
320500	-3511.533560763958
321000	-3517.559165043937
321500	-3576.0564055303444
322000	-3577.618055423779
322500	-3644.067127564141
323000	-3602.061548153806
323500	-3627.885843648862
324000	-3604.3109005300535
324500	-3502.8774794457945
325000	-3544.376298981335
325500	-3582.906961843183
326000	-3577.935458883105
326500	-3523.6864548839303
327000	-3577.8059359911417
327500	-3620.0480616823015
328000	-3585.4263555435114
328500	-3577.0042498595667
329000	-3586.6822809853443
329500	-3553.4552587426087
330000	-3549.003903257284
330500	-3538.3707949519353
331000	-3521.624019845041
331500	-3642.670260170404
332000	-3576.804041491404
332500	-3560.4845163822306
333000	-3524.872101899718
333500	-3546.019976352338
334000	-3554.911698599105
334500	-3529.052087495466
335000	-3534.8555741954347
335500	-3560.7396405369564
336000	-3574.1011859761165
336500	-3567.8920508885644
337000	-3593.8469976664087
337500	-3583.538373438446
338000	-3592.353418354527
338500	-3559.616753160984
339000	-3605.8945020877345
339500	-3580.991374801954
340000	-3639.2011263875283
340500	-3551.1367808812684
341000	-3560.4490274407594
341500	-3554.3495709920444
342000	-3558.3424352558723
342500	-3560.8394095605595
343000	-3544.12561246534
343500	-3564.4978425121694
344000	-3509.0865853072073
344500	-3576.6934536552217
345000	-3534.0815949129956
345500	-3563.924028315902
346000	-3527.273649397375
346500	-3524.124681842294
347000	-3507.5986083517355
347500	-3568.9153181386478
348000	-3546.4308364180424
348500	-3600.772983398128
349000	-3645.829802957986
349500	-3634.4058489962126
350000	-3641.764346254814
350500	-3678.126516301375
351000	-3641.9811397831854
351500	-3613.091527766254
352000	-3671.3723977398954
352500	-3613.6033570557297
353000	-3575.9405607512244
353500	-3608.283217746313
354000	-3609.089954649527
354500	-3586.847123069778
355000	-3584.073728578999
355500	-3542.7527108480526
356000	-3556.0067863237523
356500	-3548.9599075126644
357000	-3552.3433401029956
357500	-3592.053064627757
358000	-3525.021442805464
358500	-3558.1827687373816
359000	-3578.211893989502
359500	-3576.82793344305
360000	-3552.0720924614725
360500	-3499.765500238728
361000	-3502.901886492934
361500	-3577.4401134601653
362000	-3549.78440714483
362500	-3575.8145151662993
363000	-3552.0964537769732
363500	-3496.893773153386
364000	-3534.5640648911285
364500	-3530.8845906704955
365000	-3616.7651747677232
365500	-3536.636538747032
366000	-3578.521810060558
366500	-3565.6724868264364
367000	-3633.8126679555735
367500	-3543.9354891615735
368000	-3491.119131551237
368500	-3557.8397760228995
369000	-3596.6663756839594
369500	-3599.9606887763634
370000	-3571.538773254383
370500	-3568.420192499796
371000	-3557.010181371365
371500	-3590.737477564287
372000	-3548.116651767673
372500	-3555.080757818103
373000	-3560.1425675748087
373500	-3545.9227811440023
374000	-3590.6146035839856
374500	-3533.7965739255337
375000	-3580.5133337966813
375500	-3526.7738809312564
376000	-3535.5809608770774
376500	-3517.143504605201
377000	-3563.5158861494506
377500	-3503.484570897321
378000	-3592.6634205371765
378500	-3520.9508957981175
379000	-3580.610195115891
379500	-3584.3809654839515
380000	-3545.911348224662
380500	-3630.5435326478255
381000	-3620.6332751032755
381500	-3568.8599550841295
382000	-3597.373472852203
382500	-3585.5434816641678
383000	-3641.8934122134365
383500	-3550.3466287836204
384000	-3510.7195777160423
384500	-3539.605233882222
385000	-3521.605041584054
385500	-3541.3459560514257
386000	-3593.134775095838
386500	-3555.487633053814
387000	-3528.7126420928926
387500	-3529.355510446126
388000	-3549.4359172434606
388500	-3556.1561196671096
389000	-3563.442407550006
389500	-3600.567259016193
390000	-3658.0186890401487
390500	-3581.491527972377
391000	-3550.9957932013212
391500	-3620.6798075216843
392000	-3642.4455780661647
392500	-3652.24263417264
393000	-3614.5107622125943
393500	-3629.5000194649083
394000	-3562.0309541010947
394500	-3540.544227663811
395000	-3541.9462198315186
395500	-3556.8108212527195
396000	-3513.024765346361
396500	-3549.742873325975
397000	-3526.0055037711563
397500	-3552.4220673938435
398000	-3607.1165943262413
398500	-3599.3936777990534
399000	-3548.2011586067174
399500	-3518.4899421905748
400000	-3569.127865160879
400500	-3545.4937503213496
401000	-3528.5108486298323
401500	-3518.8961959088892
402000	-3544.389581565194
402500	-3576.6078518660715
403000	-3561.2229774796847
403500	-3513.0446641534463
404000	-3570.1301865245327
404500	-3520.8356213327143
405000	-3541.8908386246576
405500	-3594.425073577537
406000	-3521.7035539689696
406500	-3539.608398968945
407000	-3555.406174682963
407500	-3638.192034837103
408000	-3537.246516637811
408500	-3522.16241413009
409000	-3553.834383829825
409500	-3542.9783347575803
410000	-3586.379849159936
410500	-3569.021366417964
411000	-3604.342995238891
411500	-3620.602939215456
412000	-3618.0727528236584
412500	-3559.698750496399
413000	-3570.10430348269
413500	-3583.3126713635593
414000	-3606.8745110401064
414500	-3579.3411654535753
415000	-3552.0476191745847
415500	-3568.7502173097982
416000	-3523.8860089591103
416500	-3544.929908190769
417000	-3509.3078804715806
417500	-3574.103494539134
418000	-3610.060799157934
418500	-3631.906526189859
419000	-3638.5577887941113
419500	-3640.9806170275715
420000	-3671.2457968839435
420500	-3662.4482621902844
421000	-3625.167096825818
421500	-3645.528307902833
422000	-3691.0854295096406
422500	-3622.2688974362004
423000	-3517.892352768164
423500	-3592.6330038925366
424000	-3686.559274433062
424500	-3556.152894394477
425000	-3618.37128076506
425500	-3535.886686496738
426000	-3590.3988820200025
426500	-3563.8125422110033
427000	-3609.29675695603
427500	-3609.2195831684144
428000	-3730.018458626373
428500	-3604.2221809330485
429000	-3632.327053417808
429500	-3527.3725120144413
430000	-3517.9351142457376
430500	-3541.4988766225083
431000	-3553.275604787542
431500	-3583.5901280829526
432000	-3583.8504423182203
432500	-3522.8514412913128
433000	-3534.4575729068265
433500	-3555.798594911055
434000	-3549.5564128676315
434500	-3541.1138942810526
435000	-3548.607697547498
435500	-3549.1411114714724
436000	-3567.5765820848196
436500	-3521.778095941546
437000	-3586.6742693237456
437500	-3500.431982669632
438000	-3653.6873498531486
438500	-3686.250880645802
439000	-3638.9216517946993
439500	-3578.4023779945824
440000	-3553.181953648492
440500	-3549.840557740956
441000	-3598.0298039707495
441500	-3549.873965022513
442000	-3539.7767292252634
442500	-3595.702512440926
443000	-3636.0263989946206
443500	-3549.1352418459946
444000	-3572.564090466542
444500	-3624.573467253977
445000	-3571.2434597958636
445500	-3558.1037140740805
446000	-3529.029809249718
446500	-3537.7618606314813
447000	-3568.4172307859594
447500	-3505.4169945081903
448000	-3542.0903252498642
448500	-3608.0556503178664
449000	-3549.549114153642
449500	-3537.568268938972
450000	-3574.70415549038
450500	-3566.764210933446
451000	-3588.7219933090864
451500	-3576.734742675009
452000	-3542.4599805635844
452500	-3507.9935525122323
453000	-3540.7069310011475
453500	-3502.659806912637
454000	-3496.3269481229395
454500	-3518.2713034736958
455000	-3528.244233385142
455500	-3571.792777800121
456000	-3622.677587622404
456500	-3550.052515840484
457000	-3615.348970321865
457500	-3617.708757988865
458000	-3557.482991729862
458500	-3513.7795715728425
459000	-3572.7090450447913
459500	-3579.043116895513
460000	-3501.824392149216
460500	-3548.901157291561
461000	-3549.669604575732
461500	-3543.6265931097932
462000	-3527.2188047502564
462500	-3552.405600641314
463000	-3576.2109802208324
463500	-3621.3247828666285
464000	-3521.7490619541854
464500	-3582.726838750227
465000	-3579.460483621486
465500	-3657.4575502236253
466000	-3585.3815652432468
466500	-3573.552568236602
467000	-3540.976220955036
467500	-3575.9362991723433
468000	-3571.5875744384016
468500	-3518.87726266787
469000	-3529.393395592681
469500	-3565.141624083365
470000	-3557.113258832847
470500	-3511.7834187564595
471000	-3521.0743593970938
471500	-3526.6791213072393
472000	-3531.7697576115143
472500	-3511.3211234206083
473000	-3562.618150696576
473500	-3482.8974257582677
474000	-3549.111623942654
474500	-3494.334565135654
475000	-3511.9074748983226
475500	-3552.815350245031
476000	-3548.5022769432703
476500	-3554.293099599331
477000	-3576.300557513167
477500	-3533.721424497374
478000	-3663.9548695065023
478500	-3627.854443620535
479000	-3520.9998014625394
479500	-3544.1249679942107
480000	-3500.9213508157077
480500	-3562.381513714694
481000	-3619.5687414624217
481500	-3548.3548225233776
482000	-3567.921358881382
482500	-3537.9349215327725
483000	-3569.334770831377
483500	-3543.6883235242544
484000	-3581.842612682096
484500	-3625.086852564363
485000	-3543.7309886575226
485500	-3539.52213541751
486000	-3597.7226020404323
486500	-3598.2624423164066
487000	-3593.602396202309
487500	-3601.5394191652
488000	-3607.137690012245
488500	-3505.717101022626
489000	-3539.2487482906245
489500	-3562.5853970880057
490000	-3593.8736446075404
490500	-3552.0962591255293
491000	-3505.5680311926976
491500	-3591.3733588395867
492000	-3587.280155188884
492500	-3580.7243363708158
493000	-3575.3598666141484
493500	-3555.8885510401274
494000	-3595.9893743350694
494500	-3558.658114620963
495000	-3576.5778927114466
495500	-3650.871572610066
496000	-3551.410949733873
496500	-3545.677500644794
497000	-3542.7793458068313
497500	-3546.419646906711
498000	-3524.9179504031554
498500	-3497.8041311107245
499000	-3542.446030119382
499500	-3568.209380096767
500000	-3616.928363241495
