Sample	likelihood
0	-3416.273781814116
500	-3418.7159470304414
1000	-3422.2342260528726
1500	-3425.4746054917005
2000	-3418.8515220378313
2500	-3426.7118347314577
3000	-3425.1794328807805
3500	-3426.5969760431253
4000	-3425.354123670595
4500	-3416.906628307109
5000	-3415.2959062377618
5500	-3418.5387861545755
6000	-3414.6049708697537
6500	-3417.154650630176
7000	-3420.7469141242514
7500	-3420.479723896999
8000	-3419.3022933535044
8500	-3433.0548884541035
9000	-3427.0184951311085
9500	-3419.890714373689
10000	-3414.893143257827
10500	-3421.5587648408177
11000	-3416.80274668308
11500	-3421.93683145984
12000	-3420.7956286009876
12500	-3418.5234385618414
13000	-3426.039917623149
13500	-3421.1612386960874
14000	-3420.192074691405
14500	-3422.3845038863737
15000	-3415.083128497816
15500	-3418.3596227305907
16000	-3419.3708539335294
16500	-3418.6651632319367
17000	-3421.5190734803546
17500	-3424.8464064434615
18000	-3419.5243818039535
18500	-3421.3212484189444
19000	-3424.8759801915994
19500	-3418.9532156689384
20000	-3420.0710870411062
20500	-3419.886480231963
21000	-3424.647941809034
21500	-3424.873378063039
22000	-3427.1679447910374
22500	-3423.5277864317286
23000	-3421.7650996950633
23500	-3426.134223186146
24000	-3423.227195236114
24500	-3433.8410194495073
25000	-3428.541014999184
25500	-3417.5863469895367
26000	-3421.50596019669
26500	-3422.9095773678246
27000	-3425.139831572906
27500	-3419.633370162404
28000	-3421.858382717482
28500	-3417.4309179118554
29000	-3425.0901938692014
29500	-3426.528701984431
30000	-3423.6416719672648
30500	-3422.405029114046
31000	-3421.75783601032
31500	-3417.9601871287036
32000	-3421.473584621629
32500	-3413.9268253115692
33000	-3420.0069255805893
33500	-3417.9173344348537
34000	-3422.2802681659423
34500	-3419.417834978222
35000	-3418.7633462343806
35500	-3415.233934754017
36000	-3420.598821721502
36500	-3426.434945935106
37000	-3422.0616556516798
37500	-3421.9147375896423
38000	-3417.885054550006
38500	-3417.717154002408
39000	-3420.8300739233655
39500	-3417.9950177176747
40000	-3424.4526269712233
40500	-3420.6032563866315
41000	-3423.310000525246
41500	-3423.1521453429577
42000	-3417.9807075926933
42500	-3432.7886297251985
43000	-3426.356409158413
43500	-3421.1168087173724
44000	-3420.6707097692006
44500	-3422.202796363133
45000	-3425.8035423934234
45500	-3427.9095870072256
46000	-3425.4726599791616
46500	-3417.884797665422
47000	-3429.1767140655393
47500	-3427.9851959847924
48000	-3416.662899913738
48500	-3420.970918576362
49000	-3415.5920477042073
49500	-3416.4017518092755
50000	-3417.190219201716
50500	-3420.543712006295
51000	-3418.32028001502
51500	-3421.7364322770436
52000	-3421.386337795832
52500	-3427.416828508605
53000	-3423.4471401870646
53500	-3429.5300952722882
54000	-3422.8588382460216
54500	-3426.6408879862015
55000	-3426.2088207470933
55500	-3417.110390106554
56000	-3418.3809657278866
56500	-3419.568076048019
57000	-3420.3576495370858
57500	-3424.08418744367
58000	-3425.7948652909254
58500	-3424.2970048374073
59000	-3427.2272864546903
59500	-3418.8871437627
60000	-3424.1428609057502
60500	-3420.6461654777027
61000	-3423.823695965406
61500	-3434.3462169449836
62000	-3418.4258670912905
62500	-3419.606144499345
63000	-3425.1270126463155
63500	-3430.594249696985
64000	-3422.3793233331517
64500	-3420.1522813069637
65000	-3420.4417612850602
65500	-3426.7537189327954
66000	-3425.866735153105
66500	-3424.1824871127046
67000	-3425.0023393244464
67500	-3422.263482348668
68000	-3419.1325501770857
68500	-3421.3383743997583
69000	-3419.8115108115817
69500	-3432.1032807606102
70000	-3431.4511447684777
70500	-3422.017394516949
71000	-3418.0111646769496
71500	-3423.717191165202
72000	-3436.5840424303224
72500	-3424.772186734451
73000	-3425.6516349242956
73500	-3426.4000982021375
74000	-3422.8373068750084
74500	-3421.3550323496697
75000	-3436.438495541815
75500	-3420.6657418369587
76000	-3429.06332193729
76500	-3425.1990918653405
77000	-3432.9681031541936
77500	-3422.02504274432
78000	-3428.8054893816825
78500	-3421.3405312407417
79000	-3422.8692033825623
79500	-3418.4521158828825
80000	-3421.219005660137
80500	-3421.4925625110527
81000	-3424.629270249423
81500	-3418.700360798463
82000	-3428.2298182384875
82500	-3418.070572052632
83000	-3421.1911645514265
83500	-3424.290886616966
84000	-3424.081179865729
84500	-3420.136225568391
85000	-3429.243912713851
85500	-3415.1736397706904
86000	-3414.4803662297763
86500	-3419.738756507863
87000	-3420.801579929385
87500	-3419.873343264567
88000	-3418.482862446257
88500	-3421.641131741233
89000	-3421.42500464997
89500	-3417.471453890833
90000	-3422.0367876321598
90500	-3426.632760987701
91000	-3426.4662431432594
91500	-3428.380327049344
92000	-3427.2539145640867
92500	-3418.641913097048
93000	-3424.105937281458
93500	-3427.586560694691
94000	-3421.4580404622634
94500	-3421.2878420129446
95000	-3421.019060259235
95500	-3426.931601062561
96000	-3426.6083148456523
96500	-3419.331607744499
97000	-3414.486704601476
97500	-3419.636496878863
98000	-3425.1616380946602
98500	-3426.302555515804
99000	-3429.994322214289
99500	-3428.9097587067718
100000	-3429.8027385818036
100500	-3419.6530754245377
101000	-3425.806473449155
101500	-3423.113036657829
102000	-3420.351960611787
102500	-3423.667288570313
103000	-3422.7164200552734
103500	-3425.968006438933
104000	-3419.915256400024
104500	-3419.0041660401685
105000	-3422.900230072517
105500	-3418.286972271858
106000	-3422.05187762967
106500	-3420.2531283373733
107000	-3418.3233373225075
107500	-3426.0600573226443
108000	-3419.1644697342335
108500	-3424.128368177823
109000	-3415.588511691469
109500	-3415.4279612447153
110000	-3426.518798524047
110500	-3415.0888746762043
111000	-3421.4152290100465
111500	-3422.1038125387054
112000	-3427.0839207521703
112500	-3419.1524812022944
113000	-3421.686714172613
113500	-3418.7551621125144
114000	-3421.0674072270676
114500	-3421.460940964947
115000	-3422.610789608886
115500	-3419.5141659620226
116000	-3415.540290331471
116500	-3420.0723956866086
117000	-3419.9536425194683
117500	-3420.9595480312078
118000	-3420.5324660518613
118500	-3422.4455297181194
119000	-3418.847395998924
119500	-3422.629909986448
120000	-3431.879179614057
120500	-3427.9438907800245
121000	-3422.930442452501
121500	-3421.4434653297726
122000	-3421.775292322224
122500	-3416.7945300147335
123000	-3418.341714839718
123500	-3424.674739022776
124000	-3418.0888531805012
124500	-3429.6362624273665
125000	-3424.7972982366186
125500	-3429.779866267825
126000	-3425.7841161269725
126500	-3431.767466485394
127000	-3436.746193650765
127500	-3426.7103892919667
128000	-3420.660590695038
128500	-3421.1299093749876
129000	-3417.6158057461985
129500	-3423.7635705784455
130000	-3421.3168944996405
130500	-3414.445437651091
131000	-3421.559001556942
131500	-3425.339632606608
132000	-3424.9989381008677
132500	-3420.0217727629065
133000	-3412.735576116909
133500	-3421.544478419354
134000	-3426.5902625194185
134500	-3419.0476450237848
135000	-3419.925880628357
135500	-3416.1587987577386
136000	-3418.2875643783627
136500	-3417.3212517372854
137000	-3418.51015191288
137500	-3424.1208062568094
138000	-3424.8843401405884
138500	-3425.7086864066773
139000	-3423.1230089258383
139500	-3428.479844391672
140000	-3417.4724511349214
140500	-3414.2385795164005
141000	-3425.2408887342904
141500	-3422.4160606682176
142000	-3425.633993749665
142500	-3422.8330118919066
143000	-3416.51156245212
143500	-3410.1331230261007
144000	-3416.0696692954466
144500	-3422.005577935859
145000	-3413.978074467347
145500	-3413.473924041967
146000	-3419.3789074253923
146500	-3421.606792116624
147000	-3422.2743293997078
147500	-3414.911558537104
148000	-3425.575387907545
148500	-3416.375813570803
149000	-3427.821800878473
149500	-3423.278530940307
150000	-3432.0640637642996
150500	-3428.5643283605277
151000	-3435.0106322163697
151500	-3427.396405337002
152000	-3420.833663327456
152500	-3429.7876255540164
153000	-3420.7896136972986
153500	-3422.1943979771395
154000	-3420.594358895477
154500	-3418.9348031249333
155000	-3422.1790666443226
155500	-3422.3355434117375
156000	-3424.479713340388
156500	-3431.100441646792
157000	-3433.964379867866
157500	-3419.8589407459212
158000	-3417.4661611738907
158500	-3418.0293708995514
159000	-3419.5802150871914
159500	-3423.2174661091613
160000	-3421.5103916877256
160500	-3424.7941346584485
161000	-3429.5329014458825
161500	-3418.6499073089844
162000	-3425.010134804909
162500	-3421.549332715519
163000	-3422.4697310021334
163500	-3419.6568619005143
164000	-3413.914593738305
164500	-3424.966803145025
165000	-3426.2266718616493
165500	-3421.4194693812706
166000	-3415.952591998933
166500	-3425.3829212467463
167000	-3424.6276895173805
167500	-3426.180868460505
168000	-3426.5058023146216
168500	-3421.9311307830512
169000	-3424.2874118423483
169500	-3433.2217435560083
170000	-3422.840538642062
170500	-3422.5794850090933
171000	-3420.081231531153
171500	-3426.6574338797022
172000	-3425.8893408653785
172500	-3417.913661203471
173000	-3427.5072767905135
173500	-3419.055336575927
174000	-3417.397797499311
174500	-3420.995288958729
175000	-3416.886230568118
175500	-3420.618046559566
176000	-3417.5588083730627
176500	-3421.520282486754
177000	-3426.0973014291158
177500	-3423.484545779723
178000	-3417.469425469509
178500	-3418.899133169297
179000	-3418.2394283523777
179500	-3418.886472103074
180000	-3427.377597213942
180500	-3418.543369319118
181000	-3420.6296869719104
181500	-3421.0424368743406
182000	-3422.901001301969
182500	-3435.80132263721
183000	-3422.341539113086
183500	-3418.339179237747
184000	-3416.688340128242
184500	-3421.138423095223
185000	-3416.4680238984065
185500	-3418.958532566351
186000	-3421.5491035760524
186500	-3418.8507424539475
187000	-3428.2524821378556
187500	-3435.5032553951555
188000	-3422.4172535050184
188500	-3425.9312845428713
189000	-3420.8318102580956
189500	-3428.342903561149
190000	-3417.800443468841
190500	-3419.4800109108196
191000	-3426.5335024847477
191500	-3428.1649882066145
192000	-3419.0322465220643
192500	-3416.386712339622
193000	-3423.3699603596137
193500	-3423.584189516067
194000	-3425.0745201439127
194500	-3415.839525325386
195000	-3417.250933688223
195500	-3424.643817910349
196000	-3418.7392298518666
196500	-3418.427107239819
197000	-3421.7666578206718
197500	-3428.5838091079186
198000	-3425.3188095567352
198500	-3426.182259261904
199000	-3433.3759056895938
199500	-3420.2143860035294
200000	-3425.050542172473
200500	-3421.6519212518983
201000	-3418.79461856385
201500	-3419.7507814656415
202000	-3422.374511806447
202500	-3421.723407354808
203000	-3426.5435183202985
203500	-3430.0227208822653
204000	-3422.8973091372764
204500	-3420.362650411894
205000	-3421.186836816062
205500	-3426.227526274607
206000	-3423.87002766349
206500	-3417.7680749313276
207000	-3417.072485704564
207500	-3419.758029669041
208000	-3421.4853881333956
208500	-3429.3801262592106
209000	-3417.543189797967
209500	-3418.3746226941553
210000	-3419.5274199094492
210500	-3423.288509301296
211000	-3421.27340086657
211500	-3422.2732421338624
212000	-3418.885007265608
212500	-3420.627740293306
213000	-3418.389220213463
213500	-3422.766478739184
214000	-3423.0955264961376
214500	-3424.204042710754
215000	-3433.5247187931814
215500	-3433.1021020650287
216000	-3421.0188975542524
216500	-3418.4952379776864
217000	-3427.5265850548444
217500	-3426.412041466231
218000	-3418.950196957544
218500	-3419.7586472751996
219000	-3419.4862954099976
219500	-3423.1066259381887
220000	-3415.145870761482
220500	-3420.554831471976
221000	-3418.7143681296748
221500	-3420.6848142679182
222000	-3414.3515811030315
222500	-3422.724586234808
223000	-3422.001459838327
223500	-3419.0855475941275
224000	-3416.92260632912
224500	-3418.3803524209684
225000	-3421.8546910864247
225500	-3422.728371676028
226000	-3418.3583298175226
226500	-3417.607713203696
227000	-3424.158137815174
227500	-3419.471318794996
228000	-3422.865360174804
228500	-3420.799886250455
229000	-3424.7116121587783
229500	-3427.3926523898854
230000	-3422.8293125834502
230500	-3413.510029297543
231000	-3418.9266871568475
231500	-3418.3422377408688
232000	-3417.1282916619925
232500	-3423.9521113754063
233000	-3416.9875653953145
233500	-3417.8812908387667
234000	-3420.3402760393274
234500	-3425.4319708560643
235000	-3422.74274061233
235500	-3421.705652020352
236000	-3415.2098449182504
236500	-3420.0921258406042
237000	-3421.309822477665
237500	-3414.002668386082
238000	-3425.505137154615
238500	-3419.7954929402317
239000	-3419.198543648346
239500	-3416.108079398691
240000	-3428.1806569004098
240500	-3416.700001833571
241000	-3424.8381213966245
241500	-3416.3673536956903
242000	-3415.071003734538
242500	-3415.5032599574465
243000	-3418.5508084612047
243500	-3421.63731123288
244000	-3421.2097423073396
244500	-3421.338322917645
245000	-3426.2870852167184
245500	-3423.3243645083426
246000	-3432.3770505927137
246500	-3420.4524028670976
247000	-3423.0405317669224
247500	-3422.5063764443557
248000	-3425.142823610656
248500	-3422.9935815660137
249000	-3423.9189569476766
249500	-3422.1818141351077
250000	-3429.3241174560003
250500	-3426.7393709188345
251000	-3424.3084666369464
251500	-3418.7857604248043
252000	-3416.6518338869364
252500	-3421.608960313477
253000	-3418.0325677693436
253500	-3428.815322359617
254000	-3425.3008695384046
254500	-3422.302250813119
255000	-3426.792246760574
255500	-3432.8746558006296
256000	-3429.7098475880084
256500	-3413.901650938262
257000	-3421.5924654715345
257500	-3421.4635230555796
258000	-3418.8961255142763
258500	-3421.200119872823
259000	-3423.099067997397
259500	-3422.576281952127
260000	-3416.6479410844477
260500	-3426.388519437764
261000	-3422.1378586227297
261500	-3415.9782547337036
262000	-3418.1199016476626
262500	-3420.6283632435907
263000	-3415.100608379109
263500	-3416.5982264082863
264000	-3418.4183098212607
264500	-3422.0803404647572
265000	-3421.7207255102567
265500	-3426.011374981013
266000	-3413.720884471551
266500	-3428.354949259578
267000	-3430.692941254678
267500	-3424.3422525403585
268000	-3424.5706160859368
268500	-3423.371875610406
269000	-3416.0290148660756
269500	-3419.3810061525396
270000	-3423.161895221978
270500	-3414.987612151154
271000	-3423.649152742718
271500	-3423.245691131535
272000	-3426.0734992159364
272500	-3420.4910476426567
273000	-3420.8225376530163
273500	-3420.926922197386
274000	-3419.9726150845036
274500	-3425.4054508922654
275000	-3422.3686651550665
275500	-3417.0559773337213
276000	-3422.0137405485443
276500	-3425.1874223702357
277000	-3420.9399926378524
277500	-3426.4548125433816
278000	-3418.87149847444
278500	-3424.529910961444
279000	-3428.104098159337
279500	-3424.1562966282677
280000	-3421.6855768017836
280500	-3423.735693276266
281000	-3420.0537464412478
281500	-3421.7764996971982
282000	-3421.318200938115
282500	-3420.1825992374884
283000	-3426.1590848110973
283500	-3418.4637214167255
284000	-3427.126393280654
284500	-3418.182794566413
285000	-3420.556143638738
285500	-3425.568943936371
286000	-3419.9822389649003
286500	-3425.293181273675
287000	-3421.0581535434867
287500	-3427.4184821756658
288000	-3420.9794831377017
288500	-3422.065461338403
289000	-3422.762701529309
289500	-3422.682608327443
290000	-3419.923400645693
290500	-3419.181186064408
291000	-3416.882602443494
291500	-3418.618880160513
292000	-3421.8689477314165
292500	-3418.759411489709
293000	-3424.8403175554918
293500	-3418.8825088675485
294000	-3414.0725248894632
294500	-3411.828604340161
295000	-3416.0102460867865
295500	-3417.495800331538
296000	-3419.59420365303
296500	-3414.5163504930747
297000	-3420.9873961853436
297500	-3414.6800292225375
298000	-3424.043602957746
298500	-3416.345470664514
299000	-3416.4247668608514
299500	-3423.998895915887
300000	-3416.454679725048
300500	-3417.789261522518
301000	-3418.1580754130837
301500	-3416.6886475321144
302000	-3421.8171019147353
302500	-3421.0445570070065
303000	-3418.903629884524
303500	-3418.134334671964
304000	-3417.1345904474397
304500	-3419.334141240639
305000	-3418.8095273637296
305500	-3427.6104960941757
306000	-3421.6707102980613
306500	-3422.505427728504
307000	-3423.254852654159
307500	-3418.4602805223208
308000	-3415.396949225318
308500	-3419.314574381756
309000	-3418.1491913836494
309500	-3415.592878159718
310000	-3419.7062981525387
310500	-3417.7042754643385
311000	-3423.1352548250934
311500	-3423.9599857798594
312000	-3417.565773234404
312500	-3426.9885296237703
313000	-3418.964809744659
313500	-3420.6842786777884
314000	-3418.783001059334
314500	-3419.905735708578
315000	-3418.1877002065985
315500	-3415.4913352688577
316000	-3426.3723716223726
316500	-3419.3905851846935
317000	-3420.1705456961454
317500	-3422.2257355432544
318000	-3419.7926923488967
318500	-3419.7050607564083
319000	-3427.3703877468647
319500	-3417.24020171792
320000	-3423.9727055702256
320500	-3421.038531870782
321000	-3415.4180349600792
321500	-3417.548954889872
322000	-3419.895352762916
322500	-3422.6474480400216
323000	-3416.3946610056023
323500	-3417.148287793865
324000	-3427.7453684418683
324500	-3429.1409331658397
325000	-3419.5393737491386
325500	-3421.959248536899
326000	-3429.830373628666
326500	-3425.3367414983145
327000	-3420.480043210739
327500	-3422.1118709208013
328000	-3415.060088696483
328500	-3419.5662262601195
329000	-3418.3666717575484
329500	-3423.4226299428315
330000	-3422.019676100832
330500	-3422.9802177318793
331000	-3420.668494375229
331500	-3420.5464844745457
332000	-3423.7423578551993
332500	-3419.0143051509267
333000	-3428.3856892056588
333500	-3424.27225593663
334000	-3429.5462484426657
334500	-3418.425908105659
335000	-3411.219144981442
335500	-3414.668109411199
336000	-3418.3855807532836
336500	-3429.1429884717218
337000	-3417.161229617159
337500	-3422.1722125986357
338000	-3422.770257300757
338500	-3422.749314587335
339000	-3419.88102022745
339500	-3423.716423298761
340000	-3420.9722726331224
340500	-3424.21367905648
341000	-3425.1519854889984
341500	-3425.74563353464
342000	-3420.5815908694162
342500	-3422.105282004561
343000	-3415.9034312577314
343500	-3417.64748388637
344000	-3420.147158280153
344500	-3419.2584143248155
345000	-3420.859079649
345500	-3416.706400475909
346000	-3418.68615805302
346500	-3419.350924305311
347000	-3419.080114085002
347500	-3416.37724024912
348000	-3419.9145298537956
348500	-3418.9362206547967
349000	-3424.8871232025504
349500	-3428.1764729830397
350000	-3420.9454799482332
350500	-3421.053452123454
351000	-3424.2934227041305
351500	-3420.7608783435658
352000	-3422.833458465168
352500	-3413.3256054693297
353000	-3417.7695371948193
353500	-3417.954907125118
354000	-3420.24420418331
354500	-3418.269991632293
355000	-3419.105630637611
355500	-3422.34668480664
356000	-3418.6054112396537
356500	-3419.5757214574987
357000	-3417.3047235145373
357500	-3423.595859923084
358000	-3414.837198866805
358500	-3418.5209097487955
359000	-3422.919066128972
359500	-3416.976118476595
360000	-3417.839898441313
360500	-3420.300687106724
361000	-3416.0487413061114
361500	-3413.8444001909324
362000	-3426.015826291366
362500	-3422.7834327531423
363000	-3419.245525177919
363500	-3415.9732925259714
364000	-3428.312662983215
364500	-3425.013010018032
365000	-3418.9754829316807
365500	-3421.6549075313173
366000	-3419.8045955823973
366500	-3421.116669238351
367000	-3419.3244348732906
367500	-3422.6380736903475
368000	-3418.3657744078496
368500	-3426.3479869619696
369000	-3419.1910034665216
369500	-3424.0461514166886
370000	-3421.1387388093167
370500	-3422.002683635381
371000	-3416.530419630518
371500	-3417.4923561027085
372000	-3420.7722151381786
372500	-3426.8142261493063
373000	-3425.278348313717
373500	-3432.290460593066
374000	-3425.906593833299
374500	-3420.069166846089
375000	-3417.1767289092836
375500	-3422.6263030909427
376000	-3417.2242250495265
376500	-3422.0243056726686
377000	-3421.2271939940542
377500	-3420.542706825947
378000	-3430.681209055541
378500	-3421.429379842908
379000	-3413.3514801963415
379500	-3424.2148147154458
380000	-3424.2062039441034
380500	-3419.1482516528104
381000	-3417.401734958225
381500	-3423.3820753767372
382000	-3419.8573061655416
382500	-3420.3338220865685
383000	-3419.8970971391577
383500	-3416.699791613907
384000	-3424.954099278878
384500	-3422.0649802035396
385000	-3425.7363604259513
385500	-3420.9987627156
386000	-3422.9499467552246
386500	-3429.7985624593302
387000	-3418.6815565539355
387500	-3423.256573901818
388000	-3419.984733715308
388500	-3414.19311627479
389000	-3420.3675449256853
389500	-3417.5318165832
390000	-3421.8276845407295
390500	-3419.543991941281
391000	-3428.255296737691
391500	-3414.7163860066676
392000	-3421.354068741314
392500	-3417.234342796226
393000	-3421.5665114968497
393500	-3412.754536216631
394000	-3426.0549911529156
394500	-3423.864911600995
395000	-3422.302731654065
395500	-3422.5526540762717
396000	-3419.2807820382036
396500	-3424.7564031329957
397000	-3418.245406451186
397500	-3425.567646622511
398000	-3426.9634650599082
398500	-3426.875543320302
399000	-3424.708497788045
399500	-3422.367161899524
400000	-3430.7728303637978
400500	-3422.518460466449
401000	-3421.7071426175357
401500	-3418.896214716893
402000	-3421.514529138943
402500	-3419.7293139198036
403000	-3426.856234845699
403500	-3423.0862834595423
404000	-3417.6537997897526
404500	-3421.3553960167783
405000	-3423.03910856273
405500	-3424.302301616386
406000	-3420.6802882928105
406500	-3425.349384834387
407000	-3419.9950395584165
407500	-3422.3730920382563
408000	-3422.824948206501
408500	-3430.2674808751813
409000	-3423.657118553713
409500	-3426.963186790859
410000	-3420.6396622431544
410500	-3427.378477487112
411000	-3427.3825471572513
411500	-3426.464419376308
412000	-3423.168988536923
412500	-3426.8895603950396
413000	-3423.39215122075
413500	-3424.134502879521
414000	-3431.7219855502735
414500	-3424.570960697811
415000	-3428.313378720336
415500	-3420.77827152725
416000	-3423.410638023051
416500	-3425.585906832872
417000	-3421.8522818371735
417500	-3424.6520699528483
418000	-3431.703198567463
418500	-3429.8138616717547
419000	-3422.7147068142367
419500	-3427.8124575288157
420000	-3425.9940078387785
420500	-3427.261345824437
421000	-3422.89498693414
421500	-3431.360801574928
422000	-3427.2882309944475
422500	-3426.126397780093
423000	-3432.9634097337744
423500	-3427.6549377792876
424000	-3425.4305716384115
424500	-3427.913076875702
425000	-3423.308289720836
425500	-3427.4510596484147
426000	-3424.692583606227
426500	-3423.5672346074257
427000	-3429.2473552173765
427500	-3430.4783533522923
428000	-3425.7339097191393
428500	-3427.908155518234
429000	-3421.118013616902
429500	-3427.5772198829627
430000	-3429.7582761596464
430500	-3429.8410055003587
431000	-3427.5434988803713
431500	-3433.3113505614206
432000	-3420.46687377209
432500	-3417.70663527966
433000	-3424.219941108564
433500	-3422.3977404558445
434000	-3424.8134315854227
434500	-3429.15838899682
435000	-3422.1163240883143
435500	-3430.335443563716
436000	-3419.419585753092
436500	-3425.3665628663853
437000	-3422.570644344993
437500	-3416.552515111785
438000	-3423.4689829527133
438500	-3422.1169957751563
439000	-3430.5336691497178
439500	-3423.7851246466153
440000	-3423.5792285145776
440500	-3419.979553385188
441000	-3419.7214622639613
441500	-3427.339524361926
442000	-3429.9810622851633
442500	-3427.56193716759
443000	-3419.5968795112703
443500	-3419.837377479664
444000	-3418.5764043455597
444500	-3419.2298033218062
445000	-3421.220396403508
445500	-3417.2239397509998
446000	-3413.9821557528517
446500	-3422.778149665529
447000	-3416.7467081021173
447500	-3421.0876949165686
448000	-3414.847481326342
448500	-3424.3341187624774
449000	-3422.3477986078196
449500	-3422.4487622721417
450000	-3418.781553017949
450500	-3422.815765846936
451000	-3421.239165518043
451500	-3432.699497487682
452000	-3425.04396913277
452500	-3431.3625331513867
453000	-3420.9056797030903
453500	-3424.9098550510103
454000	-3421.22930547204
454500	-3418.8599057173215
455000	-3426.6436002195
455500	-3419.3266777750114
456000	-3428.367684477857
456500	-3422.4959079714563
457000	-3422.2487330570507
457500	-3418.274306888419
458000	-3418.0664345324176
458500	-3427.1292957746014
459000	-3417.711616014174
459500	-3425.523780900663
460000	-3424.673705622122
460500	-3421.947056892628
461000	-3425.8666518810815
461500	-3420.794347973379
462000	-3417.4246807854556
462500	-3425.9031334837023
463000	-3426.4674714903604
463500	-3422.4950375742724
464000	-3424.8779882319004
464500	-3419.1223208505958
465000	-3422.902237288683
465500	-3427.369094301943
466000	-3424.0408662398154
466500	-3426.699047598655
467000	-3421.9240325768287
467500	-3424.8698609023086
468000	-3421.124646248514
468500	-3418.9278251303995
469000	-3413.8070073000563
469500	-3422.6710770679156
470000	-3423.0810431133095
470500	-3422.881530258472
471000	-3423.72445198504
471500	-3420.609419655342
472000	-3419.935215510144
472500	-3415.887393672014
473000	-3421.9529483150163
473500	-3420.2585378643257
474000	-3419.110293397281
474500	-3429.592899266339
475000	-3428.8610740416907
475500	-3427.619775253037
476000	-3427.6097016649437
476500	-3421.127462336873
477000	-3420.5873140455915
477500	-3426.1146572794846
478000	-3418.8065202988546
478500	-3429.899194080104
479000	-3423.7263871559157
479500	-3425.2261312465316
480000	-3419.9428065639536
480500	-3430.25660065355
481000	-3422.9257488128374
481500	-3420.334992856991
482000	-3415.558612906242
482500	-3425.616960095399
483000	-3414.6943711548033
483500	-3417.431263398852
484000	-3419.998485516632
484500	-3420.016777135889
485000	-3415.287052979037
485500	-3418.1392455919413
486000	-3422.7894376517693
486500	-3417.9418229498465
487000	-3420.623591670546
487500	-3417.8094475431567
488000	-3424.095338121202
488500	-3433.364011546281
489000	-3422.8819498423168
489500	-3423.9809464366626
490000	-3415.962243778876
490500	-3417.1249122428417
491000	-3421.7400841360018
491500	-3419.604975710039
492000	-3420.556120617255
492500	-3417.0052082236502
493000	-3426.6064091322314
493500	-3425.891998460118
494000	-3422.0490009631153
494500	-3414.290012941779
495000	-3417.2469773045927
495500	-3421.394685745184
496000	-3420.134145414757
496500	-3421.7658641448047
497000	-3419.154896417864
497500	-3419.116517687833
498000	-3418.23938591553
498500	-3422.438632240613
499000	-3426.1431276558824
499500	-3430.319947587576
500000	-3423.9379875695945
