Sample	likelihood
0	-3980.8058030603665
500	-3901.9096086122504
1000	-3817.8623632068575
1500	-3819.5410308916717
2000	-3880.9875667212445
2500	-3854.1615875847215
3000	-3920.8117415794554
3500	-3919.490892981164
4000	-3867.263019724253
4500	-3886.466809742751
5000	-3839.1742456011043
5500	-3880.9515872149473
6000	-3834.1063437541156
6500	-3891.5640893752097
7000	-3924.903830952451
7500	-3917.9902276696735
8000	-3819.728065795578
8500	-3823.128019245171
9000	-3799.6067416869782
9500	-3772.50203343393
10000	-3839.5518541430465
10500	-3869.510622109127
11000	-3807.5725881342123
11500	-3873.524151120621
12000	-3851.0927800840172
12500	-3837.886209088481
13000	-3800.7807482479743
13500	-3883.1034191203485
14000	-3916.5638899807223
14500	-3927.822546212237
15000	-3896.31069591871
15500	-3843.558119953473
16000	-3840.984298674659
16500	-3825.855571245765
17000	-3820.846960365093
17500	-3775.7303037083875
18000	-3871.7058074694596
18500	-3840.6028222723066
19000	-3813.2934165744655
19500	-3900.7539952897755
20000	-3950.078680603237
20500	-3938.2122943163668
21000	-3891.9481133948875
21500	-3885.8645062804144
22000	-3965.4695986883216
22500	-3823.7197255965993
23000	-3919.2014558334786
23500	-3873.7741969118724
24000	-3852.549613088845
24500	-3891.860389118046
25000	-3941.8515771949487
25500	-3930.7595977164774
26000	-3823.856212513175
26500	-3889.721577385858
27000	-3853.153339762491
27500	-3961.1517079246546
28000	-4006.69683066386
28500	-3962.861318240631
29000	-3868.355446709298
29500	-3826.6505213507335
30000	-3816.4913686882815
30500	-3893.446975407156
31000	-3817.651798094829
31500	-3908.294519078663
32000	-3967.3467964260467
32500	-3925.295315198365
33000	-3940.3719949088313
33500	-3906.450901130043
34000	-3953.7886702539304
34500	-3851.5992382161703
35000	-3896.2262598603998
35500	-4011.5630619564517
36000	-4012.3621588984506
36500	-3983.4877629454836
37000	-4108.994814766824
37500	-3991.1434134422357
38000	-4072.372820719742
38500	-4033.6761250765703
39000	-3993.2715894107982
39500	-4023.0630141745346
40000	-3928.2851724242614
40500	-4041.1740341198865
41000	-3986.765026934496
41500	-3954.6058868396526
42000	-3949.487576299067
42500	-3981.8139025685646
43000	-3975.8299559720767
43500	-3944.0472812320468
44000	-4044.784360203907
44500	-4058.311758239364
45000	-4035.7126835253202
45500	-3896.4522912368266
46000	-3858.6491092386345
46500	-3963.657586536749
47000	-4038.4081249253372
47500	-3978.943778683806
48000	-3877.836750610558
48500	-3971.4552756480866
49000	-3947.101672238515
49500	-3995.7292989389534
50000	-3910.9194010101005
50500	-3801.6977869798616
51000	-3795.7308637515594
51500	-3847.7765690166925
52000	-3861.711605978824
52500	-3859.126114128903
53000	-3845.3387873247684
53500	-3844.8561441925117
54000	-3905.8378426344125
54500	-3915.994789322225
55000	-3918.6522849877088
55500	-3942.34997704887
56000	-3863.2067264528087
56500	-3871.2001467984423
57000	-3888.013496285117
57500	-3993.506853468916
58000	-3954.973959727453
58500	-4019.562468284575
59000	-3885.861386878748
59500	-3865.0213535671346
60000	-3989.210824184943
60500	-3975.7302805952886
61000	-3871.0933792835895
61500	-4012.6435904130535
62000	-3946.555921983691
62500	-3919.033021588916
63000	-4075.016452536674
63500	-3844.7162439578356
64000	-3876.604235137155
64500	-3927.7186479597644
65000	-3919.243175011241
65500	-3868.1355572333277
66000	-3875.1670141641534
66500	-3867.6679052069853
67000	-3915.7258158949267
67500	-4000.9557666440614
68000	-4030.4885535178264
68500	-3889.483336073832
69000	-3857.0826314482533
69500	-3772.260394006182
70000	-3858.051805080419
70500	-3787.4155874386765
71000	-3818.900390057143
71500	-3817.543134257906
72000	-3821.4268857495713
72500	-3855.544286111112
73000	-3922.7552997943453
73500	-4011.5110195511793
74000	-3870.5561530527593
74500	-3993.9820250761427
75000	-4012.0375853797264
75500	-4062.700523870251
76000	-3986.653825055682
76500	-3905.5341830570464
77000	-4021.346802035707
77500	-3927.9685497386627
78000	-4010.60230431774
78500	-4065.342961843352
79000	-4040.5856613565297
79500	-4022.4382309481007
80000	-4015.401413568418
80500	-4055.7922546312366
81000	-4014.7060694852216
81500	-4090.6185334122656
82000	-4209.920302012442
82500	-4056.251079253544
83000	-4074.426268280353
83500	-4023.857288562563
84000	-4108.636705379294
84500	-4075.2848065978624
85000	-4062.3920969186142
85500	-4160.049627835411
86000	-4013.651115469317
86500	-3928.345386341653
87000	-4096.712866004978
87500	-3953.9763739350706
88000	-3891.7016100110486
88500	-4037.867529298939
89000	-4101.104532194461
89500	-4022.13777655034
90000	-4072.8267516093865
90500	-4174.371975589231
91000	-4161.647220924664
91500	-4115.84998007709
92000	-4076.9697298270257
92500	-4040.080598743973
93000	-4121.10812237006
93500	-4040.8445539066056
94000	-4057.3074483834052
94500	-4083.093332277352
95000	-4020.8429612915925
95500	-4080.5622477693414
96000	-4104.12004890049
96500	-4082.77549089538
97000	-4077.84246127173
97500	-4107.682360938532
98000	-4086.145779129368
98500	-4079.0832621317127
99000	-4026.674133430266
99500	-3978.5466771982874
100000	-3972.1304049690975
100500	-3942.2203324546504
101000	-3877.4990719608995
101500	-3957.7927811522945
102000	-3912.921925303319
102500	-3841.47432031741
103000	-4016.9804440821176
103500	-4060.4018594445365
104000	-3944.454157597594
104500	-3939.4688183646144
105000	-4039.6668603243425
105500	-3998.9676467861077
106000	-3931.512914547679
106500	-3933.973720649569
107000	-3886.8883639325836
107500	-4051.694088556706
108000	-3978.187772074472
108500	-3982.0410012712796
109000	-3870.8842126584336
109500	-3866.119889845144
110000	-3921.1368171374966
110500	-3862.727696750331
111000	-3969.0401866414004
111500	-4009.7506491580157
112000	-3873.5177132784006
112500	-3939.659673549508
113000	-3909.5700802364872
113500	-3991.525856220178
114000	-4024.182662760819
114500	-4139.230114334266
115000	-4083.3861271501446
115500	-4056.2483002595186
116000	-4058.379452726726
116500	-3983.713862120052
117000	-3927.555570105537
117500	-3924.860443354262
118000	-3928.1441976166616
118500	-3971.4386933957953
119000	-3981.849749217661
119500	-3994.3946400830882
120000	-3939.947911195652
120500	-4029.368764997989
121000	-3963.7053192596622
121500	-3914.346663140074
122000	-3889.020287394722
122500	-3959.1568804039302
123000	-4022.2504061509435
123500	-3982.1996053033577
124000	-3911.7714179541244
124500	-3895.9294115954863
125000	-3858.6361969974873
125500	-3922.706971844269
126000	-3860.581881030863
126500	-3916.735049090143
127000	-3941.2632213817287
127500	-3937.7110939023514
128000	-4003.744605698812
128500	-3991.324810849796
129000	-3927.4900407504683
129500	-4014.2499186361247
130000	-3935.6569086747545
130500	-3981.5748841807435
131000	-3975.534813802611
131500	-3950.913771822321
132000	-3939.8114226836587
132500	-3974.3328341841134
133000	-4016.61797633664
133500	-3929.307466845337
134000	-3906.845356902372
134500	-3917.790203559736
135000	-3857.817213523008
135500	-3863.0106174322964
136000	-3917.0320491138386
136500	-3876.8079929272362
137000	-3887.0731622638064
137500	-3923.3828628061797
138000	-3957.9697474604172
138500	-3988.045967198653
139000	-3902.2061222300877
139500	-3970.1265830435445
140000	-3995.762657421088
140500	-4071.255161364026
141000	-3963.799334240831
141500	-4115.467581045913
142000	-4116.359800022297
142500	-4106.259358561291
143000	-4173.330525368577
143500	-4155.724039548772
144000	-4023.1607849524426
144500	-4041.131128809245
145000	-4083.913129377143
145500	-4051.384024244316
146000	-4113.181384841258
146500	-4115.4621028051315
147000	-4101.318350018797
147500	-4182.271251995911
148000	-4024.0599800150626
148500	-4094.7034110607788
149000	-4133.988140212535
149500	-4133.48342816664
150000	-4142.7065260703785
150500	-4061.3438958128513
151000	-4054.04746268492
151500	-4067.5584220030387
152000	-4142.802085839939
152500	-4013.9287323285
153000	-4047.9043139742803
153500	-4047.92472738165
154000	-4155.873701472644
154500	-4089.6028752228813
155000	-4159.181609438611
155500	-4133.408934238676
156000	-4066.409345887885
156500	-3988.1117361326687
157000	-4043.1713784550934
157500	-3951.2305751941362
158000	-4037.510663213492
158500	-3971.2648176595753
159000	-4031.6479585874476
159500	-3991.927894098682
160000	-3942.86115567215
160500	-3942.0746277618573
161000	-3874.5081795888627
161500	-3971.969098260332
162000	-3957.9549849357513
162500	-3934.353708705156
163000	-3890.4144389391804
163500	-3951.0112270900204
164000	-3874.9931886857194
164500	-3893.611196081143
165000	-3960.22252919952
165500	-3936.2256070118588
166000	-3888.845331027535
166500	-3880.74069831472
167000	-3887.7856379317245
167500	-3904.304821625165
168000	-3846.058367785817
168500	-3862.4241284471254
169000	-3894.3381204147345
169500	-3970.4307825904484
170000	-3812.0805590824934
170500	-3868.106695075705
171000	-3835.667368995475
171500	-3934.557912215284
172000	-3884.570348602069
172500	-3930.4489342041047
173000	-3903.122372313945
173500	-3967.332627321963
174000	-3885.974442559159
174500	-3814.2493701209537
175000	-3891.177381130398
175500	-3844.508207701689
176000	-3870.20426082915
176500	-3834.688757425409
177000	-3943.3723770352663
177500	-3866.4563562284493
178000	-3943.715093310648
178500	-3846.6829543041945
179000	-3869.6887427943016
179500	-3920.979525299074
180000	-3924.035657602023
180500	-3866.318172462135
181000	-3987.0176966524873
181500	-3930.3519745885587
182000	-3931.0448975046434
182500	-3830.832227204968
183000	-3848.3953077893602
183500	-4004.3745789902227
184000	-3888.969734976004
184500	-3878.991623036642
185000	-3940.2690822898694
185500	-3895.876496055971
186000	-3871.8674006815118
186500	-3869.5017261625017
187000	-3924.317084878989
187500	-3928.5781518896342
188000	-3991.411051267002
188500	-3958.3816128214294
189000	-3931.252108769156
189500	-3946.558113671014
190000	-3941.0664278482986
190500	-3861.694408991932
191000	-3972.0326346847337
191500	-4002.8295444607784
192000	-3897.9596399243746
192500	-3990.280588613021
193000	-3863.690596991284
193500	-3862.939123366743
194000	-3906.3860584259924
194500	-3881.9407429310804
195000	-3962.254015999203
195500	-3926.93420838588
196000	-3941.3168468060708
196500	-3936.8992746784106
197000	-3852.928996890706
197500	-3847.6543246019028
198000	-3861.6036485639606
198500	-3879.8833356835794
199000	-3933.39003122041
199500	-3859.6719803397023
200000	-3752.0440215497033
200500	-3770.1762897433127
201000	-3800.587373141437
201500	-3775.8407301328016
202000	-3882.927447298836
202500	-3803.21108026471
203000	-3851.6188728271427
203500	-3813.248502599864
204000	-3870.5259520047284
204500	-3890.172686712041
205000	-3947.269932963255
205500	-3893.9650658130145
206000	-3910.6498620964912
206500	-3923.582543973747
207000	-3964.765930555537
207500	-3871.5472311304575
208000	-3964.028616277733
208500	-3958.9838022922854
209000	-4014.8940108648794
209500	-4151.891846348288
210000	-4053.8103758433804
210500	-4056.830266188841
211000	-4102.0451989846015
211500	-4050.6527674727167
212000	-3954.5989241513007
212500	-3963.957810164204
213000	-4001.4735550787013
213500	-4020.2080830820505
214000	-3928.31072632555
214500	-3963.255761865609
215000	-3971.131356317707
215500	-3973.390693127665
216000	-4021.4001392574464
216500	-4041.3505935198773
217000	-4010.4278268518337
217500	-4053.0926757147677
218000	-4091.1458479794555
218500	-3959.590617626375
219000	-4028.4588869129807
219500	-3969.628403717602
220000	-3932.062402535887
220500	-3998.6516036219036
221000	-3907.5949107330175
221500	-3907.8858548579196
222000	-4023.0292964415253
222500	-3988.426437164925
223000	-3943.747381873846
223500	-4047.6191241859406
224000	-3856.383916868948
224500	-3920.849574345627
225000	-3911.404287363725
225500	-4064.690348576386
226000	-3993.747853478287
226500	-3896.6462087696113
227000	-4028.104501659444
227500	-3995.201944208364
228000	-3882.515101662211
228500	-3954.4359943856516
229000	-3955.0787446216523
229500	-3884.5292907487674
230000	-3960.9249337909982
230500	-3940.908057225744
231000	-3913.2849989075326
231500	-3933.895577555718
232000	-3974.1380440846733
232500	-3909.78556684287
233000	-3956.5185223217336
233500	-3983.691372689886
234000	-3976.7894848462333
234500	-4140.449625435009
235000	-3951.602962134367
235500	-4020.4807624712967
236000	-3986.329904289392
236500	-3901.0665002636297
237000	-3929.906953544964
237500	-3937.981566077791
238000	-3912.731104847665
238500	-4094.7929482120576
239000	-3902.052600572978
239500	-3894.805530571148
240000	-3915.1800306563096
240500	-3876.523532406607
241000	-3893.579131337206
241500	-3863.2769608771155
242000	-3829.930421623471
242500	-3866.4381424231397
243000	-3845.3828929891915
243500	-3836.486897879021
244000	-3884.000028044414
244500	-3840.8892734416354
245000	-3897.6570612441633
245500	-4050.7936694264545
246000	-3986.3655628043875
246500	-4047.9027305265963
247000	-4031.7741798469247
247500	-3990.771523921799
248000	-4007.267627368895
248500	-4013.3550760820194
249000	-4066.9421047244177
249500	-3992.547345721858
250000	-4153.523598036964
250500	-4046.802050763143
251000	-4017.538453998836
251500	-4001.0839094141443
252000	-3917.3259474362526
252500	-3995.612649734714
253000	-4116.340308407735
253500	-4034.001348252933
254000	-3996.3719545435156
254500	-4008.3773271933237
255000	-3934.4940100950953
255500	-3947.227238752467
256000	-3943.54349400421
256500	-3821.2124674839997
257000	-3836.6452319003524
257500	-3866.9142391816395
258000	-3819.9314703950577
258500	-3779.032416148068
259000	-3816.2710554062446
259500	-3955.420049482745
260000	-3879.4591414072434
260500	-3901.678320907654
261000	-3901.2165934918044
261500	-3855.591976106226
262000	-3815.4637425273163
262500	-3878.4712039480873
263000	-3893.0932253189753
263500	-3916.695287978433
264000	-3992.5418933249425
264500	-3867.9914644158275
265000	-3881.1467252427015
265500	-3989.330384704191
266000	-3937.5157935097923
266500	-3916.8629118025365
267000	-3886.7078504438855
267500	-3922.025197771182
268000	-3888.482830696071
268500	-3848.8692041722184
269000	-3861.3611083342084
269500	-3968.715226216228
270000	-3837.526253481921
270500	-3860.963694026633
271000	-3850.203997862763
271500	-3745.2309010324725
272000	-3837.2422754178124
272500	-3862.647607570895
273000	-3844.672690128258
273500	-3966.9880986805356
274000	-3842.2689688601986
274500	-3937.834169341881
275000	-3852.8065856330904
275500	-3927.9074888697824
276000	-3882.065370376206
276500	-4077.7050588104007
277000	-3985.353367553503
277500	-3908.576094436847
278000	-3913.339184061534
278500	-3940.4032118995124
279000	-4012.7333871045857
279500	-4025.115164623323
280000	-4088.5978622666644
280500	-3948.635283524487
281000	-4045.048751471149
281500	-3941.3397050628614
282000	-3916.0971231121134
282500	-3925.7577097091416
283000	-3953.5733548836524
283500	-3933.00375329273
284000	-4042.3032791311293
284500	-3919.906071560318
285000	-3905.252897821112
285500	-3904.048079465774
286000	-3960.453960684052
286500	-3981.981556603087
287000	-3932.890172085744
287500	-3914.036456700973
288000	-3882.7629153566977
288500	-3998.662669965553
289000	-3887.732357742762
289500	-3996.6837869308665
290000	-3860.3954178753647
290500	-4000.88970417835
291000	-4049.275968880846
291500	-3924.409679515798
292000	-3965.5517593006934
292500	-3906.7357130063606
293000	-3904.3456646490245
293500	-4028.9466013195874
294000	-3936.8041778345814
294500	-3979.049800001485
295000	-3818.941815563203
295500	-3916.987390955666
296000	-3826.781329448563
296500	-3926.1695965724616
297000	-3923.2384976327644
297500	-3945.25085349717
298000	-3856.987168362987
298500	-3821.5728337953474
299000	-3837.877157143294
299500	-3834.4145379617744
300000	-3923.6604069436066
300500	-3952.9904373714653
301000	-3878.7743594744734
301500	-3886.4002659090165
302000	-3836.0825538499316
302500	-3920.6594795257324
303000	-3821.121165346777
303500	-3941.48103404775
304000	-3916.68751170886
304500	-3940.622570580393
305000	-3913.4081541317555
305500	-3856.6902988753427
306000	-3925.1990026387093
306500	-3898.377599811674
307000	-3903.9227491716438
307500	-3950.951704016329
308000	-3799.4914086536396
308500	-3924.3170975988182
309000	-3978.7931807123196
309500	-3872.4570639400567
310000	-3877.2377742842386
310500	-3843.022658111786
311000	-3899.207236515869
311500	-3811.175149597972
312000	-3819.983189366528
312500	-3843.8658609967174
313000	-3840.3975687701263
313500	-3924.781364060336
314000	-3818.507879779218
314500	-3912.290398707864
315000	-3996.128815654782
315500	-3982.608268331965
316000	-3953.529010974257
316500	-3895.4573135556366
317000	-4008.3065823143247
317500	-4011.3105690264833
318000	-3839.657485127866
318500	-3895.5360580284705
319000	-3814.9392490010455
319500	-3922.299364498259
320000	-3907.4688834289145
320500	-3847.884257276353
321000	-3915.0715849274916
321500	-3878.8461639386187
322000	-3879.1323015499834
322500	-3920.1808989058404
323000	-3839.275698958773
323500	-3887.0739941367656
324000	-3810.794728398472
324500	-3922.1645935078463
325000	-3777.5758112741164
325500	-3799.0998819518427
326000	-3834.1557911144914
326500	-3889.6385724554007
327000	-3794.5102014946287
327500	-3933.2769038905626
328000	-3919.7843412067314
328500	-3876.1259473318546
329000	-3836.5406176591828
329500	-3913.1475432243783
330000	-3863.9033907988037
330500	-3893.970248964327
331000	-3920.181486447334
331500	-3825.720272767397
332000	-3795.654447491795
332500	-3810.406669557899
333000	-3861.5268329391192
333500	-3888.115333648859
334000	-3863.761096763447
334500	-3847.945326362398
335000	-3911.8055861636367
335500	-3929.469606272229
336000	-3883.0025469920975
336500	-3802.825469448259
337000	-3798.342679701264
337500	-3857.2374593541085
338000	-3838.084341405125
338500	-3820.6591112838864
339000	-3871.2897102074644
339500	-3763.8390614769396
340000	-3853.052680027807
340500	-3861.940015673227
341000	-3876.36270112642
341500	-3920.8559664236122
342000	-3923.45952742122
342500	-3809.5002314602407
343000	-3942.0067153125224
343500	-3895.029214964409
344000	-3878.7917350810712
344500	-3866.350710624405
345000	-3898.416032422178
345500	-3919.986927017641
346000	-3828.747186237459
346500	-3817.5137743545065
347000	-3867.8998649541854
347500	-3859.9077008936224
348000	-3737.2852830610796
348500	-3910.296595631655
349000	-3902.8463117918072
349500	-3852.4299695271297
350000	-3909.2941873798186
350500	-3855.8654217860044
351000	-3825.2681591848486
351500	-3851.5316301025796
352000	-3823.051366387768
352500	-3924.9002742097236
353000	-3976.793506227923
353500	-3890.770872178362
354000	-3848.0062561512746
354500	-3827.959020084345
355000	-3944.7048128353035
355500	-3935.7633188296577
356000	-3900.271860940655
356500	-3911.052176094009
357000	-3836.7888996949696
357500	-3923.9034982449202
358000	-3905.8967207144615
358500	-3880.577891174727
359000	-3919.699652553468
359500	-3948.8301591009467
360000	-3907.1652605397367
360500	-3890.6608665627223
361000	-3931.573152995637
361500	-3963.291927601989
362000	-3962.9682131579466
362500	-3967.8210176893595
363000	-4012.159406527714
363500	-3929.4350922734743
364000	-3892.8671180755678
364500	-3865.9743835853883
365000	-3942.912030384146
365500	-4030.1209056130842
366000	-4134.612337680157
366500	-3944.4509504805164
367000	-3940.8400956496007
367500	-3880.2528080883008
368000	-3949.050948777385
368500	-3959.341338113135
369000	-4030.970189345354
369500	-4004.682728921826
370000	-3984.6066548724807
370500	-4003.2736728406
371000	-3971.9032774695256
371500	-4035.484009657583
372000	-3963.783183518542
372500	-3939.9374164943024
373000	-4041.2004242309285
373500	-3902.099299397488
374000	-4086.9560312459394
374500	-3870.3595756792342
375000	-4066.5508436700907
375500	-4011.8930423718866
376000	-3989.9308482040233
376500	-3998.682937883949
377000	-3952.9041097897007
377500	-3957.184123859694
378000	-3909.4448887999392
378500	-4009.843364821494
379000	-4025.1195013090783
379500	-4034.8851930774567
380000	-3943.0782834866604
380500	-4064.1818865370715
381000	-4037.331744054049
381500	-4047.144153185145
382000	-4036.2771607901705
382500	-3963.708861307908
383000	-4005.3465455259848
383500	-3944.6724505279476
384000	-3909.780005480532
384500	-3933.2905056029517
385000	-4028.182560031903
385500	-3993.8617994019087
386000	-3990.4929696600225
386500	-3962.537582430979
387000	-4051.8996650165486
387500	-3896.2115988307464
388000	-3901.3169396240664
388500	-4006.0065369247336
389000	-3941.101048236601
389500	-3963.4891446108013
390000	-4049.691393750092
390500	-3948.2263345475917
391000	-3873.011005307232
391500	-3829.2498828636676
392000	-3867.456392279872
392500	-3794.7673074573895
393000	-3851.796934546368
393500	-3873.2068708151232
394000	-3844.3714874278326
394500	-3859.202893038877
395000	-3943.0202471403054
395500	-3913.0509682302622
396000	-3934.0812773430816
396500	-3948.6488140516544
397000	-3851.142292276468
397500	-3915.2241149995425
398000	-3866.6144594994566
398500	-3929.5831206238195
399000	-4003.092776317694
399500	-3902.743023866371
400000	-3935.29258197873
400500	-3908.2437252012523
401000	-3944.0666549023017
401500	-4051.7197936799216
402000	-3892.583143357115
402500	-3925.9498020902
403000	-3966.018234098327
403500	-4026.4515727496287
404000	-4039.2478710177984
404500	-3937.197687850667
405000	-3863.730100736516
405500	-3863.9739640938656
406000	-3863.746305980608
406500	-3876.5349477870764
407000	-3969.1748324965088
407500	-3961.1248860745204
408000	-3992.3152116764345
408500	-3891.0177713646362
409000	-3979.8276026790027
409500	-3936.590818190688
410000	-4002.3185779249366
410500	-3826.9584788973984
411000	-3952.5246833286565
411500	-3893.6244802029955
412000	-3906.4037069632677
412500	-3870.6588947891805
413000	-4021.647209842205
413500	-3897.3062113892865
414000	-4043.639768691545
414500	-4062.605612394295
415000	-4016.919116147529
415500	-3915.524275717268
416000	-3971.554145251878
416500	-4017.6950395639797
417000	-4055.751206965099
417500	-3899.4318448551358
418000	-3774.377934383721
418500	-3889.4595495577105
419000	-3802.618309027637
419500	-3818.252514240116
420000	-3738.8057900975678
420500	-3764.087855958375
421000	-3753.7933702064875
421500	-3766.649940236401
422000	-3777.7721574425996
422500	-3927.58465463767
423000	-3794.3122535174593
423500	-3800.2324763129595
424000	-3871.2909183340876
424500	-3929.057306981348
425000	-3870.993357899455
425500	-3955.841916528981
426000	-3933.850442288854
426500	-3928.2108025399707
427000	-3968.3381518730075
427500	-3941.4824411540376
428000	-4141.7801178493355
428500	-4001.8910177413727
429000	-3944.272490585501
429500	-4035.09674500621
430000	-3934.2681776200643
430500	-3899.0423996460167
431000	-3989.0442669198533
431500	-3944.732788023978
432000	-3859.928281572872
432500	-3887.94652033575
433000	-3884.2147118096514
433500	-3915.693602596274
434000	-3876.1148403431403
434500	-3800.0224251078034
435000	-3929.9471850584796
435500	-3959.743858518934
436000	-3959.6461308241182
436500	-3961.0796581230993
437000	-4087.225848014412
437500	-4017.273758757943
438000	-4032.399861952449
438500	-4020.8625125616845
439000	-4033.1490293680126
439500	-3879.5003947605537
440000	-3895.0636521133
440500	-3970.7323384430106
441000	-3921.2916854358896
441500	-3955.3465819312505
442000	-3896.3343067347755
442500	-3857.16494860772
443000	-3886.038401538395
443500	-3935.885704301586
444000	-3907.487710134742
444500	-3829.632877891927
445000	-3971.407628433755
445500	-3990.844363100552
446000	-3855.414229425804
446500	-3887.4098999998837
447000	-3904.2347059836716
447500	-3862.51949286045
448000	-3960.5852177849983
448500	-3949.6615878003076
449000	-3864.2510645423745
449500	-3886.289747591766
450000	-3928.6424704537817
450500	-3960.339934954873
451000	-3884.8438777616357
451500	-3883.2921556772258
452000	-3872.46704382781
452500	-3902.998711991791
453000	-3860.930543718875
453500	-3797.9579399343766
454000	-3874.7965515446654
454500	-3874.8477678737418
455000	-3973.1889798110983
455500	-3858.6321680480078
456000	-3890.1263885594194
456500	-3918.891706043075
457000	-3878.072085825514
457500	-3857.2126236122617
458000	-3876.6326172843255
458500	-3902.9200795964903
459000	-3940.0456407542897
459500	-3905.4073106513747
460000	-3889.52583100236
460500	-3847.7201814522036
461000	-3829.053265191631
461500	-3891.142075323058
462000	-3810.5593733890782
462500	-3904.1092978706556
463000	-3931.6737526825605
463500	-3827.5496699577384
464000	-3752.0778054116863
464500	-3900.345482343613
465000	-3836.391034075648
465500	-3824.5260158450246
466000	-3834.3058410959584
466500	-3856.3121549152324
467000	-3880.1537413048486
467500	-3933.309652267156
468000	-3936.4196252981515
468500	-3974.574530665592
469000	-3970.063044206496
469500	-4021.4932971962403
470000	-3974.9276809691037
470500	-3927.7421684827236
471000	-4026.9672709164824
471500	-4001.441754662228
472000	-3994.2808846820376
472500	-3895.3629813923153
473000	-3860.207327567185
473500	-3866.8053669124592
474000	-3890.3916100754996
474500	-3942.2449456667828
475000	-3877.5830360177215
475500	-4017.880767053623
476000	-3945.4408648868657
476500	-3930.3278537655906
477000	-3919.9725624882426
477500	-3871.8951134765803
478000	-3936.9369270184725
478500	-3918.9983602138445
479000	-3954.4980833910295
479500	-3951.579613832458
480000	-3904.8620591373992
480500	-3875.1426626281796
481000	-3928.7630525646928
481500	-3892.975694114572
482000	-3871.781257105862
482500	-3897.0568460081095
483000	-3919.029236194688
483500	-4016.805737652365
484000	-3928.027092719537
484500	-3946.906418286979
485000	-3966.051079886498
485500	-3902.0303407113865
486000	-3938.8730910662994
486500	-3908.2359293453737
487000	-3812.0931736263733
487500	-3863.656409015027
488000	-3775.518496918098
488500	-3872.852327271814
489000	-3883.4092135967508
489500	-3949.666507954373
490000	-4092.8889468114517
490500	-3961.8618421437163
491000	-3964.139637895198
491500	-3805.7501045942395
492000	-3910.948275185464
492500	-3854.795177837562
493000	-3895.5958180731154
493500	-3910.9358823854914
494000	-3832.1198266175934
494500	-3912.545246753619
495000	-3926.3914467288428
495500	-3878.214474363919
496000	-4015.641007546456
496500	-3957.1101413503466
497000	-3979.8220923078375
497500	-3893.818404562274
498000	-3945.206392196188
498500	-3991.0805759646414
499000	-3948.938125306941
499500	-3916.9024338620357
500000	-3926.8425548889113
500500	-3898.9857537515804
501000	-3807.93405521246
501500	-3787.117890202402
502000	-3829.443844205378
502500	-3803.6872668168066
503000	-3851.383346553239
503500	-3922.7744967628228
504000	-3866.5274047153466
504500	-3823.748059405072
505000	-3862.3966206500713
505500	-3814.81770887966
506000	-3790.5742237597096
506500	-3759.2787095239
507000	-3809.714754229086
507500	-3959.012873025895
508000	-3881.8861275321738
508500	-3833.9341809772545
509000	-3792.0019429490562
509500	-3807.7262908050275
510000	-3832.774099483894
510500	-3870.0712593200356
511000	-3840.369680829036
511500	-3867.6046340800217
512000	-3888.845145048328
512500	-3858.3813594720987
513000	-3997.8353381249026
513500	-3995.6651101504135
514000	-3915.1443033691235
514500	-3842.085970135635
515000	-3845.9017788107994
515500	-3881.0650929453673
516000	-3916.4191873204722
516500	-3896.194378534514
517000	-3900.387821376217
517500	-3840.3169277840743
518000	-3871.522065890931
518500	-3960.6906962732705
519000	-3890.50969078335
519500	-3819.4355656495545
520000	-3951.023783848468
520500	-3845.6692967496724
521000	-3801.645035712111
521500	-4035.1569564791143
522000	-3910.481849972488
522500	-3890.777549123695
523000	-3831.5717177556558
523500	-3864.230315797633
524000	-3835.7396215036183
524500	-3907.142423449056
525000	-3868.6094264499816
525500	-3958.625380681129
526000	-3936.782624727919
526500	-3896.564824951636
527000	-4002.54262571927
527500	-3920.6101225140965
528000	-3862.6483407375663
528500	-3848.7331691180443
529000	-3894.7162083343605
529500	-3828.97566152169
530000	-3862.8354729302405
530500	-3841.1880566906716
531000	-3876.7891859281594
531500	-3933.249465497737
532000	-3950.404619528572
532500	-4040.1280737885118
533000	-3896.12200031394
533500	-4071.948832835628
534000	-3879.1686822826578
534500	-4036.5549022592772
535000	-4024.045530662607
535500	-4002.1563464733968
536000	-3879.0024875921335
536500	-3870.558989311401
537000	-3884.2698169241057
537500	-3989.6964785661803
538000	-3970.895409676046
538500	-4030.0080933047334
539000	-4015.948799312259
539500	-3900.480383889711
540000	-3872.4566052166306
540500	-3841.9088580642356
541000	-3818.934761964671
541500	-3864.0136447941336
542000	-3919.931743724589
542500	-3908.4581864115094
543000	-3920.17373761288
543500	-3875.119720152051
544000	-3836.6886619027364
544500	-3725.644909132502
545000	-3768.4112018475735
545500	-3822.3054663546964
546000	-3763.2823771244157
546500	-3856.883453070206
547000	-3735.6025719900135
547500	-3758.6122578289196
548000	-3973.971780506702
548500	-3829.6851985972467
549000	-3944.036339731113
549500	-3931.1015319170033
550000	-3871.0779996446595
550500	-3955.3463968977617
551000	-4035.504374313257
551500	-4060.9155074142654
552000	-4052.7047522108546
552500	-3989.3580544482606
553000	-4082.355726595899
553500	-3966.500416432906
554000	-3926.5126269478137
554500	-3928.3178954078844
555000	-3857.9715782452945
555500	-3893.2586414969483
556000	-3935.830143512482
556500	-3949.791912694055
557000	-3948.6732504192073
557500	-3846.998959464392
558000	-4022.9563020985493
558500	-3919.4366843211214
559000	-3883.842789283741
559500	-3874.2159658606042
560000	-3867.08577486428
560500	-3873.624059274074
561000	-3787.7995248022844
561500	-3937.4236796356813
562000	-4003.0309645127063
562500	-3967.0519833762623
563000	-3882.1089886572004
563500	-4006.0060671615965
564000	-3971.514822809827
564500	-4112.10709217383
565000	-3980.779908244261
565500	-4021.358439988865
566000	-4013.8584834533954
566500	-3984.1345215919246
567000	-3961.8453415036784
567500	-3968.882751455648
568000	-3989.3587942015142
568500	-4050.781205712303
569000	-3942.613971049431
569500	-3894.1627738052007
570000	-3938.3869073653145
570500	-3968.0218954664497
571000	-4068.2457606730504
571500	-3997.5826794282384
572000	-3996.073571650839
572500	-3984.1032814439322
573000	-3881.484018969576
573500	-3988.0489630424236
574000	-3922.1342739483784
574500	-4064.5569021510255
575000	-3930.008909482736
575500	-3999.503094411823
576000	-3947.3560996657116
576500	-3884.0062696052946
577000	-3874.4054546271836
577500	-3931.6772672409866
578000	-3944.5324204921417
578500	-3975.9965748117297
579000	-3955.790358279
579500	-3886.9946513627656
580000	-4007.6081753421604
580500	-3867.5259592179677
581000	-3977.3822194284508
581500	-3910.530322633815
582000	-4028.8734564685446
582500	-4015.8202865999747
583000	-3966.061935696269
583500	-3872.0623510945497
584000	-3924.7303777899056
584500	-3901.7468028669887
585000	-3890.1507329885562
585500	-3836.8742826207663
586000	-3890.053757327659
586500	-4033.8371385665323
587000	-3989.148370071242
587500	-3836.6530592329163
588000	-3896.49421697228
588500	-4019.3286941739966
589000	-3973.0110687449733
589500	-3954.770990120995
590000	-3953.4302318187347
590500	-3858.9807440353384
591000	-3830.228467859516
591500	-3954.190994743203
592000	-3895.927406644013
592500	-3711.352606805528
593000	-3753.6322361979264
593500	-3829.0368441986316
594000	-3871.6923021134585
594500	-3799.9040282449205
595000	-3805.3768484600064
595500	-3822.223877166745
596000	-3759.7651950567993
596500	-3877.9851011673795
597000	-3740.2034610925725
597500	-3698.8341203748023
598000	-3779.3499933792505
598500	-3779.285617272107
599000	-3727.1452520088374
599500	-3691.6824364640343
600000	-3701.2225063426
600500	-3700.2407203282064
601000	-3792.792623718741
601500	-3722.2622676209608
602000	-3749.730307502228
602500	-3763.3068104370664
603000	-3677.2030335515337
603500	-3826.205988779659
604000	-3815.962357893987
604500	-3865.4064492425846
605000	-3720.8622317823156
605500	-3861.4787433889046
606000	-3842.54678721663
606500	-3879.9917827890695
607000	-3855.3083655046225
607500	-3854.823509538993
608000	-3815.0950955887847
608500	-3854.5191815855146
609000	-3995.4239401374575
609500	-3918.7535337433987
610000	-3948.200532844735
610500	-3969.6988602247293
611000	-3772.6812111299932
611500	-3886.9690764962966
612000	-3870.4228560073116
612500	-3916.4473628079045
613000	-3885.6163132969855
613500	-3925.476156817762
614000	-3852.2952555316515
614500	-3836.261023725406
615000	-3844.4679809614163
615500	-3878.5424692380984
616000	-3952.255290934789
616500	-4062.3652812771425
617000	-3930.88483065219
617500	-4022.2168386337953
618000	-3947.938555645481
618500	-4055.0492909414215
619000	-3938.6974045466877
619500	-3900.347021324823
620000	-3957.067411766052
620500	-4034.51460949471
621000	-4050.230734813275
621500	-4110.999075377071
622000	-3955.050068227649
622500	-4063.477042097215
623000	-4086.17733527898
623500	-3991.1849488260987
624000	-4009.360026841522
624500	-4031.3498599795607
625000	-3973.0562510487525
625500	-3902.25759834545
626000	-3912.1425408668583
626500	-3959.579063088651
627000	-3906.092475948059
627500	-3809.6532964770076
628000	-3788.836750031376
628500	-3832.5933114260233
629000	-3892.2908124237397
629500	-3975.7551007902603
630000	-4022.4458567915062
630500	-3933.0689067984895
631000	-3916.9491437359347
631500	-3932.343366730859
632000	-3870.2206408819893
632500	-3996.8908219318823
633000	-4041.6388766019963
633500	-4110.467477908764
634000	-4067.9312207810867
634500	-4013.310922769606
635000	-4043.361546886364
635500	-4130.6765973813535
636000	-3989.892192571649
636500	-4105.528132267237
637000	-4074.0756744538103
637500	-4134.7822036065245
638000	-4157.659897800695
638500	-4051.1770911574126
639000	-3983.228467387241
639500	-4088.5092397953354
640000	-3991.047745189341
640500	-3975.6673056046056
641000	-4142.1197314567635
641500	-4040.5703757514484
642000	-4071.375809171546
642500	-4025.4301625307253
643000	-4104.3727322698205
643500	-4062.987823821045
644000	-4016.022862120061
644500	-4029.820300556355
645000	-4033.150752927949
645500	-4013.974698986813
646000	-4081.809694176451
646500	-3995.338822213395
647000	-3973.715778495128
647500	-3994.2583438842585
648000	-4035.911972177887
648500	-3961.2960313829526
649000	-3865.963325870063
649500	-3847.6708814533145
650000	-3942.1793446385527
650500	-3949.425833926535
651000	-3963.2687324991934
651500	-3919.182716280248
652000	-3967.9739450452666
652500	-3888.531516742336
653000	-3893.159473083025
653500	-4090.5004025558887
654000	-4075.408313715938
654500	-4002.173090383795
655000	-3938.5198453964817
655500	-3959.2196518940723
656000	-4055.088190418476
656500	-4122.873808749259
657000	-4127.338981555852
657500	-4042.0241397465475
658000	-4048.478560641748
658500	-4016.0681866292452
659000	-3929.0785414217003
659500	-4023.530306004477
660000	-4045.510874440987
660500	-4185.698233012839
661000	-4149.641442001974
661500	-4195.766530121284
662000	-4225.5590012176735
662500	-4071.7985061398003
663000	-4072.317683778162
663500	-4087.069670059529
664000	-4070.962792859955
664500	-4038.8765656733585
665000	-4013.2142964176214
665500	-4016.6310661577304
666000	-4008.5190311771753
666500	-3988.2096294478115
667000	-3988.8875157960365
667500	-3989.1283249149606
668000	-3899.639186775156
668500	-3860.001534597183
669000	-4008.206071455296
669500	-4031.38371117422
670000	-3910.2597113660686
670500	-3941.112395461349
671000	-3969.070542719832
671500	-3781.7424406213604
672000	-3900.8836269768212
672500	-3854.8291531468503
673000	-3933.7345071814893
673500	-3954.8783920186656
674000	-4065.0424567602463
674500	-3985.4274390794626
675000	-4048.835968332865
675500	-4110.3469752464825
676000	-3997.794463804874
676500	-3975.068256242916
677000	-4028.4683087327526
677500	-3940.381460548264
678000	-3864.5262831005202
678500	-3876.373185711184
679000	-3888.0283120126105
679500	-3851.1509965581113
680000	-4033.4237793669668
680500	-3983.0340957846456
681000	-4059.440873596558
681500	-3985.773480462003
682000	-3933.643681153133
682500	-3976.1773397507136
683000	-3999.3643359538696
683500	-3954.5673851572114
684000	-3966.749790423164
684500	-4053.6424009805955
685000	-4031.720506538529
685500	-3937.925751423136
686000	-4002.4370159385644
686500	-4000.372172898429
687000	-3936.379464827637
687500	-3914.1352532513724
688000	-4048.451412343845
688500	-4012.0543157940874
689000	-3885.380723499296
689500	-3996.9119899046473
690000	-3962.994428444452
690500	-4086.720333295031
691000	-3983.8263794897875
691500	-4090.7476356346738
692000	-4040.74655736366
692500	-4123.939970501716
693000	-4119.189364643803
693500	-4039.3483442975444
694000	-4030.1211060443034
694500	-3963.498085516044
695000	-3989.9637571957446
695500	-4086.455365620298
696000	-4025.743001882976
696500	-4082.80010521905
697000	-4072.3375652507048
697500	-4036.1590851855526
698000	-3989.011416580865
698500	-4001.339249603961
699000	-3973.1836579335545
699500	-4013.104283594406
700000	-3934.4020133404797
700500	-4029.3443361468794
701000	-4022.8584420067277
701500	-4013.5768072750475
702000	-3975.20462622154
702500	-3894.7361515800367
703000	-3907.3284201551055
703500	-3942.704025087286
704000	-3951.0531474431714
704500	-3933.702464124416
705000	-3992.2398718895292
705500	-3921.732449202742
706000	-3955.436701849751
706500	-3985.348538802225
707000	-4043.2587576811657
707500	-3930.465125537113
708000	-3977.1412588190055
708500	-3951.5866847160164
709000	-3932.9967400814317
709500	-4054.970070000094
710000	-4033.1087222848173
710500	-3920.819246556202
711000	-3928.344402283559
711500	-3873.1846838739543
712000	-3907.4869321103965
712500	-4002.162682882713
713000	-3955.2147748263374
713500	-3895.5797916750234
714000	-3937.9018986658866
714500	-3961.880814538802
715000	-3898.0507787842466
715500	-3826.8505360093304
716000	-3892.3000966942946
716500	-4002.7540744231546
717000	-3946.633441659436
717500	-3970.3400818117716
718000	-3968.670585554085
718500	-4009.2135717979586
719000	-4017.0018295215255
719500	-3983.2393539562463
720000	-3959.234985316743
720500	-3919.921885969569
721000	-4008.15828749434
721500	-3967.8862946774843
722000	-4105.909074798889
722500	-3949.4819630349953
723000	-3987.7561893033076
723500	-4070.0554971154493
724000	-3927.254430001509
724500	-3999.056457206236
725000	-3925.547190398087
725500	-3981.4925229308897
726000	-3968.5132663347254
726500	-3920.8291793773233
727000	-3974.7684573594947
727500	-3981.886342339084
728000	-3946.6385224800947
728500	-3941.286400820603
729000	-4073.4456194895884
729500	-3947.9834176099876
730000	-3937.2265653518966
730500	-4023.473591149395
731000	-3953.245091259246
731500	-3917.837573262708
732000	-4051.964264771133
732500	-3902.639220289369
733000	-3931.2578442150734
733500	-3875.6116134436456
734000	-3972.072271810428
734500	-3971.260254756226
735000	-3921.0111333200507
735500	-3891.8199869033533
736000	-3959.2864757112634
736500	-3812.3025631317914
737000	-3815.167277218377
737500	-3828.157528376425
738000	-3797.255299433958
738500	-3750.1330831382984
739000	-3807.961444559212
739500	-3801.8333865939544
740000	-3921.4284118193773
740500	-3859.6784389365184
741000	-3975.2858031358496
741500	-3976.6060781218403
742000	-3920.714560222795
742500	-3926.8106647214895
743000	-4026.798792271872
743500	-3999.440997378348
744000	-3917.172465092482
744500	-3877.543783910621
745000	-3981.761405273197
745500	-3999.3893109346923
746000	-4098.753509583689
746500	-4055.154741809479
747000	-3980.589375583433
747500	-3966.5191419825583
748000	-3955.8238275857243
748500	-4083.853355018302
749000	-3910.8378350265516
749500	-3958.286626998266
750000	-3999.7644909441324
750500	-3915.0316308500555
751000	-3952.825462364486
751500	-4060.9336529120214
752000	-4113.725075644069
752500	-4007.2035762980263
753000	-3996.734371138784
753500	-3970.9587405397906
754000	-3953.913128009139
754500	-3989.6276159282233
755000	-3961.249095690517
755500	-3911.6487077662787
756000	-3915.7406340025645
756500	-3961.6951767266614
757000	-3936.990080920707
757500	-3924.1120526445357
758000	-4005.8363492677936
758500	-3875.427852733107
759000	-3963.6361767604444
759500	-3905.0442783740796
760000	-3879.0808314262677
760500	-3930.1936189825883
761000	-3987.185928772682
761500	-3994.9662179658894
762000	-3875.077955222424
762500	-3943.1730206581205
763000	-3915.7499738784936
763500	-3994.3724048100953
764000	-3945.447270658117
764500	-3956.9190598227647
765000	-4011.8494377170414
765500	-4011.47538829328
766000	-3897.381747903811
766500	-4011.8513122405493
767000	-3949.2790572596036
767500	-3951.9897259452396
768000	-3908.035091977079
768500	-3969.0706667052696
769000	-3922.0677909206524
769500	-3910.003551688808
770000	-4038.8381528981713
770500	-3907.903637930303
771000	-3921.430835279185
771500	-3927.3636352502854
772000	-3894.1802592976387
772500	-3910.7116463259995
773000	-3946.124516349709
773500	-3876.1836363591096
774000	-3925.8685608555343
774500	-3934.0404720368692
775000	-3828.5239146526496
775500	-3898.4040110736532
776000	-3828.038771628635
776500	-3820.870546611807
777000	-3840.1759015930606
777500	-3823.767818071924
778000	-3946.46703895303
778500	-3918.971901496302
779000	-3883.2803825027195
779500	-3839.8875651578414
780000	-3865.860378136653
780500	-3956.522175788348
781000	-3873.4836724287966
781500	-3931.082837521168
782000	-3908.2080912631363
782500	-3920.7865877848353
783000	-3906.0179057252367
783500	-4021.8764833898567
784000	-3931.157277950941
784500	-3887.1987430539884
785000	-3920.9528789721517
785500	-3888.756154105762
786000	-3854.0482986323523
786500	-3991.4832947109094
787000	-4118.111967550996
787500	-4035.8189963579844
788000	-3904.439599776953
788500	-3890.0350424275694
789000	-3912.867878080869
789500	-3933.2390322873625
790000	-3967.834045077898
790500	-4127.417889820285
791000	-3994.8751228150672
791500	-3961.6764203503776
792000	-3914.259937461519
792500	-4014.042893114347
793000	-3963.4484715371987
793500	-3853.172677953473
794000	-3860.555448111557
794500	-3912.4650186926615
795000	-3915.1331174604593
795500	-4013.420423413
796000	-3820.291577609445
796500	-3972.1009623691784
797000	-3940.698541859711
797500	-3865.9479915796223
798000	-3937.2649771929373
798500	-4014.7961937580244
799000	-3860.6183847946827
799500	-3940.0118431988953
800000	-3949.7331744638036
800500	-3980.156974375071
801000	-4119.074488791619
801500	-3931.799914057899
802000	-3880.86060804364
802500	-4052.3245141071893
803000	-3933.5997865297068
803500	-3881.482772774802
804000	-4012.2809181796797
804500	-4097.759534008189
805000	-4098.105841544202
805500	-4043.955705955849
806000	-3923.872247686442
806500	-3945.0495950240897
807000	-3867.485451954375
807500	-4048.0702335630435
808000	-4147.415526494891
808500	-3915.790506790522
809000	-4017.7284139659114
809500	-4038.818285408079
810000	-3900.5281569886884
810500	-3926.8411786530264
811000	-4002.4904847310136
811500	-3904.5764230382492
812000	-3904.8420192671942
812500	-3823.0967468526546
813000	-3881.6699765098715
813500	-3865.184365473548
814000	-3916.437407324743
814500	-3975.2300294661786
815000	-3970.49695081249
815500	-4000.989761272104
816000	-3972.8917312241833
816500	-4042.9578926357517
817000	-3957.7573673469005
817500	-4025.989707625861
818000	-3946.7364476927755
818500	-3992.3619618651474
819000	-3979.804517747846
819500	-3923.7154893105712
820000	-3969.2049335180463
820500	-3926.3253074598897
821000	-4018.432325040597
821500	-3922.357371440838
822000	-3837.3973033145326
822500	-3919.9076549241654
823000	-3815.11515013558
823500	-3899.151126660686
824000	-3840.3644463369365
824500	-3944.9443753662363
825000	-3873.359047472657
825500	-3987.668272294251
826000	-3966.539803842918
826500	-3938.6270415160852
827000	-3952.451289079664
827500	-3903.83790278411
828000	-3936.274559825249
828500	-3929.839379359861
829000	-3911.578006568453
829500	-3953.7566733344474
830000	-3961.656384402881
830500	-3926.5631186411683
831000	-3945.8202773154144
831500	-3945.5769654464984
832000	-3871.216714676418
832500	-3912.4665008843112
833000	-3956.5136073010667
833500	-3880.789542899856
834000	-4054.6553135751656
834500	-4088.5670751536622
835000	-3961.570488446805
835500	-3924.016961828698
836000	-3976.674716481204
836500	-4002.768481631589
837000	-3975.016385215792
837500	-4065.8201135099075
838000	-3965.461462100795
838500	-4021.4087513786185
839000	-4006.450972276716
839500	-4009.4040103683537
840000	-3945.735695161834
840500	-4005.8513698511883
841000	-3984.030359162293
841500	-3957.3881485859047
842000	-4026.8807089269117
842500	-3992.749787207996
843000	-3986.9222070988076
843500	-3990.073042282496
844000	-4018.672784400219
844500	-3947.560574797052
845000	-3946.339528843513
845500	-3914.4838868978695
846000	-3924.7752665489825
846500	-3997.852798577731
847000	-3988.7077952604245
847500	-3918.270648314211
848000	-4012.8054840284594
848500	-4014.3200640080163
849000	-3996.0194138715715
849500	-3952.574201991327
850000	-3916.202695446083
850500	-3958.6086989541095
851000	-4006.228265984779
851500	-3903.6184438029595
852000	-3860.3415156632145
852500	-3966.8572248650567
853000	-4034.5544218315445
853500	-3924.814052071968
854000	-3998.6202915409035
854500	-3978.8079748626847
855000	-4016.9889963085107
855500	-3980.9277913781825
856000	-4043.9484670561246
856500	-4044.6116843720483
857000	-4154.068232784049
857500	-4102.164548451592
858000	-3949.1393070601434
858500	-3996.3154554561897
859000	-4072.522003453988
859500	-4085.5731887922316
860000	-4098.0567851869955
860500	-3931.739747436338
861000	-4085.7848353022114
861500	-3946.0088215692554
862000	-4090.1113378937
862500	-3952.2920959233415
863000	-3890.0831095895082
863500	-3953.1029635783007
864000	-3974.0779452999636
864500	-3945.3060993289564
865000	-3956.6900160099094
865500	-3903.9071507229655
866000	-3955.9234229147446
866500	-3965.484042718463
867000	-3997.5587376838844
867500	-3999.5696322757167
868000	-4008.1191586503437
868500	-4019.9222932856273
869000	-4019.5640675373857
869500	-4054.272883715842
870000	-3964.3926768094216
870500	-3893.270333059925
871000	-3999.528447328593
871500	-3939.440779276795
872000	-3964.1021077849314
872500	-4060.0497027104616
873000	-4005.1279065426693
873500	-4003.8151779508144
874000	-3881.4409001451695
874500	-3897.2283668190817
875000	-4030.657737092895
875500	-3965.407817886609
876000	-3967.4788886313067
876500	-3950.7790610255856
877000	-4076.4179308620983
877500	-4063.4874570230177
878000	-3914.45868770635
878500	-4025.2547085859233
879000	-3942.051870090385
879500	-3936.8698711306356
880000	-3966.279434679659
880500	-4072.870232576409
881000	-4029.985837714711
881500	-4005.509180934275
882000	-4055.1274324669785
882500	-3934.4672623022316
883000	-3951.6428797932967
883500	-4010.8621889089145
884000	-3855.8330601007747
884500	-3912.7292442845705
885000	-3950.728816640668
885500	-3905.734872655923
886000	-3941.6935265994775
886500	-3919.149175335113
887000	-4028.1035608920292
887500	-3947.807289974741
888000	-3969.666582723839
888500	-3989.2131711433
889000	-3986.0113845697106
889500	-3990.9592777704715
890000	-4001.9957297877013
890500	-3983.2163755123433
891000	-4032.0883675854775
891500	-3985.9437553397415
892000	-3944.142474342404
892500	-4038.428089231911
893000	-3933.4271953302514
893500	-4012.1398039066394
894000	-4092.119706913378
894500	-4064.5176672373846
895000	-4124.612832811044
895500	-4122.046384886763
896000	-4163.010956209092
896500	-4067.1362273909267
897000	-4048.508552705809
897500	-4035.754749865219
898000	-4049.491836233934
898500	-4147.00050169726
899000	-4025.1536074040037
899500	-4102.049017936456
900000	-4129.988674350011
900500	-4072.769597902065
901000	-4026.6460730519098
901500	-4050.676670490658
902000	-4150.103075931396
902500	-4102.966553520033
903000	-4102.688965433331
903500	-4025.6087757412915
904000	-3984.1058048860027
904500	-3940.781173211997
905000	-3936.1414538445138
905500	-3965.080614883319
906000	-3899.4963949561575
906500	-3891.514407461884
907000	-3971.358240988965
907500	-3950.435325045607
908000	-3965.297666179796
908500	-3950.9615676505364
909000	-3999.5587478581965
909500	-4096.841714417176
910000	-3977.213009119416
910500	-4066.7572569900735
911000	-4002.546916849322
911500	-4029.272803696313
912000	-3938.751309143444
912500	-3900.7760269745145
913000	-3944.747024152931
913500	-3872.402752353533
914000	-3993.233372118148
914500	-3987.931444573318
915000	-3927.0429613991764
915500	-3876.1302985089446
916000	-3906.0055148777606
916500	-3953.481606364428
917000	-3947.9278989590975
917500	-3998.0148354611683
918000	-3924.7091955527844
918500	-3866.1440699291334
919000	-3897.4531827660107
919500	-3953.2205747023595
920000	-3867.239594531299
920500	-3841.1952970372786
921000	-3930.530447901014
921500	-3926.820801682344
922000	-3917.87179999721
922500	-3989.512638291315
923000	-3911.762030189203
923500	-3906.120404432755
924000	-3985.0534019428687
924500	-3855.1679515672035
925000	-3821.774743425238
925500	-3916.8846900943263
926000	-3825.3779782927254
926500	-3873.580738041123
927000	-3934.324446725773
927500	-4055.8730017899684
928000	-4118.691743057038
928500	-3981.7922023723027
929000	-4095.2041643634684
929500	-3991.868769491115
930000	-4001.7832476870317
930500	-3984.310227957005
931000	-3945.0567926656154
931500	-4005.599607310651
932000	-3957.250617324856
932500	-3974.1601551750487
933000	-3953.38317144152
933500	-4100.000199228356
934000	-4049.003318553045
934500	-4052.303132259048
935000	-3970.887644312296
935500	-3961.507872433784
936000	-3910.7880958949154
936500	-3971.9447769213893
937000	-3919.995639024386
937500	-3863.232738364542
938000	-3970.8584200630808
938500	-4008.819344539534
939000	-3949.694106996023
939500	-4014.4682234814527
940000	-3989.5970560199703
940500	-4009.4798222303148
941000	-3918.070517690095
941500	-4022.8319463404496
942000	-4145.075262646108
942500	-3949.228623468957
943000	-3990.754001240153
943500	-3987.9848222761593
944000	-3951.5893413993185
944500	-3895.6076054435343
945000	-3987.997158596016
945500	-3980.237613142027
946000	-3991.6808330682206
946500	-3914.130854106764
947000	-3922.681191918099
947500	-3892.473632887677
948000	-3877.102071131801
948500	-3999.1434702424685
949000	-3942.9278705585134
949500	-3955.6125944896257
950000	-3935.7668765477342
950500	-3939.099076381337
951000	-3957.8256754290737
951500	-3903.4841565393954
952000	-3877.14973335812
952500	-3897.6735666368436
953000	-3913.5749976582533
953500	-4007.001993136678
954000	-4017.969274186892
954500	-4023.6458811050284
955000	-4070.1085925733446
955500	-4005.1061106684556
956000	-3915.2871451282576
956500	-3875.550234061855
957000	-3900.2222228437
957500	-3984.2490705880746
958000	-4018.8556055115123
958500	-4017.5149907926957
959000	-3947.5310705192956
959500	-3965.6879408750433
960000	-3980.779783378328
960500	-3995.9630444242657
961000	-4114.077314450468
961500	-3912.0123240121143
962000	-3948.400832079026
962500	-3963.643246638154
963000	-3973.3153385829387
963500	-3965.830736677216
964000	-3952.4840997921883
964500	-4049.5936309815506
965000	-3998.3475484160585
965500	-3963.0324303395187
966000	-3969.959353191892
966500	-3995.44980992708
967000	-3988.4681141750643
967500	-3906.3778710943325
968000	-3953.049270911182
968500	-3897.665891483629
969000	-3972.102475567184
969500	-3946.435497956897
970000	-3954.104466018713
970500	-3910.8839590942694
971000	-3971.8701035889485
971500	-4078.4281547983287
972000	-4086.959985510899
972500	-4052.1624196884954
973000	-4088.6475604393104
973500	-4147.056663589575
974000	-4145.836505831224
974500	-4130.044762410035
975000	-4095.9988106811943
975500	-4195.570925898436
976000	-4074.0919463162013
976500	-4095.6746589294926
977000	-4001.9987185891255
977500	-4085.8838289980476
978000	-4026.4239965498555
978500	-3942.4917602697687
979000	-3911.5256806408115
979500	-3920.274757458623
980000	-3875.3248391940024
980500	-3903.392488812353
981000	-3814.638106639489
981500	-3828.9695942458015
982000	-3890.68877866444
982500	-3931.774013736798
983000	-3812.433495602737
983500	-3857.2127741810486
984000	-3839.4462458543203
984500	-3816.904160961348
985000	-3884.030437635048
985500	-3893.028445109456
986000	-3885.8423845120547
986500	-3957.761484506209
987000	-3929.4932500410787
987500	-3980.7254298003686
988000	-3833.7334314634118
988500	-3933.9779753807693
989000	-3971.1565774666187
989500	-3984.015486379645
990000	-4154.793742352052
990500	-3910.409143097041
991000	-3946.008571577416
991500	-3919.213723135771
992000	-3884.81189669635
992500	-3871.439664250417
993000	-3803.707604809769
993500	-3909.5897361553607
994000	-3858.1674572066217
994500	-3912.8675010017564
995000	-3970.51569315838
995500	-4054.2488642887643
996000	-3970.096016514493
996500	-4012.1514422200185
997000	-3954.138162955333
997500	-3916.9169675262265
998000	-3890.825882885633
998500	-3993.8508275331747
999000	-3821.851519147914
999500	-3819.6720169880155
1000000	-3878.1773117619427
1000500	-3904.302895784372
1001000	-3877.9365042614227
1001500	-3889.1212585991216
1002000	-3908.0830832222664
1002500	-3957.1228826054016
1003000	-3930.8142474547494
1003500	-3908.075593281244
1004000	-3948.2440034127294
1004500	-3958.0708000064933
1005000	-3937.73180099267
1005500	-3936.2551980198273
1006000	-3997.2664671514003
1006500	-3961.955579759142
1007000	-3951.4547742803306
1007500	-3898.1343813749136
1008000	-4050.753802584105
1008500	-3957.977955984573
1009000	-3963.1740996605267
1009500	-3918.4298511523148
1010000	-3898.2512608190573
1010500	-3898.2512608190573
1011000	-3898.2512608190573
1011500	-3898.2512608190573
1012000	-3898.2512608190573
1012500	-3898.2512608190573
1013000	-3908.6784262291717
1013500	-3932.7330994915083
1014000	-3883.9831722233553
1014500	-3842.3769888441066
1015000	-3852.1693775776057
1015500	-3890.4266731132457
1016000	-3827.4386841237456
1016500	-3956.1507638351095
1017000	-3967.8593588497765
1017500	-3953.9805922560636
1018000	-3923.485460007488
1018500	-3966.799038890402
1019000	-3988.1963997996113
1019500	-4022.6811841648882
1020000	-4042.4142413292084
1020500	-3991.7684353845984
1021000	-3963.2533407450474
1021500	-4005.4329394415377
1022000	-3974.0442737236326
1022500	-3865.419392805113
1023000	-3880.8999039885307
1023500	-3952.7863606535166
1024000	-4036.15728642977
1024500	-3938.947911735495
1025000	-3963.125671411806
1025500	-3876.0006394052743
1026000	-3893.755002354838
1026500	-3907.0016657650913
1027000	-3982.6651572859696
1027500	-3901.327154950827
1028000	-3917.142528198543
1028500	-3930.0527810511535
1029000	-3949.0909436179427
1029500	-3971.465816083112
1030000	-3897.5947955686406
1030500	-3882.7090714230017
1031000	-3886.3820087790177
1031500	-4045.6347042261586
1032000	-3991.454709298858
1032500	-4018.9026027470404
1033000	-3927.3935179482946
1033500	-3983.443494633795
1034000	-3993.1010770510516
1034500	-3921.2249061692282
1035000	-3921.7692479651414
1035500	-3952.9968449247635
1036000	-3907.9645633105874
1036500	-3917.4942897022293
1037000	-3980.002360524642
1037500	-3905.0945601749854
1038000	-3856.61529774902
1038500	-3937.924608350807
1039000	-4019.665284585112
1039500	-3874.79617163674
1040000	-3907.9802407682196
1040500	-3868.379382947429
1041000	-3913.3342132741536
1041500	-3928.3578435031827
1042000	-3918.4218415744863
1042500	-3926.4552460190826
1043000	-3941.8583359989416
1043500	-4022.7371499231094
1044000	-3983.243287503307
1044500	-3864.7519387280013
1045000	-3979.1470120975887
1045500	-3981.2569342901415
1046000	-3888.6904390375717
1046500	-3919.4395905951806
1047000	-3966.3025642126313
1047500	-4017.8603955177873
1048000	-4034.456757355211
1048500	-4020.675512170507
1049000	-4044.1352516877696
1049500	-4016.285635606167
1050000	-3960.0064323890733
1050500	-4084.2554232348402
1051000	-4129.339934009118
1051500	-4061.5796887634324
1052000	-4106.708723306497
1052500	-4081.521417642856
1053000	-4019.476795535975
1053500	-4068.6962032146716
1054000	-3953.0247904480843
1054500	-3922.3545649239745
1055000	-3917.39486830442
1055500	-3912.1101271107755
1056000	-3963.738128739916
1056500	-3899.0729372914234
1057000	-4024.092829540056
1057500	-3976.7456130338787
1058000	-3950.219523255051
1058500	-3889.2574931190607
1059000	-3855.6097658999065
1059500	-3886.531986913707
1060000	-3875.5912776618
1060500	-4112.978741850456
1061000	-3925.6769327090155
1061500	-3887.7956875149503
1062000	-3992.8668502032515
1062500	-3949.7429725137713
1063000	-3890.6777991386057
1063500	-4054.0859643397166
1064000	-3895.526293726877
1064500	-3828.956568265179
1065000	-3920.8994434184324
1065500	-3933.0766942635537
1066000	-3878.1499690803143
1066500	-3934.803384760736
1067000	-3964.0853093645255
1067500	-3925.9950334859873
1068000	-4064.572640567606
1068500	-3963.0860442259286
1069000	-3997.9319032375297
1069500	-3884.300188346302
1070000	-4049.4281639722412
1070500	-4162.951010659135
1071000	-4028.847816081767
1071500	-3964.155830976099
1072000	-4051.9764302449385
1072500	-3946.4098463328905
1073000	-4015.7118472183915
1073500	-3949.5774855109444
1074000	-3968.9382151422305
1074500	-3987.26540579472
1075000	-3992.081815257299
1075500	-3901.9158121455816
1076000	-3854.7638918904977
1076500	-3940.0676478290197
1077000	-3856.8575256233567
1077500	-3997.6328722199214
1078000	-3837.4070324707454
1078500	-3880.3824587009985
1079000	-3924.8822582048883
1079500	-4015.883098253804
1080000	-3883.1125828338545
1080500	-4033.6514225145957
1081000	-3899.320465249522
1081500	-3917.0586809084084
1082000	-3927.42794877804
1082500	-3941.751821821337
1083000	-3880.594602520347
1083500	-3883.5962579434395
1084000	-3987.965904650378
1084500	-4093.4587256824357
1085000	-4033.064476469041
1085500	-3939.5386866382373
1086000	-3987.37028177623
1086500	-3908.702584422577
1087000	-3967.021641308107
1087500	-3925.4402900273317
1088000	-3965.5290483686153
1088500	-3883.9443496481817
1089000	-3930.366570713569
1089500	-3941.7970248585248
1090000	-4029.8165155314146
1090500	-4089.898340154046
1091000	-3909.4653181913236
1091500	-3978.7276097409003
1092000	-4031.42032813671
1092500	-4044.1723761053127
1093000	-4009.5568633272296
1093500	-4002.530121814951
1094000	-3868.856049268358
1094500	-3957.757603259569
1095000	-4006.676492500486
1095500	-3978.4572794697306
1096000	-3944.276095095396
1096500	-3880.188251604646
1097000	-3928.5298729189826
1097500	-3960.9850117370625
1098000	-3928.442131168353
1098500	-3904.412259146665
1099000	-3848.9654068148775
1099500	-3908.5991447797296
1100000	-3890.8445703167736
1100500	-3899.4012279902568
1101000	-3914.36896228783
1101500	-3919.8305022790537
1102000	-3901.3159175903215
1102500	-3894.5768018955673
1103000	-3933.079462129203
1103500	-3961.5754787947553
1104000	-3877.651061012914
1104500	-3955.4123238246166
1105000	-3942.5833100996842
1105500	-3905.4639565340553
1106000	-3878.131761769493
1106500	-3991.482538943037
1107000	-3977.5905867548618
1107500	-3943.4163251259197
1108000	-3947.393551248088
1108500	-3903.5672820312284
1109000	-3878.8859568279286
1109500	-4028.6643603829925
1110000	-3933.039100327726
1110500	-3931.7549241052416
1111000	-3941.5728695778557
1111500	-3881.9934896211134
1112000	-3877.85964896249
1112500	-3832.783198057636
1113000	-3950.8509144543236
1113500	-3927.827622276555
1114000	-3889.701829197777
1114500	-3900.202933086522
1115000	-3979.037319685843
1115500	-3900.0172054212335
1116000	-3897.046687380907
1116500	-3923.3016906822404
1117000	-3994.081976265428
1117500	-3969.7392040026966
1118000	-3921.905321676176
1118500	-3998.2538639502195
1119000	-3996.930061999759
1119500	-4048.555361763692
1120000	-3926.908141851622
1120500	-3996.053343913718
1121000	-4017.7578054085834
1121500	-4005.180654396433
1122000	-3986.0997333646974
1122500	-3940.9731483337378
1123000	-4072.5366191175194
1123500	-4110.325986630094
1124000	-3909.86672600673
1124500	-3992.838423745323
1125000	-3925.4277008327786
1125500	-3933.4433824674056
1126000	-3932.2566174333588
1126500	-3874.756701353233
1127000	-3971.0304650076496
1127500	-3925.9274741786417
1128000	-3983.6506490479555
1128500	-3920.4225050763253
1129000	-3930.167839195762
1129500	-3896.2119345211554
1130000	-3920.3986921032706
1130500	-3871.7782403884985
1131000	-3880.8749767934282
1131500	-3777.6519162024256
1132000	-3920.9718392519376
1132500	-3807.0599952600724
1133000	-3873.9545915915064
1133500	-3928.9072584294763
1134000	-4038.322076193873
1134500	-3911.746361573916
1135000	-3922.7334979926973
1135500	-3944.574743962751
1136000	-3915.8292937413157
1136500	-3910.1730934652746
1137000	-3961.4585531359935
1137500	-3881.1615632783664
1138000	-3852.8386835760175
1138500	-4006.4323468324596
1139000	-3924.2553105097686
1139500	-4032.086456554953
1140000	-3948.876092584424
1140500	-3953.711796526766
1141000	-3860.9451421991057
1141500	-4017.6591102557504
1142000	-3968.1810547461946
1142500	-3936.8682547661233
1143000	-3882.1327454304233
1143500	-4036.8429129121664
1144000	-3916.70518456734
1144500	-4008.7262968550876
1145000	-3992.6347178868696
1145500	-4001.4512060163834
1146000	-3982.365907960058
1146500	-4034.827825191486
1147000	-4023.715689539049
1147500	-3876.4765545374808
1148000	-4016.6636989978047
1148500	-3887.3724333339833
1149000	-3934.355269249759
1149500	-3875.331879198382
1150000	-3907.3904685736566
1150500	-3970.2405528139752
1151000	-4013.8263148971137
1151500	-4018.133801739134
1152000	-3959.619300122211
1152500	-3963.671559015877
1153000	-3955.673370183989
1153500	-3888.0731981882464
1154000	-3934.6544377114747
1154500	-3980.653606262251
1155000	-3991.6309689122745
1155500	-3980.9251671932475
1156000	-3966.3943573220117
1156500	-3971.87716035126
1157000	-3956.2653309405437
1157500	-3948.3473642960844
1158000	-3920.9674172654445
1158500	-3995.0045345305
1159000	-3846.130755859247
1159500	-3892.228788870821
1160000	-3985.1851313089683
1160500	-3935.7370017429625
1161000	-3858.282334317313
1161500	-3919.301679683847
1162000	-3923.3267723939816
1162500	-3939.573412435781
1163000	-3925.66847840106
1163500	-3959.6847852240376
1164000	-3966.7271724471434
1164500	-3905.693138178324
1165000	-3966.121834880787
1165500	-3878.9557207093394
1166000	-4011.7299608246467
1166500	-3972.199031913678
1167000	-3987.0684595666667
1167500	-3929.3579777266623
1168000	-3947.3701492018918
1168500	-4019.691247295758
1169000	-4011.862869927475
1169500	-3970.7465968402716
1170000	-4035.448304769109
1170500	-4020.2428616708353
1171000	-3961.898911898492
1171500	-4006.4146415638525
1172000	-3987.360515361177
1172500	-4085.5416976685815
1173000	-3941.628492312129
1173500	-3928.0635031091974
1174000	-3864.9513826594234
1174500	-3865.310756505248
1175000	-3891.725340793327
1175500	-3934.9037136287525
1176000	-3913.3222972125172
1176500	-3879.5323115777865
1177000	-3953.024605889991
1177500	-3906.822870539886
1178000	-3830.4891057992504
1178500	-3904.3311461730254
1179000	-3777.983905982569
1179500	-3794.1707608818933
1180000	-3860.356200014498
1180500	-3850.9069284607735
1181000	-3826.1161794491136
1181500	-3948.608618539257
1182000	-4103.16405389648
1182500	-3932.0771172083537
1183000	-4032.1404853202716
1183500	-3960.8218994013164
1184000	-3922.2603064836476
1184500	-3912.2264815886674
1185000	-3980.3339498302244
1185500	-4121.415248543821
1186000	-3981.7355179627757
1186500	-4005.0196864184127
1187000	-3993.2953790839024
1187500	-4107.465541685124
1188000	-4009.3962326490428
1188500	-4041.3677520810184
1189000	-4006.9880502066885
1189500	-3960.652739923921
1190000	-3970.2927089811074
1190500	-3885.178767204894
1191000	-3925.5567542411645
1191500	-3968.9684430705374
1192000	-3970.7775397157557
1192500	-3907.849425477667
1193000	-3911.000920997064
1193500	-3904.250625776873
1194000	-3901.637696938403
1194500	-3934.8148144138104
1195000	-3963.5037626986705
1195500	-4094.8339191454015
1196000	-3988.969517601072
1196500	-4014.903969596459
1197000	-4024.6497613522706
1197500	-4004.9772412444768
1198000	-4053.891813170871
1198500	-3966.786369573041
1199000	-4009.1023990371846
1199500	-3904.828044127617
1200000	-3900.3148566121986
1200500	-3881.467280436404
1201000	-3958.738309951672
1201500	-3875.8108209805737
1202000	-3815.874291712016
1202500	-3924.5767695942955
1203000	-3916.4311466957756
1203500	-3988.859516714803
1204000	-3888.0044451814797
1204500	-3851.188190425817
1205000	-3892.0051723393217
1205500	-3884.004189823161
1206000	-3977.077585188891
1206500	-4004.084494789967
1207000	-3904.0283764955075
1207500	-3983.010718607235
1208000	-3906.2888336458673
1208500	-3825.8598699025624
1209000	-3939.6992960609145
1209500	-3955.0725773235476
1210000	-3913.6970024237335
1210500	-3885.3202336837135
1211000	-4059.588778438085
1211500	-3856.0203923160434
1212000	-3862.91082571962
1212500	-3909.981597995321
1213000	-3889.1129309411012
1213500	-3957.4090721669277
1214000	-3913.4808840602036
1214500	-3955.0088927401976
1215000	-3853.147303623848
1215500	-3901.382468872384
1216000	-3934.42532330425
1216500	-3875.4346239286224
1217000	-3927.151075846143
1217500	-3832.3521767314633
1218000	-3911.1361498891347
1218500	-4026.9786635449545
1219000	-3937.46000247988
1219500	-3946.373845733686
1220000	-3978.5924015362557
1220500	-3929.0663698271737
1221000	-3963.5940131614634
1221500	-3990.2839068052717
1222000	-4101.180537667924
1222500	-4078.3366034079004
1223000	-3959.578610144839
1223500	-3905.7604861962022
1224000	-4038.2939337425805
1224500	-3950.7001310409655
1225000	-4001.1056770594105
1225500	-4114.095610528538
1226000	-4058.777389563734
1226500	-4047.299991901012
1227000	-4058.1621281635817
1227500	-4063.6503217620943
1228000	-4057.519613870468
1228500	-4042.361983879719
1229000	-3996.7054872334784
1229500	-3988.666556068475
1230000	-4010.987683422679
1230500	-3866.665289257433
1231000	-4023.682132232221
1231500	-3899.517592850453
1232000	-3977.1571238959887
1232500	-3976.688769772004
1233000	-4128.784269425019
1233500	-3900.271524534529
1234000	-3954.8771828261774
1234500	-3920.3102985174532
1235000	-3945.872053211203
1235500	-4011.4399012136105
1236000	-4031.2830198329025
1236500	-4105.545397103503
1237000	-3998.563318861137
1237500	-3922.36460558738
1238000	-3935.5329610242966
1238500	-4051.5932507409448
1239000	-3948.0957041520924
1239500	-3965.0118741913348
1240000	-3979.805783444285
1240500	-3991.0955261104455
1241000	-4212.333534299892
1241500	-4043.6114877789446
1242000	-3945.8103510169476
1242500	-4008.060690848649
1243000	-4025.266685171513
1243500	-3953.6728538099715
1244000	-3926.0966571463696
1244500	-3870.0840000683907
1245000	-3889.526564950742
1245500	-3931.6625052906975
1246000	-3861.7843742514956
1246500	-3827.957494275214
1247000	-3924.561679577498
1247500	-3875.9119791709754
1248000	-3825.211814328838
1248500	-3870.078277423069
1249000	-3941.372787551056
1249500	-3885.8704079355125
1250000	-3989.1254327856213
1250500	-3853.3508059940286
1251000	-3955.08838903062
1251500	-3889.3808267638697
1252000	-3860.207342431319
1252500	-3950.6336738337363
1253000	-3922.5637794490244
1253500	-3864.9477347411953
1254000	-3840.458614684073
1254500	-3885.512585774389
1255000	-3865.269037267712
1255500	-3837.498316485897
1256000	-3879.7898444201937
1256500	-3876.8852260670133
1257000	-3906.350211151687
1257500	-3892.3622560817835
1258000	-3874.287277032446
1258500	-3875.543418500937
1259000	-3901.7338035942294
1259500	-3876.763772119094
1260000	-3907.1207989795685
1260500	-3791.9698886711667
1261000	-3931.286688063359
1261500	-3921.8599688045592
1262000	-3968.6602831633404
1262500	-3932.558313660068
1263000	-3869.491482550453
1263500	-3947.6315396538384
1264000	-3890.1914281368986
1264500	-3868.012399965476
1265000	-4065.0055758921976
1265500	-3991.3865435338553
1266000	-3991.607935037074
1266500	-3892.2040253393775
1267000	-4009.291065023146
1267500	-3927.6539341746266
1268000	-3969.45500575461
1268500	-3930.0049404697115
1269000	-3938.245466877024
1269500	-4025.2746801733597
1270000	-4101.826544382124
1270500	-3928.903781412583
1271000	-3972.071036678108
1271500	-3955.6073345960563
1272000	-3887.762987697831
1272500	-3873.7773027500534
1273000	-3891.5543752168514
1273500	-3934.593038547913
1274000	-3940.692518235551
1274500	-3958.1077701884983
1275000	-3896.6959737943953
1275500	-3880.4253463677487
1276000	-3937.5457918741567
1276500	-3948.972319003826
1277000	-3874.792742826812
1277500	-3810.181844414898
1278000	-3843.218637705459
1278500	-3820.5845471477437
1279000	-3860.5832226826524
1279500	-3913.310753599772
1280000	-3868.171030946753
1280500	-3872.446845467832
1281000	-3833.2576570787737
1281500	-3875.998184877976
1282000	-3965.0897381005125
1282500	-3927.8566025806686
1283000	-3908.804229128734
1283500	-3986.1992887722326
1284000	-4028.4097494975745
1284500	-3817.730555936522
1285000	-3919.786204426972
1285500	-3798.336819713099
1286000	-3859.8373993576265
1286500	-3881.856251491055
1287000	-3850.115104201424
1287500	-3915.7395819058397
1288000	-3855.047431025951
1288500	-3856.5039101295
1289000	-3886.556756539365
1289500	-3975.2135851059747
1290000	-3942.1664408508473
1290500	-4011.1954324211542
1291000	-4140.239458907421
1291500	-3951.7153676369517
1292000	-3978.3926463230564
1292500	-3925.3221976936597
1293000	-3888.0628662444606
1293500	-3885.5979354010815
1294000	-3908.675250530663
1294500	-3875.5637512601684
1295000	-3979.4053357441576
1295500	-3943.7769967279787
1296000	-3866.4054643779614
1296500	-3888.99813647464
1297000	-3880.8201195142806
1297500	-3888.869273570629
1298000	-3898.6949232611855
1298500	-3866.851054335658
1299000	-3864.223288577678
1299500	-3932.38110684056
1300000	-3958.7549237357375
1300500	-3983.776851366426
1301000	-3867.614206109089
1301500	-3935.051251988026
1302000	-3873.6407489685753
1302500	-3897.6557110306503
1303000	-4119.740718518121
1303500	-3970.4546635667543
1304000	-4193.052747421003
1304500	-3953.597641821412
1305000	-3849.334536034939
1305500	-3890.489846813772
1306000	-3955.88349913751
1306500	-3901.721480790679
1307000	-3929.5511052868183
1307500	-3925.1216896664823
1308000	-3926.732828080913
1308500	-4049.4564483660565
1309000	-3970.552541137624
1309500	-3882.6419564215635
1310000	-3902.540085997339
1310500	-3931.734190335327
1311000	-3880.606198086035
1311500	-3959.2474498703928
1312000	-3970.73698575918
1312500	-3978.5609723864
1313000	-3906.433378191603
1313500	-3915.3589563345813
1314000	-3966.6280303700682
1314500	-3949.6569530204856
1315000	-3985.454572783305
1315500	-3978.2903026811136
1316000	-3899.9528329103687
1316500	-3973.777963005493
1317000	-3827.135729530404
1317500	-3872.1108149532265
1318000	-3874.8814798296758
1318500	-3825.638353990469
1319000	-3843.2811576827276
1319500	-3873.0912340358436
1320000	-3879.1271208185376
1320500	-4016.2230902685624
1321000	-3991.5932477628526
1321500	-3935.744821624849
1322000	-4026.2408556143864
1322500	-3903.8721841617817
1323000	-3974.1634903933027
1323500	-4042.4230998304697
1324000	-4026.7948654494476
1324500	-3981.968241529474
1325000	-3925.787157789374
1325500	-3919.2548938239765
1326000	-3969.242215793929
1326500	-3897.8122278068145
1327000	-3907.666253886764
1327500	-3929.452112561033
1328000	-3940.392925316302
1328500	-3940.5519909852615
1329000	-3874.7613893975604
1329500	-4011.525825650337
1330000	-4022.9835953725214
1330500	-3936.344069698689
1331000	-4019.456749442527
1331500	-3983.6524890739665
1332000	-4062.2956320826656
1332500	-3953.8958848871844
1333000	-3952.4083031396463
1333500	-4007.877393209123
1334000	-3870.415154833954
1334500	-3863.8842490548786
1335000	-3944.234260440363
1335500	-3815.786259931822
1336000	-3954.003185831641
1336500	-3877.6033366832958
1337000	-3931.74190815214
1337500	-3845.54337792523
1338000	-3865.8264926590505
1338500	-3959.237193178389
1339000	-3896.796350565662
1339500	-3851.805708528894
1340000	-3930.248973751073
1340500	-3896.3395014915473
1341000	-4078.8191330857653
1341500	-3970.615857400206
1342000	-3914.533510231535
1342500	-3916.7031249582037
1343000	-3905.325088967319
1343500	-3917.35445462448
1344000	-3874.4366071202066
1344500	-3841.538931373178
1345000	-3885.394325103699
1345500	-3891.647952270572
1346000	-3897.782755430276
1346500	-3926.02270464045
1347000	-4056.1860639173756
1347500	-3943.416942198897
1348000	-4100.104682388572
1348500	-4088.262494435326
1349000	-3948.9113093498713
1349500	-3856.1150544980756
1350000	-3834.869641760991
1350500	-3895.305497078735
1351000	-3886.7182170035803
1351500	-3913.460332102509
1352000	-3964.959560585316
1352500	-3876.753308296109
1353000	-3874.6019021606276
1353500	-3930.8825082098415
1354000	-3917.749781194142
1354500	-3942.6308714904762
1355000	-3920.634418830428
1355500	-3943.1354662995536
1356000	-3979.952982111637
1356500	-3916.4485065675703
1357000	-3931.350814025819
1357500	-3973.754529574024
1358000	-3952.6785737156274
1358500	-3951.91088845842
1359000	-4104.575003746641
1359500	-4001.503583192007
1360000	-4013.465806780907
1360500	-3966.0475884061293
1361000	-3971.0221948931685
1361500	-4018.9349331121844
1362000	-3963.443068793406
1362500	-4012.310043154812
1363000	-4034.185604936971
1363500	-3959.252338270372
1364000	-3961.13302680303
1364500	-3978.21754668501
1365000	-4053.155347206756
1365500	-3917.1427385288553
1366000	-3957.0252689607505
1366500	-3980.6332172073517
1367000	-4130.512079158337
1367500	-4022.6134308829037
1368000	-4105.3889673448775
1368500	-4065.1911253092035
1369000	-4153.894065086414
1369500	-4044.6283719918747
1370000	-3957.913548915214
1370500	-4000.157450243136
1371000	-3945.3824934824656
1371500	-3971.762667498772
1372000	-3913.4953827155173
1372500	-3985.804241124209
1373000	-3913.5786859504638
1373500	-3956.2530788098015
1374000	-3911.746721394986
1374500	-3964.7398628529468
1375000	-3969.4963858755546
1375500	-4010.722974614178
1376000	-4094.2148790414244
1376500	-4082.0218199957367
1377000	-4111.245224050212
1377500	-4059.3860267992204
1378000	-4088.4875537985154
1378500	-4024.5761799941947
1379000	-4096.79567417862
1379500	-4230.06668121008
1380000	-4117.9196446074375
1380500	-4261.877232229922
1381000	-4102.225532611423
1381500	-4020.74625799899
1382000	-4085.5424070403037
1382500	-4059.6652353464633
1383000	-3962.4166569677527
1383500	-4167.318030369886
1384000	-4032.908722629566
1384500	-3982.9183252718535
1385000	-3974.952878447851
1385500	-3968.977586456407
1386000	-4096.95952953467
1386500	-3973.8407295518236
1387000	-3999.908053060772
1387500	-3988.14096465474
1388000	-3948.7777641400926
1388500	-3952.647419379286
1389000	-4029.2924127779747
1389500	-3982.8898768090394
1390000	-4026.8944228669143
1390500	-4102.976365215505
1391000	-4022.369227719422
1391500	-3937.932883899009
1392000	-3934.5551263894913
1392500	-3945.94123392929
1393000	-3963.133907742397
1393500	-3951.8789053054666
1394000	-3993.3413960112734
1394500	-4013.6405785790953
1395000	-3906.052096374186
1395500	-3936.9748171433057
1396000	-3886.317922978312
1396500	-3868.0019369604624
1397000	-3904.467663588275
1397500	-3911.1370987140103
1398000	-3836.617848061057
1398500	-3848.8892560471472
1399000	-3872.4548430465106
1399500	-3965.5342016956006
1400000	-3892.3988898475122
1400500	-3948.0718964781004
1401000	-3917.3513260393565
1401500	-3908.7064546832407
1402000	-3922.0132973046657
1402500	-4022.3968396353994
1403000	-3913.610674881135
1403500	-3936.851328400282
1404000	-3971.3447528594315
1404500	-4048.9129922006528
1405000	-3958.658605016021
1405500	-3960.95900967403
1406000	-4006.324938460551
1406500	-3987.1422976819754
1407000	-4022.0337832562923
1407500	-3873.323384344421
1408000	-3946.1554522872643
1408500	-3847.524441913225
1409000	-3960.8059780906347
1409500	-3887.6873207570966
1410000	-3850.904366851329
1410500	-3946.9211515198463
1411000	-3924.2158566042854
1411500	-3978.907049950934
1412000	-3896.5139784973326
1412500	-3956.5474945747324
1413000	-4000.300858002354
1413500	-4010.092445552023
1414000	-4000.845896789946
1414500	-3922.8700052718295
1415000	-3872.1899575042326
1415500	-3925.6934400320283
1416000	-4056.429253726508
1416500	-4000.5803328374677
1417000	-3930.3763044912375
1417500	-3860.6642033294065
1418000	-3902.575801769442
1418500	-3901.4006067098408
1419000	-3931.4236792529878
1419500	-3780.7269429090425
1420000	-3862.204225629633
1420500	-3971.6505462942446
1421000	-3994.972235857838
1421500	-3923.214529640311
1422000	-3912.483508868219
1422500	-3887.150859333957
1423000	-3982.769903776175
1423500	-4035.029960596067
1424000	-4033.335894605009
1424500	-4112.973257722176
1425000	-3961.1293936988886
1425500	-4042.650454973883
1426000	-4001.6639977458694
1426500	-3941.5692771272415
1427000	-3988.2161792019674
1427500	-3830.4742649214427
1428000	-3878.98982043054
1428500	-3943.8003177832875
1429000	-3885.753866255767
1429500	-3851.214359876235
1430000	-3875.8898867055846
1430500	-3960.277375917029
1431000	-3963.0703732107927
1431500	-3983.258787081557
1432000	-3837.047529932713
1432500	-3868.449639380428
1433000	-3877.3776802452257
1433500	-3901.640918076041
1434000	-3998.662441185277
1434500	-3908.4201070813524
1435000	-3876.596033608083
1435500	-3896.661369017172
1436000	-3904.7563764148094
1436500	-3912.766956385509
1437000	-3777.100658323997
1437500	-3852.069720338421
1438000	-3860.3249741838713
1438500	-3907.4191312856237
1439000	-3988.238134257415
1439500	-3959.30574790412
1440000	-3941.090667320852
1440500	-3960.8215730476577
1441000	-3894.5558391759632
1441500	-4005.9305806213633
1442000	-3944.1067815361166
1442500	-3900.85520520284
1443000	-3987.823222609369
1443500	-3923.3042760037893
1444000	-3858.841682127981
1444500	-3853.010809077834
1445000	-3886.5205233624233
1445500	-3940.0190157183397
1446000	-3951.0368411349546
1446500	-3895.7890703074254
1447000	-3887.823460910303
1447500	-3944.8682185037123
1448000	-3997.2985398933147
1448500	-3963.6017059977235
1449000	-3883.4268006121215
1449500	-4077.0437466087164
1450000	-3997.298812498452
1450500	-3881.0488082859065
1451000	-3973.3920613193395
1451500	-3964.8254925181286
1452000	-3950.5736322973426
1452500	-3961.92130184963
1453000	-4014.233281424848
1453500	-3927.4282826012563
1454000	-3942.268520814225
1454500	-4160.6377986269645
1455000	-4075.852578652941
1455500	-4142.171528732591
1456000	-4045.466718199431
1456500	-4130.238143560254
1457000	-4050.9920071475335
1457500	-4047.5008754117484
1458000	-3980.6567705522075
1458500	-3920.0693583271786
1459000	-3902.3118258624067
1459500	-4019.9189970255457
1460000	-3912.2798314967313
1460500	-3953.2979613042576
1461000	-4005.8248608009762
1461500	-4032.252146548333
1462000	-3980.252022221102
1462500	-3979.9585798343214
1463000	-3992.8805396740413
1463500	-3917.7968929307694
1464000	-4030.9696440316366
1464500	-4179.889488812159
1465000	-3952.3606307637915
1465500	-4028.621962361259
1466000	-4033.168961084353
1466500	-4106.476936419294
1467000	-4027.0968995732883
1467500	-4073.0816263162046
1468000	-3890.3594424981607
1468500	-3960.8292313176157
1469000	-3926.922705926977
1469500	-3975.2539183027807
1470000	-3906.131925670564
1470500	-3943.4150441698193
1471000	-3959.84599120838
1471500	-4027.3373209505726
1472000	-4119.4834844787365
1472500	-4014.430413883524
1473000	-4042.9560411175426
1473500	-4040.774062365593
1474000	-4137.422672601622
1474500	-4102.3195734523215
1475000	-4087.0768117159623
1475500	-3959.9865758879437
1476000	-4006.002615387968
1476500	-3995.350028214473
1477000	-4029.389601631899
1477500	-4056.147559105006
1478000	-3940.136452895321
1478500	-3958.369703426849
1479000	-4096.353583309785
1479500	-4091.642237743805
1480000	-4109.059857049462
1480500	-3951.4040452449876
1481000	-3996.998857129077
1481500	-4054.8503366047203
1482000	-4133.2166138939765
1482500	-4089.5159997938113
1483000	-3997.4412986146726
1483500	-4087.747535123512
1484000	-4024.9684971134197
1484500	-4067.368476588036
1485000	-4097.12648223784
1485500	-3987.02128945587
1486000	-4045.389134744775
1486500	-3984.711803832266
1487000	-4033.204424483114
1487500	-4187.18937269674
1488000	-4169.16799572583
1488500	-4113.892595514759
1489000	-4075.7327285871092
1489500	-4100.306284270743
1490000	-4092.9072935603285
1490500	-4073.297096520726
1491000	-4118.167593190318
1491500	-4104.03935766499
1492000	-4257.900837875593
1492500	-4113.244334640695
1493000	-4164.470829962046
1493500	-4077.2353729492906
1494000	-4141.985963291958
1494500	-4072.5246447803797
1495000	-4096.750874657278
1495500	-4019.3261101169683
1496000	-4037.4142163312567
1496500	-4119.4367648789075
1497000	-4054.242884728304
1497500	-4111.954013394294
1498000	-4145.08819847932
1498500	-4081.8070317835445
1499000	-4059.028877881548
1499500	-4035.336395786644
1500000	-4044.5896380147915
