Sample	likelihood
0	-3474.9377237356057
500	-3484.8344837149034
1000	-3470.3425933375
1500	-3482.3042437301942
2000	-3506.5988752652647
2500	-3506.827595636205
3000	-3501.911271166335
3500	-3515.7873565349632
4000	-3504.308195462626
4500	-3464.849071915968
5000	-3463.266593777712
5500	-3465.4377740295467
6000	-3458.4370012343265
6500	-3450.9648784443557
7000	-3454.565011989065
7500	-3470.679145437805
8000	-3476.9787196139537
8500	-3477.594228866787
9000	-3460.8478637912767
9500	-3469.3068123503067
10000	-3463.216902233675
10500	-3473.377362212117
11000	-3468.6805655616336
11500	-3467.6369092103137
12000	-3466.948460386498
12500	-3491.863849620892
13000	-3463.010783972174
13500	-3466.0883818421216
14000	-3508.8551001496576
14500	-3513.499294723859
15000	-3503.429278669886
15500	-3500.5726767364918
16000	-3487.5921800722317
16500	-3485.8133691336666
17000	-3509.9375875098854
17500	-3511.4728028855006
18000	-3502.9972008048967
18500	-3488.3017661598187
19000	-3494.0671347879747
19500	-3490.330456091883
20000	-3476.2355001842934
20500	-3479.8786694266582
21000	-3448.347356952742
21500	-3462.221971127132
22000	-3472.5083628880157
22500	-3476.467092551877
23000	-3477.761398069022
23500	-3477.8045512942053
24000	-3464.2759458377286
24500	-3464.7027849276756
25000	-3476.4211978472235
25500	-3518.9687526995303
26000	-3475.75983133098
26500	-3497.131746807651
27000	-3495.5754233801003
27500	-3479.2571852765304
28000	-3473.6985030991414
28500	-3479.387491244303
29000	-3485.7930863870056
29500	-3478.517488943209
30000	-3490.7530304387874
30500	-3468.1702919394506
31000	-3485.2005330301727
31500	-3492.0622539208493
32000	-3509.9063220220846
32500	-3524.8117180672243
33000	-3541.521615808701
33500	-3521.092424827985
34000	-3532.544691000245
34500	-3510.6101158632673
35000	-3513.5137636390464
35500	-3510.3611129012506
36000	-3497.2560410577153
36500	-3504.6150253777814
37000	-3494.8552223511406
37500	-3510.046148897895
38000	-3495.02740899986
38500	-3498.9038586766605
39000	-3502.0688766344833
39500	-3496.0544142092003
40000	-3472.9371924488937
40500	-3475.5774354218074
41000	-3482.8588741610474
41500	-3494.0827044620996
42000	-3479.5321541221892
42500	-3473.929468829095
43000	-3515.872245446414
43500	-3513.242950508452
44000	-3507.7900248423703
44500	-3510.282711106118
45000	-3510.019444527793
45500	-3510.0877069914604
46000	-3509.8618529783876
46500	-3540.6484956534237
47000	-3497.590552186345
47500	-3478.7708247943283
48000	-3517.578118863721
48500	-3489.419011758239
49000	-3522.8963228568336
49500	-3501.9295416433497
50000	-3500.919608106481
50500	-3487.688959931604
51000	-3521.6655072226363
51500	-3518.292955280349
52000	-3536.4214723035507
52500	-3526.4934099679276
53000	-3529.449757346926
53500	-3511.3443412821734
54000	-3524.8101286491924
54500	-3520.9598082692
55000	-3548.1919609635893
55500	-3497.1250657257965
56000	-3521.054129664354
56500	-3499.0103283577273
57000	-3528.5943364825816
57500	-3522.0505299254983
58000	-3523.7320803303087
58500	-3521.460250876807
59000	-3496.53773799215
59500	-3503.9983503973554
60000	-3523.3059855816946
60500	-3490.8140986256994
61000	-3479.8763044501293
61500	-3493.671625724428
62000	-3528.3579501082763
62500	-3517.022517907285
63000	-3504.6067622720157
63500	-3490.4218112015924
64000	-3479.488443879423
64500	-3508.1511638407833
65000	-3520.148283011563
65500	-3507.680323151218
66000	-3525.518960343143
66500	-3554.368280958829
67000	-3530.9690315536286
67500	-3548.625515979825
68000	-3564.3356322575264
68500	-3549.5078999859907
69000	-3515.6238228883963
69500	-3552.732242566355
70000	-3542.9513398240224
70500	-3519.6701867656147
71000	-3518.328271930261
71500	-3525.7454868630016
72000	-3526.4375883825437
72500	-3524.145504915581
73000	-3506.3135154160013
73500	-3509.197398977878
74000	-3513.579657322279
74500	-3516.4140355573763
75000	-3534.289857631206
75500	-3502.5137960056813
76000	-3498.1570407476424
76500	-3478.111799839336
77000	-3481.334160455746
77500	-3518.6288083620193
78000	-3524.6625699590563
78500	-3514.9573075303447
79000	-3502.3191996729292
79500	-3500.139170273448
80000	-3515.58976547735
80500	-3507.8697279242983
81000	-3523.021594859948
81500	-3503.9839230532225
82000	-3530.8472602827105
82500	-3530.6694037495386
83000	-3517.0923646468414
83500	-3519.447697480836
84000	-3517.764390719082
84500	-3504.4172544250305
85000	-3519.4803018025855
85500	-3506.046701380458
86000	-3530.4910076063256
86500	-3508.9946272473608
87000	-3491.79388530874
87500	-3523.784530260779
88000	-3519.655306723485
88500	-3498.2076381205898
89000	-3466.3319186490608
89500	-3528.5886930258393
90000	-3526.0111336727396
90500	-3524.2798786914714
91000	-3527.9635290629703
91500	-3552.553154357092
92000	-3491.719497502515
92500	-3520.2431726644595
93000	-3545.756176215478
93500	-3528.172930524462
94000	-3518.3923666061073
94500	-3533.4386964225955
95000	-3499.8577671637195
95500	-3499.2868994673054
96000	-3503.2658522197476
96500	-3503.2658522197476
97000	-3466.435438239159
97500	-3471.598551572626
98000	-3480.435805127281
98500	-3502.761938828007
99000	-3510.335262937595
99500	-3513.7680467780524
100000	-3501.9752691754106
100500	-3497.849742246585
101000	-3509.124870723397
101500	-3526.2081476207877
102000	-3548.1247058552117
102500	-3499.6115468135304
103000	-3503.205174663705
103500	-3497.442290121802
104000	-3487.629114009132
104500	-3485.86165734903
105000	-3476.762432046098
105500	-3491.9118943811095
106000	-3518.5051388429292
106500	-3513.17113780704
107000	-3518.8148161210565
107500	-3512.776252178424
108000	-3502.6250360660965
108500	-3519.40540281657
109000	-3516.357947204933
109500	-3522.3135683845517
110000	-3491.9588151178505
110500	-3492.6205208433144
111000	-3500.995094753018
111500	-3497.584898795251
112000	-3490.5518003950397
112500	-3500.4813389679193
113000	-3466.4890070523197
113500	-3496.3046385393136
114000	-3483.0680517830247
114500	-3470.584364847933
115000	-3462.0614794679173
115500	-3485.1508974247663
116000	-3501.7616222293227
116500	-3497.1769373346947
117000	-3506.525341364062
117500	-3472.3978303922695
118000	-3503.7948212085016
118500	-3492.142689244787
119000	-3506.6034744398376
119500	-3505.3956435717223
120000	-3489.922032367988
120500	-3492.3347417958066
121000	-3509.0818303259152
121500	-3505.0859018612864
122000	-3490.1740495258946
122500	-3496.6351676135405
123000	-3502.3113579828496
123500	-3510.8407755256444
124000	-3501.5460214930877
124500	-3501.3064196759324
125000	-3493.668161550361
125500	-3508.6313587371424
126000	-3496.3793350171145
126500	-3520.1249387939174
127000	-3490.021781886262
127500	-3502.758155818682
128000	-3509.2897091814966
128500	-3489.2544460151953
129000	-3484.2929807064
129500	-3520.0050244386775
130000	-3491.64012641253
130500	-3504.2924765608645
131000	-3490.19943860234
131500	-3495.762703814137
132000	-3493.6085287685623
132500	-3493.3478174468414
133000	-3490.577397708928
133500	-3498.9579368074264
134000	-3533.0547176524055
134500	-3520.2962602289467
135000	-3554.932892794669
135500	-3538.4542817837128
136000	-3549.766321941388
136500	-3516.340593077331
137000	-3517.8913781755778
137500	-3514.061800007181
138000	-3505.063799159498
138500	-3536.514254563528
139000	-3477.7871383046445
139500	-3497.250320567128
140000	-3492.316046986209
140500	-3495.0985100720327
141000	-3466.5197959691313
141500	-3442.75108191864
142000	-3449.608467099531
142500	-3489.256834020201
143000	-3480.299925562241
143500	-3474.520619232954
144000	-3483.7915355821237
144500	-3507.418231901137
145000	-3500.0519259213743
145500	-3474.632465642277
146000	-3482.932749764887
146500	-3518.8874840746707
147000	-3514.6309523836976
147500	-3483.6016724370365
148000	-3483.9714628145803
148500	-3503.216171589946
149000	-3498.4602850663496
149500	-3492.6913802313115
150000	-3492.9042261360287
150500	-3493.118299100418
151000	-3520.8374258697413
151500	-3535.6343086151364
152000	-3485.573094139823
152500	-3493.2940594378465
153000	-3507.8353214313756
153500	-3507.856229131053
154000	-3476.9718748162645
154500	-3480.8862604429564
155000	-3469.2647816989434
155500	-3458.877069742079
156000	-3474.9676073092523
156500	-3483.4980649365943
157000	-3470.201683523198
157500	-3502.1846873647187
158000	-3505.126075407759
158500	-3514.271130630197
159000	-3528.0455561082176
159500	-3491.6459962454774
160000	-3484.4406321149922
160500	-3507.8679971316146
161000	-3509.516473915896
161500	-3510.386589588092
162000	-3456.7979714378375
162500	-3473.9980657592932
163000	-3481.067303641345
163500	-3472.481631708054
164000	-3490.3452759000534
164500	-3515.365405681352
165000	-3508.821718187856
165500	-3538.1336346576877
166000	-3554.7665877229792
166500	-3546.826133501007
167000	-3528.780514519577
167500	-3505.225175555468
168000	-3514.6678509538765
168500	-3512.450205096998
169000	-3516.718692686299
169500	-3531.999266752469
170000	-3528.1328578969706
170500	-3555.3735438062295
171000	-3520.037753948242
171500	-3525.9798272441353
172000	-3529.214097460386
172500	-3527.449361740374
173000	-3504.9198256004024
173500	-3497.81253734632
174000	-3488.160386922711
174500	-3497.4815262129623
175000	-3501.945859980269
175500	-3477.155546524766
176000	-3484.008517564111
176500	-3501.0791676046374
177000	-3514.5942673522163
177500	-3495.505861771165
178000	-3483.463305484515
178500	-3489.5591706856508
179000	-3518.1785962455256
179500	-3492.576438415302
180000	-3505.94849700134
180500	-3528.1501910889074
181000	-3525.6273323515225
181500	-3488.589044689249
182000	-3476.9484702785203
182500	-3504.946322923491
183000	-3482.503837651308
183500	-3509.18866417924
184000	-3484.598215153029
184500	-3517.1193317383863
185000	-3491.1937624443467
185500	-3487.096712429757
186000	-3506.013046975207
186500	-3483.671755580516
187000	-3505.887250482689
187500	-3535.413318999481
188000	-3515.5880438478234
188500	-3535.407805342175
189000	-3499.139001171874
189500	-3512.644659523687
190000	-3535.0355757845327
190500	-3527.839071342109
191000	-3513.567309597685
191500	-3503.050479075883
192000	-3557.293133539287
192500	-3529.1080377429926
193000	-3461.967935581229
193500	-3479.0780966807733
194000	-3475.4774035797736
194500	-3498.7718542391867
195000	-3490.3781472963715
195500	-3488.905623347277
196000	-3475.991616371312
196500	-3464.430388721393
197000	-3503.191355570954
197500	-3482.547686156563
198000	-3468.1206768247916
198500	-3475.293712474448
199000	-3496.214490216245
199500	-3504.953436271284
200000	-3522.1479392297006
200500	-3502.856363881907
201000	-3490.982323221419
201500	-3496.0375123117697
202000	-3488.6098000447437
202500	-3479.61123675288
203000	-3490.054042259485
203500	-3477.7709415455365
204000	-3487.084698844833
204500	-3484.055049616422
205000	-3452.885939821214
205500	-3477.515375094766
206000	-3484.058171003738
206500	-3475.328834738558
207000	-3464.1979794663316
207500	-3477.6337701632447
208000	-3489.207647473575
208500	-3499.490175873509
209000	-3480.9196242615362
209500	-3474.550682028263
210000	-3468.5002895679945
210500	-3480.4765245766057
211000	-3504.2208212715923
211500	-3488.1971613884343
212000	-3487.8562111775896
212500	-3485.1214612033004
213000	-3513.888836147522
213500	-3486.104820391022
214000	-3545.5974483972973
214500	-3512.627523903688
215000	-3500.992946068295
215500	-3485.3241362492236
216000	-3478.4707721608083
216500	-3515.3719916013247
217000	-3509.7195164612554
217500	-3502.9212336602695
218000	-3552.4169195976383
218500	-3529.6129937707674
219000	-3534.8252068539036
219500	-3499.6841784147964
220000	-3506.0868948753255
220500	-3520.080635902558
221000	-3501.6558232045113
221500	-3540.002820476404
222000	-3512.378657511377
222500	-3535.62826581399
223000	-3503.883349258994
223500	-3527.4096846091434
224000	-3540.299212769913
224500	-3480.3305233484157
225000	-3473.4448076024746
225500	-3484.628005478708
226000	-3531.1523480634382
226500	-3535.3648505450983
227000	-3493.5334627422044
227500	-3487.73877473838
228000	-3501.4399040530348
228500	-3463.838499732761
229000	-3491.0403208490493
229500	-3493.6917851634093
230000	-3498.1836792592335
230500	-3483.7312943745856
231000	-3483.9411346671855
231500	-3482.0853141752973
232000	-3495.147471393019
232500	-3486.029074463561
233000	-3502.50686199533
233500	-3499.0911708597264
234000	-3515.4348682018945
234500	-3497.013362711506
235000	-3485.640117841928
235500	-3514.6966675693275
236000	-3502.565877801083
236500	-3505.9876554776183
237000	-3548.9822151501676
237500	-3530.2113945392484
238000	-3500.4219194353254
238500	-3504.8278062548607
239000	-3539.6417827507607
239500	-3516.0777731731796
240000	-3510.340228178549
240500	-3533.2888327743485
241000	-3511.9221871899094
241500	-3521.4323919447224
242000	-3516.7555278764676
242500	-3513.845127312238
243000	-3519.4761095559393
243500	-3517.963584202745
244000	-3496.289603435854
244500	-3493.194126443617
245000	-3493.297375157983
245500	-3489.06728569752
246000	-3477.411335114738
246500	-3487.2790118073303
247000	-3510.4410405534295
247500	-3512.2108113505483
248000	-3509.9755275932066
248500	-3496.6034348419685
249000	-3515.490011160455
249500	-3488.9704046158326
250000	-3514.0365047085434
250500	-3528.841439983986
251000	-3490.965299580084
251500	-3509.2043955288846
252000	-3496.264785921299
252500	-3486.003095226663
253000	-3502.0838040946987
253500	-3532.6520891139608
254000	-3523.8212199097507
254500	-3510.396329522044
255000	-3514.920225228444
255500	-3514.1127586829907
256000	-3514.2362621683264
256500	-3503.2691871754328
257000	-3514.1116648419033
257500	-3507.457710462045
258000	-3502.5998002310535
258500	-3516.061283202947
259000	-3514.3303417233947
259500	-3509.1851086347133
260000	-3507.5075052912653
260500	-3520.3347146419337
261000	-3533.5797564119302
261500	-3518.7103895523032
262000	-3502.39694245932
262500	-3498.8163254622555
263000	-3511.1388049456573
263500	-3506.3556342302963
264000	-3465.7128947037345
264500	-3497.6694931020106
265000	-3507.690121541605
265500	-3532.921912647931
266000	-3517.4605887556586
266500	-3494.7126681369546
267000	-3504.4702178892117
267500	-3485.9734267635554
268000	-3486.71321438907
268500	-3517.0257610515982
269000	-3527.1248710033024
269500	-3531.27027657709
270000	-3513.675762504997
270500	-3520.751171895847
271000	-3512.0980158272064
271500	-3533.5728649277276
272000	-3521.5589712998326
272500	-3515.0457963309427
273000	-3515.7916969376943
273500	-3489.5102055535863
274000	-3490.1573706204867
274500	-3501.2946363464725
275000	-3496.0316973807944
275500	-3513.847079614841
276000	-3484.336070543627
276500	-3493.1635249656347
277000	-3473.7474074609036
277500	-3476.939935366667
278000	-3501.8520218969325
278500	-3481.616209833109
279000	-3487.970751281883
279500	-3518.34470285673
280000	-3498.2157205840467
280500	-3494.086459302247
281000	-3492.7776441275573
281500	-3480.7401638113943
282000	-3489.678414115995
282500	-3469.0433000164758
283000	-3485.6089228453366
283500	-3523.0026314618394
284000	-3543.137491109197
284500	-3515.4698088867385
285000	-3523.503958573019
285500	-3476.7775379130644
286000	-3480.7325013014497
286500	-3485.202148192464
287000	-3518.724022095722
287500	-3476.542239667246
288000	-3506.215261610877
288500	-3485.906632513219
289000	-3519.5382379885214
289500	-3511.9646100955674
290000	-3520.241684451953
290500	-3511.089701496646
291000	-3532.427859680882
291500	-3522.7396462839547
292000	-3529.5012513931306
292500	-3502.4686097147032
293000	-3514.4089416844863
293500	-3514.7332329183205
294000	-3510.4065392988705
294500	-3483.3452042712497
295000	-3482.283441733723
295500	-3470.5289730876266
296000	-3502.8037439081763
296500	-3471.2671707867175
297000	-3480.8624191823956
297500	-3514.505558558807
298000	-3488.597775926988
298500	-3473.4795578021904
299000	-3484.2177016581395
299500	-3504.732418441919
300000	-3542.115114291252
300500	-3483.829876836906
301000	-3484.0520236919374
301500	-3467.356286764083
302000	-3488.543567029832
302500	-3479.667760694991
303000	-3507.7886972697215
303500	-3477.4602727125057
304000	-3479.146863227837
304500	-3498.668200487488
305000	-3499.5642692214446
305500	-3479.0957665090637
306000	-3474.3475842198313
306500	-3465.5548397492953
307000	-3469.0383720598434
307500	-3457.6378367289153
308000	-3506.3787686992737
308500	-3511.74777602754
309000	-3486.6611679937882
309500	-3482.5102932772543
310000	-3478.9597308219577
310500	-3496.188775687123
311000	-3477.9617125562777
311500	-3501.949367002692
312000	-3486.510609507384
312500	-3474.0370147617527
313000	-3481.805341929841
313500	-3492.8347726713955
314000	-3493.796929293383
314500	-3476.594595699009
315000	-3476.21474698293
315500	-3471.066746536902
316000	-3470.4698100525566
316500	-3508.843445666044
317000	-3511.731220251859
317500	-3497.326322918814
318000	-3487.8913174745885
318500	-3491.2853766115686
319000	-3489.5927399798397
319500	-3477.517907144777
320000	-3507.8554681611486
320500	-3488.965337893656
321000	-3482.3969913341834
321500	-3485.4356202831414
322000	-3497.9687513401564
322500	-3487.3285288466745
323000	-3492.668022698807
323500	-3485.081212974756
324000	-3516.4488213964833
324500	-3491.8411957496305
325000	-3493.0843053698036
325500	-3501.3432868531972
326000	-3488.797715650621
326500	-3491.3654922514525
327000	-3496.270042614176
327500	-3500.8334080943155
328000	-3465.564269458262
328500	-3456.0769698595386
329000	-3495.2158312968204
329500	-3474.296769416913
330000	-3483.200158207233
330500	-3489.7429747828082
331000	-3489.8798240806964
331500	-3484.706732227999
332000	-3489.4624764582204
332500	-3516.1266988476723
333000	-3477.3786759021214
333500	-3514.192652609037
334000	-3508.2658805588317
334500	-3493.251918116537
335000	-3501.888418040692
335500	-3491.625226174554
336000	-3498.9142317796154
336500	-3507.0868657664964
337000	-3491.349969593571
337500	-3492.969985974038
338000	-3468.370887670499
338500	-3490.824702867837
339000	-3506.1535245424143
339500	-3484.9822282316313
340000	-3460.8365138808335
340500	-3481.063961032245
341000	-3484.545333008283
341500	-3495.017126205037
342000	-3494.300126055306
342500	-3483.8372584485787
343000	-3474.879250248234
343500	-3511.317480876233
344000	-3524.5267834534347
344500	-3524.4921838266064
345000	-3512.758314116316
345500	-3495.6318006708675
346000	-3481.882304635004
346500	-3492.3179898604812
347000	-3498.9372035186907
347500	-3482.8208357223975
348000	-3524.755348632162
348500	-3504.955609877174
349000	-3483.6838299182887
349500	-3484.4828917758123
350000	-3469.2981868077068
350500	-3485.3435342927783
351000	-3475.880270524693
351500	-3500.191576330325
352000	-3478.4602614405626
352500	-3494.479511475895
353000	-3504.94876186112
353500	-3504.0489754037117
354000	-3507.5532405077347
354500	-3520.9553780693873
355000	-3506.858504754776
355500	-3495.529312768356
356000	-3501.4813857552567
356500	-3520.4343524533033
357000	-3547.0236736083575
357500	-3519.115809379998
358000	-3522.4671384715066
358500	-3499.8489605183822
359000	-3499.450265275536
359500	-3520.14431989314
360000	-3501.299698416661
360500	-3534.2992126431127
361000	-3476.337084454085
361500	-3475.71313196279
362000	-3497.3664635421683
362500	-3513.3869465307803
363000	-3482.4918719529405
363500	-3506.200998227323
364000	-3515.0797824541623
364500	-3505.8376683153297
365000	-3517.144563063083
365500	-3490.8668708277087
366000	-3489.7776467250947
366500	-3508.7504163944377
367000	-3516.78621537336
367500	-3489.10108865622
368000	-3500.787240671878
368500	-3517.0790866778866
369000	-3505.567004849085
369500	-3491.2867587830383
370000	-3494.252859109992
370500	-3485.7208537860997
371000	-3506.675001887571
371500	-3472.8561511806183
372000	-3494.43947452637
372500	-3472.4722485054635
373000	-3479.422529459754
373500	-3473.7055539946728
374000	-3493.3240551513795
374500	-3502.2046047919034
375000	-3471.437896871483
375500	-3492.910085651663
376000	-3499.471942501002
376500	-3487.393365996618
377000	-3485.5931487928324
377500	-3513.8464474014945
378000	-3526.095449496813
378500	-3539.9946097233073
379000	-3534.679474637346
379500	-3511.857394002423
380000	-3489.5114205893715
380500	-3459.4197388601237
381000	-3482.328244401109
381500	-3498.5229009448
382000	-3478.5415809744545
382500	-3479.190110708256
383000	-3487.1972291087845
383500	-3511.5773675676987
384000	-3488.198034049782
384500	-3485.9763254630043
385000	-3494.6442426889766
385500	-3504.4886373927084
386000	-3497.1346133240168
386500	-3521.988667820137
387000	-3479.420448910045
387500	-3472.131839609222
388000	-3486.4710135130276
388500	-3504.9189542367935
389000	-3489.7305380126504
389500	-3489.5360139386435
390000	-3495.813321381526
390500	-3482.8959946774394
391000	-3486.892067785061
391500	-3492.1424436944453
392000	-3533.9705493589595
392500	-3528.1243572998537
393000	-3517.415372482568
393500	-3511.251587410052
394000	-3499.5788157218926
394500	-3500.166376527361
395000	-3502.869216712426
395500	-3518.4728717108287
396000	-3504.4740062229325
396500	-3488.8526087859373
397000	-3492.952641680755
397500	-3485.611900723102
398000	-3502.7774763873854
398500	-3481.4829852480784
399000	-3494.320650949069
399500	-3504.3796034002776
400000	-3468.92814992887
400500	-3470.525181061711
401000	-3490.5786690437344
401500	-3479.32712329982
402000	-3469.731498965266
402500	-3465.281354173314
403000	-3473.2478060054455
403500	-3489.948028769275
404000	-3481.9404977423205
404500	-3486.830605429454
405000	-3479.315966707952
405500	-3496.1195161627725
406000	-3512.2618106520763
406500	-3498.3291771364197
407000	-3493.9989857832384
407500	-3508.118697310981
408000	-3496.7621036949017
408500	-3465.143808501631
409000	-3486.0852923624975
409500	-3468.912586538221
410000	-3478.5714485229673
410500	-3483.3083291589737
411000	-3471.5987225173876
411500	-3477.1925539908607
412000	-3514.317934327509
412500	-3492.9860250258316
413000	-3472.8826401150573
413500	-3480.1777090339097
414000	-3476.2357571938137
414500	-3500.3698415227977
415000	-3480.440051175699
415500	-3483.929715261711
416000	-3478.801262001754
416500	-3505.8600047827035
417000	-3516.5849237498687
417500	-3501.1914069815857
418000	-3524.5671837162704
418500	-3514.383853272623
419000	-3490.989880617099
419500	-3526.606149857848
420000	-3486.196440140737
420500	-3487.1237210940208
421000	-3483.113353367485
421500	-3481.0136128822965
422000	-3494.771906656938
422500	-3480.60765149298
423000	-3473.4467321634597
423500	-3497.384959301502
424000	-3508.1205721969045
424500	-3510.6116612920296
425000	-3483.0493627246356
425500	-3498.1677107381374
426000	-3486.1548667578218
426500	-3494.0491193405765
427000	-3471.342808499169
427500	-3486.5558397796835
428000	-3498.587034983534
428500	-3484.799222630684
429000	-3475.652933612918
429500	-3492.8336809016796
430000	-3475.3240787445247
430500	-3472.995538948345
431000	-3474.2182868955615
431500	-3481.6941068218334
432000	-3509.06531889497
432500	-3505.1160152430493
433000	-3464.436072068558
433500	-3484.434929327485
434000	-3483.94105291598
434500	-3474.4032068206716
435000	-3487.2676029603367
435500	-3466.721544385663
436000	-3488.9073347111
436500	-3486.8893486260854
437000	-3468.309352227074
437500	-3481.4159063350203
438000	-3477.446197375812
438500	-3482.5571881038395
439000	-3468.4525325185145
439500	-3477.0036980589402
440000	-3459.82045585307
440500	-3481.745492971421
441000	-3494.335049964792
441500	-3488.092301914706
442000	-3502.6899736912733
442500	-3501.7097588713746
443000	-3491.6384916921975
443500	-3508.414865591373
444000	-3525.5475642431206
444500	-3528.6548986914713
445000	-3522.0804162406516
445500	-3506.8968279051664
446000	-3477.322868033484
446500	-3511.2537689668457
447000	-3511.551150098111
447500	-3463.6049856264285
448000	-3504.0024009511912
448500	-3486.2085264531715
449000	-3488.00826526303
449500	-3483.473774364634
450000	-3480.2368053272367
450500	-3463.366484784211
451000	-3498.069149415402
451500	-3491.8077558651817
452000	-3480.351273165638
452500	-3490.630356093975
453000	-3491.266882904571
453500	-3484.0470718601714
454000	-3464.168104508537
454500	-3470.845238232653
455000	-3485.2428281665057
455500	-3465.1123112305695
456000	-3467.9393049175665
456500	-3454.5193351692037
457000	-3468.187813151768
457500	-3489.9252324903646
458000	-3483.6512359443386
458500	-3481.9040227783403
459000	-3483.6246600389686
459500	-3481.026781651888
460000	-3467.4112054975426
460500	-3506.48104690772
461000	-3458.3145764201604
461500	-3473.8038254268513
462000	-3484.613418087222
462500	-3498.8124984674823
463000	-3482.8883299370677
463500	-3493.7126603400875
464000	-3476.973465018628
464500	-3470.7826827758445
465000	-3469.9797118272154
465500	-3478.3887326315144
466000	-3459.68200165807
466500	-3489.414003135465
467000	-3483.485869535484
467500	-3469.487311612079
468000	-3493.9102176261135
468500	-3488.818709806563
469000	-3480.221764187455
469500	-3484.9092844273137
470000	-3479.315536062421
470500	-3526.5343704129596
471000	-3497.2584605186594
471500	-3469.5622759496905
472000	-3469.7341715271896
472500	-3483.1335377819237
473000	-3495.4832184485654
473500	-3480.712638973791
474000	-3503.7162709388317
474500	-3482.764426563544
475000	-3487.8566845201426
475500	-3485.7596614194154
476000	-3508.6729689655167
476500	-3487.3908723833356
477000	-3477.5018308868953
477500	-3489.1770796073038
478000	-3469.733979964007
478500	-3475.48369998452
479000	-3484.9230877123077
479500	-3488.390191772521
480000	-3502.031386176812
480500	-3530.955620150011
481000	-3526.9139946365863
481500	-3477.9302864592887
482000	-3472.2805264515596
482500	-3473.315685210312
483000	-3467.959993613782
483500	-3460.1688742307715
484000	-3465.6070025549648
484500	-3462.7436381270563
485000	-3461.6661567151186
485500	-3466.265989737847
486000	-3491.358443022445
486500	-3473.8496954442094
487000	-3483.279347900774
487500	-3498.4132234003196
488000	-3509.425942447506
488500	-3487.6362466358937
489000	-3487.96881387211
489500	-3502.396742842161
490000	-3505.9631126106024
490500	-3474.979142349414
491000	-3511.859440524909
491500	-3479.685237016529
492000	-3467.9210861132487
492500	-3501.668919943165
493000	-3503.1367999196254
493500	-3508.367654480907
494000	-3512.335182897347
494500	-3492.9375171533247
495000	-3511.9016424243155
495500	-3496.7266146403726
496000	-3501.3301192821677
496500	-3508.3810991766254
497000	-3502.6751600300813
497500	-3498.6167218777196
498000	-3487.7503015405455
498500	-3507.101719233612
499000	-3529.684381473445
499500	-3522.466124730944
500000	-3505.4415607939986
500500	-3511.6414806573907
501000	-3479.2472711223186
501500	-3486.859287113183
502000	-3466.9472376174153
502500	-3468.7110606931146
503000	-3465.5990960572367
503500	-3486.1722933994192
504000	-3481.343541740101
504500	-3480.3760109462264
505000	-3500.006400790917
505500	-3470.811984908534
506000	-3484.35066621349
506500	-3476.3221270604886
507000	-3492.924129930736
507500	-3487.054050492331
508000	-3474.426588970223
508500	-3485.633648855958
509000	-3511.638508412104
509500	-3501.883398195
510000	-3514.123912862848
510500	-3494.9763499510277
511000	-3483.0296243106177
511500	-3503.863558075688
512000	-3490.3937408473575
512500	-3506.5618696362108
513000	-3498.200629920172
513500	-3522.768141652009
514000	-3479.643713282695
514500	-3495.957927807648
515000	-3523.440315947471
515500	-3503.0406270528038
516000	-3511.305331172458
516500	-3507.7034454693285
517000	-3494.6705558059602
517500	-3504.1751267691207
518000	-3493.682174167837
518500	-3472.5396685392593
519000	-3531.4778505615855
519500	-3509.052797525058
520000	-3493.5611350457975
520500	-3483.085246184699
521000	-3475.055478549768
521500	-3500.454750382784
522000	-3530.545290974391
522500	-3512.3380632348353
523000	-3526.0689174832924
523500	-3490.5044676086904
524000	-3507.6063886230277
524500	-3485.7377247475997
525000	-3488.345766623548
525500	-3487.5690826752943
526000	-3473.2372342215785
526500	-3498.0472410236152
527000	-3500.0186013897373
527500	-3512.365695201511
528000	-3482.1668768283953
528500	-3475.960930985086
529000	-3497.227660294864
529500	-3512.4685208689266
530000	-3496.4568100052675
530500	-3479.132033314453
531000	-3484.905473648746
531500	-3485.9968477374136
532000	-3506.302666503292
532500	-3490.6951036083246
533000	-3484.204938611382
533500	-3472.0277580779525
534000	-3470.860840166123
534500	-3478.485228174168
535000	-3464.5669511808687
535500	-3473.630598450339
536000	-3472.008993248009
536500	-3492.930020574292
537000	-3503.5198734346577
537500	-3497.60854032668
538000	-3507.776032325667
538500	-3479.3423310430026
539000	-3479.3768954628026
539500	-3471.8278584792356
540000	-3471.7453861601884
540500	-3481.3635328597484
541000	-3465.17815636727
541500	-3483.566726547341
542000	-3473.7569267292242
542500	-3470.7943506613174
543000	-3489.456120986781
543500	-3454.250496389824
544000	-3479.0094846904703
544500	-3457.9902827395263
545000	-3482.846602194731
545500	-3490.2716099752524
546000	-3483.132771996917
546500	-3503.064721175487
547000	-3483.3163942557308
547500	-3460.2396080948006
548000	-3465.6000782428396
548500	-3479.3018756375477
549000	-3479.294705118863
549500	-3469.7507415691534
550000	-3470.9705846956867
550500	-3481.559633343303
551000	-3477.9641582498607
551500	-3501.1593627303832
552000	-3520.927692601997
552500	-3464.0496989995145
553000	-3476.0222593546064
553500	-3471.3703376467583
554000	-3515.208445965731
554500	-3514.9575514749904
555000	-3486.308378793306
555500	-3494.2499488479184
556000	-3491.1916038866166
556500	-3482.8743557464704
557000	-3467.208232457294
557500	-3479.74208320286
558000	-3493.7351032076044
558500	-3505.4598178516558
559000	-3476.491860768005
559500	-3487.881201247963
560000	-3482.2949009154663
560500	-3506.241792299428
561000	-3479.5579081801257
561500	-3478.7397169847936
562000	-3481.0533738639583
562500	-3485.902078519346
563000	-3480.0318996297083
563500	-3498.7119420710087
564000	-3502.482203476562
564500	-3497.88471739648
565000	-3466.861853939017
565500	-3465.4998031303912
566000	-3471.0645319671844
566500	-3477.392311249075
567000	-3503.400723258119
567500	-3507.576216869267
568000	-3515.141369747534
568500	-3506.548772098653
569000	-3479.7495409537228
569500	-3468.3436747358937
570000	-3499.7441557215107
570500	-3482.4569149250033
571000	-3477.382838145144
571500	-3542.1525404906056
572000	-3514.9304401103027
572500	-3522.8515396385133
573000	-3485.6410930718266
573500	-3494.4456013474387
574000	-3496.8740216396964
574500	-3493.2074689999768
575000	-3492.5807665330344
575500	-3485.8806491548658
576000	-3488.2887098529495
576500	-3487.7938208199366
577000	-3497.9350163312997
577500	-3510.4205118409536
578000	-3485.809478504402
578500	-3491.9580846058398
579000	-3476.6045344250483
579500	-3477.7854979534004
580000	-3504.1796399541613
580500	-3528.7772869155883
581000	-3495.083648287143
581500	-3493.170841365747
582000	-3487.797414778433
582500	-3519.495571942754
583000	-3526.198432014909
583500	-3530.5140955742904
584000	-3513.2971272257287
584500	-3478.080696838776
585000	-3485.524250781247
585500	-3518.8547437774655
586000	-3494.6319177159367
586500	-3518.6740492243084
587000	-3521.6593999587312
587500	-3497.3452334476406
588000	-3512.8936054021765
588500	-3491.3434229367585
589000	-3503.895685809463
589500	-3508.313079545066
590000	-3511.4329330737205
590500	-3496.8246066325387
591000	-3523.077825536623
591500	-3496.5054465745575
592000	-3514.817902967015
592500	-3516.708723108836
593000	-3522.1182422946736
593500	-3526.785760060385
594000	-3460.970901285707
594500	-3467.1496326909064
595000	-3470.4398826829906
595500	-3493.2790789561654
596000	-3482.8114074514137
596500	-3480.906280392829
597000	-3476.7378750141256
597500	-3495.7218802195052
598000	-3496.6839308552076
598500	-3490.060622446546
599000	-3505.6560421626086
599500	-3526.1946889070396
600000	-3497.444154443693
600500	-3485.134413732104
601000	-3489.999616305628
601500	-3507.045922295301
602000	-3472.144077936473
602500	-3474.444287217462
603000	-3476.956266778954
603500	-3473.8691596252775
604000	-3475.486479018658
604500	-3482.4606648095296
605000	-3471.125903134261
605500	-3474.8822916343524
606000	-3469.220229831608
606500	-3495.513607859469
607000	-3485.3946523290147
607500	-3516.611638229359
608000	-3478.779104324937
608500	-3490.5327050455235
609000	-3483.7942615627667
609500	-3455.0223806941576
610000	-3475.8959494912815
610500	-3463.5619171027365
611000	-3482.179111076323
611500	-3473.4247753923173
612000	-3472.232986076419
612500	-3484.7836283171746
613000	-3473.663807347205
613500	-3477.7417992490746
614000	-3481.977612249561
614500	-3480.814779170732
615000	-3475.516014350118
615500	-3483.8450277141974
616000	-3500.3482079886985
616500	-3504.6380065528965
617000	-3520.8414220249806
617500	-3515.070049453421
618000	-3518.780969108899
618500	-3471.4911318044133
619000	-3489.271052171226
619500	-3501.0944197680446
620000	-3501.0944197680446
620500	-3501.0944197680446
621000	-3501.0944197680446
621500	-3501.0944197680446
622000	-3501.0944197680446
622500	-3501.0944197680446
623000	-3501.0944197680446
623500	-3501.0944197680446
624000	-3501.0944197680446
624500	-3493.939740884287
625000	-3472.0354788578657
625500	-3481.9089965122453
626000	-3473.723682921358
626500	-3485.3424269898564
627000	-3477.2689930351316
627500	-3482.4897960158314
628000	-3524.9563709052895
628500	-3528.9990224613043
629000	-3520.448767664596
629500	-3468.4959429074147
630000	-3480.190517943355
630500	-3496.5558727374378
631000	-3492.4864380171584
631500	-3468.413469478685
632000	-3477.124213966603
632500	-3511.29411582438
633000	-3509.153260099697
633500	-3510.0155886991374
634000	-3533.236818630432
634500	-3513.605261509358
635000	-3500.9241768719576
635500	-3489.268960273681
636000	-3492.1658447469335
636500	-3488.197491630579
637000	-3506.291254228312
637500	-3506.0631963717983
638000	-3513.8570616418224
638500	-3492.878611970599
639000	-3492.0645758011105
639500	-3470.9734752797117
640000	-3472.035498958837
640500	-3480.1521739407112
641000	-3480.6768605151915
641500	-3460.029221306707
642000	-3475.7271780922983
642500	-3471.8602925908676
643000	-3479.2339320096125
643500	-3485.759893757515
644000	-3496.3850142791416
644500	-3526.286014453911
645000	-3511.1522887812025
645500	-3521.831518508257
646000	-3506.5338942968306
646500	-3492.5484447530866
647000	-3491.5501396943832
647500	-3543.7382694294
648000	-3578.154053582527
648500	-3553.7031698139094
649000	-3541.113441614157
649500	-3528.7212511438756
650000	-3587.84608470368
650500	-3537.216734298408
651000	-3505.961001778068
651500	-3557.529289238173
652000	-3538.0910851455947
652500	-3504.324500000592
653000	-3526.454186937952
653500	-3497.3388096090466
654000	-3523.6485236606495
654500	-3514.404461472065
655000	-3532.397271667563
655500	-3496.812860565952
656000	-3513.4576112178584
656500	-3517.594000506295
657000	-3521.5526710835143
657500	-3497.1178478341717
658000	-3482.836544840293
658500	-3487.70049667729
659000	-3489.209861891721
659500	-3489.8440837498088
660000	-3485.495316088745
660500	-3511.5793400548923
661000	-3499.3733292732254
661500	-3525.7003565331474
662000	-3510.483022221389
662500	-3507.1154391686105
663000	-3491.8206669967462
663500	-3496.48730841133
664000	-3532.3257132407407
664500	-3509.596013470179
665000	-3504.1679623827135
665500	-3512.817243808647
666000	-3501.407047697747
666500	-3481.6485994308237
667000	-3493.717169265507
667500	-3475.6844405479087
668000	-3477.956745174369
668500	-3485.634851068826
669000	-3490.222678489683
669500	-3473.0800372854806
670000	-3487.1761286226115
670500	-3474.095831369913
671000	-3492.352505539188
671500	-3505.484996719814
672000	-3513.3267525394167
672500	-3486.751141781124
673000	-3480.0632128136867
673500	-3489.3891184037147
674000	-3474.220449887119
674500	-3556.5652373469825
675000	-3500.4667956446533
675500	-3502.3952786259447
676000	-3481.350161657141
676500	-3471.3320656193887
677000	-3470.3604137124253
677500	-3468.679467445179
678000	-3489.8313755970657
678500	-3523.4146971747937
679000	-3483.7511864655035
679500	-3503.764301830199
680000	-3475.7689618979707
680500	-3492.785893744343
681000	-3502.1561060177937
681500	-3507.380792008125
682000	-3498.8093580581294
682500	-3512.1324178448367
683000	-3490.1115264490068
683500	-3492.336969698989
684000	-3508.4443132633746
684500	-3515.1638094088535
685000	-3508.0432331904103
685500	-3527.6271744302812
686000	-3527.6269232873965
686500	-3520.958742819908
687000	-3536.1986003377124
687500	-3499.9136712177074
688000	-3495.5280225049496
688500	-3501.549601679667
689000	-3489.1206946098564
689500	-3517.5785250463705
690000	-3495.981037492964
690500	-3490.6392903929027
691000	-3523.9296264138356
691500	-3494.2025829092863
692000	-3514.0523084698316
692500	-3515.956163828308
693000	-3509.3636122226076
693500	-3502.638981954439
694000	-3539.7400447690475
694500	-3517.4070448017083
695000	-3498.1572022603364
695500	-3486.720037057329
696000	-3468.0118514521637
696500	-3502.9582589535294
697000	-3482.528012106358
697500	-3482.625026856533
698000	-3527.265309374909
698500	-3495.031118467148
699000	-3472.576166552731
699500	-3500.075069472061
700000	-3501.1595405365674
700500	-3485.718671571365
701000	-3508.45878648504
701500	-3493.8189708548093
702000	-3501.2461748738265
702500	-3496.769018997301
703000	-3488.183789113582
703500	-3503.9260264115205
704000	-3463.054100337119
704500	-3461.361168032885
705000	-3476.9254090886093
705500	-3491.296481792671
706000	-3467.4407919626988
706500	-3474.9104136207993
707000	-3493.326376814336
707500	-3455.931186072579
708000	-3457.771341951584
708500	-3478.4493058153216
709000	-3515.6272801775954
709500	-3503.3297809581386
710000	-3473.519041376263
710500	-3468.0009163768777
711000	-3492.710097272973
711500	-3481.272106417319
712000	-3468.84697474104
712500	-3489.3468952620965
713000	-3510.2140018170376
713500	-3477.8406323210975
714000	-3498.6298061276766
714500	-3501.168347759563
715000	-3499.4142843437653
715500	-3511.166315381308
716000	-3482.5303337277737
716500	-3487.1367656315583
717000	-3498.135913225924
717500	-3510.2146710219154
718000	-3519.0277596483857
718500	-3528.496389810192
719000	-3482.7201018287456
719500	-3490.292126482292
720000	-3493.644715355843
720500	-3498.9240421275367
721000	-3498.942347355986
721500	-3470.1141683615906
722000	-3479.7666904707694
722500	-3498.7951638358577
723000	-3474.6620888691873
723500	-3493.476850204686
724000	-3484.1103510501775
724500	-3508.6938986316054
725000	-3482.8763923576957
725500	-3477.006888667907
726000	-3479.570589568859
726500	-3503.7712285501716
727000	-3495.3497667309275
727500	-3466.8760404511545
728000	-3495.247923475747
728500	-3487.818422375732
729000	-3506.6151818959797
729500	-3500.231212032225
730000	-3463.5025239246
730500	-3464.935846913673
731000	-3455.9437618284205
731500	-3482.4727948477425
732000	-3489.7563300643583
732500	-3486.743046157496
733000	-3479.163362770831
733500	-3493.1304711922767
734000	-3477.536079801558
734500	-3500.5171328791553
735000	-3522.5502737653037
735500	-3558.278928831582
736000	-3495.80207963892
736500	-3495.50963128432
737000	-3507.6488323919825
737500	-3491.0040978735888
738000	-3482.246912876504
738500	-3486.7803787355347
739000	-3491.254837372496
739500	-3510.5307072792134
740000	-3558.840101342657
740500	-3508.7775326178476
741000	-3499.503453898313
741500	-3484.0179661748684
742000	-3478.0590754242226
742500	-3477.3877891396414
743000	-3473.6669847671965
743500	-3473.668476924228
744000	-3499.0609422763173
744500	-3491.529634217114
745000	-3485.1764991423847
745500	-3513.226461941725
746000	-3483.2332719455617
746500	-3471.690482390823
747000	-3479.04678646084
747500	-3476.310038087818
748000	-3462.1178416623948
748500	-3457.1484850626007
749000	-3503.326658323262
749500	-3474.168492534487
750000	-3488.3984113312977
750500	-3495.0837569104774
751000	-3479.5805427815935
751500	-3469.4226967299414
752000	-3452.104386691064
752500	-3468.151475324254
753000	-3480.161587731794
753500	-3480.467552211478
754000	-3462.293046359678
754500	-3482.9102521441955
755000	-3496.2207514887023
755500	-3507.1233135935117
756000	-3495.380020043109
756500	-3487.2019340278807
757000	-3489.26664587648
757500	-3456.5656724906767
758000	-3476.614347098336
758500	-3473.5811377926047
759000	-3460.563161065399
759500	-3472.658124080983
760000	-3473.813680916745
760500	-3488.227653997204
761000	-3498.0695022901677
761500	-3490.028195766718
762000	-3518.539043701446
762500	-3496.003942238495
763000	-3476.524948843045
763500	-3494.425556440627
764000	-3465.4372097758396
764500	-3461.4936638482745
765000	-3494.0725784681476
765500	-3496.4897759970827
766000	-3485.934687899763
766500	-3490.7048712248575
767000	-3515.2957744615023
767500	-3503.4100449884018
768000	-3503.773844943146
768500	-3487.949779498911
769000	-3498.5399246246757
769500	-3469.598543869311
770000	-3490.626810283572
770500	-3483.1944401806754
771000	-3487.885786962081
771500	-3499.7673177648717
772000	-3513.8883635560214
772500	-3486.536295629243
773000	-3494.558676125557
773500	-3489.0336086124066
774000	-3476.9138431694237
774500	-3471.4811103339052
775000	-3498.2758768151475
775500	-3480.963941551476
776000	-3472.123709231916
776500	-3511.712807340598
777000	-3490.939163928432
777500	-3501.6292418996354
778000	-3484.3222509649786
778500	-3472.461931097126
779000	-3486.1057087709946
779500	-3487.2553564440914
780000	-3471.0798042040947
780500	-3471.795333816801
781000	-3507.6435474189043
781500	-3514.242959569582
782000	-3505.8277448359427
782500	-3475.7446659532857
783000	-3495.5084580545185
783500	-3517.058975228316
784000	-3482.99682806534
784500	-3457.692029085681
785000	-3479.166854455118
785500	-3492.157670157147
786000	-3497.997684654499
786500	-3497.20801648606
787000	-3487.835709107197
787500	-3476.6400311350085
788000	-3496.5857489119894
788500	-3485.6703272843592
789000	-3483.4095035823107
789500	-3493.27878868885
790000	-3525.1420813371624
790500	-3513.5449606951233
791000	-3507.302687156872
791500	-3521.9383645475045
792000	-3538.3063873893916
792500	-3485.688733081041
793000	-3511.484459493393
793500	-3476.7869062052396
794000	-3500.5587293299936
794500	-3499.2430604816545
795000	-3503.124269936075
795500	-3487.485192237183
796000	-3507.357287166561
796500	-3510.672349161673
797000	-3501.943606753431
797500	-3487.3046430372506
798000	-3462.127082715554
798500	-3465.5758329061873
799000	-3462.34068002348
799500	-3484.2217256805884
800000	-3515.36079498044
800500	-3481.846892801816
801000	-3469.221999907033
801500	-3477.0337611875757
802000	-3498.8877933823946
802500	-3482.2871998640485
803000	-3487.6744428530537
803500	-3490.054103410408
804000	-3485.5873963333593
804500	-3532.180147109553
805000	-3527.8095469632603
805500	-3509.15487312698
806000	-3493.542423934331
806500	-3478.148181643271
807000	-3509.842710393477
807500	-3492.873936447814
808000	-3504.449301909895
808500	-3490.2011664549864
809000	-3508.8216104306275
809500	-3496.968728033281
810000	-3510.0225913843096
810500	-3501.410590904259
811000	-3516.8272504798742
811500	-3507.8732565958717
812000	-3478.82280943071
812500	-3498.378554944165
813000	-3494.7286474365396
813500	-3511.235953943447
814000	-3481.5486854296496
814500	-3489.304365478799
815000	-3501.473622394752
815500	-3491.435078093231
816000	-3501.232062705859
816500	-3520.8457660821887
817000	-3531.624098971031
817500	-3510.623503647277
818000	-3498.5274067431933
818500	-3509.7653411262645
819000	-3552.4819722959737
819500	-3530.7948257118255
820000	-3543.9012357204865
820500	-3528.8808690922037
821000	-3512.475099442171
821500	-3502.0318577451026
822000	-3516.6354289615992
822500	-3551.4034343030044
823000	-3529.8425080779616
823500	-3517.4307664257676
824000	-3501.2941429598504
824500	-3487.4351432447793
825000	-3498.1056818171237
825500	-3505.64759903032
826000	-3524.238751592364
826500	-3524.7979248259585
827000	-3511.9102210113288
827500	-3500.6000760805946
828000	-3525.219155490276
828500	-3515.876743714101
829000	-3504.4277910000765
829500	-3511.5924302009307
830000	-3514.6687647454237
830500	-3511.6142302126555
831000	-3527.5261128990314
831500	-3513.6599889815443
832000	-3526.2150801812345
832500	-3514.5341055323997
833000	-3488.91381564306
833500	-3508.217254340105
834000	-3494.008362947134
834500	-3476.869215700588
835000	-3453.8573594273175
835500	-3458.49497119747
836000	-3473.04873278077
836500	-3496.522582180111
837000	-3485.0849835937247
837500	-3496.8227914121057
838000	-3495.940071642215
838500	-3501.479745856017
839000	-3494.6344639229133
839500	-3483.1142716577106
840000	-3480.3860724838323
840500	-3479.287732768782
841000	-3486.51002552967
841500	-3472.7049087686687
842000	-3513.306434429716
842500	-3507.182115955995
843000	-3509.244386000434
843500	-3542.3417638782053
844000	-3507.8639395901487
844500	-3479.2458276670013
845000	-3490.937978654501
845500	-3470.500324924964
846000	-3521.9813728811296
846500	-3482.094333255026
847000	-3495.208264535665
847500	-3459.790137265369
848000	-3509.29274012657
848500	-3475.2870700818426
849000	-3471.733942785931
849500	-3485.3403518224673
850000	-3473.597945419897
850500	-3466.4200166408837
851000	-3479.2788420569923
851500	-3497.8349400279576
852000	-3487.462352405861
852500	-3490.9820895563757
853000	-3468.0817476225984
853500	-3484.574271009357
854000	-3490.2653041320023
854500	-3494.54874826594
855000	-3477.3549471091083
855500	-3507.1770669307475
856000	-3517.161016442987
856500	-3510.999765563908
857000	-3485.772521485185
857500	-3483.3587109823834
858000	-3493.6528235762858
858500	-3483.151306583158
859000	-3480.0947948959656
859500	-3494.3379918063006
860000	-3467.5544630173513
860500	-3477.2522319110267
861000	-3480.1582497407153
861500	-3475.8019817848667
862000	-3478.5829028152716
862500	-3481.448729247294
863000	-3481.17715206506
863500	-3468.749917112342
864000	-3480.246929781024
864500	-3506.541830936929
865000	-3502.1875220851284
865500	-3500.355558860967
866000	-3470.775209773503
866500	-3509.769633095928
867000	-3526.138996723184
867500	-3514.6403014021234
868000	-3513.368562154787
868500	-3493.330892024876
869000	-3500.938131908902
869500	-3487.1864416607145
870000	-3510.287748552531
870500	-3485.728451317167
871000	-3499.3268232060664
871500	-3509.8259983044504
872000	-3519.2839545953334
872500	-3523.858372793906
873000	-3482.830346892054
873500	-3509.9109357219304
874000	-3525.9443960912135
874500	-3484.0654221658588
875000	-3510.4369556176634
875500	-3495.377440526753
876000	-3505.0953964408054
876500	-3486.1636889173865
877000	-3522.545419866302
877500	-3486.0151486341842
878000	-3483.4528244626454
878500	-3478.7127921091333
879000	-3483.8474769835643
879500	-3497.4045927026937
880000	-3489.124129600078
880500	-3491.182566128473
881000	-3520.277746192838
881500	-3520.85418110641
882000	-3497.070404147094
882500	-3500.5608018320086
883000	-3524.304699830064
883500	-3485.3381909720447
884000	-3478.938129271795
884500	-3490.4730140079846
885000	-3512.48781767973
885500	-3504.3585182215966
886000	-3478.6570897959737
886500	-3492.2732311503537
887000	-3499.4819765008965
887500	-3478.190369823791
888000	-3476.4324340952994
888500	-3469.0360753457417
889000	-3476.8114162238403
889500	-3480.0954678322264
890000	-3490.1923175898482
890500	-3489.6234067175465
891000	-3510.3612514023757
891500	-3497.0420219610137
892000	-3467.4106835067496
892500	-3492.936130309459
893000	-3479.5592357022774
893500	-3451.303991543666
894000	-3470.6720123824357
894500	-3501.902399115829
895000	-3541.137384650431
895500	-3522.0252167197827
896000	-3493.0734077500356
896500	-3515.0092171704914
897000	-3484.455655037926
897500	-3480.837142604921
898000	-3498.031113836131
898500	-3495.436002620272
899000	-3505.8450372058064
899500	-3477.711313685589
900000	-3466.0499641756905
900500	-3491.9940292422193
901000	-3484.2306586482123
901500	-3486.4778116892985
902000	-3475.4113244402483
902500	-3502.879995904921
903000	-3492.322095627145
903500	-3503.118283991395
904000	-3485.208842557516
904500	-3469.765210746399
905000	-3464.201534473367
905500	-3458.270676203857
906000	-3508.230750248407
906500	-3503.241917467904
907000	-3479.9645256959056
907500	-3477.817582231157
908000	-3481.9042504560953
908500	-3481.685756361075
909000	-3471.535641669157
909500	-3476.5628035178433
910000	-3457.5819207679947
910500	-3486.5843343066626
911000	-3478.8710369695987
911500	-3467.0098399165286
912000	-3484.374642623668
912500	-3496.4031706909477
913000	-3495.487947175971
913500	-3485.107411640447
914000	-3471.319087643045
914500	-3487.172402985275
915000	-3513.9841171987364
915500	-3496.0821397867317
916000	-3524.976642149283
916500	-3494.686457671024
917000	-3459.6788520794803
917500	-3474.072098328727
918000	-3490.0442866964045
918500	-3489.112888111057
919000	-3502.1955607413925
919500	-3512.2882317135777
920000	-3525.5380862020647
920500	-3510.3474156042566
921000	-3477.823891215547
921500	-3480.8970412508097
922000	-3500.5887398400287
922500	-3455.772588961395
923000	-3483.5506569484487
923500	-3527.4893971769147
924000	-3503.876560828654
924500	-3501.473667587287
925000	-3526.6914093724763
925500	-3536.8583191636376
926000	-3527.212838937605
926500	-3529.177972245902
927000	-3510.9853986808394
927500	-3504.506516178395
928000	-3481.1817467728283
928500	-3486.6401472858943
929000	-3503.4823646479335
929500	-3472.256240146558
930000	-3503.760076019025
930500	-3488.9315779539606
931000	-3481.595619801979
931500	-3487.303633522719
932000	-3487.5126088718375
932500	-3484.1514754509417
933000	-3499.43316869417
933500	-3521.1137941908123
934000	-3529.4121209679374
934500	-3481.50173988755
935000	-3511.120204251546
935500	-3484.5425444801576
936000	-3492.041432296764
936500	-3483.189222952134
937000	-3486.5271321480786
937500	-3478.3064747046287
938000	-3486.7211679124416
938500	-3489.9274278403686
939000	-3494.6437127012064
939500	-3488.89658896747
940000	-3481.6277962766158
940500	-3502.8931456867676
941000	-3494.7238785899344
941500	-3473.365268262335
942000	-3502.766582278077
942500	-3468.0725347495477
943000	-3505.591542885026
943500	-3497.5825350830705
944000	-3502.345236831413
944500	-3481.4144730348908
945000	-3486.217179365315
945500	-3461.4403172167813
946000	-3479.084994079523
946500	-3477.96231860057
947000	-3468.682429583683
947500	-3497.4293140159807
948000	-3485.3067438481867
948500	-3489.25681692741
949000	-3481.316576975635
949500	-3486.858753476079
950000	-3471.495357406588
950500	-3476.9727720196665
951000	-3450.149525252111
951500	-3464.758116233381
952000	-3494.126448785591
952500	-3520.2472603030433
953000	-3493.8065304550355
953500	-3499.700584237697
954000	-3511.782342018352
954500	-3493.8722380727736
955000	-3493.8631207049825
955500	-3489.1267855624883
956000	-3492.152908193695
956500	-3490.8219280178773
957000	-3489.4938022080073
957500	-3480.156801813592
958000	-3479.6618236196437
958500	-3504.4611057871866
959000	-3460.606135079704
959500	-3489.476846411467
960000	-3518.39377633341
960500	-3500.8402524234516
961000	-3506.30980693879
961500	-3521.7932740902897
962000	-3521.655642567658
962500	-3504.2940571977792
963000	-3540.744685458642
963500	-3497.5983931994633
964000	-3503.551164066325
964500	-3484.065936333879
965000	-3492.9654638728325
965500	-3510.873748997069
966000	-3495.744228853195
966500	-3473.770719632372
967000	-3488.425162501756
967500	-3500.6116876147516
968000	-3505.0404514068523
968500	-3502.651977979244
969000	-3464.657148751148
969500	-3490.1729091726856
970000	-3518.2089505988592
970500	-3516.6221313318556
971000	-3496.8488914860673
971500	-3500.186069410126
972000	-3469.3350149142684
972500	-3492.7064660333435
973000	-3489.0471345442334
973500	-3476.4280616309325
974000	-3493.176399908691
974500	-3484.621706780454
975000	-3473.3122423133605
975500	-3489.660275651287
976000	-3479.7118780327146
976500	-3465.2555409310994
977000	-3478.8552100154047
977500	-3485.5049075327374
978000	-3487.061287812016
978500	-3500.2276110740036
979000	-3492.882359521077
979500	-3501.0292622105167
980000	-3497.5661496749876
980500	-3492.3556244979945
981000	-3493.155732350305
981500	-3486.884268124612
982000	-3489.144924756253
982500	-3505.947731671237
983000	-3528.578043541241
983500	-3500.7673578645895
984000	-3486.299201004878
984500	-3509.1701662634764
985000	-3510.800354247682
985500	-3493.790647215048
986000	-3485.3773125037756
986500	-3492.0112377598593
987000	-3486.6384425629462
987500	-3498.01239390959
988000	-3507.0945656704907
988500	-3512.1850023270977
989000	-3516.9206414668934
989500	-3516.8482629911928
990000	-3479.2357195739432
990500	-3496.978989379271
991000	-3484.2898733378
991500	-3513.724156393669
992000	-3490.8993718346383
992500	-3521.3639162507216
993000	-3520.673827607445
993500	-3532.822929205514
994000	-3543.3803634618375
994500	-3523.289956568647
995000	-3508.253648229013
995500	-3498.287481570071
996000	-3525.6139670095895
996500	-3539.201184334294
997000	-3521.7120345979743
997500	-3535.350156318989
998000	-3528.1419295169353
998500	-3506.516540738548
999000	-3497.9996937217675
999500	-3466.275269499298
1000000	-3488.5065373879183
1000500	-3484.909836385201
1001000	-3481.087370768173
1001500	-3487.5384182762896
1002000	-3494.547332267123
1002500	-3496.156028912959
1003000	-3495.3612895230094
1003500	-3517.9704203317065
1004000	-3507.1719859206755
1004500	-3508.8377715099873
1005000	-3498.508041262731
1005500	-3492.885747206334
1006000	-3474.408369662121
1006500	-3494.055824651458
1007000	-3483.6210319717984
1007500	-3485.348151191577
1008000	-3476.8360868314485
1008500	-3502.654494912662
1009000	-3466.0460371004815
1009500	-3487.2456406027777
1010000	-3483.552031113972
1010500	-3491.5611543825344
1011000	-3482.032637045113
1011500	-3485.990751744509
1012000	-3488.1339183893438
1012500	-3486.2855494388086
1013000	-3470.9025234747255
1013500	-3485.7162354162233
1014000	-3498.436510574219
1014500	-3499.452457781875
1015000	-3506.2358999569856
1015500	-3504.1963341006776
1016000	-3489.4984674218895
1016500	-3505.1002582934852
1017000	-3491.4098119079526
1017500	-3489.0081516521695
1018000	-3498.8801963701103
1018500	-3502.0620886609636
1019000	-3498.5723380567492
1019500	-3475.491910236168
1020000	-3499.4977458372186
1020500	-3527.2312551191208
1021000	-3475.1515796313156
1021500	-3457.030331784652
1022000	-3463.072969520573
1022500	-3490.431037806265
1023000	-3492.3027151899473
1023500	-3477.69239463264
1024000	-3479.6823560694515
1024500	-3470.2505581839837
1025000	-3478.863733394805
1025500	-3500.085506958503
1026000	-3507.7400805505767
1026500	-3518.3135648908205
1027000	-3483.4830019912342
1027500	-3472.5579260431427
1028000	-3474.495281942707
1028500	-3508.0507001379265
1029000	-3513.8133008746604
1029500	-3489.945472326362
1030000	-3496.5455538809747
1030500	-3496.5455538809747
1031000	-3507.49611450367
1031500	-3494.987255738932
1032000	-3513.4541287674792
1032500	-3512.07610580325
1033000	-3533.8135162902436
1033500	-3563.9867638467076
1034000	-3514.98030780389
1034500	-3515.2785912011
1035000	-3500.1290653648184
1035500	-3497.900501743724
1036000	-3479.723221697145
1036500	-3487.198584956549
1037000	-3473.4996496577464
1037500	-3510.4698458429625
1038000	-3502.7721362766906
1038500	-3487.9316639399963
1039000	-3474.3095311815196
1039500	-3480.3945137592677
1040000	-3467.3832940245493
1040500	-3468.1428227710026
1041000	-3470.718778821298
1041500	-3465.2316196767724
1042000	-3499.619785746822
1042500	-3505.965559344159
1043000	-3520.602276368548
1043500	-3552.2823724614123
1044000	-3525.5537627279714
1044500	-3490.698802271762
1045000	-3501.004684346685
1045500	-3469.112537323134
1046000	-3470.902971514602
1046500	-3495.679969123572
1047000	-3459.9308023146823
1047500	-3482.231067280119
1048000	-3483.197978283812
1048500	-3477.3917512877747
1049000	-3477.0018705334965
1049500	-3501.8560474312712
1050000	-3491.232352914303
1050500	-3536.305900193918
1051000	-3488.2385756536005
1051500	-3484.5346475597926
1052000	-3502.2572938940757
1052500	-3477.577789516293
1053000	-3494.9654003326805
1053500	-3469.4142322785974
1054000	-3460.533433871217
1054500	-3454.412017980989
1055000	-3454.9571870160744
1055500	-3455.430010619213
1056000	-3475.4997471423267
1056500	-3492.479054897288
1057000	-3485.3590079561054
1057500	-3470.6997858046693
1058000	-3459.855293983569
1058500	-3477.951204460799
1059000	-3472.561433084351
1059500	-3489.654996923527
1060000	-3506.4591860518817
1060500	-3510.086129407805
1061000	-3492.2573604636664
1061500	-3511.3140774995877
1062000	-3548.4423275335525
1062500	-3527.523637503156
1063000	-3492.749446863972
1063500	-3465.2451137469307
1064000	-3478.33984632176
1064500	-3492.4134345712782
1065000	-3520.582001429616
1065500	-3505.8714486139806
1066000	-3495.152081984039
1066500	-3505.106566859373
1067000	-3470.149331025025
1067500	-3480.3238851301103
1068000	-3453.334112590772
1068500	-3459.287858246597
1069000	-3471.778950419838
1069500	-3445.701578149606
1070000	-3475.979339571388
1070500	-3475.54861161603
1071000	-3490.971607599986
1071500	-3479.090411955448
1072000	-3492.8900728440585
1072500	-3494.891878641997
1073000	-3504.615963823263
1073500	-3505.7886285712448
1074000	-3531.224851839641
1074500	-3531.0589701687936
1075000	-3514.146190321619
1075500	-3524.1954317318155
1076000	-3525.6838100709297
1076500	-3511.576357749615
1077000	-3527.201274677122
1077500	-3540.9695134619296
1078000	-3530.4240703467094
1078500	-3553.502363984266
1079000	-3515.908502093574
1079500	-3492.0641942529332
1080000	-3540.624310067783
1080500	-3495.6468066298435
1081000	-3476.246488221847
1081500	-3491.369328047637
1082000	-3475.6265254922628
1082500	-3465.4101293773706
1083000	-3482.9049048834377
1083500	-3493.1893571106607
1084000	-3501.0317566576646
1084500	-3484.304601718346
1085000	-3480.8022825259773
1085500	-3502.7589443545653
1086000	-3531.6013222551346
1086500	-3530.0758297366706
1087000	-3501.7966806099516
1087500	-3499.7521709958714
1088000	-3513.4318354261895
1088500	-3511.0475949074994
1089000	-3531.604050086184
1089500	-3516.337984377313
1090000	-3499.9079894343236
1090500	-3481.8185792127288
1091000	-3489.4729577017074
1091500	-3504.309454791348
1092000	-3523.203242563317
1092500	-3528.7518512147385
1093000	-3520.1329839304303
1093500	-3505.917634970083
1094000	-3488.9596082479325
1094500	-3501.5647314272733
1095000	-3487.4169757207433
1095500	-3493.372101782446
1096000	-3494.002135546163
1096500	-3489.7873599338855
1097000	-3474.677660376876
1097500	-3509.0936293352147
1098000	-3507.5257529211735
1098500	-3492.2291429069614
1099000	-3512.18146493824
1099500	-3495.9468442128373
1100000	-3507.228180902834
1100500	-3499.2806190528245
1101000	-3515.7656399742086
1101500	-3483.364141529611
1102000	-3480.994530594166
1102500	-3490.2286108161534
1103000	-3525.6601244027484
1103500	-3512.909715275849
1104000	-3497.599379248148
1104500	-3473.4307834264655
1105000	-3471.845387175295
1105500	-3494.2903832171864
1106000	-3502.078978700038
1106500	-3487.4411240338645
1107000	-3464.5422440442926
1107500	-3484.268075547106
1108000	-3490.095128888223
1108500	-3473.710588925447
1109000	-3491.171567495174
1109500	-3507.747891667357
1110000	-3503.7658078609525
1110500	-3497.973315026157
1111000	-3527.2556931450845
1111500	-3470.209816774388
1112000	-3489.8163282121463
1112500	-3511.624447851223
1113000	-3509.5134215112944
1113500	-3514.4081962551395
1114000	-3477.3815346032516
1114500	-3461.967103622695
1115000	-3477.7066998387872
1115500	-3499.974034365341
1116000	-3549.6869523940404
1116500	-3501.0166354532685
1117000	-3496.489854989844
1117500	-3492.0048086876645
1118000	-3528.3752740194777
1118500	-3496.7220904931314
1119000	-3486.0826919744372
1119500	-3476.2215408210013
1120000	-3480.8535492739675
1120500	-3505.22216245744
1121000	-3511.5637444603058
1121500	-3516.677404757428
1122000	-3505.967717838309
1122500	-3508.967566655028
1123000	-3520.752575630004
1123500	-3506.0933214919364
1124000	-3500.3292308203845
1124500	-3482.3414823038565
1125000	-3471.2412461355293
1125500	-3473.347176717306
1126000	-3482.895920707286
1126500	-3489.7524052592107
1127000	-3476.6522464620666
1127500	-3482.328847022174
1128000	-3491.32586021231
1128500	-3485.8685070810384
1129000	-3477.579557813587
1129500	-3484.6065915269164
1130000	-3470.091916876201
1130500	-3498.41248102266
1131000	-3517.1996268536013
1131500	-3504.1994646914404
1132000	-3491.9308607491944
1132500	-3496.876408843435
1133000	-3465.1795067677094
1133500	-3492.3150119522434
1134000	-3497.9336018424565
1134500	-3499.130362841377
1135000	-3513.1431664804813
1135500	-3495.964156225996
1136000	-3477.8458614821375
1136500	-3460.6003978045005
1137000	-3500.9321240935333
1137500	-3476.140985321299
1138000	-3457.4514867368057
1138500	-3468.5863278485795
1139000	-3510.1988376241516
1139500	-3478.5977886084765
1140000	-3501.3333014645827
1140500	-3490.0341177130945
1141000	-3486.0423119068882
1141500	-3503.245264194856
1142000	-3485.512037711083
1142500	-3482.3410103380447
1143000	-3484.161402609435
1143500	-3482.9240109364723
1144000	-3476.2597235326903
1144500	-3478.6046148144296
1145000	-3506.3709667824455
1145500	-3512.2451432345792
1146000	-3531.276352921983
1146500	-3522.623468309724
1147000	-3502.562071339664
1147500	-3523.2801205921864
1148000	-3528.1200478833425
1148500	-3517.165825553174
1149000	-3500.781162231887
1149500	-3499.2526474361907
1150000	-3507.449152964718
1150500	-3500.1760563848084
1151000	-3482.8765647509135
1151500	-3479.7229904891715
1152000	-3482.930073879231
1152500	-3486.191266197451
1153000	-3483.236904063817
1153500	-3506.5930530812698
1154000	-3483.244247129458
1154500	-3498.592793072754
1155000	-3498.0006786462977
1155500	-3499.1602691247363
1156000	-3487.6610358724374
1156500	-3481.7364603981914
1157000	-3487.6106017439215
1157500	-3469.0468536305398
1158000	-3470.732009756393
1158500	-3489.2667779368026
1159000	-3514.705948740252
1159500	-3505.9066088396116
1160000	-3476.19570322602
1160500	-3522.7247714303917
1161000	-3520.7859895222773
1161500	-3496.1572593004344
1162000	-3492.193951650453
1162500	-3467.7432535081953
1163000	-3493.6325766305604
1163500	-3519.6836654336344
1164000	-3479.5666155873996
1164500	-3477.5260131392865
1165000	-3464.9514952828454
1165500	-3483.887780156809
1166000	-3476.2231228248684
1166500	-3471.9541571001196
1167000	-3510.026538875213
1167500	-3487.637718483066
1168000	-3505.3836489120226
1168500	-3493.596259048567
1169000	-3519.547943503741
1169500	-3524.0245816336424
1170000	-3507.3655391782245
1170500	-3502.9269311792523
1171000	-3546.258343780265
1171500	-3532.0470531583896
1172000	-3532.2405247110114
1172500	-3528.572015681141
1173000	-3525.4312110004907
1173500	-3505.5003323826404
1174000	-3504.991257081957
1174500	-3494.5947157280693
1175000	-3527.239615008073
1175500	-3506.399582107008
1176000	-3509.7513293072398
1176500	-3503.4960651974648
1177000	-3496.243790365827
1177500	-3501.4996078256786
1178000	-3492.1915824007824
1178500	-3500.909469485425
1179000	-3516.07207833346
1179500	-3483.293483909932
1180000	-3492.9475680373785
1180500	-3484.2619391368844
1181000	-3512.427212701375
1181500	-3510.6563547522032
1182000	-3481.9377308712164
1182500	-3478.2740263347723
1183000	-3484.950944373284
1183500	-3475.197985767779
1184000	-3478.2760299903844
1184500	-3459.9063263613803
1185000	-3504.9674019633912
1185500	-3499.2996698254733
1186000	-3481.0026553156536
1186500	-3505.687533784354
1187000	-3495.8759424062505
1187500	-3485.9667314342414
1188000	-3511.435954762661
1188500	-3482.3832239552876
1189000	-3487.0055302715195
1189500	-3488.9486042131266
1190000	-3503.5817238535037
1190500	-3502.143402185466
1191000	-3480.4715209206524
1191500	-3485.4231068422328
1192000	-3462.0530513441704
1192500	-3481.2142416885317
1193000	-3532.363661332101
1193500	-3497.435358308335
1194000	-3488.135350712456
1194500	-3492.9783275401196
1195000	-3505.998574453291
1195500	-3505.753253567534
1196000	-3508.594593815007
1196500	-3507.352913593698
1197000	-3517.022919784902
1197500	-3499.2597115696476
1198000	-3505.172646226296
1198500	-3501.1680740427573
1199000	-3504.8105324261096
1199500	-3509.0447343752967
1200000	-3496.735185907287
1200500	-3498.350085320099
1201000	-3503.72699844895
1201500	-3536.9017558780956
1202000	-3539.9443959706196
1202500	-3548.072810976216
1203000	-3511.3460440525114
1203500	-3539.253654300358
1204000	-3549.0257896383355
1204500	-3512.4603625422055
1205000	-3510.5674622079096
1205500	-3484.839760924763
1206000	-3491.3269228081886
1206500	-3520.5351233073025
1207000	-3485.2695765603185
1207500	-3499.9561485317963
1208000	-3495.2994744952016
1208500	-3521.0157963085535
1209000	-3505.779917355338
1209500	-3536.6448168193447
1210000	-3508.864440641544
1210500	-3531.81902827086
1211000	-3515.7953446933852
1211500	-3512.391063231246
1212000	-3530.0640360465704
1212500	-3540.402087151101
1213000	-3520.8180467553075
1213500	-3543.1532559198927
1214000	-3497.4097342613904
1214500	-3494.3141135329943
1215000	-3527.1721628523237
1215500	-3538.8311755916084
1216000	-3542.094895243028
1216500	-3489.4390216967863
1217000	-3494.0508256082326
1217500	-3499.6985028765325
1218000	-3508.407344844648
1218500	-3544.2066294967894
1219000	-3530.467631378234
1219500	-3531.4676649993903
1220000	-3484.2756918336163
1220500	-3475.0671758272456
1221000	-3495.2637095094933
1221500	-3485.9900808124826
1222000	-3492.4365702837126
1222500	-3533.265557319958
1223000	-3494.8641920824043
1223500	-3512.4683995863993
1224000	-3498.57082286992
1224500	-3487.790833360042
1225000	-3512.749327218073
1225500	-3541.6803513678483
1226000	-3494.84710408764
1226500	-3521.2613254988196
1227000	-3514.828472294401
1227500	-3516.0249966899146
1228000	-3506.656956593313
1228500	-3491.717226642843
1229000	-3503.927373402615
1229500	-3516.130959345806
1230000	-3486.1303725000867
1230500	-3476.343169853465
1231000	-3484.351708699697
1231500	-3483.7111181902937
1232000	-3538.5907567405334
1232500	-3472.391807737373
1233000	-3491.05478536116
1233500	-3495.403193913812
1234000	-3519.999346047265
1234500	-3499.315195891871
1235000	-3534.13398614204
1235500	-3526.087693042224
1236000	-3529.3828861589877
1236500	-3515.9754043187945
1237000	-3501.0648152050667
1237500	-3512.3924013448077
1238000	-3528.3527554365915
1238500	-3528.7019958764877
1239000	-3559.1826849957374
1239500	-3529.495373088254
1240000	-3515.0082809478945
1240500	-3469.419742391934
1241000	-3498.0703184717677
1241500	-3503.1436146174647
1242000	-3511.9775963449206
1242500	-3511.099005268361
1243000	-3516.7680237588534
1243500	-3483.9804601067926
1244000	-3491.5826819860213
1244500	-3499.116302245896
1245000	-3491.128523200828
1245500	-3498.3022887571415
1246000	-3498.9907652705688
1246500	-3498.183445023742
1247000	-3479.4934000251965
1247500	-3495.7140863022246
1248000	-3474.6717713792386
1248500	-3489.5168139424254
1249000	-3499.5179853854343
1249500	-3488.000409627952
1250000	-3461.617310034084
1250500	-3497.859075343474
1251000	-3478.6980386463306
1251500	-3524.566123781743
1252000	-3508.52233887189
1252500	-3489.837837614136
1253000	-3515.2373247322184
1253500	-3475.111462630657
1254000	-3500.423070832446
1254500	-3482.1298680535347
1255000	-3468.1937648020303
1255500	-3491.0095311659907
1256000	-3447.2447553297775
1256500	-3481.6077963198695
1257000	-3474.7106365292743
1257500	-3467.0907301983784
1258000	-3478.1234315387173
1258500	-3475.337261221039
1259000	-3498.0311869593534
1259500	-3484.9433063665547
1260000	-3481.4990029143187
1260500	-3464.64397529565
1261000	-3488.8686137156424
1261500	-3497.3604903091327
1262000	-3457.0809271600656
1262500	-3470.179687958481
1263000	-3482.3041377863938
1263500	-3466.7345240044915
1264000	-3493.098018053417
1264500	-3491.054541336325
1265000	-3466.5704183653775
1265500	-3470.6689308684577
1266000	-3490.1741918065304
1266500	-3473.2435941723515
1267000	-3495.493344827825
1267500	-3482.285460231232
1268000	-3481.743921673768
1268500	-3481.800197411689
1269000	-3488.6098043300703
1269500	-3492.559915021394
1270000	-3482.714315284793
1270500	-3489.3073852510306
1271000	-3509.2700049659366
1271500	-3480.083710414068
1272000	-3484.835786704603
1272500	-3493.6200539288056
1273000	-3487.9874361360107
1273500	-3480.479405175971
1274000	-3490.8986574995843
1274500	-3495.9316886179563
1275000	-3474.5032594084764
1275500	-3503.451584352724
1276000	-3492.4763690808386
1276500	-3502.409862242346
1277000	-3491.1291073670454
1277500	-3515.288059228937
1278000	-3491.561085252528
1278500	-3502.8580046765787
1279000	-3488.2487958069837
1279500	-3516.9181429613436
1280000	-3496.3278842913805
1280500	-3503.2244855978106
1281000	-3534.36930309463
1281500	-3506.510570209591
1282000	-3526.687822458401
1282500	-3526.541405423254
1283000	-3517.6542544723166
1283500	-3531.0564895175576
1284000	-3501.7630594904604
1284500	-3493.8283556096576
1285000	-3526.2464829700025
1285500	-3524.0559677591273
1286000	-3502.8914107141463
1286500	-3521.894075824946
1287000	-3505.533365202187
1287500	-3495.0096983652875
1288000	-3505.669644266555
1288500	-3528.6288454768996
1289000	-3490.8505431120507
1289500	-3497.7557431388645
1290000	-3519.9816853771345
1290500	-3494.6562199027903
1291000	-3484.930067204643
1291500	-3504.9072284850563
1292000	-3481.5998078683465
1292500	-3507.3748261478127
1293000	-3492.9669136862076
1293500	-3492.50925808225
1294000	-3504.824871634291
1294500	-3487.1881197692346
1295000	-3479.0451906193075
1295500	-3522.9167868881955
1296000	-3522.8222673408686
1296500	-3494.410228792475
1297000	-3484.034085640049
1297500	-3485.973421222603
1298000	-3488.5550818322995
1298500	-3486.560237772249
1299000	-3506.441609435948
1299500	-3482.6782058472863
1300000	-3505.148864372996
1300500	-3484.186979018569
1301000	-3512.527949542246
1301500	-3484.777046183614
1302000	-3515.259696988031
1302500	-3461.8807784851506
1303000	-3514.1179080084958
1303500	-3479.134455583662
1304000	-3503.68792497957
1304500	-3515.0695986989363
1305000	-3513.026064689627
1305500	-3472.5523732680413
1306000	-3472.90239351758
1306500	-3452.6616412674784
1307000	-3476.5470118507674
1307500	-3506.22514269401
1308000	-3502.7849923293234
1308500	-3464.0047743989603
1309000	-3467.9936685873095
1309500	-3473.4056652703025
1310000	-3478.288409687675
1310500	-3491.3314131732095
1311000	-3504.9376040123184
1311500	-3480.918524823651
1312000	-3484.8315946775465
1312500	-3510.320068545785
1313000	-3512.5151466618504
1313500	-3517.3039775156485
1314000	-3535.812173398886
1314500	-3501.4836140310513
1315000	-3479.9573516256305
1315500	-3484.813241000634
1316000	-3477.2772323412346
1316500	-3494.0206292341613
1317000	-3496.8877971393376
1317500	-3481.264784067612
1318000	-3466.06918880566
1318500	-3449.4148551995713
1319000	-3458.712456271616
1319500	-3470.084863936106
1320000	-3451.30081889016
1320500	-3455.736500667881
1321000	-3476.402091971732
1321500	-3475.011385790744
1322000	-3483.2890821686246
1322500	-3484.9414649344744
1323000	-3493.301337096001
1323500	-3464.00950476354
1324000	-3489.4963557007904
1324500	-3460.270113311292
1325000	-3471.6310785816545
1325500	-3491.9245077956007
1326000	-3473.8152155214284
1326500	-3475.7896523148165
1327000	-3487.103407015972
1327500	-3507.194736557646
1328000	-3494.6778779792153
1328500	-3500.6237738062514
1329000	-3513.1896539845793
1329500	-3498.620479464728
1330000	-3479.3166128240537
1330500	-3469.297328934397
1331000	-3482.860368470386
1331500	-3487.487878830284
1332000	-3472.250506079186
1332500	-3464.120258924007
1333000	-3491.9637525034204
1333500	-3473.690152277171
1334000	-3508.9372184079316
1334500	-3483.4967035829773
1335000	-3483.3189456320806
1335500	-3518.8193455696955
1336000	-3531.2774502836587
1336500	-3522.7935825039326
1337000	-3535.938986444351
1337500	-3527.023965757618
1338000	-3536.507509463844
1338500	-3519.43986717846
1339000	-3537.034282296162
1339500	-3513.521137989387
1340000	-3518.027176987669
1340500	-3511.2552020009452
1341000	-3511.377322800033
1341500	-3505.165990151154
1342000	-3509.274220600715
1342500	-3505.151816820107
1343000	-3524.1660339003265
1343500	-3513.744689587042
1344000	-3496.237019575253
1344500	-3531.7377447482595
1345000	-3501.020894420652
1345500	-3478.6200844371497
1346000	-3525.8290127814666
1346500	-3554.3684632617133
1347000	-3538.3919208103325
1347500	-3526.073026373433
1348000	-3538.0557350117147
1348500	-3502.0660344086373
1349000	-3500.5778145661593
1349500	-3489.9811175967193
1350000	-3501.011552825121
1350500	-3534.8687806889043
1351000	-3512.8257896664572
1351500	-3519.0500726075147
1352000	-3518.448802275332
1352500	-3512.402544696755
1353000	-3551.499232379896
1353500	-3532.838593539105
1354000	-3505.7233496758827
1354500	-3537.6318692918458
1355000	-3527.882525831679
1355500	-3546.2771304270987
1356000	-3539.076665867949
1356500	-3566.962734243923
1357000	-3562.861802560251
1357500	-3551.6949055107452
1358000	-3543.1707004597292
1358500	-3532.6358392594666
1359000	-3542.458600032407
1359500	-3558.192796466806
1360000	-3525.643099749987
1360500	-3524.817451050098
1361000	-3530.7331540417413
1361500	-3514.9529203841626
1362000	-3553.060768407957
1362500	-3540.087013250301
1363000	-3557.09233949803
1363500	-3511.937250234402
1364000	-3529.0556489988276
1364500	-3539.0767658936875
1365000	-3506.416457949278
1365500	-3511.211199560558
1366000	-3520.4312667277577
1366500	-3520.018672522872
1367000	-3533.553761104241
1367500	-3528.9626233287668
1368000	-3519.5220402518808
1368500	-3517.465482752624
1369000	-3506.002650604426
1369500	-3497.014392075968
1370000	-3525.634413555498
1370500	-3535.390915272822
1371000	-3507.3773859924213
1371500	-3497.3254698284454
1372000	-3471.3615004157045
1372500	-3483.258963934074
1373000	-3475.2912048222724
1373500	-3514.317926890024
1374000	-3500.99745519621
1374500	-3496.4720423604576
1375000	-3512.722636722537
1375500	-3529.8192812526086
1376000	-3518.90776836789
1376500	-3508.0340480140294
1377000	-3504.7694861902023
1377500	-3522.4153690568965
1378000	-3542.6617326024866
1378500	-3505.91017203611
1379000	-3524.6487552662675
1379500	-3545.4483313817723
1380000	-3522.3723525633845
1380500	-3515.4118046770377
1381000	-3513.7767418346953
1381500	-3503.2068650136207
1382000	-3491.748704288619
1382500	-3516.6325120616466
1383000	-3522.073882144251
1383500	-3519.7799629701676
1384000	-3488.5046032966306
1384500	-3477.9644632886298
1385000	-3486.0528949861164
1385500	-3503.4927484272275
1386000	-3509.357185484967
1386500	-3500.0588764307013
1387000	-3509.9525054619885
1387500	-3527.5359163269604
1388000	-3482.252189049852
1388500	-3502.297810224907
1389000	-3488.108154291012
1389500	-3503.0229280179856
1390000	-3517.963563242782
1390500	-3507.7271102402638
1391000	-3499.4853763621554
1391500	-3500.0255275570553
1392000	-3535.707455290518
1392500	-3513.213498109759
1393000	-3528.4713448610987
1393500	-3493.367058168937
1394000	-3497.4568770975543
1394500	-3499.3596051367313
1395000	-3498.0318008452377
1395500	-3503.643951261965
1396000	-3507.9741687800256
1396500	-3540.582844388066
1397000	-3559.398571964659
1397500	-3513.776159390581
1398000	-3514.8439380237382
1398500	-3539.6269090593373
1399000	-3514.8295484401533
1399500	-3525.8533598272506
1400000	-3552.9879071574787
1400500	-3529.3652469684207
1401000	-3511.1894826176554
1401500	-3519.6476728401476
1402000	-3496.386514770506
1402500	-3506.228934065579
1403000	-3526.4906643079685
1403500	-3526.6408755890047
1404000	-3517.547174030178
1404500	-3518.6639621428526
1405000	-3542.8073154787244
1405500	-3525.8470019278343
1406000	-3546.716893734411
1406500	-3530.786228486066
1407000	-3528.48244903078
1407500	-3554.468787578524
1408000	-3582.171832179917
1408500	-3576.526210914565
1409000	-3560.4451025631683
1409500	-3566.813477549374
1410000	-3551.0251062801835
1410500	-3539.726185790976
1411000	-3569.8628443453017
1411500	-3530.2850539593064
1412000	-3493.43719930944
1412500	-3504.503688257606
1413000	-3492.202166777512
1413500	-3509.936884742297
1414000	-3490.519472890127
1414500	-3503.119289141645
1415000	-3533.6867678303634
1415500	-3546.264153956092
1416000	-3551.7989829603052
1416500	-3531.2076685902766
1417000	-3506.633620097507
1417500	-3491.8642515181778
1418000	-3543.3073455129743
1418500	-3504.3980958811967
1419000	-3505.588709192071
1419500	-3502.305599405958
1420000	-3497.3380688259144
1420500	-3470.610593504995
1421000	-3497.1243322516098
1421500	-3481.887173786919
1422000	-3517.0174426360404
1422500	-3505.639738061593
1423000	-3493.965534138226
1423500	-3459.020838656918
1424000	-3492.88371916133
1424500	-3490.865586019088
1425000	-3542.7033840514177
1425500	-3519.709959443191
1426000	-3542.311563685882
1426500	-3514.0389074238656
1427000	-3541.163681669816
1427500	-3497.977554079332
1428000	-3488.672906220414
1428500	-3475.055305511372
1429000	-3523.279751366517
1429500	-3505.332212304214
1430000	-3516.33028756716
1430500	-3522.0869203010957
1431000	-3513.5315667480086
1431500	-3501.874743184074
1432000	-3515.533870484245
1432500	-3512.5678036317427
1433000	-3540.338523972557
1433500	-3527.6376619578523
1434000	-3496.8366005002854
1434500	-3505.135314450064
1435000	-3500.6619376731182
1435500	-3514.28828328122
1436000	-3514.5125594073556
1436500	-3517.5684527636977
1437000	-3523.051748835214
1437500	-3496.6381989035926
1438000	-3512.052506958722
1438500	-3498.7776031166163
1439000	-3539.8216727606214
1439500	-3511.441218550171
1440000	-3531.8689613884344
1440500	-3480.263505536785
1441000	-3494.7879597729184
1441500	-3502.3443649245387
1442000	-3518.0304482625597
1442500	-3486.675185742662
1443000	-3517.9953666057904
1443500	-3503.104564599557
1444000	-3486.1239735612553
1444500	-3507.6208711415134
1445000	-3472.60040023893
1445500	-3474.7917554321807
1446000	-3497.6419419849653
1446500	-3483.503313577909
1447000	-3475.6851526786463
1447500	-3522.3555175802494
1448000	-3498.372938302112
1448500	-3513.1788497766465
1449000	-3501.8281208533367
1449500	-3513.2501540855646
1450000	-3504.4190201552738
1450500	-3488.0741575683737
1451000	-3497.612514402635
1451500	-3479.150850617971
1452000	-3529.8282256657963
1452500	-3481.4573028695986
1453000	-3474.5911451931056
1453500	-3473.885254158789
1454000	-3492.762612261753
1454500	-3509.369620148067
1455000	-3500.6596144026685
1455500	-3512.669808822352
1456000	-3490.6219279207094
1456500	-3478.8069055638707
1457000	-3492.8003274542884
1457500	-3505.8776576846185
1458000	-3529.9941732597704
1458500	-3516.2365473984128
1459000	-3510.341722455686
1459500	-3512.4656365788956
1460000	-3514.1297075114912
1460500	-3508.4322582892732
1461000	-3508.8909948491164
1461500	-3517.6910012545554
1462000	-3510.3623440367924
1462500	-3495.365560857811
1463000	-3497.8660737007654
1463500	-3503.92245936473
1464000	-3494.922317636343
1464500	-3491.737119220327
1465000	-3509.2394284552797
1465500	-3492.260489941312
1466000	-3513.600231633216
1466500	-3511.369683336502
1467000	-3516.4424172496642
1467500	-3511.347436295247
1468000	-3511.536205336295
1468500	-3513.0065021269243
1469000	-3502.360637535852
1469500	-3547.7456686392193
1470000	-3522.2589432041163
1470500	-3548.5675560437066
1471000	-3497.236155895742
1471500	-3508.384208069847
1472000	-3509.633969271976
1472500	-3515.5022664882817
1473000	-3518.829081469657
1473500	-3494.421360978566
1474000	-3494.5593047291727
1474500	-3494.787656124644
1475000	-3481.114308560556
1475500	-3496.2111337999618
1476000	-3496.9300839196553
1476500	-3523.615070212339
1477000	-3504.9828389716263
1477500	-3526.5814783322885
1478000	-3492.3374638612077
1478500	-3477.327405028731
1479000	-3494.327883853589
1479500	-3503.6900497822553
1480000	-3525.653480978764
1480500	-3523.8950705648417
1481000	-3531.7992134299984
1481500	-3507.362696173614
1482000	-3531.182042008868
1482500	-3497.038979245865
1483000	-3496.066861248052
1483500	-3502.246391434088
1484000	-3483.506220148676
1484500	-3502.9273427827497
1485000	-3508.3113749013855
1485500	-3514.6476734935704
1486000	-3531.6266110893635
1486500	-3501.9559247984876
1487000	-3502.7769117409107
1487500	-3507.0061717783483
1488000	-3510.14234962634
1488500	-3528.046960683581
1489000	-3507.981544335224
1489500	-3506.8948467414375
1490000	-3522.989534762035
1490500	-3489.717741613437
1491000	-3482.1446895250483
1491500	-3505.613437063985
1492000	-3492.4541559081404
1492500	-3508.4418099421505
1493000	-3494.625208119983
1493500	-3513.6117929089455
1494000	-3523.308500397242
1494500	-3515.3493040340736
1495000	-3510.3857996884426
1495500	-3515.347741363781
1496000	-3465.230568666404
1496500	-3475.780238818196
1497000	-3476.89898843031
1497500	-3502.860213050508
1498000	-3500.32251747386
1498500	-3488.311045831824
1499000	-3505.1480815815617
1499500	-3534.422446186374
1500000	-3506.330154564051
