Sample	likelihood
0	-6449.466071353185
500	-6449.466071353185
1000	-6449.466071353185
1500	-6449.466071353184
2000	-6449.466071353184
2500	-6449.466071353184
3000	-6449.466071353184
3500	-6449.466071353184
4000	-6449.466071353184
4500	-6449.466071353184
5000	-7071.210577749716
5500	-7071.210577749716
6000	-7071.210577749716
6500	-7071.210577749716
7000	-7071.210577749716
7500	-7718.702564307486
8000	-7718.702564307486
8500	-7718.702564307486
9000	-7718.702564307486
9500	-7718.702564307486
10000	-7718.702564307486
10500	-7718.702564307486
11000	-7718.702564307486
11500	-8688.346048233465
12000	-7846.920414012243
12500	-7846.920414012243
13000	-7846.920414012243
13500	-7379.020139362256
14000	-7379.020139362256
14500	-7379.020139362256
15000	-7379.020139362256
15500	-7797.030057954791
16000	-7797.030057954791
16500	-7797.030057954791
17000	-7797.030057954791
17500	-7797.030057954791
18000	-7797.030057954791
18500	-7797.030057954791
19000	-7797.030057954791
19500	-7797.030057954791
20000	-7797.030057954791
20500	-6418.921572310787
21000	-6418.921572310787
21500	-6418.921572310787
22000	-6418.921572310787
22500	-6418.921572310785
23000	-6418.921572310779
23500	-6418.921572310779
24000	-6418.921572310779
24500	-6418.921572310779
25000	-6418.921572310779
25500	-6418.921572310779
26000	-6418.921572310779
26500	-6418.921572310777
27000	-6418.921572310777
27500	-6418.921572310777
28000	-6418.921572310777
28500	-6418.921572310777
29000	-6418.921572310777
29500	-6418.921572310777
30000	-6418.921572310777
30500	-6418.921572310777
31000	-6418.921572310777
31500	-6418.921572310777
32000	-6418.921572310777
32500	-6418.921572310777
33000	-6418.9215723107845
33500	-6418.921572310775
34000	-6418.921572310775
34500	-7703.230836821399
35000	-7703.230836821399
35500	-7703.230836821401
36000	-7703.230836821401
36500	-7703.230836821401
37000	-7703.230836821401
37500	-7703.230836821401
38000	-7703.230836821406
38500	-7041.668885772131
39000	-7041.668885772131
39500	-7041.668885772131
40000	-7041.668885772131
40500	-7041.668885772131
41000	-7041.668885772131
41500	-7041.668885772131
42000	-7041.668885772131
42500	-7041.668885772131
43000	-7041.668885772131
43500	-7041.668885772131
44000	-7041.668885772131
44500	-7041.668885772131
45000	-7041.668885772131
45500	-7041.668885772131
46000	-7041.668885772131
46500	-7041.668885772131
47000	-7041.668885772131
47500	-7041.668885772131
48000	-7041.668885772131
48500	-7041.668885772131
49000	-7041.668885772131
49500	-7041.668885772131
50000	-7041.668885772131
50500	-7041.668885772131
51000	-7041.668885772131
51500	-7041.668885772131
52000	-7317.295136716018
52500	-7317.295136716018
53000	-7317.295136716018
53500	-7317.295136716018
54000	-8949.878691072123
54500	-8949.878691072123
55000	-8949.878691072123
55500	-7898.348636756622
56000	-7898.348636756622
56500	-6613.809311237466
57000	-6613.809311237466
57500	-6613.809311237466
58000	-6613.809311237466
58500	-6613.809311237466
59000	-6613.809311237466
59500	-6613.809311237466
60000	-6613.809311237466
60500	-7279.242080623641
61000	-7279.242080623641
61500	-7279.242080623641
62000	-7522.593057149938
62500	-7522.593057149938
63000	-7522.593057149938
63500	-7522.593057149938
64000	-7522.593057149938
64500	-7522.593057149938
65000	-7522.593057149938
65500	-7522.593057149938
66000	-7522.593057149938
66500	-7522.593057149938
67000	-7522.593057149938
67500	-7522.593057149937
68000	-7522.59305714994
68500	-7522.59305714994
69000	-7522.59305714994
69500	-7522.59305714994
70000	-7522.59305714994
70500	-7522.59305714994
71000	-7522.59305714994
71500	-7522.59305714994
72000	-7522.59305714994
72500	-7522.59305714994
73000	-7522.59305714994
73500	-7522.59305714994
74000	-7522.59305714994
74500	-7522.59305714994
75000	-7522.59305714994
75500	-7522.59305714994
76000	-7522.5930571499375
76500	-7522.5930571499375
77000	-7522.5930571499375
77500	-7522.5930571499375
78000	-7522.5930571499375
78500	-7522.59305714994
79000	-7522.59305714994
79500	-7522.59305714994
80000	-7522.59305714994
80500	-7522.59305714994
81000	-7522.59305714994
81500	-7522.59305714994
82000	-7522.59305714994
82500	-7522.59305714994
83000	-6759.754445785546
83500	-6759.754445785546
84000	-6759.754445785546
84500	-6759.754445785546
85000	-6759.754445785546
85500	-6759.754445785546
86000	-6759.754445785546
86500	-6759.754445785546
87000	-6759.754445785546
87500	-6759.754445785546
88000	-6759.754445785546
88500	-6759.754445785546
89000	-6759.754445785545
89500	-6759.754445785545
90000	-6759.754445785545
90500	-6759.754445785545
91000	-6759.754445785545
91500	-6759.754445785545
92000	-7024.790143890201
92500	-7024.790143890201
93000	-7024.790143890201
93500	-7024.790143890201
94000	-7024.790143890201
94500	-7024.790143890201
95000	-7024.790143890201
95500	-7024.790143890201
96000	-7024.790143890201
96500	-7024.790143890201
97000	-7024.790143890201
97500	-7024.790143890201
98000	-7024.790143890201
98500	-7024.790143890201
99000	-8125.18259443191
99500	-8125.18259443191
100000	-8125.18259443191
100500	-8125.18259443191
101000	-8125.18259443191
101500	-6507.464429515334
102000	-6507.464429515334
102500	-6507.464429515334
103000	-6507.464429515334
103500	-6507.464429515334
104000	-6507.464429515334
104500	-6507.464429515334
105000	-6507.464429515334
105500	-6507.464429515334
106000	-6507.464429515334
106500	-6507.464429515334
107000	-6507.464429515334
107500	-7610.21666685518
108000	-7610.21666685518
108500	-7610.21666685518
109000	-7610.21666685518
109500	-7610.21666685518
110000	-7610.2166668551845
110500	-7610.2166668551845
111000	-7610.2166668551845
111500	-7610.2166668551845
112000	-7610.2166668551845
112500	-6405.483478122978
113000	-6405.483478122978
113500	-6405.48347812298
114000	-6405.48347812298
114500	-6405.48347812298
115000	-6405.48347812298
115500	-6405.48347812298
116000	-6405.48347812298
116500	-6405.48347812298
117000	-6405.48347812298
117500	-6405.48347812298
118000	-6405.48347812298
118500	-6405.48347812298
119000	-6405.48347812298
119500	-6405.48347812298
120000	-6405.483478122978
120500	-6405.483478122978
121000	-6405.483478122978
121500	-6405.483478122978
122000	-6405.483478122978
122500	-6405.483478122978
123000	-6405.483478122978
123500	-6405.483478122978
124000	-6405.483478122978
124500	-6405.483478122978
125000	-6405.483478122978
125500	-6405.483478122978
126000	-6405.483478122978
126500	-6405.483478122978
127000	-6405.48347812298
127500	-6405.4834781229765
128000	-6405.4834781229765
128500	-6405.4834781229765
129000	-6405.4834781229765
129500	-6405.483478122978
130000	-6405.483478122978
130500	-6405.483478122978
131000	-6405.483478122978
131500	-6405.483478122978
132000	-6405.483478122978
132500	-6405.483478122978
133000	-6405.483478122978
133500	-6405.483478122978
134000	-6405.483478122978
134500	-6405.483478122978
135000	-6405.483478122978
135500	-6405.483478122978
136000	-6405.483478122978
136500	-6405.483478122978
137000	-6405.483478122978
137500	-6405.483478122978
138000	-6405.483478122978
138500	-6405.483478122978
139000	-6405.483478122978
139500	-6405.483478122978
140000	-6405.483478122978
140500	-6405.483478122978
141000	-6405.483478122978
141500	-6405.483478122978
142000	-6405.483478122978
142500	-6405.483478122978
143000	-6405.483478122978
143500	-6405.483478122978
144000	-6405.4834781229765
144500	-6405.4834781229765
145000	-6405.4834781229765
145500	-6405.4834781229765
146000	-6405.4834781229765
146500	-6405.4834781229765
147000	-6405.4834781229765
147500	-6405.4834781229765
148000	-6405.4834781229765
148500	-6405.4834781229765
149000	-6405.4834781229765
149500	-6405.4834781229765
150000	-6405.4834781229765
150500	-6405.4834781229765
151000	-6405.4834781229765
151500	-6405.4834781229765
152000	-6405.4834781229765
152500	-6405.483478122978
153000	-6405.483478122978
153500	-6405.483478122978
154000	-6405.483478122978
154500	-6405.483478122978
155000	-6405.483478122978
155500	-6405.4834781229765
156000	-6405.4834781229765
156500	-7527.621121466167
157000	-7527.621121466167
157500	-7527.621121466167
158000	-6995.631927168911
158500	-6995.631927168911
159000	-6995.631927168911
159500	-6995.631927168911
160000	-6995.631927168911
160500	-6995.631927168911
161000	-6995.631927168911
161500	-6995.631927168912
162000	-6995.631927168912
162500	-6995.631927168912
163000	-6995.631927168912
163500	-6995.631927168912
164000	-6995.631927168912
164500	-6995.631927168912
165000	-6995.631927168912
165500	-6995.631927168912
166000	-6995.631927168911
166500	-6995.631927168911
167000	-6995.631927168911
167500	-6995.631927168911
168000	-6995.631927168911
168500	-6995.631927168911
169000	-6995.631927168911
169500	-6995.631927168911
170000	-6995.631927168911
170500	-6995.631927168911
171000	-6995.631927168911
171500	-6995.631927168911
172000	-6995.631927168911
172500	-6995.631927168911
173000	-6995.631927168911
173500	-6995.631927168911
174000	-6995.631927168911
174500	-6995.631927168911
175000	-6995.631927168911
175500	-6995.631927168911
176000	-6995.631927168911
176500	-6995.631927168911
177000	-6995.631927168911
177500	-6995.631927168911
178000	-6995.631927168911
178500	-6995.631927168911
179000	-6995.631927168911
179500	-6995.631927168911
180000	-6995.631927168911
180500	-6995.631927168911
181000	-6995.631927168911
181500	-7394.087859781607
182000	-7394.087859781607
182500	-7394.087859781607
183000	-7394.087859781607
183500	-7394.087859781607
184000	-7394.087859781607
184500	-7394.087859781607
185000	-7394.087859781607
185500	-7394.087859781607
186000	-7394.087859781607
186500	-7394.087859781607
187000	-7394.087859781607
187500	-7394.087859781607
188000	-7394.087859781607
188500	-7394.087859781607
189000	-9038.526763404203
189500	-9038.526763404203
190000	-9038.526763404203
190500	-9038.526763404203
191000	-9038.526763404203
191500	-9038.526763404203
192000	-9038.526763404203
192500	-9038.526763404203
193000	-9038.526763404203
193500	-9038.526763404203
194000	-8386.988406587909
194500	-8386.988406587909
195000	-8386.988406587909
195500	-8386.988406587909
196000	-8386.988406587909
196500	-8386.988406587909
197000	-8386.988406587909
197500	-6507.33642790988
198000	-6507.33642790988
198500	-6507.33642790988
199000	-6507.33642790988
199500	-6507.33642790988
200000	-8310.578595881554
200500	-8310.578595881554
201000	-8310.578595881554
201500	-8310.578595881554
202000	-8310.578595881554
202500	-8310.578595881554
203000	-8310.578595881554
203500	-8310.578595881554
204000	-8310.578595881554
204500	-8310.578595881554
205000	-8310.578595881554
205500	-8310.578595881554
206000	-8310.578595881554
206500	-9949.057605468483
207000	-9949.057605468483
207500	-9949.057605468483
208000	-9949.057605468483
208500	-9949.057605468483
209000	-9949.057605468483
209500	-9949.057605468483
210000	-9949.057605468483
210500	-9949.057605468483
211000	-9949.057605468483
211500	-9949.05760546848
212000	-9949.05760546848
212500	-9949.05760546848
213000	-9949.05760546848
213500	-9949.05760546848
214000	-9949.05760546848
214500	-9949.05760546848
215000	-9949.05760546848
215500	-9949.05760546848
216000	-7663.583294616517
216500	-7663.583294616517
217000	-7663.583294616517
217500	-7663.583294616517
218000	-7663.583294616517
218500	-7663.583294616517
219000	-7663.583294616517
219500	-7663.583294616517
220000	-7663.583294616517
220500	-7663.583294616517
221000	-7663.583294616517
221500	-7663.583294616517
222000	-7663.583294616517
222500	-7663.583294616517
223000	-7663.583294616517
223500	-7663.583294616517
224000	-7663.583294616517
224500	-7663.583294616517
225000	-7663.583294616517
225500	-7663.583294616517
226000	-7663.583294616517
226500	-7663.583294616517
227000	-7663.583294616517
227500	-7663.583294616517
228000	-7663.583294616517
228500	-7663.583294616517
229000	-7663.583294616517
229500	-7663.583294616517
230000	-7663.583294616517
230500	-7663.583294616517
231000	-7663.583294616517
231500	-7663.583294616517
232000	-6702.812848791948
232500	-6702.812848791948
233000	-6702.812848791948
233500	-6702.812848791948
234000	-6702.812848791948
234500	-6702.812848791948
235000	-6702.812848791948
235500	-6702.812848791948
236000	-6702.812848791948
236500	-6702.812848791948
237000	-6702.812848791948
237500	-6702.812848791948
238000	-6702.812848791948
238500	-6702.812848791948
239000	-6702.812848791949
239500	-6702.812848791948
240000	-6702.81284879195
240500	-6702.81284879195
241000	-6702.81284879195
241500	-6702.81284879195
242000	-6702.81284879195
242500	-6702.81284879195
243000	-6702.81284879195
243500	-6702.81284879195
244000	-6702.81284879195
244500	-6702.81284879195
245000	-6702.81284879195
245500	-6702.81284879195
246000	-6702.81284879195
246500	-6702.81284879195
247000	-6702.812848791949
247500	-6702.812848791949
248000	-6702.812848791949
248500	-6702.812848791949
249000	-6702.812848791949
249500	-8441.475144012158
250000	-8441.475144012158
250500	-8441.475144012158
251000	-7078.514510293468
251500	-7078.514510293468
252000	-7078.514510293468
252500	-7078.514510293468
253000	-7078.514510293468
253500	-7078.514510293468
254000	-7078.514510293468
254500	-7078.514510293468
255000	-7078.514510293468
255500	-7078.514510293468
256000	-7078.514510293468
256500	-7078.514510293468
257000	-7078.51451029347
257500	-7078.51451029347
258000	-7078.51451029347
258500	-7078.51451029347
259000	-7078.51451029347
259500	-7078.51451029347
260000	-7078.51451029347
260500	-7078.51451029347
261000	-7078.51451029347
261500	-7078.51451029347
262000	-7078.51451029347
262500	-7078.51451029347
263000	-7078.51451029347
263500	-7078.51451029347
264000	-7078.514510293468
264500	-7078.514510293468
265000	-7078.514510293468
265500	-7078.514510293468
266000	-7078.514510293468
266500	-7078.514510293468
267000	-7078.514510293468
267500	-7078.514510293468
268000	-7078.514510293468
268500	-7078.514510293468
269000	-7078.514510293468
269500	-7078.514510293468
270000	-7078.514510293468
270500	-7078.514510293468
271000	-7078.514510293468
271500	-7078.514510293468
272000	-7078.514510293468
272500	-7078.514510293468
273000	-7078.51451029347
273500	-7078.51451029347
274000	-7078.51451029347
274500	-7078.51451029347
275000	-7078.51451029347
275500	-7078.51451029347
276000	-7078.51451029347
276500	-7078.51451029347
277000	-7078.51451029347
277500	-7078.51451029347
278000	-7078.51451029347
278500	-7078.51451029347
279000	-7078.51451029347
279500	-7078.51451029347
280000	-7078.51451029347
280500	-7078.51451029347
281000	-7078.51451029347
281500	-7078.51451029347
282000	-7078.51451029347
282500	-7078.51451029347
283000	-7078.51451029347
283500	-7078.51451029347
284000	-7078.51451029347
284500	-7078.51451029347
285000	-7078.514510293468
285500	-7078.514510293468
286000	-7078.514510293468
286500	-7078.514510293468
287000	-7078.514510293468
287500	-7078.514510293468
288000	-7078.514510293468
288500	-7078.514510293468
289000	-7078.514510293468
289500	-7078.514510293468
290000	-7078.514510293468
290500	-7078.514510293468
291000	-7078.514510293468
291500	-7078.514510293468
292000	-7078.514510293468
292500	-7078.514510293468
293000	-7078.514510293468
293500	-7078.514510293468
294000	-7078.514510293468
294500	-7078.514510293468
295000	-7078.514510293468
295500	-7078.514510293468
296000	-7078.514510293468
296500	-7078.514510293468
297000	-7078.514510293468
297500	-7078.514510293468
298000	-7078.514510293468
298500	-7078.514510293468
299000	-7078.514510293468
299500	-7078.514510293468
300000	-7078.514510293468
300500	-7078.514510293468
301000	-7078.514510293468
301500	-7078.514510293468
302000	-7078.514510293468
302500	-7078.514510293468
303000	-7078.514510293468
303500	-7078.514510293468
304000	-7078.514510293468
304500	-7078.514510293468
305000	-7078.514510293468
305500	-7078.514510293468
306000	-7078.514510293468
306500	-7078.514510293468
307000	-6398.649784272468
307500	-6398.649784272468
308000	-6398.649784272468
308500	-6398.649784272468
309000	-6398.649784272468
309500	-6398.649784272468
310000	-6398.649784272468
310500	-6398.649784272468
311000	-6398.649784272468
311500	-6398.649784272468
312000	-6398.649784272468
312500	-6398.649784272468
313000	-6398.649784272468
313500	-6398.649784272468
314000	-6398.649784272468
314500	-6398.649784272468
315000	-6398.649784272468
315500	-6398.649784272468
316000	-6398.649784272468
316500	-6398.649784272468
317000	-6398.649784272468
317500	-6398.649784272468
318000	-6398.649784272468
318500	-6398.649784272468
319000	-6398.649784272468
319500	-6398.6497842724675
320000	-6398.6497842724675
320500	-6398.6497842724675
321000	-6398.6497842724675
321500	-6398.6497842724675
322000	-6398.6497842724675
322500	-6398.6497842724675
323000	-6398.6497842724675
323500	-6398.6497842724675
324000	-6398.6497842724675
324500	-6398.6497842724675
325000	-6398.6497842724675
325500	-6398.6497842724675
326000	-6398.6497842724675
326500	-6398.649784272468
327000	-6398.649784272468
327500	-6398.649784272468
328000	-6398.649784272468
328500	-6398.649784272468
329000	-6398.649784272468
329500	-6398.649784272468
330000	-6398.649784272468
330500	-6398.649784272468
331000	-6398.649784272468
331500	-6398.649784272468
332000	-6398.649784272468
332500	-6398.649784272468
333000	-6398.649784272468
333500	-6398.649784272468
334000	-6398.649784272468
334500	-6398.649784272468
335000	-6398.649784272468
335500	-6398.649784272468
336000	-6398.649784272468
336500	-6398.649784272468
337000	-6398.649784272468
337500	-6398.649784272468
338000	-6398.649784272468
338500	-6398.649784272468
339000	-6398.649784272468
339500	-6398.649784272468
340000	-6398.649784272468
340500	-6398.6497842724675
341000	-6398.6497842724675
341500	-6398.649784272468
342000	-6398.649784272468
342500	-6398.649784272468
343000	-6398.649784272468
343500	-6398.6497842724675
344000	-6398.6497842724675
344500	-6398.6497842724675
345000	-6398.6497842724675
345500	-6398.6497842724675
346000	-6398.649784272468
346500	-6398.649784272468
347000	-6398.649784272468
347500	-6398.649784272468
348000	-6398.649784272468
348500	-6398.649784272468
349000	-6398.649784272468
349500	-6398.6497842724675
350000	-6398.6497842724675
350500	-6398.6497842724675
351000	-6398.6497842724675
351500	-6398.6497842724675
352000	-6398.6497842724675
352500	-6398.6497842724675
353000	-6398.6497842724675
353500	-6398.6497842724675
354000	-6398.6497842724675
354500	-6398.6497842724675
355000	-6398.6497842724675
355500	-6398.6497842724675
356000	-6398.6497842724675
356500	-6398.6497842724675
357000	-6398.6497842724675
357500	-6398.6497842724675
358000	-6398.6497842724675
358500	-6398.6497842724675
359000	-6398.6497842724675
359500	-6398.6497842724675
360000	-6398.6497842724675
360500	-6398.649784272468
361000	-6398.649784272468
361500	-6398.649784272468
362000	-6398.649784272468
362500	-7423.033036644991
363000	-7423.033036644991
363500	-7423.033036644991
364000	-7423.03303664499
364500	-7423.03303664499
365000	-7423.03303664499
365500	-7423.03303664499
366000	-7423.03303664499
366500	-7423.03303664499
367000	-7423.03303664499
367500	-7423.03303664499
368000	-7423.03303664499
368500	-7423.03303664499
369000	-7423.03303664499
369500	-7423.03303664499
370000	-7423.03303664499
370500	-7423.03303664499
371000	-6678.320738331938
371500	-6678.320738331939
372000	-6678.320738331938
372500	-6678.320738331939
373000	-6678.320738331937
373500	-6678.320738331939
374000	-6678.320738331939
374500	-6678.320738331939
375000	-6678.320738331942
375500	-7747.324305497847
376000	-7747.324305497847
376500	-7747.324305497847
377000	-7747.324305497847
377500	-7747.324305497847
378000	-7747.324305497847
378500	-7747.324305497847
379000	-6475.6961807937005
379500	-6475.6961807937005
380000	-6475.6961807937005
380500	-6475.6961807937005
381000	-6475.696180793699
381500	-6475.696180793699
382000	-6475.696180793699
382500	-6475.696180793699
383000	-6475.696180793699
383500	-6475.696180793699
384000	-6475.696180793699
384500	-6475.696180793699
385000	-6475.696180793699
385500	-6475.696180793699
386000	-6475.696180793699
386500	-6475.696180793699
387000	-7171.393219178726
387500	-7171.393219178726
388000	-7171.393219178726
388500	-7171.393219178726
389000	-7171.393219178726
389500	-7171.393219178726
390000	-7171.393219178726
390500	-7171.393219178726
391000	-7171.393219178726
391500	-7171.393219178726
392000	-7171.393219178726
392500	-7171.393219178726
393000	-7171.393219178726
393500	-7171.393219178726
394000	-7171.393219178726
394500	-7171.393219178726
395000	-7171.393219178726
395500	-7171.393219178726
396000	-7171.393219178726
396500	-7171.393219178726
397000	-7171.393219178726
397500	-7171.393219178726
398000	-7171.393219178726
398500	-7171.393219178726
399000	-7171.393219178726
399500	-7171.393219178726
400000	-7171.393219178726
400500	-7171.393219178727
401000	-7171.393219178727
401500	-7171.393219178727
402000	-7171.393219178727
402500	-7171.393219178727
403000	-7171.393219178727
403500	-7171.393219178727
404000	-7171.393219178727
404500	-7171.393219178727
405000	-7171.393219178727
405500	-7171.393219178727
406000	-8141.684045667776
406500	-6462.425240483582
407000	-6462.425240483582
407500	-6462.425240483582
408000	-6462.425240483582
408500	-6462.425240483582
409000	-6462.425240483582
409500	-7867.381913193523
410000	-7867.381913193523
410500	-7867.381913193523
411000	-7867.381913193523
411500	-7867.381913193523
412000	-7867.381913193523
412500	-7867.381913193523
413000	-7867.381913193523
413500	-7867.381913193523
414000	-7867.381913193523
414500	-6400.290130188958
415000	-6400.290130188958
415500	-6400.290130188958
416000	-6400.290130188958
416500	-6400.290130188958
417000	-6400.290130188958
417500	-6400.290130188958
418000	-6400.290130188958
418500	-6400.290130188958
419000	-6400.290130188958
419500	-6400.290130188958
420000	-6400.290130188958
420500	-6400.290130188959
421000	-6400.290130188957
421500	-6400.290130188959
422000	-6400.290130188959
422500	-6400.290130188959
423000	-6400.290130188959
423500	-6400.290130188959
424000	-6400.290130188959
424500	-6400.290130188959
425000	-6400.290130188959
425500	-6400.290130188959
426000	-6400.290130188959
426500	-6400.290130188959
427000	-6400.290130188959
427500	-6400.290130188959
428000	-6400.290130188959
428500	-6400.290130188959
429000	-6400.290130188959
429500	-6400.290130188959
430000	-6400.290130188959
430500	-6400.290130188959
431000	-6400.290130188959
431500	-6400.290130188959
432000	-6400.290130188959
432500	-6400.290130188959
433000	-6400.290130188959
433500	-6400.290130188958
434000	-6400.290130188958
434500	-6400.290130188958
435000	-6400.290130188958
435500	-6400.290130188958
436000	-6400.290130188958
436500	-6400.290130188959
437000	-6400.290130188959
437500	-6400.290130188959
438000	-6400.290130188958
438500	-6400.290130188958
439000	-6400.290130188958
439500	-6400.290130188958
440000	-6400.290130188958
440500	-6400.290130188958
441000	-6400.290130188958
441500	-6400.290130188958
442000	-6400.290130188957
442500	-6400.290130188957
443000	-6400.290130188957
443500	-6400.290130188957
444000	-6400.290130188957
444500	-6400.290130188957
445000	-6400.290130188957
445500	-6400.290130188957
446000	-6400.290130188957
446500	-6400.290130188957
447000	-6400.290130188957
447500	-6400.290130188957
448000	-6400.290130188957
448500	-6400.290130188957
449000	-6400.290130188957
449500	-6400.290130188957
450000	-6400.290130188957
450500	-6400.290130188957
451000	-6400.290130188957
451500	-6400.290130188957
452000	-6400.290130188957
452500	-6400.290130188957
453000	-6400.290130188957
453500	-6400.290130188957
454000	-6400.290130188957
454500	-6400.290130188957
455000	-6400.290130188959
455500	-6400.290130188959
456000	-6400.290130188959
456500	-6400.290130188959
457000	-6400.290130188959
457500	-6400.290130188959
458000	-6400.290130188959
458500	-6400.290130188959
459000	-6400.290130188959
459500	-6400.290130188959
460000	-6400.290130188959
460500	-6400.290130188959
461000	-6400.290130188959
461500	-6400.290130188959
462000	-6400.290130188959
462500	-6400.290130188959
463000	-6400.290130188959
463500	-6400.290130188959
464000	-6400.290130188959
464500	-6400.290130188959
465000	-6400.290130188959
465500	-6400.290130188959
466000	-6400.290130188959
466500	-8753.545738648529
467000	-8753.545738648529
467500	-8753.545738648529
468000	-8753.545738648529
468500	-8753.545738648529
469000	-8753.545738648527
469500	-8753.545738648529
470000	-8753.545738648527
470500	-8753.545738648527
471000	-8753.545738648527
471500	-7110.819042935935
472000	-7110.819042935935
472500	-7110.819042935935
473000	-7110.819042935935
473500	-7110.819042935935
474000	-7110.819042935935
474500	-7110.819042935935
475000	-7110.819042935935
475500	-7110.819042935935
476000	-7110.819042935935
476500	-7110.819042935935
477000	-7110.819042935935
477500	-7110.819042935935
478000	-7110.819042935935
478500	-7110.819042935935
479000	-8651.33187284863
479500	-8651.33187284863
480000	-6938.66599032531
480500	-6938.66599032531
481000	-6938.66599032531
481500	-6938.66599032531
482000	-6938.66599032531
482500	-6938.66599032531
483000	-6938.66599032531
483500	-6938.66599032531
484000	-6938.66599032531
484500	-6938.66599032531
485000	-6938.66599032531
485500	-6938.66599032531
486000	-6938.66599032531
486500	-6938.66599032531
487000	-6938.66599032531
487500	-6938.66599032531
488000	-6938.66599032531
488500	-6938.66599032531
489000	-6938.66599032531
489500	-6938.66599032531
490000	-6938.66599032531
490500	-6938.66599032531
491000	-6938.66599032531
491500	-6938.66599032531
492000	-6938.66599032531
492500	-6938.66599032531
493000	-6938.66599032531
493500	-6938.66599032531
494000	-6938.66599032531
494500	-6938.66599032531
495000	-6938.66599032531
495500	-6938.66599032531
496000	-6938.66599032531
496500	-6938.66599032531
497000	-6938.66599032531
497500	-6938.66599032531
498000	-6938.66599032531
498500	-6938.66599032531
499000	-6938.66599032531
499500	-6938.665990325309
500000	-6938.665990325309
