Sample	likelihood
0	-3440.412452080124
500	-3431.543627124988
1000	-3430.000923261983
1500	-3426.7497787287284
2000	-3441.4934690958958
2500	-3446.5600197016156
3000	-3439.9482880274054
3500	-3439.9430405260855
4000	-3443.8712878876754
4500	-3438.1666603966505
5000	-3432.248749222453
5500	-3434.710514435576
6000	-3435.3132607772422
6500	-3445.534224715051
7000	-3435.7271658672435
7500	-3432.2287716217966
8000	-3432.8156702690026
8500	-3450.5370290485102
9000	-3428.301145480709
9500	-3436.6534230747366
10000	-3446.1310229882547
10500	-3442.1414173689504
11000	-3439.475876234605
11500	-3447.9001465866895
12000	-3435.9644013883826
12500	-3433.249055974446
13000	-3440.0795404603045
13500	-3452.977825801118
14000	-3432.566526928951
14500	-3449.185143595017
15000	-3431.6374875642955
15500	-3459.419696499106
16000	-3448.3285586454135
16500	-3447.753165981306
17000	-3455.3928127355734
17500	-3435.827860090828
18000	-3450.6710978212204
18500	-3439.468506218627
19000	-3434.2895849663796
19500	-3447.2116350357805
20000	-3438.7500612661397
20500	-3445.044831544177
21000	-3457.7862440905733
21500	-3458.5362828663788
22000	-3462.92875399715
22500	-3460.97328832756
23000	-3446.8686546974095
23500	-3443.2541115262306
24000	-3447.736442927649
24500	-3444.336384078755
25000	-3433.873713355345
25500	-3440.569412735581
26000	-3446.9654357170716
26500	-3457.5491926453656
27000	-3447.2974665933693
27500	-3446.609984529613
28000	-3439.132172439822
28500	-3450.39492287216
29000	-3443.252799503037
29500	-3448.767686342524
30000	-3446.563620142887
30500	-3429.8620885834393
31000	-3439.9867677493044
31500	-3439.8924359601237
32000	-3436.1089978104906
32500	-3439.7033348757654
33000	-3439.968558322211
33500	-3432.8259246038815
34000	-3453.7088426779906
34500	-3452.2532986515325
35000	-3440.7771805518623
35500	-3439.2726938343408
36000	-3436.274714024326
36500	-3443.14547623663
37000	-3445.8775193960664
37500	-3443.08775331194
38000	-3447.892919326953
38500	-3440.2511709804344
39000	-3455.3146788389
39500	-3442.3815301943587
40000	-3463.6491422606687
40500	-3460.4073797024907
41000	-3458.46016153304
41500	-3446.558054918114
42000	-3441.472297160719
42500	-3435.4042820258546
43000	-3444.554150098277
43500	-3442.9606050959555
44000	-3447.715300269882
44500	-3451.208073646982
45000	-3464.4832356360403
45500	-3448.470417440706
46000	-3467.1051809184164
46500	-3451.945428325333
47000	-3451.6667274355004
47500	-3454.2752368053266
48000	-3458.2244101163124
48500	-3426.620435227472
49000	-3436.549759791972
49500	-3426.267100587724
50000	-3435.5504885625237
50500	-3434.9509758176155
51000	-3440.4568676618674
51500	-3447.2782994113672
52000	-3455.558070953045
52500	-3455.0624936336485
53000	-3459.5356649036466
53500	-3449.3891391294064
54000	-3457.20596934238
54500	-3447.17279176897
55000	-3465.6573117192297
55500	-3445.3072082756607
56000	-3448.924472046953
56500	-3455.999962055497
57000	-3452.8375250906956
57500	-3444.4237874633695
58000	-3463.34023209333
58500	-3438.3816708575405
59000	-3439.9374090651927
59500	-3439.3019802765125
60000	-3452.6731056056356
60500	-3438.780256306571
61000	-3442.169550694659
61500	-3439.489383303966
62000	-3438.5283834056754
62500	-3453.667427317049
63000	-3432.2919596374472
63500	-3436.874820654115
64000	-3437.991079433804
64500	-3438.9442352260558
65000	-3456.424730446374
65500	-3464.3993041586555
66000	-3444.8053837790476
66500	-3434.7479876983507
67000	-3436.129219073431
67500	-3439.14918163572
68000	-3444.117743355155
68500	-3456.879717146266
69000	-3453.8833865078686
69500	-3457.0382156103738
70000	-3451.9754962481898
70500	-3473.749598964497
71000	-3451.0586050101383
71500	-3450.277315961456
72000	-3455.2586640622535
72500	-3446.1088530884786
73000	-3450.472665434711
73500	-3463.2929815105454
74000	-3440.4224756739563
74500	-3448.040196328187
75000	-3439.680227383536
75500	-3440.072473216916
76000	-3463.45389425363
76500	-3462.8937366323657
77000	-3443.03080839685
77500	-3454.10070725004
78000	-3448.248379613982
78500	-3431.3535146428508
79000	-3437.221516371078
79500	-3444.9495367714558
80000	-3456.053854439171
80500	-3456.6911000810146
81000	-3446.056117524241
81500	-3438.5658099105394
82000	-3456.7031310707307
82500	-3442.4959896327064
83000	-3446.980703130337
83500	-3437.048137975976
84000	-3441.5083516251752
84500	-3446.758712294932
85000	-3458.3843041435334
85500	-3457.666848139916
86000	-3458.012452102066
86500	-3463.2025332242547
87000	-3448.5259368100083
87500	-3442.249194385375
88000	-3449.868573015758
88500	-3451.413207682767
89000	-3441.9510643566446
89500	-3444.4591040407236
90000	-3446.1164134566598
90500	-3440.2409647176237
91000	-3440.4010487650976
91500	-3440.319838840851
92000	-3450.3757909450946
92500	-3444.5736020427576
93000	-3446.2549238424117
93500	-3434.029653213458
94000	-3440.96061066382
94500	-3436.4595846364864
95000	-3451.9274513825567
95500	-3436.0827756373233
96000	-3430.9641473195165
96500	-3442.2658988766952
97000	-3447.3775252134988
97500	-3424.9361132266663
98000	-3434.574507000539
98500	-3439.2739524568033
99000	-3433.0228527598724
99500	-3435.000237872216
100000	-3447.203092371305
100500	-3437.894285324304
101000	-3455.079480972238
101500	-3436.9647165251563
102000	-3432.97018764461
102500	-3439.3550910287227
103000	-3440.2719100460286
103500	-3437.5984839136386
104000	-3428.976019267396
104500	-3445.1323111494607
105000	-3434.9521190940313
105500	-3443.6947785384305
106000	-3444.998636279024
106500	-3429.0188019388634
107000	-3440.553148194294
107500	-3445.9023745209047
108000	-3432.1240937212697
108500	-3435.207123325207
109000	-3444.081318480249
109500	-3426.5383363263823
110000	-3439.363071037518
110500	-3452.6952201111194
111000	-3448.264689536564
111500	-3445.62905182623
112000	-3435.950546144746
112500	-3448.334872419561
113000	-3442.284068594333
113500	-3431.571421978706
114000	-3443.8462879239796
114500	-3463.4337852803465
115000	-3463.6976372858694
115500	-3452.1062290310333
116000	-3446.1677487338648
116500	-3448.3483629907532
117000	-3438.785241987346
117500	-3437.1871030556727
118000	-3459.936082449057
118500	-3455.962698736761
119000	-3442.106721186736
119500	-3447.9688943733127
120000	-3462.7516890475677
120500	-3449.233460876023
121000	-3435.438621771537
121500	-3436.6673220121193
122000	-3433.43118848752
122500	-3436.6481423116684
123000	-3435.414821688579
123500	-3438.055270798135
124000	-3442.4010236034233
124500	-3439.517535702428
125000	-3437.610831150152
125500	-3435.0185267708084
126000	-3442.625215839466
126500	-3424.0114980454937
127000	-3430.89833577656
127500	-3431.1197541042407
128000	-3450.8892271878167
128500	-3434.4638394175995
129000	-3439.7366742891663
129500	-3438.474734089516
130000	-3437.895413463177
130500	-3438.7424696137955
131000	-3454.1473474812515
131500	-3449.1847882611823
132000	-3440.579766008208
132500	-3443.3740253795722
133000	-3433.7872492250385
133500	-3435.750251451676
134000	-3449.288253817727
134500	-3431.905278592227
135000	-3457.567168750521
135500	-3434.6768847498806
136000	-3444.4522606480373
136500	-3431.2559723822733
137000	-3439.4895253744403
137500	-3436.988276324808
138000	-3439.205765831968
138500	-3442.422576890715
139000	-3444.3450101552944
139500	-3432.069530871541
140000	-3457.693807891209
140500	-3439.6310626036525
141000	-3443.132939512296
141500	-3431.935171652676
142000	-3429.502669881269
142500	-3435.732233865329
143000	-3453.3273223053993
143500	-3451.2116298493816
144000	-3445.9780193092424
144500	-3463.794939347701
145000	-3435.811955972869
145500	-3445.1263026737647
146000	-3432.288345259702
146500	-3448.868738235303
147000	-3452.1704873165386
147500	-3441.2828765783415
148000	-3439.253300854241
148500	-3445.3729608658555
149000	-3452.155262238166
149500	-3451.121150875307
150000	-3459.0485490439105
150500	-3438.8919348062573
151000	-3445.612889919235
151500	-3437.427074820259
152000	-3452.7848696835217
152500	-3446.0811253245647
153000	-3443.3854298952756
153500	-3437.6696382596333
154000	-3449.0596783569827
154500	-3440.643055192615
155000	-3430.4617799468115
155500	-3441.1773106069627
156000	-3439.0702366850123
156500	-3432.8048497176687
157000	-3443.082814521643
157500	-3446.644174868962
158000	-3436.3615231610606
158500	-3448.0337604156266
159000	-3430.6638127968845
159500	-3430.5638723721218
160000	-3441.551416636825
160500	-3436.396912935391
161000	-3442.7636824697242
161500	-3435.2858329764767
162000	-3435.100844067256
162500	-3429.899049623994
163000	-3448.877017831945
163500	-3455.150784140824
164000	-3440.6581506459006
164500	-3440.426416053906
165000	-3444.587045081216
165500	-3430.208248339718
166000	-3467.918381516168
166500	-3446.5004248886694
167000	-3441.5731813760144
167500	-3434.0663536297893
168000	-3443.693488231722
168500	-3436.0493940138826
169000	-3432.1638937699463
169500	-3423.379694380755
170000	-3432.575336254995
170500	-3445.1912923728346
171000	-3448.648861073487
171500	-3445.197332386994
172000	-3441.67008952214
172500	-3428.964166777195
173000	-3426.7598737369626
173500	-3431.8882689406346
174000	-3453.5778131502425
174500	-3441.252551077299
175000	-3439.6287978741634
175500	-3448.6173964393734
176000	-3446.450704425891
176500	-3442.3355074184656
177000	-3442.165871124647
177500	-3452.653088529981
178000	-3437.451607051843
178500	-3431.4806926529527
179000	-3436.5991603133075
179500	-3455.5654931973013
180000	-3433.323590323798
180500	-3430.415892040406
181000	-3446.1994022298063
181500	-3440.7982156239386
182000	-3437.9990940260604
182500	-3444.582538360741
183000	-3454.1331800012886
183500	-3460.587447665589
184000	-3429.682438701553
184500	-3424.2410646071708
185000	-3429.012303748847
185500	-3437.695875245555
186000	-3452.468166085663
186500	-3465.069266485156
187000	-3436.1052830208646
187500	-3434.808440676643
188000	-3433.9234548121785
188500	-3436.3026853782344
189000	-3435.4909128815575
189500	-3443.362929304758
190000	-3452.7013470063735
190500	-3426.338562984471
191000	-3428.1497450338215
191500	-3441.0984396186527
192000	-3438.3372776271804
192500	-3448.5719462597563
193000	-3436.7380610268606
193500	-3427.3713159591525
194000	-3435.9875623713033
194500	-3436.0919772066695
195000	-3445.1756007182594
195500	-3433.5142716350792
196000	-3441.0816394904946
196500	-3441.705438748965
197000	-3435.40492064456
197500	-3436.9142014043946
198000	-3445.251614724963
198500	-3438.513372991592
199000	-3446.670055095417
199500	-3445.479402156121
200000	-3449.9572051598843
200500	-3443.17969117751
201000	-3444.04115146555
201500	-3452.1879749417685
202000	-3431.9527530425585
202500	-3438.704566446645
203000	-3443.489416971133
203500	-3441.4056573841294
204000	-3439.7756510818162
204500	-3453.1696312854365
205000	-3436.214613820118
205500	-3422.2750501121695
206000	-3433.095779931496
206500	-3432.2204246303795
207000	-3437.015609223307
207500	-3459.48312313768
208000	-3437.2331410357556
208500	-3452.0433133854804
209000	-3444.4022617152127
209500	-3445.0548700684044
210000	-3437.391016346512
210500	-3458.1465002385626
211000	-3435.58899149417
211500	-3438.9192508950196
212000	-3435.995806972112
212500	-3442.3654723440723
213000	-3450.5719971478475
213500	-3436.6794903119485
214000	-3446.2792488983982
214500	-3447.785335154696
215000	-3433.329838177811
215500	-3440.0341018471768
216000	-3436.0709053178243
216500	-3443.409076829164
217000	-3431.177869424353
217500	-3441.8937831653125
218000	-3466.8472185961277
218500	-3467.795777320763
219000	-3447.2988875633187
219500	-3442.9655704412203
220000	-3454.7295573580427
220500	-3445.5066241394293
221000	-3441.361605932596
221500	-3452.3109646156863
222000	-3443.9585142450596
222500	-3444.7402947183314
223000	-3445.8923059474814
223500	-3437.2538601708798
224000	-3437.581974253417
224500	-3438.507060096908
225000	-3444.482202481875
225500	-3436.9356683953847
226000	-3456.2727543877204
226500	-3436.5584225978405
227000	-3473.4749425698087
227500	-3454.6975304098423
228000	-3457.4706474221252
228500	-3450.0036631053135
229000	-3446.898690840768
229500	-3453.8484823338154
230000	-3440.906867031168
230500	-3440.6776605790637
231000	-3437.0457555270596
231500	-3467.249794675917
232000	-3463.265101524304
232500	-3442.3797007521475
233000	-3444.245788361509
233500	-3455.9923608541894
234000	-3460.008372651489
234500	-3460.9394742846807
235000	-3451.338888767518
235500	-3445.436450770165
236000	-3424.272780824194
236500	-3442.2147108898453
237000	-3445.196606287961
237500	-3439.044905669015
238000	-3430.8942679740485
238500	-3441.164762658602
239000	-3448.58794109868
239500	-3454.179582766241
240000	-3454.434388238315
240500	-3457.259403692068
241000	-3463.3264180220945
241500	-3450.1671136770988
242000	-3437.8312699079975
242500	-3438.0560214521433
243000	-3438.910968046621
243500	-3433.834055861957
244000	-3436.38412576966
244500	-3443.4780298452893
245000	-3447.3416511388805
245500	-3460.894689641394
246000	-3452.1026900514407
246500	-3441.157884003605
247000	-3435.4286804440967
247500	-3437.759474185471
248000	-3436.0823851401487
248500	-3445.7089202006664
249000	-3455.3195212926826
249500	-3432.088273734124
250000	-3428.9353915079178
250500	-3447.6174767475745
251000	-3455.868074748187
251500	-3451.0477535408977
252000	-3449.830925562932
252500	-3453.7848587852454
253000	-3452.824538643707
253500	-3433.4323729254984
254000	-3429.533860680225
254500	-3441.9879577595193
255000	-3449.9358606454225
255500	-3433.169891445154
256000	-3436.475015235602
256500	-3439.6616609180764
257000	-3437.378915675744
257500	-3447.2677276428785
258000	-3441.76893237826
258500	-3446.2430387021723
259000	-3453.8966940771948
259500	-3448.2197445482866
260000	-3448.6401486632712
260500	-3439.839150321986
261000	-3443.6504247116573
261500	-3438.4383451090926
262000	-3437.695958003856
262500	-3427.8974323866055
263000	-3438.398352427744
263500	-3433.284165772066
264000	-3443.4088192675054
264500	-3435.945801497684
265000	-3446.4224163128893
265500	-3456.716342495142
266000	-3453.8938784974225
266500	-3441.977341734307
267000	-3452.4943622765854
267500	-3455.3589420631342
268000	-3465.560477284697
268500	-3454.681679123214
269000	-3463.8930368537553
269500	-3461.8715749135526
270000	-3462.963182256042
270500	-3459.8465941364275
271000	-3457.0231938306806
271500	-3445.2371470247163
272000	-3451.4895252366637
272500	-3442.323209160923
273000	-3429.923130495214
273500	-3437.23848454538
274000	-3433.3099318427444
274500	-3448.4563326957027
275000	-3456.772753023968
275500	-3461.085510983614
276000	-3471.212316378959
276500	-3469.5124719754463
277000	-3455.5859532711534
277500	-3451.267404424103
278000	-3447.8308022781434
278500	-3456.4693865199984
279000	-3434.5999881000653
279500	-3446.1939597099454
280000	-3444.079213005231
280500	-3441.2542080896983
281000	-3437.032871119841
281500	-3442.595631066815
282000	-3431.626394634605
282500	-3433.6979333482714
283000	-3444.158867429893
283500	-3442.733481347934
284000	-3448.7194777925997
284500	-3444.1101426095433
285000	-3454.6561473179313
285500	-3443.1685054843506
286000	-3438.40758462922
286500	-3439.9405112215272
287000	-3451.0028097849745
287500	-3458.185434321404
288000	-3458.321089624237
288500	-3445.492323729642
289000	-3435.6687488996404
289500	-3433.141995480217
290000	-3426.751950087394
290500	-3430.8664942004953
291000	-3437.1033466847216
291500	-3451.1624357652513
292000	-3435.8303935055783
292500	-3436.505447960771
293000	-3451.173844180764
293500	-3436.451651977635
294000	-3444.160575360533
294500	-3437.310386024761
295000	-3451.5085328475393
295500	-3448.0595556288513
296000	-3436.080213888673
296500	-3434.6621482093997
297000	-3432.3688367201466
297500	-3434.4811776451506
298000	-3433.9880694947815
298500	-3444.2622836104115
299000	-3458.6193916494435
299500	-3454.489714904739
300000	-3435.3142459547144
300500	-3448.1115980616223
301000	-3439.878666942354
301500	-3421.973239546101
302000	-3433.1243004866283
302500	-3442.6724328357045
303000	-3443.891791354826
303500	-3440.486826817954
304000	-3462.742578880964
304500	-3463.4203813319446
305000	-3468.4323725142735
305500	-3453.0562077405484
306000	-3444.225941846592
306500	-3434.638664603396
307000	-3446.235077520909
307500	-3442.2263552527243
308000	-3443.1859077373865
308500	-3444.5801689834902
309000	-3437.0559432202535
309500	-3464.8159985555217
310000	-3460.87337266595
310500	-3442.582676625371
311000	-3434.2419107278474
311500	-3450.8777472990423
312000	-3439.0472266050574
312500	-3429.980578093506
313000	-3442.6404522753555
313500	-3456.566576179786
314000	-3440.623065388019
314500	-3438.734502253764
315000	-3434.2697698507686
315500	-3431.261090245023
316000	-3447.7905146014323
316500	-3439.1679755669597
317000	-3441.322651126292
317500	-3449.346971971941
318000	-3431.040212029243
318500	-3456.151706476692
319000	-3453.3221582563606
319500	-3445.753252559481
320000	-3443.4915070931343
320500	-3423.5282271894935
321000	-3449.5748483006405
321500	-3451.7419487682096
322000	-3430.451383976902
322500	-3433.7013539970726
323000	-3434.7064561108364
323500	-3434.249482428793
324000	-3437.8834376859973
324500	-3448.6728711246815
325000	-3433.810382104165
325500	-3433.5438804664386
326000	-3437.328805461971
326500	-3435.88714938142
327000	-3438.2188970238262
327500	-3439.4973693634934
328000	-3426.532311185001
328500	-3437.710591963441
329000	-3453.4771397777067
329500	-3442.362092173758
330000	-3462.8240144840693
330500	-3451.4466654493986
331000	-3455.8909846708184
331500	-3446.0640237591406
332000	-3427.2329052421333
332500	-3435.1801270764945
333000	-3427.9982231864874
333500	-3430.1959934227284
334000	-3465.402397414498
334500	-3444.02602763769
335000	-3431.3298518986694
335500	-3427.1459384864625
336000	-3443.3556826635877
336500	-3445.5469550110265
337000	-3443.9891594628475
337500	-3439.108434909455
338000	-3435.9432268302617
338500	-3433.7513435018077
339000	-3434.2741275703293
339500	-3445.833945098894
340000	-3457.058714578756
340500	-3448.546669821234
341000	-3444.996467924759
341500	-3445.9391733803664
342000	-3440.0422756693424
342500	-3443.2416227933777
343000	-3448.8747774078483
343500	-3446.8981987038883
344000	-3433.7911104837685
344500	-3445.290196602342
345000	-3436.733963433237
345500	-3430.558830829325
346000	-3441.6238126900253
346500	-3444.027919175829
347000	-3459.8813022502127
347500	-3444.9268823042366
348000	-3447.3805019783754
348500	-3450.994092176523
349000	-3444.995933415583
349500	-3438.380348898858
350000	-3441.8274236145717
350500	-3448.2742170801776
351000	-3455.326081102055
351500	-3457.773667282467
352000	-3442.8704487882546
352500	-3465.061605145074
353000	-3464.083775749829
353500	-3452.6050705118605
354000	-3445.332114869913
354500	-3448.563136503546
355000	-3447.4563550252674
355500	-3437.669633841903
356000	-3441.138943008408
356500	-3445.454046187385
357000	-3446.6730911378168
357500	-3448.04219385167
358000	-3449.963360213721
358500	-3453.1519107528725
359000	-3453.079575251457
359500	-3438.726884075664
360000	-3460.389336886839
360500	-3431.689336010528
361000	-3476.238737070686
361500	-3455.4192969675128
362000	-3437.074165620669
362500	-3433.967976561458
363000	-3446.899004085689
363500	-3443.8327077753665
364000	-3459.9916537212757
364500	-3456.7493282115283
365000	-3439.4883500592414
365500	-3437.7430497315204
366000	-3444.940054630173
366500	-3430.03827375902
367000	-3446.739389803347
367500	-3440.088784237952
368000	-3444.1717825203377
368500	-3434.01833125421
369000	-3464.0374802888277
369500	-3458.420179396633
370000	-3452.81724305902
370500	-3439.94222268948
371000	-3445.9596388358596
371500	-3440.7764824015367
372000	-3447.1476405964277
372500	-3456.6183711700915
373000	-3440.9652638220564
373500	-3435.9741674247875
374000	-3438.2555836535985
374500	-3430.564798609078
375000	-3442.7406869676024
375500	-3429.5477188611844
376000	-3439.6863690710875
376500	-3445.116808573947
377000	-3450.445360665617
377500	-3431.2824058107317
378000	-3437.869481807908
378500	-3453.7253293632125
379000	-3434.8601121367446
379500	-3446.836127332768
380000	-3446.976029482666
380500	-3440.75803901503
381000	-3441.7939463394223
381500	-3431.7835825396814
382000	-3429.518595106905
382500	-3426.92841027593
383000	-3452.3662601705514
383500	-3439.409526781153
384000	-3452.8528434504815
384500	-3460.5915748128364
385000	-3437.3510892913873
385500	-3444.55186459659
386000	-3440.2315209214707
386500	-3444.0265990762173
387000	-3444.625638115206
387500	-3460.088646226238
388000	-3450.5695675492834
388500	-3443.447083450199
389000	-3451.443283391593
389500	-3441.404209906366
390000	-3457.0548908807
390500	-3449.3751564281047
391000	-3446.195139253321
391500	-3466.1339312519144
392000	-3467.8265512757457
392500	-3452.5975686079146
393000	-3459.5868389701495
393500	-3434.9540514992004
394000	-3435.830876156048
394500	-3438.1229939839404
395000	-3435.9305290302877
395500	-3438.8055126639997
396000	-3444.0290971272075
396500	-3456.819306536167
397000	-3439.405592424686
397500	-3450.19008037266
398000	-3451.9294117743902
398500	-3447.9143853387745
399000	-3446.4754800232763
399500	-3443.3972245518817
400000	-3456.238819557454
400500	-3453.9262665959113
401000	-3458.549942708274
401500	-3446.3507069972616
402000	-3464.165746878212
402500	-3450.03065458443
403000	-3443.4829717242937
403500	-3439.7127469461257
404000	-3440.4986513135027
404500	-3428.807232753945
405000	-3434.7578861335273
405500	-3441.755629079711
406000	-3455.0391271576073
406500	-3449.9878903937647
407000	-3446.279620942728
407500	-3438.5646015718594
408000	-3444.8464805939375
408500	-3444.555081620268
409000	-3461.681855772967
409500	-3453.3285592048524
410000	-3466.5926151155363
410500	-3444.3564440644586
411000	-3426.3748556335704
411500	-3434.116184547735
412000	-3437.9820282601854
412500	-3439.477953972708
413000	-3446.33254285338
413500	-3436.1704039321003
414000	-3435.661922786107
414500	-3421.0044016645656
415000	-3434.521803965711
415500	-3438.424394228484
416000	-3436.6269607963445
416500	-3449.5618521431375
417000	-3437.160974506907
417500	-3453.753477007857
418000	-3459.842141605006
418500	-3440.9706189381673
419000	-3446.364547498958
419500	-3463.2333705086544
420000	-3460.520220840324
420500	-3456.956016146361
421000	-3477.7439311719877
421500	-3454.337711868742
422000	-3449.8292813737385
422500	-3441.506582669222
423000	-3455.255122034351
423500	-3460.262154165581
424000	-3444.5827651104805
424500	-3442.25787411056
425000	-3440.5702601987095
425500	-3442.327961580926
426000	-3449.014361085965
426500	-3445.1046756778437
427000	-3451.959080908494
427500	-3434.8977786499663
428000	-3439.5320419330415
428500	-3435.0551263330544
429000	-3429.4226113360246
429500	-3439.234920356045
430000	-3433.9907915284302
430500	-3444.626336688597
431000	-3444.6933598057417
431500	-3441.49021978371
432000	-3454.3194127020456
432500	-3443.359440850925
433000	-3444.6812779560278
433500	-3424.1552128023873
434000	-3426.543546424992
434500	-3438.6985844496
435000	-3426.2883316978914
435500	-3444.7585744997427
436000	-3455.7180807872933
436500	-3446.7479557697116
437000	-3440.8764656376993
437500	-3443.1990589398415
438000	-3446.003314659188
438500	-3460.4295787138126
439000	-3431.320598922871
439500	-3442.556612584315
440000	-3429.5793511810953
440500	-3440.5892531124437
441000	-3437.518764626793
441500	-3431.5480925314037
442000	-3443.5064495377874
442500	-3454.879186262793
443000	-3441.5997220176378
443500	-3436.3104871331557
444000	-3451.692427620147
444500	-3455.425500081049
445000	-3453.0939368077393
445500	-3449.930895623542
446000	-3452.4613314596977
446500	-3443.346700750711
447000	-3434.848523011802
447500	-3442.303324226589
448000	-3443.2410745592965
448500	-3449.1316685114302
449000	-3446.6500084308527
449500	-3441.796370487773
450000	-3446.0304794254075
450500	-3431.8344886388595
451000	-3445.9238025708078
451500	-3433.081876934439
452000	-3433.3974540237396
452500	-3437.232490932484
453000	-3441.3280066967986
453500	-3434.536313977108
454000	-3446.880004104669
454500	-3448.487566564258
455000	-3436.182720694014
455500	-3442.8178235039154
456000	-3448.2253259841145
456500	-3446.7387435648106
457000	-3461.911108213072
457500	-3442.408289265999
458000	-3452.489872872847
458500	-3447.556833065459
459000	-3459.2791789691837
459500	-3451.2385124642556
460000	-3437.921601211522
460500	-3441.4135911451817
461000	-3450.7778531144754
461500	-3437.8101829333605
462000	-3437.8554208346027
462500	-3459.091322785786
463000	-3448.3076604619087
463500	-3449.339212991096
464000	-3458.8120591899897
464500	-3448.0906646406956
465000	-3467.488078068078
465500	-3444.7218052299136
466000	-3454.406629633861
466500	-3451.969630687745
467000	-3458.2559902848266
467500	-3438.269543068528
468000	-3437.1878545430113
468500	-3432.9603669631456
469000	-3448.3320505606634
469500	-3440.4966040409663
470000	-3430.1050685309274
470500	-3429.782096629923
471000	-3432.2998800147516
471500	-3446.470385802609
472000	-3438.0727019230726
472500	-3453.9716238050746
473000	-3436.3548171282087
473500	-3433.0845212957124
474000	-3443.9938696526856
474500	-3440.647133573212
475000	-3426.121142667304
475500	-3430.5229164051657
476000	-3453.3990320444277
476500	-3449.078222873627
477000	-3443.293606773173
477500	-3437.507608082695
478000	-3445.9312588197595
478500	-3436.470100369016
479000	-3444.7498308655413
479500	-3441.9886421197625
480000	-3446.18308699237
480500	-3445.777266086172
481000	-3439.2818856354306
481500	-3444.655754961689
482000	-3435.590472643538
482500	-3441.3404147522624
483000	-3438.2952837699627
483500	-3443.0783136475593
484000	-3451.652668232085
484500	-3445.6489346337457
485000	-3454.6484140403727
485500	-3441.2199230289316
486000	-3435.0722347429237
486500	-3442.5847670762973
487000	-3454.9353812390664
487500	-3447.5706193502538
488000	-3449.2756010896283
488500	-3452.1110318976453
489000	-3471.4997421036646
489500	-3446.765766237257
490000	-3440.1515171416445
490500	-3437.889620558883
491000	-3446.910541981582
491500	-3440.8134853709253
492000	-3441.9134838585405
492500	-3439.4481074818464
493000	-3442.292728982425
493500	-3440.1540018444275
494000	-3439.174048560659
494500	-3448.145284035515
495000	-3445.8215526154077
495500	-3442.3585918231447
496000	-3450.011048603067
496500	-3451.7151227214868
497000	-3451.62225061197
497500	-3453.0624489532597
498000	-3453.352976318351
498500	-3443.417101702672
499000	-3451.3552449316276
499500	-3442.2837734031655
500000	-3443.9004442117507
500500	-3430.8842476732966
501000	-3435.3748869405863
501500	-3440.7219406853983
502000	-3448.8122729285446
502500	-3461.619502410627
503000	-3455.2235946803885
503500	-3460.1791659284504
504000	-3449.9017796498447
504500	-3434.8819875684794
505000	-3439.2778905476675
505500	-3438.9198103952344
506000	-3444.158304741534
506500	-3442.302790742808
507000	-3441.8000945652752
507500	-3438.528828896554
508000	-3442.8823826494568
508500	-3436.2292053508036
509000	-3430.7472783697963
509500	-3436.7964345647324
510000	-3438.51172838708
510500	-3446.368279252751
511000	-3444.259617326119
511500	-3441.971924734615
512000	-3445.616412588766
512500	-3447.3566579503145
513000	-3433.072007940717
513500	-3437.175680119714
514000	-3434.768158741983
514500	-3451.511793697642
515000	-3454.6567732894914
515500	-3472.869142683545
516000	-3463.2176193566274
516500	-3456.766084290281
517000	-3442.3098337718807
517500	-3453.035165917447
518000	-3441.3484603792695
518500	-3446.2957689128125
519000	-3449.0375831186634
519500	-3453.1049137664477
520000	-3444.6078201741625
520500	-3447.5779760789533
521000	-3454.662824073979
521500	-3459.0815273204207
522000	-3438.210219902737
522500	-3435.1945105939694
523000	-3429.2903352453977
523500	-3432.8068192773667
524000	-3446.5175612323465
524500	-3437.0789345698036
525000	-3446.564945412511
525500	-3458.3675232751343
526000	-3453.9776014179656
526500	-3448.531838105361
527000	-3452.702742875925
527500	-3439.123181636821
528000	-3441.6106942234355
528500	-3442.4237231840816
529000	-3443.576914859165
529500	-3433.490038377431
530000	-3444.2113766152797
530500	-3458.055123146928
531000	-3434.358578835967
531500	-3446.5001302959554
532000	-3440.4699043213554
532500	-3428.6305268252845
533000	-3445.692310536587
533500	-3438.5592193085527
534000	-3431.98320975079
534500	-3439.515519542575
535000	-3433.737812265723
535500	-3455.1649351299525
536000	-3425.234279489388
536500	-3450.098219668405
537000	-3446.4014792455037
537500	-3441.3541209290943
538000	-3464.147731011542
538500	-3433.060794773115
539000	-3441.457271843078
539500	-3444.2275157754475
540000	-3434.7573065175993
540500	-3445.8663614964785
541000	-3439.014244765995
541500	-3439.3311375445714
542000	-3441.627977202671
542500	-3434.9671849045712
543000	-3441.5599366376578
543500	-3435.584239232983
544000	-3433.9771049950987
544500	-3429.8152002222832
545000	-3453.9423592233666
545500	-3449.498560687238
546000	-3440.847424727849
546500	-3443.746540998605
547000	-3440.656490640685
547500	-3441.722986532344
548000	-3451.498086080754
548500	-3441.945706234639
549000	-3440.9865632978244
549500	-3443.7103608733128
550000	-3450.937258874728
550500	-3457.9226673304292
551000	-3443.0378413956287
551500	-3452.714345574822
552000	-3447.8789502249447
552500	-3444.1520729059475
553000	-3442.4564654061737
553500	-3442.9371248691546
554000	-3443.2901211336175
554500	-3445.58510263293
555000	-3453.159959897731
555500	-3443.018241891527
556000	-3446.116303305558
556500	-3441.877709991478
557000	-3437.394391671053
557500	-3439.1156211269886
558000	-3443.1000748248784
558500	-3446.122150747829
559000	-3436.4061571078055
559500	-3420.757764340945
560000	-3426.7672821897877
560500	-3421.346565484276
561000	-3434.815095519434
561500	-3448.053837021364
562000	-3429.413405835924
562500	-3430.8621376970887
563000	-3455.4759249809636
563500	-3437.5360900362025
564000	-3430.3402047337495
564500	-3438.5033036205823
565000	-3437.191585514918
565500	-3422.992497216871
566000	-3428.8658776078278
566500	-3437.193547170741
567000	-3440.6089481295617
567500	-3448.940753059746
568000	-3448.239201668996
568500	-3435.261645558321
569000	-3435.483793511775
569500	-3443.6063507524036
570000	-3446.687978237256
570500	-3436.212040192804
571000	-3434.043970087449
571500	-3439.8082791478487
572000	-3450.2866082651876
572500	-3458.6333770042943
573000	-3454.73268366807
573500	-3441.3418033833073
574000	-3445.8007734853645
574500	-3466.126706390002
575000	-3443.7514060074373
575500	-3444.9312914075526
576000	-3440.009771948981
576500	-3441.79172163286
577000	-3430.927667231863
577500	-3451.3730521482007
578000	-3441.261365711298
578500	-3435.877820100404
579000	-3441.8094794829713
579500	-3435.6146782123283
580000	-3446.107733189242
580500	-3450.3793713325745
581000	-3440.636502719436
581500	-3435.651967034937
582000	-3433.8788101456544
582500	-3437.9155497178485
583000	-3448.8459064866533
583500	-3453.2038796461093
584000	-3438.859591128756
584500	-3445.276672540816
585000	-3433.997366374828
585500	-3439.351118928365
586000	-3442.298898284646
586500	-3431.74225838548
587000	-3446.381622614167
587500	-3443.326224372836
588000	-3430.747886923899
588500	-3427.326420213578
589000	-3449.9024090993107
589500	-3440.9363324264455
590000	-3447.5878463720505
590500	-3435.9049660525143
591000	-3446.18764002599
591500	-3448.75051985468
592000	-3438.3814336279706
592500	-3443.615393859651
593000	-3441.014684513921
593500	-3450.0195161263387
594000	-3458.782365824681
594500	-3446.259966538455
595000	-3436.6077029100616
595500	-3453.8855150759487
596000	-3442.379874606531
596500	-3443.9007381652095
597000	-3443.9503768837303
597500	-3438.261881453585
598000	-3444.5639829981073
598500	-3446.2355651851085
599000	-3437.058453206168
599500	-3441.870926383892
600000	-3446.518285194102
600500	-3435.509561838371
601000	-3430.4281816923144
601500	-3434.369992780068
602000	-3431.6969610387127
602500	-3438.7021256439366
603000	-3440.6204105730253
603500	-3439.840603463553
604000	-3449.111538955407
604500	-3430.933803465696
605000	-3441.684395139279
605500	-3451.208726851818
606000	-3454.5224279871854
606500	-3443.979844714288
607000	-3459.7723690072444
607500	-3451.146773780794
608000	-3444.0799903977745
608500	-3461.150356609665
609000	-3463.1284746737374
609500	-3430.9386229271686
610000	-3432.8298234690797
610500	-3441.4685766658554
611000	-3463.3847668533363
611500	-3437.618440592389
612000	-3442.860395484366
612500	-3439.9632159078237
613000	-3430.6289507080783
613500	-3443.2824925569057
614000	-3431.287039636707
614500	-3444.769623608187
615000	-3440.1748641412682
615500	-3434.9763716372595
616000	-3437.730646120799
616500	-3432.4175140089933
617000	-3431.0816043826894
617500	-3440.5832743822302
618000	-3440.2073040832556
618500	-3443.9182907095988
619000	-3438.1217207038394
619500	-3443.3791997249455
620000	-3432.220530741342
620500	-3432.2045997101986
621000	-3443.6495909542327
621500	-3444.5471160861553
622000	-3432.7103862702243
622500	-3443.6594422973603
623000	-3442.371557502457
623500	-3444.3595578230606
624000	-3445.3690143278714
624500	-3427.5993615290417
625000	-3434.1835135430356
625500	-3431.1258497172503
626000	-3442.025510625411
626500	-3448.441262033115
627000	-3442.3416944088913
627500	-3446.1091698785654
628000	-3441.604742566842
628500	-3452.6234689963712
629000	-3435.512437711348
629500	-3440.3393886661574
630000	-3435.6445203435073
630500	-3456.6463415382673
631000	-3440.8827337362295
631500	-3431.5059056892355
632000	-3433.329080017543
632500	-3429.5759318180676
633000	-3453.098059559103
633500	-3450.1308412539415
634000	-3433.040459164318
634500	-3438.787675262525
635000	-3445.4958634098434
635500	-3441.532130704769
636000	-3440.0568778034203
636500	-3442.635459089238
637000	-3433.6847326066795
637500	-3445.8739027421752
638000	-3438.553675251532
638500	-3439.6915696603414
639000	-3435.5682088147505
639500	-3434.0881937898216
640000	-3437.5020477081857
640500	-3430.1830688160476
641000	-3459.6381351098958
641500	-3441.1533817303216
642000	-3450.790756735848
642500	-3433.7472887540457
643000	-3445.187401665843
643500	-3439.655372942812
644000	-3443.9772191936354
644500	-3435.6772783653278
645000	-3444.1597064515013
645500	-3440.3148931565484
646000	-3445.401158225673
646500	-3438.2557747688097
647000	-3434.576562910243
647500	-3430.1017288623107
648000	-3444.976513471881
648500	-3431.5539873711023
649000	-3445.0307396439343
649500	-3442.2727459834555
650000	-3436.743612165853
650500	-3434.5125721462505
651000	-3455.207370988404
651500	-3448.208808445336
652000	-3454.996074356166
652500	-3443.6947286322256
653000	-3446.2789634061055
653500	-3452.9527732586757
654000	-3456.4211575760537
654500	-3449.353157418546
655000	-3476.1907366991973
655500	-3455.811423905554
656000	-3466.2077783950845
656500	-3464.4419856726513
657000	-3443.2398242897725
657500	-3458.48000351335
658000	-3454.870098676794
658500	-3475.633964328279
659000	-3470.9709502248484
659500	-3461.472493962962
660000	-3457.7752620716224
660500	-3452.5834663693336
661000	-3448.6769221433956
661500	-3461.1086824270305
662000	-3452.5042951910386
662500	-3443.7512877529416
663000	-3462.345559085898
663500	-3447.1274690417295
664000	-3450.2975534655357
664500	-3449.653195217333
665000	-3451.2667671760696
665500	-3453.694675199105
666000	-3430.89158151312
666500	-3449.2386188582086
667000	-3441.4373604936072
667500	-3460.422326482579
668000	-3437.7663743989647
668500	-3435.268169349753
669000	-3430.729742469885
669500	-3452.1943630335604
670000	-3445.809911858424
670500	-3442.8849266666266
671000	-3451.2349176102966
671500	-3451.588243884142
672000	-3451.415327268826
672500	-3455.8389963866257
673000	-3433.229887771372
673500	-3466.8962854625197
674000	-3443.533796776792
674500	-3457.6293657065958
675000	-3443.8125959478593
675500	-3443.877243547307
676000	-3444.1575222438346
676500	-3446.0804384085764
677000	-3438.1815309219814
677500	-3438.6082449323158
678000	-3437.055767773275
678500	-3440.2972030756755
679000	-3442.2529181848518
679500	-3429.8109854619256
680000	-3424.701409921785
680500	-3437.1079500713686
681000	-3428.417752743534
681500	-3430.154927389394
682000	-3429.6535038177362
682500	-3428.5982994132655
683000	-3432.8677989047546
683500	-3449.757772995011
684000	-3434.4953075043336
684500	-3429.8778828257405
685000	-3419.955473405965
685500	-3425.468622171407
686000	-3441.365714716645
686500	-3456.7372823899827
687000	-3438.708865580696
687500	-3444.9468439843695
688000	-3438.2082155442554
688500	-3440.607165358374
689000	-3454.7429768450993
689500	-3427.8497057774553
690000	-3442.9903633894846
690500	-3440.4002179606655
691000	-3437.0208503570407
691500	-3446.38098110213
692000	-3429.6338488143815
692500	-3438.968668672643
693000	-3436.6555542294245
693500	-3439.735970355416
694000	-3428.4832064623947
694500	-3429.608163837841
695000	-3442.268837178816
695500	-3440.6973073388303
696000	-3436.980091425681
696500	-3439.4855071891043
697000	-3434.448327163677
697500	-3433.781722970726
698000	-3440.235041819406
698500	-3436.820931078589
699000	-3429.805228379681
699500	-3440.0418414956744
700000	-3433.3050441181945
700500	-3427.9227488616307
701000	-3429.8686178409644
701500	-3426.9418947539793
702000	-3429.9389553933665
702500	-3453.7087700603324
703000	-3442.088918858642
703500	-3444.481464369871
704000	-3463.466007893624
704500	-3449.4768671000625
705000	-3444.3621829789736
705500	-3460.2665995147136
706000	-3449.0720868472013
706500	-3453.2122869310124
707000	-3444.2571309727928
707500	-3435.4451728796025
708000	-3435.746745681651
708500	-3435.450040900524
709000	-3440.763172213164
709500	-3434.6415343288313
710000	-3448.3902908242294
710500	-3472.0482345814053
711000	-3442.0844568427874
711500	-3447.3013971118335
712000	-3457.6174300144207
712500	-3450.5562359948417
713000	-3452.2469842681753
713500	-3446.7252247306933
714000	-3451.7681940262246
714500	-3441.3011179142
715000	-3438.0212689184837
715500	-3447.9486423086873
716000	-3449.4568335068634
716500	-3468.6562941455854
717000	-3442.070592102827
717500	-3443.329576617454
718000	-3447.232284973889
718500	-3440.523754260779
719000	-3432.474621564136
719500	-3437.384190564918
720000	-3445.0271378270804
720500	-3443.58458391547
721000	-3442.8022606148825
721500	-3450.4755876330496
722000	-3448.4874043633836
722500	-3435.91474693081
723000	-3439.936241155069
723500	-3438.5714865662276
724000	-3448.162567067313
724500	-3431.473288423941
725000	-3442.24950612305
725500	-3453.9775695665435
726000	-3438.393775405739
726500	-3439.324751258047
727000	-3457.248396381665
727500	-3466.8184559401247
728000	-3449.650450793717
728500	-3450.267459538537
729000	-3457.10999987961
729500	-3439.408631874853
730000	-3423.3076221187753
730500	-3435.494056016569
731000	-3437.0305947174975
731500	-3451.644743881316
732000	-3448.198229385986
732500	-3457.5675134717
733000	-3437.1963934799405
733500	-3440.253297235464
734000	-3449.3692128328694
734500	-3448.286599951064
735000	-3444.179529858309
735500	-3440.3718962638877
736000	-3442.094560274722
736500	-3430.661568653031
737000	-3452.227193384528
737500	-3442.1354398452313
738000	-3443.951625757322
738500	-3438.3509057341216
739000	-3446.289244998168
739500	-3434.919686111127
740000	-3441.6348982445957
740500	-3431.7939653008275
741000	-3428.703414837406
741500	-3439.0676933342565
742000	-3434.621381545378
742500	-3455.34934213924
743000	-3446.9376214886165
743500	-3441.9657522212096
744000	-3434.1462067061984
744500	-3449.8430568605963
745000	-3443.9642760903052
745500	-3442.8029373144204
746000	-3449.478599896239
746500	-3441.5797077780185
747000	-3432.3321685835886
747500	-3434.307528532613
748000	-3443.6017237304022
748500	-3441.5639803576632
749000	-3461.3636548637137
749500	-3453.9994489081537
750000	-3464.457518642121
750500	-3449.9240969985067
751000	-3458.586541581394
751500	-3449.262276349217
752000	-3449.754121513336
752500	-3442.654272613608
753000	-3440.360935374101
753500	-3457.551235901013
754000	-3454.98916868186
754500	-3448.6827253072806
755000	-3452.4986252635604
755500	-3453.9838108634517
756000	-3447.815915593529
756500	-3456.4609614092187
757000	-3441.766579133566
757500	-3463.050850617883
758000	-3444.0551223638054
758500	-3444.199550691759
759000	-3444.355003621966
759500	-3428.76880396966
760000	-3453.4561566966263
760500	-3436.147949273043
761000	-3442.2417649452627
761500	-3440.9405112395425
762000	-3437.454785950886
762500	-3440.587780411495
763000	-3445.157176581485
763500	-3428.500460773817
764000	-3432.2264980515884
764500	-3437.2886608893123
765000	-3423.333867906353
765500	-3447.9802378772165
766000	-3446.99028357744
766500	-3448.965340920799
767000	-3446.4087731473596
767500	-3429.004339040087
768000	-3430.7096887058747
768500	-3432.2010434612735
769000	-3441.9069973841247
769500	-3445.1042741496544
770000	-3450.7929580319715
770500	-3451.769605677216
771000	-3441.0527791906497
771500	-3427.185351799141
772000	-3440.4572711450146
772500	-3436.769723767348
773000	-3437.4921821287703
773500	-3442.782846346875
774000	-3444.964658270239
774500	-3433.9432811506117
775000	-3442.6798282586697
775500	-3431.754133761553
776000	-3433.3538528130307
776500	-3445.4624396992886
777000	-3436.0137176625035
777500	-3442.3659999462734
778000	-3441.0086916854148
778500	-3444.2980216215565
779000	-3433.702269984695
779500	-3443.3941343640927
780000	-3442.386923585924
780500	-3439.717120385967
781000	-3435.6935918798054
781500	-3453.121926706764
782000	-3432.7357068874994
782500	-3443.4796760340487
783000	-3452.998461945889
783500	-3446.340817669808
784000	-3446.636199736458
784500	-3432.3863024708653
785000	-3430.163922167173
785500	-3461.9237126693583
786000	-3446.72704618029
786500	-3464.216687431572
787000	-3434.549208635357
787500	-3439.0383755959283
788000	-3458.631955348129
788500	-3447.4495530157287
789000	-3444.3661324410327
789500	-3436.8249459448057
790000	-3443.181590361334
790500	-3436.493134701345
791000	-3428.962030142362
791500	-3443.5161662081314
792000	-3468.4768574639206
792500	-3446.8106541199727
793000	-3442.921891397424
793500	-3439.8501356549923
794000	-3454.7661672233526
794500	-3438.0031536284173
795000	-3436.249076821026
795500	-3446.5796272648213
796000	-3455.4377137496112
796500	-3460.467730317578
797000	-3433.349119712361
797500	-3436.745129359998
798000	-3432.7847653227805
798500	-3434.7049825037125
799000	-3424.2027745794926
799500	-3433.9913688465813
800000	-3444.828663259882
800500	-3435.0823294723295
801000	-3439.875331520728
801500	-3439.9903899218343
802000	-3442.32922917399
802500	-3437.970987417608
803000	-3434.5165918269327
803500	-3428.45733781241
804000	-3451.5249419028924
804500	-3446.147632454272
805000	-3435.192631835233
805500	-3434.4587909294246
806000	-3436.725808837966
806500	-3424.0901295651065
807000	-3451.0761601131067
807500	-3435.9493541128527
808000	-3440.316355044267
808500	-3447.0227381745726
809000	-3445.2174813263136
809500	-3445.5978707993704
810000	-3453.583196750685
810500	-3444.5790353077873
811000	-3447.286701531878
811500	-3437.333030780635
812000	-3435.488804926978
812500	-3432.9807516303176
813000	-3435.6798796584335
813500	-3432.420391668914
814000	-3433.384660292422
814500	-3433.151873647874
815000	-3446.1869428295267
815500	-3445.330384058966
816000	-3450.4672530131033
816500	-3457.365223202203
817000	-3439.654001715353
817500	-3444.941362500061
818000	-3443.301031154465
818500	-3458.6024390899274
819000	-3448.313123572923
819500	-3442.776300745759
820000	-3436.3204521184107
820500	-3442.1731187934197
821000	-3438.444954456618
821500	-3451.5941956854226
822000	-3430.497945805745
822500	-3435.7371322664494
823000	-3443.5086398350663
823500	-3451.116502776833
824000	-3451.520002379357
824500	-3436.1168796313373
825000	-3454.7241251128194
825500	-3457.2396859241185
826000	-3437.0642429217896
826500	-3441.4946714865696
827000	-3431.497638053255
827500	-3446.1919804031922
828000	-3440.5880545935106
828500	-3441.036996823983
829000	-3439.3107150188184
829500	-3455.9924598239113
830000	-3461.032984448576
830500	-3442.55778851594
831000	-3440.8518060980896
831500	-3439.7890404282607
832000	-3448.505338927483
832500	-3440.665354449483
833000	-3439.432230099209
833500	-3436.6036556454237
834000	-3433.7883176517607
834500	-3436.682765231562
835000	-3440.835262835604
835500	-3443.7143374569364
836000	-3432.0819583567627
836500	-3440.6517242497684
837000	-3446.276284556961
837500	-3429.020694315019
838000	-3459.968030723482
838500	-3447.889956105984
839000	-3438.9465730681923
839500	-3452.843886932249
840000	-3462.5006126598737
840500	-3444.9885412881495
841000	-3446.3195393569067
841500	-3456.035233024337
842000	-3451.198532220804
842500	-3450.390815886719
843000	-3450.813644099506
843500	-3452.929258963857
844000	-3439.169539392323
844500	-3444.4983027917297
845000	-3441.7954395887023
845500	-3439.180778820739
846000	-3434.589586374188
846500	-3436.2108327509404
847000	-3443.801531903743
847500	-3442.263787871244
848000	-3438.7076510055977
848500	-3443.748256241733
849000	-3440.264632372524
849500	-3428.088697999908
850000	-3430.9262369019
850500	-3448.6451033430535
851000	-3445.6102332552955
851500	-3443.4220438350185
852000	-3455.2686083454882
852500	-3463.56222536365
853000	-3479.831196928205
853500	-3448.3236901776286
854000	-3436.4584084014828
854500	-3443.2997925202444
855000	-3433.3375490926846
855500	-3445.142936321598
856000	-3446.2813979755947
856500	-3448.9459618315864
857000	-3441.878441934438
857500	-3445.3774768733265
858000	-3441.4134970952296
858500	-3443.5834512150595
859000	-3451.0722073244665
859500	-3445.3882760083497
860000	-3436.1254630902163
860500	-3449.8112672266566
861000	-3442.4641258077345
861500	-3459.426454187327
862000	-3442.8266080774024
862500	-3440.328746666126
863000	-3440.963974296276
863500	-3450.4255203904117
864000	-3448.5281738836566
864500	-3434.2926499643413
865000	-3438.282245174485
865500	-3429.958706380913
866000	-3434.8258334443576
866500	-3452.1543833606534
867000	-3443.87329126618
867500	-3450.052808942778
868000	-3454.901370178814
868500	-3461.9024480556077
869000	-3461.90309461279
869500	-3446.377769698595
870000	-3437.9501518417514
870500	-3437.541043940797
871000	-3442.932816365462
871500	-3442.6329272486587
872000	-3442.492631501517
872500	-3437.5103554297384
873000	-3441.7634949778444
873500	-3439.979748999451
874000	-3453.3449313662063
874500	-3442.74127987319
875000	-3444.7785252526405
875500	-3426.3260295407754
876000	-3440.129897286813
876500	-3443.5138780463403
877000	-3434.320537957706
877500	-3441.3419731272306
878000	-3439.9828361905975
878500	-3437.5148110579653
879000	-3443.993499327445
879500	-3442.0819568909305
880000	-3442.274206183579
880500	-3448.690768801555
881000	-3436.5126353553037
881500	-3443.372098768473
882000	-3439.4450543051694
882500	-3437.4107983272984
883000	-3437.3975109556463
883500	-3434.4234658266914
884000	-3433.9421494147405
884500	-3432.0013715086097
885000	-3440.1649082895
885500	-3451.061518747813
886000	-3441.2444596513287
886500	-3458.0917021919972
887000	-3434.7587048369905
887500	-3427.4863560784393
888000	-3439.4159923577326
888500	-3451.5366533275005
889000	-3434.3585731651383
889500	-3443.3470917133127
890000	-3437.244979103099
890500	-3443.8278808405744
891000	-3433.82925624978
891500	-3434.2542074925
892000	-3457.874377520584
892500	-3448.288980140698
893000	-3447.6598345172615
893500	-3448.4561793411276
894000	-3462.6369621138474
894500	-3470.134718935809
895000	-3448.2171715648783
895500	-3448.403274712
896000	-3444.350570559047
896500	-3454.564585632532
897000	-3453.391530884836
897500	-3458.155205857937
898000	-3457.179606172008
898500	-3453.162044623462
899000	-3444.299993572324
899500	-3442.2044010617133
900000	-3448.9949654370034
900500	-3443.9642435427827
901000	-3443.5232834918484
901500	-3450.0587443589307
902000	-3472.4874561977076
902500	-3466.5555479193904
903000	-3437.9498386682617
903500	-3445.8487851209998
904000	-3439.7054637125175
904500	-3434.6226699443996
905000	-3450.9556486334873
905500	-3443.061162703952
906000	-3459.706022379973
906500	-3443.2600531106164
907000	-3480.423511737927
907500	-3464.4279156409557
908000	-3457.275277352592
908500	-3452.6040167725396
909000	-3446.003292774408
909500	-3468.3181111509275
910000	-3445.348423117488
910500	-3443.6704122907254
911000	-3447.9585248950407
911500	-3447.5838478966516
912000	-3443.098336553445
912500	-3441.455795421783
913000	-3438.4514678501355
913500	-3456.2945232162338
914000	-3462.051718056732
914500	-3455.298273344416
915000	-3452.2470908959003
915500	-3443.4101052953633
916000	-3436.8225714131877
916500	-3439.340793529214
917000	-3432.426717714158
917500	-3436.9806114935964
918000	-3434.183843160382
918500	-3445.350340799398
919000	-3430.6225421783447
919500	-3448.844022353702
920000	-3454.139229666701
920500	-3434.27169626554
921000	-3433.9863616735565
921500	-3446.333612162766
922000	-3441.62702683103
922500	-3438.5255472932695
923000	-3449.7291439407945
923500	-3446.883011429887
924000	-3456.783328608559
924500	-3458.999476848448
925000	-3451.8946409299456
925500	-3444.3758738972647
926000	-3435.439741492646
926500	-3431.559778013616
927000	-3434.969162173016
927500	-3450.921915955789
928000	-3434.92448266741
928500	-3433.8436060314875
929000	-3442.9022021950773
929500	-3466.3126278598415
930000	-3437.334665544123
930500	-3443.513435725194
931000	-3445.5202810063056
931500	-3434.979207471084
932000	-3446.164115129356
932500	-3448.5716408165404
933000	-3437.773413595874
933500	-3426.09911528361
934000	-3422.4158427081616
934500	-3433.122765871207
935000	-3439.8924590525608
935500	-3434.8419415832714
936000	-3443.6385095374308
936500	-3447.831974274153
937000	-3431.435833783416
937500	-3439.8640801951306
938000	-3430.9547709157237
938500	-3425.438066345989
939000	-3434.483001951402
939500	-3435.6163708892236
940000	-3441.39273429882
940500	-3439.447217357251
941000	-3446.567018000831
941500	-3454.0832180579423
942000	-3440.3043164224955
942500	-3440.343038324389
943000	-3431.420718719045
943500	-3434.1491778785216
944000	-3432.3879569700703
944500	-3444.468399759679
945000	-3444.1762740053855
945500	-3459.761980619439
946000	-3451.6075146084513
946500	-3447.1798704820544
947000	-3453.8676534987976
947500	-3453.9788079238833
948000	-3449.7292969007794
948500	-3456.880392337199
949000	-3453.3333220340314
949500	-3455.34548618742
950000	-3438.4183020299565
950500	-3450.1796362616615
951000	-3437.1847665116497
951500	-3465.4317225106875
952000	-3454.6587603360463
952500	-3435.732716072227
953000	-3449.056265822591
953500	-3454.817098521155
954000	-3452.059617003552
954500	-3447.7441462076663
955000	-3443.2667611066645
955500	-3451.5298204879805
956000	-3436.2535453885384
956500	-3425.0268276062734
957000	-3449.9049772969447
957500	-3432.579500249376
958000	-3435.898432608289
958500	-3431.738795319251
959000	-3436.6520307433107
959500	-3442.726297816792
960000	-3436.796166796519
960500	-3451.272539642764
961000	-3436.075178083894
961500	-3432.064161128538
962000	-3439.338289041035
962500	-3437.421065694789
963000	-3435.6763197306677
963500	-3437.307111023926
964000	-3428.7911321720944
964500	-3431.521596971737
965000	-3427.8777591201388
965500	-3430.7183904781236
966000	-3431.0312476838076
966500	-3440.3874815617546
967000	-3443.9030677826454
967500	-3453.4670002603166
968000	-3444.2323825758526
968500	-3429.3985190879066
969000	-3451.357210556298
969500	-3433.283346305644
970000	-3443.5541849320052
970500	-3439.972593627937
971000	-3440.9938304404263
971500	-3439.10801494734
972000	-3445.5827250902516
972500	-3442.2492968918536
973000	-3437.6394592467495
973500	-3446.80792536246
974000	-3422.6444941254586
974500	-3440.390712314638
975000	-3440.529832810513
975500	-3452.4890233620877
976000	-3439.2650015978747
976500	-3434.8219642455388
977000	-3431.2573780809093
977500	-3426.387315994331
978000	-3428.42395177002
978500	-3428.2115208242712
979000	-3433.0569600676217
979500	-3438.7200327126807
980000	-3426.513395724947
980500	-3432.4710558715615
981000	-3443.316393601239
981500	-3449.7550547400606
982000	-3429.203303058106
982500	-3437.983556346196
983000	-3430.7878930625398
983500	-3438.6816771342933
984000	-3441.293917615108
984500	-3429.907261173995
985000	-3436.165308344107
985500	-3441.8456896282537
986000	-3444.6677268863787
986500	-3441.7528273324015
987000	-3438.8424367383564
987500	-3448.0018307967302
988000	-3449.6563843990793
988500	-3453.833489165736
989000	-3446.2999548879598
989500	-3429.2300339063527
990000	-3432.7949502300394
990500	-3434.3917401154094
991000	-3432.7094974259567
991500	-3441.9263689705017
992000	-3442.5669147836643
992500	-3435.738827150701
993000	-3449.4548028820714
993500	-3441.381912839048
994000	-3440.784257948992
994500	-3439.0808998661
995000	-3437.4940570686144
995500	-3441.003784879121
996000	-3446.8632807748413
996500	-3450.9897961333786
997000	-3437.7824472673333
997500	-3432.28141379081
998000	-3449.3324636188477
998500	-3439.5231365889563
999000	-3433.9412127982932
999500	-3447.045800967793
1000000	-3444.0634623245614
1000500	-3443.832757611687
1001000	-3433.8225223412546
1001500	-3442.0565346195217
1002000	-3442.1914365078524
1002500	-3435.8558908136065
1003000	-3431.7294785808476
1003500	-3445.5164069627035
1004000	-3437.9391548871763
1004500	-3445.7862803616613
1005000	-3436.6463159054156
1005500	-3448.528716389771
1006000	-3449.471677280164
1006500	-3447.4894403128305
1007000	-3444.062842684126
1007500	-3443.1667938598603
1008000	-3445.1722700107607
1008500	-3440.386316496203
1009000	-3434.7181736529274
1009500	-3442.2355265798356
1010000	-3433.8023418414496
1010500	-3425.8284678072887
1011000	-3445.405442176961
1011500	-3436.3590007772104
1012000	-3435.6520347465607
1012500	-3442.9915961314227
1013000	-3441.087677940711
1013500	-3442.4411198350576
1014000	-3444.5506871850116
1014500	-3436.51996308464
1015000	-3448.2817015544533
1015500	-3440.4548988325087
1016000	-3449.126180182096
1016500	-3452.6987982197174
1017000	-3443.5589157953395
1017500	-3442.267471785671
1018000	-3452.8350886315234
1018500	-3436.9924886355616
1019000	-3441.272280678556
1019500	-3440.901566970736
1020000	-3435.7315310303534
1020500	-3459.1814767787782
1021000	-3444.792504028047
1021500	-3432.8143945983425
1022000	-3443.293276654726
1022500	-3436.2601159097503
1023000	-3433.317943256446
1023500	-3448.2796678553773
1024000	-3444.3103167137997
1024500	-3444.002793639512
1025000	-3432.5027524564834
1025500	-3444.290471581959
1026000	-3436.287966122323
1026500	-3430.277648492954
1027000	-3434.1680542768704
1027500	-3437.3617323956923
1028000	-3445.949493772337
1028500	-3461.500250383616
1029000	-3457.748717042046
1029500	-3451.7063068935945
1030000	-3448.328264386032
1030500	-3461.664317161989
1031000	-3452.133494879833
1031500	-3457.8244630587387
1032000	-3449.662522039468
1032500	-3437.677572990953
1033000	-3435.381410804684
1033500	-3442.697359739799
1034000	-3432.6196342335384
1034500	-3438.87230391155
1035000	-3448.872388149108
1035500	-3446.416042961122
1036000	-3438.5430620924285
1036500	-3433.0222719342787
1037000	-3446.429324996407
1037500	-3447.3397784710382
1038000	-3448.0006570235482
1038500	-3434.064075172362
1039000	-3444.491157152365
1039500	-3460.1825433078975
1040000	-3449.142224379567
1040500	-3438.530454795938
1041000	-3431.1591466231075
1041500	-3432.7137172913845
1042000	-3442.837880588325
1042500	-3435.57231439118
1043000	-3439.9445160519476
1043500	-3454.2040545897457
1044000	-3455.0650089611313
1044500	-3441.8770233320492
1045000	-3441.1287935616283
1045500	-3435.400265345217
1046000	-3437.4223146640875
1046500	-3427.9881055156725
1047000	-3432.1643611699938
1047500	-3437.3800441141784
1048000	-3443.2708508728933
1048500	-3442.0872364876736
1049000	-3451.53522365441
1049500	-3438.849672609005
1050000	-3429.3536390436143
1050500	-3437.23405829984
1051000	-3439.92281274595
1051500	-3432.1677985377264
1052000	-3433.2262468124545
1052500	-3453.6741682856673
1053000	-3447.4714652383614
1053500	-3431.2933478038913
1054000	-3448.925557615555
1054500	-3445.0339622201227
1055000	-3450.237148546703
1055500	-3445.1063490597417
1056000	-3448.145486160319
1056500	-3463.7078035163163
1057000	-3447.5656061690897
1057500	-3440.0882058221046
1058000	-3441.1225223577467
1058500	-3459.0818456687784
1059000	-3460.0072092999144
1059500	-3447.211564755458
1060000	-3447.1513155653683
1060500	-3451.445619041613
1061000	-3440.9273132856015
1061500	-3454.174633434534
1062000	-3454.925366510357
1062500	-3446.580959017963
1063000	-3448.819996432178
1063500	-3469.72852868043
1064000	-3465.343157008034
1064500	-3451.2285761266644
1065000	-3438.2957956181835
1065500	-3432.8505203673185
1066000	-3441.2070421756157
1066500	-3452.3172079508226
1067000	-3439.4609008472994
1067500	-3431.5381386297095
1068000	-3446.069828661407
1068500	-3439.573107842483
1069000	-3447.027335917343
1069500	-3446.04158067293
1070000	-3439.9815158374768
1070500	-3442.319580081677
1071000	-3433.776253901965
1071500	-3446.3504306998248
1072000	-3444.673516801295
1072500	-3445.430797510314
1073000	-3454.03184931677
1073500	-3455.604885300797
1074000	-3452.8772326852168
1074500	-3461.064163830945
1075000	-3445.4660807606415
1075500	-3462.251871176018
1076000	-3457.635893854804
1076500	-3455.8638363190726
1077000	-3447.563912385615
1077500	-3457.94137374849
1078000	-3453.7199334842476
1078500	-3450.0396581694217
1079000	-3449.423406135569
1079500	-3456.3157980647256
1080000	-3457.511487307357
1080500	-3458.4100475845194
1081000	-3452.5972258342244
1081500	-3457.352824746661
1082000	-3464.325757913373
1082500	-3478.133105000507
1083000	-3453.1544773334813
1083500	-3442.614756375048
1084000	-3451.577136694963
1084500	-3457.6821372158447
1085000	-3450.0981918213765
1085500	-3456.0164109640555
1086000	-3466.6988381809892
1086500	-3466.4906522053143
1087000	-3435.2267250007067
1087500	-3462.2810107255914
1088000	-3449.210657259639
1088500	-3434.346482341955
1089000	-3447.790911907543
1089500	-3441.5661698209556
1090000	-3444.7437113733085
1090500	-3454.3786213556887
1091000	-3460.279202318742
1091500	-3455.2681986271555
1092000	-3446.848962685877
1092500	-3456.902801006938
1093000	-3437.4464595412655
1093500	-3465.170720822685
1094000	-3450.0616131967668
1094500	-3448.7954745528373
1095000	-3463.908413409065
1095500	-3466.7743531533683
1096000	-3456.0108102337977
1096500	-3451.3192878576942
1097000	-3459.2647302375276
1097500	-3452.7356490552525
1098000	-3466.1160928749387
1098500	-3448.933541813681
1099000	-3437.3563027387154
1099500	-3433.8725405880277
1100000	-3446.8041773044783
1100500	-3458.423070049266
1101000	-3434.7466329805716
1101500	-3445.0157026494435
1102000	-3451.2382475967315
1102500	-3462.8600378811693
1103000	-3447.7258747359965
1103500	-3439.8101378431697
1104000	-3442.919507356824
1104500	-3433.0265206599847
1105000	-3438.167921504801
1105500	-3440.856347746558
1106000	-3440.2412704318212
1106500	-3433.669302519011
1107000	-3443.0414541184814
1107500	-3447.721480788825
1108000	-3436.4985308355476
1108500	-3441.180370562403
1109000	-3430.2978578555185
1109500	-3436.071827418219
1110000	-3438.355383266023
1110500	-3442.6198782435217
1111000	-3444.1456780506655
1111500	-3437.728594380802
1112000	-3429.634295438617
1112500	-3448.8045701668425
1113000	-3431.715147753952
1113500	-3437.0338069503982
1114000	-3438.4022524456973
1114500	-3443.677495865046
1115000	-3442.048810752363
1115500	-3440.5826656180625
1116000	-3439.182187184656
1116500	-3447.5573016829494
1117000	-3445.606680894179
1117500	-3436.299924570325
1118000	-3458.9503925105428
1118500	-3442.39235883751
1119000	-3444.6343151966457
1119500	-3461.558239565253
1120000	-3461.155422577483
1120500	-3448.8251125706793
1121000	-3452.8809610292938
1121500	-3461.0093982879243
1122000	-3445.8700611693384
1122500	-3474.8850645238886
1123000	-3441.657633673019
1123500	-3461.422412995662
1124000	-3431.839759313924
1124500	-3448.276956551247
1125000	-3442.6274922515536
1125500	-3443.982259338735
1126000	-3445.1198567680044
1126500	-3447.0865316302356
1127000	-3453.915299232638
1127500	-3446.356365782558
1128000	-3448.05727754906
1128500	-3439.042220615757
1129000	-3444.229365327375
1129500	-3441.8750591116577
1130000	-3426.9495366341034
1130500	-3449.405513197431
1131000	-3423.6058252549547
1131500	-3429.659493998712
1132000	-3425.668162796285
1132500	-3425.4457640390033
1133000	-3432.0264705650634
1133500	-3438.1119443531234
1134000	-3440.533324446737
1134500	-3453.548064320088
1135000	-3428.237057942561
1135500	-3440.948204034952
1136000	-3450.8204673466894
1136500	-3441.097530927124
1137000	-3449.3247464287606
1137500	-3455.9791477175004
1138000	-3448.260927265691
1138500	-3440.683936511642
1139000	-3465.4473394924203
1139500	-3449.4757897891996
1140000	-3465.4658250283464
1140500	-3442.4343383243786
1141000	-3433.3299692466403
1141500	-3454.4612106121667
1142000	-3438.0334954790023
1142500	-3449.0053229203304
1143000	-3445.148203908875
1143500	-3450.6338860776664
1144000	-3465.673648172462
1144500	-3459.086781926714
1145000	-3444.9408356243325
1145500	-3443.5719988798164
1146000	-3447.6773569633574
1146500	-3444.4972422253736
1147000	-3438.6330413615115
1147500	-3443.639566083371
1148000	-3437.9772787764077
1148500	-3452.258961243725
1149000	-3434.7562187473327
1149500	-3437.459230694539
1150000	-3438.7028755955635
1150500	-3446.1352948778945
1151000	-3455.66147276192
1151500	-3471.2594014741503
1152000	-3468.7170177602316
1152500	-3457.8295973232666
1153000	-3456.418283052167
1153500	-3461.9850066686463
1154000	-3449.0143224003205
1154500	-3451.389113030897
1155000	-3440.3643589845283
1155500	-3444.7573324742516
1156000	-3443.2634301464896
1156500	-3432.276714381666
1157000	-3430.1919022174134
1157500	-3438.453650766403
1158000	-3443.458734155103
1158500	-3437.69103948031
1159000	-3433.685529240125
1159500	-3429.7553715592903
1160000	-3443.839520228021
1160500	-3442.5723495667817
1161000	-3439.2466351098597
1161500	-3449.690960205293
1162000	-3440.3015569241625
1162500	-3428.3964380953275
1163000	-3431.8618949145516
1163500	-3436.9167625512528
1164000	-3434.481058814843
1164500	-3435.769205914272
1165000	-3433.5847173180227
1165500	-3453.30647943094
1166000	-3435.7294244486416
1166500	-3440.56215641308
1167000	-3441.0346381529953
1167500	-3446.697421030528
1168000	-3454.0106801155134
1168500	-3432.548491183752
1169000	-3430.6337560900092
1169500	-3441.990215045137
1170000	-3428.802829089785
1170500	-3435.5822716334355
1171000	-3428.4991675101787
1171500	-3438.1964418585494
1172000	-3441.1495957332677
1172500	-3433.6191041615443
1173000	-3437.1935802643566
1173500	-3427.750528723219
1174000	-3432.840059259736
1174500	-3440.907416047802
1175000	-3438.969519700115
1175500	-3440.0805346142715
1176000	-3442.072310118581
1176500	-3445.7231077111787
1177000	-3449.314569910216
1177500	-3440.5196945914267
1178000	-3447.798841621994
1178500	-3436.54599542834
1179000	-3450.8171409581487
1179500	-3456.161279635092
1180000	-3451.4295399680927
1180500	-3448.557216843317
1181000	-3436.925417186129
1181500	-3451.5401255095544
1182000	-3442.749275908179
1182500	-3440.1205967801825
1183000	-3437.1690564389146
1183500	-3431.1104806942767
1184000	-3441.4987221430897
1184500	-3447.61745412094
1185000	-3449.5167100238154
1185500	-3430.53060304093
1186000	-3440.8951899485487
1186500	-3437.71319041542
1187000	-3439.4337566279974
1187500	-3427.3300960393917
1188000	-3426.5872885709637
1188500	-3442.147936783472
1189000	-3458.283726806779
1189500	-3441.7132414019884
1190000	-3443.583601083417
1190500	-3450.162073687785
1191000	-3438.1600690767577
1191500	-3456.689153594584
1192000	-3452.4575709678675
1192500	-3437.7810003795657
1193000	-3438.1138108018836
1193500	-3435.1312268443403
1194000	-3439.5571732322055
1194500	-3450.088982959159
1195000	-3450.008095548618
1195500	-3438.964405943492
1196000	-3437.3306501347242
1196500	-3439.576213943365
1197000	-3438.801121273424
1197500	-3446.704571164564
1198000	-3438.461561935778
1198500	-3450.0683035653115
1199000	-3446.949264082736
1199500	-3445.739621125548
1200000	-3436.316699617228
1200500	-3434.093386931324
1201000	-3423.9426609723732
1201500	-3437.507117877402
1202000	-3438.2581022137483
1202500	-3448.8896571107202
1203000	-3444.0755674733573
1203500	-3436.253921308751
1204000	-3466.83176009953
1204500	-3451.746491907093
1205000	-3440.9499383222524
1205500	-3438.6436737463528
1206000	-3462.3875644790637
1206500	-3451.22834274619
1207000	-3453.447346740165
1207500	-3444.3970269132496
1208000	-3436.3101912349584
1208500	-3449.799061561342
1209000	-3455.346788546837
1209500	-3453.640336242707
1210000	-3431.2748077204997
1210500	-3459.3678064329238
1211000	-3443.6226276941134
1211500	-3455.4571250642607
1212000	-3437.7058265883597
1212500	-3450.6290646244656
1213000	-3460.327994525444
1213500	-3452.351494107602
1214000	-3433.4659172737042
1214500	-3439.478875489748
1215000	-3432.0992027251837
1215500	-3441.5977388349306
1216000	-3433.5083459955335
1216500	-3443.327686781223
1217000	-3446.4156838723543
1217500	-3447.420337775579
1218000	-3462.0040545024226
1218500	-3452.266217726486
1219000	-3458.1738330163926
1219500	-3428.764403827716
1220000	-3438.925316378127
1220500	-3450.580331021497
1221000	-3458.7564076204776
1221500	-3447.1194832725246
1222000	-3440.9176911631653
1222500	-3446.4913179448736
1223000	-3437.4154683696293
1223500	-3443.776974543304
1224000	-3453.8671315493953
1224500	-3453.5282825660165
1225000	-3443.139216430731
1225500	-3441.3283694591228
1226000	-3440.79433635294
1226500	-3446.029113390498
1227000	-3444.9828528258686
1227500	-3440.5160174964844
1228000	-3454.217319627224
1228500	-3440.2941099187083
1229000	-3449.0167799627648
1229500	-3440.6131089176815
1230000	-3449.154320712783
1230500	-3436.5795925982216
1231000	-3439.651425662848
1231500	-3441.276121337574
1232000	-3438.1731148923986
1232500	-3431.104185114419
1233000	-3435.7590415464206
1233500	-3474.3150262718077
1234000	-3438.318536957787
1234500	-3448.3044331845413
1235000	-3443.9018849912763
1235500	-3438.580189170051
1236000	-3441.7907449994304
1236500	-3450.7755306468703
1237000	-3446.168634489094
1237500	-3457.8574568726713
1238000	-3447.9466221776065
1238500	-3447.9473941621645
1239000	-3450.748008665835
1239500	-3440.822149639662
1240000	-3440.1140088143607
1240500	-3458.84899395216
1241000	-3457.650009914189
1241500	-3451.2467013877176
1242000	-3446.181053778068
1242500	-3449.2695222932207
1243000	-3447.5976666756196
1243500	-3449.091150180857
1244000	-3460.695029203784
1244500	-3452.7715236437075
1245000	-3451.4964418850104
1245500	-3448.531225666466
1246000	-3450.4164813943426
1246500	-3448.3222446543477
1247000	-3450.236594162281
1247500	-3461.9307072283286
1248000	-3442.3951192177874
1248500	-3459.4585404130903
1249000	-3443.2243628551932
1249500	-3438.0428859894787
1250000	-3448.260041240117
1250500	-3447.1668072382968
1251000	-3446.694544137856
1251500	-3438.4221461491875
1252000	-3450.154804438144
1252500	-3436.1616465760826
1253000	-3442.3141081771932
1253500	-3439.5294919117387
1254000	-3432.403734591123
1254500	-3453.4853807330505
1255000	-3448.7612480614885
1255500	-3454.2784030185558
1256000	-3443.1043669802016
1256500	-3436.161566328443
1257000	-3435.0871166686434
1257500	-3438.9788321603232
1258000	-3438.5885740864865
1258500	-3429.436802524615
1259000	-3425.710347445718
1259500	-3450.2648679801764
1260000	-3447.3621793982384
1260500	-3436.727056854057
1261000	-3447.993519958486
1261500	-3454.209888193957
1262000	-3448.450343624614
1262500	-3452.9915485325782
1263000	-3459.9425973201164
1263500	-3444.308233249912
1264000	-3445.3260081765866
1264500	-3450.896162271147
1265000	-3438.1487028086176
1265500	-3438.1851662877984
1266000	-3431.4784820374443
1266500	-3441.124181009639
1267000	-3459.7273861643484
1267500	-3442.9525510023313
1268000	-3442.4289121345687
1268500	-3434.709342738504
1269000	-3454.8961381802537
1269500	-3433.9289894587123
1270000	-3431.3651609433255
1270500	-3446.407874794982
1271000	-3440.9106961997554
1271500	-3441.35276626658
1272000	-3431.9593663217174
1272500	-3442.924303098991
1273000	-3434.3285494580955
1273500	-3439.6208877317245
1274000	-3434.698417274375
1274500	-3434.766409008776
1275000	-3427.489208054896
1275500	-3422.6108673203603
1276000	-3432.353466451929
1276500	-3458.01026134129
1277000	-3450.24639185569
1277500	-3446.488814085598
1278000	-3450.2001232528482
1278500	-3458.3877648029747
1279000	-3447.1979804779944
1279500	-3444.3148751462663
1280000	-3448.7512126128363
1280500	-3458.9402798832243
1281000	-3439.89668438196
1281500	-3443.888433578852
1282000	-3443.521829195173
1282500	-3438.487396195886
1283000	-3434.9217950609595
1283500	-3458.7193734567163
1284000	-3437.377609287966
1284500	-3444.1332077813595
1285000	-3436.809371145898
1285500	-3441.463844380544
1286000	-3435.4945157402176
1286500	-3440.036292926928
1287000	-3438.8813462395347
1287500	-3444.646266062842
1288000	-3444.498693969624
1288500	-3436.306321383037
1289000	-3459.231148919928
1289500	-3443.2096416465192
1290000	-3437.283534113934
1290500	-3435.435686196423
1291000	-3443.5092025731046
1291500	-3432.836855239754
1292000	-3431.027816573233
1292500	-3437.992867918723
1293000	-3442.3566641120988
1293500	-3438.894565624355
1294000	-3434.961801483766
1294500	-3444.4337428420035
1295000	-3460.6959637952345
1295500	-3449.7870134599043
1296000	-3445.9191955484566
1296500	-3429.8707576586053
1297000	-3434.094254827377
1297500	-3435.3203655931006
1298000	-3439.9006137804236
1298500	-3425.632301670741
1299000	-3445.6384852420288
1299500	-3440.8031753326904
1300000	-3452.7132430064307
1300500	-3439.042929318783
1301000	-3429.7365951406905
1301500	-3443.2502478804618
1302000	-3436.104764509777
1302500	-3440.5972698931528
1303000	-3461.7940062241646
1303500	-3432.2719739744284
1304000	-3442.388331144587
1304500	-3442.9295887162193
1305000	-3438.7584955182347
1305500	-3459.750200800899
1306000	-3456.3054087037303
1306500	-3453.636970083667
1307000	-3448.976810517532
1307500	-3450.1358664641734
1308000	-3441.181293518174
1308500	-3443.662684106534
1309000	-3451.373073352096
1309500	-3450.1009419562142
1310000	-3452.5529811698734
1310500	-3457.2784866238076
1311000	-3453.0587378683194
1311500	-3457.0774952654997
1312000	-3461.128361401234
1312500	-3437.98050616591
1313000	-3444.9004938564567
1313500	-3451.4497891208493
1314000	-3438.558352128013
1314500	-3443.768077212894
1315000	-3452.870001733926
1315500	-3439.4227213236563
1316000	-3439.011040742607
1316500	-3449.511252714772
1317000	-3434.767234065527
1317500	-3437.2284293783923
1318000	-3437.546348691876
1318500	-3448.4384934022196
1319000	-3451.7692895787945
1319500	-3427.7841604519704
1320000	-3446.0349718266148
1320500	-3448.9925515414975
1321000	-3446.8901230652114
1321500	-3445.750174653889
1322000	-3440.8294134108787
1322500	-3434.8721400603818
1323000	-3450.087254276561
1323500	-3435.56444599842
1324000	-3449.2872849273704
1324500	-3439.1212985232173
1325000	-3467.0644924096473
1325500	-3438.6564620579156
1326000	-3430.8968033794827
1326500	-3439.2861174774916
1327000	-3430.921426021215
1327500	-3454.2901620700277
1328000	-3449.8288146905847
1328500	-3452.097691587731
1329000	-3438.2365485736714
1329500	-3439.283919817724
1330000	-3438.628744653095
1330500	-3452.2508788396535
1331000	-3442.8406975746607
1331500	-3451.539726394045
1332000	-3463.896296188914
1332500	-3459.7024083072765
1333000	-3442.3256848534143
1333500	-3441.6281787284292
1334000	-3433.3543300586775
1334500	-3442.8282249432696
1335000	-3453.948760871375
1335500	-3436.3587498929173
1336000	-3448.5902508207214
1336500	-3452.5172633521947
1337000	-3436.175379206156
1337500	-3451.4945394608694
1338000	-3463.945991054336
1338500	-3447.507917707339
1339000	-3441.0820298885046
1339500	-3453.2931789578447
1340000	-3445.26945443025
1340500	-3453.1340091830702
1341000	-3454.474938863544
1341500	-3454.5374308808696
1342000	-3451.789850782835
1342500	-3444.019717623512
1343000	-3443.613931135069
1343500	-3443.6048427655055
1344000	-3442.0749925543005
1344500	-3441.1599625856848
1345000	-3457.0497015131205
1345500	-3461.7321538897163
1346000	-3449.1282983357332
1346500	-3454.727849240281
1347000	-3455.3737186346857
1347500	-3438.036193252758
1348000	-3438.359435917386
1348500	-3457.4466570036184
1349000	-3447.9590901653887
1349500	-3449.7120935306207
1350000	-3449.509177832059
1350500	-3443.5023024910265
1351000	-3445.2912343660837
1351500	-3440.8930278867215
1352000	-3446.610508850608
1352500	-3453.1181202354796
1353000	-3449.642084260413
1353500	-3452.344568707902
1354000	-3461.1517698003195
1354500	-3446.652208373851
1355000	-3439.7614063835726
1355500	-3433.729108714984
1356000	-3443.4045904158857
1356500	-3451.6867276023518
1357000	-3444.7894504445853
1357500	-3462.0025892526414
1358000	-3448.3342983824186
1358500	-3447.3858549365605
1359000	-3434.067372363613
1359500	-3452.0828719413635
1360000	-3435.7115205138753
1360500	-3436.4029648152305
1361000	-3454.588836003627
1361500	-3441.5098094254495
1362000	-3436.6511106596354
1362500	-3430.8628955093072
1363000	-3437.380519810742
1363500	-3425.094785460781
1364000	-3434.1702487968314
1364500	-3448.656274166663
1365000	-3444.685858230223
1365500	-3441.511995964479
1366000	-3465.5791482648597
1366500	-3441.053919624989
1367000	-3449.239205185592
1367500	-3451.1118828962526
1368000	-3472.6235871813697
1368500	-3452.2833397017434
1369000	-3434.1198811999666
1369500	-3435.8915079737167
1370000	-3438.9977166708045
1370500	-3444.3057494821605
1371000	-3440.4201082713344
1371500	-3433.018350919155
1372000	-3455.2405911104465
1372500	-3444.073682373082
1373000	-3436.5813513616613
1373500	-3449.031363735514
1374000	-3447.341875186174
1374500	-3436.5773141081045
1375000	-3443.850040209116
1375500	-3427.2293106015536
1376000	-3451.770457566069
1376500	-3444.059990851236
1377000	-3446.4099679908845
1377500	-3439.8677952540693
1378000	-3434.3283975287222
1378500	-3446.7848726522816
1379000	-3434.811716861385
1379500	-3461.4162831432122
1380000	-3427.9209214495013
1380500	-3439.6698961033094
1381000	-3439.7469548804233
1381500	-3439.0782328815385
1382000	-3437.0994986729615
1382500	-3437.2356159314622
1383000	-3436.171717008279
1383500	-3441.2885692994237
1384000	-3441.0404877742544
1384500	-3442.2766436131524
1385000	-3456.5003725739057
1385500	-3444.5769815280973
1386000	-3439.2672103824466
1386500	-3436.7904097579635
1387000	-3447.2983182845032
1387500	-3445.98558736424
1388000	-3449.043373827286
1388500	-3434.4127106048822
1389000	-3452.9563755096583
1389500	-3450.2509210670983
1390000	-3464.8561493500856
1390500	-3463.213399682328
1391000	-3438.97762427732
1391500	-3431.769871491885
1392000	-3427.4571550193655
1392500	-3435.8001691616237
1393000	-3443.6555770946156
1393500	-3431.779587720077
1394000	-3429.891641773295
1394500	-3446.701009082051
1395000	-3431.3811250429153
1395500	-3439.767812914037
1396000	-3456.0241016764026
1396500	-3445.3396263019126
1397000	-3435.218487730488
1397500	-3450.3369514127985
1398000	-3443.546253033609
1398500	-3452.3796002762556
1399000	-3432.282068203147
1399500	-3438.8657949896565
1400000	-3448.3116903978794
1400500	-3446.2020018146995
1401000	-3466.142844927175
1401500	-3462.5804437541897
1402000	-3458.418800408727
1402500	-3438.268761741705
1403000	-3440.9930962642075
1403500	-3446.0238845313484
1404000	-3459.8576415129273
1404500	-3444.594906935708
1405000	-3448.277575672289
1405500	-3433.299639357489
1406000	-3437.568141481794
1406500	-3438.78405237956
1407000	-3442.0240584725807
1407500	-3450.663847258798
1408000	-3443.454525275629
1408500	-3446.578439294229
1409000	-3448.831137564854
1409500	-3432.6425009710188
1410000	-3435.656571037904
1410500	-3439.748267920954
1411000	-3456.7655350738146
1411500	-3443.5998282834134
1412000	-3441.7698685493187
1412500	-3450.0785592808766
1413000	-3448.669364319196
1413500	-3450.0676316036984
1414000	-3454.1322385432813
1414500	-3437.0532815247375
1415000	-3440.7452161086026
1415500	-3446.2591579886457
1416000	-3429.2169056162434
1416500	-3430.4226031583653
1417000	-3439.6379710439705
1417500	-3439.32330372251
1418000	-3440.819511798995
1418500	-3434.159415870754
1419000	-3443.832492334344
1419500	-3431.7784497988887
1420000	-3431.5982136157513
1420500	-3439.1759801716703
1421000	-3449.865654615408
1421500	-3442.4650346682884
1422000	-3454.5576483176783
1422500	-3435.68970124153
1423000	-3433.92392445058
1423500	-3441.956450084828
1424000	-3441.259720608739
1424500	-3436.206142986698
1425000	-3435.869641350052
1425500	-3439.416705481711
1426000	-3432.171018112558
1426500	-3437.588507941271
1427000	-3438.1236430094727
1427500	-3439.4563473177463
1428000	-3439.51660560054
1428500	-3447.036385630373
1429000	-3430.6393595756203
1429500	-3432.3351951473937
1430000	-3437.7095261076224
1430500	-3435.9159556220648
1431000	-3432.5170619331625
1431500	-3441.6799307595284
1432000	-3445.9710742714074
1432500	-3458.7475585064144
1433000	-3445.446806914
1433500	-3434.0627739872943
1434000	-3446.0299308278854
1434500	-3450.2238310120224
1435000	-3424.0007505598096
1435500	-3430.6846668172743
1436000	-3435.0541548062606
1436500	-3441.8154594570165
1437000	-3447.7160454240907
1437500	-3430.4308284987205
1438000	-3453.246258524593
1438500	-3439.4636797644066
1439000	-3449.574319301888
1439500	-3455.116091501919
1440000	-3428.2139854188763
1440500	-3448.8265912848187
1441000	-3434.913934881258
1441500	-3441.348521042809
1442000	-3435.6790584894175
1442500	-3447.5364074958047
1443000	-3440.5678433820945
1443500	-3443.4238269996713
1444000	-3441.5830044751615
1444500	-3438.5677196154106
1445000	-3433.5854735661087
1445500	-3447.498798075688
1446000	-3441.135651765856
1446500	-3459.2860222367353
1447000	-3441.576215780012
1447500	-3447.521404996389
1448000	-3441.318838901465
1448500	-3442.5148491704463
1449000	-3445.986336820774
1449500	-3441.366800529305
1450000	-3448.7392035078365
1450500	-3467.61064361636
1451000	-3451.019964946538
1451500	-3456.9379509672253
1452000	-3453.9299728393166
1452500	-3445.085330985866
1453000	-3435.4059647493696
1453500	-3448.847258638715
1454000	-3434.355689681586
1454500	-3447.5379921098324
1455000	-3452.525980945217
1455500	-3461.5010621161864
1456000	-3445.7351818777533
1456500	-3451.7872075742093
1457000	-3447.8704130109936
1457500	-3470.244677871297
1458000	-3439.4717691512456
1458500	-3449.669578839049
1459000	-3441.6386494995772
1459500	-3436.8733588147416
1460000	-3434.1323150703183
1460500	-3444.9901549077226
1461000	-3427.866679070691
1461500	-3451.5645810612486
1462000	-3446.1683227808508
1462500	-3440.4566476258005
1463000	-3441.4778977526976
1463500	-3435.6756149106236
1464000	-3453.548028674503
1464500	-3440.66540473298
1465000	-3443.333316823683
1465500	-3452.73374365545
1466000	-3431.62818087497
1466500	-3426.2361399796896
1467000	-3443.0963373884597
1467500	-3443.1480259933205
1468000	-3435.795362666315
1468500	-3440.58376137996
1469000	-3440.3083745824897
1469500	-3461.0595551558295
1470000	-3429.6549404241046
1470500	-3451.1147252009246
1471000	-3425.228519953933
1471500	-3427.445484192856
1472000	-3450.0979139441133
1472500	-3454.662703245438
1473000	-3447.340982132097
1473500	-3455.535570322074
1474000	-3438.0192088205918
1474500	-3432.775827073868
1475000	-3447.0728502218176
1475500	-3429.94877348581
1476000	-3432.1372407064873
1476500	-3452.374710732516
1477000	-3446.7958707319217
1477500	-3441.2044372400765
1478000	-3432.134603751942
1478500	-3441.3335274438937
1479000	-3453.0537758527835
1479500	-3460.206988593084
1480000	-3457.523420805455
1480500	-3452.9275771569655
1481000	-3469.2270986070544
1481500	-3456.9992221318744
1482000	-3443.036588631431
1482500	-3449.4225922330197
1483000	-3471.217354319911
1483500	-3462.876147885341
1484000	-3452.4867692043667
1484500	-3441.9841459014997
1485000	-3438.1276658219253
1485500	-3439.700526173633
1486000	-3457.3492694844936
1486500	-3442.5349578485943
1487000	-3424.570539457037
1487500	-3433.901983788287
1488000	-3437.76203913212
1488500	-3447.950180313641
1489000	-3437.520634317778
1489500	-3441.4228627861953
1490000	-3434.3563162896894
1490500	-3438.1827242153454
1491000	-3421.6913228607236
1491500	-3453.2015839475584
1492000	-3441.0750313864764
1492500	-3437.2066999028675
1493000	-3444.8830497888052
1493500	-3441.7074786293347
1494000	-3437.5409155439543
1494500	-3433.2637247572256
1495000	-3444.736163025197
1495500	-3442.2627174588742
1496000	-3432.28606771363
1496500	-3426.7721043003735
1497000	-3440.9304127135847
1497500	-3448.6028514933328
1498000	-3439.9252740642683
1498500	-3448.3727978804422
1499000	-3435.918762532308
1499500	-3450.1149066097246
1500000	-3448.5914744024535
