Sample	likelihood
0	-3448.8205989776197
500	-3444.650611271421
1000	-3439.679448910711
1500	-3450.570770966365
2000	-3441.0600824242474
2500	-3436.4404677705375
3000	-3442.031558348338
3500	-3436.8110342794416
4000	-3457.7250706665795
4500	-3450.7375551360874
5000	-3450.4879874242024
5500	-3458.7729426465107
6000	-3464.082054017994
6500	-3456.079922096991
7000	-3461.0331596012284
7500	-3465.689513052031
8000	-3458.017168977564
8500	-3452.8600031460073
9000	-3451.926776000453
9500	-3465.1520964572533
10000	-3455.9488444611043
10500	-3466.0758957335115
11000	-3450.9375398385396
11500	-3446.0615144394765
12000	-3455.55947424925
12500	-3440.2469685105516
13000	-3451.073461257542
13500	-3444.574363453138
14000	-3447.269503273327
14500	-3442.6859259042485
15000	-3466.2211472473564
15500	-3460.63181873875
16000	-3439.3692316071324
16500	-3453.6827799359057
17000	-3462.426542031806
17500	-3462.6762431305087
18000	-3472.4402683178305
18500	-3452.8237121968696
19000	-3445.8623816029653
19500	-3452.8470688934412
20000	-3485.598406218102
20500	-3447.4658375765607
21000	-3450.8563311218895
21500	-3438.034445091425
22000	-3432.9360898919213
22500	-3430.347307607184
23000	-3448.67076265948
23500	-3447.6184987635434
24000	-3439.1830282613328
24500	-3432.4546509955762
25000	-3445.765096459261
25500	-3451.9926591981593
26000	-3440.4839375871966
26500	-3446.489880439432
27000	-3455.37255888345
27500	-3430.5375901908446
28000	-3449.7638392385134
28500	-3432.4643785306625
29000	-3440.8419925071476
29500	-3453.047209420993
30000	-3424.3166570768676
30500	-3440.286442148792
31000	-3428.946711467316
31500	-3435.8653365727855
32000	-3438.1620534644762
32500	-3440.475312417588
33000	-3443.050208578526
33500	-3465.2081504470243
34000	-3452.5993499863393
34500	-3446.24957008438
35000	-3442.3828515693144
35500	-3441.279088053651
36000	-3452.7947951096826
36500	-3447.4812959210362
37000	-3453.526449051356
37500	-3438.984970137732
38000	-3455.91811950237
38500	-3441.105846161663
39000	-3447.1642734402103
39500	-3438.4999085626346
40000	-3436.4082480136212
40500	-3442.511554941051
41000	-3434.157243768193
41500	-3427.3479812566225
42000	-3440.1435127015416
42500	-3435.5510213032576
43000	-3436.9275334926165
43500	-3447.676884504207
44000	-3457.8114362715114
44500	-3430.1947553495384
45000	-3433.4624278230735
45500	-3436.984254942993
46000	-3439.442548588127
46500	-3440.308957238924
47000	-3458.8998565898532
47500	-3460.8862365564373
48000	-3468.6549629226333
48500	-3451.0505612116135
49000	-3436.6889880716935
49500	-3443.3830099752586
50000	-3470.155674078687
50500	-3450.298111128029
51000	-3462.8056535520395
51500	-3452.0629002643936
52000	-3441.657510036156
52500	-3472.819353251296
53000	-3449.048782406308
53500	-3436.2325955893903
54000	-3465.2720426604446
54500	-3435.398888012631
55000	-3448.370818587122
55500	-3445.8664943689646
56000	-3437.0654758817086
56500	-3449.1864156478164
57000	-3462.2964814407583
57500	-3441.6194354212716
58000	-3435.5977783057706
58500	-3441.538593321729
59000	-3436.5069149091687
59500	-3459.4746963634616
60000	-3447.127440237471
60500	-3456.29277385493
61000	-3438.1340695676095
61500	-3445.715742720458
62000	-3446.2364756333664
62500	-3449.037135287558
63000	-3432.235929546558
63500	-3451.3209683440027
64000	-3456.9337658581544
64500	-3444.3550153788274
65000	-3451.9340005406325
65500	-3447.4136453514748
66000	-3449.8341042399798
66500	-3448.8872634739573
67000	-3457.1099678435403
67500	-3452.1379917549116
68000	-3445.1534243842184
68500	-3434.4811033269402
69000	-3440.71907689754
69500	-3444.093679388724
70000	-3443.1262654928805
70500	-3455.8891739310952
71000	-3451.3014186268597
71500	-3452.7701647675594
72000	-3445.40944085754
72500	-3469.1194957294115
73000	-3465.0195051573646
73500	-3458.9163577193267
74000	-3444.6251629217386
74500	-3440.2338571260825
75000	-3439.1243391810794
75500	-3443.788150933478
76000	-3444.6801989293704
76500	-3442.460190464371
77000	-3456.4110013313284
77500	-3462.882707905132
78000	-3444.5368411143336
78500	-3445.446846092139
79000	-3442.9060499744787
79500	-3442.3729081771235
80000	-3440.9764695484837
80500	-3459.292950073736
81000	-3434.402027396264
81500	-3448.7742112851615
82000	-3434.4859206393344
82500	-3440.4126142643067
83000	-3472.788333797395
83500	-3441.988631592548
84000	-3443.8965417791674
84500	-3440.6649066191085
85000	-3453.232933821366
85500	-3445.822172761939
86000	-3439.5001135464927
86500	-3440.0853481447243
87000	-3444.930663450594
87500	-3453.4853781739703
88000	-3458.0454521152783
88500	-3446.8325072262114
89000	-3453.6519570736496
89500	-3444.3442366964964
90000	-3438.3505821404033
90500	-3446.4541807310657
91000	-3453.7610992516456
91500	-3458.7167792313003
92000	-3451.3523726286626
92500	-3444.224012914957
93000	-3449.1639567743314
93500	-3449.1195208168892
94000	-3431.0868858514914
94500	-3433.1341238674727
95000	-3460.1015759394413
95500	-3449.872510360684
96000	-3472.215522815475
96500	-3446.1542033655364
97000	-3431.392127074769
97500	-3456.0021823715556
98000	-3438.947913144146
98500	-3451.233340245539
99000	-3450.2416354576712
99500	-3449.2804373587405
100000	-3446.3538316430872
100500	-3442.679854233652
101000	-3440.354191622558
101500	-3441.43960070255
102000	-3433.44241084722
102500	-3433.6060522861403
103000	-3453.456938725179
103500	-3447.187640720217
104000	-3438.934796674116
104500	-3431.4913245441057
105000	-3443.8378432374006
105500	-3448.262491993163
106000	-3452.6656127421957
106500	-3458.550450215631
107000	-3467.3673973876303
107500	-3458.103661897216
108000	-3456.8830165711524
108500	-3456.090409430618
109000	-3441.58633366987
109500	-3439.4123203549884
110000	-3434.81521788752
110500	-3461.6988384416654
111000	-3446.7897611647213
111500	-3443.652087348337
112000	-3464.4890136846598
112500	-3445.0557398042306
113000	-3456.588622183882
113500	-3455.1912312181157
114000	-3445.748276470907
114500	-3438.2486959244884
115000	-3426.8053390300292
115500	-3439.474074335474
116000	-3440.960072270979
116500	-3438.498250684747
117000	-3472.759362895158
117500	-3446.6026966400186
118000	-3445.3404225511445
118500	-3448.800731178455
119000	-3441.908454347697
119500	-3455.0152265038932
120000	-3447.1991640320184
120500	-3457.87067849031
121000	-3439.3885059493937
121500	-3428.073186691189
122000	-3459.368286515895
122500	-3446.305247443385
123000	-3431.286681588191
123500	-3441.9342433353554
124000	-3452.474899256583
124500	-3453.49750574903
125000	-3437.0735396240016
125500	-3448.723245202862
126000	-3433.538288825376
126500	-3447.1564051691394
127000	-3434.3699059776486
127500	-3431.8317242026906
128000	-3449.309950564571
128500	-3437.9038256126705
129000	-3440.2039923156312
129500	-3436.2600574433536
130000	-3434.3778187217886
130500	-3432.555076013807
131000	-3431.9806285674017
131500	-3448.222840408203
132000	-3450.1369113155492
132500	-3449.13104053877
133000	-3433.7204927475423
133500	-3434.8785538039856
134000	-3429.878793439027
134500	-3450.5822175008466
135000	-3438.229077330371
135500	-3450.578883103566
136000	-3438.7456670462566
136500	-3438.422435646177
137000	-3442.6046411943357
137500	-3450.9146931700056
138000	-3436.9476821125586
138500	-3437.924101802962
139000	-3429.256284740972
139500	-3454.726642833423
140000	-3436.968816496902
140500	-3442.8446673630297
141000	-3443.4232270436864
141500	-3460.863245951547
142000	-3440.498430140929
142500	-3439.5418689429753
143000	-3441.869296531882
143500	-3451.83827196698
144000	-3451.1478236671705
144500	-3446.021652856766
145000	-3422.9767646199184
145500	-3441.667216512597
146000	-3442.4130077856985
146500	-3439.9619287475366
147000	-3436.1854336783294
147500	-3459.6998249888547
148000	-3449.2692181330817
148500	-3451.4344745168164
149000	-3439.028043363998
149500	-3442.005638099326
150000	-3452.19380632097
150500	-3438.2583270690775
151000	-3446.820068333549
151500	-3435.839623287879
152000	-3426.5702663569905
152500	-3431.7660402263555
153000	-3443.9548539211
153500	-3456.732953685548
154000	-3455.9089636684357
154500	-3449.4593914598418
155000	-3449.1875311930103
155500	-3453.019295387552
156000	-3445.074159681208
156500	-3454.5178228015197
157000	-3468.3272240875003
157500	-3444.5313587337428
158000	-3443.9121787495924
158500	-3451.812306982462
159000	-3441.794029337911
159500	-3454.8201516167396
160000	-3461.2625964221484
160500	-3447.3154719434383
161000	-3460.8335907621104
161500	-3444.5577729966176
162000	-3437.6725255564284
162500	-3446.79668694589
163000	-3435.4252465436252
163500	-3437.7368216282007
164000	-3452.2449973890216
164500	-3453.769122621631
165000	-3455.6964471746383
165500	-3438.6392341950377
166000	-3430.851217292228
166500	-3443.6571743564164
167000	-3444.600465414247
167500	-3453.2875792464156
168000	-3465.699786300894
168500	-3439.701625528258
169000	-3453.8928438982184
169500	-3457.163527433227
170000	-3457.0346131211013
170500	-3442.0259094902412
171000	-3449.0392746528823
171500	-3447.4821952420402
172000	-3444.08164890166
172500	-3431.5099058394126
173000	-3440.6650852227153
173500	-3454.5773842669496
174000	-3441.575859959164
174500	-3477.4191908988782
175000	-3463.6215564266568
175500	-3440.7223974306007
176000	-3445.6766580021335
176500	-3454.1197429065214
177000	-3453.9252943299725
177500	-3459.14755467009
178000	-3452.0351059005966
178500	-3456.1283215375315
179000	-3468.221764767033
179500	-3446.2490133050565
180000	-3461.855633854886
180500	-3452.940716219484
181000	-3442.2431762684178
181500	-3441.731447199495
182000	-3472.104800782956
182500	-3460.9802549961546
183000	-3459.756613878746
183500	-3454.414183227497
184000	-3437.6293740112887
184500	-3442.0303661696516
185000	-3440.1206406772503
185500	-3443.475536397047
186000	-3444.3454913522505
186500	-3452.806045426175
187000	-3451.5382221541226
187500	-3451.8975573160815
188000	-3473.9064269582573
188500	-3440.672090487821
189000	-3440.7289627491477
189500	-3457.4649640078633
190000	-3445.9421838694984
190500	-3472.3834684477174
191000	-3439.9734328762897
191500	-3433.8896379485086
192000	-3456.936885242094
192500	-3442.863110249299
193000	-3443.868170047901
193500	-3443.3484451178165
194000	-3450.1505988092986
194500	-3451.2958939206014
195000	-3445.7523747732107
195500	-3445.876837278396
196000	-3433.6245926519655
196500	-3452.352037803813
197000	-3439.9572362699296
197500	-3446.877791016715
198000	-3445.759293013693
198500	-3459.680202054042
199000	-3455.2077492706157
199500	-3439.7565779046795
200000	-3453.8630589349264
200500	-3455.4211230858846
201000	-3445.661625634633
201500	-3456.515354511418
202000	-3456.7545858608655
202500	-3442.2097242370464
203000	-3454.8099142697547
203500	-3452.5831283595185
204000	-3453.518300667489
204500	-3465.7281803163432
205000	-3439.5007127087033
205500	-3454.673258565385
206000	-3457.8090926970003
206500	-3451.660979892912
207000	-3453.4143714300085
207500	-3446.20870254912
208000	-3445.89473357713
208500	-3456.6060882972934
209000	-3462.101210124717
209500	-3453.9672999096942
210000	-3452.6171019443527
210500	-3476.834846477292
211000	-3468.7072321079586
211500	-3474.0308869174874
212000	-3461.1234183178944
212500	-3463.853199288597
213000	-3464.619319424394
213500	-3471.1059008646494
214000	-3482.913863710594
214500	-3472.1816563745615
215000	-3457.3757373122107
215500	-3444.196080101816
216000	-3434.776742607485
216500	-3449.9445443616146
217000	-3464.941742973746
217500	-3442.5923126741386
218000	-3437.417306283702
218500	-3449.301498205847
219000	-3449.460322559705
219500	-3432.1689501093592
220000	-3452.385820477172
220500	-3445.729412464615
221000	-3444.0403511170375
221500	-3440.4374865733403
222000	-3458.9305638940737
222500	-3462.1284258448113
223000	-3438.6055363029577
223500	-3460.7462706461583
224000	-3442.1074857904528
224500	-3470.9423945491767
225000	-3456.1984011795284
225500	-3438.3760717707287
226000	-3451.890237128351
226500	-3463.4952231294437
227000	-3482.587497094342
227500	-3471.2240286632364
228000	-3474.255052119155
228500	-3467.582611128214
229000	-3462.407498510786
229500	-3460.4014118755344
230000	-3440.300730453578
230500	-3438.0307149507234
231000	-3437.5687006821545
231500	-3437.025300738534
232000	-3437.9326062236255
232500	-3449.835262900714
233000	-3467.889593140945
233500	-3470.762171689533
234000	-3460.3526499855193
234500	-3458.9232224159905
235000	-3457.154019874037
235500	-3482.361661811492
236000	-3466.414057576483
236500	-3441.7167448578493
237000	-3456.8068086020503
237500	-3458.1117480665007
238000	-3455.4915478045305
238500	-3456.1469697202097
239000	-3472.064375739453
239500	-3453.1480770772973
240000	-3448.155741401322
240500	-3443.798775474273
241000	-3449.2500044938292
241500	-3442.5964027940245
242000	-3466.681142776274
242500	-3436.519928173937
243000	-3438.4839431739315
243500	-3447.085985033487
244000	-3465.104936220087
244500	-3455.8211934862775
245000	-3443.358993856422
245500	-3451.722180528252
246000	-3468.849443053737
246500	-3452.4435290631072
247000	-3455.0707601832196
247500	-3440.1040438128575
248000	-3444.0492645015215
248500	-3439.8224175328605
249000	-3438.414529279386
249500	-3447.0471309408613
250000	-3450.8102101514796
250500	-3449.734958914952
251000	-3439.470798110425
251500	-3456.7410826393293
252000	-3436.228754212954
252500	-3450.7664593946633
253000	-3436.7541574601278
253500	-3438.892790353579
254000	-3458.0197886902947
254500	-3465.7109818215386
255000	-3437.810669007679
255500	-3442.9717749301085
256000	-3447.7531398211427
256500	-3433.5800254099904
257000	-3440.6567797365724
257500	-3426.252188752351
258000	-3434.6771231581865
258500	-3441.3198823554294
259000	-3444.455933902147
259500	-3443.849347564097
260000	-3438.8312184514134
260500	-3440.6520482729657
261000	-3434.01629319625
261500	-3447.3159175726555
262000	-3452.651125864813
262500	-3444.687020797468
263000	-3435.9073935429637
263500	-3437.8170458911304
264000	-3462.036324072
264500	-3463.580239198332
265000	-3476.9166408391816
265500	-3437.9295113393796
266000	-3443.398104385209
266500	-3463.467333107694
267000	-3464.145691689709
267500	-3442.6254073005734
268000	-3442.8252334015287
268500	-3448.453680120718
269000	-3450.4898284375936
269500	-3440.099049721043
270000	-3436.50593059019
270500	-3440.2162996059396
271000	-3467.1846459085295
271500	-3468.441080633967
272000	-3453.2377702754015
272500	-3471.5707345847504
273000	-3458.8027755371368
273500	-3447.3827319303514
274000	-3446.7885139883115
274500	-3440.3844857559334
275000	-3454.693817375185
275500	-3440.9775382211483
276000	-3441.7827575791175
276500	-3456.4143287445713
277000	-3439.329562028483
277500	-3428.2482804230212
278000	-3435.8540783683557
278500	-3455.2261708333754
279000	-3440.745932594737
279500	-3438.954156008418
280000	-3447.936553863212
280500	-3449.2443822121263
281000	-3448.3647336314943
281500	-3436.4973725237683
282000	-3446.402710967512
282500	-3432.2518575505123
283000	-3443.523571673415
283500	-3445.924268474895
284000	-3435.317244881004
284500	-3435.9250784017345
285000	-3435.4258167225557
285500	-3435.5350233267886
286000	-3436.1628174177795
286500	-3440.0419003224106
287000	-3436.771190238228
287500	-3434.600693700804
288000	-3428.446836606867
288500	-3440.8318077030526
289000	-3440.6726786294794
289500	-3435.6844929661474
290000	-3441.1657794314483
290500	-3445.9377950761304
291000	-3455.3335005367194
291500	-3449.094053558062
292000	-3455.4498950533043
292500	-3444.381216607238
293000	-3437.977372914328
293500	-3439.278228012399
294000	-3440.8025881355943
294500	-3457.6678021958082
295000	-3455.0370353366957
295500	-3438.060069370785
296000	-3451.220071665958
296500	-3448.277032969938
297000	-3425.984077896984
297500	-3440.97860832708
298000	-3455.0764759516014
298500	-3447.1908407766173
299000	-3434.9041984783635
299500	-3454.3614824362367
300000	-3430.9174286832636
300500	-3437.014616463866
301000	-3458.1335184673967
301500	-3454.2631202951843
302000	-3442.2636430839557
302500	-3459.629702565937
303000	-3451.541423345108
303500	-3443.8243290838864
304000	-3448.0407866238584
304500	-3441.8680138675886
305000	-3460.652480079173
305500	-3448.114227173555
306000	-3449.038011083697
306500	-3441.9716142480543
307000	-3454.30686783782
307500	-3433.5133578712534
308000	-3457.8029437576733
308500	-3455.151765840107
309000	-3445.483720643262
309500	-3453.8079376146684
310000	-3447.783322763973
310500	-3442.678517116682
311000	-3433.246902438877
311500	-3456.2528147553567
312000	-3463.45154510417
312500	-3463.427497632529
313000	-3449.84566627334
313500	-3454.9870147901865
314000	-3433.4081613961243
314500	-3464.528932335933
315000	-3443.9338092405624
315500	-3449.768794449711
316000	-3446.658931097726
316500	-3440.7803961934133
317000	-3454.278704659333
317500	-3454.7669254308344
318000	-3454.6250089676446
318500	-3472.262473092746
319000	-3427.6529693520756
319500	-3452.265029233794
320000	-3434.4496891251943
320500	-3446.6609197884263
321000	-3469.6348896726677
321500	-3433.684790886736
322000	-3454.7331267691293
322500	-3451.39294019583
323000	-3455.7718786701544
323500	-3455.7075011683382
324000	-3435.5236037536506
324500	-3458.2524273452855
325000	-3457.1926592593422
325500	-3444.699555157787
326000	-3433.699929781194
326500	-3429.5533412852537
327000	-3434.478561706437
327500	-3450.413563070053
328000	-3469.945578046911
328500	-3449.486799544247
329000	-3478.956899371644
329500	-3469.553508791557
330000	-3459.833567138836
330500	-3478.7049135967745
331000	-3455.392853260623
331500	-3456.8254108269357
332000	-3442.018998239595
332500	-3443.617953090527
333000	-3455.1884113602764
333500	-3453.168354067532
334000	-3442.0225996928516
334500	-3444.8223924998383
335000	-3441.3784972619173
335500	-3447.8014828141722
336000	-3453.585808309944
336500	-3436.936016339267
337000	-3442.9572896075747
337500	-3444.3652109541167
338000	-3452.5504654020256
338500	-3447.887349246742
339000	-3436.799930936972
339500	-3435.3921542980374
340000	-3440.1276206237967
340500	-3447.395953798198
341000	-3434.756609963163
341500	-3440.4745393964818
342000	-3437.935954539038
342500	-3430.7835445625246
343000	-3444.6153411703162
343500	-3434.452120399756
344000	-3441.1286375831082
344500	-3446.0704473241894
345000	-3451.9407214530456
345500	-3445.2482781851586
346000	-3448.5081532991817
346500	-3464.907387412507
347000	-3478.3535416752584
347500	-3445.236757522937
348000	-3441.242443939029
348500	-3452.7949015324534
349000	-3438.476176364547
349500	-3438.662650669233
350000	-3428.9741080666686
350500	-3456.7164798859517
351000	-3440.6617258481174
351500	-3442.2630561983287
352000	-3428.7769484428677
352500	-3444.3147598498385
353000	-3444.3312349472008
353500	-3426.7451409646565
354000	-3446.8747012334497
354500	-3458.226905861484
355000	-3452.411141280426
355500	-3451.532219134372
356000	-3455.3317263252643
356500	-3442.7290318089317
357000	-3440.1708415743315
357500	-3447.0252573415587
358000	-3459.4974594655996
358500	-3449.434378339902
359000	-3447.561011138344
359500	-3430.8780980518345
360000	-3439.233327435826
360500	-3441.46253542512
361000	-3448.688504028543
361500	-3449.465172675814
362000	-3444.8344489158776
362500	-3471.5668196138795
363000	-3435.7286000511626
363500	-3448.7151163515587
364000	-3437.876864106033
364500	-3455.420666975509
365000	-3446.170059095872
365500	-3440.3097797159808
366000	-3454.87039157249
366500	-3436.749785972116
367000	-3434.7644357607596
367500	-3450.756814728275
368000	-3434.227426188608
368500	-3434.080997441793
369000	-3435.259261993388
369500	-3447.312151857629
370000	-3465.2108610935065
370500	-3457.8927979360583
371000	-3454.3284144895365
371500	-3435.374487496892
372000	-3449.6783398616503
372500	-3443.694732022467
373000	-3439.962745319815
373500	-3445.5822348112342
374000	-3453.182380802372
374500	-3441.51297133503
375000	-3438.193319433222
375500	-3432.6545993421923
376000	-3444.3911011513433
376500	-3432.1563445347924
377000	-3453.631554486812
377500	-3444.966500849454
378000	-3446.3366552053362
378500	-3435.5552041590595
379000	-3436.7773380594417
379500	-3453.475021601046
380000	-3466.7225536415413
380500	-3457.127416977695
381000	-3452.55142817782
381500	-3439.9942069408185
382000	-3464.569657306339
382500	-3449.538067079213
383000	-3436.3206437787167
383500	-3428.944814750628
384000	-3441.4983313035805
384500	-3435.1329095105352
385000	-3426.7564322977328
385500	-3432.6182548370075
386000	-3444.499703731052
386500	-3441.164883575622
387000	-3452.1204328465346
387500	-3446.225443841683
388000	-3433.2334516005676
388500	-3432.004243831872
389000	-3438.091254072717
389500	-3439.076390063221
390000	-3448.812522118899
390500	-3439.8630710788225
391000	-3448.1384665696983
391500	-3446.8553517117316
392000	-3432.906502070263
392500	-3450.0624274926713
393000	-3443.783635034472
393500	-3428.089680948257
394000	-3436.0559717903843
394500	-3446.1752627808114
395000	-3454.105050612811
395500	-3461.9825920151316
396000	-3450.0724886659523
396500	-3451.7684418561944
397000	-3444.4866298928005
397500	-3441.6698987559557
398000	-3429.5022287730526
398500	-3445.6305526602523
399000	-3449.550480322332
399500	-3452.4509520398765
400000	-3431.7124602541353
400500	-3438.6846595248467
401000	-3457.067447811077
401500	-3443.9865690185243
402000	-3456.228284668069
402500	-3437.4557804677715
403000	-3435.0673079219428
403500	-3440.6422901582046
404000	-3430.09433601301
404500	-3453.20326704904
405000	-3430.384990453907
405500	-3426.9618668393573
406000	-3433.0273375088223
406500	-3435.3563563218067
407000	-3440.29414688891
407500	-3435.214622529034
408000	-3438.094419087799
408500	-3445.9992806347796
409000	-3448.7602135456223
409500	-3438.12333309535
410000	-3452.310848883314
410500	-3448.95854256098
411000	-3455.5581608818043
411500	-3458.712638387893
412000	-3439.817268432097
412500	-3440.1663034038243
413000	-3456.373294279574
413500	-3431.4701101428614
414000	-3446.105330317486
414500	-3444.8230395253704
415000	-3433.375574593949
415500	-3453.0812386884368
416000	-3452.127996239063
416500	-3449.4658700069062
417000	-3451.58165544562
417500	-3456.4528049213054
418000	-3447.5853279176235
418500	-3430.5765581231394
419000	-3435.279017044913
419500	-3460.6707201357776
420000	-3437.67853503397
420500	-3441.716505655756
421000	-3438.4440621411272
421500	-3441.6243569069557
422000	-3448.518566650182
422500	-3453.479622918942
423000	-3448.9243621072255
423500	-3463.792683521205
424000	-3454.3001023086767
424500	-3445.882233270066
425000	-3455.5761487184795
425500	-3462.5298626181143
426000	-3443.7561789080855
426500	-3432.432089234153
427000	-3459.8612401132405
427500	-3466.6156817578544
428000	-3447.3877197126963
428500	-3451.8121977637275
429000	-3483.104838901379
429500	-3433.1674872298463
430000	-3434.921672778666
430500	-3457.643237154798
431000	-3452.1246678193847
431500	-3456.3368684372394
432000	-3463.3755464923456
432500	-3449.6385290659878
433000	-3463.161900972801
433500	-3449.0717777420214
434000	-3450.361858692591
434500	-3440.952818418557
435000	-3462.279654583791
435500	-3469.034670809734
436000	-3465.4508566290056
436500	-3447.0413081540505
437000	-3447.018007625859
437500	-3446.297227339828
438000	-3447.98365138291
438500	-3458.1324407654156
439000	-3453.0822901643546
439500	-3460.179244648088
440000	-3442.1999349990333
440500	-3448.1773750275456
441000	-3447.0305306911937
441500	-3443.0496498634325
442000	-3455.640598390976
442500	-3447.563284886309
443000	-3455.748261696418
443500	-3471.4531938619302
444000	-3464.3332447729304
444500	-3442.8949628259716
445000	-3464.2189442472545
445500	-3440.810157884624
446000	-3466.0847657367285
446500	-3450.1353880115826
447000	-3463.5070598552184
447500	-3455.146299634676
448000	-3457.264838067394
448500	-3443.5901052633717
449000	-3463.4155707795685
449500	-3449.6000126398562
450000	-3456.1626664038367
450500	-3456.8840589845536
451000	-3464.269381953938
451500	-3432.5355478730457
452000	-3432.7802932759987
452500	-3476.9550332857793
453000	-3443.212610089126
453500	-3451.6593464430584
454000	-3436.692638509029
454500	-3463.287162157662
455000	-3434.011493049897
455500	-3438.110615726346
456000	-3437.780498321426
456500	-3444.088929604275
457000	-3436.4390687175965
457500	-3452.293217685115
458000	-3458.8594266041764
458500	-3429.3947979226596
459000	-3447.2645643513993
459500	-3430.6404411192143
460000	-3438.9234773614294
460500	-3439.1259892105586
461000	-3438.7557121212485
461500	-3434.8252481685
462000	-3457.1257773265434
462500	-3443.477975145278
463000	-3435.387032639253
463500	-3426.6109628180143
464000	-3421.7980940988928
464500	-3434.5294504623607
465000	-3423.3170466469405
465500	-3434.7765296782163
466000	-3446.211792704634
466500	-3448.2070296007305
467000	-3444.10406504538
467500	-3444.2250682241697
468000	-3440.6364124634265
468500	-3441.751692842951
469000	-3447.0673090196274
469500	-3454.133047864286
470000	-3442.5994488957936
470500	-3448.331128953759
471000	-3444.0736608432267
471500	-3448.0661633542263
472000	-3436.9341060555457
472500	-3442.170027001878
473000	-3458.50760403733
473500	-3460.9749594987957
474000	-3470.2067462447994
474500	-3436.720785299147
475000	-3448.283057462514
475500	-3453.407057296927
476000	-3441.7950660115644
476500	-3447.8442256125268
477000	-3458.5236443992785
477500	-3452.684305955206
478000	-3467.7170106268095
478500	-3461.3206245633914
479000	-3447.7072278633177
479500	-3451.9024929573347
480000	-3447.774982928132
480500	-3439.147719678149
481000	-3448.5395652234633
481500	-3449.1569066015936
482000	-3442.896796797286
482500	-3436.6610745913936
483000	-3432.0181389987397
483500	-3457.8905521671795
484000	-3469.298322753082
484500	-3447.272083872517
485000	-3451.6793025370603
485500	-3474.383865949201
486000	-3459.1509166519195
486500	-3454.9506665604313
487000	-3442.0650966035805
487500	-3446.73255109866
488000	-3437.3605112939604
488500	-3447.871798335688
489000	-3448.046914212199
489500	-3447.0584792524087
490000	-3434.766524369923
490500	-3446.98059714115
491000	-3440.301553442401
491500	-3446.8008339381395
492000	-3444.148418838296
492500	-3445.974730837894
493000	-3433.21036636486
493500	-3433.8404990310255
494000	-3436.398017013944
494500	-3438.459798150746
495000	-3449.2447421565766
495500	-3448.6678753739793
496000	-3445.9555029796857
496500	-3434.248945020907
497000	-3437.9447787377376
497500	-3454.5635880921386
498000	-3429.823068314635
498500	-3437.6841151240023
499000	-3451.8750597796316
499500	-3444.2703459114464
500000	-3451.1266249120504
