Sample	likelihood
0	-3811.3441524764803
500	-3752.1750772314904
1000	-3827.69500845583
1500	-3772.2224810755997
2000	-3820.4325568808317
2500	-3815.051155206422
3000	-3829.3174786621075
3500	-3938.493154311662
4000	-3872.8180553203824
4500	-3903.662677821576
5000	-3920.1655102606114
5500	-3825.0986677565343
6000	-3952.711941230302
6500	-4036.655170147986
7000	-3922.384834027303
7500	-3897.0229902174874
8000	-3962.713960575882
8500	-3952.707737432149
9000	-3880.6279702245192
9500	-3880.6279702245192
10000	-3880.6279702245192
10500	-3885.707146921971
11000	-3857.992327649019
11500	-3867.592331668642
12000	-3988.24813398251
12500	-3897.879414062535
13000	-3870.8005417690797
13500	-3793.560310195065
14000	-3894.810907118729
14500	-3907.863626532166
15000	-3965.6149851156447
15500	-3969.1354567877465
16000	-3901.338751559411
16500	-3847.8485965091136
17000	-3939.646642412801
17500	-3918.3656525502033
18000	-4025.92431974487
18500	-3854.5160226564626
19000	-3961.944259810376
19500	-3935.6401750913633
20000	-3919.7419897814843
20500	-3965.1033703397
21000	-3936.3950853673628
21500	-3853.346392071441
22000	-3931.9607874964263
22500	-3972.315292127878
23000	-4002.8771078013715
23500	-3873.983661097228
24000	-4075.428370088983
24500	-4024.2497456556175
25000	-3987.38154243104
25500	-3913.4040945147945
26000	-3932.86122726294
26500	-3892.02334343282
27000	-3884.2203797086318
27500	-4020.421991136119
28000	-3935.578473988744
28500	-3992.2517682483517
29000	-3949.806510305351
29500	-4082.979739079867
30000	-4000.1210839889204
30500	-4208.812813628334
31000	-4030.694532245905
31500	-3970.0150987803713
32000	-3896.4737511910403
32500	-4081.20220852141
33000	-4056.4623788185527
33500	-3949.7870641725003
34000	-4016.2333489974485
34500	-3968.5949302758204
35000	-3985.729014500287
35500	-4030.8403262184465
36000	-3941.2465244746245
36500	-3956.944105965865
37000	-3984.3192314116936
37500	-3910.759948074011
38000	-3844.531585556904
38500	-3913.886880040213
39000	-3855.0136817949237
39500	-3845.613191892211
40000	-3832.3998240734823
40500	-3876.276410641375
41000	-4025.069929937924
41500	-3819.2494432560916
42000	-3835.4136925872385
42500	-3828.4538092162475
43000	-3842.490362890473
43500	-3857.7763978381836
44000	-3869.790596583593
44500	-3995.978361750481
45000	-3937.1047802632424
45500	-3912.8115170635892
46000	-3892.952715488868
46500	-3813.418887724814
47000	-3859.3704280291413
47500	-3969.235067883414
48000	-3948.4443453200497
48500	-4034.475670765682
49000	-3997.157783392109
49500	-4005.5781246186693
50000	-3967.9790131036116
50500	-4012.5412534612233
51000	-3965.519204916384
51500	-4046.4924265020754
52000	-4130.231785428072
52500	-3976.0987075039498
53000	-4031.8907214676083
53500	-4021.691435354124
54000	-4019.6701705371006
54500	-4079.2634181586286
55000	-4137.132134242764
55500	-4074.424020086806
56000	-4164.517923908351
56500	-4165.401382874011
57000	-4217.612923661116
57500	-4033.211202824369
58000	-4067.8105632991696
58500	-4035.648412384474
59000	-4066.627005954515
59500	-3987.847852873426
60000	-4030.0807984809867
60500	-3919.6176273731703
61000	-4013.6034872516284
61500	-4042.772722572876
62000	-4017.8724039796293
62500	-3968.649054174882
63000	-3942.8349318308
63500	-3950.966247249261
64000	-4003.755492420541
64500	-3967.394166672444
65000	-3960.9684719686666
65500	-3971.569008319467
66000	-3977.9713006036595
66500	-4007.0848456125887
67000	-3970.76918950971
67500	-3981.3347087567004
68000	-3950.696379506826
68500	-3997.8351299834712
69000	-3981.4136781848883
69500	-4020.4576769409064
70000	-4118.4468036741655
70500	-4028.681443648921
71000	-3950.6902409179243
71500	-4068.049658422893
72000	-3962.8421463499567
72500	-4066.7758789311124
73000	-3959.4824363545727
73500	-4005.284563777497
74000	-4072.0629892519437
74500	-4016.0444426045906
75000	-3979.906622424232
75500	-3961.033500289633
76000	-3990.2839855414095
76500	-3910.189921236788
77000	-3905.9771195332014
77500	-4009.9178638023695
78000	-3967.7327246697155
78500	-3913.8754537533146
79000	-3917.4562301598726
79500	-3953.841083335144
80000	-3871.8047901472532
80500	-3927.1391892910874
81000	-3917.6572111468554
81500	-3932.2274158628493
82000	-3949.1146106287183
82500	-3976.812746774667
83000	-3820.0346005767988
83500	-3865.290259935326
84000	-3938.637013706966
84500	-3914.250342926163
85000	-3888.52875493769
85500	-3906.885670406365
86000	-4029.0594851331143
86500	-4005.947253699039
87000	-4011.5859285488914
87500	-3965.5323233825898
88000	-3930.7891933702117
88500	-3990.9013730891525
89000	-3919.925285647984
89500	-3935.6206166019915
90000	-4008.788773171448
90500	-3961.054995172694
91000	-3924.0662470793695
91500	-3911.9198334932507
92000	-3926.645201530448
92500	-3943.1392481852236
93000	-3979.2704582602414
93500	-3975.8315019140055
94000	-3910.1503625318387
94500	-3917.6133473003306
95000	-3922.649988076504
95500	-3982.23122497957
96000	-3963.26037081241
96500	-3915.603871700261
97000	-3876.0353371683523
97500	-3927.6133373209764
98000	-3899.747438472071
98500	-3919.475527855108
99000	-3916.885346057166
99500	-3880.2807890915374
100000	-3952.393644360537
100500	-3801.8109598708074
101000	-3916.4291464396115
101500	-3901.9054281261683
102000	-3874.771739578486
102500	-4018.775946031392
103000	-3932.624870847782
103500	-3866.3083378771885
104000	-4004.1134376077675
104500	-3911.625411755807
105000	-3823.3338457874765
105500	-3851.6234585087814
106000	-3926.4250117264082
106500	-3926.40375302492
107000	-3916.474963417474
107500	-3836.1092717056717
108000	-3792.200976092246
108500	-3934.9212866371354
109000	-4010.445006829835
109500	-3925.1985240306885
110000	-3918.519454874639
110500	-3978.6941813135636
111000	-3976.2304678374676
111500	-3959.7572964101773
112000	-3896.5092454496535
112500	-4065.851165966235
113000	-4035.4176524708264
113500	-3924.2804246414394
114000	-3971.513829114733
114500	-3983.248749238598
115000	-4041.6080161963805
115500	-4014.37505121644
116000	-4024.5012169805045
116500	-4024.8317491786056
117000	-3969.7678071754813
117500	-4014.6345557238706
118000	-4014.262019159076
118500	-4027.409073366654
119000	-3913.7695765815715
119500	-4007.351069926713
120000	-3980.654045802065
120500	-3906.5159240097523
121000	-4013.971159616744
121500	-3921.5357958214395
122000	-3871.6476586721087
122500	-3852.060774223688
123000	-3894.914633541261
123500	-3848.414953141907
124000	-3930.329855781566
124500	-3937.7225399859803
125000	-3841.9599070151885
125500	-3909.9846022690053
126000	-3964.0421041228196
126500	-3947.0740294700454
127000	-3975.220479094107
127500	-3935.4244329648195
128000	-3913.1336573440217
128500	-3981.946758121572
129000	-4005.4065298249275
129500	-3944.0118232134587
130000	-3999.1499785644883
130500	-3992.0974172557635
131000	-3920.374005422787
131500	-4027.0209652683243
132000	-3893.5375358656347
132500	-3985.212213354661
133000	-3948.0443955833857
133500	-3998.5651122176764
134000	-3989.282564323589
134500	-4004.382357293662
135000	-4014.7155473291527
135500	-4045.437111783377
136000	-4108.949930835212
136500	-4045.391034590939
137000	-4099.451580971554
137500	-4207.994295838652
138000	-4015.210238241543
138500	-4009.893688967733
139000	-4011.945530306278
139500	-4138.391666080452
140000	-4095.3414504509296
140500	-4070.922240515858
141000	-3985.6414106015604
141500	-4048.762041491962
142000	-3947.6395210417422
142500	-3855.015816651596
143000	-3920.4240383249266
143500	-3957.7019029246703
144000	-4008.6042738815277
144500	-3959.9240708065595
145000	-3903.2029166262128
145500	-3887.771869643448
146000	-3927.621227594128
146500	-3998.292651455866
147000	-3992.464178017643
147500	-4079.926383316054
148000	-4015.5983780347306
148500	-4064.3127036954797
149000	-4058.8318857442155
149500	-3937.937951498012
150000	-3942.103744221018
150500	-3995.8210779889464
151000	-3948.119160885878
151500	-3953.559293489551
152000	-3992.0010826988537
152500	-4001.850826830317
153000	-4109.864589594017
153500	-4022.0067164445836
154000	-4006.668274221744
154500	-4005.2894843713466
155000	-3987.19588417303
155500	-4034.7374077940563
156000	-4022.9458518344422
156500	-4052.9869289588396
157000	-4005.49691012092
157500	-4127.8391761753455
158000	-4048.1069502058913
158500	-4068.7700270801733
159000	-3958.9604696950146
159500	-4002.2978487819864
160000	-4058.199289613686
160500	-4041.826333509564
161000	-3967.1375368915797
161500	-3962.3133212941125
162000	-4031.867788949927
162500	-4006.2193901264895
163000	-3875.882658853692
163500	-3845.731029118598
164000	-3872.6384529695474
164500	-3837.7733885359357
165000	-3854.3665423458583
165500	-3870.050390951005
166000	-4001.6337451539584
166500	-3889.9635569983807
167000	-3854.5805888741547
167500	-3984.628832733303
168000	-3946.0056864100507
168500	-3931.8967178799776
169000	-3929.0658679358653
169500	-3890.4926299175568
170000	-3912.877463140997
170500	-3897.8926799339647
171000	-3923.6551980735967
171500	-3933.979944305316
172000	-4018.1371485447485
172500	-3805.512332306102
173000	-3890.235623229717
173500	-4124.767403671779
174000	-3924.0200497414285
174500	-3967.7917145849583
175000	-3970.356756448076
175500	-3940.084453366128
176000	-3911.5940272347602
176500	-3901.515693493694
177000	-3969.17602545126
177500	-3979.309934934657
178000	-3976.1135580986106
178500	-3848.9570861568895
179000	-3805.0978067586702
179500	-3801.381646962482
180000	-3879.688074812481
180500	-3854.4551277287383
181000	-3746.102875974467
181500	-3776.5054022121467
182000	-3866.0923436858143
182500	-3874.5644427317693
183000	-3841.040067147556
183500	-3833.096538739482
184000	-3977.1021527996522
184500	-3977.265915048594
185000	-3969.155453191558
185500	-3912.6580612070247
186000	-4039.7244517227905
186500	-3940.0978684165266
187000	-3978.718446586727
187500	-4022.4055915191534
188000	-3861.6467890883114
188500	-3925.6424589287094
189000	-4004.8327728686972
189500	-3955.2192853356937
190000	-3986.7441592084433
190500	-4068.04186931298
191000	-3947.336935755819
191500	-3860.2315007402244
192000	-4014.3862955781256
192500	-4006.647198849534
193000	-3966.0997863976477
193500	-3993.4112379489156
194000	-4036.378176413921
194500	-3999.5686504646837
195000	-3978.9218571251395
195500	-3931.070612799789
196000	-4045.541647125678
196500	-3941.0087957629794
197000	-3905.163692953249
197500	-3944.9814043229308
198000	-3964.899571308291
198500	-4010.76785753278
199000	-3939.3380776311487
199500	-3980.7750950964623
200000	-3981.461278535007
200500	-4064.3015668876465
201000	-4113.369138633759
201500	-3937.5035956503234
202000	-3904.026498332734
202500	-3880.7089812805625
203000	-3948.5155154833856
203500	-3974.6901323457214
204000	-4110.182630310587
204500	-3982.734750780704
205000	-3985.8075521944775
205500	-3753.1284090380623
206000	-3906.699286019228
206500	-3876.5232772102727
207000	-3862.840687468907
207500	-3891.811981391133
208000	-3962.119435442354
208500	-4010.8223382880324
209000	-3951.5272974757627
209500	-4067.765020252661
210000	-3952.4691398402083
210500	-4006.335813278003
211000	-4008.1810619089115
211500	-3923.4008472436894
212000	-4007.2036667513585
212500	-3980.8156790130956
213000	-3937.1574047686436
213500	-3919.309378075186
214000	-3943.8468368675594
214500	-3868.5232740862875
215000	-3942.474077843057
215500	-3944.2782927070925
216000	-3929.7886774242525
216500	-3982.5944379310636
217000	-3990.2472156683802
217500	-3936.0434825037314
218000	-3896.9090231714354
218500	-3952.2368537934963
219000	-3951.622307195522
219500	-3916.188535703711
220000	-3935.005554436266
220500	-3928.974372962648
221000	-3968.411382650937
221500	-4017.945356549538
222000	-3883.8913262058004
222500	-3828.5950070726603
223000	-3867.123289728704
223500	-3845.825410567522
224000	-3827.1843796427843
224500	-3743.416224649369
225000	-3780.373028561867
225500	-3920.669084940006
226000	-3832.2917975846913
226500	-3804.03810130257
227000	-3810.483501542095
227500	-3871.7961678288816
228000	-3783.6199535771584
228500	-3725.618458068258
229000	-3747.734511243983
229500	-3702.180749985141
230000	-3735.7295176966477
230500	-3773.846708296151
231000	-3788.0184590504887
231500	-3650.6819156261936
232000	-3953.75045009272
232500	-3852.667730630832
233000	-3842.4903522940926
233500	-3898.722258364825
234000	-3876.423822689428
234500	-3935.8286246270286
235000	-3885.858896087493
235500	-4010.559135919145
236000	-3870.3419396551394
236500	-3851.5810509056187
237000	-3815.795472618144
237500	-3751.1527977875717
238000	-3766.57558647114
238500	-3777.400688036831
239000	-3749.3875435587374
239500	-3703.8091556098193
240000	-3782.9436274413047
240500	-3777.9090466444195
241000	-3724.2472584827374
241500	-3788.1221095789333
242000	-3849.701143037455
242500	-3856.150493464821
243000	-3860.9742546897146
243500	-3793.1237566961463
244000	-3813.1937009297326
244500	-3774.367426545857
245000	-3768.7819071304116
245500	-3718.854468217853
246000	-3776.0065283544463
246500	-3717.25289657059
247000	-3698.391940201781
247500	-3749.6981460674015
248000	-3752.918084628416
248500	-3741.6660796402516
249000	-3770.685202194241
249500	-3769.345591567302
250000	-3859.1998220950595
250500	-3854.515521515997
251000	-3758.6138748638646
251500	-3791.4973275952384
252000	-3807.3389482571365
252500	-3837.6188788803424
253000	-3762.1117968774415
253500	-3890.6587110929495
254000	-3854.0512707309917
254500	-3837.207965807969
255000	-3864.698315138127
255500	-3885.9528112882253
256000	-3870.0916367618797
256500	-3822.0099965980735
257000	-3871.559408991917
257500	-3871.5820129230165
258000	-3906.9708808866253
258500	-3923.320737723765
259000	-3878.3840331456477
259500	-3878.1039304460023
260000	-3962.2771729600913
260500	-3813.7933780980247
261000	-3920.3031559782185
261500	-3830.3240190805873
262000	-3877.5006269360147
262500	-3896.0040448280342
263000	-3867.0014374076904
263500	-3857.745592336545
264000	-3765.4122610714476
264500	-3865.832617422316
265000	-3879.5433011791047
265500	-3978.981161041449
266000	-3857.759930369145
266500	-3840.1531697368478
267000	-3950.6191850013224
267500	-3867.7868495679986
268000	-3845.9321445560513
268500	-3920.6106351051926
269000	-3853.1726047924835
269500	-3867.220803863849
270000	-3910.278670963916
270500	-3848.601554786139
271000	-3889.3729457395357
271500	-3951.1362350392646
272000	-3874.4283787448417
272500	-3890.7678692826894
273000	-3802.1335918564323
273500	-3946.3168602551946
274000	-3853.917714010251
274500	-3926.921135318937
275000	-3935.769331643811
275500	-4017.394355300544
276000	-4014.0383522112593
276500	-3893.441518776861
277000	-3930.4634838339593
277500	-3949.5334430235193
278000	-3831.10637629992
278500	-4002.541854381518
279000	-3973.990351033943
279500	-3859.3057524698283
280000	-3923.7375180789672
280500	-3906.1803435506513
281000	-3907.7354515715697
281500	-3900.184543675628
282000	-3957.0051227167237
282500	-3899.2659189048013
283000	-4006.968538078398
283500	-3871.757854170479
284000	-3927.8673258819913
284500	-3968.964875961682
285000	-3978.6534974640117
285500	-4145.71287703878
286000	-4102.681577218598
286500	-4031.6354022571227
287000	-3928.632196568484
287500	-4053.554689334412
288000	-4027.5060532145426
288500	-4022.0251682341714
289000	-4078.9307073571913
289500	-3993.455813199515
290000	-4069.624638946356
290500	-4002.013945564692
291000	-3945.872398605019
291500	-3902.7905296832832
292000	-3967.106186548368
292500	-3828.9034473090364
293000	-3861.8308945513586
293500	-3899.733925086077
294000	-3927.528557616141
294500	-3901.7023766383477
295000	-3902.585023587481
295500	-3999.493404202593
296000	-4018.2501619401246
296500	-3917.618453647623
297000	-4004.4195882855834
297500	-4007.033472355719
298000	-4013.2911369590574
298500	-4033.0658655077805
299000	-4002.019712175608
299500	-3995.6173400288244
300000	-4030.760267103332
300500	-4029.4661373726826
301000	-4021.2491411430483
301500	-3980.30534465145
302000	-3882.406550040576
302500	-3960.318277889949
303000	-3970.2327141837495
303500	-3956.3059967092545
304000	-4002.0518801381704
304500	-4039.4876219088237
305000	-3966.4655803849328
305500	-3943.5444676348834
306000	-3968.66684036736
306500	-4022.007180082202
307000	-4013.6221599106348
307500	-3932.57408448181
308000	-3907.2410648683126
308500	-3932.4669568184486
309000	-4025.1645534766417
309500	-4060.584822018028
310000	-3905.805324436601
310500	-3964.0516919025936
311000	-4084.0020963759857
311500	-4037.8928914929725
312000	-3971.9655237648562
312500	-3931.614143411223
313000	-3920.7221675569913
313500	-4014.793982593632
314000	-3940.6142687092074
314500	-3943.8772394001576
315000	-4115.590583292328
315500	-4176.0504975495105
316000	-4021.105871172235
316500	-3918.744952656109
317000	-4043.8102684077658
317500	-4010.5606545436235
318000	-3947.7330675158155
318500	-3907.201400362001
319000	-3934.0588835692406
319500	-3906.8042918847923
320000	-3897.5393463349496
320500	-3836.468713606853
321000	-3816.422075855651
321500	-3851.668720156789
322000	-3930.3963087060392
322500	-3854.2196259327393
323000	-3836.5665869711966
323500	-3848.226955616059
324000	-3954.821165286378
324500	-3970.871829187088
325000	-3830.2987117222206
325500	-3843.19733319959
326000	-3988.6739893578115
326500	-3913.4665661230015
327000	-3963.2310291307867
327500	-3945.418735004296
328000	-3996.514692339486
328500	-3911.102410356961
329000	-4018.9970875198246
329500	-3939.354732903332
330000	-4005.035453263022
330500	-3965.4389107199077
331000	-4000.763606098294
331500	-4033.8728897876194
332000	-3984.8472268849755
332500	-4077.8620657430533
333000	-4178.8209630119145
333500	-3990.033759178544
334000	-3907.4329147834337
334500	-4021.000419402435
335000	-4007.180035455439
335500	-4023.7416168248174
336000	-3972.8234377101435
336500	-3958.297863034928
337000	-4050.2054378609137
337500	-3938.6428351150767
338000	-3839.386343941035
338500	-3964.556437306675
339000	-3918.7262034052487
339500	-3852.55490357797
340000	-3915.4657160297083
340500	-3904.2962411456215
341000	-3981.1718924366255
341500	-3996.2760202623435
342000	-3975.2169232280094
342500	-3936.927119826294
343000	-4019.5210397829546
343500	-3914.5704982160264
344000	-3894.8902510632197
344500	-3922.5562048871357
345000	-3968.323821893952
345500	-3949.2281932940186
346000	-3887.385737779958
346500	-3881.134777292627
347000	-3997.3488868242753
347500	-3917.8583762240555
348000	-3904.866110625276
348500	-3908.094362047665
349000	-3737.5370614712187
349500	-3887.3768935722023
350000	-3862.9359645110885
350500	-3899.588945085561
351000	-3902.100211601304
351500	-3847.0643473642635
352000	-3883.552079737289
352500	-4014.2335344629696
353000	-3791.7789947976207
353500	-3849.3541954788575
354000	-3828.7814667289877
354500	-3857.6935129548438
355000	-3907.930567864766
355500	-3854.0564701359726
356000	-3797.5398272990897
356500	-3791.9035991843016
357000	-3807.7959962798304
357500	-3778.8846262625993
358000	-3762.196521161269
358500	-3752.6234291011583
359000	-3835.588554016759
359500	-3765.6658726655883
360000	-3852.035344151853
360500	-3782.327282413002
361000	-3927.2766475374847
361500	-3939.6690409277076
362000	-3739.098513138678
362500	-3786.1749586773326
363000	-3824.948789210789
363500	-3899.5080000248404
364000	-3860.594482422721
364500	-3929.4575170016537
365000	-3862.389004034863
365500	-3855.6143551253294
366000	-3876.0315006161
366500	-4000.506943554441
367000	-3911.273217723383
367500	-4010.1624414166563
368000	-3971.9021055467674
368500	-3908.7328075533483
369000	-3949.881207789578
369500	-3924.433645372891
370000	-3854.2326315329337
370500	-3888.140546975835
371000	-3921.190352276343
371500	-3977.206079660436
372000	-3891.532249251735
372500	-3989.1015713500783
373000	-3847.0969854960113
373500	-3838.6377237493207
374000	-3851.2122964422224
374500	-3901.489917120924
375000	-3916.9757501389367
375500	-3877.2942040428825
376000	-3881.7749701283005
376500	-3870.858449774583
377000	-3902.6459135347836
377500	-3906.7919982372787
378000	-3938.7607767998315
378500	-3887.524905841242
379000	-3818.251378294288
379500	-3924.2978421272446
380000	-3899.3814226982117
380500	-3936.219505535607
381000	-3878.0342186956327
381500	-3864.5224365597946
382000	-3950.673612247917
382500	-3891.8230118618844
383000	-3902.967409158551
383500	-3859.0140119967355
384000	-3800.3274240696387
384500	-3866.966713089924
385000	-3921.155192097716
385500	-3794.5665484129786
386000	-3922.400331846223
386500	-3868.3058133083546
387000	-3832.097918424938
387500	-3880.1164726394145
388000	-3821.6907604163075
388500	-3931.6083381307494
389000	-3913.5164589520523
389500	-3989.0061319991737
390000	-3911.40865451814
390500	-3962.8944358337294
391000	-3929.406122924771
391500	-3928.547545056295
392000	-3872.98622226122
392500	-3820.517072406098
393000	-3848.834970552283
393500	-3742.9120504028674
394000	-3775.1073061602
394500	-3733.7730581163037
395000	-3739.4206914032143
395500	-3693.2265982261074
396000	-3814.120761034626
396500	-3828.8331201703136
397000	-3798.841271226367
397500	-3879.945036123829
398000	-3885.9871940386856
398500	-3888.9674781287617
399000	-3997.60196265315
399500	-3990.6152386788494
400000	-3903.7892915021835
400500	-3928.5936804483317
401000	-3923.2146116842328
401500	-3970.596555451673
402000	-3927.5668475812618
402500	-3905.596709065489
403000	-3987.117693362926
403500	-3988.6790634220715
404000	-3947.1695894820023
404500	-3964.8835691684612
405000	-3909.6383949790093
405500	-3929.2827952379102
406000	-3915.758234017624
406500	-3866.866841143161
407000	-3864.4346515742604
407500	-3883.9583606518854
408000	-3964.260942335951
408500	-3968.781754242462
409000	-4013.2735070647896
409500	-3879.934859483128
410000	-3995.7842432389157
410500	-3926.8053679583795
411000	-4010.6218710370927
411500	-3967.512323684516
412000	-4007.752844522804
412500	-3973.3592345711713
413000	-4005.297262691848
413500	-4103.32276924215
414000	-3948.8296318005773
414500	-4034.352224458209
415000	-3970.1416688827985
415500	-3912.631702253472
416000	-3937.2848057250144
416500	-3882.7289259396625
417000	-3969.6308693482047
417500	-4115.685679716704
418000	-4011.9143612555813
418500	-4040.672533505191
419000	-4029.1564916127973
419500	-3991.854556479061
420000	-3997.6304653903658
420500	-4016.6102382053787
421000	-3940.310790125102
421500	-3996.3019595006526
422000	-4020.1567920147313
422500	-4076.1174172973533
423000	-4051.0263501908985
423500	-3964.1341975656246
424000	-3971.054347072681
424500	-4029.083689815126
425000	-4027.1113503436904
425500	-4069.8339309306716
426000	-4000.370425691441
426500	-3986.809869504703
427000	-3985.562580187871
427500	-3977.384281259085
428000	-3877.7996144166623
428500	-3918.7688102876136
429000	-3942.757789670346
429500	-3932.641672689475
430000	-4055.1473165542498
430500	-4098.021561038365
431000	-4000.4438833988647
431500	-4044.464086826145
432000	-4149.73012930988
432500	-3881.6810548476824
433000	-3978.770474832305
433500	-4030.4879024707516
434000	-4005.0605473639334
434500	-4041.127106159625
435000	-4098.728007075214
435500	-3955.808233765454
436000	-4051.18547265499
436500	-3978.8257928541666
437000	-3996.244491238172
437500	-4056.520356731016
438000	-4047.484397677698
438500	-4115.1816133300035
439000	-4041.3457540782942
439500	-4020.250531369863
440000	-4080.705683286848
440500	-4091.7305416069767
441000	-3994.16285447819
441500	-4137.758186027209
442000	-3963.811721465949
442500	-4000.18767556879
443000	-4005.5119941459275
443500	-4054.1684482153755
444000	-4111.479617468256
444500	-4170.068184773054
445000	-4020.7698818913705
445500	-4066.7808901457565
446000	-4153.276107116391
446500	-4075.2775559453453
447000	-4078.327028546723
447500	-4036.6476638413983
448000	-4005.865915021934
448500	-4067.5744567061606
449000	-3960.5337105155595
449500	-3938.4379667784137
450000	-4060.0453316239455
450500	-4084.559376953417
451000	-4119.61747518587
451500	-4112.373931053258
452000	-4050.1271151523774
452500	-4032.2808349390693
453000	-4134.118523573194
453500	-4105.971865060764
454000	-4090.430507488159
454500	-4030.9820223272673
455000	-4014.824107735784
455500	-3952.587588891166
456000	-3914.7142880591196
456500	-3955.5827605352442
457000	-4019.9944731711944
457500	-3928.9604510500317
458000	-3950.536765994978
458500	-3926.0408976502317
459000	-3895.672213070722
459500	-3906.8451613823618
460000	-3866.502929704179
460500	-3853.290257191049
461000	-3844.4815114478693
461500	-3896.657844049787
462000	-3807.950045673269
462500	-3869.9873583119756
463000	-3867.109804328657
463500	-3823.473263068455
464000	-3795.5315753503783
464500	-3871.147500005101
465000	-3860.395542268883
465500	-3899.7742218061676
466000	-3920.326410499106
466500	-3924.951747247782
467000	-3869.4718227924554
467500	-4026.8016745450877
468000	-4064.8204929863023
468500	-3989.146109560733
469000	-3912.2731566223956
469500	-3945.5755159876344
470000	-3859.1474486325255
470500	-3834.7652644379546
471000	-3824.3929572271495
471500	-3797.597623546636
472000	-3831.008498450953
472500	-3901.4676415815925
473000	-3785.6931624238905
473500	-3825.2619680049543
474000	-3959.1050727553284
474500	-3970.9898201270803
475000	-4008.3635923009206
475500	-3957.4869017817596
476000	-4067.687110621591
476500	-4150.100869548664
477000	-4089.5906370098755
477500	-4114.9439996723195
478000	-4002.524675431569
478500	-4117.112547128569
479000	-4039.9894219416815
479500	-4069.1154204196387
480000	-4003.4678227679656
480500	-3919.324498127179
481000	-4015.418721831519
481500	-4081.7317201671544
482000	-4066.3692669689576
482500	-3941.5415604499753
483000	-3887.6027157706444
483500	-3948.52333627918
484000	-3956.6648688373184
484500	-4058.6973404885143
485000	-3955.6026753271353
485500	-4078.8669040366976
486000	-4070.228968326575
486500	-4003.8622302140143
487000	-3973.156957054162
487500	-4060.673531093981
488000	-4071.2060063004956
488500	-4019.9296405364944
489000	-4083.1775507961024
489500	-4078.818915794847
490000	-4049.3047312506296
490500	-3981.893240137264
491000	-3867.6405814730206
491500	-3971.2287381134843
492000	-3958.7328106401965
492500	-3990.748590497493
493000	-4036.8623391039246
493500	-4020.1894369733236
494000	-3968.270163159936
494500	-4180.110586076679
495000	-3977.218651876442
495500	-4044.3655371469877
496000	-4032.3734537963383
496500	-3972.5687757150085
497000	-3926.876195115889
497500	-3986.857882844278
498000	-3917.508063014284
498500	-3904.2877127473234
499000	-3862.048176770381
499500	-3844.248424547184
500000	-3955.000298890975
500500	-3897.4852599877217
501000	-3821.8740315368996
501500	-3806.7617652447966
502000	-3746.790179637696
502500	-3788.613837223887
503000	-3831.1746512013738
503500	-3850.4150931070776
504000	-3959.433169335068
504500	-3968.4399689039174
505000	-3855.7545914953985
505500	-3891.7424104906186
506000	-3888.2272264477697
506500	-3857.0840514149572
507000	-3957.801038930952
507500	-3958.0114429569035
508000	-3959.751688153947
508500	-3943.006868981483
509000	-3904.6232584842705
509500	-3981.721600365623
510000	-3958.9614117222377
510500	-4057.7677532253606
511000	-4024.311035902858
511500	-3983.282447963152
512000	-3936.8653573300885
512500	-3891.9111544500615
513000	-3924.691381416859
513500	-3954.0383106576173
514000	-3970.0186195031683
514500	-3955.595573252943
515000	-3981.714184542064
515500	-3930.82305830204
516000	-3954.105658239986
516500	-3924.6710155858864
517000	-3892.12667343504
517500	-3989.399795145212
518000	-3856.249027857574
518500	-3988.22201709077
519000	-3987.367597382041
519500	-4034.4392250271876
520000	-3931.202717515963
520500	-3954.8474872353872
521000	-3843.963282104022
521500	-3938.1627028348976
522000	-3995.9632334223807
522500	-3890.2834623242366
523000	-3892.9034539059257
523500	-3882.75218216887
524000	-3915.133248179388
524500	-3834.289184575153
525000	-3853.187571363024
525500	-3969.3475429969403
526000	-3975.358951481013
526500	-3871.780074019349
527000	-3847.4170445893947
527500	-3936.0279364803155
528000	-3940.197911428141
528500	-3947.7086171920296
529000	-3946.535358244262
529500	-3835.6536522848287
530000	-3866.602538449139
530500	-3831.3072274215415
531000	-3859.6522442205687
531500	-3861.3172645441705
532000	-3947.6028511795175
532500	-3842.293186311243
533000	-3897.596093234768
533500	-3847.572085457713
534000	-3829.1276353607527
534500	-3907.283251775649
535000	-3965.177459931949
535500	-3850.767439063277
536000	-3990.7945684587517
536500	-3953.957392980816
537000	-3946.547386847639
537500	-4026.5187960521102
538000	-3984.233061008375
538500	-4006.4147559527664
539000	-3883.895686296106
539500	-3851.5459098094284
540000	-3901.141609443479
540500	-3928.9990859270547
541000	-3936.25428657816
541500	-3923.1192120419787
542000	-3901.0191941179273
542500	-3903.6062964769367
543000	-3988.854302549699
543500	-3791.1112394617994
544000	-3864.052243472943
544500	-3860.903305290761
545000	-4020.51511746345
545500	-3823.227225080934
546000	-3906.6617772760383
546500	-3911.2287327285994
547000	-3842.454696316907
547500	-3821.7485153602684
548000	-3795.0451389938653
548500	-3764.4354496708684
549000	-3781.5713434944405
549500	-3768.686475790849
550000	-3789.313418620955
550500	-3899.5063969619487
551000	-3729.2202671458263
551500	-3904.125902971465
552000	-3883.052688559109
552500	-3886.982515531798
553000	-3844.011526822796
553500	-3888.7402200085107
554000	-3889.2506680841266
554500	-3923.8217001278663
555000	-4050.8314636308087
555500	-3974.214467844076
556000	-3990.7314556936794
556500	-4006.9660489539865
557000	-3987.0452406546196
557500	-3988.426571671563
558000	-4050.943980412587
558500	-4127.599425904462
559000	-4025.706354233018
559500	-3973.3895809830256
560000	-3984.8557769668205
560500	-4064.3399783567893
561000	-3973.8007394557153
561500	-3969.1891762631585
562000	-3979.0162383644283
562500	-3948.889665419079
563000	-3962.673842620214
563500	-3955.4451372588846
564000	-4053.392354646279
564500	-3966.720527089295
565000	-3975.2129002688257
565500	-4076.281066854674
566000	-3890.6438046480034
566500	-3944.5546446456965
567000	-3901.3941638977026
567500	-3928.3883294140774
568000	-3931.8671824632124
568500	-3931.669870687328
569000	-3994.4473306646896
569500	-4070.320294828784
570000	-4022.4286646564196
570500	-3950.747148902746
571000	-4052.5558476874958
571500	-3879.306382959023
572000	-3981.912723842667
572500	-3882.183894903953
573000	-3903.947514718241
573500	-3897.1449069551163
574000	-3942.553875623145
574500	-3928.288963711944
575000	-3956.626465805495
575500	-4025.0613450001347
576000	-3901.567044274742
576500	-3952.8637681825576
577000	-3924.4030409142947
577500	-3905.569309675363
578000	-3953.2008468602103
578500	-3961.9234506297653
579000	-3921.798007910035
579500	-3866.8209638072217
580000	-3918.3161965511144
580500	-3797.206488085812
581000	-3884.0924252125574
581500	-3916.3030748872525
582000	-3900.277240496787
582500	-3963.13963511319
583000	-3922.959296238088
583500	-3832.175395692123
584000	-3738.820532463554
584500	-3806.8485649644654
585000	-3832.055761197994
585500	-3944.4752117983303
586000	-3879.696761106057
586500	-3869.944812338304
587000	-3835.0290240363524
587500	-3901.563649572061
588000	-3842.258655830528
588500	-3808.919910209777
589000	-3904.6246829574056
589500	-3871.9609609926338
590000	-3819.4403505649057
590500	-3840.8383249536337
591000	-3827.120772376498
591500	-3918.0639354776577
592000	-3945.2408117710465
592500	-3949.947266538632
593000	-3816.3310193378866
593500	-3805.026524581259
594000	-3906.5452178276237
594500	-3844.1386644349095
595000	-3894.5037283118572
595500	-3846.659589964365
596000	-3826.0258267145755
596500	-3806.71333514732
597000	-3822.202297478235
597500	-3908.5857552883995
598000	-3776.6439658867666
598500	-3844.8058798422117
599000	-3827.4798537607116
599500	-3867.3364643954887
600000	-3886.492538386412
600500	-3854.7766827798364
601000	-3966.3464741074586
601500	-3918.370330496933
602000	-3831.438017636477
602500	-3810.4674149258813
603000	-3770.4454105978634
603500	-3929.2108332812795
604000	-3804.8618118172403
604500	-3821.9978131552452
605000	-3867.2248337201286
605500	-3742.4739186327074
606000	-3771.1661478895007
606500	-3866.8058980312776
607000	-3860.771816011125
607500	-3907.970971232037
608000	-3895.4726982127527
608500	-3997.481123738145
609000	-3906.087887922808
609500	-3789.2876693353337
610000	-3836.906391166971
610500	-3849.49253468784
611000	-3937.2055557910057
611500	-3974.4353749667794
612000	-3964.8988168647475
612500	-3913.495056628119
613000	-3966.250559979177
613500	-3825.5899068023978
614000	-3804.258959184165
614500	-3821.6003318009707
615000	-3796.0907135205894
615500	-3723.1371352601554
616000	-3776.8522993158313
616500	-3899.8990187023674
617000	-3981.8870150011758
617500	-4009.559789646876
618000	-3922.4234439664897
618500	-4017.074457506385
619000	-3922.870989324332
619500	-3790.29799206948
620000	-3893.196139224146
620500	-3864.034450523052
621000	-3846.800193794908
621500	-3838.2358824170997
622000	-3873.4352045836395
622500	-4055.4016204978548
623000	-3877.8001860383956
623500	-3926.972834520442
624000	-3994.8499353959683
624500	-4014.5694779453834
625000	-4012.8092525497823
625500	-3932.756625650927
626000	-3952.6136152786644
626500	-3945.790923270584
627000	-3888.977070778419
627500	-3901.376400457426
628000	-3890.010137383644
628500	-3907.757939122569
629000	-3890.8828146105006
629500	-3825.2831855187173
630000	-3800.252110195346
630500	-3757.132530153876
631000	-3739.23984321892
631500	-3726.1994661564695
632000	-3784.0070883562075
632500	-3830.2849767284206
633000	-3949.7136024900633
633500	-3911.4263429084367
634000	-3910.8989870076157
634500	-3877.712421722202
635000	-3922.7782353257867
635500	-3932.977712079087
636000	-3863.3472325905736
636500	-3930.1463289890494
637000	-3864.4470235908057
637500	-3860.86214343529
638000	-3875.3390202145843
638500	-3798.418441753007
639000	-3871.2372744539857
639500	-3844.3125288555734
640000	-3842.676646953493
640500	-3973.137873002167
641000	-3972.094631037672
641500	-4028.654507521368
642000	-3945.79463427863
642500	-3994.450967472027
643000	-3938.8173891949104
643500	-3972.538223856492
644000	-4081.6008741045207
644500	-4086.5686591839617
645000	-4133.892301766942
645500	-4112.90429622319
646000	-4060.922812009003
646500	-3994.20898478666
647000	-4113.090243312517
647500	-4011.4027627366904
648000	-3969.7321721769513
648500	-3903.0378777689684
649000	-3851.9848816875947
649500	-3863.8243793870442
650000	-3844.997687857675
650500	-3858.5220326309386
651000	-3885.7251173882514
651500	-3922.98787463295
652000	-3943.120956751107
652500	-3897.2079210603633
653000	-3917.2836050253236
653500	-3929.259647338177
654000	-3914.110812556474
654500	-3890.4938561599724
655000	-3842.009343652433
655500	-3903.6590497836673
656000	-3859.8481817069824
656500	-3835.039379842781
657000	-3836.5784904142333
657500	-3794.405548430864
658000	-3819.572260334189
658500	-3847.953168532718
659000	-3826.903718685213
659500	-3861.78474380248
660000	-3819.1587518719875
660500	-3783.288075287659
661000	-3842.448330023223
661500	-3807.498150285828
662000	-3792.8810610400346
662500	-3808.3205596374983
663000	-3918.450236627919
663500	-3924.4403312133736
664000	-3931.5688325549368
664500	-3892.7204694643847
665000	-3856.7245047721785
665500	-3809.6667286843826
666000	-3853.9214783653892
666500	-3823.1426245482407
667000	-3930.7161389049475
667500	-3823.228420379068
668000	-3940.9644591431784
668500	-3958.2425685010535
669000	-3903.086753690801
669500	-3882.6028098038464
670000	-3976.426353512098
670500	-3897.2958992447834
671000	-3956.9442008933684
671500	-3866.3435775335142
672000	-3862.3336213764405
672500	-3946.3748371828888
673000	-3908.0090392672623
673500	-3803.927645036853
674000	-3841.6329639513337
674500	-3879.287753733619
675000	-3860.1680132360257
675500	-3912.1135721512182
676000	-3878.8532417550027
676500	-3849.3055538378376
677000	-3755.4295259354167
677500	-3702.6926110501445
678000	-3733.841747223064
678500	-3881.233686832928
679000	-3840.8048263857445
679500	-3806.4387883751406
680000	-3854.494695977859
680500	-3853.733405243634
681000	-3870.609315370164
681500	-3818.0752317311594
682000	-3925.1423967658984
682500	-3745.055224752482
683000	-3767.2871600244275
683500	-3795.5165585467935
684000	-3758.9811645033
684500	-3787.2935441928885
685000	-3869.8965796818557
685500	-3877.6765927569877
686000	-3863.4632841601274
686500	-3819.572747104063
687000	-3862.3448317469106
687500	-3840.6009344596882
688000	-3899.824971810602
688500	-3817.480246535978
689000	-3827.7231248061435
689500	-3815.9304716005927
690000	-3892.8650740036874
690500	-3846.133239537142
691000	-3796.7863695711735
691500	-3773.1657353148257
692000	-3796.535378876006
692500	-3849.050715795881
693000	-3840.0897641404304
693500	-3788.069095467659
694000	-3825.9715468246677
694500	-3930.774410513054
695000	-3776.2296798654997
695500	-3874.400737026234
696000	-3869.0951454187534
696500	-3861.107300274072
697000	-3944.289571082388
697500	-3831.3499981390687
698000	-3812.708764725496
698500	-3880.765976262289
699000	-3852.000110948326
699500	-3771.5530511751963
700000	-3867.2224222298914
700500	-3814.4953188159107
701000	-3983.669902666361
701500	-3958.408449909405
702000	-3857.413353952322
702500	-3925.1144207716134
703000	-3866.81051228306
703500	-3949.142488211236
704000	-3910.7565191366207
704500	-3924.859071393487
705000	-3774.6284671805493
705500	-3866.302291411295
706000	-3970.630603554113
706500	-3883.5619781811088
707000	-3870.985344635905
707500	-3923.661904089174
708000	-3892.381569269221
708500	-3873.805817150535
709000	-3871.8802704503446
709500	-3976.088085177946
710000	-3923.3376125613545
710500	-4074.850775852075
711000	-3949.1006051044583
711500	-3907.1406596508873
712000	-3886.250005357485
712500	-3867.895264786443
713000	-3920.2730287360723
713500	-4070.3611945479147
714000	-3910.933729693892
714500	-3890.6494716109055
715000	-3841.867518059981
715500	-3800.9999561919567
716000	-3792.5976116599854
716500	-3779.906641171699
717000	-3787.8995732475696
717500	-3779.532093566597
718000	-3809.599250968217
718500	-3751.8091013089283
719000	-3788.0735397960098
719500	-3856.319953310933
720000	-3785.766779705971
720500	-3866.4771254192815
721000	-3874.8939251754846
721500	-3883.304057228424
722000	-3882.2219982263905
722500	-3857.376525398416
723000	-3905.514861951722
723500	-3843.3447792564416
724000	-3866.1103509031673
724500	-3783.172572129807
725000	-3954.2799142639674
725500	-3894.612197812772
726000	-3888.4349925530123
726500	-3953.0167010754067
727000	-3891.175831973563
727500	-3916.1923327917884
728000	-4010.2658559266165
728500	-3919.001167375458
729000	-3885.8154972567672
729500	-3972.3503745259554
730000	-3957.453606016118
730500	-3919.140975400451
731000	-3912.686644043012
731500	-3845.1876036271265
732000	-3789.305442917441
732500	-3865.103955192782
733000	-3947.281010038279
733500	-3943.2325182757654
734000	-3871.060319940278
734500	-3824.8060001009326
735000	-3826.697873151468
735500	-3928.25713531374
736000	-3854.6044761523017
736500	-3971.7135623686654
737000	-3926.832981505983
737500	-3973.5764912980308
738000	-3982.2111729557732
738500	-3995.8409355472636
739000	-3904.626788769628
739500	-3811.211865786466
740000	-4001.1906224156915
740500	-3887.3582237457217
741000	-3793.717562741136
741500	-3837.612281584927
742000	-3773.4708900604305
742500	-3834.4215283989947
743000	-3752.5893835425554
743500	-3834.243257988697
744000	-3891.0350795026725
744500	-3867.061856529972
745000	-3860.29212358347
745500	-3990.90921798055
746000	-4017.2361593293185
746500	-3888.785287616387
747000	-3764.7400339933365
747500	-3777.4362736076273
748000	-3781.9937871551833
748500	-3819.1087491431917
749000	-3885.134566835229
749500	-3866.9810506223603
750000	-3841.4666942550257
750500	-3795.5692585068728
751000	-3830.4297237429846
751500	-3810.413957138717
752000	-3903.8402019872306
752500	-3924.607498235932
753000	-4021.913161471014
753500	-4010.9594728813454
754000	-3855.315551542625
754500	-3849.912392269936
755000	-3969.5182008951792
755500	-3866.2150642154297
756000	-3983.3693981231045
756500	-4070.0351130059594
757000	-3958.699611580101
757500	-4016.703398841437
758000	-3936.8597394257963
758500	-4080.293577199902
759000	-4028.052250137571
759500	-4011.248416643854
760000	-3924.3505504304303
760500	-4016.9603724877256
761000	-4108.661547799262
761500	-4104.584603224328
762000	-3991.0006121765196
762500	-3976.805031849543
763000	-4001.0123350370804
763500	-4037.1007507202394
764000	-4017.722631037096
764500	-4001.214815455759
765000	-3890.1921295627194
765500	-3992.8009042355416
766000	-3956.9430291796293
766500	-4029.3693753264015
767000	-3906.8714406877543
767500	-3964.3585957467085
768000	-3901.544875568928
768500	-3808.483550913101
769000	-3815.350407339038
769500	-3794.8023401136898
770000	-3803.283724922776
770500	-3811.8166073284888
771000	-3834.259826590171
771500	-3800.4406552565397
772000	-3843.380013081882
772500	-3857.562600303446
773000	-3798.141879602439
773500	-3787.072747563264
774000	-3791.2489576437497
774500	-3768.112817706673
775000	-3825.761811950011
775500	-3842.835940976272
776000	-3883.275697029997
776500	-3845.8966873125755
777000	-3832.201946447489
777500	-3804.7565759017716
778000	-3813.871113922841
778500	-3728.8882098568606
779000	-3720.8444761829205
779500	-3747.9475481487448
780000	-3823.2354168781935
780500	-3863.0209689208245
781000	-3742.562574985019
781500	-3779.982358662322
782000	-3780.17264040577
782500	-3810.288800167123
783000	-3911.721437564804
783500	-3817.3703661604036
784000	-3800.6869929260265
784500	-3778.8894946651153
785000	-3698.7672149790283
785500	-3742.5032097650987
786000	-3747.814409062996
786500	-3890.016827230822
787000	-3861.812107022323
787500	-3760.0515780487885
788000	-3851.4128143143976
788500	-3861.8903825139755
789000	-3882.6725400392397
789500	-4058.846834921018
790000	-3876.1263605357863
790500	-3852.868431517272
791000	-3916.259402397479
791500	-3883.2284856981955
792000	-3775.697832503809
792500	-3821.233532984325
793000	-3819.3590669143846
793500	-3886.388996825144
794000	-3745.956536373703
794500	-3818.3159174096804
795000	-3732.09893784691
795500	-3838.4564704272507
796000	-3791.8274468394948
796500	-3831.0796585463
797000	-3791.960387358815
797500	-3781.367756029517
798000	-3756.562134266683
798500	-3762.613989659589
799000	-3840.2312747736173
799500	-3914.3519979683915
800000	-3773.989800371383
800500	-3791.0067871070805
801000	-3876.1838850727463
801500	-3861.7690883354303
802000	-3790.5825893942165
802500	-3832.01819569492
803000	-3795.0372962262395
803500	-3781.6612645223513
804000	-3801.601995310973
804500	-3793.693856331396
805000	-3773.6813329220013
805500	-3771.972113247689
806000	-3816.208783565265
806500	-3803.7274424785896
807000	-3797.0716848439843
807500	-3761.9120834292466
808000	-3818.4946553852237
808500	-3826.799300409339
809000	-3869.1426538231044
809500	-3705.944586245809
810000	-3818.0783025172395
810500	-3810.3916657699465
811000	-3854.8828205733653
811500	-3831.0735234060585
812000	-3850.0098236778567
812500	-3940.5449338641815
813000	-3840.076902175609
813500	-3870.201716460227
814000	-3818.3683329211212
814500	-3811.2782017275213
815000	-3876.0484063833187
815500	-3861.3349390112153
816000	-3824.444812291445
816500	-3877.121967042709
817000	-3876.1892484662044
817500	-3890.8289708082284
818000	-3848.6200347126764
818500	-3874.3757192860116
819000	-3859.176528220432
819500	-3799.8103511905933
820000	-3734.1360601868305
820500	-3793.440535725295
821000	-3794.0932281461746
821500	-3678.383791594485
822000	-3748.8340753811403
822500	-3746.326589126396
823000	-3818.6531575135223
823500	-3769.231533725566
824000	-3751.929870484597
824500	-3972.747101893168
825000	-3836.9788806997917
825500	-3793.6796612546154
826000	-3791.5292368103846
826500	-3817.1535468293714
827000	-3927.903309943309
827500	-3831.889223341337
828000	-3928.3984711948237
828500	-3856.7718849891658
829000	-3769.3629442816678
829500	-3838.55167315094
830000	-3840.01790763312
830500	-3678.7788835628708
831000	-3791.868026209822
831500	-3827.241452553666
832000	-3913.797468371277
832500	-3817.25601129141
833000	-3810.9364602607916
833500	-3806.696698148585
834000	-3782.807346016686
834500	-3905.91203728724
835000	-3892.164830139332
835500	-3817.8009459049795
836000	-3895.9615106077026
836500	-3730.082418788545
837000	-3752.7406213487993
837500	-3797.955149792251
838000	-3835.0739972022575
838500	-3744.2766874893473
839000	-3744.3635367636234
839500	-3806.7156467443015
840000	-3826.7151701488715
840500	-3846.9939138238683
841000	-3798.645768407633
841500	-3799.8996771936377
842000	-3827.736839575881
842500	-3906.8817915828104
843000	-3898.742775040751
843500	-3995.36411108787
844000	-4036.620960861224
844500	-3977.1826742751327
845000	-4076.2110071508387
845500	-4008.7348875172484
846000	-3981.728669210094
846500	-3940.934941681195
847000	-3993.399384025719
847500	-3873.3049844072248
848000	-3928.787178383816
848500	-3904.569128992213
849000	-3916.7136175999326
849500	-3961.8407009371704
850000	-3890.831480216829
850500	-3812.5480151516263
851000	-4027.5582281261686
851500	-3895.840522423497
852000	-3886.931878104862
852500	-3873.901270037661
853000	-3830.75540216801
853500	-3900.294182050713
854000	-4016.5095697769057
854500	-3914.778595605704
855000	-3983.238267679347
855500	-4005.430775503912
856000	-3935.971059647561
856500	-3906.6272641009186
857000	-3901.481213264743
857500	-4005.9268392081144
858000	-3823.6927255230553
858500	-3947.4166191768586
859000	-3956.9674336893727
859500	-3970.952945561107
860000	-3908.477993157295
860500	-3858.585620001637
861000	-3986.9403777831535
861500	-3963.4859524982926
862000	-3894.5858403835664
862500	-3937.158074809804
863000	-3973.646951615668
863500	-3876.704399381645
864000	-3873.7284633866943
864500	-3888.7486959165385
865000	-3915.153791967341
865500	-3889.494066597449
866000	-3971.328200002552
866500	-3913.9057132764005
867000	-3957.0759519170347
867500	-3889.925498212742
868000	-3913.8394070878107
868500	-3883.0543903461007
869000	-3957.179143382269
869500	-3830.237281614285
870000	-3865.6721675803474
870500	-3855.064213143377
871000	-3923.4981503400472
871500	-3928.1142342524945
872000	-3929.7621008920487
872500	-3848.324648396031
873000	-3855.4921164567345
873500	-3832.161006551389
874000	-3912.2901202288576
874500	-3792.01424503934
875000	-3766.867437223033
875500	-3849.913701741129
876000	-3773.1209359976006
876500	-3828.521870078388
877000	-3746.3379386873257
877500	-3790.005990197748
878000	-3805.8956940442513
878500	-3991.6325606365895
879000	-3906.0226805831585
879500	-3906.767753292672
880000	-3898.395719483153
880500	-3846.9184267071873
881000	-3806.0761991980967
881500	-3823.4852348255176
882000	-3855.5499624418635
882500	-3793.8601457443283
883000	-3783.107027077683
883500	-3910.7863010491756
884000	-3902.0606808992857
884500	-3837.1124858116445
885000	-3840.6036996674766
885500	-3817.675640151834
886000	-3821.0186114961984
886500	-3767.57358162665
887000	-3856.5950441731957
887500	-3799.2437668290054
888000	-3806.13719732263
888500	-3854.8342619300774
889000	-3870.0691801636963
889500	-3877.5886966916564
890000	-3925.8222548834883
890500	-3870.8548342893173
891000	-3854.3153316997464
891500	-3983.89553677218
892000	-3955.125858750455
892500	-3974.1623113837377
893000	-3986.4827934857867
893500	-4010.322134605303
894000	-3932.8355246479578
894500	-3958.5625150610585
895000	-3949.2879094720647
895500	-3865.935554872229
896000	-3951.9092004863573
896500	-3923.511501491174
897000	-3941.386415609135
897500	-3940.1449152925675
898000	-3942.6718871441994
898500	-3955.304761750426
899000	-3977.660353333656
899500	-3874.417629300977
900000	-3915.069360658751
900500	-3908.6923619544837
901000	-4012.0897360877443
901500	-3843.4504176005566
902000	-3832.7849779540666
902500	-3856.8098880151238
903000	-3915.6862883106
903500	-3815.6833942916824
904000	-3896.1836617633976
904500	-3911.0462897232696
905000	-3870.4659613585786
905500	-3891.840488880012
906000	-3843.562019350498
906500	-3858.532315941563
907000	-3924.9033076499895
907500	-3823.4978036766906
908000	-3872.5756922696974
908500	-3907.451094325441
909000	-4039.405729684074
909500	-3879.660932807738
910000	-4069.165513546143
910500	-3909.943285783807
911000	-3892.826553374102
911500	-3821.449769198446
912000	-3844.175292109354
912500	-3868.3904223095915
913000	-3790.316427895103
913500	-3822.0956471689037
914000	-3845.6269612674
914500	-3822.3076236776215
915000	-3875.0476179849265
915500	-3845.316124839208
916000	-3863.968240328469
916500	-3957.400602568362
917000	-3861.731902175594
917500	-3977.9277831591057
918000	-3867.624962329651
918500	-3887.640030689702
919000	-3962.972908099042
919500	-4008.7930111811665
920000	-3938.392323271663
920500	-3911.2269325751568
921000	-3913.1343475207823
921500	-3831.570103118792
922000	-3922.567003879638
922500	-3824.3379206968925
923000	-3893.5065418600093
923500	-3788.0524139112795
924000	-3709.6906078616785
924500	-3816.1712536682962
925000	-3791.6255469522075
925500	-3806.7749214593123
926000	-3892.165977289927
926500	-3805.682736300468
927000	-3879.0944908170936
927500	-3840.5379486895486
928000	-3820.0812818072764
928500	-3869.2521004021387
929000	-3924.7821108795733
929500	-3847.0793610330115
930000	-3895.2919672178564
930500	-3880.2200363778566
931000	-3837.68958151834
931500	-3843.35406080246
932000	-3820.8385695464135
932500	-3834.7151380405503
933000	-3851.4103523823396
933500	-3876.3234834857535
934000	-3933.703658771843
934500	-3913.413407911644
935000	-3903.8258310899278
935500	-3924.082984726403
936000	-4052.9127378276908
936500	-4069.787982152201
937000	-3976.658069318547
937500	-3888.812972457078
938000	-3904.6475501642967
938500	-3854.1025494425685
939000	-3874.53972152734
939500	-3875.157408121224
940000	-4023.371139582575
940500	-3951.469616449105
941000	-4038.605606550074
941500	-4032.356917679761
942000	-3911.4830695829346
942500	-3886.302225298343
943000	-3945.1687912299485
943500	-3940.195000759019
944000	-3842.0812959778227
944500	-3820.1906377192527
945000	-3829.055196471276
945500	-3894.431351646355
946000	-4004.0647674017587
946500	-3857.689536939044
947000	-3885.509284512649
947500	-3831.7365844311707
948000	-3800.09075606816
948500	-3796.16850674917
949000	-3887.3425759382167
949500	-3778.469688067049
950000	-3881.9067153788396
950500	-3853.680609171339
951000	-4011.4082446382877
951500	-4003.5816243609206
952000	-3863.078497389431
952500	-3911.0746143938077
953000	-3880.5354100378
953500	-4004.432351411549
954000	-3861.4898174567174
954500	-3830.2375326801407
955000	-3990.4480409155753
955500	-3886.4042115150332
956000	-3956.894961646086
956500	-3910.633950331816
957000	-3873.013847853495
957500	-3940.1293025284463
958000	-3894.7646436725113
958500	-3954.3542480201477
959000	-3893.866168419241
959500	-3886.9803164118157
960000	-3836.2842014620787
960500	-3845.3699499836603
961000	-3855.8608734226505
961500	-3837.7857819091555
962000	-3830.568101810647
962500	-3762.7306066118344
963000	-3839.6674215522016
963500	-3901.7117804619484
964000	-3845.84053957266
964500	-3899.9442604793694
965000	-3919.7671793739064
965500	-3816.6547958100587
966000	-3881.874775422228
966500	-4029.501871923007
967000	-3881.256384730287
967500	-4016.0076914832553
968000	-4104.753110330292
968500	-4082.6353430244017
969000	-4019.2387648863787
969500	-3955.454288577211
970000	-4012.768429601205
970500	-3920.842626783299
971000	-3933.529946105814
971500	-3906.958304298761
972000	-3902.422863242758
972500	-3901.7128992447792
973000	-3768.245806895491
973500	-3836.634556392806
974000	-3883.5764891472722
974500	-3903.9585791799977
975000	-3950.195052192605
975500	-3909.897294662302
976000	-3837.3989704019136
976500	-3920.009490593934
977000	-3796.0875318451904
977500	-3911.0942322717233
978000	-3860.15391822698
978500	-3812.130528170367
979000	-3918.0362033848423
979500	-3913.833839628078
980000	-3827.2064552982492
980500	-3969.9693003034063
981000	-3763.8124992755743
981500	-3889.5600226198517
982000	-3925.6933543824534
982500	-3890.715096811895
983000	-3884.2497546605623
983500	-4048.027836919152
984000	-3858.0477328721527
984500	-3867.5292397580483
985000	-3929.1441649644858
985500	-3917.454314089606
986000	-3959.8996517605447
986500	-3881.627385773075
987000	-3835.199593731618
987500	-3906.901809414462
988000	-3965.9938894680654
988500	-3830.3580849257614
989000	-3917.6764367720607
989500	-3853.858532527075
990000	-3876.833164212525
990500	-3876.972996148406
991000	-3888.810022900811
991500	-3850.679860571778
992000	-4027.2504282370724
992500	-3784.8678144163614
993000	-4016.068219832432
993500	-3908.394392799527
994000	-3783.5517510280674
994500	-3894.0832451610563
995000	-3877.417001456428
995500	-3731.4189288334987
996000	-3841.167387230732
996500	-3850.2579653489433
997000	-3930.2516798545685
997500	-3915.1429551171877
998000	-3873.1124541151994
998500	-3898.4380284859253
999000	-3903.517923942109
999500	-3892.6872938235338
1000000	-4058.0409767889964
1000500	-3880.8743477413805
1001000	-3841.729360884514
1001500	-3895.9896029894835
1002000	-3950.64807519875
1002500	-4010.225784199499
1003000	-3908.0123772438933
1003500	-3979.318512129521
1004000	-3944.5860895783744
1004500	-4020.035868868328
1005000	-4031.0382293456414
1005500	-3964.982412381464
1006000	-3998.714394311208
1006500	-4001.9578451661173
1007000	-4019.4894848228123
1007500	-4092.883775584564
1008000	-4087.149290255461
1008500	-3994.245848831612
1009000	-3923.809460048484
1009500	-3889.5063636030086
1010000	-3938.951596874259
1010500	-3963.587060631681
1011000	-3997.7573041713636
1011500	-3959.8192502183597
1012000	-4017.2722572700777
1012500	-3980.144412727777
1013000	-3938.582251978197
1013500	-3969.6349536493194
1014000	-3874.93669314573
1014500	-3902.406477979958
1015000	-3963.743702639883
1015500	-3982.686110771361
1016000	-3973.2283077777342
1016500	-4017.0742859206766
1017000	-4029.7365741350163
1017500	-4014.496644652129
1018000	-3992.4228885890875
1018500	-3968.0961230460425
1019000	-3999.371759339908
1019500	-3970.7269000859574
1020000	-3993.41361013333
1020500	-3969.2206311048244
1021000	-3968.407435670015
1021500	-4009.3364120936576
1022000	-3989.844080210744
1022500	-3989.614970172282
1023000	-4056.8172731950363
1023500	-4017.73668720895
1024000	-3967.7695724590076
1024500	-3941.0253638256027
1025000	-3995.903912448038
1025500	-3978.672102906846
1026000	-4147.389749464702
1026500	-4160.938716610952
1027000	-4086.6658559481293
1027500	-4068.3920426107406
1028000	-4029.041647953949
1028500	-3960.784430693845
1029000	-4038.4678673762423
1029500	-4020.5608685644984
1030000	-3927.9032913995325
1030500	-3972.6820110936574
1031000	-3929.0125137235837
1031500	-3920.434765305062
1032000	-3979.903550035058
1032500	-3876.698403839937
1033000	-4030.9605977647093
1033500	-3942.059893098566
1034000	-3949.462122877949
1034500	-4035.606920085329
1035000	-3949.4146728837336
1035500	-4017.8674793283412
1036000	-3959.3737796687788
1036500	-3962.245797003288
1037000	-3918.9381365124955
1037500	-3965.24845023421
1038000	-4016.2023702602314
1038500	-3959.565385127281
1039000	-4119.3111420207915
1039500	-3960.0475815472237
1040000	-4067.2798410523824
1040500	-3959.2945521831925
1041000	-3944.297338125895
1041500	-4070.101496386197
1042000	-4214.499778490837
1042500	-4103.685535685013
1043000	-4019.551309832364
1043500	-3965.913556080862
1044000	-3934.0543133044785
1044500	-3963.7699214091426
1045000	-3961.8361469190036
1045500	-3938.5148886078277
1046000	-3988.571185000868
1046500	-4019.1062492357987
1047000	-4006.238161847562
1047500	-4014.0773720109796
1048000	-3936.710820295384
1048500	-3884.5225140774114
1049000	-3908.1091381840683
1049500	-3901.3643463040253
1050000	-3896.6552260284225
1050500	-3949.3239070973204
1051000	-3937.5930031497874
1051500	-3930.4969614598062
1052000	-3934.3777923551347
1052500	-3998.7490298933176
1053000	-4002.5918439821226
1053500	-3985.7909462048992
1054000	-3992.150719985277
1054500	-3943.7600945058766
1055000	-3878.277004739712
1055500	-3876.5659261215487
1056000	-4028.587792420767
1056500	-3942.491254268222
1057000	-4036.7377811492797
1057500	-3917.6091954901444
1058000	-3828.2304889838015
1058500	-3896.0520863378256
1059000	-3904.5152850077898
1059500	-3868.8182389583753
1060000	-3923.4989790159843
1060500	-3901.8619577521004
1061000	-3909.667975843805
1061500	-3897.065084147869
1062000	-3941.046897179977
1062500	-3915.4333099603246
1063000	-3953.714641618607
1063500	-4064.4206551950538
1064000	-3955.5867268180605
1064500	-3936.1278579201626
1065000	-4016.5016288539055
1065500	-3949.5055745672103
1066000	-3853.8636387503047
1066500	-3968.947574234994
1067000	-3962.261182440715
1067500	-3968.5887003798794
1068000	-3944.93002394222
1068500	-3994.884046870172
1069000	-3921.0108560883114
1069500	-4045.1275947481818
1070000	-3897.84397617625
1070500	-3954.1789612289067
1071000	-3994.3172579300062
1071500	-4025.457992172004
1072000	-3978.6556627409423
1072500	-3938.691873002536
1073000	-3914.922311042917
1073500	-4018.3727002417236
1074000	-3981.452730704819
1074500	-3845.8522482423145
1075000	-3998.534765909183
1075500	-3939.3008670569084
1076000	-3919.0713398637154
1076500	-3964.5913536737853
1077000	-4037.806090923082
1077500	-3961.661678300224
1078000	-4026.3779747125773
1078500	-4030.2597377984753
1079000	-3985.332387428758
1079500	-4090.732258160147
1080000	-4007.8276047662425
1080500	-3925.562437910862
1081000	-3907.8920359638473
1081500	-3948.8783652249676
1082000	-3967.4706832718607
1082500	-3929.5301018329505
1083000	-3960.560343492015
1083500	-3947.644009304399
1084000	-3905.396023482045
1084500	-3932.8930998843252
1085000	-3867.0259295166898
1085500	-3916.6980236845443
1086000	-3931.5294674091915
1086500	-3871.0513604449307
1087000	-3838.2403288544106
1087500	-3916.5314523197017
1088000	-3866.176444763359
1088500	-3878.298187762984
1089000	-3939.082316355712
1089500	-3902.0868561461
1090000	-3945.0796069990897
1090500	-3929.9132936901924
1091000	-3837.352393481217
1091500	-3895.2816995536627
1092000	-3932.2848081990237
1092500	-3898.5067388749253
1093000	-3887.6339576623586
1093500	-3921.7265690208305
1094000	-3837.099754328315
1094500	-3888.422761065608
1095000	-3916.8772927147943
1095500	-3959.6501001683278
1096000	-3963.107912787209
1096500	-3915.850196847023
1097000	-4096.420792351057
1097500	-3946.059654845091
1098000	-3984.7721590986957
1098500	-3923.695018863069
1099000	-3987.7362768287344
1099500	-3923.713819978223
1100000	-4003.3211671941635
1100500	-3876.244552892104
1101000	-3917.766389587747
1101500	-3912.1386610186037
1102000	-3954.5853826739435
1102500	-3872.228512985229
1103000	-3989.899750313866
1103500	-3950.019663984718
1104000	-3958.3233612322942
1104500	-3849.679181028765
1105000	-3878.5819622157287
1105500	-4003.0337385223047
1106000	-3852.2224707942764
1106500	-3834.7850765922844
1107000	-3956.7076815669293
1107500	-3954.060415039983
1108000	-3881.187444297029
1108500	-3899.6251238573614
1109000	-3875.5876020525493
1109500	-3967.3613731357377
1110000	-3857.8357699267744
1110500	-3886.179807729887
1111000	-3874.8630670934626
1111500	-4021.313378749374
1112000	-3897.983065179063
1112500	-3917.614260813366
1113000	-3828.0212946659904
1113500	-3930.990543808061
1114000	-3844.3979961351483
1114500	-3934.750298517698
1115000	-3958.963542664648
1115500	-3929.362834652403
1116000	-3903.5366182198654
1116500	-3895.1166211326504
1117000	-3910.17547459127
1117500	-3993.0826965032993
1118000	-3933.433642870774
1118500	-3897.753157106752
1119000	-4007.035240534234
1119500	-3967.165949168889
1120000	-3842.790437974156
1120500	-3898.03770073511
1121000	-3892.6924043476124
1121500	-3831.264452764245
1122000	-3903.530687126267
1122500	-3882.038293997228
1123000	-3946.652896044053
1123500	-3892.0125728718126
1124000	-3915.149207016466
1124500	-3868.3879864541477
1125000	-3846.2512320268734
1125500	-3798.2142729290513
1126000	-3913.183675380775
1126500	-3950.2287495673477
1127000	-3733.423897042145
1127500	-3815.069827454193
1128000	-3926.491145452519
1128500	-3824.937812976349
1129000	-3881.034569519698
1129500	-3857.4070643373293
1130000	-3777.541047459043
1130500	-3778.1842765175197
1131000	-3785.5712299865454
1131500	-3859.7840870030673
1132000	-3852.8601519456006
1132500	-3779.3299541042447
1133000	-3872.448062440427
1133500	-3855.985032812815
1134000	-3872.050472530956
1134500	-3853.5652597299513
1135000	-3873.32028396924
1135500	-3870.3054726162727
1136000	-3866.4627576689236
1136500	-3837.6540302015596
1137000	-3874.6440564837844
1137500	-3782.840865205401
1138000	-3838.12785618742
1138500	-3860.1560165353326
1139000	-3823.9854235093717
1139500	-3775.6156429332327
1140000	-3793.4308069325093
1140500	-3787.6141617125522
1141000	-3736.2235426349675
1141500	-3675.640138777137
1142000	-3723.137668647567
1142500	-3723.1693035555777
1143000	-3754.5259061328024
1143500	-3794.132622931182
1144000	-3833.7892220664344
1144500	-3782.849997439765
1145000	-3829.385866702578
1145500	-3925.9277098885395
1146000	-3874.3107075054213
1146500	-3823.749706890859
1147000	-3744.3687219777344
1147500	-3841.0349621318005
1148000	-3813.5410743238185
1148500	-3886.586874418586
1149000	-3800.1648475698667
1149500	-3863.6017862804597
1150000	-3968.558258085459
1150500	-3895.7737182111373
1151000	-4037.463031278919
1151500	-3898.857706783526
1152000	-3941.2765888635213
1152500	-3936.9733484248068
1153000	-3900.238729392877
1153500	-3847.553247794756
1154000	-4000.988541798703
1154500	-3911.3337994819394
1155000	-3983.8880060507195
1155500	-3962.4685516901163
1156000	-3938.5106261107067
1156500	-3854.119032968561
1157000	-3812.7154908667503
1157500	-3766.847513584156
1158000	-3876.973569969433
1158500	-3889.191106623106
1159000	-3911.2503977794436
1159500	-3845.7414621651324
1160000	-3860.0648715567318
1160500	-3874.2683139914907
1161000	-3843.278706802897
1161500	-3972.8433174877764
1162000	-3890.5674362493396
1162500	-3864.6410473216442
1163000	-3849.34398805719
1163500	-3919.461124941191
1164000	-3918.2116662203625
1164500	-3838.324073632284
1165000	-3911.675808340692
1165500	-3889.8567074327875
1166000	-3884.017195770036
1166500	-3875.3612947266847
1167000	-3846.9517786821784
1167500	-3871.329085490228
1168000	-3914.9845095155883
1168500	-3890.8416388784362
1169000	-3906.033793519447
1169500	-3846.8555873999308
1170000	-3947.1438788260925
1170500	-3902.9243640113764
1171000	-3881.310478067675
1171500	-3856.8469081453477
1172000	-3906.4052694026855
1172500	-3992.9434129771125
1173000	-3983.7403951617002
1173500	-3964.7825577418052
1174000	-3871.066794854675
1174500	-3941.186360546888
1175000	-3859.4421359160465
1175500	-3870.9277499923173
1176000	-3840.5572208245735
1176500	-3898.2762226661785
1177000	-3847.1245142282396
1177500	-3899.814639145359
1178000	-3902.5315874819116
1178500	-3951.818291464096
1179000	-3982.0048142914625
1179500	-3946.2606538326986
1180000	-3832.299222561358
1180500	-3836.2633107277484
1181000	-3843.090840622253
1181500	-3819.391461860603
1182000	-3824.594877997481
1182500	-3839.1798937783847
1183000	-3881.961142893408
1183500	-3909.7079071160792
1184000	-3923.223657694044
1184500	-3924.6177878368844
1185000	-3996.815785942796
1185500	-3976.627726973996
1186000	-3958.0591974980407
1186500	-3879.0060638556247
1187000	-3825.4526612092445
1187500	-3751.131311631135
1188000	-3946.8449068048735
1188500	-3831.797509264484
1189000	-3888.82623403481
1189500	-3866.4551344161764
1190000	-3842.3732756612367
1190500	-3870.845061664482
1191000	-3815.9685653470005
1191500	-3773.1341700602215
1192000	-3819.4948811081904
1192500	-3851.2985848032276
1193000	-3863.880889872679
1193500	-3877.5806484727686
1194000	-3913.1417083928013
1194500	-3891.377128883254
1195000	-4086.808083644239
1195500	-4023.8312007408313
1196000	-4013.6386687636896
1196500	-3901.219131152289
1197000	-3869.381099403255
1197500	-3869.4853338336484
1198000	-3882.3735036458716
1198500	-3886.2479838754293
1199000	-3935.4188891344456
1199500	-3934.720353425241
1200000	-3885.362615666764
1200500	-3883.1658575102424
1201000	-3906.6342116317956
1201500	-3916.352382514045
1202000	-3883.2344460819645
1202500	-3941.6575729359415
1203000	-3903.925995537636
1203500	-3917.337229183408
1204000	-3892.7210991180314
1204500	-3964.181085151518
1205000	-3946.055095331471
1205500	-3883.9147824349075
1206000	-3932.1569284263246
1206500	-3960.464947625587
1207000	-3968.8018304631564
1207500	-3931.9697077857563
1208000	-3936.7360468460943
1208500	-3914.2158454548307
1209000	-3899.4110996996924
1209500	-3983.1190854798947
1210000	-4004.2723559784063
1210500	-3849.8138193645227
1211000	-3924.9510976719835
1211500	-3908.56612422073
1212000	-3932.7001488938045
1212500	-3943.311917918422
1213000	-3927.765417498611
1213500	-3852.425829449622
1214000	-3903.44620321279
1214500	-3920.5083972487946
1215000	-3950.0472770079646
1215500	-4004.398058132711
1216000	-3918.5067647120923
1216500	-4052.6878754446234
1217000	-4020.0430298444935
1217500	-4008.6139070157374
1218000	-3977.1560199637156
1218500	-3815.696917197253
1219000	-3914.22264719768
1219500	-4031.3869044731873
1220000	-3946.613788909193
1220500	-3857.0837883273944
1221000	-3908.1213765579855
1221500	-3909.458121232404
1222000	-3896.5211825700035
1222500	-3989.3811848444166
1223000	-3927.837282698042
1223500	-3887.7069637673394
1224000	-3805.5308126274026
1224500	-3910.562481950705
1225000	-3896.560980575593
1225500	-3930.08525839366
1226000	-4094.118838313165
1226500	-3970.3224900750574
1227000	-3909.808127710661
1227500	-4019.340090856588
1228000	-3861.024338639272
1228500	-3887.1587208389483
1229000	-3920.3638887472384
1229500	-3936.627543684679
1230000	-3937.8032448172885
1230500	-3875.1350547128145
1231000	-3928.8711270589924
1231500	-3953.911148576491
1232000	-3878.607648364148
1232500	-3859.111470912373
1233000	-3773.1786305718283
1233500	-3849.1385251459187
1234000	-3937.7764993348287
1234500	-3863.5729293545796
1235000	-3821.028965414433
1235500	-3901.1709141316446
1236000	-3902.8792217291443
1236500	-3923.581371450527
1237000	-3970.6347632607985
1237500	-3916.2985822702744
1238000	-3956.7678120865203
1238500	-3944.1464995033243
1239000	-4011.5109263524523
1239500	-4003.4428979222416
1240000	-3962.6665906728126
1240500	-3819.2294792501407
1241000	-4017.5902610477256
1241500	-3830.666247948398
1242000	-3880.9293739835575
1242500	-3896.54859586977
1243000	-3811.333280963164
1243500	-3897.8032445998297
1244000	-3782.6671410579374
1244500	-3751.2540930256546
1245000	-3773.779238292098
1245500	-3917.798414268298
1246000	-3811.0235199645304
1246500	-3802.5688597930266
1247000	-3950.7121456549694
1247500	-3848.8594277893512
1248000	-3802.910452391003
1248500	-3830.747695431273
1249000	-3850.8612139669767
1249500	-3864.181106582351
1250000	-3904.4030486154907
1250500	-3905.438655447462
1251000	-3925.7421271729454
1251500	-3918.1519583949907
1252000	-3919.53563375726
1252500	-3874.725478655586
1253000	-4041.325064195505
1253500	-4029.952805639965
1254000	-3879.159308302969
1254500	-3943.8905383234687
1255000	-3994.5134571312838
1255500	-3964.13554522897
1256000	-4019.7727598861525
1256500	-4026.7685284610134
1257000	-4024.3173968630745
1257500	-3924.3662664915373
1258000	-3952.0326824131366
1258500	-4002.155238158876
1259000	-4016.7592438865286
1259500	-3985.7664169874374
1260000	-3924.3482337197747
1260500	-3950.4442893512564
1261000	-3851.995491098717
1261500	-3921.3947014008927
1262000	-3892.266027349699
1262500	-3900.8189529161405
1263000	-3862.0191646791013
1263500	-3888.058235457654
1264000	-3880.188379577682
1264500	-3890.7558284273146
1265000	-3933.6915760673537
1265500	-3860.647813668378
1266000	-3942.319586623291
1266500	-3883.818226911365
1267000	-3826.160843746682
1267500	-3838.0561677142905
1268000	-3944.3622816978655
1268500	-3985.2194152117536
1269000	-3854.800595423297
1269500	-3858.47090032087
1270000	-3889.535946069222
1270500	-3847.6035106590066
1271000	-3947.5506310793635
1271500	-3905.944559198746
1272000	-3902.440838062363
1272500	-3857.973809222329
1273000	-3829.396473222243
1273500	-3949.5585181512133
1274000	-3905.9278650906876
1274500	-3919.299026720055
1275000	-3926.571772515497
1275500	-3834.9852026013336
1276000	-3941.4247746874235
1276500	-3942.465072986612
1277000	-3876.3290350167413
1277500	-4004.4017618905937
1278000	-3865.4610857672315
1278500	-3822.065587880073
1279000	-3851.9933955220836
1279500	-3889.1259020073503
1280000	-3865.2172575975715
1280500	-3962.40810713325
1281000	-3889.425184961969
1281500	-3849.9738571682547
1282000	-3910.2110503346335
1282500	-3835.125055636685
1283000	-3843.875601258152
1283500	-3819.3744710420788
1284000	-3836.733301348169
1284500	-3908.460952488597
1285000	-3851.2853380831084
1285500	-3761.6395533326927
1286000	-3833.935909119247
1286500	-3846.7221627208087
1287000	-3795.0426290163873
1287500	-3822.7616674613378
1288000	-3775.2714879740397
1288500	-3877.609708307795
1289000	-3809.5903165561986
1289500	-3867.4173226558023
1290000	-3838.6914085243156
1290500	-3814.395603778634
1291000	-3915.2108480833704
1291500	-3881.460921564604
1292000	-3773.132320989906
1292500	-3840.6642970546577
1293000	-3795.4571958307397
1293500	-3818.447632118766
1294000	-3834.663974231649
1294500	-3767.3148929603467
1295000	-3812.291023761891
1295500	-3743.859589509781
1296000	-3749.4716775889633
1296500	-3814.2785523167163
1297000	-3783.241262841144
1297500	-3767.416731877009
1298000	-3796.0928115601832
1298500	-3849.541274872601
1299000	-3835.1952023112935
1299500	-3735.7234133623406
1300000	-3892.629955170622
1300500	-3785.382325263346
1301000	-3811.940216776979
1301500	-3759.59061583464
1302000	-3733.7680380991665
1302500	-3742.642555249783
1303000	-3734.215012580663
1303500	-3730.5603592289835
1304000	-3779.1668801735445
1304500	-3794.136439634733
1305000	-3795.0288727003326
1305500	-3852.4611226333022
1306000	-3761.6628781346712
1306500	-3780.2650962624675
1307000	-3851.121595085151
1307500	-3813.4458631489188
1308000	-3878.091197496881
1308500	-3733.033342155983
1309000	-3714.7415595684683
1309500	-3665.2672491737558
1310000	-3661.5172032200812
1310500	-3660.72577234124
1311000	-3720.2351541352914
1311500	-3769.945988308543
1312000	-3849.4485570768456
1312500	-3784.9134223200617
1313000	-3824.2812272327037
1313500	-3776.013075495591
1314000	-3804.1621200156287
1314500	-3743.9682467650105
1315000	-3818.099286449432
1315500	-3712.775442137341
1316000	-3722.034639876622
1316500	-3692.845619294026
1317000	-3832.570147561676
1317500	-3853.4556194210495
1318000	-3774.8586747726004
1318500	-3799.0169378187616
1319000	-3851.1723090288115
1319500	-3757.5353562123
1320000	-3670.970508127776
1320500	-3676.308828010015
1321000	-3643.4321123921977
1321500	-3794.2344489967636
1322000	-3812.8231023122803
1322500	-3862.4494359002942
1323000	-3838.7650044059355
1323500	-3777.901147656107
1324000	-3821.842101814277
1324500	-3835.0606339120454
1325000	-3837.4088068987553
1325500	-3863.078562001013
1326000	-3735.064160120754
1326500	-3812.6369713737545
1327000	-3924.0245209988425
1327500	-3798.50671380039
1328000	-3846.2026463128354
1328500	-3787.3578101226135
1329000	-3841.4065892824465
1329500	-3888.537123222977
1330000	-3933.582644407718
1330500	-3914.0308891902896
1331000	-3839.05870515157
1331500	-3840.173010416069
1332000	-3791.006842761291
1332500	-3867.2625568289423
1333000	-3805.021331130609
1333500	-3813.4637240204765
1334000	-3744.154085502801
1334500	-3820.0099837284324
1335000	-3819.531438419592
1335500	-3777.3660366314225
1336000	-3798.8858413797825
1336500	-3793.2193346961353
1337000	-3817.1384419894057
1337500	-3867.3016171553545
1338000	-3845.171417614959
1338500	-3810.5939367017577
1339000	-3895.1815793369724
1339500	-3831.2628347113055
1340000	-3885.8894205261154
1340500	-3770.9596625068802
1341000	-3838.0808041948117
1341500	-3803.9708693664306
1342000	-3796.1326872691056
1342500	-3798.168297905832
1343000	-3843.058375576951
1343500	-3873.4560914750496
1344000	-3781.2347623797887
1344500	-3752.335277347652
1345000	-3740.806150114077
1345500	-3870.093168390592
1346000	-3724.4822634887446
1346500	-3819.278664202468
1347000	-3844.3215224968753
1347500	-3868.6421604163083
1348000	-3893.521771957568
1348500	-3836.5675163852648
1349000	-3830.6306581886824
1349500	-3827.3439347720455
1350000	-3949.263757676144
1350500	-3835.364823292553
1351000	-4052.3810067967984
1351500	-3967.936687462314
1352000	-3902.352106257389
1352500	-3845.451802561642
1353000	-3847.041502191075
1353500	-3821.618539473201
1354000	-3975.3196685759503
1354500	-3756.251208011275
1355000	-3788.039992375688
1355500	-3818.799533370905
1356000	-3860.406797704176
1356500	-3812.3473944532557
1357000	-3907.754245420518
1357500	-3835.9527989582716
1358000	-3875.8830259348374
1358500	-3954.4068061918238
1359000	-3909.926029296441
1359500	-3878.7517008361074
1360000	-3814.9121464165296
1360500	-3899.5780155484927
1361000	-3892.3046103375755
1361500	-4003.170283513517
1362000	-3967.2214126862837
1362500	-3868.5695051473463
1363000	-3940.5021359693656
1363500	-3894.28477568681
1364000	-3896.5391856491265
1364500	-3865.901393260856
1365000	-3830.58331648749
1365500	-3841.352217962042
1366000	-3879.130303906558
1366500	-3978.0619841409693
1367000	-3930.715241470842
1367500	-3877.2267577679677
1368000	-3884.5906535522945
1368500	-3929.497883530865
1369000	-3809.8315923353607
1369500	-3821.98951873339
1370000	-3868.40652337851
1370500	-3824.26458112588
1371000	-3801.9938468211226
1371500	-3899.8237612666153
1372000	-3912.5637443773276
1372500	-3834.977511492291
1373000	-3897.4683401211646
1373500	-3865.4181989184854
1374000	-3931.8476338274295
1374500	-3812.6977616302843
1375000	-3838.33627194586
1375500	-3872.3993948387724
1376000	-3850.465359658905
1376500	-3845.1905063639115
1377000	-3866.6135822701253
1377500	-3805.712796295716
1378000	-3882.0963147543416
1378500	-3840.9848887272524
1379000	-3736.523228822734
1379500	-3716.660670078465
1380000	-3860.8872811851284
1380500	-3783.652237653049
1381000	-3761.7660588170384
1381500	-3744.7814265875636
1382000	-3727.6866957230145
1382500	-3858.450312284239
1383000	-3887.9566344667073
1383500	-3890.5272912249643
1384000	-3915.0394504412384
1384500	-3952.0391980942422
1385000	-3955.3456053039536
1385500	-3874.4047971209466
1386000	-3986.9875962650717
1386500	-3856.2771345668075
1387000	-3892.1066078100553
1387500	-3851.370362717621
1388000	-3844.226139520987
1388500	-3865.153813677718
1389000	-3813.6874853939503
1389500	-3843.332276250193
1390000	-3926.982643494135
1390500	-3722.578956339142
1391000	-3734.991676757981
1391500	-3698.5861587477443
1392000	-3783.2962361809123
1392500	-3736.2532523737646
1393000	-3594.5088911680614
1393500	-3604.3615576027432
1394000	-3605.6262404549675
1394500	-3649.592559706939
1395000	-3603.2118464888904
1395500	-3635.7471773744583
1396000	-3686.9819777658004
1396500	-3651.788760319886
1397000	-3658.1988830841806
1397500	-3697.8765232518667
1398000	-3720.4326769262193
1398500	-3743.563971802426
1399000	-3728.0021745168333
1399500	-3823.402001250432
1400000	-3728.4672489210648
1400500	-3849.745336784519
1401000	-3768.837592035264
1401500	-3821.154715286339
1402000	-3747.8347558459354
1402500	-3731.902606448494
1403000	-3743.053124728719
1403500	-3751.7146049271373
1404000	-3698.743518752269
1404500	-3688.9562997085322
1405000	-3776.8260754039957
1405500	-3747.1210402399124
1406000	-3788.765794197858
1406500	-3787.585497625607
1407000	-3810.7978087831625
1407500	-3850.2576159561695
1408000	-3882.0688838080505
1408500	-3958.5241699566914
1409000	-3997.1576220618135
1409500	-3808.97578184134
1410000	-3928.489030489093
1410500	-3822.489830722603
1411000	-3771.458561217034
1411500	-3725.0090095313085
1412000	-3773.249095725841
1412500	-3802.625917726311
1413000	-3779.1452116619753
1413500	-3829.021306813143
1414000	-3908.456482890746
1414500	-3913.752728963059
1415000	-3740.007205401426
1415500	-3755.8956771521084
1416000	-3802.143399584824
1416500	-3722.7124819004684
1417000	-3739.394064509627
1417500	-3820.1940078527223
1418000	-3857.510214193525
1418500	-3779.779184181991
1419000	-3953.712040632788
1419500	-3976.155355969706
1420000	-3929.1007993574217
1420500	-3916.576224801218
1421000	-3828.4703807847854
1421500	-3868.6358801263573
1422000	-3853.758069142629
1422500	-3893.5050088519256
1423000	-3875.6823835747323
1423500	-3823.4909205013846
1424000	-3883.084405911717
1424500	-4005.5591516531435
1425000	-3846.711770065791
1425500	-3761.609582353218
1426000	-3868.3143350649516
1426500	-3832.263894868336
1427000	-3929.6763747497134
1427500	-3783.3769454502094
1428000	-3826.839745339462
1428500	-3782.7780943070793
1429000	-3792.972992854113
1429500	-3799.5035088131235
1430000	-3906.171209624393
1430500	-3845.8108660084413
1431000	-3833.4368994444553
1431500	-3944.4105788432694
1432000	-3915.354920048823
1432500	-3828.8034223149934
1433000	-3737.4890966234
1433500	-3739.6294690388195
1434000	-3842.243516772257
1434500	-3868.5087066415026
1435000	-3760.014761961072
1435500	-3868.772660542212
1436000	-3853.8954681105665
1436500	-3873.125140308267
1437000	-3846.331828834112
1437500	-3829.398943377992
1438000	-3812.3356326136454
1438500	-3842.0069873648426
1439000	-3854.8820964698375
1439500	-3851.5369078063973
1440000	-3984.396298664245
1440500	-3948.4290209551486
1441000	-3941.5810569761916
1441500	-3851.4464788274654
1442000	-3856.741677386385
1442500	-3887.4252317672967
1443000	-3826.6830697345126
1443500	-3872.007819446567
1444000	-3877.693272190737
1444500	-3857.993761547808
1445000	-3828.8901871398207
1445500	-3782.761113594857
1446000	-3958.9568681529463
1446500	-3925.6332743688945
1447000	-3853.0616420476995
1447500	-3855.2446482280416
1448000	-3879.632102505129
1448500	-3769.5374799583724
1449000	-3820.8434962101956
1449500	-3781.358051542671
1450000	-3777.083673555151
1450500	-3882.069701787575
1451000	-3852.934147689175
1451500	-3826.954383848085
1452000	-3906.0310214003866
1452500	-3876.5928777766894
1453000	-3804.710478111697
1453500	-3817.0237742973486
1454000	-3781.8920534407634
1454500	-3773.9649612301387
1455000	-3806.9353691726083
1455500	-3827.7187249292115
1456000	-3887.224533703032
1456500	-3912.4989026440153
1457000	-3825.692547980644
1457500	-3887.200914093285
1458000	-3871.6910508100364
1458500	-3811.211543671261
1459000	-3768.068292432164
1459500	-3834.8296587266923
1460000	-3855.228785995142
1460500	-3871.0945881352327
1461000	-3892.287479481916
1461500	-3850.3546171373764
1462000	-4027.5000202547863
1462500	-3937.094424945476
1463000	-3888.1875282234223
1463500	-3937.0302391656837
1464000	-3948.980923191205
1464500	-3951.7655127088424
1465000	-3916.589833931979
1465500	-3970.819899811899
1466000	-3937.758568224622
1466500	-3847.5747540736684
1467000	-3854.443423052368
1467500	-3905.381841289142
1468000	-3896.52100290672
1468500	-3918.809586633742
1469000	-3724.108056877332
1469500	-3791.1132072203404
1470000	-3851.0751950499853
1470500	-3867.4997466627856
1471000	-3899.9536937967932
1471500	-3897.686745783175
1472000	-3990.5461266283396
1472500	-3955.7463759686316
1473000	-3748.3248517986863
1473500	-3857.56404039736
1474000	-3846.8507183911943
1474500	-3813.9159155274183
1475000	-3988.43664126509
1475500	-3942.829251850072
1476000	-3887.955273614432
1476500	-3979.518559561385
1477000	-3988.7827493229083
1477500	-3838.489939538897
1478000	-3885.6852814660024
1478500	-3825.310376964945
1479000	-3810.685017783658
1479500	-3861.42963797694
1480000	-3926.3135216012315
1480500	-3912.6264934182336
1481000	-4002.376254094815
1481500	-3845.870502590442
1482000	-3839.166742573025
1482500	-3821.0589377794868
1483000	-3804.086093604111
1483500	-3940.6182457205077
1484000	-3964.6640855213436
1484500	-3908.3214071122416
1485000	-3892.795030784286
1485500	-3842.0075864135965
1486000	-3951.0775587627904
1486500	-3863.6517920949254
1487000	-3856.1850644459937
1487500	-3836.8519383493826
1488000	-3885.012128053233
1488500	-3800.9475656110912
1489000	-3800.8552822550664
1489500	-3795.4189644013763
1490000	-3931.160421202454
1490500	-3906.9826001976503
1491000	-3843.2111450255816
1491500	-3944.41978601492
1492000	-3917.4132092128943
1492500	-3951.954595472911
1493000	-3948.5372216460223
1493500	-3961.624217738906
1494000	-3843.478921191959
1494500	-3920.6165442612055
1495000	-3924.7567190392497
1495500	-3941.990204762415
1496000	-3843.367791011552
1496500	-3834.723273886607
1497000	-3959.7652149942915
1497500	-3877.585638983964
1498000	-3972.5432619017397
1498500	-3971.310267665187
1499000	-3898.737149342078
1499500	-3942.8832032644004
1500000	-3977.4969247509403
