Sample	likelihood
0	-3955.4178537303665
500	-4160.700542094036
1000	-3916.1154201211148
1500	-3815.7510202580197
2000	-3940.687892457793
2500	-3891.844927681237
3000	-3862.655338377291
3500	-3902.2192056299696
4000	-4010.1888060211027
4500	-3855.9676921557075
5000	-3869.237673984812
5500	-3844.0965325558773
6000	-3955.3223299397296
6500	-4037.997117508825
7000	-3904.273515126347
7500	-3872.6813226268614
8000	-3796.2963610374727
8500	-3905.3234777562925
9000	-3966.739281027927
9500	-3900.751251761684
10000	-3796.2632274695525
10500	-3942.3229331849425
11000	-3992.2464406884637
11500	-3999.015918991233
12000	-3819.50472546785
12500	-3882.6517323630474
13000	-3937.1005177088987
13500	-3816.1497580091036
14000	-3947.575510657724
14500	-3875.465065135125
15000	-3837.8517356761627
15500	-3847.474768298802
16000	-3869.0222243489534
16500	-3963.119910887403
17000	-3920.911830446578
17500	-3952.743501018481
18000	-3899.9251525821956
18500	-3951.7367110340106
19000	-3897.0013149330944
19500	-3920.913855930548
20000	-3980.2494779577096
20500	-3932.0421297238872
21000	-3887.217450447148
21500	-3793.498986168098
22000	-3994.1653423138514
22500	-3805.979499972268
23000	-3820.6359343442155
23500	-3833.1709681336333
24000	-3728.348034364375
24500	-3954.55349481775
25000	-3776.6812597262665
25500	-3844.691409294336
26000	-4152.6637730831535
26500	-4140.409638610466
27000	-4004.079132398543
27500	-3980.354955020283
28000	-3994.6441601610413
28500	-3941.5908067783557
29000	-3982.65797938457
29500	-4320.259840567457
30000	-4089.0940445566735
30500	-4163.714294267577
31000	-4240.757595888686
31500	-3979.575226624333
32000	-4108.307450141117
32500	-4091.437726965648
33000	-4071.3757994199204
33500	-3951.1631386715508
34000	-3890.153755435608
34500	-3926.3518022477256
35000	-4155.766075912681
35500	-4127.45851711155
36000	-4164.059375238506
36500	-4018.0563440453766
37000	-4088.7696253488275
37500	-4048.2753455224233
38000	-4009.1600055184945
38500	-4080.1944904730212
39000	-3922.547809436943
39500	-3990.243091309938
40000	-3975.4813819512297
40500	-4016.4081429801176
41000	-4114.0036840216635
41500	-3996.4829722506875
42000	-4308.977999385889
42500	-3964.26439888526
43000	-3807.3867225006325
43500	-3900.2653922535264
44000	-3704.403886966493
44500	-3869.460562971506
45000	-4181.751677926093
45500	-4186.179602361246
46000	-3962.7967562514796
46500	-4060.6619732850404
47000	-4293.939585477938
47500	-4368.278736625934
48000	-4017.6705038848113
48500	-4319.712746475128
49000	-4280.025220567971
49500	-4164.661375015153
50000	-4172.714145372847
50500	-4145.231133984027
51000	-4212.07478267153
51500	-4186.032272801886
52000	-4169.970265250231
52500	-4324.371047473119
53000	-3990.5430326002147
53500	-4063.724336357834
54000	-3877.69019752405
54500	-3997.757164425311
55000	-3987.4911296996693
55500	-4083.996703703049
56000	-4063.6422463280187
56500	-3895.4873852001506
57000	-4101.520820119377
57500	-3999.54604950369
58000	-3916.6749342943526
58500	-3871.3793816298867
59000	-4056.883726966645
59500	-3981.346362599841
60000	-3972.616501333674
60500	-3888.6347107266834
61000	-4045.9692935940866
61500	-3941.423744092145
62000	-4026.4254493528365
62500	-3908.446809391819
63000	-4200.171978822295
63500	-3920.893136510156
64000	-3811.767542978157
64500	-3799.2323035486424
65000	-3686.051307942313
65500	-3881.4811300549227
66000	-4047.6379010993337
66500	-4081.085812182681
67000	-4001.748547842663
67500	-4087.714969213036
68000	-3873.878086489537
68500	-4010.8877944768574
69000	-4067.621618213927
69500	-4080.3623078566775
70000	-4204.238303904907
70500	-4122.738774777325
71000	-4108.248426278295
71500	-4066.143375883359
72000	-4112.940030501964
72500	-3992.781435783836
73000	-4002.665213273171
73500	-4024.1792873793515
74000	-4009.409957196164
74500	-4069.5932311978427
75000	-4174.68808213689
75500	-3985.1363626281136
76000	-4121.472229067567
76500	-4139.920727931327
77000	-4117.899018562175
77500	-4189.864912685193
78000	-4000.245209998041
78500	-4205.6300076246025
79000	-4048.3838424763367
79500	-4130.52554766035
80000	-4154.618062032826
80500	-3976.0470184688534
81000	-3928.150210075088
81500	-3899.6045317170037
82000	-4007.4510161942976
82500	-3928.5841042000648
83000	-3923.9585435965137
83500	-4076.054007523275
84000	-3914.7259629581927
84500	-3976.1011863720087
85000	-4108.674997178348
85500	-4026.2392225958824
86000	-4035.0976218892256
86500	-3995.0946666017367
87000	-4002.616931199402
87500	-3876.0005122159873
88000	-4016.4103566021076
88500	-4194.529826839467
89000	-3985.7602039900403
89500	-3941.5189365161823
90000	-3956.1815972424206
90500	-3880.129577354877
91000	-4128.472856016489
91500	-4118.923295421707
92000	-3912.4401267502103
92500	-3979.659110878097
93000	-4016.431514405955
93500	-3907.3900103067194
94000	-4058.490636062681
94500	-4031.569914171583
95000	-3955.5743205066615
95500	-3888.055577309638
96000	-4005.427217880359
96500	-3897.792926379452
97000	-3890.132505844388
97500	-4121.131806792943
98000	-3727.3184936934445
98500	-3909.9815749731056
99000	-3950.978533509632
99500	-4053.567969494706
100000	-4223.928421199377
100500	-4265.538202205503
101000	-4123.546747210026
101500	-4164.452230498032
102000	-3939.711074905182
102500	-4089.2487761169805
103000	-4068.0309030311823
103500	-4098.9177561372
104000	-3975.1820871564305
104500	-4004.671756364641
105000	-4134.637487110139
105500	-4176.707123058466
106000	-4032.9718445868166
106500	-3993.816457314876
107000	-4315.074409757667
107500	-3965.4111020342684
108000	-4045.749498694607
108500	-4063.095602687882
109000	-3894.2986942041325
109500	-3956.982272641978
110000	-3984.0470164388894
110500	-3960.1125635555545
111000	-4047.0809035047505
111500	-4138.737040618209
112000	-4036.660180429692
112500	-3966.7452056175975
113000	-4067.156447220842
113500	-3951.6950038080686
114000	-3947.6358251665165
114500	-3893.8390191934873
115000	-4066.804509725311
115500	-3924.2461547986554
116000	-3748.8116462252497
116500	-4049.710865937904
117000	-3991.4047758245497
117500	-3907.7537911389527
118000	-3985.4651417018745
118500	-3958.010278925439
119000	-3968.4327880665205
119500	-3998.3566791277867
120000	-4083.028115997965
120500	-4261.146166942095
121000	-3996.2814518452124
121500	-3841.816032768134
122000	-3877.454285003923
122500	-4000.23273439789
123000	-3952.789418062525
123500	-3994.560370339045
124000	-3995.3527523642942
124500	-3907.012726841271
125000	-3972.819224984774
125500	-4293.145888629091
126000	-4169.00306942182
126500	-3986.828150571906
127000	-3896.132428745259
127500	-3959.001860336572
128000	-4145.875940332682
128500	-4024.011621534236
129000	-4053.516582351043
129500	-3969.7636497388635
130000	-3988.0995138052244
130500	-3909.9556031302845
131000	-4126.480521244429
131500	-3942.6697380197156
132000	-3973.4633480681778
132500	-3967.606780035258
133000	-4016.1139346157147
133500	-4001.3426747511417
134000	-3848.330532124169
134500	-4009.6363964247917
135000	-4158.458785690983
135500	-3985.8662406294106
136000	-3986.645724733353
136500	-4089.141291489195
137000	-3978.9908828548655
137500	-4224.208962759382
138000	-4054.079905219474
138500	-4255.692194948806
139000	-4074.2942648595167
139500	-3979.895601741454
140000	-4120.7331060665965
140500	-4141.199842605644
141000	-4071.9317366727746
141500	-3992.094431364294
142000	-3955.00749518349
142500	-3873.710118523183
143000	-3938.7399478823418
143500	-4166.5914350621115
144000	-4053.121306691302
144500	-4088.7045756898165
145000	-4217.127703252743
145500	-4027.9971924897245
146000	-3923.7253923913054
146500	-4018.5125614914787
147000	-3932.3160918437998
147500	-4112.386276954626
148000	-3909.6612661494496
148500	-3910.7819818433163
149000	-3925.7376745227093
149500	-3846.0760557861913
150000	-3964.9213548938055
150500	-4000.448531585142
151000	-4171.03654552584
151500	-4093.13508770232
152000	-4026.724941100943
152500	-3977.905860152859
153000	-3960.2221462456173
153500	-3978.044385013365
154000	-4013.2343087333757
154500	-3951.921222281499
155000	-4056.2262157166724
155500	-3944.673625423216
156000	-3869.0135015647516
156500	-4036.5760331391493
157000	-4061.0498373428436
157500	-3998.8898090746757
158000	-4053.491294708566
158500	-4169.116916496229
159000	-4214.803662174435
159500	-4180.812290779961
160000	-4176.292890457837
160500	-4130.616183206061
161000	-3974.1675102396166
161500	-3939.2469554000913
162000	-3808.022012863303
162500	-4051.08299184775
163000	-3982.7137156815875
163500	-3886.8757075548556
164000	-3976.593618359417
164500	-3916.1101054774276
165000	-4009.802195774002
165500	-3851.051286941422
166000	-3871.577384770391
166500	-3958.4156158741616
167000	-3982.5003650024864
167500	-4003.2542170836646
168000	-4020.5010375566912
168500	-4104.654605184913
169000	-4041.8430618420207
169500	-3881.80384969083
170000	-3979.699999974455
170500	-4066.217683330816
171000	-4122.858491285679
171500	-4099.817635147864
172000	-4058.8445893809053
172500	-4212.80293127389
173000	-4033.2950660956035
173500	-4054.163505462227
174000	-4122.66934386582
174500	-4109.952518101211
175000	-4147.321063652903
175500	-4039.2463976433464
176000	-3845.26758782795
176500	-3829.5778774298983
177000	-4032.9570243152316
177500	-3906.536102156232
178000	-3918.657937335065
178500	-4007.2258210137584
179000	-3861.6289984268446
179500	-3934.6362863112427
180000	-4010.509787273669
180500	-3901.7870706213525
181000	-3863.0923312453815
181500	-3979.234739350287
182000	-4017.2255859550446
182500	-4078.3244702777893
183000	-4174.783702552484
183500	-3803.6013717630126
184000	-3793.7873438552356
184500	-3748.060497787207
185000	-3930.952632765796
185500	-3884.0530366437924
186000	-3948.5462025596266
186500	-3825.1462059896103
187000	-3697.8832945835898
187500	-3904.20569558714
188000	-3926.2847735052574
188500	-4003.1198286589397
189000	-4073.63318343577
189500	-4074.237126032127
190000	-4092.7548486856135
190500	-4038.726671358567
191000	-4089.8802354696118
191500	-3827.3162198210694
192000	-3944.673181328778
192500	-3988.50683026522
193000	-3997.5508470018085
193500	-4170.435517195201
194000	-4074.070383162638
194500	-3933.62693058964
195000	-4025.3326667712536
195500	-3943.3912572419554
196000	-4024.062306527982
196500	-3853.6518667791715
197000	-3871.5168945016903
197500	-4003.8696180356
198000	-3854.3643859141316
198500	-3950.658023091278
199000	-3990.4243431645546
199500	-4096.302319002854
200000	-3977.518442240113
200500	-3961.1191086514073
201000	-3915.180961086951
201500	-3841.0484739122403
202000	-3919.452423662354
202500	-3977.405761716195
203000	-3919.455815977277
203500	-3846.6099845007434
204000	-3903.7675459319566
204500	-3978.2967751771234
205000	-4036.6850280473827
205500	-3875.848868330338
206000	-3872.493251311208
206500	-3849.99041957373
207000	-4035.8961995411864
207500	-4147.778231751923
208000	-4051.303982983933
208500	-3983.141087975402
209000	-3984.55438477773
209500	-4053.098898444046
210000	-4068.7938022729636
210500	-4165.889828081376
211000	-4018.239762991195
211500	-3939.3369478434765
212000	-4072.224293935176
212500	-4048.6226940838064
213000	-4092.8630631003452
213500	-4032.664396673053
214000	-3884.3936455558696
214500	-4135.341128940571
215000	-4013.5936086547513
215500	-3925.7300598409192
216000	-4015.384043874789
216500	-3917.5384709069112
217000	-3973.7103917175787
217500	-4027.0059411807424
218000	-4070.469872504194
218500	-3822.870341216457
219000	-3966.529103600325
219500	-3945.36086212801
220000	-4016.8017888756463
220500	-3981.92534967966
221000	-3939.1010580015395
221500	-3908.11625930089
222000	-4041.240803878541
222500	-3912.9941502398137
223000	-3922.7623381511967
223500	-3884.5961640921482
224000	-3983.1349203656505
224500	-4014.4376081407304
225000	-3922.2202847015415
225500	-3876.1056798504205
226000	-3929.538310414762
226500	-3805.6473488093125
227000	-3950.0762030673454
227500	-3764.559231126601
228000	-4101.886916329484
228500	-3974.513874565558
229000	-4082.3857051192795
229500	-4065.979247794158
230000	-3981.7936023902525
230500	-4108.2702806338375
231000	-3871.6512204020264
231500	-3899.8339571119727
232000	-3915.735861749162
232500	-3931.987307170115
233000	-3854.175465617991
233500	-4067.598696061855
234000	-4191.863789185183
234500	-4368.209108179708
235000	-4114.584514547354
235500	-4078.872064774552
236000	-4054.7456615644337
236500	-3944.748276327102
237000	-3951.644994719345
237500	-4043.6771978148545
238000	-3905.1854148287193
238500	-3935.764415974741
239000	-3975.9260213305297
239500	-4139.865431507367
240000	-4243.5367928091655
240500	-4177.249030456177
241000	-4032.1211023169444
241500	-3998.2798607062637
242000	-3896.7568045820462
242500	-4019.8613651625046
243000	-4030.7492551039686
243500	-3854.5523030452864
244000	-4081.858403912757
244500	-4082.434265795598
245000	-3922.252634038936
245500	-3829.556657810614
246000	-3961.277543395251
246500	-4067.0867046398266
247000	-3914.528363745844
247500	-4022.338655142802
248000	-3843.3717147203374
248500	-3852.546168937275
249000	-3858.5713861668405
249500	-3830.4285464437608
250000	-3849.9813194149597
250500	-4103.302080621717
251000	-3890.236333368227
251500	-3976.5234529281247
252000	-3968.36233918533
252500	-4002.8508747531237
253000	-3977.5392929626937
253500	-3886.4176707620013
254000	-3928.0040567121664
254500	-3863.851136095055
255000	-3787.829323393789
255500	-3905.1821861623444
256000	-3943.167141962713
256500	-3791.5742528810506
257000	-4063.4504045727876
257500	-3940.432536767073
258000	-3938.7961590703667
258500	-3935.2786647809617
259000	-3882.6084775695736
259500	-3824.3995236325713
260000	-4037.0824116941185
260500	-3953.111759938153
261000	-3898.5196684766393
261500	-3924.080177747768
262000	-4101.901231887315
262500	-4056.658965157502
263000	-3997.2266386514534
263500	-4024.604679638823
264000	-3987.213317679557
264500	-4016.2602001186287
265000	-4009.6106190173937
265500	-4097.839835555556
266000	-3940.709660271007
266500	-4058.1552748103722
267000	-3862.978484442835
267500	-4079.35194355095
268000	-3938.0569895254307
268500	-4005.6581466867747
269000	-3977.2678608460233
269500	-3988.138763420326
270000	-3903.6229993027873
270500	-3942.921513037694
271000	-3883.808629882724
271500	-3927.8701703135894
272000	-3851.174342719369
272500	-3958.9945193142034
273000	-3929.829912196931
273500	-3951.5091895977735
274000	-3913.137534950475
274500	-3952.407913466624
275000	-3865.219256812662
275500	-3979.4886382596087
276000	-3921.1966465227733
276500	-3980.7854587539277
277000	-4128.616525169069
277500	-4030.0097677186945
278000	-4049.4924314897557
278500	-3997.7356789074774
279000	-4133.844800319616
279500	-3952.0988725718057
280000	-4060.1702005053526
280500	-4097.3947946782855
281000	-3989.9271997021683
281500	-4021.592961026201
282000	-3844.3720607307996
282500	-4001.9821040289125
283000	-3929.770543180723
283500	-4029.250916120731
284000	-3958.424811982729
284500	-4258.767080968979
285000	-4268.221313622477
285500	-4136.368798937072
286000	-4054.9487281568313
286500	-3962.320622651611
287000	-4197.842453050738
287500	-4042.6435424779743
288000	-4042.8564323191736
288500	-4143.0840420017175
289000	-3969.8265964505936
289500	-4002.277845778236
290000	-3999.242549894934
290500	-4000.2329579540997
291000	-4037.873036256298
291500	-4098.746727014452
292000	-4009.567400751469
292500	-3889.6313345832154
293000	-3965.7238580782596
293500	-4085.2685706630873
294000	-4119.890681718547
294500	-3852.727456156478
295000	-3827.681156461049
295500	-3901.9277877759214
296000	-4020.8647368349443
296500	-4026.0289306820723
297000	-4074.718325981297
297500	-4014.9946999185977
298000	-3880.798280081039
298500	-3973.5094181358336
299000	-3986.419164198999
299500	-3988.627390648827
300000	-3959.1792586757974
300500	-4116.38449242871
301000	-3922.4197004723374
301500	-3870.458978229566
302000	-3884.6048242614315
302500	-3958.975983465762
303000	-4163.129378864381
303500	-3976.4152101584837
304000	-3886.2987473352923
304500	-3935.919722750822
305000	-4068.14303194208
305500	-3832.4852684709404
306000	-3874.3440634266985
306500	-3971.899214212773
307000	-3959.5467913106313
307500	-3939.1389008603182
308000	-3953.228047068162
308500	-3970.6917119281843
309000	-4002.875615980338
309500	-3905.1226548726445
310000	-4043.881813427614
310500	-4004.386773826109
311000	-4088.2182843360188
311500	-4016.562939700508
312000	-4137.425082037714
312500	-4015.716354565114
313000	-4066.489382426209
313500	-4036.8934900534637
314000	-4013.8744582296486
314500	-4043.3811176785252
315000	-4128.080540875003
315500	-4068.262309897143
316000	-3969.4073915572185
316500	-3950.084993281017
317000	-4067.243577966022
317500	-3943.1465735156
318000	-3960.075661500803
318500	-3978.252061008079
319000	-3937.095373333742
319500	-3934.7663639234283
320000	-4011.204834221256
320500	-3903.4952512888167
321000	-3877.059278373499
321500	-3926.2338498772788
322000	-3924.6485420425656
322500	-3990.451270220462
323000	-3857.309158438033
323500	-3968.5512767020236
324000	-4106.366205189652
324500	-4067.8621525241156
325000	-3948.4022844787924
325500	-3794.4258560481067
326000	-3884.8005863158096
326500	-3815.650988174227
327000	-3982.090016909435
327500	-4059.4858510025356
328000	-3872.8014093585257
328500	-3942.099939246532
329000	-3943.4191299204363
329500	-3957.506676209997
330000	-3793.376909861082
330500	-3804.563719294978
331000	-3716.8502288682307
331500	-4101.329420059005
332000	-3906.8714948284046
332500	-3750.3589891158517
333000	-4072.190015932308
333500	-4088.825410394179
334000	-4243.058151523733
334500	-4000.864231874988
335000	-4208.2644242197575
335500	-4092.6991766304595
336000	-4130.710536066548
336500	-3835.0827890888727
337000	-3975.1444910460978
337500	-3801.5285035109155
338000	-3939.1166182036814
338500	-3907.272414445177
339000	-3982.008380209057
339500	-4105.60073902906
340000	-4094.0437402783773
340500	-4013.783936294921
341000	-4173.589679650568
341500	-4209.465883029018
342000	-4033.2151212233866
342500	-4077.955000325884
343000	-4122.322640756419
343500	-4080.175863642399
344000	-4333.920138196091
344500	-4034.849487713882
345000	-4194.867811160528
345500	-4310.240744813631
346000	-4114.60155122683
346500	-3835.9816037051924
347000	-3967.453645878076
347500	-3970.504271984188
348000	-4083.668393750712
348500	-4051.755850680376
349000	-3901.563278185965
349500	-3925.6674642246685
350000	-3990.2463671005476
350500	-3997.2356867147464
351000	-4109.7533345677075
351500	-3925.6213881806643
352000	-3865.0731772186978
352500	-4037.8877536841587
353000	-3712.1949268944654
353500	-3857.9392068035254
354000	-3895.147414882598
354500	-3912.6575370833352
355000	-3950.2196219648017
355500	-3963.643342559388
356000	-3901.1339972768988
356500	-3880.0164531190403
357000	-4075.3759742280918
357500	-4159.838027292011
358000	-4330.211971085335
358500	-4111.231905754288
359000	-3963.4041216675337
359500	-4075.4862814183193
360000	-3967.3924437852866
360500	-4008.177562238818
361000	-3967.2102453982043
361500	-3962.2635349982947
362000	-3941.550158145096
362500	-3945.591334909284
363000	-3973.476583258629
363500	-4015.721239421401
364000	-3914.4154373177903
364500	-3917.3160536338205
365000	-3972.0028634775535
365500	-4352.596312827089
366000	-4321.251680455852
366500	-4210.39083261669
367000	-4065.889091406858
367500	-3999.0541382777924
368000	-3972.0324635476886
368500	-4082.30552763915
369000	-3987.9891848264415
369500	-3774.2272259533406
370000	-3820.998499056022
370500	-4034.7650468533643
371000	-4116.472241064286
371500	-4038.8822219135436
372000	-4032.8984121529543
372500	-4173.317879549549
373000	-3995.2816216014803
373500	-4076.6113542435883
374000	-3858.2701169950924
374500	-4028.6667184176554
375000	-3953.466983817283
375500	-3908.8904743602598
376000	-4024.9415360305543
376500	-3972.6494154928237
377000	-3972.554709865824
377500	-4019.9182327645226
378000	-3813.0395658030147
378500	-3826.922057921209
379000	-4005.190936568335
379500	-3995.1106174381284
380000	-3914.0202346221604
380500	-3742.646601501275
381000	-3801.1090031761264
381500	-4037.8040531322195
382000	-3902.3900419404504
382500	-3940.8469896281163
383000	-3957.8323983816135
383500	-3984.8409443253067
384000	-3980.932136084915
384500	-3936.776494478369
385000	-3955.28475022706
385500	-4061.4496095846375
386000	-4088.397997844884
386500	-4061.169041655461
387000	-3843.216107573514
387500	-4078.2357330601203
388000	-3897.281269522392
388500	-3834.3018129701527
389000	-4006.963681462906
389500	-3993.417598342936
390000	-4091.6897123518047
390500	-4016.9396587379406
391000	-3938.097594400171
391500	-4008.5908804377627
392000	-3877.0596276484744
392500	-3998.2009331644267
393000	-3874.7535399558556
393500	-4167.214453665312
394000	-4264.028548057588
394500	-3868.483755677523
395000	-3864.591416259511
395500	-3942.780310987934
396000	-3905.322557996768
396500	-4020.0561898882847
397000	-4090.1390640459226
397500	-4098.627215606863
398000	-4097.011193426808
398500	-3847.2818848899365
399000	-3915.6106707002677
399500	-4016.188570563526
400000	-4146.547078057023
400500	-3908.3420261827846
401000	-3923.2046574792375
401500	-4019.3026865546785
402000	-3989.86887612537
402500	-4045.407124741652
403000	-4096.192665808732
403500	-4181.437627108738
404000	-4017.265596958689
404500	-4188.395087385498
405000	-4238.811261238393
405500	-4043.355822318041
406000	-4135.5299965657705
406500	-4017.804816638166
407000	-3994.9641715608986
407500	-3976.2837895714742
408000	-4055.558817996587
408500	-4053.248321425616
409000	-4065.950585566962
409500	-4208.798591429087
410000	-4061.82916377317
410500	-4086.8068859915047
411000	-3997.1349506678307
411500	-3996.848653483941
412000	-3963.9052222653377
412500	-3960.1757982688164
413000	-4039.9574646659325
413500	-4036.99245573113
414000	-4098.567473978868
414500	-3999.0085999084786
415000	-4059.6341023660416
415500	-4054.5553632241886
416000	-4088.9015843837374
416500	-4219.238440140959
417000	-4028.6012360792092
417500	-3951.7722453331294
418000	-4101.844881399747
418500	-3968.43714077993
419000	-4124.3192160543595
419500	-4222.638998897793
420000	-4100.607809776804
420500	-4061.1599237239698
421000	-4010.098426265649
421500	-3789.863579003989
422000	-3822.0102786506536
422500	-3925.693987435998
423000	-3907.9912323113094
423500	-3990.690550242802
424000	-4181.824799613793
424500	-4118.867755517712
425000	-4068.5106341443343
425500	-4004.2714037313212
426000	-3980.279599481288
426500	-4034.0094986409376
427000	-3953.6599708432327
427500	-4049.4641115076997
428000	-4044.019114836968
428500	-3996.934567285512
429000	-4186.114648538632
429500	-4028.46891056885
430000	-4225.917310081629
430500	-4107.927766357509
431000	-3946.5414521133875
431500	-3961.0158593696965
432000	-4035.6578216141656
432500	-3970.4663081495546
433000	-4095.426148270844
433500	-3998.7295031095514
434000	-4056.7094021035446
434500	-3967.2188992399506
435000	-3962.2654461683687
435500	-4125.997427289133
436000	-3981.4824443918237
436500	-4040.3018562435627
437000	-3956.517297806313
437500	-3958.372021093533
438000	-3975.673986629712
438500	-4088.3804086979367
439000	-4153.912571366849
439500	-4036.0822328330087
440000	-3975.675692765816
440500	-4102.632872447122
441000	-4153.818687206868
441500	-3993.1769275057895
442000	-3956.219221127244
442500	-4011.072193033541
443000	-4007.116351389135
443500	-4133.300809535787
444000	-3884.7660576787816
444500	-3911.102492208396
445000	-3942.702203886374
445500	-3906.5794114692285
446000	-3939.1794019392287
446500	-3874.7507846572325
447000	-3917.115360504582
447500	-3955.4609711195117
448000	-3927.570352319469
448500	-4153.043518132076
449000	-4111.573119415483
449500	-4060.362904986815
450000	-4017.981547753207
450500	-4043.131380299676
451000	-3922.2913669059326
451500	-4021.1664945827397
452000	-3893.317211654854
452500	-4060.5445213131497
453000	-4153.852502564046
453500	-4064.956967983062
454000	-4074.6348008632617
454500	-4101.210776069165
455000	-3956.303987080593
455500	-3957.6786700859716
456000	-3987.0769639219993
456500	-4017.635935382278
457000	-3907.7982870852175
457500	-4083.4949850238245
458000	-4056.1125149788963
458500	-3979.5539378177086
459000	-3889.065092151255
459500	-4110.373094673375
460000	-3987.523023414429
460500	-4026.1730861801025
461000	-4102.9804049342465
461500	-3995.7302709019737
462000	-3992.7952305692716
462500	-4144.151916886317
463000	-4007.178713789227
463500	-4179.93900750291
464000	-4213.470878104066
464500	-4321.975380131227
465000	-4163.795148344423
465500	-3996.292944984203
466000	-4248.424562648733
466500	-4004.201100715289
467000	-4122.4541634263
467500	-4061.2519326290744
468000	-4164.415456112798
468500	-4249.561190623077
469000	-4133.380246946902
469500	-4129.678242294913
470000	-4088.2031540111193
470500	-4030.142388573779
471000	-4111.951546232177
471500	-4077.344725483573
472000	-4076.5866867854697
472500	-4107.302218547623
473000	-4094.0871959717383
473500	-4107.881864958017
474000	-3914.5358318670305
474500	-3938.001379017323
475000	-4057.63866127918
475500	-4029.8829371322227
476000	-4061.3123723734816
476500	-4018.449185826378
477000	-4048.6770836269206
477500	-4181.657616493346
478000	-4077.272314499742
478500	-3964.9791283846703
479000	-3994.9328610114426
479500	-3902.9507900424414
480000	-3893.993858330906
480500	-3938.651093068958
481000	-4075.2029027229796
481500	-4009.84753978928
482000	-4068.904027404139
482500	-4029.7913015855474
483000	-4082.0749291141396
483500	-3915.6638079247855
484000	-3977.5498462113337
484500	-3916.2537454362273
485000	-3960.9489825355017
485500	-4110.690683053831
486000	-3908.6574307286432
486500	-4003.864989327899
487000	-3968.6097334318006
487500	-3928.2706182429165
488000	-3882.9389503970438
488500	-3942.4614854295587
489000	-3812.222845675172
489500	-3823.4326057195644
490000	-3983.765212308959
490500	-4002.989925637156
491000	-3870.9198917526014
491500	-3933.5892652364605
492000	-3981.448188301011
492500	-3904.0779667593433
493000	-4060.9717468223694
493500	-3982.8150320280533
494000	-3877.44468323578
494500	-4001.4996431707173
495000	-3961.8904001629817
495500	-3996.884362191001
496000	-4133.270167373685
496500	-3938.215255583203
497000	-3981.3084536035735
497500	-3944.3325411628794
498000	-4013.1768595742683
498500	-4033.8534835540686
499000	-3942.330687286046
499500	-3910.505653775643
500000	-3825.9164136400414
500500	-4088.7037230579067
501000	-4148.576061110256
501500	-4030.7818180596532
502000	-3977.7586371888324
502500	-3890.547770074465
503000	-3909.563642966311
503500	-3882.2669808762735
504000	-3960.178146994302
504500	-4038.8136542576685
505000	-3928.0290154001113
505500	-4047.242720337824
506000	-4107.562108955842
506500	-3995.5267187207796
507000	-4027.4445012030433
507500	-3924.620246011815
508000	-4020.1910952034295
508500	-3924.6595863994107
509000	-3975.004729317651
509500	-3926.135683288372
510000	-3796.7571227066887
510500	-3950.6736975856516
511000	-3884.8369986519006
511500	-3869.523132470123
512000	-3919.4244741885113
512500	-4048.6534959912788
513000	-3945.402664042246
513500	-4066.589586527506
514000	-3901.8951772808323
514500	-4080.5722563139566
515000	-3950.6372337375833
515500	-3841.2302511456965
516000	-3795.3903682745436
516500	-3896.076849438544
517000	-3888.4956581409324
517500	-3922.256390593001
518000	-3979.6360822981405
518500	-4058.5420690171686
519000	-3951.4323814148047
519500	-3978.243995449721
520000	-4070.2798335228076
520500	-4046.040637485139
521000	-3949.679209518742
521500	-3790.8353672960243
522000	-4002.823947584376
522500	-3796.0777551858923
523000	-3788.486868073312
523500	-3881.00334378298
524000	-3933.9472529254285
524500	-4005.6547603651475
525000	-3980.574363726648
525500	-4058.9601277155475
526000	-3923.799422954504
526500	-4001.127021706069
527000	-3984.432303654032
527500	-3933.2812590852595
528000	-4007.5989801879027
528500	-3935.4013760726593
529000	-4130.046031453384
529500	-4068.7110327959904
530000	-3932.282607333827
530500	-3905.628550835121
531000	-3945.6886160415334
531500	-3975.600683037958
532000	-4085.4394986435977
532500	-4018.0890540250793
533000	-4029.02492754176
533500	-3998.068452400268
534000	-4047.3203315098954
534500	-4045.4981034728166
535000	-3802.668392237027
535500	-3913.4197035730335
536000	-3831.378264850268
536500	-3837.7025351498587
537000	-3915.137221873766
537500	-4017.4679758870984
538000	-3896.0404599892126
538500	-3764.842223262036
539000	-3919.0479184224664
539500	-3824.9916503694944
540000	-3909.2833903512237
540500	-3939.3849912197184
541000	-4040.322687387013
541500	-4092.673441142328
542000	-3957.334078478049
542500	-3846.5371906778373
543000	-3798.2571511236374
543500	-3880.48186457208
544000	-3918.419500690268
544500	-3846.040684979309
545000	-3929.521443641957
545500	-3968.9952040510507
546000	-3820.085785354326
546500	-3865.679573857572
547000	-3911.438313772993
547500	-4037.9170806057186
548000	-4042.09802660126
548500	-4101.375033826038
549000	-3967.650693360975
549500	-4081.498220329233
550000	-3926.141259106654
550500	-3984.9655277007087
551000	-4089.3298763386892
551500	-4067.7471252950872
552000	-4007.733585931969
552500	-3935.7534965522073
553000	-3933.301233012303
553500	-4032.0170388975425
554000	-4012.087779463435
554500	-4022.458326799064
555000	-3945.569835783184
555500	-4015.7555011078525
556000	-4012.5866384520145
556500	-4045.9035734663466
557000	-4011.9264629393488
557500	-4052.0239408971506
558000	-3915.017715095877
558500	-4071.3749938376986
559000	-4061.3418036679122
559500	-3950.526386449477
560000	-3919.9348439056857
560500	-3901.828082880497
561000	-4089.776867646109
561500	-3955.8684627656826
562000	-4044.0745980068946
562500	-4066.0835400538267
563000	-4028.8806110975534
563500	-3997.086361023863
564000	-3924.5919877420843
564500	-3913.287090892108
565000	-3935.6548892491605
565500	-3948.9692944484864
566000	-4135.791751577375
566500	-3958.995781819284
567000	-3946.4240808948384
567500	-4068.5253023982136
568000	-3981.96719897816
568500	-3961.2577529481387
569000	-3934.025666954075
569500	-3924.840361175495
570000	-3913.8078744150152
570500	-4151.004312084443
571000	-3994.827194175986
571500	-3860.4296942760316
572000	-4166.551183685022
572500	-3962.387578661567
573000	-3959.301209197239
573500	-3954.9358494400844
574000	-3951.0565450839035
574500	-3996.4132836018052
575000	-4082.0925635842614
575500	-4027.9916439478784
576000	-3991.1244763950954
576500	-3952.599557448563
577000	-4013.9778479736333
577500	-3971.7334187361175
578000	-3907.1661497303176
578500	-4014.375879061587
579000	-3928.5007765387463
579500	-4048.9780477657373
580000	-3874.6949765705563
580500	-3851.4534992012896
581000	-4037.7806251560783
581500	-3941.47474675739
582000	-3856.046865602533
582500	-3939.0995826229073
583000	-3984.9186490717743
583500	-3916.324083539641
584000	-3931.743644786084
584500	-3895.819941101237
585000	-3910.9907013805823
585500	-3913.3489229263137
586000	-3975.0710210092448
586500	-4084.7262427511323
587000	-3954.4835252376356
587500	-3949.2156746333517
588000	-3995.897296453803
588500	-4026.7185571134232
589000	-3991.3897027990315
589500	-3947.326538383781
590000	-3836.030600280217
590500	-3953.355691224466
591000	-4030.816241455147
591500	-4029.901290987809
592000	-4019.1488821008934
592500	-3864.699410696609
593000	-3789.7293643147154
593500	-3988.003439501476
594000	-4023.1279863575246
594500	-4171.52196264276
595000	-4186.817741362482
595500	-3926.3172692961625
596000	-3880.12435313216
596500	-3990.9266765648163
597000	-4177.864134444615
597500	-4158.882509500406
598000	-3952.51415021453
598500	-4023.7070205118625
599000	-4004.141001037386
599500	-3973.7355897864395
600000	-4042.994318236161
600500	-4113.96805783323
601000	-4182.528856889967
601500	-3992.2877510549397
602000	-4068.656324518806
602500	-4006.2353874906703
603000	-3989.113246349862
603500	-3918.120055881369
604000	-4006.3418120655033
604500	-3965.5432342656577
605000	-4069.301371094155
605500	-3936.2351529402536
606000	-4013.120159767766
606500	-3905.7507500317547
607000	-3847.2565798337664
607500	-3793.2552914718676
608000	-3803.08232711402
608500	-3973.2613303527314
609000	-3876.5031007511566
609500	-3854.122765597855
610000	-4134.0744664853855
610500	-3996.5912188702473
611000	-4112.962419430268
611500	-3991.4861727762272
612000	-4154.286324423049
612500	-4033.0528141141253
613000	-3990.939693305135
613500	-3999.4289071223498
614000	-4124.912362113051
614500	-4189.00915601858
615000	-3994.721338653051
615500	-4035.0143568799485
616000	-4202.268973039624
616500	-4076.5389272687203
617000	-4063.632652799695
617500	-3822.953380135169
618000	-3867.9063298626
618500	-3911.3455749999016
619000	-3939.934145625857
619500	-3910.894071358432
620000	-4007.313600193716
620500	-3909.923109893322
621000	-4033.760356242242
621500	-4064.5146179681574
622000	-3810.7498471257177
622500	-3870.56929760388
623000	-3935.758034013863
623500	-4029.2449260701
624000	-4073.8172513643567
624500	-3860.707732711078
625000	-3877.6536535550663
625500	-3991.869636145194
626000	-4019.649056052736
626500	-3985.0372116439294
627000	-4058.198773692463
627500	-3952.818663230614
628000	-4200.931789933886
628500	-4101.022632256939
629000	-3962.7335378454914
629500	-3994.140150809972
630000	-4070.2413622262534
630500	-4248.6817621230575
631000	-4081.9844774869716
631500	-4117.6562063563515
632000	-4159.9359241944985
632500	-4090.350932450876
633000	-4134.369103723857
633500	-4179.077591473121
634000	-3945.77463703763
634500	-3953.660678230016
635000	-4092.694599677163
635500	-3856.0856001398797
636000	-3974.5087915590307
636500	-4055.2130403894357
637000	-4114.95590899317
637500	-4044.221198385186
638000	-4071.1939355868717
638500	-3939.7174320578874
639000	-3946.388110316523
639500	-3947.4770433849208
640000	-4239.659606698508
640500	-4056.1761375364244
641000	-4030.3454338355605
641500	-3917.5169911164526
642000	-3998.7978310778453
642500	-4134.906798049033
643000	-4046.239515003614
643500	-3868.367221526207
644000	-3871.3067326235687
644500	-3886.249091929606
645000	-3848.582930446302
645500	-3901.7466184211244
646000	-3960.198237371191
646500	-3895.2595556178903
647000	-4013.351116224451
647500	-4008.0874277206344
648000	-4065.7092046403036
648500	-3960.578184906304
649000	-3946.8742513248517
649500	-3956.1121963463756
650000	-3984.508478299544
650500	-3974.4248790822885
651000	-4124.235583812179
651500	-4180.770300584083
652000	-4013.1455472345006
652500	-3940.52058847857
653000	-4082.5679842218633
653500	-3970.1342977272
654000	-3953.401329232585
654500	-3977.1998652087145
655000	-3986.648621302744
655500	-4074.957154179949
656000	-4065.0068649841346
656500	-4114.00027447944
657000	-4095.4406859486166
657500	-4201.1631590200905
658000	-3965.6263200906897
658500	-4061.866011732943
659000	-4089.8541481713787
659500	-4224.791272907511
660000	-4013.857094340274
660500	-3969.8966557791423
661000	-4048.9643529693153
661500	-4121.647207303381
662000	-4046.6280528736124
662500	-4184.746245658442
663000	-4149.502682200754
663500	-4070.3564712817065
664000	-4122.668972402628
664500	-4135.762344056441
665000	-4281.189136841433
665500	-4224.513821243104
666000	-4123.231933981134
666500	-4296.400749554323
667000	-4288.823909311811
667500	-4304.868035183119
668000	-4118.489166093773
668500	-4098.847100866605
669000	-4106.681687806055
669500	-4044.2748949113848
670000	-4183.003867258885
670500	-4163.409853582792
671000	-4021.214337896747
671500	-4119.582733577236
672000	-4285.290558729679
672500	-4089.138957704285
673000	-4069.4298426553496
673500	-4032.1151932310727
674000	-4076.7597134789157
674500	-4026.669415075616
675000	-4125.815692479755
675500	-4143.363113911529
676000	-4107.377657670816
676500	-4122.389303933057
677000	-4178.255843575812
677500	-4091.5937083164094
678000	-4176.261838235171
678500	-4012.2447898716027
679000	-3951.7211558038634
679500	-4013.3287371249908
680000	-4279.252261167246
680500	-4037.3745286329163
681000	-4088.2100501107498
681500	-4007.17803815481
682000	-3982.2136676184077
682500	-4012.277536409167
683000	-4058.890036132564
683500	-3987.8610122840496
684000	-4035.864173059551
684500	-4112.958517196855
685000	-3956.1288319769274
685500	-4041.3330980360206
686000	-4222.6782415003245
686500	-4107.81991244857
687000	-4099.711060987122
687500	-3955.8980504382766
688000	-4031.889637968487
688500	-3911.4311324994533
689000	-3963.87788829021
689500	-3954.9767034933293
690000	-4140.080579309012
690500	-4014.685315403827
691000	-4041.083358488341
691500	-4040.255087217986
692000	-4148.386318171296
692500	-3973.3944268776686
693000	-4033.860733736554
693500	-4004.3224410492594
694000	-4054.195320396203
694500	-4095.3941062126096
695000	-4037.6541264045304
695500	-3926.091732540712
696000	-4019.9407302903905
696500	-4275.323210165191
697000	-4071.2342933533055
697500	-4008.2392064300307
698000	-4029.257750601522
698500	-4081.6867892739406
699000	-3993.826166547617
699500	-3931.9628208030686
700000	-4014.97159039182
700500	-4041.450583428721
701000	-3915.9966492692142
701500	-4063.351351216849
702000	-4035.716871830521
702500	-4086.846760156665
703000	-3928.6736156100887
703500	-4047.8326984054256
704000	-4032.5525398303243
704500	-3952.1204839677616
705000	-4132.421995218746
705500	-4082.6388684080353
706000	-4015.868418750087
706500	-3955.931079566628
707000	-4092.2282407098573
707500	-4077.8280056578383
708000	-3935.686751264811
708500	-4035.5903459259666
709000	-3985.826454575569
709500	-3965.9102944720453
710000	-3989.4982877797997
710500	-4037.278196099986
711000	-3989.8178415909974
711500	-3978.2105108518363
712000	-3941.9912513159743
712500	-3944.936753741035
713000	-3952.042929569296
713500	-3982.745467083058
714000	-4093.8578901510596
714500	-4108.200672873019
715000	-4048.5755090650728
715500	-4125.93992745638
716000	-4061.352086639503
716500	-4151.126520640065
717000	-4086.471864686739
717500	-4004.8609864458426
718000	-4026.0359741935
718500	-3935.178244955845
719000	-4026.83617218286
719500	-4067.382847287447
720000	-3977.4795431717707
720500	-4316.130101956809
721000	-4103.8576946872245
721500	-4004.57617375923
722000	-3966.8188929226258
722500	-4148.445896116209
723000	-4114.905072263766
723500	-4150.446980596421
724000	-4128.350281472404
724500	-4198.007432822851
725000	-4117.632651669602
725500	-4126.696308828886
726000	-4102.20338752747
726500	-4011.768672389706
727000	-4137.523748317383
727500	-4031.5860198845785
728000	-4085.677419986548
728500	-4076.8724279731746
729000	-4108.566051286864
729500	-4075.981263244821
730000	-4142.976136029968
730500	-4042.8111173512425
731000	-4189.590891374763
731500	-4209.48002511815
732000	-4004.2433035808153
732500	-4291.091585171829
733000	-4107.7942556293265
733500	-4045.37389322191
734000	-4132.036090007686
734500	-4013.7059734704894
735000	-4122.564431596516
735500	-4015.825678781511
736000	-4076.138597965513
736500	-4138.704908102982
737000	-4131.075470078159
737500	-3989.0776589120487
738000	-4071.129150823041
738500	-3909.073497797742
739000	-4050.2057322245637
739500	-4127.83677338383
740000	-4186.0483557883845
740500	-3985.783843829621
741000	-4157.488992655363
741500	-4103.3526414774415
742000	-4009.439971683935
742500	-3931.5687982585287
743000	-4108.641691300117
743500	-4325.832146350936
744000	-4135.827135004026
744500	-4186.08251216392
745000	-4365.6276345415545
745500	-4346.770973679686
746000	-4002.8699683361124
746500	-4051.790928319761
747000	-4199.683856210163
747500	-4104.876321605296
748000	-3957.4845478176735
748500	-4056.881892038619
749000	-3985.1664043815435
749500	-4062.702109066858
750000	-4144.250380309139
750500	-4212.12589490013
751000	-4252.945216798452
751500	-4054.3244335791205
752000	-4047.464451619773
752500	-4092.984480439546
753000	-3967.197384446544
753500	-4105.077615936346
754000	-4081.8710273175197
754500	-4085.188956417675
755000	-4079.074655419702
755500	-4080.247338926942
756000	-4034.8862072935162
756500	-4187.154351559346
757000	-4002.4025104892767
757500	-4004.8102823669933
758000	-4035.453516508485
758500	-4087.3886988039644
759000	-4131.869047576384
759500	-3998.6746214440473
760000	-4136.454034012493
760500	-4056.287061608531
761000	-4042.7110051620134
761500	-4145.6348529743
762000	-4146.375253042666
762500	-4134.116073471361
763000	-4242.23570885989
763500	-4077.5058648613217
764000	-3993.732060401677
764500	-3991.358165677426
765000	-4132.215980018502
765500	-4117.083496991223
766000	-4085.4086900337074
766500	-4119.947777332839
767000	-4155.855303547039
767500	-4212.831047616343
768000	-4217.727460198374
768500	-4203.65239427183
769000	-4195.843002046002
769500	-4144.248611962075
770000	-4065.788768333262
770500	-4218.707794556911
771000	-4236.887588414009
771500	-4149.100061775079
772000	-4200.184207981449
772500	-4071.016570231906
773000	-4097.161873238408
773500	-4004.2005390246786
774000	-4010.7871705524462
774500	-4060.926722805056
775000	-4025.5667743030103
775500	-4075.478910496678
776000	-4034.383040403254
776500	-3950.3308014806785
777000	-4013.480264944005
777500	-4029.303772905646
778000	-3981.9071550890276
778500	-3907.211439405433
779000	-4002.253817551127
779500	-3999.97706261533
780000	-4016.779229603006
780500	-4098.095130601181
781000	-4212.269434671086
781500	-3942.4263701190625
782000	-4114.031247613031
782500	-4118.975944936616
783000	-4151.909232850908
783500	-4076.4312833924914
784000	-4028.6892251413706
784500	-4019.8834837426484
785000	-3966.004391306216
785500	-4056.4936578314732
786000	-4040.129044886438
786500	-3897.0204549978453
787000	-3970.3895831443497
787500	-3977.8831422267267
788000	-3995.909163532228
788500	-4068.100067644959
789000	-4015.184157395131
789500	-3943.2352489331906
790000	-4105.4514180451515
790500	-3961.750845202759
791000	-4104.036081022009
791500	-4126.2637823552195
792000	-3865.1988295328156
792500	-4084.1818847542922
793000	-4185.3549768763505
793500	-4186.808846158777
794000	-4132.490344213919
794500	-4102.721995437332
795000	-3954.8713079292165
795500	-4039.307789045809
796000	-4019.403963338653
796500	-3959.1581486696086
797000	-4036.7484566741855
797500	-4084.929450795972
798000	-3938.0884589512043
798500	-4043.697687306812
799000	-4032.8944238888635
799500	-4243.140192908328
800000	-4150.616008027327
800500	-4095.609875781067
801000	-3986.5455196461285
801500	-4383.865173996612
802000	-4288.741898239632
802500	-4195.357972018113
803000	-4054.9914116238615
803500	-4103.09232129851
804000	-4265.278965954574
804500	-4124.340476239913
805000	-4112.184852384803
805500	-3902.302758115812
806000	-4004.4082818093816
806500	-3826.748057915803
807000	-4007.821631835181
807500	-4071.0562730982588
808000	-3936.9377341793115
808500	-4062.6053623389344
809000	-3979.8057661326006
809500	-3946.2207784329535
810000	-4018.9673408914014
810500	-4042.6334044748673
811000	-4026.768017151169
811500	-3976.403209021239
812000	-3944.819862437437
812500	-3876.75738402659
813000	-3903.561681983366
813500	-4194.886257981926
814000	-4137.577792373975
814500	-4106.9959847827395
815000	-3952.1832723303914
815500	-4109.734016691424
816000	-4134.763208901875
816500	-4024.09170726222
817000	-4055.3638530860103
817500	-4107.96330146393
818000	-4254.405721867059
818500	-4272.129608396149
819000	-4257.636929856416
819500	-4168.607365934712
820000	-4116.058187958899
820500	-4142.107521743032
821000	-3945.6511407762428
821500	-4104.1615781146065
822000	-4314.099375319752
822500	-4160.900781186783
823000	-4324.001713655133
823500	-4222.778678098654
824000	-4257.046728145716
824500	-4152.794120554034
825000	-4010.924178836482
825500	-4055.6468380297
826000	-4204.936408688446
826500	-4030.177494857184
827000	-3964.6549104579503
827500	-4165.107269978186
828000	-4006.6088898459493
828500	-3898.0817781761903
829000	-3776.352067485958
829500	-3953.4123496935204
830000	-4014.8289130672365
830500	-4271.5513077600335
831000	-4086.0194801245884
831500	-4033.892402580558
832000	-4146.666149126601
832500	-4127.690974482604
833000	-3986.989744046449
833500	-3978.3594293623787
834000	-3992.8875960760874
834500	-3960.196752076518
835000	-4052.6679634399447
835500	-3996.3062467203604
836000	-3985.9913494909406
836500	-4017.4920056139026
837000	-4013.325283327978
837500	-4076.0780873138206
838000	-3926.6395149584946
838500	-3990.4388222721955
839000	-3897.7992665880543
839500	-3902.9058611824385
840000	-3997.5200864711205
840500	-4069.5364621204703
841000	-4075.846059733149
841500	-4188.484404518662
842000	-4109.140954708668
842500	-4127.753817437243
843000	-4009.0779773478966
843500	-4066.555874299805
844000	-4003.4723006954864
844500	-4045.8951728567013
845000	-4143.79633813873
845500	-4082.769271153232
846000	-4040.746436459887
846500	-4049.869321323494
847000	-4034.9066031105212
847500	-4029.431147477747
848000	-4059.0534357463093
848500	-3972.512955143012
849000	-3998.4295073880917
849500	-3900.9803404089025
850000	-3969.434904703143
850500	-3930.734770797416
851000	-3834.9684152708346
851500	-4080.5940148352674
852000	-3875.392473344961
852500	-3974.3803364493897
853000	-4014.860484441178
853500	-3849.5551065344553
854000	-3796.5547149986437
854500	-3896.695915361507
855000	-3978.87419924641
855500	-4094.4498847479917
856000	-3794.7962363325896
856500	-3934.448522215005
857000	-4061.73858085152
857500	-4025.8182781767537
858000	-3988.7168755876955
858500	-3824.124270532428
859000	-3930.954154324428
859500	-4046.398661848336
860000	-4186.273284072644
860500	-4004.2406385659706
861000	-3996.9263188181008
861500	-3897.9421790856127
862000	-3936.9971857358482
862500	-4017.2183490524885
863000	-3930.6012073301113
863500	-3928.9745010669676
864000	-3980.1801900826463
864500	-3965.9223503690164
865000	-3899.8934533465317
865500	-3880.0871205862245
866000	-4016.182329782664
866500	-4161.8193005129615
867000	-3839.63618026598
867500	-3857.8434221188522
868000	-4007.275943497349
868500	-3980.591173620126
869000	-3958.308749243132
869500	-4046.0997098634507
870000	-3969.049339444719
870500	-3965.931319537717
871000	-3908.49031630878
871500	-3838.3264293161
872000	-3735.795291682232
872500	-3812.4936716096336
873000	-3911.665526789567
873500	-3923.3065243149144
874000	-3866.6492063606506
874500	-3847.050277193629
875000	-4018.800932941471
875500	-3954.77596108618
876000	-3903.9240315584807
876500	-3803.2534078102135
877000	-3854.948266148239
877500	-4301.433026187371
878000	-3987.930811443669
878500	-4083.36589116124
879000	-4174.677386047362
879500	-4119.014966207448
880000	-4086.0256216639045
880500	-3933.6578411883315
881000	-3923.066063636493
881500	-3878.6412907455374
882000	-3938.028939330459
882500	-3944.342788333593
883000	-4059.200275947648
883500	-4027.0406139727515
884000	-4142.552447638805
884500	-3941.396063201917
885000	-4073.582819709564
885500	-4136.109736981
886000	-3961.6079591728094
886500	-4057.202007401827
887000	-3967.1440807765002
887500	-4061.6039881390257
888000	-4350.651391919612
888500	-4177.068625453773
889000	-4015.493702103049
889500	-3925.5101399825726
890000	-3974.003469365345
890500	-4044.468587048382
891000	-4020.0660563400493
891500	-4003.2623394495135
892000	-3969.9344208199395
892500	-3892.5055217225095
893000	-3975.0204714140455
893500	-4008.7473005449247
894000	-4214.4439419769515
894500	-4237.368922523086
895000	-3955.615554561111
895500	-3968.918722971371
896000	-4180.279637696676
896500	-3877.302214349494
897000	-3844.8363997228444
897500	-3809.7601410575076
898000	-3932.7667767137946
898500	-4049.297942194383
899000	-4025.1328937191274
899500	-3943.5521506739074
900000	-4092.5145511111614
900500	-4009.2586304091587
901000	-4120.829371634476
901500	-4053.6727775899703
902000	-4035.3726544580913
902500	-4065.013713751282
903000	-3974.527216980378
903500	-4042.417943926528
904000	-3977.6872995598205
904500	-3959.6431736513646
905000	-4151.375239786892
905500	-4275.317693996941
906000	-4390.980345763966
906500	-4298.533447302393
907000	-4382.348007889068
907500	-4251.754966737091
908000	-4261.659293901149
908500	-4016.372359903951
909000	-4199.53777210838
909500	-3823.000870294989
910000	-3806.48889504923
910500	-3782.757986445332
911000	-3996.2064431855397
911500	-3805.0686644825973
912000	-3758.164502818702
912500	-3884.03161620102
913000	-3959.691896297435
913500	-4044.980404063963
914000	-4004.881945584544
914500	-4001.1546677872525
915000	-3943.908998811048
915500	-4024.307477247382
916000	-4113.717231957113
916500	-4177.771858556035
917000	-4035.505229825098
917500	-4106.503124057538
918000	-4049.827281475248
918500	-4097.735189243502
919000	-4069.12691110613
919500	-4159.968810370493
920000	-4185.387549953757
920500	-3884.1736068515083
921000	-3896.7676347803394
921500	-3930.5778577255696
922000	-4025.8490697341404
922500	-4037.683189324127
923000	-4044.849827761987
923500	-4072.768814358187
924000	-4003.4799982129744
924500	-4136.841614351824
925000	-4110.579193613762
925500	-4026.7567850682126
926000	-3950.818398709836
926500	-3956.6784257392274
927000	-3981.835308299011
927500	-3972.1226513729443
928000	-3907.559805249622
928500	-3975.0085142893677
929000	-3926.6415950719197
929500	-3988.6840600917453
930000	-3915.893409305192
930500	-3926.4695196728408
931000	-3883.548821368417
931500	-3880.5408797624236
932000	-3880.1931681354017
932500	-3718.0117152593507
933000	-3765.6391884803757
933500	-3762.465603724878
934000	-3898.23495567556
934500	-3838.405919458151
935000	-3851.688629880938
935500	-4008.1593783156723
936000	-4024.2758929687543
936500	-3988.0563130992773
937000	-4158.03851623131
937500	-4005.66978165222
938000	-4023.3655099681987
938500	-3873.526829363241
939000	-3893.4050354685173
939500	-3963.644807351932
940000	-3930.409123923607
940500	-3925.000282826811
941000	-4280.557066748882
941500	-3945.0521769571324
942000	-3944.5823821224553
942500	-3857.7946520163555
943000	-3873.7964972600976
943500	-4018.534467552703
944000	-4302.413542936556
944500	-4070.9511952377866
945000	-4063.367009993103
945500	-3922.710156085342
946000	-4123.15964520191
946500	-4111.656203721598
947000	-4149.681873181927
947500	-3927.73297016988
948000	-4203.982185961722
948500	-4052.4761963681176
949000	-4098.120159181292
949500	-3986.3423892025776
950000	-3986.332492711622
950500	-4085.6734725699835
951000	-4211.643375713694
951500	-4165.001688616494
952000	-4028.208803257885
952500	-3887.945252964494
953000	-3866.7226876500567
953500	-3970.3488196869594
954000	-3945.6736418780724
954500	-3988.672976401884
955000	-4029.2071517675417
955500	-4177.6839294797655
956000	-4068.9840966055217
956500	-4112.685761214545
957000	-3919.0040056397265
957500	-3864.75204557947
958000	-4026.1055261898614
958500	-4084.872191398538
959000	-3938.903763238262
959500	-4151.675791471139
960000	-3878.280395180317
960500	-3832.8119884645794
961000	-3807.2271758543748
961500	-3971.91801719258
962000	-4003.711810588773
962500	-3947.845529233226
963000	-3844.080346947726
963500	-3810.8789132275233
964000	-3769.958572758752
964500	-4102.970219953415
965000	-3906.7442436549036
965500	-3989.7444540128686
966000	-3968.0587025649475
966500	-3939.829698965497
967000	-3896.9029944632584
967500	-4018.6561492625847
968000	-4007.0914976187837
968500	-4107.001381877877
969000	-3942.4043682874208
969500	-3965.3870927986973
970000	-3847.136538008819
970500	-3793.2697670306043
971000	-3817.9167153576836
971500	-4026.9641253162167
972000	-3859.859033761425
972500	-3983.5781098900643
973000	-4023.951460428797
973500	-3872.3024169443684
974000	-3940.8312817085803
974500	-4089.3388857631803
975000	-3836.4472968034224
975500	-3955.2116170915347
976000	-3886.141300927016
976500	-3960.4257907529377
977000	-4006.3263652941773
977500	-4142.2663869835715
978000	-4007.5474766092707
978500	-3936.582342572155
979000	-3982.302430480403
979500	-3922.077053598599
980000	-3981.3438204488575
980500	-4177.345759725593
981000	-4019.194743457262
981500	-4043.298288870703
982000	-3908.7273260499255
982500	-4106.494279232694
983000	-4079.0324624957466
983500	-3999.2201129691607
984000	-3955.778208512024
984500	-3920.5472472558017
985000	-3859.4535005684374
985500	-3897.548744949388
986000	-3833.457160417052
986500	-3905.4618061759725
987000	-3923.5740518321877
987500	-3891.1468287808552
988000	-3920.5367357444356
988500	-4074.6971286074686
989000	-3991.0953918634973
989500	-4203.365823856314
990000	-4017.952832346888
990500	-3882.268601174118
991000	-3926.466543722705
991500	-3837.8680850174233
992000	-3969.971081604537
992500	-3839.985167889123
993000	-3884.9507988753503
993500	-4010.765939809823
994000	-3866.9140455577103
994500	-4032.2308963853693
995000	-3858.545884511
995500	-3889.8345323495446
996000	-3949.1814762437566
996500	-3916.8501759471587
997000	-3828.4900301121743
997500	-3982.8737256526974
998000	-3943.813993503844
998500	-4018.5265361275547
999000	-3863.2685529692676
999500	-3984.8958969744535
1000000	-3950.981594228284
1000500	-3915.4898134720297
1001000	-3915.112461421216
1001500	-3908.3503067804822
1002000	-4110.960184510219
1002500	-3980.418920166757
1003000	-3976.366674827835
1003500	-3824.034409256116
1004000	-3957.5355674018924
1004500	-3859.558203136898
1005000	-3917.0287050877673
1005500	-3905.7553741166257
1006000	-3925.9713949286224
1006500	-3974.981096933741
1007000	-3854.3459434157317
1007500	-3926.8929393284475
1008000	-3919.848177816477
1008500	-3920.0894732919946
1009000	-4117.396280001648
1009500	-3978.3937235534513
1010000	-3858.310530623238
1010500	-3879.9415331318805
1011000	-4172.980990087729
1011500	-4030.314622697429
1012000	-3919.9566040769705
1012500	-4076.582369256832
1013000	-4049.916964164314
1013500	-3971.883585938379
1014000	-3967.0333094189514
1014500	-3848.2184803138434
1015000	-3946.6384965833586
1015500	-3877.4883103702277
1016000	-3802.401316268581
1016500	-3890.0550614378103
1017000	-3892.8962799302703
1017500	-3997.233018622609
1018000	-3907.452556840163
1018500	-3889.5589687317747
1019000	-3916.4155476239525
1019500	-4142.507625041916
1020000	-4068.2069969472464
1020500	-3832.7156757998573
1021000	-3855.247664086767
1021500	-3919.1943583915804
1022000	-3891.6893121439116
1022500	-4255.007105055263
1023000	-4028.7299606743095
1023500	-4031.6157303702016
1024000	-4037.715018072812
1024500	-3936.5725447025766
1025000	-3691.7165821070853
1025500	-3778.3375723415993
1026000	-3941.3877139551228
1026500	-3968.654225762712
1027000	-3829.451938087447
1027500	-3812.1515935408534
1028000	-4020.3776963426203
1028500	-3981.729996736389
1029000	-3968.2202931787597
1029500	-3871.5204622498595
1030000	-3819.978250475398
1030500	-3862.8159058386364
1031000	-3910.913580475488
1031500	-4048.262174882286
1032000	-4125.174941051058
1032500	-4021.690201872502
1033000	-3961.4910502704397
1033500	-3917.751344188321
1034000	-4189.9763157258385
1034500	-3936.661015138689
1035000	-4091.530677733952
1035500	-4132.3609578688975
1036000	-4179.718768516108
1036500	-3901.272162157442
1037000	-3976.6584072344303
1037500	-4055.150742810889
1038000	-3968.764706269218
1038500	-3914.4383397354563
1039000	-3914.0948401507308
1039500	-3914.8395261960013
1040000	-3910.739483625669
1040500	-4003.312076696856
1041000	-3984.474163519817
1041500	-4161.783623589273
1042000	-4012.6957413085925
1042500	-4056.242083294732
1043000	-4015.743020216319
1043500	-4002.1600380241152
1044000	-4012.293727837767
1044500	-3965.6447961661697
1045000	-3983.3830972342143
1045500	-3950.6434665235306
1046000	-4019.7131629574424
1046500	-4107.165058169237
1047000	-4072.3615886743996
1047500	-4192.842464161796
1048000	-4203.580216086514
1048500	-4252.482837253433
1049000	-4097.448635876924
1049500	-4119.143146819319
1050000	-4169.5599390632
1050500	-4052.68905215632
1051000	-4006.927838057397
1051500	-4130.123678390937
1052000	-4004.6311769730223
1052500	-4005.4195320162858
1053000	-4029.6227475214764
1053500	-4013.7624797408057
1054000	-4073.757061404562
1054500	-3976.7235694004967
1055000	-4075.963102958324
1055500	-4008.010247160623
1056000	-3920.4142418487295
1056500	-4203.551011240141
1057000	-3964.223442077091
1057500	-3895.7247569231863
1058000	-3808.677376766593
1058500	-3858.6705879939573
1059000	-4094.9554088483574
1059500	-4181.680116418405
1060000	-4042.622326548971
1060500	-3968.765105535487
1061000	-4134.438011156839
1061500	-3919.05828044681
1062000	-3807.7269886258377
1062500	-3957.6735948483024
1063000	-3769.3318338380504
1063500	-3914.745450475881
1064000	-3930.355555426467
1064500	-3890.5624203950783
1065000	-4078.3740635910685
1065500	-4043.697155234838
1066000	-4314.941804431368
1066500	-4019.632472162116
1067000	-4008.1419641962952
1067500	-3860.595189560688
1068000	-3892.680018165039
1068500	-3974.3571853298376
1069000	-3881.969016325799
1069500	-3971.956609407313
1070000	-4024.8822436395353
1070500	-3993.4745440621405
1071000	-4067.4442648591507
1071500	-4085.0936109812537
1072000	-3987.613447212275
1072500	-3959.2308805125244
1073000	-3866.6535451337686
1073500	-3831.2942480854963
1074000	-3941.611526648749
1074500	-3940.8258894890796
1075000	-3944.9014689356613
1075500	-3959.727740582851
1076000	-4037.336327762938
1076500	-3974.7999445336714
1077000	-4039.8879081724117
1077500	-3993.1587146732463
1078000	-4047.6189745192332
1078500	-3969.2328738383612
1079000	-4111.594890264145
1079500	-4142.677767778618
1080000	-4107.362097656957
1080500	-4107.31595062703
1081000	-4032.0861457640913
1081500	-4080.841092963928
1082000	-4085.3287455218856
1082500	-3946.702158724875
1083000	-4034.0763093457504
1083500	-3943.044897743314
1084000	-3839.4799350435514
1084500	-3996.329736233168
1085000	-4035.188900589538
1085500	-4028.293024729755
1086000	-4064.1895715239043
1086500	-4116.509851262905
1087000	-3991.995828803984
1087500	-4098.433149089286
1088000	-4144.900350719604
1088500	-4282.123429974162
1089000	-4070.8448900436506
1089500	-4132.338368944264
1090000	-3964.774121482485
1090500	-3996.1252645612985
1091000	-4048.688321764635
1091500	-3923.264805768983
1092000	-4121.599096246206
1092500	-3939.784254339583
1093000	-4090.0871783388857
1093500	-4008.934827279557
1094000	-3901.1000625775746
1094500	-3953.0492838376736
1095000	-4158.401183803196
1095500	-3986.81749041727
1096000	-3861.3985767098957
1096500	-4070.917565809363
1097000	-3974.120289111832
1097500	-3954.9566890643796
1098000	-4149.981450333606
1098500	-3956.5394446742666
1099000	-3923.0437783878715
1099500	-3940.8387766405835
1100000	-3983.0970760520213
1100500	-3969.688930935411
1101000	-3992.048290374026
1101500	-3952.605115763186
1102000	-4086.178223497129
1102500	-4113.201033286878
1103000	-4111.047083946718
1103500	-3954.0856046620934
1104000	-4050.66672092345
1104500	-3913.2355352663876
1105000	-3954.3401907042494
1105500	-3996.519983117458
1106000	-4054.9179538830613
1106500	-3958.3217094063357
1107000	-3961.9858166960826
1107500	-4033.895387598048
1108000	-4009.2745395813777
1108500	-4145.944805958871
1109000	-4105.704431727294
1109500	-3970.6232650753946
1110000	-3922.046072018244
1110500	-4239.325000692045
1111000	-4105.766572609585
1111500	-3923.1792976324946
1112000	-4062.7702555935853
1112500	-3848.3064305236344
1113000	-3801.377330161123
1113500	-4061.7536033284937
1114000	-4055.2693803858974
1114500	-3915.1478965358115
1115000	-3951.277752634463
1115500	-4012.7182942115837
1116000	-3985.078971377951
1116500	-3891.913900475244
1117000	-3973.4306374479816
1117500	-4004.7793920386507
1118000	-3890.986990135585
1118500	-3909.521225007728
1119000	-3843.795621796774
1119500	-3976.620051407313
1120000	-4007.4670632116527
1120500	-3913.946533275895
1121000	-3970.631608681492
1121500	-4012.9008552358337
1122000	-4132.545686361396
1122500	-3898.4467401213437
1123000	-3819.526341844404
1123500	-3924.773947553372
1124000	-4063.759162377951
1124500	-3910.6916661658242
1125000	-3871.231609281579
1125500	-4053.867858483975
1126000	-4039.277719901533
1126500	-3840.8442183330153
1127000	-3788.8677265961323
1127500	-3936.442430195567
1128000	-3946.550856080419
1128500	-3812.9138821320635
1129000	-3884.6445515715213
1129500	-3927.1170184157913
1130000	-3945.0377563938773
1130500	-4037.5654716165222
1131000	-3866.0584116438113
1131500	-3902.640860954042
1132000	-3985.329829682592
1132500	-4012.1651817133807
1133000	-3863.544864336371
1133500	-3964.9963905442214
1134000	-3940.884743167628
1134500	-3871.2050478786573
1135000	-3977.7142356713225
1135500	-3933.596981331831
1136000	-3923.9437954383916
1136500	-4021.1803431719454
1137000	-4022.798469535591
1137500	-3894.943691799268
1138000	-4001.991937310722
1138500	-3918.2355548559417
1139000	-4117.537692514764
1139500	-3998.051272820587
1140000	-3825.90381566772
1140500	-3949.714160299184
1141000	-3932.4958984195305
1141500	-4120.805718664774
1142000	-4012.8691211379078
1142500	-4066.153889364205
1143000	-4133.900144919963
1143500	-4108.047003459708
1144000	-4217.486738770836
1144500	-3958.4497725533483
1145000	-3873.3011733000394
1145500	-3950.7184104899534
1146000	-4151.206273581857
1146500	-4083.9162759152987
1147000	-3834.2180514165984
1147500	-3928.948400436993
1148000	-4132.068761095434
1148500	-4048.096364159603
1149000	-4002.8834512995045
1149500	-3946.943292610375
1150000	-3875.2456895058294
1150500	-3852.5429140832107
1151000	-4060.909223456313
1151500	-4125.025118276447
1152000	-3830.053581097402
1152500	-4063.8773290473737
1153000	-3997.1904951335964
1153500	-4069.3192363888547
1154000	-4072.217919887353
1154500	-4018.636097081204
1155000	-3982.0058568985446
1155500	-3997.944373071633
1156000	-4069.563197790861
1156500	-4110.36998264971
1157000	-4190.568496992057
1157500	-4195.864180232483
1158000	-4016.73209951979
1158500	-4245.96905739643
1159000	-4019.5988903454763
1159500	-4208.847520853644
1160000	-4161.1117850964665
1160500	-4074.407968926693
1161000	-4091.1745973202374
1161500	-4194.03091277035
1162000	-4144.40671517882
1162500	-4217.689274583429
1163000	-4012.931864884627
1163500	-4212.876649786105
1164000	-4082.4255065175153
1164500	-4159.058712767946
1165000	-4228.503440510995
1165500	-4091.0099305041877
1166000	-4209.275668804079
1166500	-4069.640566045401
1167000	-4141.21428303081
1167500	-4056.856152170919
1168000	-4186.813524015747
1168500	-4001.031460640793
1169000	-3981.307325664229
1169500	-4036.243631325848
1170000	-4153.490490613335
1170500	-4059.4383045076615
1171000	-4107.75174831506
1171500	-4168.72038656918
1172000	-4053.7877216411675
1172500	-3972.047176817979
1173000	-3876.895710452209
1173500	-4001.374195394683
1174000	-3954.0633817856624
1174500	-3903.2054323494144
1175000	-3799.6621478607117
1175500	-3946.065214179235
1176000	-3904.170989007779
1176500	-4026.7675593261606
1177000	-4070.038345957987
1177500	-3933.2347511082153
1178000	-3786.940809355666
1178500	-3891.2120145152057
1179000	-3891.103955130141
1179500	-3893.062679165312
1180000	-3804.2361493382523
1180500	-3918.015393488333
1181000	-3842.054640712633
1181500	-3767.355087019377
1182000	-3907.6079516944747
1182500	-3947.3975768367122
1183000	-4024.8712155355142
1183500	-4070.6286955245273
1184000	-3986.4841248876887
1184500	-3979.0908989549876
1185000	-3953.2043870977072
1185500	-3899.8765694547424
1186000	-3812.632739435221
1186500	-3893.497977827593
1187000	-3910.2233741175237
1187500	-3909.8395415352156
1188000	-3986.0581536528935
1188500	-3960.742595517273
1189000	-3915.1091340731127
1189500	-4009.805255299724
1190000	-3928.3091475113324
1190500	-3914.0090656131956
1191000	-3836.221752367298
1191500	-3869.481590060121
1192000	-3816.6530488509625
1192500	-4028.773746506301
1193000	-4107.568872015767
1193500	-4126.52794212662
1194000	-4102.664262974275
1194500	-3952.1940534214914
1195000	-3813.802718675281
1195500	-3954.3226868285474
1196000	-3971.798384222458
1196500	-3967.224476425882
1197000	-3922.858221792602
1197500	-4054.82255567787
1198000	-3847.745546959452
1198500	-3972.3642269072457
1199000	-3985.074570828004
1199500	-4065.769133158413
1200000	-4042.299289516784
1200500	-3905.9303550582986
1201000	-3916.0662802600677
1201500	-3927.562968557444
1202000	-3916.6129316047463
1202500	-3983.2145311658624
1203000	-4147.959327757998
1203500	-4098.852631676852
1204000	-3935.9417364908213
1204500	-3953.633993377174
1205000	-4013.8114162596335
1205500	-4063.9966959851004
1206000	-3903.0175181405793
1206500	-3987.0518358134386
1207000	-3920.6447888429275
1207500	-3864.2619679109757
1208000	-4015.463560662645
1208500	-4169.2160458533635
1209000	-4033.18518403078
1209500	-3980.795779054996
1210000	-3990.1333753863646
1210500	-3953.929526662169
1211000	-3962.84097943302
1211500	-4067.075293592902
1212000	-3933.54582616655
1212500	-3931.973517157248
1213000	-3941.2135848971884
1213500	-3872.042452766126
1214000	-4065.1666686408794
1214500	-4125.45516115932
1215000	-3985.109476290047
1215500	-4096.353331188011
1216000	-3919.423683767091
1216500	-3940.229908974655
1217000	-4030.2173530920277
1217500	-4005.722441593339
1218000	-3991.6088761618357
1218500	-3904.721843574873
1219000	-3982.4422222706035
1219500	-3908.118196761064
1220000	-3863.313955832083
1220500	-3976.8907121778047
1221000	-3928.9996912625215
1221500	-4020.816681996356
1222000	-3997.100448695411
1222500	-4124.359161264855
1223000	-3885.770507670648
1223500	-3958.103757458169
1224000	-3941.3649467875985
1224500	-3850.5804146276355
1225000	-3855.020142530712
1225500	-3894.3305265626987
1226000	-3888.5138444071004
1226500	-3931.2151545572906
1227000	-4144.725406057371
1227500	-4005.96486375823
1228000	-3826.120847633876
1228500	-3995.7155998349326
1229000	-4052.3973846268095
1229500	-3981.4769459958698
1230000	-3979.531624300912
1230500	-3958.094328037853
1231000	-3976.941048739221
1231500	-3817.175939050076
1232000	-3874.8570948327333
1232500	-3939.670884841605
1233000	-4000.533220946512
1233500	-4028.7008808105097
1234000	-3939.979261541489
1234500	-3984.158205532933
1235000	-3862.8854870143396
1235500	-3769.0540300615385
1236000	-3904.2739521586454
1236500	-3855.5876990588918
1237000	-3992.2116365719567
1237500	-3988.003889059623
1238000	-3931.578251908524
1238500	-4072.791336200098
1239000	-3909.1757914391633
1239500	-3951.3682167870697
1240000	-3901.6544137603632
1240500	-3963.9984374592964
1241000	-3922.764194026006
1241500	-3889.3975558448506
1242000	-3840.145771390511
1242500	-3888.984195800431
1243000	-3776.1266555746056
1243500	-4153.194973343948
1244000	-3929.283706476102
1244500	-3958.0632013672785
1245000	-4018.8319678206967
1245500	-4098.155200400949
1246000	-3944.5169751883955
1246500	-4071.635675741227
1247000	-4049.7266256184726
1247500	-3953.873054743938
1248000	-3920.1354182122936
1248500	-3982.0766965631915
1249000	-3934.072841824468
1249500	-3945.5695851510986
1250000	-3830.4533811546135
1250500	-3697.8988766119105
1251000	-4004.5685644033015
1251500	-3845.22935466718
1252000	-3949.600894024384
1252500	-3915.261361703684
1253000	-3849.754396638773
1253500	-3889.340568301812
1254000	-3795.0844784143223
1254500	-4061.0995765979515
1255000	-4089.6017586580792
1255500	-3941.7965589846654
1256000	-3942.5141619733267
1256500	-4004.7135777680974
1257000	-4052.3862699352208
1257500	-4081.1708876729917
1258000	-4079.5724723907465
1258500	-4071.594440973553
1259000	-3969.93658729954
1259500	-3895.471239478103
1260000	-3985.4056361070457
1260500	-4036.8305385863946
1261000	-4018.284609709686
1261500	-3927.049008326999
1262000	-3950.203645308517
1262500	-3992.7558304103154
1263000	-4002.4459220890712
1263500	-4041.452743043594
1264000	-4021.597982207007
1264500	-4014.5583448968955
1265000	-4003.1270693738084
1265500	-3964.3377573423545
1266000	-3918.4765377938184
1266500	-3916.774424153773
1267000	-4359.322615984682
1267500	-4201.534001365633
1268000	-4008.609652274936
1268500	-4067.2226071376867
1269000	-4038.0504766654303
1269500	-4053.761107981217
1270000	-4357.636362935504
1270500	-4012.7938706217715
1271000	-4059.8122702150667
1271500	-4110.1689159422785
1272000	-4217.96588652424
1272500	-3973.31525848887
1273000	-4008.8410682877598
1273500	-4056.771592938361
1274000	-3941.8941043867544
1274500	-4134.332916366818
1275000	-4016.5879665966377
1275500	-3928.8491722560107
1276000	-3882.5529123999067
1276500	-3892.724180155506
1277000	-3983.5566565551944
1277500	-3797.959784461695
1278000	-3843.5102015423704
1278500	-3892.7127655715576
1279000	-3817.2013970335956
1279500	-4224.256156899766
1280000	-4150.20818523726
1280500	-3984.6019833358896
1281000	-3727.1879057286847
1281500	-3732.4686536407457
1282000	-4108.339817830272
1282500	-3895.7066496357666
1283000	-3873.917637402153
1283500	-3974.169481934142
1284000	-3955.1799436330753
1284500	-4090.502239920118
1285000	-4044.0870945404945
1285500	-4196.500050790431
1286000	-4188.889737575159
1286500	-4149.454462264616
1287000	-4045.4435230646836
1287500	-3967.294309609982
1288000	-3792.8931530326936
1288500	-4027.067779204726
1289000	-3993.577101750593
1289500	-4068.036422573511
1290000	-4051.5776936259613
1290500	-4131.9078351231465
1291000	-3944.8071203265326
1291500	-3918.706734722262
1292000	-4164.202803255529
1292500	-4240.089646663586
1293000	-4103.847277447137
1293500	-4179.02066841125
1294000	-4221.9255654137205
1294500	-4098.683340177286
1295000	-4033.169628295733
1295500	-3948.779345286754
1296000	-3982.9227621391733
1296500	-3942.1840529414226
1297000	-3951.734822949221
1297500	-4081.347068311324
1298000	-3972.1263865370447
1298500	-3807.7643380266118
1299000	-3916.6510973329564
1299500	-3955.292139006254
1300000	-4162.71837413049
1300500	-3890.7598666495073
1301000	-4028.5680942671156
1301500	-4050.823853385227
1302000	-4245.645071150157
1302500	-4059.6867162013687
1303000	-3919.8012668266597
1303500	-4112.180945971667
1304000	-3955.034195497902
1304500	-4095.5782557384646
1305000	-4050.8007005426352
1305500	-3947.056480619137
1306000	-3962.3295034667317
1306500	-4023.0130124404236
1307000	-3934.7338500555966
1307500	-3991.8948545716185
1308000	-4191.557069848154
1308500	-4131.3617478203105
1309000	-4021.572359946896
1309500	-4120.181813806957
1310000	-4153.893061155647
1310500	-4046.5882137344856
1311000	-4019.19595275675
1311500	-4027.8335033986127
1312000	-4046.607982013553
1312500	-4106.549282726932
1313000	-4178.018924220973
1313500	-3905.4543914032115
1314000	-4160.901353396464
1314500	-3980.8929626368936
1315000	-3993.1861740115382
1315500	-4124.163190472515
1316000	-4120.819573879388
1316500	-4097.856396209856
1317000	-3907.4938833719802
1317500	-4113.95679285269
1318000	-4048.311098534992
1318500	-4069.6989351892307
1319000	-3838.902472367099
1319500	-3914.9377192558436
1320000	-3843.7394517301627
1320500	-3923.8405697377243
1321000	-4140.57488886364
1321500	-3821.704523217126
1322000	-3940.0742769787093
1322500	-3892.4337760523335
1323000	-3857.080833894295
1323500	-3827.522807239154
1324000	-3855.5373982561705
1324500	-4039.8593081432678
1325000	-4218.1427175167555
1325500	-4053.2466156332807
1326000	-3868.200335593646
1326500	-3962.9953444507973
1327000	-4036.1728089157327
1327500	-3830.631360624927
1328000	-3966.9183231116604
1328500	-3721.344765235799
1329000	-3692.4648108348206
1329500	-4010.7871522436103
1330000	-3846.9200581744053
1330500	-3983.266988879518
1331000	-3893.87138575573
1331500	-4030.8937256719423
1332000	-3901.554419309562
1332500	-3878.8450467724533
1333000	-3918.918272007278
1333500	-4001.1873016291215
1334000	-4181.595686071817
1334500	-4035.627193461677
1335000	-3875.2846957656757
1335500	-3854.866904221809
1336000	-3962.673772510256
1336500	-4099.020126545281
1337000	-3996.9024038694242
1337500	-3973.646050755133
1338000	-3922.017536026322
1338500	-3963.752886738503
1339000	-4000.285944285847
1339500	-3972.235626614152
1340000	-3984.0684945188955
1340500	-3850.770635511113
1341000	-4032.1108903091326
1341500	-3892.4517700100014
1342000	-3830.016715676745
1342500	-3918.5752710682304
1343000	-3855.35931378502
1343500	-3966.129537978113
1344000	-3949.7515962657617
1344500	-3998.1357941974297
1345000	-4350.840225735721
1345500	-4301.23544164698
1346000	-4167.381417739946
1346500	-4201.047662179279
1347000	-4281.378835269825
1347500	-4322.758967925523
1348000	-4180.045694790896
1348500	-4018.932060796398
1349000	-4071.787471460854
1349500	-4074.0460144647495
1350000	-4112.436941561098
1350500	-3843.4971886958583
1351000	-4063.1734303854682
1351500	-4146.956009821619
1352000	-4037.6499161201227
1352500	-4022.360543563633
1353000	-3919.718701203594
1353500	-3830.976789280458
1354000	-4109.625341907228
1354500	-4042.6963411846214
1355000	-3893.603566617371
1355500	-4005.6395620740163
1356000	-3968.7453255704895
1356500	-4062.4712361837283
1357000	-3905.576177218895
1357500	-4117.571850124449
1358000	-4109.385098743432
1358500	-3923.958665747794
1359000	-3877.232107900947
1359500	-4016.8067219888603
1360000	-3925.664915517665
1360500	-3998.018735859375
1361000	-3961.9931601523335
1361500	-3954.8508903444713
1362000	-3812.874098056463
1362500	-3946.666778761599
1363000	-3861.534216167642
1363500	-3867.82971832872
1364000	-3899.7709297775536
1364500	-3997.9891550269645
1365000	-3924.701899798518
1365500	-4101.167067286974
1366000	-3968.904776807613
1366500	-4066.5374845920524
1367000	-3925.8639450999403
1367500	-3941.9025214874505
1368000	-4011.7751936919462
1368500	-3931.3259843058913
1369000	-4024.740481535697
1369500	-4104.945458396475
1370000	-4148.790691329639
1370500	-4173.717033353825
1371000	-4058.508506850765
1371500	-3988.0241926445815
1372000	-4094.3351507807597
1372500	-4094.0592334134053
1373000	-3840.8874010186278
1373500	-3867.909364070082
1374000	-3924.6259060129223
1374500	-3894.3465768158985
1375000	-3907.6891487109847
1375500	-3915.735628423791
1376000	-4076.158965741456
1376500	-3951.2852782515315
1377000	-3924.310267792504
1377500	-3903.2468851058106
1378000	-3890.9951657245024
1378500	-3844.4372549115437
1379000	-4059.2677944716897
1379500	-3893.9276909027353
1380000	-3936.872534440322
1380500	-3905.9572568263493
1381000	-3901.15211163085
1381500	-4032.253201395512
1382000	-3948.2440954665135
1382500	-3963.1849189088666
1383000	-3952.9471974077146
1383500	-3964.241653803217
1384000	-4025.336402917506
1384500	-4008.659032793952
1385000	-3881.6316235276404
1385500	-3796.080132156462
1386000	-3835.5872702341217
1386500	-3911.5352652093648
1387000	-3716.8209134898216
1387500	-3847.013313198709
1388000	-3942.309486794309
1388500	-4131.096054593702
1389000	-3887.114405467478
1389500	-3957.159059419896
1390000	-4042.3047016734604
1390500	-4267.200338071883
1391000	-4002.38218138257
1391500	-3972.963559919287
1392000	-3901.6789157342823
1392500	-3847.158470912509
1393000	-3824.6866544593295
1393500	-3935.6164249617277
1394000	-3884.4773009155906
1394500	-4157.299593667452
1395000	-4194.026748199408
1395500	-3995.190494953099
1396000	-3996.9244846353304
1396500	-4168.424522809729
1397000	-4003.9828010546025
1397500	-4038.4547771977686
1398000	-4117.844019827605
1398500	-4215.347805558234
1399000	-4140.268899675878
1399500	-4133.8272872394
1400000	-3884.6856925236325
1400500	-3906.4822405820973
1401000	-3964.637934924909
1401500	-3970.225875356851
1402000	-3899.098583378523
1402500	-4025.572478016875
1403000	-4003.0238181973964
1403500	-3900.8623371428357
1404000	-3887.8944896254484
1404500	-3869.4229943677547
1405000	-3922.6577039682907
1405500	-4008.0638556939443
1406000	-3883.1801640707376
1406500	-4002.755549334977
1407000	-4024.880949596894
1407500	-3931.5769449053546
1408000	-4147.664371873605
1408500	-4017.756923676456
1409000	-4124.822342514158
1409500	-4133.634030929654
1410000	-4081.3734624139875
1410500	-4096.3252838853
1411000	-4301.416650900681
1411500	-3997.7699267835274
1412000	-4065.3691124480583
1412500	-4013.7742419638457
1413000	-4052.7687048986254
1413500	-4194.877253668096
1414000	-4143.597332359409
1414500	-4194.683403769631
1415000	-3948.003237403557
1415500	-3827.710735866817
1416000	-3902.2494382482846
1416500	-4024.0409358096767
1417000	-3883.439029253439
1417500	-4051.4698350854273
1418000	-4081.2456890796752
1418500	-4043.8319244099052
1419000	-3941.0366361704314
1419500	-4020.8902819114155
1420000	-4216.8483679703995
1420500	-3978.0161553387966
1421000	-3890.4455332396187
1421500	-4010.56725297685
1422000	-3973.2958091768146
1422500	-3864.8710341681153
1423000	-4081.690530688466
1423500	-4127.486509661124
1424000	-3982.6002755986888
1424500	-4205.642587021104
1425000	-3956.429224377411
1425500	-3840.85824899337
1426000	-3954.4928822428315
1426500	-3951.439842514109
1427000	-4039.347677530049
1427500	-4079.990005037685
1428000	-4163.748525750793
1428500	-4020.353491914857
1429000	-4110.656262458719
1429500	-4158.987120845967
1430000	-4442.05748611342
1430500	-4458.6759095662455
1431000	-4268.347743037176
1431500	-4337.692851805126
1432000	-4055.5492819563915
1432500	-4079.2901216733885
1433000	-4185.546484914825
1433500	-4205.558807236725
1434000	-4214.223751357728
1434500	-4278.558692217175
1435000	-4126.407279343059
1435500	-4300.358038599425
1436000	-4165.843938559178
1436500	-4150.19273228504
1437000	-4113.742032976045
1437500	-4131.291913911949
1438000	-4142.239329651861
1438500	-4094.3267922519553
1439000	-4121.5057382532805
1439500	-4126.476277660551
1440000	-4173.768881964946
1440500	-4036.2806884285765
1441000	-4076.5159841800305
1441500	-4194.9455621823
1442000	-4266.004844563107
1442500	-4285.638013176932
1443000	-4467.030339052833
1443500	-4242.2469965496075
1444000	-4230.614961449294
1444500	-4361.634146874935
1445000	-4098.9180319913075
1445500	-4163.876833153828
1446000	-4302.574780040007
1446500	-4282.016499651682
1447000	-4086.326408959186
1447500	-3980.1047929316933
1448000	-3954.25501506311
1448500	-3965.6659756358054
1449000	-3846.8232249546886
1449500	-4029.712536885573
1450000	-3913.0523866472663
1450500	-3852.79784416419
1451000	-3900.8767232270116
1451500	-3970.228140481725
1452000	-3974.1050325687884
1452500	-3914.2310625009036
1453000	-4141.794586592753
1453500	-4066.3571111215683
1454000	-4215.755836184959
1454500	-4080.1301453168167
1455000	-4128.299564022118
1455500	-3858.583182641146
1456000	-3953.9149612930537
1456500	-3919.763347944503
1457000	-4067.337906751455
1457500	-3942.5031625477395
1458000	-4114.749536635366
1458500	-3923.882398386763
1459000	-4087.586144091122
1459500	-4154.611067987305
1460000	-4003.214933923515
1460500	-3988.19071113044
1461000	-4055.9616606963937
1461500	-3936.8107391499207
1462000	-4304.92738372695
1462500	-4064.932457346334
1463000	-4189.304007376315
1463500	-4177.473684786651
1464000	-3949.862075828866
1464500	-3896.867740598392
1465000	-4139.166192047379
1465500	-4166.642970593762
1466000	-4200.572918474851
1466500	-4182.865616305747
1467000	-4015.4039337033864
1467500	-3978.9446295079774
1468000	-4038.081719246237
1468500	-4139.621200936729
1469000	-4119.847977458301
1469500	-4241.716733582997
1470000	-4046.8949485169533
1470500	-4152.191644542451
1471000	-4037.61167095236
1471500	-3958.2449619068866
1472000	-3926.652523152575
1472500	-3943.9448430099737
1473000	-4205.116035475203
1473500	-4020.90948706816
1474000	-3902.78810553589
1474500	-3869.921179714612
1475000	-4017.9614459975114
1475500	-4042.769466776748
1476000	-4105.071054805332
1476500	-4186.938350328704
1477000	-4055.642146417541
1477500	-4200.855592868378
1478000	-3983.122872399868
1478500	-4027.886085303405
1479000	-4030.4333092873526
1479500	-4071.8227927115436
1480000	-4227.2875183090355
1480500	-4236.1023123801015
1481000	-3984.0340794847893
1481500	-4178.178682527265
1482000	-4081.963036343009
1482500	-4098.591432109256
1483000	-4090.586054558854
1483500	-4065.909548908035
1484000	-3995.5963293089967
1484500	-3943.8181062460885
1485000	-3978.2088214564674
1485500	-3978.2598419682026
1486000	-3953.917335683089
1486500	-3940.707375471174
1487000	-3985.7761148669447
1487500	-4048.793150138485
1488000	-3778.2478743688775
1488500	-3907.9547789312883
1489000	-3857.845178503159
1489500	-4153.335980226718
1490000	-3894.5614527421567
1490500	-4423.7573699287705
1491000	-4116.947612984368
1491500	-4035.991952247393
1492000	-4113.700808634363
1492500	-4353.000943349466
1493000	-4114.368426020669
1493500	-3917.8970883247225
1494000	-3911.0528563025437
1494500	-3982.063773689567
1495000	-4022.4013585451276
1495500	-3958.107466457486
1496000	-4046.794626998106
1496500	-4035.0281290604257
1497000	-4000.6881452897965
1497500	-4064.1162967677437
1498000	-3917.307439448595
1498500	-3876.407747936578
1499000	-3885.4935175491655
1499500	-3900.2726985611966
1500000	-3813.253237182538
