Sample	likelihood
0	-3478.543014646408
500	-3474.129224286406
1000	-3478.2501736411305
1500	-3473.206418598915
2000	-3487.5844454347352
2500	-3488.879538969217
3000	-3480.8440795564993
3500	-3490.3817232685624
4000	-3482.3921583549354
4500	-3484.9711751671416
5000	-3496.467235585778
5500	-3477.522459145493
6000	-3475.0916088236086
6500	-3485.0271886969213
7000	-3469.386636551529
7500	-3477.7645853277018
8000	-3493.5525045346103
8500	-3485.314987714735
9000	-3483.426137732166
9500	-3484.7951634595875
10000	-3467.012478123945
10500	-3469.954005761167
11000	-3487.5877910093027
11500	-3487.6101300889327
12000	-3472.6003967083016
12500	-3477.618273835691
13000	-3487.3383440191474
13500	-3493.0676463092254
14000	-3485.293149239063
14500	-3468.562056152261
15000	-3473.6041376327207
15500	-3478.029873066504
16000	-3476.8519571036563
16500	-3484.9016997026392
17000	-3493.150003776906
17500	-3467.660864510769
18000	-3480.597526926707
18500	-3469.1559441260056
19000	-3491.305860837483
19500	-3480.8165361139886
20000	-3485.2018216834376
20500	-3480.0448022153923
21000	-3490.4174438446935
21500	-3505.380664949859
22000	-3489.387737429366
22500	-3493.036052868931
23000	-3487.8028676129434
23500	-3468.6845400794523
24000	-3466.13156928754
24500	-3476.8146227486773
25000	-3471.6435563437435
25500	-3471.6755800706696
26000	-3469.0029177148203
26500	-3474.823759334973
27000	-3480.9378111513192
27500	-3480.2496179560894
28000	-3493.16456885808
28500	-3460.6538158202807
29000	-3478.977938971453
29500	-3491.1679397478056
30000	-3479.625899435737
30500	-3467.800997916983
31000	-3456.3131992247836
31500	-3451.79751712884
32000	-3452.9718881534977
32500	-3452.701245642984
33000	-3454.5832646269387
33500	-3455.2543750513464
34000	-3462.435696522245
34500	-3476.6461564063543
35000	-3464.314415363787
35500	-3458.3964049051633
36000	-3491.9040354305903
36500	-3493.934679795565
37000	-3489.481454563176
37500	-3457.547180215228
38000	-3457.6892809420356
38500	-3449.406848046727
39000	-3470.4781980737175
39500	-3469.4422631676457
40000	-3474.6058468832434
40500	-3460.6082786463626
41000	-3465.0172961145213
41500	-3471.352662611843
42000	-3457.9379798058912
42500	-3486.381444926703
43000	-3455.058437899247
43500	-3451.8462451579776
44000	-3463.9992597093874
44500	-3458.8089093279727
45000	-3456.4975607933784
45500	-3450.8168276457745
46000	-3464.2510125683957
46500	-3451.054719351539
47000	-3453.7736959313006
47500	-3451.1293420567204
48000	-3457.206725165953
48500	-3463.5567699634917
49000	-3489.2460830122486
49500	-3452.3532157533823
50000	-3462.293450681242
50500	-3474.7012786101045
51000	-3480.940611262145
51500	-3471.876034960723
52000	-3466.5036459715784
52500	-3463.027840054213
53000	-3475.4431444369047
53500	-3464.5366885110307
54000	-3446.684463212228
54500	-3459.7470670709704
55000	-3488.328177601969
55500	-3465.65338653701
56000	-3498.1932237330952
56500	-3484.7891915782475
57000	-3469.881475136067
57500	-3467.363002974588
58000	-3447.679494639554
58500	-3444.908104347549
59000	-3458.34900527047
59500	-3455.279085433765
60000	-3452.523247856318
60500	-3438.724958678808
61000	-3447.320966342291
61500	-3445.909299788558
62000	-3445.4770475784635
62500	-3447.6370628984823
63000	-3451.731238326838
63500	-3459.155272441609
64000	-3443.645631011043
64500	-3451.921434076548
65000	-3457.242976548946
65500	-3445.21850434904
66000	-3448.15551957515
66500	-3459.2448073463524
67000	-3460.859196205445
67500	-3447.757430586217
68000	-3449.603280157033
68500	-3439.761019741611
69000	-3446.4587202102634
69500	-3447.273029793222
70000	-3467.3861723666714
70500	-3448.6717389504815
71000	-3456.0017041272463
71500	-3462.4114197569415
72000	-3478.764671760619
72500	-3469.534455018117
73000	-3487.9075916450147
73500	-3454.3263811239317
74000	-3447.179265220267
74500	-3462.1796692592866
75000	-3469.3179407149137
75500	-3467.0692245211717
76000	-3467.0717569837693
76500	-3459.686712390853
77000	-3452.6253360480173
77500	-3454.252772312413
78000	-3458.6822720919795
78500	-3446.9791435719985
79000	-3446.3341079069596
79500	-3465.2312586845305
80000	-3456.402387106913
80500	-3446.3931222226497
81000	-3449.9567797502277
81500	-3454.231192736444
82000	-3451.87792685561
82500	-3454.179819365154
83000	-3467.5144281816933
83500	-3460.5588482260932
84000	-3446.809059857815
84500	-3452.109323656901
85000	-3452.406122128796
85500	-3463.2827551619694
86000	-3462.793447551655
86500	-3458.0101847435544
87000	-3479.246699887263
87500	-3470.3170074202726
88000	-3474.7295846972233
88500	-3456.0056366464282
89000	-3459.9388342902075
89500	-3460.449524783127
90000	-3468.7760389961677
90500	-3466.545184282305
91000	-3457.7295049434224
91500	-3478.550089216264
92000	-3456.336602439732
92500	-3459.106969178237
93000	-3470.290707621716
93500	-3472.4711763544256
94000	-3456.1520049096084
94500	-3452.8503400678755
95000	-3448.627826353297
95500	-3460.6203564320986
96000	-3472.5135660599026
96500	-3481.845119618358
97000	-3472.5974497818697
97500	-3485.8765624876705
98000	-3479.937191985247
98500	-3472.13730418165
99000	-3479.130798351436
99500	-3482.821177167159
100000	-3473.2611898083005
100500	-3470.8793956279383
101000	-3477.498803696842
101500	-3470.489639355187
102000	-3470.8355902049743
102500	-3485.1363073444463
103000	-3474.0206884658537
103500	-3472.739094367015
104000	-3448.8745337221876
104500	-3456.791183643556
105000	-3461.5262500748963
105500	-3452.6287042422746
106000	-3449.3996823850957
106500	-3472.79192266797
107000	-3455.689125075347
107500	-3460.6764064003537
108000	-3463.3963036933374
108500	-3467.5369032257026
109000	-3454.88779767977
109500	-3465.8959329461272
110000	-3484.5098973878326
110500	-3467.656812896083
111000	-3454.4849608569725
111500	-3469.0407313051887
112000	-3454.385964739041
112500	-3480.408286409124
113000	-3461.5802693210444
113500	-3459.9675509376093
114000	-3461.8310891068604
114500	-3453.5879641068377
115000	-3458.877739053832
115500	-3459.495982308616
116000	-3458.508088209703
116500	-3450.5686352201446
117000	-3461.456781912669
117500	-3452.3084428852076
118000	-3459.272102937532
118500	-3480.468134394601
119000	-3467.3373964883895
119500	-3462.1834610317837
120000	-3463.723238698621
120500	-3454.8118979649303
121000	-3461.5300587458373
121500	-3459.5680703308976
122000	-3464.6143393067628
122500	-3466.1313505539783
123000	-3456.3668019015768
123500	-3462.625390116057
124000	-3477.606858508939
124500	-3499.9718324983646
125000	-3470.4608270107983
125500	-3455.068712857744
126000	-3455.131963202698
126500	-3448.0274377118017
127000	-3456.967267423685
127500	-3446.6229305235715
128000	-3475.0894060173264
128500	-3455.596395308742
129000	-3463.9807023187886
129500	-3464.810389141003
130000	-3476.030836297257
130500	-3449.637811346407
131000	-3451.889387860438
131500	-3456.605227407807
132000	-3458.0118733861154
132500	-3445.263884510913
133000	-3446.2395725286588
133500	-3444.87137507634
134000	-3441.004506432348
134500	-3439.9783236738494
135000	-3473.4451325978243
135500	-3476.662055014052
136000	-3452.4783001460482
136500	-3457.541340503483
137000	-3441.897644458978
137500	-3433.2657769163284
138000	-3442.0170631831734
138500	-3470.3485129973133
139000	-3467.2690119850326
139500	-3465.842154390093
140000	-3469.088198564645
140500	-3463.9014050685264
141000	-3461.0695029098624
141500	-3456.0511619080717
142000	-3467.9275107467847
142500	-3448.58986919078
143000	-3469.506560562431
143500	-3466.0536643412142
144000	-3463.0904529270897
144500	-3469.557097169006
145000	-3453.422805376984
145500	-3464.0597357691645
146000	-3467.199086654433
146500	-3488.500971457033
147000	-3458.4434151772653
147500	-3453.824857322931
148000	-3456.926761703882
148500	-3485.2199377661254
149000	-3440.799047115101
149500	-3445.4392063150044
150000	-3453.073462520004
150500	-3462.741336025509
151000	-3466.5449203340554
151500	-3478.636107174873
152000	-3457.9469555073015
152500	-3446.744036929472
153000	-3449.2318158175867
153500	-3445.600307727161
154000	-3449.270508504871
154500	-3453.74246172045
155000	-3455.2995583999873
155500	-3461.061519386055
156000	-3469.878275573241
156500	-3470.843963720364
157000	-3483.677800380939
157500	-3465.3067731886613
158000	-3469.848825033951
158500	-3446.5889940936295
159000	-3457.1711203246336
159500	-3461.4549718027083
160000	-3459.677908762858
160500	-3455.8885885983636
161000	-3461.574483764226
161500	-3452.114533914511
162000	-3450.7397583724273
162500	-3466.907113936033
163000	-3454.66479427568
163500	-3473.174123125808
164000	-3494.0109425572628
164500	-3485.5859616196544
165000	-3484.1484120163295
165500	-3464.009997034658
166000	-3474.170806201817
166500	-3477.4030027571816
167000	-3471.885128247707
167500	-3482.462980586358
168000	-3474.5154037642455
168500	-3467.9166327692365
169000	-3478.939473589741
169500	-3462.142236940192
170000	-3468.310911215192
170500	-3465.3058078005656
171000	-3461.307155533478
171500	-3466.2308071594475
172000	-3471.516377104633
172500	-3473.2039824799513
173000	-3475.708828529883
173500	-3468.8973780063493
174000	-3475.470709248342
174500	-3482.4720100084332
175000	-3496.2787436088433
175500	-3468.892755055886
176000	-3476.219963455173
176500	-3470.6632024003684
177000	-3468.8994758594763
177500	-3468.0381158290743
178000	-3455.883226438101
178500	-3475.1358878741194
179000	-3451.6196288490237
179500	-3458.538222827567
180000	-3466.2677916367916
180500	-3455.3670791498453
181000	-3457.269932679968
181500	-3456.582007021626
182000	-3452.2791927336893
182500	-3454.1702045157685
183000	-3453.620490020533
183500	-3457.129472905411
184000	-3450.6649864882525
184500	-3456.4692644597803
185000	-3457.388548448131
185500	-3461.2300836571535
186000	-3458.418991224189
186500	-3450.668757127722
187000	-3458.1218721281557
187500	-3457.1023854083624
188000	-3457.2369981004695
188500	-3465.956827015975
189000	-3459.2982047272285
189500	-3468.1249305938077
190000	-3461.3660467731656
190500	-3459.297902846723
191000	-3448.810242896265
191500	-3464.0238208528526
192000	-3446.118761627995
192500	-3456.4518963441415
193000	-3448.0675547927294
193500	-3446.0615290576407
194000	-3461.072796918314
194500	-3451.90850735762
195000	-3455.6114986720395
195500	-3453.3472466001376
196000	-3450.1270193592745
196500	-3463.6083979298733
197000	-3469.2061917433693
197500	-3473.0313651281595
198000	-3447.8618946131096
198500	-3464.7971288848657
199000	-3479.577727298654
199500	-3461.332153895022
200000	-3464.974880570813
200500	-3487.783456931415
201000	-3508.1248826080505
201500	-3466.933627757817
202000	-3469.394117135987
202500	-3474.8423872708577
203000	-3463.05891620274
203500	-3458.9258536215066
204000	-3460.0654828397096
204500	-3468.3627105677015
205000	-3462.3799403726707
205500	-3456.547820147853
206000	-3464.865679611325
206500	-3463.5583364024023
207000	-3468.1930743232924
207500	-3478.26207346537
208000	-3481.1837594226445
208500	-3448.139832947484
209000	-3470.2315338768917
209500	-3464.916425404164
210000	-3471.4133666029106
210500	-3483.3659969253763
211000	-3451.057884279819
211500	-3456.3666877336104
212000	-3457.4213537556957
212500	-3452.5686752290867
213000	-3464.713255514077
213500	-3468.185404160112
214000	-3458.8367410740116
214500	-3467.7258657204143
215000	-3466.7055925953605
215500	-3465.049129891994
216000	-3460.0918140955246
216500	-3467.989612038779
217000	-3456.5027309471993
217500	-3460.653809872328
218000	-3465.4237840596984
218500	-3454.9354373433853
219000	-3454.8154420740298
219500	-3462.476977918063
220000	-3465.03973265666
220500	-3460.5803909071383
221000	-3460.53597650941
221500	-3464.697090238093
222000	-3455.200133844888
222500	-3453.413330892484
223000	-3466.077741708416
223500	-3461.8474953260265
224000	-3464.122685338815
224500	-3461.627557610407
225000	-3450.9626607973173
225500	-3449.9684541321285
226000	-3462.7903086487004
226500	-3456.844742644631
227000	-3465.659247367818
227500	-3464.4567921027556
228000	-3462.5585626309826
228500	-3483.0068285725915
229000	-3463.4764503161086
229500	-3465.997984062984
230000	-3447.528071458193
230500	-3458.264931711042
231000	-3462.6136931348133
231500	-3464.825973435322
232000	-3462.570688446117
232500	-3458.3464322041286
233000	-3457.808394884269
233500	-3457.5609130281764
234000	-3446.7405711715605
234500	-3453.255063010888
235000	-3450.411365016084
235500	-3459.675558830465
236000	-3463.8813544253235
236500	-3474.1839185963654
237000	-3462.8228691567315
237500	-3459.8200870207274
238000	-3458.9506409946043
238500	-3456.4589596243745
239000	-3450.7510765106513
239500	-3469.8072102842625
240000	-3446.3826378449294
240500	-3462.1184288442128
241000	-3474.2370927113407
241500	-3445.949069517745
242000	-3436.761297317503
242500	-3476.2821332017907
243000	-3456.1000426718138
243500	-3446.016540713892
244000	-3447.5128342375656
244500	-3462.2786112549124
245000	-3478.454487748081
245500	-3477.1974934686255
246000	-3466.6493594903127
246500	-3446.691674916462
247000	-3446.5318198143004
247500	-3452.3330279421243
248000	-3457.23286891871
248500	-3444.6857324028824
249000	-3447.492221366949
249500	-3450.0392493896466
250000	-3459.7657858497882
250500	-3449.4608681668083
251000	-3448.8484774022095
251500	-3446.428650872528
252000	-3462.93677707494
252500	-3451.1022701243855
253000	-3461.00103877466
253500	-3460.9659937497618
254000	-3443.506425357374
254500	-3445.482924736108
255000	-3455.7514631381587
255500	-3455.9823256032737
256000	-3470.986312769891
256500	-3441.017907722948
257000	-3440.450444030203
257500	-3471.075450949245
258000	-3462.910947350014
258500	-3440.2606821825375
259000	-3444.758232002084
259500	-3493.730402610711
260000	-3456.603058104413
260500	-3472.6887749390557
261000	-3458.645132071824
261500	-3458.9368273419227
262000	-3459.1064124108216
262500	-3451.915227514746
263000	-3462.2800789983135
263500	-3456.689642838062
264000	-3458.0061477047348
264500	-3470.187572974206
265000	-3465.9504228563987
265500	-3442.7521015863817
266000	-3454.9181667568705
266500	-3468.3122951807622
267000	-3446.0126122590673
267500	-3466.2658683083273
268000	-3451.167373069074
268500	-3468.586992627803
269000	-3455.790429465454
269500	-3469.1316887748653
270000	-3469.207077983959
270500	-3450.828221618704
271000	-3460.0913351900635
271500	-3469.3080964107517
272000	-3469.3556450040815
272500	-3474.5333731342234
273000	-3451.6962153156833
273500	-3452.537476341019
274000	-3455.5079054549087
274500	-3447.554660878865
275000	-3444.3814922024776
275500	-3445.1971847213026
276000	-3443.5128693703778
276500	-3448.754347630213
277000	-3466.4879524533308
277500	-3461.328624312852
278000	-3449.685879407699
278500	-3458.2470389198397
279000	-3471.747979909715
279500	-3451.4546781231707
280000	-3435.426881937292
280500	-3442.035278576537
281000	-3456.359924132682
281500	-3456.56168542864
282000	-3461.1277553807763
282500	-3461.960374824295
283000	-3464.4921576104803
283500	-3473.3906205906587
284000	-3459.268800796884
284500	-3457.1455864403824
285000	-3451.1600700373647
285500	-3444.265948613728
286000	-3459.265567842834
286500	-3459.4227923047883
287000	-3452.6298991675817
287500	-3471.201097544783
288000	-3454.1561617939624
288500	-3454.193280117246
289000	-3472.4072440640794
289500	-3482.230554411821
290000	-3487.5467583793416
290500	-3460.227972886968
291000	-3455.8555249992864
291500	-3477.513912336575
292000	-3446.317297392528
292500	-3431.724094295722
293000	-3448.9436178752658
293500	-3444.22070331958
294000	-3444.7357679310717
294500	-3449.0933321178823
295000	-3468.0863540804494
295500	-3471.9572644226087
296000	-3470.5878875576777
296500	-3456.8839898036113
297000	-3481.0668574849274
297500	-3449.924814697182
298000	-3447.5067667159133
298500	-3456.2616153144095
299000	-3464.3161848969944
299500	-3459.5878166229354
300000	-3472.510833383658
300500	-3462.0498634947753
301000	-3465.096953210086
301500	-3447.2742404863684
302000	-3463.4944303790307
302500	-3468.479120287149
303000	-3483.186127192222
303500	-3477.9719297346296
304000	-3467.9954018129083
304500	-3477.2008504034516
305000	-3476.076059246952
305500	-3502.618136440541
306000	-3493.367989215051
306500	-3506.8849826406126
307000	-3523.6942765290196
307500	-3492.047747105185
308000	-3480.31496378135
308500	-3484.7497843938913
309000	-3482.6522446282784
309500	-3471.1360552582846
310000	-3473.790547342926
310500	-3464.499884959356
311000	-3454.9549484977724
311500	-3475.8864546258787
312000	-3487.923065886858
312500	-3465.037775066641
313000	-3482.1054275945885
313500	-3468.682311548107
314000	-3470.1430084058948
314500	-3473.054263894559
315000	-3468.339641151106
315500	-3459.669550278582
316000	-3469.1131690293932
316500	-3456.4947388127416
317000	-3451.7954311493068
317500	-3455.7165167969033
318000	-3454.397278303018
318500	-3459.36773340041
319000	-3465.6245544456133
319500	-3477.2723032073604
320000	-3461.124466308043
320500	-3466.930628332744
321000	-3466.3075425090387
321500	-3465.264082775577
322000	-3467.311512909194
322500	-3466.5344369487752
323000	-3472.4829711623383
323500	-3486.6348134999234
324000	-3466.6463939267
324500	-3446.6245696365645
325000	-3462.9368268996886
325500	-3454.663658195144
326000	-3465.064791188693
326500	-3465.034435248861
327000	-3476.924504254742
327500	-3469.6802236722383
328000	-3488.4085448299006
328500	-3485.376300847188
329000	-3478.520798439338
329500	-3467.002450605182
330000	-3475.16677189718
330500	-3474.6901367045207
331000	-3468.2989408300805
331500	-3473.583759552024
332000	-3500.1354199216144
332500	-3477.64248023382
333000	-3446.1282538708056
333500	-3462.048960953346
334000	-3470.6562884140626
334500	-3466.6596344773197
335000	-3464.4465674277567
335500	-3464.050828560966
336000	-3470.6186944908554
336500	-3471.8168734168703
337000	-3479.156763405668
337500	-3473.1824715487564
338000	-3482.774417056001
338500	-3466.0382318897136
339000	-3475.258596925825
339500	-3484.741356257403
340000	-3500.2131239721216
340500	-3474.535430937357
341000	-3460.0836958290683
341500	-3457.115128823813
342000	-3465.225435299254
342500	-3465.965055285014
343000	-3460.011302949649
343500	-3443.1864602907635
344000	-3459.701801264981
344500	-3441.9614379967807
345000	-3461.3596226225654
345500	-3471.523908805476
346000	-3450.046898806654
346500	-3481.1325538633423
347000	-3471.2923850071456
347500	-3469.9343971911526
348000	-3461.2505611857405
348500	-3479.7808513677305
349000	-3458.5105382687475
349500	-3469.5120137659064
350000	-3452.6908369882344
350500	-3483.923068649217
351000	-3467.9760684372095
351500	-3467.3647770515017
352000	-3450.907238053313
352500	-3459.5650449592167
353000	-3467.858195498136
353500	-3456.0146647855317
354000	-3457.1844370089157
354500	-3466.727164690362
355000	-3461.088843190324
355500	-3464.0350679251187
356000	-3471.2451178427164
356500	-3451.772961544658
357000	-3463.3106698455936
357500	-3474.6370074438396
358000	-3465.3521225908758
358500	-3465.4895285544703
359000	-3480.250443381971
359500	-3470.1667854390453
360000	-3471.214412989847
360500	-3461.818391156836
361000	-3461.44686944411
361500	-3464.339960699886
362000	-3470.568805331516
362500	-3452.306224158339
363000	-3491.20949649354
363500	-3478.3331066747314
364000	-3477.6999800012127
364500	-3460.5660218596636
365000	-3462.0530478120018
365500	-3459.207397652192
366000	-3456.9356937377106
366500	-3475.023327873601
367000	-3460.1843783146855
367500	-3452.349985043982
368000	-3457.875086791683
368500	-3448.703559971204
369000	-3472.884450152683
369500	-3456.6056404868004
370000	-3464.6676023506593
370500	-3468.839789351118
371000	-3462.845305721198
371500	-3443.057441302826
372000	-3462.6913100859815
372500	-3462.019683247228
373000	-3448.2107096484337
373500	-3453.392456195957
374000	-3449.7742803785018
374500	-3464.734117672974
375000	-3450.420655624827
375500	-3439.618588198911
376000	-3460.62847204747
376500	-3484.7769015945314
377000	-3465.9100244671636
377500	-3474.867038629208
378000	-3474.2588133944673
378500	-3461.0258780201234
379000	-3455.455898074699
379500	-3455.443469369353
380000	-3448.9284850876043
380500	-3458.3402913370014
381000	-3464.1334697910543
381500	-3472.1681147621625
382000	-3458.1658521550276
382500	-3469.7134815190557
383000	-3471.434518208367
383500	-3478.716116826152
384000	-3465.6928669618214
384500	-3464.7282995803716
385000	-3453.1116006747698
385500	-3465.6100877877
386000	-3465.9794205666863
386500	-3441.506123324956
387000	-3445.5509420920016
387500	-3469.74869172479
388000	-3467.1374596559713
388500	-3456.9455556300168
389000	-3456.8827063197455
389500	-3472.3138760885245
390000	-3458.8099897424368
390500	-3462.469430770031
391000	-3461.40129464592
391500	-3466.8053443212734
392000	-3444.2073431273893
392500	-3468.3595715489328
393000	-3453.480868793605
393500	-3465.3706058897164
394000	-3469.3969741955325
394500	-3467.647038377752
395000	-3456.9437957981427
395500	-3474.6177433268203
396000	-3455.4570457212394
396500	-3460.1507520391483
397000	-3457.276825803942
397500	-3468.925841785724
398000	-3461.3808827902863
398500	-3465.684465872965
399000	-3459.9757010432572
399500	-3453.763199059883
400000	-3451.5387797645544
400500	-3451.8993105751993
401000	-3441.7918314282947
401500	-3440.46926491233
402000	-3449.489976681184
402500	-3446.7460469319567
403000	-3477.4385247374103
403500	-3463.48299749136
404000	-3463.4871408959098
404500	-3497.14557984789
405000	-3466.9231588584507
405500	-3466.2862585984394
406000	-3491.8601454765385
406500	-3485.1258839874304
407000	-3480.0821077409773
407500	-3472.6524258895097
408000	-3493.451976704034
408500	-3472.8719184333363
409000	-3482.3919572205264
409500	-3479.4427875913443
410000	-3470.7699474278543
410500	-3502.472268005157
411000	-3492.4921977116073
411500	-3472.727814964412
412000	-3465.584599141976
412500	-3465.097465962016
413000	-3457.739344339198
413500	-3474.055756926344
414000	-3479.129895557473
414500	-3484.0730133051425
415000	-3470.9882072675164
415500	-3472.3519595372472
416000	-3497.1308487129722
416500	-3471.385472743389
417000	-3457.2250447203137
417500	-3462.7559737802985
418000	-3474.79625942473
418500	-3455.921575523855
419000	-3445.269075759468
419500	-3463.6317306630813
420000	-3456.713547674045
420500	-3465.5003446930477
421000	-3463.7206529420146
421500	-3472.6499434259176
422000	-3456.4523090433036
422500	-3460.220176192504
423000	-3471.403302016278
423500	-3453.1845892560536
424000	-3458.8931643853743
424500	-3469.7682298413347
425000	-3456.462085432877
425500	-3455.4269614849104
426000	-3458.278815292583
426500	-3473.0338304875763
427000	-3505.542115362882
427500	-3464.1301203085177
428000	-3472.096088849452
428500	-3470.4798499979856
429000	-3476.7858699863023
429500	-3450.5449418835
430000	-3452.119408618562
430500	-3465.097076240121
431000	-3491.32368195143
431500	-3496.0041220225576
432000	-3478.953531054465
432500	-3484.069490722424
433000	-3474.6675470450978
433500	-3459.071947338223
434000	-3452.9223099179844
434500	-3472.4882497658123
435000	-3475.725233587787
435500	-3460.0479596961786
436000	-3464.2545796071977
436500	-3458.769487690975
437000	-3474.2911606864677
437500	-3487.4127333932674
438000	-3481.6845572635375
438500	-3461.3264756692743
439000	-3476.865204071192
439500	-3465.0205198915705
440000	-3474.4751877588133
440500	-3472.4990333740493
441000	-3472.3813901947706
441500	-3471.735317492156
442000	-3469.0005122091225
442500	-3481.0952683465016
443000	-3481.055330026019
443500	-3480.5172769431756
444000	-3463.862117147708
444500	-3480.0710065765466
445000	-3464.7485782350386
445500	-3472.895476967538
446000	-3467.6368853481436
446500	-3498.1500854822784
447000	-3472.5380222510903
447500	-3478.0549091890393
448000	-3480.8346257484936
448500	-3454.1003534592737
449000	-3458.5931766255817
449500	-3442.62296074654
450000	-3454.422339759912
450500	-3456.1787749954765
451000	-3463.4058102077533
451500	-3450.798622369902
452000	-3463.0757612200487
452500	-3461.3517296643367
453000	-3466.0029182772405
453500	-3464.1530244277233
454000	-3459.896540149266
454500	-3460.9367200799384
455000	-3454.100317547176
455500	-3442.912157316653
456000	-3451.4702119776343
456500	-3451.9657283356564
457000	-3436.023183426458
457500	-3435.4313168449703
458000	-3445.0285872806785
458500	-3453.903367693683
459000	-3450.2740798817817
459500	-3461.38612740731
460000	-3449.4453679811304
460500	-3449.877292834516
461000	-3441.3580715506787
461500	-3457.732457859984
462000	-3448.1638939097998
462500	-3445.635250052912
463000	-3448.9578500070975
463500	-3433.1412795534284
464000	-3450.482939056136
464500	-3462.581987561961
465000	-3461.685501977522
465500	-3476.6170569287838
466000	-3451.4431315156166
466500	-3447.55827705473
467000	-3462.022420881763
467500	-3445.663343839292
468000	-3459.936627690353
468500	-3466.072882354957
469000	-3434.039438881334
469500	-3451.9347835361705
470000	-3449.4713884572566
470500	-3448.1943903290116
471000	-3458.705074635377
471500	-3442.25724314036
472000	-3460.5264215750785
472500	-3457.483102592361
473000	-3477.2829247714685
473500	-3475.2670917393802
474000	-3459.565970248998
474500	-3478.940899574825
475000	-3466.076388248077
475500	-3477.0573837378333
476000	-3472.3561641280426
476500	-3453.5844158018062
477000	-3452.447218401029
477500	-3455.620630076963
478000	-3460.181725000132
478500	-3472.773647771192
479000	-3464.923812651436
479500	-3460.2101589819263
480000	-3460.747464109909
480500	-3451.559438774152
481000	-3459.563686172693
481500	-3463.0855285801354
482000	-3464.7866855504153
482500	-3468.5927117962488
483000	-3488.6759301081092
483500	-3476.79341561604
484000	-3460.18531761513
484500	-3457.242193384162
485000	-3459.2926617442595
485500	-3464.0551953227246
486000	-3455.025393164785
486500	-3455.5379997184396
487000	-3466.8393728322512
487500	-3469.4171970869857
488000	-3464.7662496498883
488500	-3480.2016526794405
489000	-3472.53978863693
489500	-3465.507445608949
490000	-3470.928609441316
490500	-3463.4940304837914
491000	-3463.6570697046436
491500	-3466.105938167386
492000	-3455.418424504394
492500	-3449.5680433542257
493000	-3447.9854980812356
493500	-3462.74318101788
494000	-3453.602785048307
494500	-3468.079970227471
495000	-3451.3693914674805
495500	-3438.80216739268
496000	-3457.0277115189647
496500	-3441.7199792874558
497000	-3459.6405355239062
497500	-3449.673376081211
498000	-3454.2015302702107
498500	-3447.3431026028525
499000	-3465.258774073672
499500	-3460.7057356566725
500000	-3463.073014281786
500500	-3475.416576090293
501000	-3453.8975113411484
501500	-3465.570116825002
502000	-3463.5794344409455
502500	-3459.610855481301
503000	-3477.5220889296165
503500	-3463.4425191388673
504000	-3464.198798401825
504500	-3462.9458446601275
505000	-3464.7679005636246
505500	-3454.7167849968364
506000	-3467.448235273436
506500	-3449.614050812954
507000	-3462.3775339251124
507500	-3464.0643630852323
508000	-3464.4579952971785
508500	-3447.2242259850645
509000	-3459.053277142016
509500	-3450.543052845141
510000	-3445.0151794849967
510500	-3446.997074626468
511000	-3477.300113100294
511500	-3481.8234636419693
512000	-3477.0424817812627
512500	-3481.0464082445833
513000	-3469.724307191885
513500	-3462.149239796074
514000	-3474.7685566572204
514500	-3459.991777752086
515000	-3461.676331157577
515500	-3459.2136860394544
516000	-3476.824834702767
516500	-3467.794757027269
517000	-3496.4088695520622
517500	-3488.2748486294886
518000	-3489.305463255506
518500	-3477.651861953092
519000	-3471.7554096839513
519500	-3474.443781544673
520000	-3471.253474554054
520500	-3494.7844217229226
521000	-3474.0923280675397
521500	-3479.1386052002545
522000	-3474.9623909844054
522500	-3484.0550347330054
523000	-3490.3271105915637
523500	-3490.302107425563
524000	-3476.4165410401893
524500	-3472.4862854180255
525000	-3465.7377691660467
525500	-3463.2217833238496
526000	-3470.9024004667417
526500	-3457.5007283602426
527000	-3451.512044811593
527500	-3458.527057848141
528000	-3461.378024640687
528500	-3447.312868598996
529000	-3471.7932809342765
529500	-3481.2061047630345
530000	-3483.9738949956595
530500	-3461.1339660816834
531000	-3472.2940349833607
531500	-3470.157255588272
532000	-3479.983909185728
532500	-3478.319934132686
533000	-3470.329596234988
533500	-3476.9939216053212
534000	-3464.771001887774
534500	-3455.5793860231015
535000	-3450.393758298872
535500	-3438.1352407970558
536000	-3465.4662081332854
536500	-3465.9253290960537
537000	-3464.604598077682
537500	-3472.003713540922
538000	-3449.8953363901824
538500	-3449.8953363901824
539000	-3449.8953363901824
539500	-3449.8953363901824
540000	-3449.8953363901824
540500	-3449.8953363901824
541000	-3449.8953363901824
541500	-3449.8953363901824
542000	-3466.050490079847
542500	-3462.63326748817
543000	-3456.153614009237
543500	-3467.4762201666945
544000	-3465.434225820261
544500	-3465.89197189769
545000	-3459.018440002567
545500	-3454.1719593956495
546000	-3471.222883001395
546500	-3484.5696269195428
547000	-3489.439421621154
547500	-3486.19632705894
548000	-3516.978691549514
548500	-3486.4403209484485
549000	-3494.1482856145794
549500	-3489.6893606566337
550000	-3478.4055784343295
550500	-3479.9374126092125
551000	-3449.977234776232
551500	-3459.500477832344
552000	-3473.3389764890962
552500	-3455.1296417748326
553000	-3469.7941722759056
553500	-3466.9038381951264
554000	-3462.5117045648312
554500	-3450.3016900554126
555000	-3486.220051404763
555500	-3463.547338656868
556000	-3451.93052386457
556500	-3455.898811224022
557000	-3461.994562719201
557500	-3464.460476876861
558000	-3482.2449657134443
558500	-3474.2914723121567
559000	-3465.609385814978
559500	-3473.765464585344
560000	-3483.7655961683326
560500	-3500.4666173810338
561000	-3464.346566839413
561500	-3464.4711538977185
562000	-3472.0882829853836
562500	-3458.7196974360286
563000	-3463.6503191827874
563500	-3457.2728806801924
564000	-3473.8652042874496
564500	-3469.4732180950764
565000	-3460.424014788972
565500	-3467.490929768336
566000	-3458.537485014621
566500	-3452.808904666137
567000	-3458.226287963221
567500	-3463.215812986029
568000	-3450.5281596699488
568500	-3451.266291294744
569000	-3467.001535942654
569500	-3443.439526003679
570000	-3454.0159853906557
570500	-3439.264773943258
571000	-3457.967938545511
571500	-3460.5424986527605
572000	-3438.848087409924
572500	-3444.46146708179
573000	-3456.1523739138606
573500	-3451.155679704394
574000	-3470.1812031388727
574500	-3452.2837588504754
575000	-3455.3639080768735
575500	-3461.520361314457
576000	-3465.243526593618
576500	-3458.83123105561
577000	-3457.784978582263
577500	-3467.4811583158735
578000	-3449.61554996228
578500	-3465.292417520568
579000	-3465.7487904129384
579500	-3448.435302261266
580000	-3455.384200401312
580500	-3454.1902687816228
581000	-3461.0724664686923
581500	-3441.887834506434
582000	-3469.196455132743
582500	-3447.4092989744604
583000	-3458.221016066552
583500	-3457.8847027200727
584000	-3470.6992015366027
584500	-3476.643573776442
585000	-3461.8691641929054
585500	-3484.2562522167736
586000	-3452.8348833025475
586500	-3465.1145742676
587000	-3454.9520806480614
587500	-3460.7143400534496
588000	-3448.9244028822277
588500	-3453.221470995044
589000	-3453.1361274373435
589500	-3455.2852185322554
590000	-3453.315563585798
590500	-3459.74174474872
591000	-3476.2254957951804
591500	-3462.457073503752
592000	-3466.2650727887894
592500	-3462.8063520325873
593000	-3477.7669855983218
593500	-3488.578932213187
594000	-3476.6658054393597
594500	-3450.6515710863114
595000	-3454.3926831998433
595500	-3444.4345553481307
596000	-3453.7867226661083
596500	-3485.3596177904305
597000	-3473.3242373896887
597500	-3466.226963695717
598000	-3466.500085235747
598500	-3460.83923411144
599000	-3473.38494677221
599500	-3461.8727095050317
600000	-3458.6694629625663
600500	-3454.6346455840035
601000	-3464.4400598496786
601500	-3471.7368641506746
602000	-3459.149333599902
602500	-3460.8323976387883
603000	-3472.3493525824406
603500	-3448.202830904541
604000	-3466.5941913120346
604500	-3457.7938310785657
605000	-3473.307672829143
605500	-3466.032345394537
606000	-3475.8796350115936
606500	-3462.380932445923
607000	-3491.8255260274514
607500	-3451.804415182767
608000	-3472.3660974491645
608500	-3485.4201378504654
609000	-3469.1943892458003
609500	-3451.913230735836
610000	-3442.166362465852
610500	-3457.73257417641
611000	-3453.242206534485
611500	-3461.9614649567525
612000	-3473.260153380171
612500	-3465.7865509121516
613000	-3453.5647055230716
613500	-3448.819041130277
614000	-3443.8376523810484
614500	-3454.485066502036
615000	-3471.7606074297873
615500	-3455.756302138718
616000	-3463.756259781362
616500	-3452.7600827380265
617000	-3450.8953963848526
617500	-3444.513556440945
618000	-3455.187830954993
618500	-3452.2849216264267
619000	-3454.503678454081
619500	-3464.939928895578
620000	-3447.5185510682095
620500	-3459.02179630773
621000	-3446.3868638420927
621500	-3460.6532901960454
622000	-3461.695260884181
622500	-3443.297018567329
623000	-3452.111781278554
623500	-3450.359729005501
624000	-3463.26361388558
624500	-3452.1962898444685
625000	-3462.926694704714
625500	-3471.8985610107547
626000	-3461.324296958645
626500	-3456.4853528110607
627000	-3461.6443638274945
627500	-3471.4138897200937
628000	-3461.5712750348926
628500	-3458.2152186706026
629000	-3462.235403674899
629500	-3452.2325838161687
630000	-3477.0784449220673
630500	-3460.097051230545
631000	-3460.825113748719
631500	-3463.839662802249
632000	-3465.354239498806
632500	-3473.435007372145
633000	-3469.4850982237003
633500	-3468.8157417750367
634000	-3482.5023678680577
634500	-3470.1882968144773
635000	-3461.822178540331
635500	-3447.643615153133
636000	-3457.6001194619134
636500	-3457.9998381607556
637000	-3457.5489931645716
637500	-3474.183903414529
638000	-3447.217927118786
638500	-3457.790701423467
639000	-3461.8744124588657
639500	-3447.346743223625
640000	-3458.935216187927
640500	-3466.244791179055
641000	-3468.6858828816444
641500	-3465.334180176291
642000	-3459.9270990228038
642500	-3457.848724777923
643000	-3463.406875419658
643500	-3449.838418027152
644000	-3460.9151400135224
644500	-3463.940733123566
645000	-3455.452269249681
645500	-3478.1405616698326
646000	-3476.6782024854842
646500	-3462.894359400601
647000	-3454.428531770029
647500	-3449.579172519545
648000	-3452.6323484469012
648500	-3447.560413759967
649000	-3448.0621599284764
649500	-3484.8731391008146
650000	-3460.680417913786
650500	-3462.513606326812
651000	-3483.6537917942087
651500	-3487.698268549308
652000	-3470.7841824434877
652500	-3471.171183619038
653000	-3481.301734379322
653500	-3464.4109737912304
654000	-3467.3212345489396
654500	-3468.900877444025
655000	-3456.099128650302
655500	-3457.6916676424817
656000	-3454.5397483241186
656500	-3454.2994403725515
657000	-3462.259338384797
657500	-3472.4435441887626
658000	-3443.1396801341866
658500	-3455.8533509928247
659000	-3448.7010976357074
659500	-3471.1839547949435
660000	-3464.944007415873
660500	-3464.7528690195622
661000	-3463.4503088653973
661500	-3466.999038865942
662000	-3481.4127518085165
662500	-3458.798308936694
663000	-3460.2100234818367
663500	-3460.2151671868287
664000	-3475.333117711441
664500	-3456.5185832253187
665000	-3454.401017730581
665500	-3476.6323869868456
666000	-3458.888143382169
666500	-3492.3820122514617
667000	-3473.633121182165
667500	-3477.6585533715183
668000	-3458.3506343502554
668500	-3466.5882797913328
669000	-3471.847290152653
669500	-3484.734633295248
670000	-3479.1207511156604
670500	-3460.307737923411
671000	-3453.6967345289545
671500	-3461.3202166679675
672000	-3451.880059408076
672500	-3438.457175343429
673000	-3454.339237743855
673500	-3488.8948539182575
674000	-3481.6251153828616
674500	-3462.55886903324
675000	-3457.1243797344127
675500	-3451.704436875362
676000	-3444.288120239223
676500	-3449.778562046141
677000	-3467.206185338522
677500	-3449.3979059437706
678000	-3446.7819984594917
678500	-3458.2599854550685
679000	-3444.9377073530586
679500	-3449.881915443321
680000	-3468.3589936148664
680500	-3463.197783653743
681000	-3464.752671195998
681500	-3498.5660155992737
682000	-3490.646851505433
682500	-3462.793215521957
683000	-3453.817299201525
683500	-3468.6809716358475
684000	-3472.4026539042547
684500	-3458.4675002580975
685000	-3458.530725867415
685500	-3479.823800069849
686000	-3467.338622069886
686500	-3465.370305797721
687000	-3451.9764981907797
687500	-3465.6098922499937
688000	-3455.052869750528
688500	-3463.8686127723972
689000	-3454.8786242230885
689500	-3462.1520266027633
690000	-3460.781997014715
690500	-3462.102651412291
691000	-3450.5115306218067
691500	-3444.237889528659
692000	-3453.4885893065984
692500	-3464.6285686928395
693000	-3494.227619739675
693500	-3454.708867315368
694000	-3463.4930501056533
694500	-3443.7334247714675
695000	-3454.3177813149573
695500	-3450.676830344445
696000	-3459.0019547979864
696500	-3445.0782065183926
697000	-3453.8344558342387
697500	-3448.8025053776673
698000	-3454.4697991621574
698500	-3461.684903502269
699000	-3451.2449133649443
699500	-3469.7450970659147
700000	-3455.4964621666854
700500	-3462.664270370545
701000	-3463.0676568933372
701500	-3452.369572818159
702000	-3450.496364506021
702500	-3460.277666635697
703000	-3471.250653494419
703500	-3455.739415334268
704000	-3462.8866400092925
704500	-3462.5964714888837
705000	-3474.925285795361
705500	-3462.077221819668
706000	-3470.914724600934
706500	-3478.7561306138364
707000	-3477.582902383014
707500	-3459.962946387507
708000	-3450.5430996591344
708500	-3461.2171514947345
709000	-3481.1710617419367
709500	-3452.371398552554
710000	-3457.7829987371997
710500	-3457.521891594058
711000	-3455.9841082223084
711500	-3457.491410300377
712000	-3455.19166806981
712500	-3440.693346746362
713000	-3446.9488568701804
713500	-3469.8805638111035
714000	-3440.666290400955
714500	-3444.527369269969
715000	-3458.9409501370374
715500	-3462.028825677051
716000	-3462.300461021881
716500	-3459.9727803578544
717000	-3473.214614272333
717500	-3456.711142439065
718000	-3478.320830062522
718500	-3468.5075419281966
719000	-3458.1063882598614
719500	-3458.147146901392
720000	-3455.091845559956
720500	-3466.6662945604353
721000	-3474.4775671336397
721500	-3468.757711064725
722000	-3481.7634717480237
722500	-3460.704562760708
723000	-3476.813380342771
723500	-3480.240814253675
724000	-3498.0489124008323
724500	-3463.821198260798
725000	-3467.577084435166
725500	-3463.491608097169
726000	-3466.570941044984
726500	-3466.4981547671664
727000	-3459.494811714176
727500	-3452.9083073708343
728000	-3463.781887917068
728500	-3475.1099109460224
729000	-3455.9453553085436
729500	-3455.423308212002
730000	-3460.894479854517
730500	-3463.5191509191827
731000	-3455.6051951814165
731500	-3456.529133256411
732000	-3494.2660140617213
732500	-3457.31194299478
733000	-3465.347802364981
733500	-3463.311813851589
734000	-3475.8657636471357
734500	-3472.4565069519713
735000	-3467.327116532349
735500	-3460.2187732465345
736000	-3464.324317996684
736500	-3481.5547760396917
737000	-3474.2542093198913
737500	-3470.0049525453055
738000	-3469.8014264567464
738500	-3473.4341454052424
739000	-3491.007145556388
739500	-3477.8961641787023
740000	-3474.944632081332
740500	-3457.3494631488506
741000	-3453.8459271941624
741500	-3456.2731855650136
742000	-3457.908538595262
742500	-3478.4780097822963
743000	-3455.122269115042
743500	-3467.689927043123
744000	-3456.9470217857333
744500	-3450.7342398915853
745000	-3462.775403163498
745500	-3449.911669481885
746000	-3446.1336579340928
746500	-3448.9547335173597
747000	-3455.7895141452336
747500	-3452.8097048877858
748000	-3457.890134448287
748500	-3452.622971938027
749000	-3456.1471456888753
749500	-3455.5243300497013
750000	-3470.6804987013925
750500	-3461.8048861645457
751000	-3467.3708863718725
751500	-3452.751431156745
752000	-3454.111783200037
752500	-3449.5616674031
753000	-3460.0268877494514
753500	-3479.1613382392225
754000	-3454.1820784942424
754500	-3476.579467851646
755000	-3489.4400644665548
755500	-3476.525935661365
756000	-3472.661489390843
756500	-3494.4608534584304
757000	-3467.9204231148356
757500	-3450.3713305579386
758000	-3455.5172079445906
758500	-3461.470750594341
759000	-3459.1550018713783
759500	-3471.11274135322
760000	-3462.0358101029274
760500	-3493.4460744202465
761000	-3472.865995416192
761500	-3469.250861721529
762000	-3452.086297945732
762500	-3462.2568329339624
763000	-3469.415298180367
763500	-3456.2988255726896
764000	-3448.6460815605715
764500	-3445.9230322002018
765000	-3461.854412219856
765500	-3455.3113775667903
766000	-3449.627169586032
766500	-3468.438213211975
767000	-3478.945099637958
767500	-3475.827176667175
768000	-3467.5239167150867
768500	-3475.213393032443
769000	-3453.772817184055
769500	-3472.746071948528
770000	-3470.1067198075993
770500	-3460.9804851624945
771000	-3466.791564970903
771500	-3464.1410788956505
772000	-3459.588266311143
772500	-3459.155290169137
773000	-3461.344570201879
773500	-3460.2486281757037
774000	-3465.7630973105383
774500	-3484.072761471574
775000	-3450.345967255336
775500	-3452.38523082639
776000	-3457.8243384226726
776500	-3460.386751969268
777000	-3453.6655117368196
777500	-3453.677369187565
778000	-3456.354251451787
778500	-3455.207983277776
779000	-3457.101581464037
779500	-3451.3079521559775
780000	-3460.529996901471
780500	-3456.385671052189
781000	-3471.7042964213824
781500	-3456.2840563427503
782000	-3465.5249223534624
782500	-3477.6552793692476
783000	-3463.187911827176
783500	-3471.398905604991
784000	-3457.8953083741694
784500	-3464.4962048792395
785000	-3477.412566803682
785500	-3464.9776118618042
786000	-3463.037843253689
786500	-3460.6692978782403
787000	-3468.740890479126
787500	-3448.037815240969
788000	-3449.5489432888094
788500	-3444.282934991064
789000	-3450.0246465326477
789500	-3479.4917056376244
790000	-3480.169887988916
790500	-3458.30146852344
791000	-3477.0385509461444
791500	-3455.386804298736
792000	-3462.7302694798386
792500	-3467.0280224443536
793000	-3461.889200735714
793500	-3470.1573897351323
794000	-3459.739524266207
794500	-3466.7939340896137
795000	-3469.0603087458994
795500	-3469.3128079259245
796000	-3469.6307348685964
796500	-3466.997406957741
797000	-3460.935843527602
797500	-3464.658905695026
798000	-3457.5657407104572
798500	-3443.6059720536728
799000	-3453.5258395363658
799500	-3466.578619914567
800000	-3474.3969113062653
800500	-3456.741526349632
801000	-3454.0146041161333
801500	-3461.922762636379
802000	-3447.648588619277
802500	-3447.5913700973338
803000	-3451.3788226052566
803500	-3451.3426029745733
804000	-3468.5269450038422
804500	-3462.727072529156
805000	-3458.2041545766474
805500	-3480.838706614696
806000	-3470.961498216373
806500	-3458.534978428337
807000	-3475.5129368222765
807500	-3466.14851855748
808000	-3469.823712356738
808500	-3483.1942783628347
809000	-3458.294844525182
809500	-3476.5099770230136
810000	-3463.0987495784243
810500	-3447.595555321184
811000	-3467.730876192091
811500	-3456.659097830132
812000	-3440.995140747163
812500	-3449.21646529999
813000	-3453.3230663262366
813500	-3473.969736219523
814000	-3454.73096617872
814500	-3452.3806932813172
815000	-3450.352832065778
815500	-3469.658210386158
816000	-3476.909232940329
816500	-3451.608923407099
817000	-3483.703793981355
817500	-3449.170350996074
818000	-3464.827031337815
818500	-3461.1733951050483
819000	-3463.6540291849556
819500	-3457.865889416146
820000	-3459.5092540578635
820500	-3451.7767935008233
821000	-3466.5324091343928
821500	-3464.020490086056
822000	-3452.7733044259553
822500	-3496.859464062391
823000	-3483.9151533676263
823500	-3474.2453260295256
824000	-3486.3560710037427
824500	-3457.5003278653144
825000	-3459.9446784881748
825500	-3456.0415726263054
826000	-3456.6226084338477
826500	-3462.123401592925
827000	-3451.136121754003
827500	-3440.293416022458
828000	-3468.534263240288
828500	-3454.3661255766697
829000	-3469.3766126791643
829500	-3474.9199654273307
830000	-3484.515903068054
830500	-3493.0663006694003
831000	-3486.8042092387086
831500	-3481.3043856188997
832000	-3465.877476322461
832500	-3465.8109537111955
833000	-3461.586944340753
833500	-3456.7678260722155
834000	-3468.93993792381
834500	-3468.4331619379686
835000	-3465.9457854096686
835500	-3464.297707336368
836000	-3456.1083677172014
836500	-3452.808521855656
837000	-3459.558647476873
837500	-3451.3781781237726
838000	-3468.448369191232
838500	-3463.565154880214
839000	-3482.320266320156
839500	-3464.608681377216
840000	-3468.637627344363
840500	-3457.25252743522
841000	-3452.074650972413
841500	-3454.9677561192093
842000	-3469.650928069303
842500	-3461.89360069375
843000	-3460.3360706211315
843500	-3451.900562263913
844000	-3452.032278559286
844500	-3462.253936066996
845000	-3456.0722518847665
845500	-3457.8420769312916
846000	-3447.556692457482
846500	-3446.4288314703554
847000	-3452.6085968412704
847500	-3461.6860943129304
848000	-3473.2942280450907
848500	-3468.047682104933
849000	-3459.6524555309934
849500	-3464.3636655630703
850000	-3462.7845890364115
850500	-3476.334344490722
851000	-3457.478826165419
851500	-3460.840977344197
852000	-3469.8133598071136
852500	-3455.500730496385
853000	-3461.2524101463864
853500	-3452.008811091801
854000	-3463.6517925101825
854500	-3452.8161882784843
855000	-3444.803693379159
855500	-3458.398931676927
856000	-3451.7084667647637
856500	-3453.3207100601903
857000	-3464.8982402296992
857500	-3461.7545609482577
858000	-3453.441192203449
858500	-3471.9749391027567
859000	-3454.3469793278346
859500	-3447.514025299187
860000	-3455.4730478194633
860500	-3454.3127897470486
861000	-3445.68190183651
861500	-3464.5931631712515
862000	-3454.9338518139716
862500	-3469.2486855903303
863000	-3466.388791240351
863500	-3448.6517513985173
864000	-3453.385061836662
864500	-3464.127372612866
865000	-3474.086687140584
865500	-3463.111391498378
866000	-3466.4258252295
866500	-3470.1926929737688
867000	-3458.802608017335
867500	-3468.106553733786
868000	-3465.681571535737
868500	-3473.5211579586494
869000	-3454.390074689682
869500	-3466.765703992603
870000	-3477.173958324407
870500	-3468.3730814177898
871000	-3469.1869407015893
871500	-3473.3942842840297
872000	-3461.39680170912
872500	-3471.679572243191
873000	-3452.2487892238396
873500	-3459.0123101749737
874000	-3473.4058816058564
874500	-3488.2043649302086
875000	-3464.8477178165026
875500	-3473.6126986661566
876000	-3465.0796512652246
876500	-3492.3389928695747
877000	-3472.6109092004926
877500	-3475.8560856359063
878000	-3478.0974454347074
878500	-3469.1771429418745
879000	-3450.0204572945217
879500	-3461.241475081165
880000	-3464.9546478120956
880500	-3451.191010616212
881000	-3458.601232377308
881500	-3461.72455521205
882000	-3462.6769940317217
882500	-3471.904151266961
883000	-3464.1334120098054
883500	-3452.3035842412655
884000	-3462.2719582827344
884500	-3462.559059711119
885000	-3453.207783509119
885500	-3453.307608163727
886000	-3465.625762163171
886500	-3460.396865931031
887000	-3456.3464518292835
887500	-3462.048748849832
888000	-3468.904029832408
888500	-3456.8855113856525
889000	-3462.9761877327746
889500	-3456.0276591279458
890000	-3470.674515188139
890500	-3465.2756555905753
891000	-3462.5419486777027
891500	-3464.7110112078904
892000	-3448.1310626485533
892500	-3457.09272583243
893000	-3447.3627027702682
893500	-3454.1900661919167
894000	-3457.544333934026
894500	-3460.7299158423825
895000	-3470.6921667574884
895500	-3465.7045745191344
896000	-3473.2422363055857
896500	-3483.1111188000064
897000	-3466.0084177335884
897500	-3491.8670936662334
898000	-3455.564624031887
898500	-3455.8520739319415
899000	-3477.5645011787888
899500	-3456.7359325160623
900000	-3453.3907481803117
900500	-3465.9962456075777
901000	-3465.139008617283
901500	-3460.3884878112985
902000	-3459.078826661073
902500	-3456.9290808838105
903000	-3458.48355548443
903500	-3482.311584039092
904000	-3467.5174737193065
904500	-3455.8773939474313
905000	-3456.3199658756203
905500	-3459.6830896343067
906000	-3462.5080216045403
906500	-3479.8695032563096
907000	-3464.2109783168025
907500	-3457.4229818920376
908000	-3459.837863276005
908500	-3456.1101992670024
909000	-3455.2590575205195
909500	-3475.288887534959
910000	-3450.548569939436
910500	-3474.252258573674
911000	-3467.4750424061335
911500	-3468.5333124529043
912000	-3448.9502567162626
912500	-3454.2996865585314
913000	-3455.8986101327964
913500	-3444.156734910425
914000	-3464.5073723491573
914500	-3450.88275211393
915000	-3449.5509009170673
915500	-3446.8614468032924
916000	-3449.945110952971
916500	-3466.009268507344
917000	-3457.866601970519
917500	-3451.1192284548374
918000	-3456.706520127671
918500	-3456.4745696019963
919000	-3463.7363468135995
919500	-3450.036957810949
920000	-3445.511719522401
920500	-3455.115440282471
921000	-3463.6945947692293
921500	-3485.4808484842542
922000	-3462.8835207253765
922500	-3449.306286011075
923000	-3467.5053871179925
923500	-3452.4407165269167
924000	-3455.43875790248
924500	-3465.1337207062684
925000	-3447.225975881162
925500	-3444.549282611639
926000	-3456.9594201853893
926500	-3464.181924363136
927000	-3462.661416138343
927500	-3469.898170430908
928000	-3454.7393473560796
928500	-3447.841775287102
929000	-3477.2573013565975
929500	-3459.8356503058453
930000	-3463.811005856574
930500	-3450.2833874842904
931000	-3486.3867411137103
931500	-3458.1515370575908
932000	-3460.4917658065156
932500	-3452.0202057971537
933000	-3454.753611115598
933500	-3462.6361608278676
934000	-3470.41728091025
934500	-3473.050782323283
935000	-3453.8696082444176
935500	-3452.589487313478
936000	-3448.3569764105932
936500	-3453.8681404752115
937000	-3459.6377708353198
937500	-3470.3289356117907
938000	-3458.14024191017
938500	-3461.056385054957
939000	-3467.555909121376
939500	-3460.5855365764173
940000	-3478.441016249914
940500	-3476.9603408212774
941000	-3459.7260009249017
941500	-3464.246688651089
942000	-3468.723144415714
942500	-3445.232311527838
943000	-3461.2682478400993
943500	-3458.833532353236
944000	-3458.3981801210107
944500	-3461.6172187689917
945000	-3449.5374774597935
945500	-3470.7271414210195
946000	-3441.913736550497
946500	-3465.556228629639
947000	-3459.8379428157505
947500	-3485.432238323253
948000	-3481.160297333252
948500	-3474.7933442974063
949000	-3491.2546817130838
949500	-3482.4328023326043
950000	-3479.036617150561
950500	-3449.521924958237
951000	-3464.508170811964
951500	-3468.137601746158
952000	-3464.7727091836664
952500	-3474.36070611952
953000	-3471.7746363406736
953500	-3487.7132036596736
954000	-3455.663667109927
954500	-3460.253988070712
955000	-3450.5330195076795
955500	-3464.127693195376
956000	-3460.8039255008352
956500	-3481.135371631551
957000	-3469.256352846331
957500	-3453.8839059119664
958000	-3442.946962052732
958500	-3452.3574878820446
959000	-3457.0835204807317
959500	-3465.5948889442834
960000	-3455.17229003789
960500	-3466.9260008803694
961000	-3459.4540168637604
961500	-3451.016443667525
962000	-3452.506418100259
962500	-3460.542613256776
963000	-3452.5275165935445
963500	-3474.1164258416106
964000	-3454.415685202862
964500	-3451.2007884428585
965000	-3463.078530410446
965500	-3456.3984386873044
966000	-3442.8148682292076
966500	-3456.850153069675
967000	-3453.7780202499844
967500	-3445.4168136296494
968000	-3452.626304840797
968500	-3454.5499968606523
969000	-3463.0425191322456
969500	-3451.741104006384
970000	-3465.443523166304
970500	-3457.297788782139
971000	-3457.5346411901087
971500	-3462.4236338114647
972000	-3456.9341165746523
972500	-3463.856116934537
973000	-3464.6391158908773
973500	-3465.0860376507158
974000	-3459.8951422533696
974500	-3447.507658087329
975000	-3451.135470586054
975500	-3479.2055941204567
976000	-3471.0265450038187
976500	-3470.913040962591
977000	-3465.662820471248
977500	-3451.2663605933744
978000	-3451.4959034143008
978500	-3449.018921789218
979000	-3446.2042933944067
979500	-3464.658532348495
980000	-3476.965356199142
980500	-3465.0829198387346
981000	-3480.2224069553745
981500	-3479.135391362041
982000	-3470.2616740442063
982500	-3461.2100844308834
983000	-3463.4891366723823
983500	-3456.3303545629974
984000	-3442.3582001221675
984500	-3460.2129347154378
985000	-3446.4926361534285
985500	-3465.4803813478534
986000	-3457.80877348894
986500	-3450.323515830078
987000	-3456.090896659504
987500	-3446.69591830917
988000	-3469.997021709626
988500	-3449.548481451979
989000	-3444.9890421802734
989500	-3439.458233257318
990000	-3453.0542412495156
990500	-3447.385866632672
991000	-3475.144398978244
991500	-3473.422629507004
992000	-3471.3513338030402
992500	-3459.136545187875
993000	-3454.635266538053
993500	-3468.9725387943945
994000	-3460.4787519723527
994500	-3448.828620415795
995000	-3476.1020280213097
995500	-3463.5227040960617
996000	-3451.6410782978155
996500	-3452.3109444323713
997000	-3461.5743343897066
997500	-3466.165935781405
998000	-3466.2915850229483
998500	-3484.7873372392773
999000	-3487.3700791871884
999500	-3469.198735638012
1000000	-3474.425535427125
1000500	-3455.68585087331
1001000	-3462.1309220285066
1001500	-3454.9359903841687
1002000	-3450.316448346417
1002500	-3447.077009125927
1003000	-3448.3160161797546
1003500	-3453.3714572691156
1004000	-3438.0360809999574
1004500	-3441.262707450316
1005000	-3449.0659207603617
1005500	-3444.985573991924
1006000	-3450.584701831896
1006500	-3464.504290081602
1007000	-3453.934285862553
1007500	-3455.7979013599384
1008000	-3455.6110092356575
1008500	-3450.41484012026
1009000	-3457.435044704358
1009500	-3456.2388678800758
1010000	-3443.589186418523
1010500	-3445.3528520416303
1011000	-3459.6827731686067
1011500	-3451.159142616431
1012000	-3457.8790873579137
1012500	-3464.9357937322015
1013000	-3479.734448063551
1013500	-3463.1999308442882
1014000	-3449.085878165911
1014500	-3459.319052067538
1015000	-3466.8051718584243
1015500	-3465.9406157175795
1016000	-3466.107275237418
1016500	-3465.0060308241923
1017000	-3457.882130542465
1017500	-3453.8684132998796
1018000	-3452.794080122101
1018500	-3452.40228932491
1019000	-3455.8466489512384
1019500	-3460.491932001609
1020000	-3445.017711785945
1020500	-3476.8109837869542
1021000	-3465.6272245911814
1021500	-3449.417566425418
1022000	-3454.397373841926
1022500	-3453.017262431588
1023000	-3476.002800143514
1023500	-3474.3665571026004
1024000	-3466.2153299292067
1024500	-3460.155777443069
1025000	-3454.691641083878
1025500	-3457.5655371347507
1026000	-3475.228770234751
1026500	-3451.564150941838
1027000	-3459.640123735435
1027500	-3473.2285085160856
1028000	-3472.965277643909
1028500	-3473.881741304402
1029000	-3456.1241277222857
1029500	-3467.670596901359
1030000	-3467.0932279883955
1030500	-3454.5062427497037
1031000	-3457.1650228333265
1031500	-3460.946668353224
1032000	-3452.4810948793966
1032500	-3465.7291912790815
1033000	-3466.1958911934557
1033500	-3465.82667233695
1034000	-3455.1952377264483
1034500	-3452.533952862669
1035000	-3458.1213838172794
1035500	-3463.376911296326
1036000	-3478.356289647214
1036500	-3464.823764963111
1037000	-3458.7372361258344
1037500	-3455.6062615074575
1038000	-3457.2044986211176
1038500	-3471.491419548739
1039000	-3482.4435714008964
1039500	-3479.1727686728323
1040000	-3459.435664348589
1040500	-3460.3940419804667
1041000	-3451.2922970285413
1041500	-3446.241829257939
1042000	-3466.651189276488
1042500	-3473.649281851139
1043000	-3464.409023524309
1043500	-3471.6533228475337
1044000	-3465.9450785890317
1044500	-3466.172404577344
1045000	-3464.093350995699
1045500	-3457.2501171971835
1046000	-3452.8211252901356
1046500	-3460.4259591370783
1047000	-3461.7751591983415
1047500	-3460.6728187451067
1048000	-3461.8239334014943
1048500	-3458.990977481462
1049000	-3470.948217507029
1049500	-3484.699204700898
1050000	-3481.7959007847794
1050500	-3452.703766651949
1051000	-3458.3852748875215
1051500	-3461.2780046669795
1052000	-3491.409178675193
1052500	-3456.8087184462715
1053000	-3460.772685452225
1053500	-3468.226869934541
1054000	-3459.4838691844893
1054500	-3456.216535186873
1055000	-3452.7229873884617
1055500	-3452.088943277869
1056000	-3455.3206607357897
1056500	-3471.8736364505467
1057000	-3455.932187493125
1057500	-3447.187536897332
1058000	-3452.677839036746
1058500	-3464.822619028021
1059000	-3504.7874392299796
1059500	-3476.8226251292754
1060000	-3472.6482317596938
1060500	-3485.3839316771114
1061000	-3457.5370074125885
1061500	-3462.7097902492337
1062000	-3474.5427377529077
1062500	-3450.3631685698197
1063000	-3464.161861122738
1063500	-3465.946925921986
1064000	-3486.701463835082
1064500	-3466.7478865445664
1065000	-3469.26111418597
1065500	-3488.2721904442674
1066000	-3465.968555452772
1066500	-3459.7436617023473
1067000	-3450.263648635375
1067500	-3463.2265122652166
1068000	-3471.764236932145
1068500	-3458.722038216531
1069000	-3469.2806595220686
1069500	-3463.135635767943
1070000	-3463.763004380938
1070500	-3470.3003414074196
1071000	-3479.6349418585637
1071500	-3458.043419343676
1072000	-3471.8004155909307
1072500	-3481.23313165421
1073000	-3484.7980198621512
1073500	-3457.3955696189364
1074000	-3460.2873109936227
1074500	-3462.8910120420123
1075000	-3459.233405363015
1075500	-3466.8653703430978
1076000	-3474.2289689360705
1076500	-3471.865541703862
1077000	-3465.499493908987
1077500	-3464.5095054191124
1078000	-3477.567445819521
1078500	-3454.802597315285
1079000	-3462.0795849640845
1079500	-3469.3560426862837
1080000	-3486.2123997032895
1080500	-3486.5546158707416
1081000	-3469.910624504775
1081500	-3483.612200395443
1082000	-3478.9593441939296
1082500	-3450.5903665682654
1083000	-3461.622929333401
1083500	-3458.390464034625
1084000	-3459.52053874251
1084500	-3486.452948617916
1085000	-3467.04201389311
1085500	-3457.443799313695
1086000	-3457.8047986617344
1086500	-3490.081811136857
1087000	-3465.689667374058
1087500	-3464.7944572189112
1088000	-3468.553019164843
1088500	-3466.9313173552073
1089000	-3467.8560974857164
1089500	-3474.831247220213
1090000	-3485.938310767787
1090500	-3485.3067365164557
1091000	-3483.1904889902908
1091500	-3467.4591308318572
1092000	-3472.382705709106
1092500	-3473.593517725717
1093000	-3475.0278127418956
1093500	-3478.685508142627
1094000	-3458.1163073181388
1094500	-3486.9603943041516
1095000	-3485.417983490112
1095500	-3459.8875781923143
1096000	-3467.993112591712
1096500	-3467.0195145094713
1097000	-3456.358815788196
1097500	-3459.3812487917025
1098000	-3468.7441063139718
1098500	-3474.1077193177744
1099000	-3486.507373780692
1099500	-3487.1531048125553
1100000	-3496.1123109558466
1100500	-3477.685892136277
1101000	-3461.9048720927717
1101500	-3453.643638225757
1102000	-3450.190421485705
1102500	-3471.0284305644277
1103000	-3454.4868268056057
1103500	-3456.8866520231254
1104000	-3465.097657008911
1104500	-3454.0445696625816
1105000	-3459.5071871718187
1105500	-3464.820173279316
1106000	-3468.4861947660806
1106500	-3477.0433804528725
1107000	-3470.1320762484706
1107500	-3454.3759981937933
1108000	-3459.3419126527133
1108500	-3475.9404057415936
1109000	-3466.3522319772783
1109500	-3490.3152365838687
1110000	-3461.5949558586904
1110500	-3457.47559419207
1111000	-3465.6309132080405
1111500	-3469.51099589905
1112000	-3470.488401925285
1112500	-3468.4142964268085
1113000	-3467.3218389530816
1113500	-3483.7799203789227
1114000	-3468.154157657924
1114500	-3456.0513215682804
1115000	-3457.7402817997427
1115500	-3476.7161510377236
1116000	-3459.5305634356823
1116500	-3463.2807188102006
1117000	-3459.5483226935685
1117500	-3468.388475543257
1118000	-3452.52493149045
1118500	-3451.5738918984125
1119000	-3468.871864268103
1119500	-3468.6452318859338
1120000	-3471.150593368556
1120500	-3472.136464257112
1121000	-3473.7863288284257
1121500	-3467.4661301837427
1122000	-3481.9503340929
1122500	-3462.075097063225
1123000	-3492.4706136812933
1123500	-3463.4879119755487
1124000	-3458.561435753624
1124500	-3463.483534681316
1125000	-3472.5258138509093
1125500	-3469.2539261953057
1126000	-3478.5943308518013
1126500	-3470.3126365175603
1127000	-3463.191381396848
1127500	-3489.5865410371807
1128000	-3459.567517755872
1128500	-3459.053547237682
1129000	-3460.2480610796047
1129500	-3467.0980735228545
1130000	-3473.544003639894
1130500	-3462.233584096505
1131000	-3451.0071918266217
1131500	-3464.081771759139
1132000	-3466.4851946672525
1132500	-3489.904696189991
1133000	-3468.5339404847537
1133500	-3464.6335342716857
1134000	-3485.958798538016
1134500	-3489.1257686097956
1135000	-3492.81191137012
1135500	-3465.444686036017
1136000	-3487.1774006456913
1136500	-3510.4329164529645
1137000	-3480.1511647313414
1137500	-3485.9170150348473
1138000	-3488.4887038608767
1138500	-3486.4784553261193
1139000	-3450.3410052819095
1139500	-3452.811309435468
1140000	-3450.8125648013006
1140500	-3444.319330288658
1141000	-3450.9622261900618
1141500	-3454.189023075268
1142000	-3466.927307260679
1142500	-3455.0630683806307
1143000	-3474.309319431915
1143500	-3451.920568467883
1144000	-3458.362932925523
1144500	-3464.078718493308
1145000	-3462.5121508170128
1145500	-3447.276344533714
1146000	-3460.403661226908
1146500	-3467.917365304237
1147000	-3455.393673557578
1147500	-3458.3257663530712
1148000	-3464.919576151646
1148500	-3451.095392217016
1149000	-3467.953852762831
1149500	-3466.8081994082086
1150000	-3452.6854343993955
1150500	-3451.950091431345
1151000	-3450.8194482422796
1151500	-3449.0942827498793
1152000	-3445.2199166607456
1152500	-3451.879989341745
1153000	-3472.794767308405
1153500	-3467.8595591115095
1154000	-3462.043727083271
1154500	-3437.4986490217443
1155000	-3465.1738379823673
1155500	-3454.390906078525
1156000	-3455.001472397483
1156500	-3447.2040442269754
1157000	-3462.079552272004
1157500	-3462.046829595707
1158000	-3460.907576913698
1158500	-3460.865966209776
1159000	-3461.3642041681105
1159500	-3453.3197987931408
1160000	-3454.7694362186076
1160500	-3446.331875381656
1161000	-3454.783426008325
1161500	-3467.3139728383767
1162000	-3464.045582251782
1162500	-3466.625113933592
1163000	-3480.5629096416806
1163500	-3460.040501655487
1164000	-3457.703778952333
1164500	-3454.459757662856
1165000	-3450.64096226236
1165500	-3457.9670749147963
1166000	-3455.5756857514443
1166500	-3476.664504011325
1167000	-3460.4156335385474
1167500	-3449.608787214697
1168000	-3449.055517846568
1168500	-3454.8412626194845
1169000	-3462.4901881083524
1169500	-3472.9525849810097
1170000	-3452.484274392593
1170500	-3468.185188544791
1171000	-3465.3603092012686
1171500	-3462.0521284542056
1172000	-3465.6004811598277
1172500	-3455.7962734938897
1173000	-3467.915529481128
1173500	-3460.4476488117875
1174000	-3459.6867472778945
1174500	-3457.0285026517836
1175000	-3464.431751599761
1175500	-3459.381710521106
1176000	-3449.095743736148
1176500	-3460.787978188867
1177000	-3461.49832019913
1177500	-3468.469578322023
1178000	-3477.0267367787274
1178500	-3465.436885196118
1179000	-3464.46289587386
1179500	-3460.650037999521
1180000	-3456.8614263251375
1180500	-3447.8376320126804
1181000	-3461.5030328909925
1181500	-3455.7652389242203
1182000	-3454.9222795629103
1182500	-3451.8476361610683
1183000	-3442.6480457236635
1183500	-3445.6759188371307
1184000	-3449.4520756303564
1184500	-3445.0566397196426
1185000	-3457.2266786342184
1185500	-3453.956154243944
1186000	-3455.316956324416
1186500	-3448.7530635476455
1187000	-3458.2217013783415
1187500	-3463.679298505204
1188000	-3455.175067304929
1188500	-3447.1132247222026
1189000	-3460.3109941443727
1189500	-3451.464045052028
1190000	-3459.136172920857
1190500	-3457.826040813369
1191000	-3479.668192532903
1191500	-3445.456597133193
1192000	-3466.6076468299016
1192500	-3457.2388026535777
1193000	-3441.2562745998966
1193500	-3456.8857927024173
1194000	-3459.8465086826936
1194500	-3459.487495244792
1195000	-3463.455014198776
1195500	-3459.1360372494396
1196000	-3465.942126485185
1196500	-3464.5805319066903
1197000	-3467.5104965649934
1197500	-3457.736840301721
1198000	-3473.150335905211
1198500	-3457.931947303617
1199000	-3461.82129307182
1199500	-3451.9579883575725
1200000	-3469.394965827776
1200500	-3463.1874504504817
1201000	-3450.0607242489914
1201500	-3464.479919349524
1202000	-3461.4597816510504
1202500	-3451.2615162622515
1203000	-3453.153526120841
1203500	-3466.102441829814
1204000	-3464.2438790587908
1204500	-3453.568112017043
1205000	-3446.6489899732665
1205500	-3442.537663212564
1206000	-3458.028038358015
1206500	-3446.5793127114757
1207000	-3456.692055165426
1207500	-3447.7857971683807
1208000	-3468.502530361032
1208500	-3448.2688990500887
1209000	-3463.0977802947014
1209500	-3472.177398336171
1210000	-3452.3030677940583
1210500	-3471.1525720877326
1211000	-3462.672786647028
1211500	-3459.5654582471757
1212000	-3455.5651324850974
1212500	-3454.626428271539
1213000	-3445.7853340372544
1213500	-3462.3155524845743
1214000	-3449.7989230504404
1214500	-3464.0875392982434
1215000	-3453.46411300405
1215500	-3452.1279484383017
1216000	-3454.5270421614364
1216500	-3454.760751580113
1217000	-3442.0904730854663
1217500	-3453.2780648933895
1218000	-3457.264688626214
1218500	-3460.5290133381072
1219000	-3459.7879803943624
1219500	-3462.746186868566
1220000	-3461.459920450552
1220500	-3470.416782657608
1221000	-3462.7884868095075
1221500	-3462.394354441018
1222000	-3457.1845247489
1222500	-3470.374332577124
1223000	-3489.6677545082566
1223500	-3490.2680122100264
1224000	-3477.2342474907987
1224500	-3471.4573525468904
1225000	-3455.9532507560734
1225500	-3482.71375063337
1226000	-3475.788110641303
1226500	-3452.045362528314
1227000	-3460.0476124221
1227500	-3475.9170103204233
1228000	-3467.305610525688
1228500	-3456.1437642902088
1229000	-3462.5991833477797
1229500	-3476.969699261332
1230000	-3500.754535945519
1230500	-3497.7891764938913
1231000	-3494.5638848802023
1231500	-3494.5887165830486
1232000	-3504.4372414171307
1232500	-3477.7906834812347
1233000	-3483.432991594045
1233500	-3454.8177218464148
1234000	-3470.994023598103
1234500	-3473.4059231748547
1235000	-3466.9904610384965
1235500	-3478.8546202307334
1236000	-3470.4413184157106
1236500	-3453.460164069785
1237000	-3461.2166945356967
1237500	-3449.374952954679
1238000	-3452.4396913165106
1238500	-3449.633593150877
1239000	-3462.720077981464
1239500	-3449.2099411611657
1240000	-3458.8880497157857
1240500	-3464.547621483789
1241000	-3448.065585764629
1241500	-3448.5904700466044
1242000	-3469.9181108011417
1242500	-3475.667267459719
1243000	-3467.132931704425
1243500	-3466.740755021733
1244000	-3463.9881624023
1244500	-3498.8382615978785
1245000	-3489.851183508268
1245500	-3455.5410117933407
1246000	-3448.171313717136
1246500	-3450.591028233643
1247000	-3443.2347511480666
1247500	-3458.029742620016
1248000	-3445.2702949464883
1248500	-3440.3134867120207
1249000	-3439.928340106254
1249500	-3452.7604312537446
1250000	-3472.5827535646267
1250500	-3458.2138599014997
1251000	-3461.7760124964652
1251500	-3462.2135095623685
1252000	-3463.9883533127195
1252500	-3466.0174083041293
1253000	-3470.9085701226213
1253500	-3481.892543593538
1254000	-3471.488611451309
1254500	-3464.5406054006758
1255000	-3471.91111620538
1255500	-3458.1079503503984
1256000	-3466.471074274391
1256500	-3474.5277548315717
1257000	-3463.9033980490553
1257500	-3463.360944436374
1258000	-3479.418611414537
1258500	-3469.0079764048724
1259000	-3460.0629353803843
1259500	-3475.2504132686954
1260000	-3463.3175030196926
1260500	-3473.314152816163
1261000	-3481.0221984363966
1261500	-3481.9161196673253
1262000	-3469.31838217266
1262500	-3462.4547788276072
1263000	-3457.3439482160543
1263500	-3483.859324190502
1264000	-3458.695681867064
1264500	-3483.2834811689618
1265000	-3478.9318915698414
1265500	-3469.7237391893073
1266000	-3458.320539175116
1266500	-3456.558748169026
1267000	-3465.925019536916
1267500	-3471.279564506095
1268000	-3463.4660976889927
1268500	-3470.963227085524
1269000	-3465.1086785308844
1269500	-3459.740462724624
1270000	-3455.6452681197416
1270500	-3456.4416140897647
1271000	-3470.2790169470127
1271500	-3462.103981544507
1272000	-3446.294458286533
1272500	-3473.5733751216076
1273000	-3474.9602217467414
1273500	-3469.930904319557
1274000	-3449.974112946634
1274500	-3459.2705892441622
1275000	-3464.338202333797
1275500	-3472.8893471449005
1276000	-3456.807655504489
1276500	-3471.9605207812424
1277000	-3466.9406242154078
1277500	-3474.9438364582375
1278000	-3483.8809836410546
1278500	-3473.6629090070282
1279000	-3493.209823055613
1279500	-3487.480913068776
1280000	-3457.258275244923
1280500	-3454.931282241795
1281000	-3462.351215537746
1281500	-3467.660302812566
1282000	-3468.4550000064833
1282500	-3461.0511188728583
1283000	-3455.408826449248
1283500	-3463.902352347908
1284000	-3469.1901302509923
1284500	-3478.9965698566257
1285000	-3458.9386928489157
1285500	-3453.9842168052583
1286000	-3452.344665141156
1286500	-3474.1805169089025
1287000	-3476.799716899691
1287500	-3470.421513470187
1288000	-3469.2615379718363
1288500	-3450.6715283253884
1289000	-3471.430434763396
1289500	-3496.3483937068527
1290000	-3494.013153519747
1290500	-3471.0303304412014
1291000	-3450.1656337868712
1291500	-3469.456379516235
1292000	-3455.817647434642
1292500	-3480.860613858215
1293000	-3456.996829553948
1293500	-3452.296147458345
1294000	-3455.823895671705
1294500	-3469.499697589671
1295000	-3444.3386020679227
1295500	-3455.7560100473256
1296000	-3466.5154115954065
1296500	-3471.95976990808
1297000	-3463.343855754047
1297500	-3459.4189588739328
1298000	-3470.8570333853854
1298500	-3456.6959343976946
1299000	-3458.198354804853
1299500	-3441.8041217920727
1300000	-3465.9469734181785
1300500	-3451.650685408952
1301000	-3453.312951539346
1301500	-3438.133824634605
1302000	-3447.0825161289386
1302500	-3453.5596415470213
1303000	-3452.6562607262267
1303500	-3445.48292797468
1304000	-3454.9693315697846
1304500	-3443.2025343720397
1305000	-3454.8616953000883
1305500	-3469.916631367856
1306000	-3453.7124524395203
1306500	-3447.7738533779484
1307000	-3446.4932770759488
1307500	-3456.615301947502
1308000	-3466.5664334468115
1308500	-3482.4179630774456
1309000	-3452.690320516948
1309500	-3449.2139527907634
1310000	-3446.707795873279
1310500	-3460.816998572198
1311000	-3475.9583882601673
1311500	-3456.676244918706
1312000	-3461.68290540806
1312500	-3483.0674201471174
1313000	-3465.262054110724
1313500	-3463.811332309502
1314000	-3454.6571545861507
1314500	-3458.2714786082593
1315000	-3447.5899342667262
1315500	-3452.070391064107
1316000	-3469.1160706157534
1316500	-3456.897674293248
1317000	-3468.853100280678
1317500	-3472.2226938136664
1318000	-3464.4626014587598
1318500	-3454.8885593199125
1319000	-3471.887856609614
1319500	-3475.9981882625893
1320000	-3471.3564200852397
1320500	-3465.2162193329195
1321000	-3487.859928830353
1321500	-3449.5926673614313
1322000	-3453.0505519299277
1322500	-3457.231875400131
1323000	-3472.5765003610163
1323500	-3451.4591850817906
1324000	-3459.1355485634376
1324500	-3453.879011813882
1325000	-3464.1471840246363
1325500	-3462.644876341224
1326000	-3460.030966803373
1326500	-3464.842463430546
1327000	-3467.589617719195
1327500	-3444.6823426973497
1328000	-3456.54704849685
1328500	-3458.295129415314
1329000	-3475.0880635525714
1329500	-3456.5861960329853
1330000	-3457.9989876258583
1330500	-3463.6146998993368
1331000	-3480.7162857889352
1331500	-3445.9461036725197
1332000	-3454.799362566693
1332500	-3451.4419621663324
1333000	-3478.0259484159615
1333500	-3465.2868119696977
1334000	-3443.6887807285134
1334500	-3480.999826377181
1335000	-3478.6128082541863
1335500	-3463.8684664026646
1336000	-3457.0539020220785
1336500	-3447.348754586084
1337000	-3462.869678080814
1337500	-3479.9252537461766
1338000	-3453.4779241450437
1338500	-3456.507989953399
1339000	-3459.4147489317306
1339500	-3467.4793467071345
1340000	-3462.332431697622
1340500	-3508.5717751065304
1341000	-3469.253550939873
1341500	-3468.3910875740926
1342000	-3485.549625306973
1342500	-3468.4553548536833
1343000	-3467.4732032438683
1343500	-3464.2365284920547
1344000	-3480.6577471640935
1344500	-3450.8929430238104
1345000	-3459.9254593643645
1345500	-3485.5818122539717
1346000	-3467.512773207742
1346500	-3472.826519885098
1347000	-3456.34340321713
1347500	-3458.005154908667
1348000	-3468.4889645663065
1348500	-3459.381158201562
1349000	-3450.446713346706
1349500	-3461.0300947641317
1350000	-3456.890501702868
1350500	-3468.3763187026548
1351000	-3464.432701695987
1351500	-3455.4443303913895
1352000	-3461.408522295832
1352500	-3449.2756633849117
1353000	-3471.2748072791665
1353500	-3463.845094503984
1354000	-3473.679070597163
1354500	-3472.286626149528
1355000	-3470.1283659296373
1355500	-3460.741686784976
1356000	-3462.2262799787713
1356500	-3460.7992124101256
1357000	-3460.9360682433576
1357500	-3493.561156845767
1358000	-3501.438878712044
1358500	-3462.0879946361456
1359000	-3472.8721804489505
1359500	-3474.293317430835
1360000	-3475.4321439917603
1360500	-3458.668244074127
1361000	-3463.586539950382
1361500	-3460.3542872147805
1362000	-3472.76349887662
1362500	-3489.2317024459458
1363000	-3476.562791116475
1363500	-3492.5423503768725
1364000	-3473.384412818706
1364500	-3484.41281777354
1365000	-3466.3652930312337
1365500	-3451.225910190972
1366000	-3459.448619646698
1366500	-3472.171511316255
1367000	-3459.929649157393
1367500	-3465.9234627571223
1368000	-3461.7259170333973
1368500	-3442.775316010339
1369000	-3454.493791822447
1369500	-3449.185792436896
1370000	-3455.074467998738
1370500	-3443.9527226872933
1371000	-3466.6774263155894
1371500	-3466.1933226041824
1372000	-3438.907075824473
1372500	-3462.707126898853
1373000	-3440.3693447785313
1373500	-3452.439233105769
1374000	-3452.1959450482145
1374500	-3464.563268166414
1375000	-3472.382999747041
1375500	-3465.9752299985585
1376000	-3461.2559914332355
1376500	-3461.334537856472
1377000	-3455.857634474422
1377500	-3456.714253971129
1378000	-3463.7297696085566
1378500	-3467.1054013371186
1379000	-3450.5240822381584
1379500	-3459.474842303396
1380000	-3450.1788959681403
1380500	-3459.3642690465554
1381000	-3460.5513261843053
1381500	-3457.0813190592576
1382000	-3470.0831117910548
1382500	-3454.9416908095036
1383000	-3454.3255558339483
1383500	-3442.893833136663
1384000	-3453.3664663418926
1384500	-3461.048869321039
1385000	-3447.710523930687
1385500	-3461.4655741773454
1386000	-3465.775533508752
1386500	-3451.8254136143055
1387000	-3455.149252067975
1387500	-3459.344721515244
1388000	-3462.9605618201053
1388500	-3468.98333464796
1389000	-3464.949869281511
1389500	-3459.6309429089215
1390000	-3448.4401752651247
1390500	-3461.0780490208413
1391000	-3474.8351700852777
1391500	-3468.5003571169727
1392000	-3461.4015326554522
1392500	-3471.6485939627305
1393000	-3466.8296520192166
1393500	-3463.9880672316963
1394000	-3472.0493322382176
1394500	-3480.1256263219566
1395000	-3477.641041580488
1395500	-3474.5226244424503
1396000	-3473.487045106378
1396500	-3478.4279096068517
1397000	-3477.17184589599
1397500	-3490.8896233518653
1398000	-3476.967790116867
1398500	-3476.278501837294
1399000	-3451.894009318053
1399500	-3455.0882850029743
1400000	-3464.9027003627243
1400500	-3467.8812494974595
1401000	-3460.6324585271614
1401500	-3464.247610453257
1402000	-3455.8487680384583
1402500	-3471.8571790235746
1403000	-3463.666071525777
1403500	-3462.7087677816517
1404000	-3454.4489731788535
1404500	-3456.49354902526
1405000	-3448.714433557966
1405500	-3483.2096166218857
1406000	-3472.1492529353377
1406500	-3451.4281629035695
1407000	-3447.464492608291
1407500	-3444.0713754505387
1408000	-3463.895476270512
1408500	-3454.9080268537014
1409000	-3459.3847170350546
1409500	-3444.4245585118533
1410000	-3458.22002001721
1410500	-3455.473698554907
1411000	-3460.629375566921
1411500	-3468.449743610405
1412000	-3473.294468029399
1412500	-3456.1390918893712
1413000	-3463.5262983098605
1413500	-3452.6903737176194
1414000	-3462.2186247829272
1414500	-3450.88715889903
1415000	-3458.6722088801002
1415500	-3458.9812139745536
1416000	-3463.6919219650754
1416500	-3446.198218270788
1417000	-3448.3860882927984
1417500	-3464.2928622249665
1418000	-3470.114915090676
1418500	-3451.644074778754
1419000	-3458.7233241735944
1419500	-3461.571092717795
1420000	-3461.161272263069
1420500	-3470.659550951296
1421000	-3458.7103709551284
1421500	-3461.8103517973504
1422000	-3463.1305479383823
1422500	-3453.6304887751376
1423000	-3471.015460772371
1423500	-3454.972882040138
1424000	-3467.0868190377014
1424500	-3472.597009046053
1425000	-3479.3072578286506
1425500	-3469.9973359090577
1426000	-3465.616799748691
1426500	-3459.364074941545
1427000	-3465.020295868947
1427500	-3454.4600354647114
1428000	-3443.8295104018753
1428500	-3468.4287952423992
1429000	-3468.937231859818
1429500	-3452.9977694497284
1430000	-3468.3434922200877
1430500	-3445.176321403784
1431000	-3455.0783381753076
1431500	-3453.702626894106
1432000	-3443.2353958702556
1432500	-3473.444010538475
1433000	-3458.052205407326
1433500	-3468.041390210167
1434000	-3463.656528332296
1434500	-3467.2854576084565
1435000	-3466.481591331937
1435500	-3470.9344958016986
1436000	-3477.1150524952736
1436500	-3486.27911210565
1437000	-3473.7640865336466
1437500	-3469.7491969895195
1438000	-3468.7670533203013
1438500	-3470.578604333152
1439000	-3469.6071669386142
1439500	-3483.463092895133
1440000	-3456.3137129350835
1440500	-3452.468921495707
1441000	-3465.6569070770975
1441500	-3462.8026951078127
1442000	-3478.8234185560227
1442500	-3452.7093047226776
1443000	-3458.231567763752
1443500	-3461.137243566298
1444000	-3472.5774139637247
1444500	-3454.12497875056
1445000	-3453.9597875847085
1445500	-3476.1729858009357
1446000	-3476.5869028898487
1446500	-3479.718347798179
1447000	-3464.8940748741684
1447500	-3464.100012089617
1448000	-3477.4653506871173
1448500	-3469.599744653045
1449000	-3467.289643405869
1449500	-3460.7537253824426
1450000	-3476.7439547239505
1450500	-3487.7617306597253
1451000	-3488.7870765583034
1451500	-3480.234255640107
1452000	-3479.0477996688123
1452500	-3489.2326722711305
1453000	-3485.2935597645273
1453500	-3485.946830857063
1454000	-3484.248786954337
1454500	-3462.5567336209306
1455000	-3465.4041946982
1455500	-3461.0228640208
1456000	-3466.609916499459
1456500	-3464.992966228251
1457000	-3472.2020128943423
1457500	-3474.9181908401106
1458000	-3467.7846395252136
1458500	-3471.869764584758
1459000	-3462.599574751988
1459500	-3461.7082365420138
1460000	-3472.8311638497808
1460500	-3446.080290214617
1461000	-3449.6388158205664
1461500	-3451.6849091533227
1462000	-3443.2042427026518
1462500	-3456.944309605563
1463000	-3459.380858149919
1463500	-3453.0894221362473
1464000	-3455.6280698276
1464500	-3448.9570800786437
1465000	-3462.5308891641525
1465500	-3458.8884081096253
1466000	-3452.2966085748367
1466500	-3456.0551712150555
1467000	-3447.553174865396
1467500	-3464.0217880285563
1468000	-3487.3470726050577
1468500	-3472.4132602843847
1469000	-3471.010921043233
1469500	-3457.3164551870577
1470000	-3459.270886374611
1470500	-3470.8403852320334
1471000	-3462.8634067752587
1471500	-3447.3141812701588
1472000	-3459.5773923625266
1472500	-3476.2124429148776
1473000	-3458.812450492574
1473500	-3460.0110566407784
1474000	-3455.596724668816
1474500	-3478.664099554673
1475000	-3470.770951281908
1475500	-3467.964843175153
1476000	-3452.522679441329
1476500	-3452.242998593837
1477000	-3452.5164959343615
1477500	-3458.7529570470424
1478000	-3451.327207791367
1478500	-3470.650698485382
1479000	-3468.2517700869616
1479500	-3478.332495535899
1480000	-3477.5256978203893
1480500	-3472.0681583620308
1481000	-3489.4780158848075
1481500	-3467.2846927351643
1482000	-3463.14821423307
1482500	-3465.1985456250363
1483000	-3474.3807930106486
1483500	-3473.263718733778
1484000	-3460.9845264202536
1484500	-3501.054716633647
1485000	-3508.5551413582352
1485500	-3487.4569337064136
1486000	-3489.253449594166
1486500	-3493.464170364743
1487000	-3473.5403817545225
1487500	-3450.6590465359895
1488000	-3448.9982953082013
1488500	-3456.074283136488
1489000	-3466.653852466969
1489500	-3455.4804109914044
1490000	-3453.404110741101
1490500	-3465.2815739703965
1491000	-3458.6506284599986
1491500	-3454.285230595447
1492000	-3454.139311526585
1492500	-3459.9648990017577
1493000	-3445.859548591284
1493500	-3450.958257170348
1494000	-3448.0689226175327
1494500	-3456.651920421343
1495000	-3460.994888924944
1495500	-3454.413694314516
1496000	-3461.6370027774437
1496500	-3441.778478352839
1497000	-3462.436319194397
1497500	-3454.7482250905714
1498000	-3456.4254355870066
1498500	-3456.9933209344795
1499000	-3461.9217186771607
1499500	-3442.97802625578
1500000	-3464.6478934215284
