Sample	likelihood
0	-4943.415399721599
500	-4445.129238826008
1000	-4438.690774891484
1500	-4473.326564085976
2000	-4464.783339418392
2500	-4626.814183202628
3000	-4430.287504473317
3500	-4331.2649591908075
4000	-4377.604425051546
4500	-4447.193720167817
5000	-4508.091809576357
5500	-4523.008352869977
6000	-4408.113960829887
6500	-4418.182613435089
7000	-4394.539260807455
7500	-4435.335131725156
8000	-4436.84081506849
8500	-4471.685141230029
9000	-4378.472241177051
9500	-4675.113709480354
10000	-4644.127035318229
10500	-4691.471547339835
11000	-4628.461569085494
11500	-4625.9741067740015
12000	-4948.515120449781
12500	-4893.387837602946
13000	-5481.348547506012
13500	-5410.66935870122
14000	-5403.563376171321
14500	-6049.197333936819
15000	-6346.009220616318
15500	-6313.2211945389745
16000	-6489.788885405802
16500	-6296.104211354989
17000	-6366.552708513824
17500	-6489.779981079387
18000	-6489.788815028507
18500	-6489.787932961168
19000	-6474.284815263224
19500	-6489.789068041943
20000	-6489.7890690284285
20500	-6488.533071342101
21000	-6489.789069708585
21500	-6489.765731216893
22000	-6489.789069708585
22500	-6489.789069708585
23000	-6489.789069708585
23500	-6489.789069708585
24000	-6428.585733982354
24500	-6489.008555145808
25000	-6475.853537074517
25500	-6489.789069708582
26000	-6489.789069708582
26500	-6489.789069708717
27000	-6489.7890697087105
27500	-6489.789069708588
28000	-7180.5024923244855
28500	-7180.514727962356
29000	-7086.929652470342
29500	-7157.445099755695
30000	-7148.619136057165
30500	-6830.244707523385
31000	-7180.300567542329
31500	-7088.6118114606015
32000	-7941.676279678449
32500	-7120.883517619719
33000	-8319.608225398397
33500	-8914.525148595347
34000	-8752.116727533241
34500	-8661.726563172704
35000	-8675.889884166392
35500	-8769.513023301228
36000	-8808.950455728851
36500	-8669.9509106325
37000	-8447.844800156254
37500	-8388.014350559271
38000	-7831.709617132419
38500	-6022.977289295841
39000	-6306.281894266045
39500	-5012.212439777183
40000	-4958.83587070479
40500	-4861.425235605536
41000	-4923.595909576136
41500	-5087.601079921162
42000	-5029.014718023571
42500	-4926.714566479625
43000	-4788.983688124544
43500	-5362.701283673214
44000	-5123.704282591323
44500	-5917.3407983691695
45000	-6181.138534588019
45500	-5852.009944589158
46000	-6033.796253757721
46500	-6086.0557337459995
47000	-6626.639618580317
47500	-6313.649320966955
48000	-6140.73000085191
48500	-5796.981375347425
49000	-6399.448274411991
49500	-6677.875433608417
50000	-6777.976439392218
50500	-6928.043080906967
51000	-7062.666672486954
51500	-6104.360422367891
52000	-5907.225395570357
52500	-6052.185224196446
53000	-5422.607274763878
53500	-5453.001588446877
54000	-5318.693454810031
54500	-5257.989525117928
55000	-5239.0238286176045
55500	-5451.0929209854185
56000	-5349.78578802891
56500	-6119.434556959902
57000	-5909.353931678733
57500	-5811.575408965042
58000	-5702.084266005976
58500	-5886.905509532682
59000	-5541.052573832109
59500	-5393.562141473503
60000	-5311.057361092713
60500	-5087.3654946414335
61000	-5309.436431723014
61500	-5079.120447609428
62000	-4791.576536566636
62500	-4665.742131757684
63000	-4476.694069202393
63500	-4734.445850892493
64000	-4965.888420102854
64500	-4463.831083871367
65000	-5089.466224569604
65500	-5198.685917900661
66000	-4962.937398337345
66500	-5171.306322724395
67000	-5190.144612655356
67500	-5169.721202721322
68000	-5275.51746447501
68500	-5624.214267008387
69000	-5672.9786999095995
69500	-5753.222413236858
70000	-6416.619375041388
70500	-6408.718362854096
71000	-6248.896233570769
71500	-5650.453312582806
72000	-5671.073811549147
72500	-5369.924074523537
73000	-5828.446418952872
73500	-6167.9824730726095
74000	-5683.9048365644685
74500	-6012.244790677796
75000	-5245.084270322416
75500	-5975.368450639147
76000	-5941.20823033618
76500	-6321.554063096862
77000	-6494.647990800227
77500	-6105.546650722447
78000	-5752.349993610255
78500	-5878.673710185457
79000	-6213.161468844737
79500	-6114.553239510825
80000	-5413.265917032363
80500	-5020.016298468549
81000	-4851.808062765225
81500	-4913.424694218989
82000	-5656.58674625447
82500	-5334.476172882308
83000	-5202.77656051369
83500	-5141.311997739442
84000	-5330.40466062515
84500	-5527.754519402912
85000	-5786.186984514653
85500	-5854.134122710298
86000	-5586.282272230383
86500	-6064.364910526164
87000	-6505.630876644561
87500	-6894.913436367508
88000	-6332.743260619712
88500	-6742.621937881569
89000	-6760.027879701006
89500	-6914.837072110753
90000	-6638.825019421559
90500	-6637.21006880468
91000	-6247.760158465091
91500	-5994.566347197748
92000	-6123.565254349723
92500	-5994.695062425624
93000	-5780.9586901194425
93500	-5587.048041164724
94000	-5567.3836424317415
94500	-5516.110568407594
95000	-5407.52574716857
95500	-5822.510345110114
96000	-5649.01735687997
96500	-5003.381859455932
97000	-4712.657674876808
97500	-4906.9947931828465
98000	-5297.218071282465
98500	-4764.645407659203
99000	-4253.189923125347
99500	-4221.367554831937
100000	-4316.482222756216
100500	-4474.235646552417
101000	-5184.130435736081
101500	-5233.382268573875
102000	-5392.541043955262
102500	-6385.737517428415
103000	-6722.23379882362
103500	-7430.0173832146575
104000	-7171.113421631494
104500	-7465.14321796159
105000	-7322.6720545874405
105500	-6710.410630354082
106000	-7317.5403082168605
106500	-7448.3491675294135
107000	-7690.618431514778
107500	-7404.059743012705
108000	-7494.110067782987
108500	-7164.69060602533
109000	-7206.837588727584
109500	-7566.602477320524
110000	-7616.271059546616
110500	-7173.549389551399
111000	-6814.525967156355
111500	-7284.64586860106
112000	-9351.109537501557
112500	-7983.587256091714
113000	-8192.081834988463
113500	-7623.412016529257
114000	-8216.409406760806
114500	-8341.338229725432
115000	-8223.269475095085
115500	-8391.34505240842
116000	-7091.600164693723
116500	-7657.697730676782
117000	-7614.574116642751
117500	-6443.581015779426
118000	-6247.886606579471
118500	-7137.525601820995
119000	-7824.374169896061
119500	-9216.107988715505
120000	-8152.819360127831
120500	-7823.662824657513
121000	-7931.474349726464
121500	-7901.057090949574
122000	-8478.037725763497
122500	-9046.199089128386
123000	-9244.289316281705
123500	-9482.645889987569
124000	-9369.762448515494
124500	-9470.33985883204
125000	-9457.007133829953
125500	-8623.534546278917
126000	-10361.821114782537
126500	-9984.604736285191
127000	-9857.665287572743
127500	-10559.365826971016
128000	-9331.197814491443
128500	-9333.578413086854
129000	-9342.616272424348
129500	-8496.168371326512
130000	-8237.981945765532
130500	-6378.702400764378
131000	-5801.13369286291
131500	-9554.693604619008
132000	-9687.522168054715
132500	-8334.677446049951
133000	-9067.031090987271
133500	-8640.184398245974
134000	-8524.255353576502
134500	-8094.867515565938
135000	-8350.726727306157
135500	-4467.722842485449
136000	-4606.279877483307
136500	-4654.087737580516
137000	-4920.041640661195
137500	-5123.453811540722
138000	-4675.710351046782
138500	-4674.185770103967
139000	-4790.953185763266
139500	-4790.846028170323
140000	-4453.912170932741
140500	-4598.2836768792795
141000	-4448.627052255425
141500	-4988.592037213107
142000	-4544.2392790696085
142500	-4525.038892018294
143000	-4755.601212555251
143500	-4650.234821894316
144000	-4890.512468715744
144500	-4519.516478442064
145000	-4572.383296448226
145500	-4621.376080180116
146000	-4537.839163439848
146500	-4743.563796309105
147000	-4537.814723406795
147500	-4578.025016265482
148000	-4447.5623000417945
148500	-4551.259327775867
149000	-6667.557331082091
149500	-5052.917038733339
150000	-4463.155452264504
150500	-4688.209572034241
151000	-4666.666048465519
151500	-4883.9222937120985
152000	-5288.421679064833
152500	-5551.290290482891
153000	-5648.636009201606
153500	-4920.036478918768
154000	-5038.929149017457
154500	-5032.045302885712
155000	-5767.509812511632
155500	-5723.639589343627
156000	-6378.321930629986
156500	-6256.406988559765
157000	-6299.173293814679
157500	-7183.460525534526
158000	-6870.865193863915
158500	-7808.825119041491
159000	-7758.6093519103615
159500	-6558.897438442943
160000	-6301.352789929291
160500	-4838.7191748267205
161000	-5020.632665739462
161500	-5011.829780305672
162000	-5456.278971744877
162500	-5611.41575086858
163000	-4756.992884215949
163500	-4669.264276946923
164000	-4928.241623211119
164500	-4665.407274411034
165000	-4875.300805953673
165500	-4774.256734382164
166000	-5342.931593264969
166500	-4895.164368689603
167000	-5122.692913912689
167500	-5545.892167959128
168000	-5214.546297154174
168500	-5189.897975103576
169000	-5251.741697158484
169500	-5081.857517591049
170000	-5163.593874126639
170500	-4672.4672623616725
171000	-4951.667903056131
171500	-5259.7917615526485
172000	-5198.970099745721
172500	-5462.849157606448
173000	-5471.75206598462
173500	-5210.618757527127
174000	-5538.606485290618
174500	-5990.760752351402
175000	-5475.79929883854
175500	-5069.990981634703
176000	-5631.501508270439
176500	-6072.156576168484
177000	-6121.427950422554
177500	-6096.618355354018
178000	-5999.426832185093
178500	-6287.9783865025365
179000	-6376.549391717905
179500	-6062.605025355151
180000	-6679.669754549297
180500	-6058.722087653883
181000	-5675.215932475765
181500	-5519.9059713625775
182000	-5320.667302484483
182500	-5544.137770253648
183000	-5470.032180899101
183500	-5466.17956639663
184000	-5232.317509679254
184500	-5188.080002369002
185000	-5175.248636013441
185500	-4911.625961330548
186000	-5057.846406588299
186500	-4840.221879561229
187000	-5012.0868281814255
187500	-5570.968090684798
188000	-5187.389947853677
188500	-5139.760099892883
189000	-5313.845000091349
189500	-5239.493610954996
190000	-5418.729603757674
190500	-5952.202691763399
191000	-5943.450874519
191500	-6010.41796950636
192000	-5954.571237298173
192500	-6205.151581487189
193000	-6582.228240443233
193500	-6504.172647531675
194000	-6584.410338915788
194500	-6171.73777362568
195000	-6347.3736210361885
195500	-6193.803424749269
196000	-6350.122225703031
196500	-6513.55846177301
197000	-6502.736684909054
197500	-6559.326066862886
198000	-6511.778716713266
198500	-6523.1439907842605
199000	-6281.572684188638
199500	-6324.8871162996375
200000	-6164.850868362729
200500	-5606.828648281285
201000	-5606.765142939643
201500	-5160.540325225997
202000	-5088.552384594412
202500	-4827.225267097166
203000	-4790.811425466633
203500	-4827.879581151003
204000	-5140.786881609033
204500	-5793.719075292105
205000	-5044.13962740341
205500	-5085.904950497522
206000	-5115.369340738323
206500	-5300.008737056525
207000	-5811.146586105136
207500	-5629.70482103672
208000	-4959.561780928185
208500	-5061.430169975633
209000	-5083.069606281454
209500	-5057.964357388886
210000	-4985.594765113367
210500	-4960.84854625668
211000	-5044.9922996534815
211500	-5054.230476158344
212000	-5137.400558366692
212500	-5755.71233110972
213000	-5113.351387221052
213500	-4838.715074716005
214000	-4477.465845572693
214500	-4411.566466611299
215000	-4277.728167676253
215500	-4675.975189635373
216000	-4694.887484878615
216500	-4475.711335811715
217000	-4356.210546437292
217500	-4388.833538314756
218000	-4375.849671987684
218500	-4437.82130873123
219000	-4354.7567686512375
219500	-4443.129402892633
220000	-5136.324247272417
220500	-5141.172757114632
221000	-4838.773178397558
221500	-5210.395805810972
222000	-5236.364675627652
222500	-5807.470051546807
223000	-5346.533824097129
223500	-5049.7895063964215
224000	-5832.826632083537
224500	-5525.6129066033145
225000	-5284.8942321384175
225500	-5310.693109972205
226000	-5102.354800396573
226500	-4789.47842074484
227000	-5833.572382276305
227500	-5883.437708608325
228000	-6344.066797952215
228500	-5788.9272537641455
229000	-6299.235725905317
229500	-6569.266077694533
230000	-6520.701825593099
230500	-6524.305409589927
231000	-6524.305483094669
231500	-6513.22096051124
232000	-6524.18439362256
232500	-6512.56577965024
233000	-5383.373228920366
233500	-5307.496888832634
234000	-5316.739719599593
234500	-5433.896206779835
235000	-5467.778289853304
235500	-5660.202236500466
236000	-5867.6994348473545
236500	-6037.054653390268
237000	-6061.067368609524
237500	-5849.572561083203
238000	-5849.572561083203
238500	-6064.337610057684
239000	-5703.527682185251
239500	-5797.0678448226345
240000	-6481.288601657011
240500	-6520.356543451552
241000	-6114.963011540483
241500	-5992.506837447199
242000	-5970.985960555252
242500	-6522.923093211879
243000	-6524.305087175382
243500	-6454.302324185614
244000	-6316.69967076982
244500	-6524.186723899133
245000	-6319.825195328184
245500	-6394.5425562138635
246000	-6524.305483095113
246500	-6418.81207071251
247000	-6350.964406796356
247500	-6524.305192828587
248000	-6524.1032881027995
248500	-6465.00757677292
249000	-6497.767062943953
249500	-6289.973844562572
250000	-6514.542712422744
250500	-6502.012284970796
251000	-6524.305483050271
251500	-6350.361400810783
252000	-6444.247857010783
252500	-7879.020876255196
253000	-8009.180817511287
253500	-6395.167993757115
254000	-6284.648658057825
254500	-6340.259330772944
255000	-6395.165396295392
255500	-6395.167993667036
256000	-6359.525510715131
256500	-6378.956387039414
257000	-6376.024374487821
257500	-6394.441602674931
258000	-6395.167993958825
258500	-6394.636230398631
259000	-6395.167994025982
259500	-6393.7111924795445
260000	-6392.294665202522
260500	-6352.576247490894
261000	-6238.488755301658
261500	-6395.167585854282
262000	-6395.167994026556
262500	-6395.167989328841
263000	-6374.465039399597
263500	-6395.167994025723
264000	-6375.888669801045
264500	-6365.491607626779
265000	-6391.3349018686595
265500	-6132.134094843262
266000	-6209.829384237555
266500	-5767.86396215754
267000	-5479.451715996015
267500	-5366.0533404374755
268000	-5583.925791892526
268500	-4950.89870708399
269000	-5137.24798149515
269500	-4951.666604638687
270000	-5069.324499289017
270500	-5087.514321633845
271000	-5123.376737770542
271500	-5858.082818594046
272000	-6069.888829612583
272500	-5087.561741459758
273000	-5162.091498157319
273500	-4923.595535615602
274000	-5502.853948766683
274500	-5234.576044585714
275000	-5104.342271944805
275500	-5482.153752855348
276000	-5461.147934882984
276500	-5110.366601938112
277000	-5194.492898659229
277500	-5736.844226340433
278000	-5923.48343775197
278500	-5668.162316375213
279000	-5542.153970770012
279500	-5656.29154565412
280000	-5447.52810985113
280500	-5488.800747748607
281000	-5369.701061278654
281500	-5125.5708559533105
282000	-6271.526861790633
282500	-5774.167009559829
283000	-6963.687994811653
283500	-6570.23026046327
284000	-7256.2970287445205
284500	-6903.743588153883
285000	-6631.816201661029
285500	-6326.337694772494
286000	-7014.771568032316
286500	-7043.349797855087
287000	-7321.200152742501
287500	-6600.318170223919
288000	-6602.6609929659
288500	-6919.8703438669945
289000	-7026.329155229179
289500	-6885.048239638134
290000	-6736.570082788045
290500	-9409.010710635488
291000	-9318.720075339092
291500	-8527.680028795772
292000	-8388.670298445706
292500	-8476.654079813336
293000	-8611.378332558908
293500	-8633.976913273851
294000	-8266.684889086115
294500	-8510.292962773367
295000	-8165.206215200616
295500	-7645.549526106414
296000	-8252.270431484978
296500	-8605.159604612567
297000	-8578.59774063864
297500	-8647.420129921975
298000	-8193.488263996811
298500	-8024.666355658227
299000	-8308.378878320204
299500	-8112.83521903692
300000	-8380.690270202771
300500	-8586.677422572551
301000	-8518.63704400255
301500	-7227.823158427067
302000	-7328.768259682099
302500	-7290.268993662024
303000	-7169.264454979392
303500	-7273.185001218137
304000	-7290.323863227635
304500	-7276.568747468614
305000	-7290.3547111287835
305500	-7166.633872104543
306000	-7247.697832379039
306500	-7207.860942771636
307000	-7279.566627406791
307500	-7233.093046320489
308000	-7283.970836310585
308500	-7164.150123758296
309000	-7290.35402564123
309500	-7174.1477316261235
310000	-7088.242640702542
310500	-7063.408502629121
311000	-6958.6808145698415
311500	-7101.527662183183
312000	-7028.626492759197
312500	-7047.548934904697
313000	-7094.449045614999
313500	-6911.5604466833
314000	-7025.716781523639
314500	-6848.005800909591
315000	-6870.94110858277
315500	-6822.5246693744175
316000	-6817.3483615600935
316500	-6702.324761243396
317000	-5706.971019278844
317500	-6914.979334377546
318000	-5732.193020166412
318500	-6642.521152892179
319000	-6711.704921821026
319500	-6807.425242773826
320000	-6540.32359669155
320500	-6999.33611699435
321000	-6136.7607489161755
321500	-5964.093126446306
322000	-5033.699550379381
322500	-5439.354949164608
323000	-6633.979991706677
323500	-6666.4634560187005
324000	-7217.909961751375
324500	-6951.681709032422
325000	-7254.507278970308
325500	-7207.027662436131
326000	-7180.060332219288
326500	-7144.463782074097
327000	-6842.785436456555
327500	-7277.8291999952135
328000	-7271.591379620087
328500	-7004.371435158087
329000	-7144.137366068935
329500	-6936.9431590153445
330000	-7044.535602271639
330500	-6619.330012602194
331000	-6232.904795868223
331500	-6072.1967033084165
332000	-6003.317189221986
332500	-6060.6423766025455
333000	-5785.658957287042
333500	-6173.209656748282
334000	-6563.067611306031
334500	-7151.600080383236
335000	-7262.21897882328
335500	-6880.161015437636
336000	-7060.428026087137
336500	-7158.574593953089
337000	-7096.021995179366
337500	-7148.160942679412
338000	-7173.201283013737
338500	-7102.39029575199
339000	-7068.379047731316
339500	-7290.354909896768
340000	-7288.914652392275
340500	-7272.156324789302
341000	-7147.366532015235
341500	-7262.0928347139625
342000	-7299.487257260686
342500	-7284.687539818443
343000	-7290.354910417555
343500	-7290.3549104174845
344000	-7290.354910417555
344500	-7290.354909043868
345000	-7173.3335783137
345500	-6018.758584262178
346000	-6912.750140151762
346500	-7062.574481515691
347000	-7284.203431731843
347500	-6686.039521702363
348000	-7167.433782513914
348500	-7197.649446946089
349000	-6332.258013360736
349500	-6382.451362463375
350000	-6802.838404793115
350500	-6994.679252059776
351000	-7092.69439079372
351500	-6919.46945397053
352000	-7087.924430839827
352500	-7229.69608746963
353000	-7290.35491041751
353500	-7290.354865234524
354000	-7290.333362109691
354500	-7290.113432220346
355000	-7268.0716185134615
355500	-7186.844002445955
356000	-7290.351803444693
356500	-7290.348663723015
357000	-7283.692428424037
357500	-7289.927020555178
358000	-7030.281599906653
358500	-7093.927456102427
359000	-7243.83676716445
359500	-7056.369497301525
360000	-6947.923424234845
360500	-7263.54459156295
361000	-7131.361305496447
361500	-7057.210164785805
362000	-7220.225646045321
362500	-7135.274697463561
363000	-7186.992018639758
363500	-7034.003905937909
364000	-6965.477862431877
364500	-5929.473426789255
365000	-6151.197899644371
365500	-6886.659640144678
366000	-6460.196020788822
366500	-5650.947022425433
367000	-6348.94343120537
367500	-6702.422378472727
368000	-6364.435221091065
368500	-7110.353276870922
369000	-6916.2697601200025
369500	-6936.013254491843
370000	-6843.737214578682
370500	-7017.195479448451
371000	-7205.4298892749375
371500	-7221.634619697898
372000	-7203.45064871013
372500	-7290.354654217802
373000	-7290.347859501434
373500	-7272.161204339812
374000	-7286.468643938306
374500	-7289.089378412849
375000	-7227.300126605625
375500	-7112.582109410351
376000	-7276.068741544888
376500	-7208.898698533513
377000	-7205.598618717442
377500	-7286.880006288709
378000	-7144.061183767726
378500	-7254.807878067581
379000	-7277.7224548337235
379500	-7090.8126419491855
380000	-7264.521906771183
380500	-7275.623229463854
381000	-7211.26535144907
381500	-7286.40924280633
382000	-6432.703403015044
382500	-6991.57329532647
383000	-6445.017925154193
383500	-6750.297262439621
384000	-7170.806303913463
384500	-7092.980565245014
385000	-6973.985400246543
385500	-6835.304051698202
386000	-6660.121019664379
386500	-7027.659003853914
387000	-6574.338285788465
387500	-6631.28905318351
388000	-6501.4283082602515
388500	-6555.6601603847
389000	-6633.2483182573515
389500	-6631.014531621654
390000	-6632.509198873309
390500	-6633.611200925925
391000	-7476.108103123051
391500	-7308.809168049329
392000	-7443.264525125255
392500	-7442.244916801907
393000	-7278.658777186954
393500	-7384.115216901878
394000	-7472.198052596055
394500	-7115.410031312955
395000	-6740.493674272903
395500	-5827.657465557361
396000	-6499.054747196133
396500	-7285.07136542806
397000	-7051.687203860194
397500	-7234.996867930523
398000	-7455.777132648051
398500	-7476.023814578478
399000	-7294.200906511471
399500	-7249.952672857045
400000	-7129.19008195689
400500	-6887.156144249493
401000	-7316.446791741084
401500	-7324.273040493258
402000	-7328.564517278328
402500	-7371.186139024146
403000	-7426.960261803506
403500	-7501.941283911216
404000	-7257.866493653455
404500	-7447.18122890851
405000	-7060.641124593389
405500	-6915.373085342307
406000	-7099.932846644129
406500	-7125.245486394103
407000	-6757.899142724534
407500	-6402.184757115682
408000	-6415.320159858406
408500	-6365.288524883484
409000	-5661.173478264648
409500	-5478.196049332114
410000	-5123.369104225453
410500	-4761.322254227751
411000	-4770.229335776413
411500	-4850.751369656666
412000	-4837.6817552800585
412500	-4835.20519887538
413000	-4805.107933847874
413500	-4971.432016952602
414000	-5738.191436173942
414500	-5594.472841994475
415000	-5554.988863387121
415500	-5058.7667840771055
416000	-5561.36116034143
416500	-5728.646771866269
417000	-5527.535158813897
417500	-5442.169063085768
418000	-5835.146560480429
418500	-5824.175005371121
419000	-6750.326033145621
419500	-6796.91175832516
420000	-6993.861594728905
420500	-6657.678857191595
421000	-6533.214049246215
421500	-5648.722301869643
422000	-6031.00418618859
422500	-6574.94753961198
423000	-5920.0858756992975
423500	-6870.999353712623
424000	-6809.59457994672
424500	-7109.841786155114
425000	-7688.2801920291295
425500	-7264.629656030525
426000	-7339.4496942140395
426500	-7102.929854026264
427000	-7383.501825402706
427500	-7054.480601622502
428000	-7767.686461248492
428500	-7172.668222955161
429000	-7050.736024779495
429500	-7502.609063372074
430000	-7861.579958950134
430500	-8209.85665258072
431000	-7605.651616010004
431500	-7230.78177469628
432000	-7580.238421217716
432500	-8094.934525791867
433000	-7819.761199980953
433500	-7727.203872665413
434000	-7651.519044753668
434500	-7807.840312419439
435000	-8115.860149716444
435500	-8801.844464295602
436000	-9242.910463532
436500	-8717.102442090027
437000	-9484.9283288631
437500	-9757.78219107415
438000	-10069.4739306116
438500	-9998.272176277136
439000	-9474.743173621766
439500	-9271.395901223017
440000	-9744.585808708625
440500	-9798.675017403331
441000	-9572.685960705356
441500	-9615.747026329063
442000	-9766.777942676556
442500	-9563.400025663737
443000	-9980.104385466651
443500	-10313.932940654544
444000	-9514.35087633182
444500	-9084.330708747242
445000	-8799.108506294877
445500	-8896.259307385968
446000	-8767.276364385141
446500	-8945.076399298969
447000	-8155.083023418344
447500	-8672.254771664397
448000	-8866.848646060907
448500	-8376.703992861987
449000	-8114.068167518405
449500	-8229.122895190292
450000	-8047.9144783182865
450500	-7816.330243798042
451000	-6766.7871102850295
451500	-6567.274221028153
452000	-7006.029064777024
452500	-6985.584746658632
453000	-7137.391720821912
453500	-7153.683049869225
454000	-7012.00933111315
454500	-6884.551769096197
455000	-7763.241229628568
455500	-7429.668693420571
456000	-7524.748560080502
456500	-7799.927761343487
457000	-8125.333753058834
457500	-8759.728853158367
458000	-8383.587426699049
458500	-8851.733737405795
459000	-9082.170902925778
459500	-8414.032232461772
460000	-8125.573939487095
460500	-8466.645223089874
461000	-7774.3473113609325
461500	-8217.618522613975
462000	-7352.0908599899185
462500	-7378.492306125983
463000	-7368.654174219281
463500	-7620.5314530136275
464000	-7553.788333748103
464500	-7528.404400900465
465000	-7669.92734040049
465500	-7806.2332908091375
466000	-7184.048337027679
466500	-6767.434274916549
467000	-6524.922073259731
467500	-6256.582824446119
468000	-5994.461637780859
468500	-5839.558828866388
469000	-6269.756163193455
469500	-6063.245273857582
470000	-5590.16974792175
470500	-6177.134252505401
471000	-6635.566166762343
471500	-6473.695442015048
472000	-6829.005044175109
472500	-6815.236227538457
473000	-6848.297823871687
473500	-6247.1840847620015
474000	-5923.0183073893195
474500	-6358.8219565345535
475000	-6158.1234561038045
475500	-6515.264408508898
476000	-6269.279444878347
476500	-6669.8257944094275
477000	-5932.504375003429
477500	-5966.674282071893
478000	-6180.465851253262
478500	-6860.745179536234
479000	-6746.745602929295
479500	-5981.993098585167
480000	-5702.692556636071
480500	-5764.236739311074
481000	-6185.107042254464
481500	-6163.808598048381
482000	-5912.455850688381
482500	-6437.074065051872
483000	-6278.825972100773
483500	-6225.679864303442
484000	-6640.376195390395
484500	-6647.634911873425
485000	-6574.183157271243
485500	-6903.833800524096
486000	-7682.8701802277365
486500	-8274.557506081752
487000	-8355.870448559197
487500	-8651.385491359264
488000	-8905.960286184489
488500	-8498.295714556974
489000	-7912.340312338717
489500	-7377.071156647799
490000	-7415.344422453404
490500	-7598.354846118382
491000	-7305.356095951867
491500	-7082.919709341316
492000	-6798.444766080942
492500	-6566.826485632323
493000	-7200.897514825483
493500	-7887.403559307616
494000	-8004.419018382316
494500	-8178.947680407752
495000	-8753.049922722796
495500	-9071.629059239353
496000	-7933.261106891046
496500	-7909.306482313077
497000	-8398.762977322403
497500	-8167.225972413619
498000	-8155.305656064787
498500	-8141.73091942266
499000	-7776.843303816399
499500	-8044.4422680301695
500000	-7908.18558298849
500500	-4945.784048433747
501000	-4814.08494287177
501500	-4800.703067921799
502000	-4618.574253906836
502500	-4864.3619381827275
503000	-4695.451014775868
503500	-4603.818492069795
504000	-4840.526623395254
504500	-4579.021419165659
505000	-4679.9223598557255
505500	-4944.383215796016
506000	-4926.683303937253
506500	-4663.129483591623
507000	-4914.905211324384
507500	-4730.046471978397
508000	-4641.363470151669
508500	-4744.4642213864745
509000	-4627.692807469086
509500	-4669.590601083233
510000	-4711.855029214459
510500	-4891.222585882745
511000	-4538.5948258440485
511500	-4669.461750949615
512000	-4681.867846758102
512500	-5313.252424470218
513000	-5219.422769746796
513500	-5416.699954292339
514000	-5479.613164967972
514500	-5304.0451849385545
515000	-5265.320312841849
515500	-4963.9551409860205
516000	-4993.407102619344
516500	-5086.807370617553
517000	-4829.9114371441165
517500	-5107.85232393404
518000	-4526.524611386932
518500	-4415.95307868142
519000	-4490.225727774414
519500	-4653.86542989498
520000	-4576.9155476320575
520500	-4561.691266463608
521000	-4425.3447948551775
521500	-4549.653692581879
522000	-4532.141621809198
522500	-4624.8321407842295
523000	-6253.131606435229
523500	-4497.228674550734
524000	-5213.365283341011
524500	-5586.620569113999
525000	-5883.010300306236
525500	-6924.219701558058
526000	-6710.099329566932
526500	-5706.893539096601
527000	-7172.072715061867
527500	-7174.599277840325
528000	-7175.959361917586
528500	-7175.021499623839
529000	-8046.102870462006
529500	-8040.68024590356
530000	-8056.699918026319
530500	-8047.435163197126
531000	-8014.5633517303895
531500	-8051.457008237569
532000	-7972.2720847601595
532500	-7963.919774831817
533000	-7816.078813300229
533500	-7950.8375238078515
534000	-7883.195136320951
534500	-7810.344289898452
535000	-7508.206074768904
535500	-7661.827078275992
536000	-7480.210593181152
536500	-7102.02785071131
537000	-7538.6891802267155
537500	-7502.868919102582
538000	-7058.957075119047
538500	-7278.671653007576
539000	-6660.1444999929245
539500	-6427.528693975344
540000	-6937.395276123412
540500	-6710.647464878928
541000	-6466.427116431785
541500	-7623.429987876051
542000	-7955.6785305956555
542500	-7524.0541913926245
543000	-8001.105797597467
543500	-8058.1207204818165
544000	-8062.603368274697
544500	-8050.014238113114
545000	-8017.665899081087
545500	-8019.655252140284
546000	-7767.61773306692
546500	-7960.6574646469635
547000	-7767.984676060527
547500	-8183.428026542261
548000	-7717.284888282153
548500	-7462.699188454809
549000	-7577.1652742653805
549500	-6096.810233622035
550000	-5548.940012769423
550500	-5973.849822357291
551000	-5807.521356575577
551500	-6075.788150639241
552000	-5983.5431980276435
552500	-5842.597998649401
553000	-6084.173198139957
553500	-5855.841056826213
554000	-6225.36831054082
554500	-6214.633657088772
555000	-6398.8524830349
555500	-6176.081074050739
556000	-5921.428320637782
556500	-6351.45438493051
557000	-6283.028004540351
557500	-6378.402215467976
558000	-6462.367184247766
558500	-6466.938353617103
559000	-6411.3280490348225
559500	-6437.4677249418155
560000	-6394.227144677252
560500	-6248.690206861608
561000	-6358.303053308327
561500	-6407.217812699169
562000	-6071.875655064245
562500	-6043.471173302746
563000	-6035.687220082186
563500	-6012.126268350724
564000	-6212.519557541259
564500	-5906.14790803098
565000	-5790.413473630629
565500	-4889.577034896047
566000	-4940.57436864007
566500	-5169.275167197495
567000	-5628.857615586482
567500	-5564.6639417692295
568000	-5339.061808884056
568500	-5450.44579249976
569000	-5557.764278240787
569500	-5772.915829949595
570000	-5444.014700377687
570500	-5654.871467134333
571000	-5265.52062752762
571500	-5608.371573468932
572000	-4559.064500922629
572500	-4872.66648474464
573000	-4724.933838276713
573500	-4860.956807518804
574000	-5566.226995317866
574500	-5929.669391699146
575000	-6347.218547472327
575500	-5383.133202759166
576000	-5903.163413834947
576500	-5421.4893191392775
577000	-5415.586201265563
577500	-6033.883610816544
578000	-6087.730860034044
578500	-5702.323589169881
579000	-5460.120119908957
579500	-5615.422931497345
580000	-5294.369714452515
580500	-5669.853819621994
581000	-5208.722445757676
581500	-5365.476357452082
582000	-5428.0047103769475
582500	-5135.17594343582
583000	-5105.311464818635
583500	-5033.198615834127
584000	-5123.861384586478
584500	-5236.951491293012
585000	-4627.171774266547
585500	-4581.5193261109935
586000	-4791.45068169597
586500	-4933.174769934013
587000	-4866.430419455898
587500	-5026.633775333985
588000	-4838.965169219309
588500	-4768.572587548443
589000	-4529.456376002047
589500	-4563.888706853674
590000	-4595.567248763519
590500	-4250.515234143062
591000	-4450.695521786225
591500	-4457.2492945206495
592000	-4460.381225145528
592500	-5039.044760306763
593000	-5349.153310415946
593500	-5065.888762013875
594000	-5364.3503927603215
594500	-5261.745837217066
595000	-5258.135412081403
595500	-5162.849442685852
596000	-5236.082031279577
596500	-4429.839840034272
597000	-4774.6596460942255
597500	-4335.44547234715
598000	-4812.456661377588
598500	-4750.168152618999
599000	-4674.134073097366
599500	-5184.810889935227
600000	-5152.901943723304
600500	-5151.860600106122
601000	-5074.970063829178
601500	-5074.178432125686
602000	-5023.008473407269
602500	-5603.058749939759
603000	-5911.3629779892735
603500	-6163.804076113704
604000	-6187.59950791019
604500	-6802.547818180806
605000	-6911.949917862184
605500	-6852.3841938643445
606000	-6592.904081154884
606500	-6181.544147951702
607000	-6236.518357762251
607500	-6226.455574668857
608000	-6103.035277788614
608500	-6200.396154615583
609000	-6419.939702738391
609500	-6059.262490933579
610000	-5801.568251523439
610500	-5391.075080540069
611000	-5113.767176179183
611500	-4600.527583211915
612000	-4520.755837050114
612500	-4931.941576692704
613000	-4757.708010419599
613500	-4882.628653555651
614000	-5041.490960738907
614500	-4900.805516094069
615000	-5088.800973461956
615500	-5540.216726638314
616000	-5579.631490314126
616500	-5383.581868651738
617000	-5634.404952876382
617500	-5300.110579217623
618000	-6057.257443124505
618500	-6603.650918893173
619000	-6774.851162487061
619500	-6621.788321766709
620000	-6720.042536201195
620500	-7060.015194394643
621000	-7451.808796615519
621500	-7247.040473697697
622000	-7504.767033606651
622500	-7958.5521508879165
623000	-7330.0645950812395
623500	-6901.693170568348
624000	-7466.163382645896
624500	-7387.339475166813
625000	-7347.125079063066
625500	-7357.441783757128
626000	-7343.8324044723195
626500	-6786.849246410189
627000	-6893.772362921061
627500	-7254.2850318934525
628000	-7171.2465624956385
628500	-7606.396825449687
629000	-7470.6295164630665
629500	-7301.083886388531
630000	-6872.751189757198
630500	-7071.473321298431
631000	-7330.45356513012
631500	-6978.792161051901
632000	-7584.756325447127
632500	-8167.239499072878
633000	-8731.863830719405
633500	-8838.866544701645
634000	-8673.771669881822
634500	-8484.736279955418
635000	-8931.748598611232
635500	-9487.230002577886
636000	-8480.879685364233
636500	-8452.577678072113
637000	-8410.234592865232
637500	-8091.339029220073
638000	-8012.633760329657
638500	-8005.193562828917
639000	-8085.364221529564
639500	-8811.763711702855
640000	-8195.199494346314
640500	-8309.112333453228
641000	-8793.46681029882
641500	-8193.701214006518
642000	-8851.511469246181
642500	-8672.125017553228
643000	-8531.884500730526
643500	-8733.861403468098
644000	-7927.223389957351
644500	-7975.470618793227
645000	-8370.267531927771
645500	-7887.900227988695
646000	-8283.27934651919
646500	-8201.227950733983
647000	-7812.488052474071
647500	-7195.873254072411
648000	-7328.120357239823
648500	-7164.94901405707
649000	-6161.657278386755
649500	-6112.600104992137
650000	-6091.198166662152
650500	-5811.787284412975
651000	-6160.103548368244
651500	-6312.343687042825
652000	-6153.901404479346
652500	-5969.826851330764
653000	-5851.991442997748
653500	-5968.736354421875
654000	-6141.08247748163
654500	-6361.696944182017
655000	-6330.48301613126
655500	-6178.018982167354
656000	-7112.546174678495
656500	-6079.629816370673
657000	-6653.182809433675
657500	-6264.186858315162
658000	-6326.387195802468
658500	-6061.170471284582
659000	-6065.827669679505
659500	-6210.244336950264
660000	-6021.959190083639
660500	-5429.347402059343
661000	-5380.301380673602
661500	-5141.739319558193
662000	-5239.438714296512
662500	-5282.572205728795
663000	-4940.551520792742
663500	-5305.948460650401
664000	-5273.7757952494285
664500	-5169.829921321731
665000	-5291.4957914672705
665500	-4974.675502488029
666000	-5193.240784294701
666500	-5440.139213013748
667000	-5368.858501942291
667500	-5289.677930844808
668000	-5079.134791290636
668500	-5466.765673819069
669000	-5205.57092622264
669500	-5037.029126318587
670000	-4754.883721149302
670500	-4779.770762584396
671000	-4891.350812616547
671500	-4880.178673826293
672000	-5173.474325292223
672500	-4906.352089106599
673000	-5578.7839088124165
673500	-5588.764355348727
674000	-5559.208656185499
674500	-5130.090613088669
675000	-4807.182284950069
675500	-4800.679397979011
676000	-4854.6500743520255
676500	-4661.142788330767
677000	-4995.227184887992
677500	-4818.0753913998615
678000	-5115.9499828708285
678500	-4826.580836289437
679000	-4889.2052690812
679500	-4865.774203274271
680000	-4614.226066970209
680500	-5008.477441160392
681000	-5376.5600899048195
681500	-4984.341693456791
682000	-5246.475889190434
682500	-4826.390653966952
683000	-4728.362822010818
683500	-5130.4858532484695
684000	-4757.760184113171
684500	-5152.780385577394
685000	-5245.36365700383
685500	-5119.871862571663
686000	-5025.922185301985
686500	-5211.207493802428
687000	-5785.594817305444
687500	-4915.928631716781
688000	-5041.151010806446
688500	-7956.263381718728
689000	-7385.5781409110905
689500	-7952.721034875619
690000	-8265.624011739623
690500	-7461.246715981426
691000	-7190.670344365525
691500	-7430.519640590771
692000	-7104.454717696002
692500	-7821.6124076607175
693000	-7984.944947277165
693500	-8286.071470231785
694000	-7902.563249478837
694500	-8234.252638810429
695000	-8748.868110871568
695500	-8558.789639903764
696000	-8738.97512838862
696500	-8651.243245930826
697000	-8740.187399245815
697500	-8589.67559973234
698000	-8773.528045985875
698500	-8750.729270317755
699000	-8746.014026793138
699500	-8747.807788413225
700000	-8747.203017049549
700500	-10799.662017680874
701000	-10731.699536549202
701500	-10803.03392180697
702000	-10803.03085206734
702500	-10699.254868432623
703000	-10743.748574847512
703500	-10778.840853793225
704000	-10747.964452722736
704500	-10374.913450390612
705000	-10561.671181314146
705500	-9372.808959995124
706000	-9875.718200552328
706500	-10391.781857887141
707000	-10376.622521855741
707500	-9708.342823327415
708000	-10684.890965898363
708500	-10771.573468950282
709000	-10530.675135418109
709500	-9749.138903829407
710000	-10688.851768539684
710500	-10676.882342974412
711000	-10211.972664742885
711500	-10011.718411029027
712000	-10148.932218919716
712500	-8815.765657836066
713000	-8272.749076966316
713500	-7953.426098234237
714000	-8150.840159143373
714500	-7460.906847715875
715000	-8212.683990223775
715500	-8441.802266923009
716000	-7594.444112424972
716500	-9286.999374550274
717000	-9207.678385888077
717500	-9429.126112545799
718000	-9358.105329200524
718500	-7895.800942796888
719000	-8785.06580785653
719500	-9374.450058667177
720000	-9274.986793284166
720500	-10001.141382101812
721000	-9187.632598034334
721500	-8218.948685509016
722000	-6438.244148040309
722500	-6123.784988838299
723000	-6088.557069035522
723500	-8192.687505966258
724000	-7999.37343964211
724500	-7268.47967155312
725000	-8906.096593533033
725500	-7846.579709133088
726000	-5026.076227758454
726500	-7131.378696272117
727000	-7484.516736624686
727500	-7520.9514033269015
728000	-8763.191508636432
728500	-9268.944740529723
729000	-9257.084473724657
729500	-8620.995449055346
730000	-6833.50715405492
730500	-5226.631396808913
731000	-9266.14438525397
731500	-8953.74940017045
732000	-7173.070647428154
732500	-7677.989229392974
733000	-6644.361885114875
733500	-8449.782432398713
734000	-4981.045810120212
734500	-4742.566458134342
735000	-4819.029279928692
735500	-5515.794839364479
736000	-4924.815783848026
736500	-7368.404086350342
737000	-6968.170282582194
737500	-7727.97172619199
738000	-6608.106671146724
738500	-6497.670869113152
739000	-5888.883161205794
739500	-5390.962945132624
740000	-5206.9082552271575
740500	-6634.858284832024
741000	-7026.225313073084
741500	-7978.67360898788
742000	-10109.948650910457
742500	-9908.983809987476
743000	-10281.546615853715
743500	-10083.881033380658
744000	-10211.827161024006
744500	-9719.8643737163
745000	-9873.377790511164
745500	-10043.451368386875
746000	-10346.197292492408
746500	-10478.288511352854
747000	-10356.74101630684
747500	-10515.844958886892
748000	-10210.975167476863
748500	-10583.2858361055
749000	-10075.145321025177
749500	-10106.448826020885
750000	-10002.036107884082
750500	-10580.216815106553
751000	-10630.51690181269
751500	-10725.241250601073
752000	-10722.895196688793
752500	-10711.985981766204
753000	-10322.143148273804
753500	-10372.845984716307
754000	-10179.796467274746
754500	-10097.60215156215
755000	-10759.427089245697
755500	-10531.130512293528
756000	-10140.27332336163
756500	-10145.521239738726
757000	-10609.302730945874
757500	-10596.22550933506
758000	-10669.183509129374
758500	-10566.034812774793
759000	-10611.97430731001
759500	-10706.316977445387
760000	-10500.876245914658
760500	-10458.700669368196
761000	-10559.308032837189
761500	-10752.816871900724
762000	-10701.459143970422
762500	-10359.579020221705
763000	-10215.169759756627
763500	-10250.473715441494
764000	-10383.676248052903
764500	-8799.46686400798
765000	-8734.638612481333
765500	-8326.312927502226
766000	-7915.355682765168
766500	-8038.885516547746
767000	-9024.99839436805
767500	-9399.398895701604
768000	-9041.328296763633
768500	-8179.516685481857
769000	-9184.068135278241
769500	-9251.318159047056
770000	-9183.978319432345
770500	-9482.84169900956
771000	-9451.8709904081
771500	-8886.586625510736
772000	-9046.581654320942
772500	-9302.549513560989
773000	-9287.446794082878
773500	-9371.440177333812
774000	-9434.767882306578
774500	-9493.590629556003
775000	-9245.943279467436
775500	-9296.454442655513
776000	-9496.244775062913
776500	-9440.68364658852
777000	-9436.520333482667
777500	-9254.547852015969
778000	-9473.434626690398
778500	-8314.70076978217
779000	-8368.508012060272
779500	-8472.885631222349
780000	-8433.805227873176
780500	-8503.072254101282
781000	-8490.116919269933
781500	-8319.85415758327
782000	-7088.615713819951
782500	-5814.774641602256
783000	-5867.091325515791
783500	-6050.694125319467
784000	-6056.440856085371
784500	-5960.851284158267
785000	-5748.95943948309
785500	-6599.895514048713
786000	-6779.24132976564
786500	-6918.189206290264
787000	-5609.337607488171
787500	-6067.236235065857
788000	-6452.356284564382
788500	-5522.559103684864
789000	-5620.419469666038
789500	-6227.742758778045
790000	-6488.949541275239
790500	-8197.77948915464
791000	-8103.340983430177
791500	-4849.2091768383825
792000	-7235.884827090357
792500	-8340.731745512383
793000	-8332.269592871344
793500	-8850.406716921081
794000	-8791.427501204054
794500	-9422.737387125508
795000	-9146.268786137442
795500	-9252.856390077799
796000	-9666.261781379222
796500	-8964.145347825519
797000	-9708.057043762268
797500	-9067.900342360514
798000	-9025.127488039772
798500	-8431.490387127476
799000	-7999.126815402465
799500	-8902.317795652189
800000	-8674.566874855993
800500	-9147.340061741608
801000	-9866.586453999482
801500	-9961.999826728183
802000	-9736.181709256165
802500	-9262.401309401743
803000	-9802.372634778741
803500	-10655.044613496691
804000	-9934.95440341582
804500	-9582.761221616187
805000	-9852.324595628223
805500	-8600.358703277598
806000	-6976.946612223415
806500	-9981.71406544672
807000	-10471.312773572423
807500	-9846.772351155048
808000	-10100.977350150713
808500	-9039.890130785005
809000	-9059.90664379512
809500	-9714.75509261012
810000	-7115.114253237331
810500	-5400.794905375231
811000	-5705.457105596666
811500	-5558.700332108997
812000	-6364.609767338128
812500	-5616.203073833302
813000	-5330.885096787955
813500	-4647.941034802118
814000	-5089.725456457265
814500	-7518.779597697525
815000	-7506.239350104006
815500	-7629.44915028444
816000	-8324.949661986178
816500	-7661.5530944077
817000	-6030.2721559304755
817500	-7150.881904795696
818000	-7875.428640349457
818500	-8018.030681757671
819000	-7951.371203456401
819500	-7460.131590600942
820000	-7060.572892183667
820500	-7658.350444453198
821000	-6212.602105421552
821500	-6495.6781298804835
822000	-7215.999200923403
822500	-8153.992886528937
823000	-9350.756687765695
823500	-9316.71246217569
824000	-9378.355089351737
824500	-9376.887054038356
825000	-9357.824091043694
825500	-9339.50873666949
826000	-9045.740824667313
826500	-9076.485890224161
827000	-8860.843076201243
827500	-9005.44959977002
828000	-9061.91230464922
828500	-9118.964650790773
829000	-8706.325898552332
829500	-7807.438211705048
830000	-8223.694449284932
830500	-7741.558615709747
831000	-8253.759797038196
831500	-9281.753383593099
832000	-11733.164322530694
832500	-11667.023144551078
833000	-11898.781684718251
833500	-10892.789732916975
834000	-11752.895036366714
834500	-12292.734272436226
835000	-12425.775912965084
835500	-11339.61729782586
836000	-11156.353625199119
836500	-11589.758166584332
837000	-11663.572204560132
837500	-11553.33759599768
838000	-11527.146083993905
838500	-11718.218909719586
839000	-11331.61595600699
839500	-11295.32030792047
840000	-11398.968271980235
840500	-11591.004824540354
841000	-11332.896899853982
841500	-11595.17055785351
842000	-11296.86799642072
842500	-11493.463342702498
843000	-11731.982554587012
843500	-11724.2356173994
844000	-11530.176613896436
844500	-11577.789896534105
845000	-11504.094596681643
845500	-11391.866879505551
846000	-10908.092986188738
846500	-10232.123359234507
847000	-5760.824693203586
847500	-5129.285959718775
848000	-5471.293952598417
848500	-10077.458392317567
849000	-5993.301833803041
849500	-6986.301554605267
850000	-8033.359767999122
850500	-8842.654908856526
851000	-9461.834065353552
851500	-10416.213086298576
852000	-10516.69536089549
852500	-10542.157595751472
853000	-5802.3251922180225
853500	-4707.469093682947
854000	-4729.828995078319
854500	-4993.858130973473
855000	-5736.5233394653715
855500	-8248.718965047623
856000	-8748.80618484415
856500	-8992.946630651153
857000	-5667.666236598889
857500	-4673.807126320065
858000	-4662.642911448653
858500	-5101.6092567529995
859000	-5282.306399984649
859500	-5625.238543384033
860000	-5617.554785275307
860500	-5627.032627555736
861000	-5546.478598159791
861500	-5662.7271389869775
862000	-6147.841304754101
862500	-6285.233972449752
863000	-6653.67710496827
863500	-7018.3079475682525
864000	-7121.014110683851
864500	-6317.718259949623
865000	-5098.761810786986
865500	-5300.820837342805
866000	-4826.398675722464
866500	-5651.4902574304815
867000	-5471.37144274445
867500	-5362.547230478798
868000	-5566.51328076337
868500	-5573.75896177771
869000	-5118.986420469735
869500	-4915.211038812467
870000	-4453.071561747122
870500	-4252.51723748822
871000	-4272.63069477317
871500	-4215.058192464122
872000	-4516.201263805202
872500	-5211.330833801943
873000	-4503.327492310576
873500	-4451.549655620861
874000	-4372.175146199972
874500	-5777.007825786013
875000	-5665.078867962766
875500	-5597.26152456388
876000	-6076.750881696043
876500	-5116.6751766020825
877000	-5477.518874907642
877500	-4171.063891787867
878000	-4254.242884074717
878500	-4373.3457628659535
879000	-4259.169787847305
879500	-4363.113287457086
880000	-4411.090765782383
880500	-6267.934700975092
881000	-6082.246718889652
881500	-6312.691073084064
882000	-4988.563228234814
882500	-4983.730693855163
883000	-5134.445609526452
883500	-4864.491932103916
884000	-5102.039411950349
884500	-4982.794093337567
885000	-4529.287072581156
885500	-5112.549109169478
886000	-5185.443601828243
886500	-5639.236093256248
887000	-5354.284936800982
887500	-5046.955120404125
888000	-4911.685728269486
888500	-5357.790043464015
889000	-5605.139904751865
889500	-5893.719462871362
890000	-5216.217162736546
890500	-5729.140787959951
891000	-5546.012033783065
891500	-5283.670170477212
892000	-5246.879118689394
892500	-5283.360286764036
893000	-4968.621997393735
893500	-4986.574871032428
894000	-5123.724805879044
894500	-5464.201196790382
895000	-5299.8509739707315
895500	-5012.558743253286
896000	-4792.906555174996
896500	-4708.44448890017
897000	-4873.171058127373
897500	-5015.763957353277
898000	-5075.9566706998685
898500	-4446.15730013145
899000	-4474.775277735347
899500	-4775.066813773412
900000	-4702.088040344063
900500	-4718.4978113451425
901000	-4943.601391328319
901500	-4667.418275399226
902000	-4823.137120780801
902500	-5155.10246295902
903000	-5013.923434832572
903500	-4797.905472956038
904000	-4752.944280373511
904500	-4801.567638008952
905000	-4941.675300736296
905500	-4928.596204997512
906000	-4453.943137662331
906500	-4600.986827742494
907000	-5486.870023913066
907500	-5755.008988107937
908000	-5112.0828364469835
908500	-4823.83272461932
909000	-4820.662504014121
909500	-4684.905443918722
910000	-4786.383255114606
910500	-4489.224979849652
911000	-5002.398149772027
911500	-5115.376975188404
912000	-5232.986217284883
912500	-5054.237035202017
913000	-4927.3071880930165
913500	-4553.337968814398
914000	-5155.201351254895
914500	-4616.644260541905
915000	-4791.912040445406
915500	-4906.648633285949
916000	-5620.735080612364
916500	-5401.22578506386
917000	-5249.239650591124
917500	-5558.712152368852
918000	-5626.413233288315
918500	-5623.326970918289
919000	-6232.994634609995
919500	-6119.05216298138
920000	-6199.276055824224
920500	-6335.132845314856
921000	-6135.934346075201
921500	-5930.4987407043545
922000	-6197.203311438806
922500	-5390.849283288439
923000	-5722.405446916609
923500	-5791.639489756189
924000	-6445.0663148995245
924500	-6713.723188690886
925000	-6480.805247266036
925500	-7000.053663784228
926000	-6851.641799475365
926500	-6634.078999571036
927000	-6989.370227473464
927500	-7329.769605360404
928000	-6435.849625707234
928500	-6535.816812098435
929000	-6288.720211927159
929500	-6120.536770354744
930000	-8957.280165496442
930500	-8808.336803097574
931000	-9048.439188702449
931500	-9065.101384363026
932000	-8949.175154703149
932500	-9048.582159273192
933000	-9032.808117310873
933500	-8992.867383914963
934000	-8757.188702533627
934500	-8706.696492280545
935000	-7813.697337703039
935500	-5021.122983030247
936000	-4726.919154204069
936500	-4895.358863745591
937000	-4588.741794412173
937500	-4893.323986337224
938000	-4766.057466218996
938500	-5099.682482250417
939000	-6517.422833471816
939500	-6573.973519835554
940000	-6764.871892561019
940500	-6932.172781793115
941000	-6921.98910263251
941500	-6991.865098199286
942000	-6697.489056983513
942500	-6414.069016319806
943000	-6354.10325156224
943500	-6345.941936487826
944000	-6836.966375880832
944500	-6394.075657471758
945000	-5541.811401835429
945500	-5878.514882015706
946000	-6560.676539023738
946500	-6506.931148931876
947000	-8103.226581518631
947500	-8068.277772936495
948000	-7050.755885486965
948500	-6609.5656867604075
949000	-5924.965035189126
949500	-5310.0512871092005
950000	-5730.798230808768
950500	-5390.167814271021
951000	-5096.24171195073
951500	-4873.2993259460545
952000	-4814.649883412723
952500	-4920.671144612039
953000	-5107.807087665533
953500	-5294.382356424375
954000	-4836.244027377136
954500	-5867.447863004726
955000	-5347.420561233781
955500	-4769.625112974824
956000	-4853.152440162993
956500	-4803.80387021278
957000	-4902.908051733616
957500	-6173.863917054973
958000	-5104.21544202395
958500	-7103.420395506859
959000	-8008.060496115758
959500	-8040.0100814948
960000	-7981.156385913869
960500	-7720.340911138279
961000	-6426.777394984238
961500	-6835.556409707718
962000	-6706.541226763437
962500	-6888.354197985801
963000	-6844.297397465203
963500	-6721.419410187604
964000	-7459.184306241091
964500	-7596.556708825374
965000	-7495.554942438084
965500	-7700.5612137496155
966000	-7723.1290414351915
966500	-7652.691428392138
967000	-7714.013940152986
967500	-7801.8717401778895
968000	-7750.531398796709
968500	-7574.002832207865
969000	-7401.787953125154
969500	-7417.019690588031
970000	-7683.254354943363
970500	-7899.251365570737
971000	-7746.300906524327
971500	-7745.47916039065
972000	-7724.413850621688
972500	-7743.3789150438515
973000	-7399.400227695591
973500	-7612.581118962769
974000	-7140.625017274209
974500	-6833.012532042253
975000	-7699.680598177684
975500	-7403.521682849577
976000	-7009.48227752237
976500	-7028.078590768306
977000	-7365.954434321416
977500	-7825.035477043229
978000	-7803.179563421171
978500	-7412.192222485118
979000	-7685.840365836943
979500	-7454.267338761239
980000	-7562.811312457256
980500	-7326.193459565595
981000	-7572.7102605256305
981500	-7210.972691659502
982000	-7050.678483918261
982500	-7113.463700631482
983000	-6891.598235639527
983500	-7601.3875410154615
984000	-7683.794833852
984500	-7365.8480538178155
985000	-6521.13234972383
985500	-7385.913772868738
986000	-7354.635382352382
986500	-7537.09347700056
987000	-7718.639191704674
987500	-7670.704440082068
988000	-7761.3030407589495
988500	-7692.315390107765
989000	-7424.405044241858
989500	-7531.516041213409
990000	-7512.143768261985
990500	-7639.777468217332
991000	-7650.816908735049
991500	-7592.113274797865
992000	-7522.967198648928
992500	-7640.054003320768
993000	-7757.154252566561
993500	-7481.283703755693
994000	-7393.388112364165
994500	-7571.376708206492
995000	-7576.898585420162
995500	-7797.394532364103
996000	-7810.816108848118
996500	-7808.670469265707
997000	-7716.952111386812
997500	-7786.508642185749
998000	-7775.113737912851
998500	-7779.580573592804
999000	-7725.870044938679
999500	-7518.734119466184
1000000	-7287.094203656967
1000500	-7880.702663931225
1001000	-8267.891867244933
1001500	-8261.206004516858
1002000	-8810.796723055726
1002500	-8912.570841305678
1003000	-9006.015964823497
1003500	-9828.553778190997
1004000	-8798.961659024906
1004500	-8900.715017831002
1005000	-8696.054858749434
1005500	-5674.30111571958
1006000	-4823.147780547007
1006500	-4943.727491666009
1007000	-4709.322407386249
1007500	-4531.293442681613
1008000	-4582.660893359404
1008500	-5191.996204883201
1009000	-5516.555997228274
1009500	-8295.093135715004
1010000	-8275.47535309468
1010500	-4962.440751342221
1011000	-5226.169693107184
1011500	-4720.017653472197
1012000	-4623.617545446453
1012500	-4859.754684917087
1013000	-5629.30396589647
1013500	-6377.1199181320735
1014000	-6338.424477532645
1014500	-5500.089276766393
1015000	-5553.826502101402
1015500	-6048.5303652679195
1016000	-5663.565701690791
1016500	-5233.7109578449645
1017000	-5075.798839675086
1017500	-5996.159308567072
1018000	-5183.456136020109
1018500	-5074.726313416898
1019000	-4578.236694365466
1019500	-4707.336801783148
1020000	-5160.827656532044
1020500	-4460.182824901551
1021000	-4554.921397493341
1021500	-4634.786047510152
1022000	-4427.504611967039
1022500	-4617.665313625581
1023000	-4570.934052329028
1023500	-4781.675919549618
1024000	-4628.271089653393
1024500	-4797.368789576852
1025000	-4911.785345085542
1025500	-5705.651584444869
1026000	-4600.53734836715
1026500	-4585.602752062571
1027000	-7356.279024760886
1027500	-7478.718179199126
1028000	-7126.264110245853
1028500	-7258.122737240035
1029000	-7189.591401025674
1029500	-7673.285171205648
1030000	-6982.143828871764
1030500	-7377.863273543075
1031000	-7231.388328018581
1031500	-6962.257772485133
1032000	-7176.839481254245
1032500	-8619.989965894858
1033000	-8596.448708512458
1033500	-8428.49338798785
1034000	-8396.60873200243
1034500	-8458.075281085046
1035000	-8519.769855151682
1035500	-8455.70926077138
1036000	-8100.3487126805185
1036500	-7553.1348289448815
1037000	-7021.311415972675
1037500	-6708.802213946085
1038000	-6624.998416115714
1038500	-7093.870565783958
1039000	-5994.594831601814
1039500	-5546.203701267844
1040000	-5436.002955511634
1040500	-5098.712110762534
1041000	-5260.694622017523
1041500	-4854.380470461097
1042000	-4504.064812522575
1042500	-5717.53340664761
1043000	-6338.308674458859
1043500	-7544.243588097832
1044000	-7368.867272983959
1044500	-6413.569596926133
1045000	-5974.160939017929
1045500	-6420.134230546151
1046000	-6476.584488712398
1046500	-6263.065416761323
1047000	-6473.989102070803
1047500	-6537.663985228997
1048000	-6571.166773457172
1048500	-6517.086430870937
1049000	-6510.51080354056
1049500	-5928.132956850963
1050000	-4821.1115215031805
1050500	-4929.191166916921
1051000	-5259.642159256269
1051500	-5649.295948867501
1052000	-5700.212639221038
1052500	-5722.894501059661
1053000	-6082.575148123369
1053500	-5737.332205310703
1054000	-5571.627853918021
1054500	-6079.910812295667
1055000	-6306.495534884599
1055500	-6545.983054132662
1056000	-6607.580407129785
1056500	-6440.469710802074
1057000	-6609.402676897775
1057500	-6542.792217813369
1058000	-6614.401613987746
1058500	-6615.0785686639865
1059000	-6345.148887522562
1059500	-6459.524146344156
1060000	-6534.343539281184
1060500	-6539.68783128999
1061000	-6615.076500445254
1061500	-6615.078613772433
1062000	-6615.0114185966095
1062500	-6615.078613881884
1063000	-6611.828700286524
1063500	-6590.024861549529
1064000	-6522.960447734053
1064500	-6600.415672127546
1065000	-6235.9144510136075
1065500	-6165.594277991712
1066000	-6384.367538176186
1066500	-6326.035978269726
1067000	-5487.1626208344205
1067500	-5154.686062768444
1068000	-4789.12662308092
1068500	-4696.065074395883
1069000	-5109.2008704664
1069500	-5138.053544964782
1070000	-4985.557453112291
1070500	-5463.183593803019
1071000	-6514.3644392158285
1071500	-6577.948816427573
1072000	-5853.5810983603
1072500	-5630.1182311190305
1073000	-5404.518829393492
1073500	-5034.616855995979
1074000	-5138.618983313995
1074500	-5202.411423898347
1075000	-5138.419292362928
1075500	-5191.766161422055
1076000	-4773.033905080113
1076500	-4342.116202476144
1077000	-4939.959859740115
1077500	-4771.495948987613
1078000	-4782.521101799986
1078500	-4953.62253202496
1079000	-5122.231301879956
1079500	-4807.334967118537
1080000	-4836.782891127048
1080500	-4760.285938366746
1081000	-4841.353744998527
1081500	-4450.684497811598
1082000	-4425.932026306675
1082500	-4498.001323645862
1083000	-4928.613558680234
1083500	-4910.329783414682
1084000	-4833.703155578678
1084500	-4913.205131363331
1085000	-5240.955755775502
1085500	-4982.0031701491
1086000	-4966.800321741003
1086500	-4809.937711198216
1087000	-5065.303030443438
1087500	-4904.04851330572
1088000	-5236.414098161488
1088500	-5360.3821502475685
1089000	-4860.266502736506
1089500	-5241.505654732079
1090000	-4739.716402021847
1090500	-4715.269230609194
1091000	-4620.107496841971
1091500	-4735.338114396289
1092000	-4994.9866668988625
1092500	-5670.990206593536
1093000	-5715.44663527195
1093500	-4797.650695735585
1094000	-4945.032675519102
1094500	-5027.691912083856
1095000	-5062.893357526433
1095500	-4835.563046876181
1096000	-4652.717173998229
1096500	-4670.083047583954
1097000	-4802.300219672649
1097500	-5107.905482743263
1098000	-4943.867879995116
1098500	-4724.650492807137
1099000	-4595.258206853875
1099500	-4647.212198078362
1100000	-6053.94143402231
1100500	-5553.77393426473
1101000	-5068.403466928999
1101500	-4886.78096227668
1102000	-5001.909331457352
1102500	-4914.348846264902
1103000	-4759.4404387281975
1103500	-4915.527318026225
1104000	-5520.185702307607
1104500	-5512.408904440759
1105000	-5285.3268696902105
1105500	-5386.758984680829
1106000	-5454.043917477261
1106500	-6350.745396262649
1107000	-6627.237544335587
1107500	-6339.636109819779
1108000	-5930.420487044056
1108500	-6302.9469682949975
1109000	-6456.131540246213
1109500	-6919.962230636995
1110000	-7119.030883093704
1110500	-6650.973749263656
1111000	-6390.005313489318
1111500	-6378.279339285036
1112000	-5910.491228717123
1112500	-5751.662767709373
1113000	-6033.848658498583
1113500	-6011.544308806052
1114000	-6092.972984394383
1114500	-6258.919848640311
1115000	-6178.2489185116565
1115500	-6262.171696545763
1116000	-6257.296564693968
1116500	-5744.504836278779
1117000	-6152.151084419522
1117500	-6044.2179752866505
1118000	-6011.407958951371
1118500	-6164.459468244075
1119000	-5666.0150165020805
1119500	-5548.289046826276
1120000	-5413.048150163859
1120500	-6029.169733777069
1121000	-5704.671207804043
1121500	-5456.8088210740725
1122000	-5465.984149519088
1122500	-5636.150223424046
1123000	-5765.460570816829
1123500	-5811.425112211861
1124000	-6343.70370746471
1124500	-6613.116697378869
1125000	-6408.069462182027
1125500	-5813.324199905309
1126000	-5854.946255275499
1126500	-6142.271715792476
1127000	-5106.5213035732995
1127500	-5696.617241686396
1128000	-5743.888746579922
1128500	-6501.003931834699
1129000	-6442.511021502057
1129500	-6304.893003103644
1130000	-6209.030870938242
1130500	-6434.100464714265
1131000	-6194.489014979903
1131500	-6235.302865546013
1132000	-6053.323684663171
1132500	-5887.167227725254
1133000	-6620.686944763157
1133500	-6625.7104374062055
1134000	-6460.515850571288
1134500	-6357.2832367609935
1135000	-6220.670374679765
1135500	-6212.177872814835
1136000	-5849.780439855426
1136500	-5939.676679136004
1137000	-5193.065561545229
1137500	-5206.950413805742
1138000	-5261.645470744042
1138500	-5299.857578697556
1139000	-4717.799810114129
1139500	-4665.005644185381
1140000	-4524.442684626847
1140500	-4498.320906022684
1141000	-4581.885552991828
1141500	-4770.2705812693475
1142000	-4911.066497284373
1142500	-4647.743349730739
1143000	-4733.858376654685
1143500	-5050.550771468689
1144000	-5191.266740042562
1144500	-5245.559136362598
1145000	-4615.3074647378635
1145500	-4780.042120769932
1146000	-4886.556947351647
1146500	-4718.364238965866
1147000	-4801.264044108711
1147500	-5123.107525361128
1148000	-4698.649783463096
1148500	-4702.426817970902
1149000	-4515.332995543261
1149500	-5076.700890787302
1150000	-5289.777296844081
1150500	-5358.932191022828
1151000	-5491.722348107133
1151500	-5345.570710258793
1152000	-5396.945673848862
1152500	-5474.735294917759
1153000	-5560.456717417303
1153500	-5477.5488702177145
1154000	-5717.786540331234
1154500	-6153.43309980592
1155000	-6392.318352011108
1155500	-6603.650290559764
1156000	-6479.867529990483
1156500	-6407.212562311859
1157000	-6112.367961219905
1157500	-5583.61288072698
1158000	-5293.980568343462
1158500	-4731.144329066619
1159000	-5069.742592928915
1159500	-5119.739362757128
1160000	-4629.490656195139
1160500	-5013.136719244629
1161000	-4742.628590317473
1161500	-4465.793069285791
1162000	-4462.465872875751
1162500	-4524.3905909411515
1163000	-4454.083183362167
1163500	-4330.756249910616
1164000	-4416.573927821427
1164500	-4420.715334131818
1165000	-4439.175834418733
1165500	-4782.93292719476
1166000	-4833.251932349962
1166500	-4778.441033489962
1167000	-5389.497964447752
1167500	-5370.601715428138
1168000	-5386.703727343579
1168500	-5300.824108434118
1169000	-5279.332277207156
1169500	-5070.230765416816
1170000	-5050.187852859963
1170500	-4834.848357757881
1171000	-4641.223935928362
1171500	-4972.828518656191
1172000	-5181.945389186819
1172500	-5225.655263735246
1173000	-5621.242480183747
1173500	-5581.0609781766025
1174000	-5355.597701243421
1174500	-5716.33365175623
1175000	-5750.355465514675
1175500	-6892.893460347039
1176000	-6914.345985653798
1176500	-6068.362296449036
1177000	-5875.56102636889
1177500	-6018.668995548341
1178000	-6042.180606000758
1178500	-6653.2904862019495
1179000	-6122.661960501001
1179500	-6311.7410689602475
1180000	-6243.69871979798
1180500	-6364.254821681979
1181000	-6747.389546368766
1181500	-6873.967852994911
1182000	-7122.609050836136
1182500	-7129.331510646693
1183000	-6642.041926102378
1183500	-6784.152272986773
1184000	-7514.7562231405
1184500	-7614.441824988556
1185000	-7863.920560869556
1185500	-8101.830444788982
1186000	-7874.034306968514
1186500	-7805.110295933665
1187000	-7598.05373183203
1187500	-7953.821954781595
1188000	-6562.788052337807
1188500	-6878.037079595282
1189000	-7099.274001470489
1189500	-6997.511459845786
1190000	-6720.761014538853
1190500	-7071.474332038171
1191000	-6925.649685063513
1191500	-7179.115107891475
1192000	-7042.359200384581
1192500	-7041.460057066038
1193000	-7099.8031257493785
1193500	-7707.596654019943
1194000	-7247.485313653144
1194500	-7205.193704596548
1195000	-7543.987352978963
1195500	-7788.253400686779
1196000	-7420.132255183523
1196500	-6852.137370278704
1197000	-6911.4001632992795
1197500	-7054.775633230388
1198000	-6833.504757577041
1198500	-6221.168985331991
1199000	-6179.07109066014
1199500	-6202.670040006634
1200000	-5961.7585317314115
1200500	-6191.823431046311
1201000	-6381.52703050502
1201500	-6265.376293513421
1202000	-5973.322430615703
1202500	-5967.50223233881
1203000	-6091.8509236965965
1203500	-6282.725144210058
1204000	-5925.861797623193
1204500	-5670.9056283871705
1205000	-5669.9821828574495
1205500	-5301.5719075785355
1206000	-4784.70635189757
1206500	-4841.944900526208
1207000	-4673.966879776487
1207500	-5030.327656937856
1208000	-5165.16416339834
1208500	-5351.144030246117
1209000	-5471.920062074345
1209500	-5835.301343803175
1210000	-5685.874149073474
1210500	-5943.298443191028
1211000	-6798.972733777652
1211500	-6640.031065374462
1212000	-6009.658586170855
1212500	-5294.330126079601
1213000	-5661.761550601438
1213500	-5723.427144581745
1214000	-6020.009024287182
1214500	-6358.487948465932
1215000	-6219.315990069703
1215500	-6515.687646918497
1216000	-6502.007988485146
1216500	-6535.07729770406
1217000	-5865.414725656399
1217500	-5458.0167157517635
1218000	-5306.074937576233
1218500	-4840.430140528692
1219000	-4783.8458130106455
1219500	-4893.621237424287
1220000	-4821.171288052884
1220500	-4865.994841878673
1221000	-5088.556690056373
1221500	-5036.184983708582
1222000	-4914.377769122215
1222500	-4877.3191405550815
1223000	-4919.278565728485
1223500	-4866.991314603065
1224000	-4617.820292258458
1224500	-4849.935684526371
1225000	-5020.137825030538
1225500	-4949.39803506944
1226000	-5085.820855197099
1226500	-4555.188873301869
1227000	-4756.829662577193
1227500	-4812.700638352317
1228000	-4700.989351268903
1228500	-4659.23924535562
1229000	-4750.154454984707
1229500	-4600.649090361163
1230000	-4509.740127190867
1230500	-4779.822462351393
1231000	-5082.354050815273
1231500	-5169.22408423871
1232000	-4799.675217494832
1232500	-5050.211790424625
1233000	-5061.052145479066
1233500	-4988.483932306011
1234000	-5547.5906770852325
1234500	-6394.860212424622
1235000	-6386.803266589596
1235500	-5779.96807246104
1236000	-5870.117589300996
1236500	-6352.84891023877
1237000	-6219.9413374673495
1237500	-6059.721177988043
1238000	-5474.138354145927
1238500	-5622.053859051575
1239000	-5792.569008477873
1239500	-6003.891843127586
1240000	-6261.789371610434
1240500	-6513.927302425884
1241000	-6607.962154796752
1241500	-6632.077665022578
1242000	-6842.074943947636
1242500	-6500.896755317183
1243000	-6413.128446693147
1243500	-5881.839929808926
1244000	-5813.552193610425
1244500	-6340.279398322949
1245000	-5991.71663563199
1245500	-5802.744835074797
1246000	-5531.003528060606
1246500	-5207.8223351949655
1247000	-5347.500847926904
1247500	-5391.569365497676
1248000	-5352.059142666868
1248500	-5468.281122326639
1249000	-5577.810522198954
1249500	-5923.244753753356
1250000	-6001.8552451450205
1250500	-6094.218304222579
1251000	-6096.446020934058
1251500	-5715.810824719376
1252000	-6185.816833317488
1252500	-6207.920031113567
1253000	-5891.989589995829
1253500	-6446.221921131647
1254000	-6465.708476957637
1254500	-6289.468358185551
1255000	-6640.067377111915
1255500	-6225.812881588441
1256000	-6408.694437159898
1256500	-5394.531782283542
1257000	-5187.691999108737
1257500	-5356.371537336703
1258000	-5234.676380761724
1258500	-5025.998649744672
1259000	-4673.167019509908
1259500	-4917.881227277492
1260000	-4331.706206689252
1260500	-4399.621745603207
1261000	-5040.604663472228
1261500	-5067.400277992854
1262000	-4976.635712016343
1262500	-5300.018824863689
1263000	-5239.831689537983
1263500	-4472.79033199844
1264000	-5131.297289677285
1264500	-5222.598312407825
1265000	-5399.277797679586
1265500	-5834.79893512171
1266000	-6244.798152643306
1266500	-6044.30029908975
1267000	-6176.553270210446
1267500	-6970.918223899848
1268000	-7043.514684646667
1268500	-7603.005566553691
1269000	-7196.019811226414
1269500	-7154.340643391271
1270000	-6598.46195974495
1270500	-6650.320028457385
1271000	-6502.4148988627585
1271500	-6656.8301347389415
1272000	-6580.616198850364
1272500	-6997.566893064464
1273000	-7232.975688234032
1273500	-6758.193239192413
1274000	-7191.883465324444
1274500	-7207.123916942297
1275000	-8298.877145477467
1275500	-8135.647321546197
1276000	-7970.49208565109
1276500	-8019.429179527289
1277000	-8381.360221970657
1277500	-8264.37777386844
1278000	-8265.298411341391
1278500	-8033.727571599279
1279000	-8713.681813391773
1279500	-8148.426911930196
1280000	-8006.957543191245
1280500	-8006.489243419763
1281000	-7911.692866930811
1281500	-7800.942804238878
1282000	-8369.740176586192
1282500	-8203.445201624168
1283000	-8620.838397171561
1283500	-8655.998241248628
1284000	-8187.622945390216
1284500	-8159.903075050084
1285000	-8286.549853199049
1285500	-8415.902207948579
1286000	-8302.58303527617
1286500	-8236.892996955969
1287000	-7802.630573823535
1287500	-8047.85997184237
1288000	-8146.468510543774
1288500	-8257.117260927762
1289000	-7955.232168561696
1289500	-8500.904150618026
1290000	-8135.455434587624
1290500	-8117.646617611668
1291000	-7854.668683891528
1291500	-8523.146106835207
1292000	-8610.713094770701
1292500	-8485.91977364117
1293000	-8155.402211539398
1293500	-9102.722485929042
1294000	-8933.140414842668
1294500	-8650.930204899012
1295000	-8708.63204562313
1295500	-8290.722464232047
1296000	-7504.323996661589
1296500	-7780.760777079866
1297000	-7588.851982768504
1297500	-8004.296707742277
1298000	-8348.082521811584
1298500	-7745.534293661932
1299000	-7742.571337564355
1299500	-7507.9360617970615
1300000	-8014.29983824919
1300500	-8049.286598541159
1301000	-7360.335782757341
1301500	-7310.295994761744
1302000	-6983.807186220777
1302500	-7010.415675830076
1303000	-7630.02253715556
1303500	-7600.331820844456
1304000	-7481.318563241058
1304500	-7638.86510505019
1305000	-8120.08295770624
1305500	-7920.358846747532
1306000	-8011.13792784243
1306500	-8040.464675177825
1307000	-7951.304818763154
1307500	-7800.9896179701445
1308000	-7656.100229874072
1308500	-7585.228889137579
1309000	-7553.195015854731
1309500	-7559.5368749647605
1310000	-7371.789900264219
1310500	-7860.343118008067
1311000	-7803.4624005894775
1311500	-8114.36441845463
1312000	-7594.658304300731
1312500	-7601.813078040072
1313000	-7361.056267331832
1313500	-7741.590465194066
1314000	-7572.714658474707
1314500	-7798.166491606999
1315000	-7275.260337975961
1315500	-7201.913985734514
1316000	-7351.365870383406
1316500	-7483.266625897322
1317000	-7514.649502614441
1317500	-7290.880609456644
1318000	-7382.600964554387
1318500	-7436.398552593548
1319000	-6797.757842870671
1319500	-6988.969687775927
1320000	-6904.354196931111
1320500	-7101.507014840359
1321000	-7028.205841819063
1321500	-7964.557031110477
1322000	-8420.76438560464
1322500	-7962.240443391962
1323000	-7971.03854173821
1323500	-7676.986679465103
1324000	-7509.513219289677
1324500	-7765.054068205616
1325000	-7686.758282070694
1325500	-7985.220944784974
1326000	-7708.0270140349
1326500	-7716.054630752257
1327000	-8109.655863177713
1327500	-8470.954131478731
1328000	-8660.235331459411
1328500	-8547.51173532248
1329000	-8510.024428099818
1329500	-7833.781535539386
1330000	-7846.1129241209965
1330500	-7714.5980747464
1331000	-7521.182779766599
1331500	-6881.409077820593
1332000	-6742.1966230377775
1332500	-6894.492429355126
1333000	-6411.139123269718
1333500	-6095.644028607508
1334000	-6288.62762912213
1334500	-5591.864177481156
1335000	-5483.312372706924
1335500	-5475.565184378311
1336000	-5414.913119229043
1336500	-5570.60933770887
1337000	-5487.46186209003
1337500	-5928.924779661275
1338000	-5657.66031664441
1338500	-5726.088759839134
1339000	-6563.357552395133
1339500	-6393.195815311396
1340000	-6791.045973146306
1340500	-6372.837751797212
1341000	-6340.00179741595
1341500	-5336.326143073914
1342000	-5461.263778881373
1342500	-5451.457536901822
1343000	-5144.629462279244
1343500	-5141.141043120028
1344000	-4878.819331050684
1344500	-4964.4224824040075
1345000	-5095.725580286894
1345500	-5199.168337697981
1346000	-5982.762117519911
1346500	-6786.874316330792
1347000	-7399.387825794698
1347500	-7554.524311613446
1348000	-7390.5527904038745
1348500	-8021.869741964983
1349000	-8112.112535818477
1349500	-8115.713163313763
1350000	-8062.383016995861
1350500	-8004.393674342082
1351000	-8086.488914239835
1351500	-8107.993162755761
1352000	-8071.406471731855
1352500	-7833.700121137427
1353000	-6216.473735988665
1353500	-7344.2305296876775
1354000	-7473.833184081513
1354500	-7361.373132156162
1355000	-7362.8244069697275
1355500	-7333.925416331559
1356000	-7508.424782590358
1356500	-7454.832484453961
1357000	-7252.185502351732
1357500	-7045.478900328156
1358000	-6528.074228511954
1358500	-6196.483820175573
1359000	-6205.537735315514
1359500	-5711.460330291046
1360000	-6193.720577920126
1360500	-5921.981871422612
1361000	-5182.167857632767
1361500	-5107.249075624802
1362000	-5932.217498307178
1362500	-5406.066137049505
1363000	-5757.787188738899
1363500	-5468.872175273184
1364000	-5117.009092887812
1364500	-4806.787059350202
1365000	-4909.621253065453
1365500	-4935.1204198690175
1366000	-4997.2087370917925
1366500	-5544.806263008662
1367000	-5700.787962017638
1367500	-5772.348806279862
1368000	-5915.488802373648
1368500	-4981.091124532555
1369000	-5412.841650610455
1369500	-5377.854321938372
1370000	-5323.543011331586
1370500	-4976.278127726347
1371000	-4783.599081133377
1371500	-4370.55849245916
1372000	-4636.258762049326
1372500	-4713.46019909854
1373000	-4592.303403180445
1373500	-4657.13499188437
1374000	-4598.536096864499
1374500	-4566.591413601631
1375000	-4944.511523652178
1375500	-4617.029141744014
1376000	-4429.075683580597
1376500	-5501.158040118838
1377000	-5406.107876048347
1377500	-4962.074083302442
1378000	-5580.343155625711
1378500	-7016.890014071071
1379000	-6884.616498182139
1379500	-7089.540192714463
1380000	-7332.552340311017
1380500	-6525.2591351398805
1381000	-7225.214003399869
1381500	-7346.023781301872
1382000	-7462.469289697778
1382500	-7484.476877995849
1383000	-7353.176012531146
1383500	-7314.331159536205
1384000	-7507.291301852865
1384500	-7532.921981756015
1385000	-7360.113502662477
1385500	-7533.051529452205
1386000	-7533.141568971825
1386500	-7496.512275038508
1387000	-7522.496985424722
1387500	-7357.241903365437
1388000	-7302.946422258562
1388500	-7449.45184227909
1389000	-7300.7575694445
1389500	-7315.890642863593
1390000	-7333.65946903469
1390500	-7156.283215621319
1391000	-6510.882233620935
1391500	-6218.074117265119
1392000	-6506.698825842643
1392500	-7247.481595029912
1393000	-7415.335192102549
1393500	-7421.524771500433
1394000	-7415.163024502192
1394500	-7280.106058398429
1395000	-7174.913810230146
1395500	-7241.5866762683
1396000	-7295.01993251139
1396500	-6365.233784336695
1397000	-6352.768492889467
1397500	-6315.59011371861
1398000	-6432.368507253302
1398500	-6480.3879637275895
1399000	-6516.04692950008
1399500	-6405.861822106751
1400000	-6459.184594570078
1400500	-6381.2166130650785
1401000	-6509.582083866543
1401500	-6529.698702684425
1402000	-6520.613951821024
1402500	-6310.26638775551
1403000	-6487.705817372684
1403500	-6500.562796012543
1404000	-6434.129774777113
1404500	-6486.08413113176
1405000	-6527.620157869322
1405500	-6513.259669835035
1406000	-6424.277635145
1406500	-6431.028660937339
1407000	-6554.647806535639
1407500	-6278.655501320575
1408000	-6349.950331357736
1408500	-6366.827773120145
1409000	-6463.7288167817815
1409500	-6271.9752289273465
1410000	-6403.3702616291785
1410500	-6545.926149496694
1411000	-6552.347074966417
1411500	-6556.939226912765
1412000	-6556.973795158331
1412500	-6556.973881414631
1413000	-6554.907371271716
1413500	-6544.0961848963725
1414000	-6554.235765657622
1414500	-6553.342860697746
1415000	-6556.94776716072
1415500	-6556.9738774296275
1416000	-6554.282499555032
1416500	-6449.171528562019
1417000	-6273.376031047763
1417500	-6233.007535895316
1418000	-6263.982346863811
1418500	-5805.360810930797
1419000	-6431.535373871884
1419500	-6313.878757009282
1420000	-6399.575415868463
1420500	-6440.539865807862
1421000	-6289.769411094898
1421500	-6249.4090498799715
1422000	-6074.961562823929
1422500	-6242.394558990527
1423000	-6251.285479284466
1423500	-6340.979246810121
1424000	-6146.605012319627
1424500	-5761.627703381952
1425000	-6255.640044553194
1425500	-5050.091979528959
1426000	-5222.423236057674
1426500	-4716.175383054709
1427000	-4730.68071933829
1427500	-4815.18453324926
1428000	-4710.831886861547
1428500	-5007.211630648428
1429000	-4608.841289023618
1429500	-4537.365669926041
1430000	-4667.791839221424
1430500	-4458.448648750668
1431000	-4541.027697709931
1431500	-4793.848961735005
1432000	-4964.967572235206
1432500	-5004.3710900047945
1433000	-4511.318400071562
1433500	-4590.360561558872
1434000	-4636.674531728881
1434500	-4174.616644220903
1435000	-4288.983001619245
1435500	-4485.687052053051
1436000	-4466.7601210269295
1436500	-4900.7563665596
1437000	-4595.1219752955885
1437500	-4483.38672185496
1438000	-4609.694309391509
1438500	-4630.564117064982
1439000	-5036.7148465788805
1439500	-4732.754180442558
1440000	-6551.060616795675
1440500	-6533.866206640314
1441000	-6016.557164326614
1441500	-4968.190530634029
1442000	-4896.382138196213
1442500	-4467.755313247451
1443000	-4573.615654873487
1443500	-4499.060852995554
1444000	-4772.190626267991
1444500	-4805.146881357233
1445000	-6093.018549790064
1445500	-6306.6481776165265
1446000	-7793.62730233428
1446500	-7537.8846945294445
1447000	-7648.456501059562
1447500	-7874.995046362137
1448000	-7976.349039232651
1448500	-7712.933409884031
1449000	-7022.844041006156
1449500	-7472.045267275919
1450000	-7777.637431581625
1450500	-7602.601135213625
1451000	-7943.778204277415
1451500	-8054.440762939742
1452000	-8112.635303750453
1452500	-6663.076333874365
1453000	-6484.593516509616
1453500	-8261.290815496131
1454000	-7939.30662353168
1454500	-7974.663830653781
1455000	-7935.198753733647
1455500	-8144.410940254847
1456000	-7957.149415813613
1456500	-8088.170219441169
1457000	-7923.370488704248
1457500	-6369.22853560937
1458000	-6426.690857534802
1458500	-6439.250105594522
1459000	-6460.02649635788
1459500	-6464.186771394115
1460000	-6585.484792536747
1460500	-6575.064800849587
1461000	-6585.432910465287
1461500	-6585.483980662152
1462000	-6584.189022474294
1462500	-6493.903327341203
1463000	-6190.036001552222
1463500	-6545.391438331733
1464000	-5854.159819703477
1464500	-5755.143964335286
1465000	-5199.228722512379
1465500	-4933.847862520684
1466000	-4782.42940247245
1466500	-4688.226899694058
1467000	-4668.017902199582
1467500	-4693.390202324258
1468000	-4465.027012106271
1468500	-4540.109414187908
1469000	-4825.503443162454
1469500	-5296.269763732173
1470000	-5571.767269690995
1470500	-6082.874725948449
1471000	-6213.021295940959
1471500	-6216.22590603054
1472000	-6145.021467932058
1472500	-6107.8611917470425
1473000	-5530.0874860890735
1473500	-5327.633296549413
1474000	-5177.101533012371
1474500	-4855.053470210525
1475000	-4714.372476309482
1475500	-4603.907945855881
1476000	-4543.650552530383
1476500	-4840.401699196589
1477000	-5148.054755595532
1477500	-4860.797561790894
1478000	-4955.537329268306
1478500	-4627.411953612316
1479000	-4336.564578120864
1479500	-4312.551435075328
1480000	-4360.699878506306
1480500	-4558.188037402947
1481000	-4842.417389577105
1481500	-4746.966029298909
1482000	-5036.293963604225
1482500	-5176.890267883603
1483000	-5190.492623120856
1483500	-5060.755471178841
1484000	-4810.62671040293
1484500	-4814.121247706315
1485000	-4726.278333478533
1485500	-4809.088725421786
1486000	-5844.479169685179
1486500	-6208.160805190022
1487000	-6706.257981215162
1487500	-6567.039103432866
1488000	-5777.746335706082
1488500	-5586.9475738447245
1489000	-5953.268354732352
1489500	-6459.529984867876
1490000	-6358.697779749651
1490500	-6518.4401647496925
1491000	-5774.913141656548
1491500	-4984.32129264228
1492000	-4575.482787795049
1492500	-4435.475812902816
1493000	-4458.855907004233
1493500	-4691.073488433339
1494000	-4645.458337719245
1494500	-4625.115661303581
1495000	-4476.302947034076
1495500	-4686.088962539794
1496000	-4486.653217731206
1496500	-4447.868307941554
1497000	-4728.973097271631
1497500	-5659.469440316579
1498000	-6423.531561645951
1498500	-5829.222842707793
1499000	-6386.75521304026
1499500	-6519.990613075335
1500000	-6581.238638164572
