Sample	likelihood
0	-3509.032965934214
500	-3501.727982147897
1000	-3523.758195225581
1500	-3517.243595552578
2000	-3490.2919109735726
2500	-3486.987767570651
3000	-3508.124615804575
3500	-3510.7328737673024
4000	-3511.375877023609
4500	-3491.6520649598956
5000	-3491.550002485272
5500	-3489.8246839214166
6000	-3489.0994934131663
6500	-3509.7524961568465
7000	-3525.0472411893265
7500	-3499.786154510302
8000	-3485.4344766626423
8500	-3483.342609626161
9000	-3484.3471803377465
9500	-3510.885992929437
10000	-3503.3076454856023
10500	-3481.182098696126
11000	-3493.9296545463717
11500	-3486.17099510137
12000	-3485.2072132225394
12500	-3489.544027076783
13000	-3518.956789464367
13500	-3514.473858673123
14000	-3520.7799035809007
14500	-3513.8833050128396
15000	-3524.5794953541395
15500	-3509.4271684816053
16000	-3510.8714571347955
16500	-3516.0229831677957
17000	-3499.2524675299646
17500	-3482.7705921974516
18000	-3522.9890376530357
18500	-3511.87460573957
19000	-3494.6456129092317
19500	-3528.9053325854893
20000	-3552.4418143881203
20500	-3499.9085729870394
21000	-3475.6114409724805
21500	-3499.49335285506
22000	-3481.5912938524407
22500	-3479.2447065033866
23000	-3527.5901199237633
23500	-3505.4265981047733
24000	-3502.3674072163317
24500	-3514.4451368320306
25000	-3519.283912843627
25500	-3515.6379725731244
26000	-3496.310821786014
26500	-3483.8483169906895
27000	-3498.6623905086376
27500	-3511.4976033941334
28000	-3492.4886873415253
28500	-3492.6583173351337
29000	-3489.57973956236
29500	-3472.732067506534
30000	-3496.4906498679175
30500	-3481.84176542428
31000	-3458.983134921663
31500	-3509.1921653450113
32000	-3491.367520626664
32500	-3465.9269321661923
33000	-3498.4858084501093
33500	-3487.850581591277
34000	-3512.427250909175
34500	-3520.243639186634
35000	-3487.3110682221704
35500	-3499.258819640125
36000	-3475.437445867274
36500	-3470.353383335461
37000	-3486.3123468766184
37500	-3501.7786670225887
38000	-3525.5445492418216
38500	-3497.518021755642
39000	-3485.6037740986585
39500	-3490.2386074868227
40000	-3512.4441529704827
40500	-3498.5201192142113
41000	-3547.416572561512
41500	-3532.7701443019123
42000	-3518.038669557311
42500	-3480.7875881092223
43000	-3511.0904342326967
43500	-3488.0197826232766
44000	-3456.005484091545
44500	-3483.4218033964607
45000	-3521.267634986902
45500	-3512.8215707446475
46000	-3501.805383963064
46500	-3496.9640882700896
47000	-3512.1843348785274
47500	-3507.323070589307
48000	-3474.082370012128
48500	-3487.4793281947477
49000	-3503.9102617417734
49500	-3503.288392704693
50000	-3498.0923131093386
50500	-3582.106882735456
51000	-3512.5389899906127
51500	-3520.405091555292
52000	-3514.1220168885134
52500	-3537.7480075832223
53000	-3503.852641891971
53500	-3517.2287161948975
54000	-3538.782348808067
54500	-3486.532868731151
55000	-3485.5380290464386
55500	-3503.397596046182
56000	-3509.3842406286626
56500	-3507.913002613108
57000	-3508.8990293079705
57500	-3506.647930721365
58000	-3519.4454438244857
58500	-3514.3933439544844
59000	-3507.79526370312
59500	-3482.03768621021
60000	-3514.3395929600933
60500	-3547.5742821964254
61000	-3511.076924346898
61500	-3504.914002201279
62000	-3510.524661090634
62500	-3491.2772813061897
63000	-3483.4884472903373
63500	-3489.056305827397
64000	-3528.3548275113126
64500	-3494.911375336727
65000	-3568.004092066576
65500	-3511.197908513426
66000	-3497.5962240552594
66500	-3519.356643006948
67000	-3508.778248913314
67500	-3531.262114911434
68000	-3488.013301428339
68500	-3499.0577179480943
69000	-3505.4830534437842
69500	-3490.316528554551
70000	-3490.0697305579542
70500	-3469.144340265859
71000	-3468.3965759421317
71500	-3481.9355353842193
72000	-3500.468534334696
72500	-3520.235132639882
73000	-3475.0875122374896
73500	-3473.462710192406
74000	-3483.2617920070534
74500	-3496.518778806968
75000	-3491.3710197395176
75500	-3526.6192185184636
76000	-3526.5950036543395
76500	-3547.022035267437
77000	-3544.166038159816
77500	-3576.1528528343147
78000	-3534.7030984988205
78500	-3527.8188894398486
79000	-3509.168159462061
79500	-3521.340195770147
80000	-3548.372701706213
80500	-3516.702814590491
81000	-3497.4637845393345
81500	-3484.5021316123966
82000	-3506.0781850303856
82500	-3538.290685607531
83000	-3500.3323504860095
83500	-3520.378327299754
84000	-3510.3160300220006
84500	-3501.3972709987675
85000	-3530.2079090451325
85500	-3504.480954984174
86000	-3502.983440825552
86500	-3541.2270263599416
87000	-3546.8258676563905
87500	-3491.2289744888717
88000	-3527.307520645912
88500	-3489.4523253339157
89000	-3484.6609630329085
89500	-3519.492567046732
90000	-3557.7571255801026
90500	-3544.768792729628
91000	-3518.626108264604
91500	-3508.0227351143662
92000	-3484.743739507449
92500	-3512.692907150602
93000	-3507.2127966570033
93500	-3520.8392596706262
94000	-3565.292556908308
94500	-3555.868097613898
95000	-3523.0075249507927
95500	-3513.5351732646436
96000	-3528.1379304584416
96500	-3543.008263098548
97000	-3546.5016487918992
97500	-3494.012802383089
98000	-3487.7932931567875
98500	-3487.068243796979
99000	-3479.2766458199603
99500	-3548.195445520962
100000	-3561.197367000153
100500	-3555.246241432034
101000	-3547.2071848147716
101500	-3538.8012526108564
102000	-3507.3279256018195
102500	-3540.707748117092
103000	-3517.0157637727534
103500	-3506.0847869064814
104000	-3539.3977584935033
104500	-3562.849433960054
105000	-3524.7763495200193
105500	-3565.1815740944667
106000	-3534.5251128680634
106500	-3508.856426507702
107000	-3517.240393309785
107500	-3516.7137906308626
108000	-3512.5455926496657
108500	-3539.966242415142
109000	-3521.416945704268
109500	-3507.621905081537
110000	-3537.884160294925
110500	-3504.40596789918
111000	-3523.1529082518005
111500	-3498.732226999272
112000	-3492.6912188052393
112500	-3492.576758045298
113000	-3489.4091899616556
113500	-3514.0993124611805
114000	-3490.2760228986203
114500	-3505.922370983948
115000	-3524.841120105314
115500	-3505.5506230628635
116000	-3486.36677983193
116500	-3512.3451353202427
117000	-3503.683751042826
117500	-3499.8283701413734
118000	-3500.7769825432338
118500	-3484.949084348114
119000	-3531.737833205658
119500	-3534.140862137085
120000	-3554.5272673243435
120500	-3513.8989543068074
121000	-3518.2284072918596
121500	-3517.634365926891
122000	-3519.836377164937
122500	-3509.5005852905915
123000	-3493.322079605791
123500	-3518.133241041697
124000	-3519.473521123199
124500	-3519.8120429070896
125000	-3532.5315064502106
125500	-3538.4325152898164
126000	-3520.020561852212
126500	-3492.9722056425203
127000	-3537.876660648931
127500	-3527.937440816423
128000	-3515.4479136448836
128500	-3483.2646324013663
129000	-3509.8731612170877
129500	-3498.9427307485857
130000	-3502.3906383119192
130500	-3515.417697406189
131000	-3541.678578839674
131500	-3516.0617230758908
132000	-3502.006553318186
132500	-3465.1871495597416
133000	-3497.8528803476624
133500	-3523.316360796683
134000	-3519.6470172894037
134500	-3551.236241226584
135000	-3541.958993056448
135500	-3508.8895278900677
136000	-3519.616016953724
136500	-3515.379484089252
137000	-3510.031569480143
137500	-3508.4595535458366
138000	-3530.1333023050597
138500	-3520.9447670524432
139000	-3531.487011535456
139500	-3493.0285494687205
140000	-3509.480760153811
140500	-3528.202776876673
141000	-3539.2077045805217
141500	-3545.8693189417404
142000	-3547.4274944938606
142500	-3528.7138342595726
143000	-3521.075536580493
143500	-3524.7569704448574
144000	-3478.0220001244898
144500	-3495.661839347756
145000	-3460.1988135726187
145500	-3487.660217602525
146000	-3475.998721721464
146500	-3470.779460777218
147000	-3473.7860459183667
147500	-3477.138567571794
148000	-3510.8408208557385
148500	-3490.821254618476
149000	-3505.594090646281
149500	-3523.645853784697
150000	-3479.2448668811644
150500	-3507.206504775894
151000	-3514.04543511816
151500	-3491.684493067125
152000	-3498.811593385299
152500	-3499.2328943088787
153000	-3502.053053826654
153500	-3533.974604374974
154000	-3519.1734623937864
154500	-3529.2453378209475
155000	-3512.5938721534953
155500	-3519.6219198369913
156000	-3503.9943236007457
156500	-3531.1816083882622
157000	-3477.5224674823608
157500	-3487.9488237998444
158000	-3494.9081686612003
158500	-3498.138990409786
159000	-3501.299319328303
159500	-3511.239912902187
160000	-3517.8665369243727
160500	-3527.3812421839275
161000	-3514.496242644448
161500	-3492.0547584698847
162000	-3510.2774045609435
162500	-3501.8544743892126
163000	-3502.177291778939
163500	-3494.3900721651094
164000	-3500.678997879314
164500	-3507.49634430013
165000	-3536.5203545320637
165500	-3499.261453772555
166000	-3501.4295275127233
166500	-3477.6152695084143
167000	-3523.921978271504
167500	-3519.87937508023
168000	-3500.195063132656
168500	-3486.8308161461364
169000	-3475.2239916247568
169500	-3502.172342765602
170000	-3512.394926100318
170500	-3499.189592163567
171000	-3488.5812517886034
171500	-3518.4595972422394
172000	-3531.9880740238464
172500	-3533.689609190105
173000	-3473.1117331079863
173500	-3468.7602998839734
174000	-3476.190719859675
174500	-3484.9612910497367
175000	-3516.6091689966192
175500	-3538.866637213599
176000	-3515.659088316861
176500	-3495.608668372779
177000	-3498.6019170334034
177500	-3518.4335337822763
178000	-3499.389852310718
178500	-3494.18153041138
179000	-3487.8636165675634
179500	-3515.9642461865556
180000	-3509.0262601992695
180500	-3518.8219939577084
181000	-3496.0807492535364
181500	-3510.8298995060163
182000	-3524.336106265071
182500	-3534.6567348583285
183000	-3509.463848158894
183500	-3495.2629126927313
184000	-3486.8479220823688
184500	-3504.5071222541656
185000	-3477.551327742111
185500	-3526.655694350211
186000	-3519.367971098796
186500	-3504.859251895824
187000	-3525.0790433672382
187500	-3510.994402866631
188000	-3526.190061126727
188500	-3521.6548372682023
189000	-3515.5627941190837
189500	-3490.7182085061395
190000	-3502.656502055744
190500	-3505.041102636742
191000	-3509.7000744257016
191500	-3500.0701964629366
192000	-3504.6849022123497
192500	-3472.0853630382903
193000	-3496.651433487804
193500	-3508.2301287661394
194000	-3517.6955116021954
194500	-3508.9420824538956
195000	-3504.8942425786186
195500	-3533.12597253554
196000	-3528.1793631436
196500	-3526.606970717513
197000	-3504.9286323758597
197500	-3510.85779416251
198000	-3521.7435745812368
198500	-3517.8539001921813
199000	-3535.4374339732076
199500	-3488.617939137064
200000	-3554.4810598505806
200500	-3558.400069061726
201000	-3562.10580431676
201500	-3501.789114727312
202000	-3493.5390003605535
202500	-3517.2910675942703
203000	-3510.052968613281
203500	-3518.2411652119476
204000	-3516.899889150289
204500	-3492.487368181184
205000	-3465.3585813860905
205500	-3473.5968542839382
206000	-3503.526338336084
206500	-3495.0479700731034
207000	-3506.9445360212912
207500	-3514.9584868199404
208000	-3499.738335767366
208500	-3469.663579769272
209000	-3488.0854174757947
209500	-3477.1447253238275
210000	-3518.9788892555107
210500	-3513.884267146888
211000	-3523.1728445504928
211500	-3485.5565069028994
212000	-3486.575135978501
212500	-3479.457484498284
213000	-3482.2915964769295
213500	-3515.7137832859144
214000	-3513.417817766119
214500	-3519.509155897322
215000	-3541.176460213212
215500	-3522.181496582938
216000	-3542.670853779199
216500	-3512.5328107958308
217000	-3509.465191705046
217500	-3523.7465798920425
218000	-3536.5263667229406
218500	-3485.9461416416607
219000	-3497.15401136833
219500	-3510.1855274839854
220000	-3513.6751824034045
220500	-3542.6185053540576
221000	-3503.3013911989
221500	-3534.789634840294
222000	-3530.4598217968482
222500	-3484.7384162209028
223000	-3499.7203277490034
223500	-3517.9768510629783
224000	-3523.7075374667156
224500	-3533.9544098347674
225000	-3509.5129542130962
225500	-3523.3216359286516
226000	-3516.0669962331644
226500	-3529.8721862687225
227000	-3544.1370650930285
227500	-3538.94025842249
228000	-3529.4498872435984
228500	-3514.1573692814077
229000	-3505.8197717381804
229500	-3516.953527477477
230000	-3501.481211718268
230500	-3516.588404429911
231000	-3511.7719991038834
231500	-3497.8877375733805
232000	-3516.017247611574
232500	-3519.0132505800075
233000	-3533.409309056565
233500	-3557.5271118749492
234000	-3513.7118356326564
234500	-3509.632965555209
235000	-3501.183025570034
235500	-3486.9102208215627
236000	-3474.588224617197
236500	-3513.529086146941
237000	-3511.399163269289
237500	-3518.8564302543914
238000	-3522.9571955091856
238500	-3529.539207706432
239000	-3517.1678055418656
239500	-3554.356917053496
240000	-3526.0185299303243
240500	-3508.8852543353173
241000	-3534.32313183268
241500	-3508.2709163022005
242000	-3490.0665075476427
242500	-3551.1356147511337
243000	-3506.113031425438
243500	-3482.7406281855683
244000	-3504.21921760259
244500	-3545.542413269349
245000	-3501.6594944494373
245500	-3508.247190375479
246000	-3496.2705856395196
246500	-3484.528555106072
247000	-3508.5719258530216
247500	-3469.4560856790636
248000	-3485.7180978690044
248500	-3523.157881102267
249000	-3519.1348402414733
249500	-3516.2314724540656
250000	-3492.3760849574096
250500	-3518.6762320939465
251000	-3490.0409671026564
251500	-3528.052683601749
252000	-3522.277875001758
252500	-3519.9015445068667
253000	-3497.256337440054
253500	-3528.0311757941295
254000	-3513.44634014528
254500	-3521.12137042032
255000	-3500.5798095345126
255500	-3492.188833097653
256000	-3506.0705296252886
256500	-3499.3676000160453
257000	-3488.5042525656936
257500	-3511.383892163067
258000	-3505.997807209186
258500	-3490.8638993367445
259000	-3476.68832559587
259500	-3508.542184301827
260000	-3503.3712168493516
260500	-3481.7778066089795
261000	-3498.1429311747006
261500	-3498.40540724725
262000	-3483.5660258354146
262500	-3528.598421182302
263000	-3505.142163752839
263500	-3501.6575330911555
264000	-3523.893188701921
264500	-3494.6426179521236
265000	-3520.320218745188
265500	-3501.27629705246
266000	-3519.4076037166706
266500	-3521.1250428966173
267000	-3512.419062221872
267500	-3541.5212389516464
268000	-3505.6828458302416
268500	-3512.419618912794
269000	-3510.175812223059
269500	-3509.8901999211525
270000	-3491.0216724948127
270500	-3517.189325344175
271000	-3486.7615934137966
271500	-3505.108747534196
272000	-3509.640126319785
272500	-3519.0756041260797
273000	-3549.033153054078
273500	-3512.9356290423757
274000	-3499.0892863847093
274500	-3504.1350107045687
275000	-3510.6952604512
275500	-3489.1179443654282
276000	-3481.9584996543244
276500	-3541.2442611421443
277000	-3540.0752083682155
277500	-3526.621943869041
278000	-3503.9742796900487
278500	-3527.889386617617
279000	-3533.2762279095227
279500	-3527.2777379725626
280000	-3518.321525459436
280500	-3523.6959028701094
281000	-3542.5008099900233
281500	-3549.884875736327
282000	-3489.1700213271606
282500	-3522.464484822785
283000	-3506.403482285159
283500	-3478.468329508967
284000	-3524.1952823649663
284500	-3505.86414128131
285000	-3512.0716429905087
285500	-3526.4525532233693
286000	-3513.691837003727
286500	-3517.2637108440276
287000	-3545.2657459360585
287500	-3556.423317414965
288000	-3515.562225972292
288500	-3552.22509624117
289000	-3508.7382602367807
289500	-3519.0935967376026
290000	-3517.7685342609716
290500	-3513.314591040481
291000	-3523.2668465754127
291500	-3505.436872705285
292000	-3528.3982448897136
292500	-3500.353190521341
293000	-3499.8067863116607
293500	-3510.671897682906
294000	-3512.7848265053767
294500	-3506.554783158036
295000	-3502.160015686931
295500	-3539.8533898508954
296000	-3519.7251169596993
296500	-3505.1752047589325
297000	-3530.6873134273646
297500	-3540.2435517008144
298000	-3568.7230594935086
298500	-3544.6905160376427
299000	-3541.2319996209812
299500	-3547.4757053881244
300000	-3512.7698806248654
300500	-3556.545235144485
301000	-3529.048872922579
301500	-3483.3992931216744
302000	-3491.5257515546705
302500	-3485.5458029931397
303000	-3504.9148324794583
303500	-3476.367970718554
304000	-3513.532780206188
304500	-3481.263723510432
305000	-3502.0924178845967
305500	-3518.6668598236606
306000	-3536.018818424056
306500	-3550.0934145057063
307000	-3518.9188626496957
307500	-3522.65758832812
308000	-3523.0491953244195
308500	-3518.3437202181876
309000	-3498.954502904862
309500	-3519.360115285439
310000	-3492.982714204054
310500	-3504.807539485915
311000	-3507.9289212716835
311500	-3521.612974345178
312000	-3546.258130679669
312500	-3515.084936472068
313000	-3536.8732129722734
313500	-3517.172516571436
314000	-3515.3895868557966
314500	-3497.788253655895
315000	-3497.735833661469
315500	-3530.743409176267
316000	-3478.7744353445746
316500	-3495.2904955058166
317000	-3479.361283425081
317500	-3495.5884125481753
318000	-3495.988232327982
318500	-3515.3115897597495
319000	-3532.1259948771285
319500	-3517.799547075407
320000	-3528.0864412178294
320500	-3503.186948970939
321000	-3528.8181745616407
321500	-3505.591553550464
322000	-3488.248023403176
322500	-3509.3010507825775
323000	-3512.910761412348
323500	-3510.483770486691
324000	-3519.522226946139
324500	-3534.173884689658
325000	-3551.4822819701417
325500	-3530.6241540024575
326000	-3548.628492722012
326500	-3531.3264204541656
327000	-3517.3124585506375
327500	-3512.261782223438
328000	-3510.9111166449575
328500	-3538.227863925535
329000	-3533.110066157949
329500	-3539.63510860478
330000	-3529.5553633915156
330500	-3535.208438969924
331000	-3505.8057179176235
331500	-3464.565693809202
332000	-3471.6196243416125
332500	-3514.7752668186504
333000	-3507.8419024396485
333500	-3507.2782040444285
334000	-3499.438437076588
334500	-3487.661786783944
335000	-3484.3183389804703
335500	-3498.4510501186833
336000	-3510.471263250484
336500	-3493.1310321212936
337000	-3480.0151182650807
337500	-3472.7582753301367
338000	-3456.8643046811453
338500	-3471.0157062514054
339000	-3473.8769266920863
339500	-3466.5884556949354
340000	-3504.0642533375817
340500	-3485.811377399611
341000	-3507.999755515273
341500	-3502.319430298886
342000	-3485.5575297552696
342500	-3487.7962438959817
343000	-3518.746917731234
343500	-3520.6717407850047
344000	-3508.1275203548294
344500	-3504.709563269125
345000	-3502.2061567093237
345500	-3490.3843851217366
346000	-3554.787195468647
346500	-3506.264528934712
347000	-3514.1313795252777
347500	-3491.8919615443833
348000	-3513.940087530734
348500	-3519.6110156940363
349000	-3512.4562448844813
349500	-3513.273329189776
350000	-3513.1168669799686
350500	-3482.4180684378653
351000	-3494.4358498793454
351500	-3477.622759628479
352000	-3521.1457265295753
352500	-3520.1048479950446
353000	-3520.5559534568615
353500	-3504.967307273428
354000	-3521.061239624453
354500	-3504.675098941217
355000	-3510.5619127273553
355500	-3490.496383555307
356000	-3526.6898989223764
356500	-3510.9055023665996
357000	-3508.6048567632583
357500	-3527.267183245954
358000	-3511.491810859632
358500	-3536.247617683209
359000	-3516.3555661137934
359500	-3538.659013295215
360000	-3509.10906100694
360500	-3529.4649432995034
361000	-3491.902145298328
361500	-3495.5558373121194
362000	-3535.5916484535974
362500	-3516.1726118354068
363000	-3535.249446232302
363500	-3500.301074787062
364000	-3501.531742280395
364500	-3511.159430570338
365000	-3545.8908548484073
365500	-3492.921630246391
366000	-3484.8309264219797
366500	-3529.8096287935446
367000	-3509.881927349303
367500	-3488.4374672062936
368000	-3514.2134557150584
368500	-3515.8015642504724
369000	-3501.421903365263
369500	-3521.101699177976
370000	-3479.409689782088
370500	-3481.0907285357566
371000	-3516.1621832053233
371500	-3476.716289675197
372000	-3486.0345052572698
372500	-3515.7901103047434
373000	-3512.252044659643
373500	-3507.7011764647186
374000	-3522.4399050135794
374500	-3533.6037402791535
375000	-3534.529749833665
375500	-3510.5296377678465
376000	-3482.3839725965
376500	-3474.0157450153197
377000	-3490.992415792078
377500	-3508.925248574378
378000	-3536.5266550645506
378500	-3491.870720583908
379000	-3500.106454597109
379500	-3509.4170228385465
380000	-3503.13755627164
380500	-3575.335556886247
381000	-3505.208172264788
381500	-3509.80497051615
382000	-3503.373655079572
382500	-3512.3088696476234
383000	-3532.7205471335155
383500	-3505.9373127340805
384000	-3496.21063259524
384500	-3531.2540475230767
385000	-3512.9604823233663
385500	-3530.222680509212
386000	-3544.1892815071933
386500	-3531.5238158020866
387000	-3525.7656658919163
387500	-3490.6624351911387
388000	-3506.3715488773623
388500	-3519.2520845652452
389000	-3513.571301065639
389500	-3533.1081617806967
390000	-3494.920509865442
390500	-3508.9029866539313
391000	-3521.2957251787466
391500	-3523.710725550895
392000	-3506.1570052780785
392500	-3488.4572543724203
393000	-3455.0638315995675
393500	-3481.7312037983233
394000	-3475.066401211118
394500	-3525.3041542900824
395000	-3514.080891324963
395500	-3503.4356261446032
396000	-3500.878341569036
396500	-3472.4901300193856
397000	-3478.834090954717
397500	-3459.248647437092
398000	-3462.0961937912166
398500	-3486.156653995223
399000	-3483.0725833870883
399500	-3470.217254939285
400000	-3461.2628333476073
400500	-3508.5901309209225
401000	-3482.6346625033148
401500	-3494.7778259140455
402000	-3465.496170313812
402500	-3473.2513918505056
403000	-3459.8671920557877
403500	-3502.83326559886
404000	-3467.8388701173617
404500	-3482.3709701341504
405000	-3499.7732189247517
405500	-3465.767283713
406000	-3479.408740404479
406500	-3482.0957145904836
407000	-3478.255224107181
407500	-3473.929972027498
408000	-3517.612287052756
408500	-3516.249749759866
409000	-3524.4942560900904
409500	-3506.3839945705167
410000	-3508.1315825863885
410500	-3508.1592652902923
411000	-3537.8240754728054
411500	-3520.9614225842856
412000	-3520.776501147787
412500	-3479.1326475915193
413000	-3481.711244464428
413500	-3494.6089439897432
414000	-3526.88384801663
414500	-3499.1216518315123
415000	-3503.7222793154456
415500	-3468.007623851641
416000	-3500.8950237722356
416500	-3498.061458547169
417000	-3513.9825792724423
417500	-3544.3229329804426
418000	-3490.0268161109175
418500	-3505.9828327247446
419000	-3509.1740183027337
419500	-3464.7461042136765
420000	-3463.834557980718
420500	-3469.719492606967
421000	-3471.0515510774317
421500	-3479.7252498022817
422000	-3488.5331956639034
422500	-3480.820386225045
423000	-3505.271444622355
423500	-3549.702268610816
424000	-3490.730843951492
424500	-3487.1305474868936
425000	-3488.3798736645813
425500	-3542.5925719384586
426000	-3528.57351817923
426500	-3517.7475799759595
427000	-3506.7503701249498
427500	-3523.525092546781
428000	-3534.9057285875624
428500	-3537.0248940652714
429000	-3521.6887229446925
429500	-3480.8283082000244
430000	-3470.0264148987508
430500	-3470.6248842543573
431000	-3470.0253069329115
431500	-3476.113570192929
432000	-3463.4776584959823
432500	-3483.790166857817
433000	-3499.2303087589303
433500	-3472.0942634898215
434000	-3505.1613462421237
434500	-3525.8073221832865
435000	-3469.7195247844943
435500	-3522.1487277898723
436000	-3495.6769388943276
436500	-3461.3091969333536
437000	-3487.4681432904604
437500	-3492.043757493595
438000	-3491.1952580838038
438500	-3505.1341719514617
439000	-3476.016344197339
439500	-3484.719196079042
440000	-3502.425496357506
440500	-3491.9399750532098
441000	-3521.9689292490925
441500	-3492.3624750686395
442000	-3507.0027140474485
442500	-3510.003518818008
443000	-3512.7293907675044
443500	-3496.88217359776
444000	-3514.1157450610363
444500	-3500.4184855947456
445000	-3512.5541428132933
445500	-3480.67331488905
446000	-3488.264952046679
446500	-3544.641196306516
447000	-3516.7291849039398
447500	-3517.5912994529917
448000	-3496.3954795021054
448500	-3489.738382447073
449000	-3505.867920009976
449500	-3505.1458855886594
450000	-3490.299675970982
450500	-3500.1712889000173
451000	-3486.625683797951
451500	-3467.180165544381
452000	-3503.799131196048
452500	-3479.592027539506
453000	-3497.3472327575437
453500	-3498.486477202686
454000	-3506.0127504920774
454500	-3501.1866968696622
455000	-3525.763298723648
455500	-3520.23585844243
456000	-3512.8135381507013
456500	-3496.8068724145774
457000	-3490.454785296882
457500	-3507.1045554534244
458000	-3497.4551429185503
458500	-3510.4288734396637
459000	-3501.2899582526484
459500	-3512.7386125328762
460000	-3498.206588925017
460500	-3489.808688716434
461000	-3515.6600458164153
461500	-3579.7415143762773
462000	-3525.115045304576
462500	-3519.1292388920992
463000	-3534.633773342824
463500	-3524.749944307544
464000	-3501.008566953327
464500	-3531.5471007381893
465000	-3491.1460393921247
465500	-3514.2076060436866
466000	-3498.9029551783874
466500	-3473.152801614001
467000	-3507.6774115900585
467500	-3480.470012584216
468000	-3486.8967900903517
468500	-3480.08063758467
469000	-3489.875556163902
469500	-3521.3582408485654
470000	-3505.734046408405
470500	-3483.8679741509845
471000	-3500.066153968749
471500	-3462.5985797006815
472000	-3492.3285972621625
472500	-3513.116681889716
473000	-3500.344053975986
473500	-3474.8836348741056
474000	-3497.517963116832
474500	-3514.0147582976088
475000	-3479.6358393730925
475500	-3497.9799539085398
476000	-3502.433916307836
476500	-3523.963585322152
477000	-3491.992242957896
477500	-3480.2357233828807
478000	-3462.4441247113814
478500	-3501.916152415039
479000	-3500.821519659484
479500	-3499.989893488737
480000	-3509.642856248169
480500	-3512.969406798798
481000	-3494.167011032346
481500	-3454.88397330717
482000	-3454.6886873181425
482500	-3494.6420830072225
483000	-3480.183308682382
483500	-3481.143410742592
484000	-3484.606054198204
484500	-3494.337632644481
485000	-3461.238688807043
485500	-3501.1905724057524
486000	-3520.106638479556
486500	-3475.189250260951
487000	-3469.743663701001
487500	-3492.5770050817086
488000	-3509.3051304198175
488500	-3503.4543838028108
489000	-3498.8179766025137
489500	-3489.869174061305
490000	-3518.6859546386845
490500	-3467.7234034087137
491000	-3490.042997051454
491500	-3504.28184220315
492000	-3488.722122884892
492500	-3506.1776106226826
493000	-3502.774069014321
493500	-3530.2782948410413
494000	-3537.121864046615
494500	-3494.7245067439558
495000	-3512.8397646563817
495500	-3511.0564710732297
496000	-3493.31656896445
496500	-3516.8636726129635
497000	-3499.1494933470053
497500	-3484.8717495194414
498000	-3509.6852080859444
498500	-3500.088623661433
499000	-3515.20959514192
499500	-3521.077924821965
500000	-3503.13683279745
500500	-3498.986977092858
501000	-3490.214601860374
501500	-3500.844706962997
502000	-3485.976888459424
502500	-3489.073452436746
503000	-3515.5848695151853
503500	-3511.3071771326195
504000	-3501.413285964306
504500	-3521.454967042712
505000	-3500.3713160147367
505500	-3469.4827574308742
506000	-3472.4735818043223
506500	-3482.2749923271585
507000	-3489.122466223474
507500	-3461.465185910522
508000	-3483.812533841379
508500	-3478.908144488856
509000	-3476.4063345213776
509500	-3495.8987935188684
510000	-3491.5870780881323
510500	-3473.010782144134
511000	-3478.0031219493294
511500	-3502.053821378197
512000	-3486.6530819182435
512500	-3483.438749582856
513000	-3492.395970550403
513500	-3506.464247072266
514000	-3517.76736570754
514500	-3560.822128378514
515000	-3516.4055356106205
515500	-3518.452131436206
516000	-3527.5379688030885
516500	-3519.7558620505847
517000	-3483.8704260585323
517500	-3500.118615519922
518000	-3516.9285982759457
518500	-3545.9701270868704
519000	-3475.9894238269753
519500	-3481.6348724991126
520000	-3467.421272566742
520500	-3470.653334584392
521000	-3534.664875853743
521500	-3506.629227814263
522000	-3525.995824903831
522500	-3505.237488301153
523000	-3509.537985246616
523500	-3481.9622122246365
524000	-3485.594183474493
524500	-3473.7979103325692
525000	-3450.535391489682
525500	-3474.3125780194723
526000	-3488.9629570527372
526500	-3481.8645323009746
527000	-3488.9372441432556
527500	-3513.143824619246
528000	-3511.1905845867614
528500	-3515.705993073372
529000	-3538.968151894969
529500	-3494.690871577881
530000	-3464.1860413067384
530500	-3504.5556988794096
531000	-3512.1862615981913
531500	-3547.29475302965
532000	-3524.7148418045617
532500	-3526.0087534318995
533000	-3533.021296710556
533500	-3518.0670270559017
534000	-3495.6994576778857
534500	-3530.1174711455765
535000	-3536.3171257966865
535500	-3505.3513858050437
536000	-3496.4680913902594
536500	-3505.094515477548
537000	-3565.9347433404496
537500	-3521.3734108687904
538000	-3550.4462748302644
538500	-3546.826489036084
539000	-3534.095247342517
539500	-3546.4439068602333
540000	-3566.029122630316
540500	-3525.0178046323254
541000	-3497.982852061124
541500	-3500.2339862626764
542000	-3508.5865222821176
542500	-3531.145694098989
543000	-3514.4834577841216
543500	-3461.137983096457
544000	-3465.5344615219606
544500	-3523.1383308228196
545000	-3485.8910114314685
545500	-3464.658039621221
546000	-3475.304484273546
546500	-3476.8982321605145
547000	-3503.14515953569
547500	-3497.303823609441
548000	-3492.7001859252596
548500	-3481.0737512584105
549000	-3489.3012780502163
549500	-3481.2372115375147
550000	-3466.9394678679087
550500	-3461.2629918984826
551000	-3476.1133001763387
551500	-3489.026137302804
552000	-3505.525072620049
552500	-3524.119985894938
553000	-3486.602391929732
553500	-3466.7038524641384
554000	-3489.4077203108686
554500	-3524.4819181976327
555000	-3484.0994432885905
555500	-3514.0629760772354
556000	-3513.7946780251136
556500	-3488.7248427894833
557000	-3498.5493639845313
557500	-3464.7961643029676
558000	-3510.6682011276885
558500	-3509.1222428788087
559000	-3481.1861523721923
559500	-3505.842772906384
560000	-3470.81965971513
560500	-3517.3716582052493
561000	-3478.0969787709314
561500	-3453.7969463901245
562000	-3485.4788571456315
562500	-3507.507848832648
563000	-3476.948974481581
563500	-3476.8649188528116
564000	-3493.6968361372697
564500	-3504.01689734445
565000	-3505.383508333629
565500	-3482.170201123053
566000	-3492.4318077750277
566500	-3505.37702929306
567000	-3477.5947961353795
567500	-3488.4309059660577
568000	-3506.048848045713
568500	-3485.2658369162946
569000	-3483.931586416087
569500	-3455.8850166005477
570000	-3471.3244914420748
570500	-3479.714389146222
571000	-3496.852277493909
571500	-3502.8104589685895
572000	-3469.440640509929
572500	-3485.5874445897916
573000	-3480.3511379809956
573500	-3484.9940570478207
574000	-3475.9411145278327
574500	-3503.868876359042
575000	-3477.8919325266866
575500	-3481.9013380454453
576000	-3490.5724382566655
576500	-3534.8578128418894
577000	-3499.3205404501637
577500	-3529.3471217143874
578000	-3519.7616442716694
578500	-3529.376974640107
579000	-3508.251601496772
579500	-3463.8951863732786
580000	-3481.448069520334
580500	-3541.8731850758604
581000	-3519.516463030611
581500	-3539.083579218245
582000	-3525.926381617019
582500	-3521.843684486955
583000	-3526.99521473044
583500	-3546.349373555927
584000	-3523.827193085246
584500	-3543.754252783933
585000	-3537.410473779217
585500	-3531.9050307734165
586000	-3576.5254936582082
586500	-3509.9608640525876
587000	-3534.3003662319556
587500	-3565.502720304385
588000	-3531.4739390394184
588500	-3527.5191382454964
589000	-3517.6379500075186
589500	-3533.955033925522
590000	-3551.8767458763523
590500	-3548.662245892795
591000	-3535.750680320618
591500	-3550.218388365634
592000	-3539.278695119807
592500	-3533.702455745406
593000	-3534.705290229829
593500	-3536.458499669438
594000	-3521.944481940162
594500	-3519.504273273253
595000	-3538.9467939692436
595500	-3561.109260558048
596000	-3595.2387264342046
596500	-3518.144747920394
597000	-3505.0214997370636
597500	-3537.1949686945636
598000	-3513.2063539406327
598500	-3511.1225366183276
599000	-3509.4297562639294
599500	-3505.6657193279975
600000	-3513.326880357081
600500	-3545.5746709217024
601000	-3540.5031015634195
601500	-3608.630702025038
602000	-3555.883335870271
602500	-3598.302358302833
603000	-3599.9463286978835
603500	-3510.39459943352
604000	-3545.2615031835007
604500	-3522.5253160989178
605000	-3560.946569980222
605500	-3538.450678250359
606000	-3511.178921285386
606500	-3507.8697213989517
607000	-3519.1363921108245
607500	-3528.5938013152763
608000	-3557.3560809556875
608500	-3552.4216683621507
609000	-3523.6000268481816
609500	-3515.399092080041
610000	-3499.30736433531
610500	-3540.588569323213
611000	-3502.824880877922
611500	-3503.1925072817276
612000	-3499.520201574458
612500	-3549.6651122751246
613000	-3563.031030593955
613500	-3496.3587560028773
614000	-3511.0482530121785
614500	-3505.4104446484844
615000	-3528.7662461555856
615500	-3526.861069417733
616000	-3516.5610333411496
616500	-3512.721532539736
617000	-3492.547222263782
617500	-3512.747238485645
618000	-3508.646919707058
618500	-3481.2940150512914
619000	-3494.1941554309133
619500	-3507.5730822649707
620000	-3469.2342656395144
620500	-3472.7325372173505
621000	-3451.1992577555766
621500	-3467.8683623435863
622000	-3469.091958549855
622500	-3502.9811194169806
623000	-3518.529498301125
623500	-3550.50231873495
624000	-3511.476381643274
624500	-3495.5895992956016
625000	-3504.3009024435146
625500	-3498.1156101229712
626000	-3510.276215343989
626500	-3545.58161057475
627000	-3514.73529135475
627500	-3498.0050014225094
628000	-3524.796912843724
628500	-3522.265463271628
629000	-3538.8216990308624
629500	-3521.1525382793766
630000	-3510.7072178972235
630500	-3509.3046692387347
631000	-3471.479717461017
631500	-3484.965294936437
632000	-3479.484304965834
632500	-3509.6986944741243
633000	-3469.884677607102
633500	-3476.9206454890477
634000	-3497.053922970651
634500	-3509.651803219489
635000	-3491.2543045182306
635500	-3503.1415735133774
636000	-3502.0918069017125
636500	-3497.158666384852
637000	-3517.1460944110063
637500	-3491.5496887744857
638000	-3518.011893494336
638500	-3513.0832254864586
639000	-3486.2058000098123
639500	-3512.7481317701536
640000	-3495.4221047917467
640500	-3513.81179969709
641000	-3521.7494919210267
641500	-3537.114977056475
642000	-3529.8055066818224
642500	-3569.132035478126
643000	-3549.1279049170203
643500	-3534.0769196709857
644000	-3525.9379833789217
644500	-3552.6362809482903
645000	-3493.8653704393655
645500	-3517.548741257259
646000	-3496.00445610697
646500	-3496.4913219993387
647000	-3487.9141552524243
647500	-3513.712961876643
648000	-3511.5991738069224
648500	-3532.9602120340746
649000	-3509.7568183963567
649500	-3508.3274894013894
650000	-3507.823345635127
650500	-3519.111027641583
651000	-3501.0056654136606
651500	-3526.258117505158
652000	-3489.656246746267
652500	-3491.4175583983415
653000	-3492.05251049759
653500	-3509.269925796963
654000	-3518.481901872584
654500	-3485.264779154093
655000	-3484.935893400583
655500	-3476.928568387212
656000	-3468.1960283291487
656500	-3499.104639215196
657000	-3496.53928880097
657500	-3483.811069107665
658000	-3504.435449274747
658500	-3478.367832278331
659000	-3525.113082882297
659500	-3500.346106287337
660000	-3512.8552741333515
660500	-3500.804632028771
661000	-3519.509670530892
661500	-3536.5881267347027
662000	-3543.961922644534
662500	-3518.5531371110455
663000	-3502.1331287649455
663500	-3479.914617830128
664000	-3519.1254626146933
664500	-3501.551218641424
665000	-3499.727783256887
665500	-3511.6908561374917
666000	-3504.874370827676
666500	-3548.054292707932
667000	-3503.8140631805586
667500	-3505.3779235417524
668000	-3487.665700742684
668500	-3522.7304521243427
669000	-3530.4491782296286
669500	-3529.6553837759775
670000	-3527.7548853773474
670500	-3502.148366493048
671000	-3541.239234329538
671500	-3498.175723489117
672000	-3528.8017015340947
672500	-3500.642907031298
673000	-3469.84646475091
673500	-3458.2209880559085
674000	-3496.89750600495
674500	-3465.261960388052
675000	-3477.7481709212334
675500	-3491.805724843176
676000	-3512.0062614452045
676500	-3484.690381345856
677000	-3514.702612127092
677500	-3491.5501728702898
678000	-3492.499101237124
678500	-3484.845939538638
679000	-3468.3514159249385
679500	-3494.678049917909
680000	-3509.9601620939216
680500	-3500.59368191067
681000	-3509.707960117916
681500	-3515.6319692765137
682000	-3513.05618917926
682500	-3509.1559536571817
683000	-3532.5333114941454
683500	-3532.8885408000933
684000	-3518.022398966105
684500	-3534.204514668485
685000	-3507.564626850812
685500	-3489.1786918627577
686000	-3512.986785981675
686500	-3503.856737567905
687000	-3531.8142187764306
687500	-3524.851596129465
688000	-3529.0190650444447
688500	-3492.287199928387
689000	-3490.5580412263425
689500	-3503.679420617779
690000	-3500.2547052434447
690500	-3496.6420952245476
691000	-3529.942679417401
691500	-3471.2140596719037
692000	-3492.098356015303
692500	-3508.0510924239084
693000	-3499.2887671892963
693500	-3518.593598060142
694000	-3524.713530768817
694500	-3504.432415307262
695000	-3494.3771301831152
695500	-3509.5786485905555
696000	-3500.297491557657
696500	-3498.2573424211196
697000	-3503.4048842236984
697500	-3484.8392004690068
698000	-3515.449193266367
698500	-3484.9326590211735
699000	-3526.639943021669
699500	-3513.604362488463
700000	-3518.101301167493
700500	-3535.595353629197
701000	-3531.854892534665
701500	-3558.2403965069716
702000	-3539.5280095914422
702500	-3512.7142910777643
703000	-3536.8601727822274
703500	-3493.8028041886923
704000	-3542.5258011253945
704500	-3509.316242104954
705000	-3541.913313075317
705500	-3516.671111877583
706000	-3531.082819821648
706500	-3526.5291377930116
707000	-3512.270984507177
707500	-3492.348176133993
708000	-3489.0582062282933
708500	-3478.700078872902
709000	-3482.22481848749
709500	-3504.4842016102402
710000	-3513.595768162896
710500	-3518.9758392717076
711000	-3513.1645866246763
711500	-3502.4083015584574
712000	-3492.81806635377
712500	-3496.4228088868217
713000	-3506.8706663254766
713500	-3520.510134424565
714000	-3475.3008312475267
714500	-3506.604160546653
715000	-3469.8048004236257
715500	-3466.4405910270934
716000	-3544.4721894130084
716500	-3497.5706000857035
717000	-3487.891908447087
717500	-3487.1287583159865
718000	-3491.0456597594502
718500	-3534.5567837157528
719000	-3511.579334891221
719500	-3527.0426565299226
720000	-3454.1437994209314
720500	-3483.6473303538
721000	-3480.405221849732
721500	-3508.557178716086
722000	-3459.7423326040876
722500	-3489.176419866843
723000	-3462.2883098919074
723500	-3459.556434004049
724000	-3475.6936949952237
724500	-3487.3061037809216
725000	-3497.3599747381018
725500	-3489.139525280635
726000	-3504.1879614209292
726500	-3494.4224450310535
727000	-3522.48529474048
727500	-3528.9522117861607
728000	-3489.8501546137713
728500	-3508.53431100192
729000	-3518.1603148546683
729500	-3540.2612599379945
730000	-3497.7987901830093
730500	-3479.022206286898
731000	-3518.3669153045325
731500	-3524.1088058831497
732000	-3534.9331331481203
732500	-3509.6592853085276
733000	-3529.038492389462
733500	-3513.388802716164
734000	-3500.694210402562
734500	-3508.896062635976
735000	-3517.747605351558
735500	-3522.9528525182454
736000	-3510.0607072589064
736500	-3533.231817323356
737000	-3521.6617951366566
737500	-3516.2661053679276
738000	-3507.388742396188
738500	-3531.73139498569
739000	-3572.8477242739755
739500	-3535.6219456483236
740000	-3508.1596375892723
740500	-3493.8182060704867
741000	-3563.2576436269615
741500	-3525.5715949668875
742000	-3491.6250243404543
742500	-3504.1960620132636
743000	-3514.560502909105
743500	-3463.695123889348
744000	-3552.5950253980213
744500	-3529.775796020847
745000	-3553.000967672261
745500	-3547.9038792976407
746000	-3524.4601130426877
746500	-3509.142072914797
747000	-3527.5370185312827
747500	-3516.1711528381247
748000	-3502.499565140779
748500	-3458.6272357626804
749000	-3492.0673294490252
749500	-3496.971576558093
750000	-3487.0055617216885
750500	-3510.084372285406
751000	-3533.845871746068
751500	-3499.654528847394
752000	-3464.982496726399
752500	-3479.655946548755
753000	-3487.3175616917956
753500	-3538.19062095584
754000	-3491.4800303753373
754500	-3521.0142009423885
755000	-3534.133469682871
755500	-3511.259576748455
756000	-3525.5549444118883
756500	-3508.4493231855226
757000	-3496.2398743350022
757500	-3511.8033088150582
758000	-3515.3123812158215
758500	-3484.828991557371
759000	-3521.6210221310216
759500	-3500.054340279505
760000	-3491.832169394991
760500	-3510.804444287873
761000	-3502.420137603478
761500	-3462.6906140794804
762000	-3492.788809488385
762500	-3469.5958627165396
763000	-3443.779923312999
763500	-3470.974596406213
764000	-3496.1071528313637
764500	-3508.1709607436264
765000	-3497.583443487653
765500	-3493.14662749992
766000	-3487.4344901359714
766500	-3486.775460479867
767000	-3455.5587034965356
767500	-3493.0700430232478
768000	-3508.640066236678
768500	-3471.1789046098343
769000	-3468.3237774044337
769500	-3487.52968671915
770000	-3501.282698323623
770500	-3528.8299358750864
771000	-3491.204857699542
771500	-3509.3504106786354
772000	-3467.526587562269
772500	-3492.4509155134124
773000	-3496.6094200116195
773500	-3475.6907126978253
774000	-3475.0763835797134
774500	-3492.4890302299605
775000	-3459.1027862129145
775500	-3451.7207257707546
776000	-3480.6865119788413
776500	-3497.3490488382954
777000	-3523.204140119131
777500	-3503.5178115360914
778000	-3518.0893317829673
778500	-3492.054722646775
779000	-3493.0405315767657
779500	-3515.0666717331546
780000	-3504.116498612501
780500	-3512.97299257308
781000	-3499.2626907931017
781500	-3504.3761790154285
782000	-3528.4744885904547
782500	-3529.808546475781
783000	-3490.261139253808
783500	-3518.1427973878212
784000	-3510.735927517733
784500	-3502.8224229015605
785000	-3534.4537080264545
785500	-3541.5196511030376
786000	-3533.7554295593623
786500	-3524.074172088046
787000	-3544.3409843564937
787500	-3528.4585793234514
788000	-3496.8746940910523
788500	-3482.3797449544727
789000	-3494.213716153053
789500	-3510.5804800390174
790000	-3505.7292438044265
790500	-3508.1531078097614
791000	-3495.9470509465464
791500	-3499.2518877469483
792000	-3462.178253932232
792500	-3475.706891951075
793000	-3493.5922150017814
793500	-3506.4561731559374
794000	-3478.3489966484353
794500	-3481.780992808572
795000	-3507.967072180018
795500	-3458.3408150877667
796000	-3483.1196342478543
796500	-3469.823530351156
797000	-3506.5712606689162
797500	-3513.758007323163
798000	-3488.7573544346956
798500	-3466.284233699334
799000	-3522.132814745412
799500	-3579.003308747654
800000	-3546.307961151728
800500	-3504.3107997669404
801000	-3531.2693324991583
801500	-3524.065547081589
802000	-3545.3334927865076
802500	-3537.4507315255696
803000	-3523.9639935850096
803500	-3481.016192859395
804000	-3483.5264645571074
804500	-3486.117084072587
805000	-3515.197522346756
805500	-3506.387418629726
806000	-3456.1582884247737
806500	-3523.260073582432
807000	-3533.2318938166636
807500	-3512.972394044899
808000	-3520.5837061725756
808500	-3496.7828235892975
809000	-3503.0309756113065
809500	-3513.3053203526756
810000	-3522.3653983587014
810500	-3518.1492395671794
811000	-3516.611314345332
811500	-3498.3146766303103
812000	-3509.407799732514
812500	-3482.4912103478023
813000	-3506.4574936259605
813500	-3511.250621907581
814000	-3516.3466726625898
814500	-3503.1971795420527
815000	-3493.19328628811
815500	-3502.5493747591304
816000	-3501.8486920988926
816500	-3474.3869702924153
817000	-3464.8785809563906
817500	-3500.2494198042164
818000	-3482.910809845243
818500	-3481.799360081238
819000	-3506.9832193434545
819500	-3516.3086334288273
820000	-3495.67619896829
820500	-3500.181603061997
821000	-3511.7765995194395
821500	-3513.8571899198414
822000	-3534.488921551662
822500	-3508.7884599696395
823000	-3537.179278507659
823500	-3539.4409375938153
824000	-3506.143514434896
824500	-3519.3031110889187
825000	-3527.534062326247
825500	-3510.3742107645726
826000	-3493.7287134137114
826500	-3512.2258335368674
827000	-3497.240905207849
827500	-3506.2840255561455
828000	-3566.238189559119
828500	-3523.015450012662
829000	-3523.7681022927222
829500	-3515.679786435771
830000	-3514.723898691732
830500	-3508.394060788994
831000	-3492.9222429929305
831500	-3482.1139395830332
832000	-3484.586790146471
832500	-3502.3381242821038
833000	-3503.6401434352942
833500	-3486.6100373039417
834000	-3519.324358925616
834500	-3509.908853947872
835000	-3479.970440360106
835500	-3495.046404540943
836000	-3489.952447329377
836500	-3457.681902532399
837000	-3498.998242669412
837500	-3479.6932006640245
838000	-3467.8891443234934
838500	-3480.7194640653197
839000	-3465.6552759889246
839500	-3480.0631028666658
840000	-3501.1837694659953
840500	-3525.324930885824
841000	-3507.8295842368834
841500	-3491.4048350290423
842000	-3484.527957231664
842500	-3471.543468825572
843000	-3480.133906278673
843500	-3463.3263815767286
844000	-3471.781490727145
844500	-3504.8316666178353
845000	-3506.495026071819
845500	-3466.7954667910703
846000	-3506.3997532268572
846500	-3475.3139127245877
847000	-3477.561538174221
847500	-3476.9033508908533
848000	-3472.3087311960953
848500	-3505.384457071131
849000	-3527.3158337181794
849500	-3549.500623318055
850000	-3557.0970139472133
850500	-3523.938362916639
851000	-3549.792472763118
851500	-3521.506263799435
852000	-3546.2693988692668
852500	-3506.4667931140307
853000	-3492.177094726341
853500	-3502.2366918606504
854000	-3530.865354253285
854500	-3483.7915606013726
855000	-3511.7673251143015
855500	-3547.490069418804
856000	-3484.9975269846655
856500	-3501.884158395249
857000	-3486.0893230042275
857500	-3485.378245712932
858000	-3476.3706222194864
858500	-3483.10700960555
859000	-3480.3058655060972
859500	-3473.714607772983
860000	-3443.2057563967787
860500	-3445.7294940571583
861000	-3470.7718534445567
861500	-3515.8822251778965
862000	-3507.8619976011323
862500	-3519.897410485562
863000	-3494.894488931853
863500	-3504.8199374294163
864000	-3528.477574362198
864500	-3485.868629805892
865000	-3492.466445543824
865500	-3490.624262963474
866000	-3512.1638366756692
866500	-3499.1872460570216
867000	-3483.888782172006
867500	-3467.8431873971736
868000	-3479.2113225963353
868500	-3494.775869744642
869000	-3490.9824042945456
869500	-3504.10830020295
870000	-3503.7044108500863
870500	-3520.609960613072
871000	-3507.9206207414486
871500	-3511.996659042719
872000	-3508.691383453771
872500	-3512.7347863797877
873000	-3493.8447409106234
873500	-3492.5275084650793
874000	-3488.6991526044703
874500	-3483.8068871809096
875000	-3515.61468670222
875500	-3469.2632697910067
876000	-3483.354157700726
876500	-3470.274868459951
877000	-3521.1249946447774
877500	-3509.8236575756982
878000	-3543.3195823854267
878500	-3490.0858374998033
879000	-3517.9592296051765
879500	-3507.2382052500666
880000	-3477.7570899395723
880500	-3511.4013599950877
881000	-3516.4079182230203
881500	-3548.337779922116
882000	-3506.8971038360605
882500	-3505.7844440581903
883000	-3551.493881566082
883500	-3504.097767233423
884000	-3512.4437070163503
884500	-3510.7120472788865
885000	-3515.183071285727
885500	-3500.912389721996
886000	-3516.321169435273
886500	-3493.0699397529165
887000	-3484.0331678251678
887500	-3479.015331304865
888000	-3475.912944424208
888500	-3534.0240645098406
889000	-3507.9674088822258
889500	-3514.4140405660255
890000	-3535.6950747783176
890500	-3513.427547947732
891000	-3507.818368691322
891500	-3519.2225481323367
892000	-3516.8588486279277
892500	-3498.9643838541856
893000	-3495.042989869945
893500	-3499.788702547205
894000	-3540.4759430259874
894500	-3489.4554963827545
895000	-3516.4220746254537
895500	-3495.4759000838835
896000	-3516.008500866576
896500	-3498.479134567027
897000	-3500.3103182657405
897500	-3522.31020552389
898000	-3513.9802491606297
898500	-3524.028081386713
899000	-3495.909449131642
899500	-3512.5148059940507
900000	-3492.926299951009
900500	-3533.963332646472
901000	-3512.4137299852882
901500	-3527.66175182923
902000	-3512.940614956392
902500	-3532.0168439354916
903000	-3526.143219400987
903500	-3488.1401268750606
904000	-3497.1275938310396
904500	-3523.2234449592306
905000	-3520.1883958701474
905500	-3503.1283674120273
906000	-3497.0791199570895
906500	-3481.37258957095
907000	-3506.478008824496
907500	-3515.6733828003253
908000	-3497.826794731997
908500	-3483.3971577735856
909000	-3482.2069801044563
909500	-3488.4116528782433
910000	-3483.1213000436796
910500	-3482.4563054071923
911000	-3485.7662870970316
911500	-3493.5184848704107
912000	-3508.142288150519
912500	-3539.1552856326393
913000	-3490.4105843587517
913500	-3522.1203166369214
914000	-3521.4973494916885
914500	-3526.397762277407
915000	-3530.571037832638
915500	-3516.6982069121177
916000	-3481.2949902159266
916500	-3538.200835583359
917000	-3542.0676798753134
917500	-3524.1476895035826
918000	-3545.2163784696486
918500	-3536.0773789695922
919000	-3539.4867058553655
919500	-3514.5086327148474
920000	-3522.1013387241683
920500	-3501.9602675629817
921000	-3541.0820532548832
921500	-3532.564598642674
922000	-3496.592807170979
922500	-3505.590597615168
923000	-3525.5446526757637
923500	-3529.3530187238634
924000	-3530.190619759393
924500	-3531.537206795504
925000	-3475.0256429389774
925500	-3530.6601084859617
926000	-3517.2251557993204
926500	-3500.1105911943323
927000	-3501.064778444273
927500	-3507.865388306618
928000	-3525.419241598056
928500	-3509.138561541325
929000	-3520.2127116561387
929500	-3479.3519850330595
930000	-3493.105779081768
930500	-3508.6467402499893
931000	-3505.9514891776435
931500	-3537.103702281597
932000	-3495.7235724116463
932500	-3478.3998163450765
933000	-3519.4678697627437
933500	-3535.8022249724945
934000	-3514.739778345529
934500	-3511.430148789009
935000	-3468.1881071978805
935500	-3498.635410340053
936000	-3525.6533366784215
936500	-3492.729922800173
937000	-3514.047815036796
937500	-3492.6659353407695
938000	-3538.435423251981
938500	-3500.9030025583174
939000	-3491.6606523047267
939500	-3480.9199469256587
940000	-3478.439192620114
940500	-3520.8545325717078
941000	-3510.680646848588
941500	-3526.892730793184
942000	-3471.7619444868055
942500	-3505.9338806521
943000	-3505.3823620295425
943500	-3500.1349479688733
944000	-3496.0370939316595
944500	-3536.0098416328533
945000	-3513.6713471212497
945500	-3493.1650818710386
946000	-3506.3699496523386
946500	-3484.3872442545717
947000	-3515.910591846037
947500	-3468.619099429286
948000	-3487.3484725682174
948500	-3459.484368207263
949000	-3462.8831151118857
949500	-3477.8934315647784
950000	-3509.11410844859
950500	-3513.739183852684
951000	-3560.86246752679
951500	-3499.0143185088027
952000	-3487.0747470201986
952500	-3468.9654557084377
953000	-3478.706499484914
953500	-3460.5054197480476
954000	-3482.62201148098
954500	-3469.7702227814425
955000	-3472.5269755313534
955500	-3496.3828712021477
956000	-3505.72431218853
956500	-3464.059648892164
957000	-3500.714319917329
957500	-3530.2009859754025
958000	-3532.0893484091266
958500	-3495.135488817198
959000	-3527.8139207640747
959500	-3519.611592684111
960000	-3516.1926204592432
960500	-3536.5593891320054
961000	-3498.145962697671
961500	-3536.5244779147906
962000	-3526.669940944122
962500	-3549.984110589544
963000	-3569.359701106164
963500	-3551.345245882333
964000	-3530.3854165580105
964500	-3536.9970533259234
965000	-3533.882706252986
965500	-3531.164230158892
966000	-3502.7942371703266
966500	-3520.721066236274
967000	-3505.6664689766835
967500	-3505.090172216468
968000	-3520.256331522841
968500	-3488.226219548278
969000	-3507.031611820802
969500	-3501.4750350732256
970000	-3496.2086446868943
970500	-3508.339962389126
971000	-3498.9066791922846
971500	-3538.244010885557
972000	-3505.038435812666
972500	-3514.2797689938097
973000	-3514.617587768568
973500	-3516.5475006666575
974000	-3509.9823482072625
974500	-3496.3834753370893
975000	-3497.480646663685
975500	-3499.8149296080855
976000	-3495.3326446659753
976500	-3497.352174578134
977000	-3489.2958612676553
977500	-3486.445103019496
978000	-3489.1646333528925
978500	-3484.712296394745
979000	-3466.0466731766774
979500	-3488.5392051339395
980000	-3521.888483187655
980500	-3508.408467663521
981000	-3515.1390894426295
981500	-3549.4624640878906
982000	-3515.919814202769
982500	-3519.126174796732
983000	-3484.0291325563153
983500	-3495.4176120345696
984000	-3456.980054849944
984500	-3526.623186164088
985000	-3465.8651316855203
985500	-3497.039100032811
986000	-3518.6440174691625
986500	-3491.8983880473584
987000	-3519.617779433944
987500	-3499.7838972288064
988000	-3494.3076902047633
988500	-3484.123894122137
989000	-3470.7649353496786
989500	-3479.8575775595805
990000	-3501.6025619548263
990500	-3467.149312477843
991000	-3466.2543606875997
991500	-3464.9233908874457
992000	-3529.6526976163245
992500	-3553.331045931427
993000	-3562.7610802894965
993500	-3522.0104230716925
994000	-3529.939220251719
994500	-3514.0906264436403
995000	-3533.4914225457997
995500	-3501.412545206079
996000	-3546.0196711781196
996500	-3554.5258990730435
997000	-3513.2769302336765
997500	-3497.69887748727
998000	-3489.4040306441643
998500	-3495.7089347256856
999000	-3476.972362829866
999500	-3482.6516212946826
1000000	-3531.094792665896
1000500	-3492.8303657384176
1001000	-3489.2837269660654
1001500	-3481.8944363283285
1002000	-3504.887544323178
1002500	-3519.067524604976
1003000	-3512.5388147433027
1003500	-3519.461111105994
1004000	-3540.122636571683
1004500	-3545.8599961580353
1005000	-3524.4244884538252
1005500	-3515.4560269522062
1006000	-3510.4968318602073
1006500	-3511.4769342338195
1007000	-3517.839933521492
1007500	-3510.6116339846994
1008000	-3504.92905670501
1008500	-3517.655722717633
1009000	-3505.582888815187
1009500	-3501.2957262330015
1010000	-3494.8644376432862
1010500	-3525.5791658587254
1011000	-3543.8336111956532
1011500	-3548.457543431894
1012000	-3512.28975341309
1012500	-3510.7267997691706
1013000	-3520.737557047498
1013500	-3527.79911133466
1014000	-3522.9615301664326
1014500	-3521.1547489629584
1015000	-3561.6150969939317
1015500	-3579.4815511572187
1016000	-3535.037740799984
1016500	-3512.2028913292397
1017000	-3512.1424757403875
1017500	-3514.6310721782042
1018000	-3497.8000854977277
1018500	-3466.6441610495385
1019000	-3500.4659388191594
1019500	-3463.38995146831
1020000	-3477.354178330459
1020500	-3478.1913189186953
1021000	-3526.248841488635
1021500	-3524.458313967107
1022000	-3485.514912412259
1022500	-3462.057886930561
1023000	-3491.511937300403
1023500	-3500.478122290487
1024000	-3477.7556214146007
1024500	-3498.6991868177256
1025000	-3544.41919588556
1025500	-3516.7340230056584
1026000	-3511.7562738855977
1026500	-3502.180841957873
1027000	-3511.519156762477
1027500	-3501.401262151717
1028000	-3527.6195429423224
1028500	-3514.8611500114853
1029000	-3538.3530631266867
1029500	-3488.085151970605
1030000	-3499.982146921381
1030500	-3535.2988997446446
1031000	-3501.124216088825
1031500	-3511.073803190674
1032000	-3539.3803500144554
1032500	-3480.743702291169
1033000	-3477.5233837628257
1033500	-3508.324024175563
1034000	-3520.1980950234038
1034500	-3503.3831882997233
1035000	-3515.1854912061613
1035500	-3504.4733347677416
1036000	-3525.3905442633454
1036500	-3483.1923334659305
1037000	-3498.1037722705955
1037500	-3486.981253994834
1038000	-3498.025333690033
1038500	-3493.4617065454418
1039000	-3483.47437456379
1039500	-3464.4238431433946
1040000	-3484.370957939878
1040500	-3491.6897970417435
1041000	-3483.360254126994
1041500	-3482.8838821923223
1042000	-3496.195763383656
1042500	-3515.5684929525687
1043000	-3476.4530601728366
1043500	-3517.3327011132387
1044000	-3512.333714748174
1044500	-3490.7143973741095
1045000	-3482.069426060031
1045500	-3489.628677620258
1046000	-3499.3650206038133
1046500	-3518.8539429496464
1047000	-3496.444895344096
1047500	-3514.7219354103804
1048000	-3503.056446381895
1048500	-3492.4025420116677
1049000	-3503.2293828359957
1049500	-3504.266548219315
1050000	-3514.78833216669
1050500	-3477.370709537187
1051000	-3482.0772994302247
1051500	-3456.047976794469
1052000	-3485.645967357854
1052500	-3453.426971822077
1053000	-3452.4793384691034
1053500	-3438.5804680410656
1054000	-3511.953682200055
1054500	-3467.90970397861
1055000	-3492.633829917019
1055500	-3538.81152677511
1056000	-3539.222855149301
1056500	-3515.3749530515493
1057000	-3503.263344202145
1057500	-3495.256955516679
1058000	-3491.5193126704785
1058500	-3500.182083996369
1059000	-3473.8623054558443
1059500	-3463.1381803507725
1060000	-3453.715768170165
1060500	-3466.908103342559
1061000	-3499.2811618944384
1061500	-3488.470069931041
1062000	-3481.67459343454
1062500	-3513.095557668857
1063000	-3542.3524789442345
1063500	-3503.8219824490193
1064000	-3496.15002249269
1064500	-3501.6355666752015
1065000	-3524.184046268183
1065500	-3508.2702707605436
1066000	-3559.3855852430356
1066500	-3515.669692025871
1067000	-3516.2020692606034
1067500	-3527.5178977785476
1068000	-3532.7285694232373
1068500	-3486.1132231925903
1069000	-3492.5783661029177
1069500	-3504.5701183483097
1070000	-3477.482905713065
1070500	-3487.289098350934
1071000	-3498.3459635997215
1071500	-3482.274629306352
1072000	-3477.458079137206
1072500	-3473.6821564090224
1073000	-3488.9215232618567
1073500	-3470.0378206000355
1074000	-3488.196854660999
1074500	-3526.7803512844735
1075000	-3501.982746565654
1075500	-3481.84260926716
1076000	-3485.5876645556455
1076500	-3478.1726761471573
1077000	-3491.264742783461
1077500	-3486.7036363151556
1078000	-3496.3883904296204
1078500	-3473.2647819848953
1079000	-3501.203521729273
1079500	-3485.4666396250072
1080000	-3491.53254390531
1080500	-3517.962522512233
1081000	-3508.974953415397
1081500	-3507.9655667045045
1082000	-3481.358975701747
1082500	-3508.6205027331644
1083000	-3539.754463250327
1083500	-3560.391347353961
1084000	-3484.407174876974
1084500	-3452.786617213811
1085000	-3506.800111959345
1085500	-3480.4274511161775
1086000	-3499.49160189235
1086500	-3500.1808807115513
1087000	-3489.4697795950074
1087500	-3534.575133430449
1088000	-3511.1071598456047
1088500	-3526.8677322601548
1089000	-3481.8442144078813
1089500	-3500.565343436937
1090000	-3468.695955919083
1090500	-3501.9868567923713
1091000	-3526.838192776681
1091500	-3545.650888320823
1092000	-3528.879923543625
1092500	-3548.9914548859783
1093000	-3500.1515111294266
1093500	-3521.0454486259637
1094000	-3542.261153442895
1094500	-3501.2347427291947
1095000	-3484.1736411224338
1095500	-3504.6972562899646
1096000	-3509.7065469467098
1096500	-3494.062115309599
1097000	-3495.4043335376446
1097500	-3485.2131315030574
1098000	-3505.55490859213
1098500	-3504.723891710074
1099000	-3507.2699856861955
1099500	-3528.323573810791
1100000	-3507.5223328282336
1100500	-3522.404881242998
1101000	-3506.2537304941484
1101500	-3511.242309349997
1102000	-3498.691035306497
1102500	-3495.1738822359553
1103000	-3450.0940710934124
1103500	-3490.2771889794344
1104000	-3501.1203606078448
1104500	-3479.879269650129
1105000	-3463.369363319271
1105500	-3474.6596457458813
1106000	-3489.623957673509
1106500	-3494.1155024922164
1107000	-3491.3091518076044
1107500	-3499.1051991163163
1108000	-3467.9588947235507
1108500	-3459.0678152170235
1109000	-3499.442504571022
1109500	-3475.3047695429186
1110000	-3476.821523326465
1110500	-3503.8166180079515
1111000	-3540.4144766717054
1111500	-3507.529414208703
1112000	-3557.0476988724968
1112500	-3498.954289057571
1113000	-3485.6455000923756
1113500	-3508.2605975872584
1114000	-3495.3772754786633
1114500	-3496.821917410382
1115000	-3519.8060526039585
1115500	-3531.5455556856823
1116000	-3508.8099760432056
1116500	-3507.973914362925
1117000	-3508.257271182189
1117500	-3509.202978835799
1118000	-3503.9408265387137
1118500	-3471.259778346992
1119000	-3512.613383022555
1119500	-3506.1273000088536
1120000	-3487.485324068772
1120500	-3486.607193673913
1121000	-3480.104264275966
1121500	-3502.33524111026
1122000	-3492.2882813383367
1122500	-3494.680948368893
1123000	-3512.221748182484
1123500	-3479.8351860545135
1124000	-3517.309323248948
1124500	-3514.0340992171186
1125000	-3508.340351501093
1125500	-3486.4496129076697
1126000	-3501.713209005713
1126500	-3482.671228486618
1127000	-3458.4695343857857
1127500	-3484.916214680392
1128000	-3473.6506400607905
1128500	-3527.8847191014374
1129000	-3506.4948695597263
1129500	-3521.3389193792536
1130000	-3506.895044420684
1130500	-3466.7111652918525
1131000	-3467.3355500451758
1131500	-3478.520789954456
1132000	-3517.5901270947124
1132500	-3459.2944256143837
1133000	-3503.6739871090826
1133500	-3532.737305913026
1134000	-3511.2364546532513
1134500	-3538.0947852146396
1135000	-3500.5590542772907
1135500	-3507.0283541933177
1136000	-3508.9212899352415
1136500	-3490.222513413688
1137000	-3507.7088528792624
1137500	-3499.976990757063
1138000	-3492.541801160643
1138500	-3528.480653926337
1139000	-3506.139314307781
1139500	-3511.520980416611
1140000	-3513.9624080856934
1140500	-3491.524511287309
1141000	-3512.718280103564
1141500	-3523.548665395833
1142000	-3467.1437237530035
1142500	-3529.359212336557
1143000	-3509.831769468256
1143500	-3500.6551781460153
1144000	-3531.58283592953
1144500	-3525.497186246234
1145000	-3522.165443052739
1145500	-3503.454767237909
1146000	-3520.117818707184
1146500	-3504.1919306433415
1147000	-3506.7508402411513
1147500	-3505.6265031675134
1148000	-3529.470179025748
1148500	-3531.219568277531
1149000	-3524.109171082844
1149500	-3499.3154352446136
1150000	-3499.515806483851
1150500	-3510.922080196125
1151000	-3510.40738405934
1151500	-3495.25777556372
1152000	-3509.8682785827714
1152500	-3569.249239069701
1153000	-3517.2117278527676
1153500	-3530.165175107116
1154000	-3523.862044942819
1154500	-3515.943424060898
1155000	-3546.2061417238074
1155500	-3547.6908077513453
1156000	-3546.306537273741
1156500	-3500.68389473007
1157000	-3570.0744038668245
1157500	-3579.0199486153374
1158000	-3522.88467856843
1158500	-3518.3227175506645
1159000	-3540.646475841924
1159500	-3514.9993254473084
1160000	-3525.25488056557
1160500	-3553.195702428979
1161000	-3558.031374358721
1161500	-3531.8703805934874
1162000	-3524.66683022769
1162500	-3536.902377628194
1163000	-3493.8258791233047
1163500	-3495.3812149122277
1164000	-3518.001212311682
1164500	-3517.970583149195
1165000	-3489.1404137883765
1165500	-3501.988174896117
1166000	-3503.4107801647715
1166500	-3522.1646701699283
1167000	-3518.5791034281942
1167500	-3500.8440534553642
1168000	-3504.4418601630928
1168500	-3524.3132699103353
1169000	-3484.955221027688
1169500	-3514.7960913552806
1170000	-3536.428930278969
1170500	-3530.3566626429574
1171000	-3506.5345401733503
1171500	-3523.000497229142
1172000	-3529.281378836408
1172500	-3506.8278411443753
1173000	-3527.0907719511506
1173500	-3529.293781042609
1174000	-3506.3208673528575
1174500	-3501.2368061744046
1175000	-3520.409657003876
1175500	-3498.260158144543
1176000	-3522.446240135088
1176500	-3488.4927965637244
1177000	-3494.142065874719
1177500	-3497.1094944284227
1178000	-3518.9207695047066
1178500	-3524.675419028932
1179000	-3535.325491236115
1179500	-3470.595750876273
1180000	-3513.948998988482
1180500	-3524.598109701876
1181000	-3522.3781099754565
1181500	-3505.4467567125103
1182000	-3537.9479076144175
1182500	-3502.608760305065
1183000	-3508.1964915788158
1183500	-3505.5465732899465
1184000	-3528.876829698668
1184500	-3526.9778367560907
1185000	-3518.2311315892566
1185500	-3543.4215698900125
1186000	-3493.5261482698675
1186500	-3522.2757595861326
1187000	-3481.203577052857
1187500	-3494.278114709208
1188000	-3498.9670931818328
1188500	-3514.8972777287986
1189000	-3540.899032854798
1189500	-3506.4741824471803
1190000	-3526.2911001925577
1190500	-3499.6423051253405
1191000	-3521.7802260929934
1191500	-3514.2034424644917
1192000	-3518.749527145019
1192500	-3539.9634329798955
1193000	-3514.337798812009
1193500	-3531.124373873474
1194000	-3530.613978986279
1194500	-3536.570921260704
1195000	-3499.828587426224
1195500	-3536.9656838382566
1196000	-3528.690433361907
1196500	-3535.8955470341566
1197000	-3543.9187826763878
1197500	-3527.316183644436
1198000	-3521.039946198531
1198500	-3510.927349716103
1199000	-3513.348339258108
1199500	-3526.222989289548
1200000	-3509.6288775581415
1200500	-3522.5704881764827
1201000	-3521.792293873639
1201500	-3519.18706829885
1202000	-3487.0112875740824
1202500	-3509.9779463242544
1203000	-3545.197183025749
1203500	-3508.5184749124032
1204000	-3479.6334435003696
1204500	-3513.0844174026156
1205000	-3542.680887947641
1205500	-3496.2884461416274
1206000	-3510.750342884428
1206500	-3511.0092079294773
1207000	-3511.660380249278
1207500	-3504.5441448913475
1208000	-3529.6038028187722
1208500	-3509.139701075582
1209000	-3500.9363914399883
1209500	-3522.4116021065706
1210000	-3528.171122918451
1210500	-3490.256402907998
1211000	-3481.375230212393
1211500	-3490.6888886086454
1212000	-3541.4107434019757
1212500	-3491.2854193429903
1213000	-3460.9760840016456
1213500	-3491.681584709009
1214000	-3489.2710143369145
1214500	-3522.989545653333
1215000	-3562.222793147361
1215500	-3503.184945704657
1216000	-3500.0480060101177
1216500	-3488.7323501752826
1217000	-3519.69627689124
1217500	-3528.2022269700187
1218000	-3483.0889301110246
1218500	-3483.684061028197
1219000	-3486.4164291827383
1219500	-3479.675650565958
1220000	-3494.7004304858115
1220500	-3509.8258563696277
1221000	-3510.670032447137
1221500	-3515.625691412016
1222000	-3515.6208304570155
1222500	-3526.2579468297404
1223000	-3495.582010204375
1223500	-3501.5813283001917
1224000	-3514.8437315058045
1224500	-3496.2567190617597
1225000	-3472.5393800230286
1225500	-3503.2417266335488
1226000	-3475.875058334424
1226500	-3497.7172335782952
1227000	-3476.0149597111676
1227500	-3490.2730314891955
1228000	-3494.9787291998546
1228500	-3486.6890419311703
1229000	-3522.048740317046
1229500	-3528.2495437678513
1230000	-3552.1437346863304
1230500	-3539.2081473867192
1231000	-3513.6338632950988
1231500	-3505.7320623451815
1232000	-3502.4947117739616
1232500	-3506.643909853739
1233000	-3482.6498178492375
1233500	-3493.896501652297
1234000	-3500.043138706169
1234500	-3513.24176852351
1235000	-3483.1932116938438
1235500	-3475.359665387145
1236000	-3501.5319288521
1236500	-3498.01769304357
1237000	-3554.452261248918
1237500	-3522.3350463016786
1238000	-3504.2318315605435
1238500	-3536.0588515787285
1239000	-3508.837020792679
1239500	-3505.4212939903246
1240000	-3482.0901874738897
1240500	-3494.2955534127186
1241000	-3498.0816021472865
1241500	-3483.5528535837693
1242000	-3490.846221560944
1242500	-3507.6128757566853
1243000	-3513.8402807655334
1243500	-3509.932093491763
1244000	-3511.3122044762204
1244500	-3500.009744140669
1245000	-3491.9484722710254
1245500	-3492.4094406168447
1246000	-3482.3183028013495
1246500	-3489.0281287381085
1247000	-3492.332939277949
1247500	-3508.932778274422
1248000	-3520.9650855561745
1248500	-3527.2537143443483
1249000	-3541.564948273791
1249500	-3495.2042940230726
1250000	-3502.7279882064677
1250500	-3476.573930868042
1251000	-3494.9831140996403
1251500	-3517.7246608807613
1252000	-3521.270075497446
1252500	-3522.147089260958
1253000	-3526.8738505939914
1253500	-3533.9246244338383
1254000	-3522.5678473855705
1254500	-3510.7068737407094
1255000	-3482.997182629405
1255500	-3483.0859193323513
1256000	-3528.084053258624
1256500	-3526.09930053758
1257000	-3495.6447429765526
1257500	-3514.247782698751
1258000	-3519.2670899021978
1258500	-3537.2505572185164
1259000	-3499.892166362935
1259500	-3534.6320001531744
1260000	-3518.1473085186617
1260500	-3523.8926932766763
1261000	-3520.545623510435
1261500	-3528.848391527829
1262000	-3465.9478412344943
1262500	-3514.357368638535
1263000	-3535.8817659101674
1263500	-3507.3472058018824
1264000	-3543.8205749095687
1264500	-3504.959219332357
1265000	-3503.36598497999
1265500	-3552.3271987618873
1266000	-3485.734147276411
1266500	-3495.23369960198
1267000	-3529.8380552062636
1267500	-3518.1569013388525
1268000	-3533.3782644010626
1268500	-3538.7131788518295
1269000	-3537.447391282015
1269500	-3527.084537447705
1270000	-3485.7638560278237
1270500	-3499.9257815718165
1271000	-3553.234600771046
1271500	-3511.658289811179
1272000	-3505.429850098622
1272500	-3494.4515084692425
1273000	-3491.85300661995
1273500	-3506.605292417626
1274000	-3455.177806830603
1274500	-3469.5428621478995
1275000	-3485.4193500643423
1275500	-3505.4983582556147
1276000	-3490.1099030437995
1276500	-3509.5200724331844
1277000	-3471.4235571701693
1277500	-3467.107648648196
1278000	-3487.005187712518
1278500	-3496.4970252620847
1279000	-3494.3042242306587
1279500	-3465.0027986982027
1280000	-3513.131503040657
1280500	-3498.5793331052755
1281000	-3517.970702855593
1281500	-3493.970349527089
1282000	-3506.826275699257
1282500	-3518.348908060408
1283000	-3482.300120395288
1283500	-3485.094596041857
1284000	-3507.609175334076
1284500	-3499.286535358914
1285000	-3505.6883009525213
1285500	-3473.399615837607
1286000	-3534.608755232203
1286500	-3522.9173595801517
1287000	-3519.2554047224685
1287500	-3532.289715680459
1288000	-3491.557651313268
1288500	-3505.6027285907426
1289000	-3453.1114615403676
1289500	-3490.499237836798
1290000	-3493.8019766931375
1290500	-3522.5167792870975
1291000	-3553.3259867355564
1291500	-3547.1335012530567
1292000	-3560.6738929025696
1292500	-3551.756260917903
1293000	-3565.9037304174644
1293500	-3547.631546854865
1294000	-3553.6688684061082
1294500	-3523.5994155872127
1295000	-3552.435651878018
1295500	-3546.530789000291
1296000	-3534.677165704891
1296500	-3555.617373900684
1297000	-3544.692337403315
1297500	-3544.361817164593
1298000	-3538.8401683808975
1298500	-3537.2527648859163
1299000	-3542.41801462821
1299500	-3578.859526026103
1300000	-3554.3485653323078
1300500	-3534.540402442242
1301000	-3545.789020073325
1301500	-3573.9487826462278
1302000	-3558.1407396576287
1302500	-3579.3769102977462
1303000	-3560.371601195141
1303500	-3534.739745993951
1304000	-3548.666947207877
1304500	-3520.4743520263887
1305000	-3532.370779171451
1305500	-3550.4847529217805
1306000	-3581.845124085295
1306500	-3556.0042649612506
1307000	-3553.5731134822313
1307500	-3556.0392431208493
1308000	-3547.2849937541732
1308500	-3514.7183643968087
1309000	-3554.3280980585387
1309500	-3555.326035571207
1310000	-3543.1382630056196
1310500	-3502.9779669588215
1311000	-3533.89352410473
1311500	-3505.3179291493025
1312000	-3516.2700784798676
1312500	-3537.377178863169
1313000	-3493.067732690015
1313500	-3486.7293152428974
1314000	-3505.6636553359144
1314500	-3496.7296526437162
1315000	-3536.316155685725
1315500	-3501.269384710335
1316000	-3514.028838394888
1316500	-3520.1626213352447
1317000	-3507.621704867383
1317500	-3493.2317747696798
1318000	-3466.622737535373
1318500	-3491.0375249944213
1319000	-3468.669777150796
1319500	-3490.0171398700445
1320000	-3489.970649919251
1320500	-3489.881200575708
1321000	-3492.1894406009033
1321500	-3493.609574408662
1322000	-3509.7967708584397
1322500	-3508.9205694550346
1323000	-3520.489235536007
1323500	-3497.0878001036967
1324000	-3538.5032644982516
1324500	-3495.504330723979
1325000	-3497.710122598927
1325500	-3548.6598429502933
1326000	-3473.5701327881957
1326500	-3509.161241474676
1327000	-3476.181197111983
1327500	-3455.5471466071485
1328000	-3488.003190765463
1328500	-3501.519907616958
1329000	-3479.888997525273
1329500	-3489.396895226845
1330000	-3468.255762627523
1330500	-3473.4048052569788
1331000	-3524.1719108831403
1331500	-3534.2295443202
1332000	-3522.425274355155
1332500	-3486.9608118132314
1333000	-3485.8188721248803
1333500	-3533.7334785066805
1334000	-3496.967739176482
1334500	-3523.640833256233
1335000	-3539.4478305894313
1335500	-3535.8081047912556
1336000	-3554.2955212333827
1336500	-3510.5085713878498
1337000	-3528.27570423724
1337500	-3502.5333914479297
1338000	-3514.2932646772115
1338500	-3534.389966677232
1339000	-3525.8149598604314
1339500	-3479.36664231744
1340000	-3459.4944883590747
1340500	-3514.6338986534647
1341000	-3509.411598435256
1341500	-3506.289671558089
1342000	-3524.2263693408318
1342500	-3555.695967230788
1343000	-3511.3445147807224
1343500	-3521.1252916651842
1344000	-3513.953225651962
1344500	-3511.419579987451
1345000	-3507.643730310877
1345500	-3513.935494650422
1346000	-3502.799923809666
1346500	-3483.7206678511784
1347000	-3494.3091634069738
1347500	-3533.627382965965
1348000	-3520.938459841769
1348500	-3518.2465589996264
1349000	-3479.6853419852223
1349500	-3493.5542309184425
1350000	-3526.22532937407
1350500	-3495.5693127565855
1351000	-3518.5775632731247
1351500	-3463.7987572965512
1352000	-3479.627939851698
1352500	-3480.126590700967
1353000	-3486.667020225718
1353500	-3520.026384514536
1354000	-3496.7761200265795
1354500	-3510.9673306478157
1355000	-3526.2759268579616
1355500	-3502.635436182711
1356000	-3476.556429704049
1356500	-3501.7468298453837
1357000	-3507.924745319306
1357500	-3513.1422738874608
1358000	-3481.6491836478003
1358500	-3507.051237031709
1359000	-3519.829993740804
1359500	-3518.6902017782195
1360000	-3486.5070327963185
1360500	-3511.175374194456
1361000	-3494.248138024938
1361500	-3475.1218687605115
1362000	-3516.2912479540805
1362500	-3486.438962673968
1363000	-3500.842947807081
1363500	-3478.2956642585496
1364000	-3537.3083907325195
1364500	-3514.431323078265
1365000	-3531.6639491786086
1365500	-3528.1628831703592
1366000	-3527.8344738047717
1366500	-3537.009752608405
1367000	-3541.9859902311223
1367500	-3505.345244140985
1368000	-3521.8343646135436
1368500	-3530.5494647827804
1369000	-3548.234352761821
1369500	-3502.176152369253
1370000	-3537.2433003546544
1370500	-3550.4555567662687
1371000	-3535.5692569627668
1371500	-3490.351163827967
1372000	-3499.2128144228873
1372500	-3522.7064603713748
1373000	-3516.561098985661
1373500	-3491.602278635575
1374000	-3488.250508795291
1374500	-3495.0793978494808
1375000	-3494.3601087853863
1375500	-3478.0853361124523
1376000	-3494.0079594564622
1376500	-3472.9698857881494
1377000	-3483.6484072432618
1377500	-3506.8272973281596
1378000	-3514.2084053363524
1378500	-3483.7642482551746
1379000	-3517.729126782986
1379500	-3520.60844395236
1380000	-3515.946159066533
1380500	-3515.0849843858728
1381000	-3497.6525029983864
1381500	-3485.0012016291103
1382000	-3497.741175535842
1382500	-3519.0825354305093
1383000	-3498.728813746981
1383500	-3476.439918829172
1384000	-3522.28393806124
1384500	-3503.4053020515835
1385000	-3494.140829512088
1385500	-3485.920653094435
1386000	-3524.4209304823507
1386500	-3531.915850681393
1387000	-3507.1130079611667
1387500	-3479.6801712202405
1388000	-3474.57306620195
1388500	-3459.2925467897244
1389000	-3480.8354121592456
1389500	-3486.695434466984
1390000	-3492.261809545845
1390500	-3476.9055472399004
1391000	-3526.5250633278365
1391500	-3489.106431545476
1392000	-3529.3647890874886
1392500	-3503.6964805908738
1393000	-3555.6054607460615
1393500	-3494.173756454823
1394000	-3512.2087273291413
1394500	-3503.741713697351
1395000	-3520.286522012473
1395500	-3483.0456550565173
1396000	-3510.972984372049
1396500	-3511.0099141646865
1397000	-3524.3700555890473
1397500	-3486.554104747075
1398000	-3504.1123051676964
1398500	-3520.7726343490303
1399000	-3533.888439806925
1399500	-3503.300236264278
1400000	-3465.453486440994
1400500	-3480.5516509670024
1401000	-3484.705136151783
1401500	-3474.127185763831
1402000	-3496.173232403532
1402500	-3468.6126203112726
1403000	-3462.984042529493
1403500	-3482.466966953727
1404000	-3470.9642883632523
1404500	-3456.074018524838
1405000	-3479.6093332811865
1405500	-3489.8989125877733
1406000	-3506.9859355617555
1406500	-3493.6216099262933
1407000	-3491.279818653049
1407500	-3488.435914657439
1408000	-3485.4039949227426
1408500	-3509.524890401379
1409000	-3487.184235074511
1409500	-3516.2182252699877
1410000	-3515.9670759533446
1410500	-3505.346411345871
1411000	-3501.7186116465223
1411500	-3550.3621388756155
1412000	-3497.8169772195215
1412500	-3477.4851736154937
1413000	-3479.2399497943497
1413500	-3485.1592977636183
1414000	-3514.7238290375817
1414500	-3489.2548006049833
1415000	-3530.664611567035
1415500	-3495.519507462178
1416000	-3498.8868140508016
1416500	-3513.760982595877
1417000	-3499.7983421802214
1417500	-3508.4077556584616
1418000	-3481.001553192354
1418500	-3506.601614616964
1419000	-3500.633065502819
1419500	-3497.845410109028
1420000	-3507.1030818401805
1420500	-3496.389146824255
1421000	-3503.5563017093878
1421500	-3503.2032638643755
1422000	-3485.0956092510364
1422500	-3468.980478334056
1423000	-3474.6995916308215
1423500	-3527.5691346049166
1424000	-3539.267590783289
1424500	-3493.5979382976393
1425000	-3471.8005946421363
1425500	-3487.8144218287116
1426000	-3515.6292696012592
1426500	-3553.715822339854
1427000	-3518.543872670381
1427500	-3537.4608175358
1428000	-3549.2978758286386
1428500	-3496.954592648596
1429000	-3498.450720439955
1429500	-3497.897880390416
1430000	-3501.230711496767
1430500	-3502.7506405592558
1431000	-3463.176817638649
1431500	-3491.9079166884244
1432000	-3505.834381651247
1432500	-3498.3348842551036
1433000	-3517.751883250553
1433500	-3521.3299065250003
1434000	-3523.344649561949
1434500	-3499.1887828935814
1435000	-3504.0974351305304
1435500	-3494.200577744058
1436000	-3506.1796788445554
1436500	-3498.2622631201775
1437000	-3473.2791437387054
1437500	-3485.795959278466
1438000	-3501.6187944376175
1438500	-3526.2519494793887
1439000	-3493.295729462337
1439500	-3501.9684420681538
1440000	-3477.7105096370274
1440500	-3492.995255778716
1441000	-3525.582832738023
1441500	-3526.847507789371
1442000	-3560.0952287040936
1442500	-3519.9946040296327
1443000	-3533.486808831576
1443500	-3509.715722039299
1444000	-3475.2926478700588
1444500	-3503.3307700186883
1445000	-3504.4793431213648
1445500	-3501.8626278425286
1446000	-3493.110592324476
1446500	-3484.974513270889
1447000	-3474.8424467327254
1447500	-3550.451660624172
1448000	-3529.0289667208112
1448500	-3502.141175983595
1449000	-3498.1771611959944
1449500	-3478.9330973702486
1450000	-3481.4692531003293
1450500	-3487.2491734714627
1451000	-3475.745987436893
1451500	-3494.3862056988237
1452000	-3525.6833491715133
1452500	-3591.0818877785555
1453000	-3525.2274379480227
1453500	-3522.6154600248587
1454000	-3533.6110165353766
1454500	-3518.627430732511
1455000	-3508.1088402868977
1455500	-3514.015874153566
1456000	-3525.8853632054174
1456500	-3504.3873143044707
1457000	-3485.3348709607335
1457500	-3521.7928435893377
1458000	-3454.2869928861646
1458500	-3487.662483817799
1459000	-3498.9253358071887
1459500	-3487.1219634068807
1460000	-3492.110789711622
1460500	-3516.2841371504164
1461000	-3508.0211064407413
1461500	-3477.5976131982266
1462000	-3520.3674224947117
1462500	-3519.9652743070915
1463000	-3493.6423945811844
1463500	-3499.634214346905
1464000	-3501.261034187799
1464500	-3504.691941945136
1465000	-3524.5420900876843
1465500	-3514.3891037144313
1466000	-3482.0302356879693
1466500	-3484.4753219470686
1467000	-3482.661570597439
1467500	-3511.9757620175687
1468000	-3540.141225172821
1468500	-3546.5946087398365
1469000	-3495.652419932643
1469500	-3503.815395249635
1470000	-3494.1153823783197
1470500	-3479.0425731122846
1471000	-3474.078537289275
1471500	-3503.6761048055737
1472000	-3540.753089155251
1472500	-3524.8624580568785
1473000	-3516.168150017349
1473500	-3504.5842510182124
1474000	-3477.6790210283534
1474500	-3510.4443657249203
1475000	-3492.2797592088805
1475500	-3491.2485276835705
1476000	-3507.7466899627857
1476500	-3503.9471427225103
1477000	-3492.7774098840137
1477500	-3488.1324083340796
1478000	-3494.285429715736
1478500	-3491.8410240175253
1479000	-3478.7695817119475
1479500	-3492.112059405896
1480000	-3483.166315267717
1480500	-3484.069904230774
1481000	-3484.512947082013
1481500	-3512.3899978393883
1482000	-3496.2738798785986
1482500	-3508.081534625129
1483000	-3479.3007564950735
1483500	-3499.4417477698316
1484000	-3509.264195383939
1484500	-3500.4065332457985
1485000	-3474.002056104175
1485500	-3472.644683793976
1486000	-3475.8372651857453
1486500	-3481.665656655708
1487000	-3471.672447952584
1487500	-3531.5587800082076
1488000	-3493.776769039486
1488500	-3487.920154789567
1489000	-3469.1751613234323
1489500	-3489.8308766312293
1490000	-3508.6721254857052
1490500	-3513.5130969476345
1491000	-3492.7806839615
1491500	-3477.9600900603973
1492000	-3463.84648139246
1492500	-3475.552489342125
1493000	-3499.0020055024247
1493500	-3475.3274958492157
1494000	-3460.741709741132
1494500	-3498.647361501542
1495000	-3491.935578687868
1495500	-3517.2188641955445
1496000	-3502.108490087767
1496500	-3479.1103637451306
1497000	-3495.542111979595
1497500	-3485.2591317840483
1498000	-3503.7061883193387
1498500	-3526.794277561984
1499000	-3523.266855715724
1499500	-3490.6465894501675
1500000	-3486.801228823994
