Sample	likelihood
0	-3829.664423457906
500	-3928.3757283395053
1000	-3824.9256222129898
1500	-3841.7304070973987
2000	-3769.783470466193
2500	-3797.40867440482
3000	-3837.870207351731
3500	-3771.335864876875
4000	-3792.8896100035035
4500	-3744.4245949941937
5000	-3766.147440636483
5500	-3807.5991716221893
6000	-3813.930215885717
6500	-3897.97262624819
7000	-3816.3887031600875
7500	-3840.1069801074723
8000	-3783.897820870342
8500	-3877.0713884410143
9000	-3836.3408203518698
9500	-3823.118104966975
10000	-3795.854017419059
10500	-3863.256954611745
11000	-3827.4792416881114
11500	-3856.3227054073363
12000	-3763.2018288633667
12500	-3777.7455891124123
13000	-3762.0888136607755
13500	-3823.8600607875146
14000	-3793.3040692481577
14500	-3875.8887153766505
15000	-3839.1043968605577
15500	-3749.968995987666
16000	-3738.895934203634
16500	-3844.521306375323
17000	-3878.444837666259
17500	-3751.427265394306
18000	-3780.5992878860075
18500	-3707.9694586106957
19000	-3754.4834860725955
19500	-3733.6497832005093
20000	-3773.5168169703534
20500	-3737.4232716244223
21000	-3868.5507664471315
21500	-3858.621514876289
22000	-3892.279416492787
22500	-3809.832901113828
23000	-3769.825092627002
23500	-3826.4782329416407
24000	-3776.0379409691427
24500	-3834.56336930795
25000	-3813.8140079215204
25500	-3780.754190804974
26000	-3811.040638056303
26500	-3870.0911219656264
27000	-3861.3374737208565
27500	-3883.307650583288
28000	-3853.3524219907786
28500	-3878.6459054818783
29000	-3951.8251608276955
29500	-3954.2604505787967
30000	-3902.3223039113054
30500	-3886.0700921245675
31000	-3902.0361139761203
31500	-3890.7249838240914
32000	-3876.6578793281087
32500	-3868.6343206103984
33000	-3797.988094081847
33500	-3895.452053965774
34000	-3800.790991261448
34500	-3768.743336806598
35000	-3894.4182893571824
35500	-3781.1141163690177
36000	-3819.024195068052
36500	-3839.5021395956114
37000	-3805.272229700788
37500	-3763.0044721866816
38000	-3859.920538944361
38500	-3867.548096734553
39000	-3807.3362493560544
39500	-3800.346127426103
40000	-3830.122399198413
40500	-3864.3586484860734
41000	-3811.944196384251
41500	-3836.4475572722563
42000	-3825.1681112124766
42500	-3904.8683481539897
43000	-3836.418278505125
43500	-3890.58332634576
44000	-3869.505760091411
44500	-3841.6100931916635
45000	-3826.185564807452
45500	-3887.6256857489834
46000	-3897.538156688164
46500	-3901.11393196014
47000	-3931.3973936587586
47500	-3916.7522566759076
48000	-3923.9603655893334
48500	-3884.1302879159493
49000	-3893.4044083973613
49500	-3892.0821242156985
50000	-3911.0992088798744
50500	-3836.306084637555
51000	-3911.044185312935
51500	-3950.0490331438914
52000	-4027.304893484469
52500	-3941.2212429942742
53000	-3936.861094332754
53500	-3886.5955704774606
54000	-3787.5331029868717
54500	-3864.7445342036817
55000	-3843.3414081716337
55500	-3817.117309990219
56000	-3866.122046730558
56500	-3866.298091458494
57000	-3905.9100816275404
57500	-3902.9001790728726
58000	-3877.6815842602
58500	-3906.210688898243
59000	-3842.9865582693205
59500	-3911.1033583887
60000	-3996.29548995921
60500	-3851.444898103886
61000	-3873.4641906680645
61500	-3838.5514616988025
62000	-3908.2243790792595
62500	-3908.0791513549802
63000	-3870.2509210891467
63500	-3809.6745665892727
64000	-3887.9523608757836
64500	-3859.231884268121
65000	-3850.3438350828287
65500	-3894.8584383005086
66000	-3905.4434979433127
66500	-3843.0007712926786
67000	-3805.273045690154
67500	-3810.373363793491
68000	-3852.224037870039
68500	-3861.777773473616
69000	-3861.826455215872
69500	-3817.6757715229746
70000	-3876.731826486555
70500	-3939.6891070870197
71000	-3943.100379480145
71500	-3948.9411899177494
72000	-3935.6513616193683
72500	-3877.9910429334536
73000	-3823.605098255878
73500	-3810.7291238373227
74000	-3914.790078943553
74500	-3882.1047390929575
75000	-3900.4945321101095
75500	-3935.847735710573
76000	-3877.2753384450466
76500	-3883.0256359116856
77000	-3841.9766467397926
77500	-3883.62397092283
78000	-3797.6956233809656
78500	-3790.4973193183623
79000	-3933.3878160601225
79500	-3907.107756611623
80000	-3838.9384582144685
80500	-3859.673029219154
81000	-3861.797457969722
81500	-3808.663045651685
82000	-3866.358152271195
82500	-3815.813845494781
83000	-3830.989942758472
83500	-3785.1687383898293
84000	-3885.685929112538
84500	-3918.3923881222236
85000	-3836.5526322149976
85500	-3882.0204771728663
86000	-3759.6266195258463
86500	-3905.674801159607
87000	-3839.0329330309396
87500	-3859.6936145610634
88000	-3812.419733473414
88500	-3894.1568359613925
89000	-3986.18315534135
89500	-3943.401523039878
90000	-3842.9181359634085
90500	-3877.19633688648
91000	-3907.4760910907044
91500	-3938.5995138341555
92000	-3951.1899025546836
92500	-3851.0591102241588
93000	-3930.7014483064563
93500	-3902.565344054059
94000	-3887.504276581794
94500	-3910.7901883112495
95000	-3823.7559250481086
95500	-3897.545671090213
96000	-3886.575225031432
96500	-3841.4865703527607
97000	-3850.7027140256014
97500	-3833.0919813856067
98000	-3897.7848448548284
98500	-4017.0210278017885
99000	-3831.7935050492224
99500	-3857.3481679789566
100000	-3972.3657103797364
100500	-3926.508581980316
101000	-3847.7470447788696
101500	-3875.8966163484934
102000	-3875.065310553315
102500	-3837.1306555697197
103000	-3824.453910038728
103500	-3846.2001009110413
104000	-3843.5749542759318
104500	-3950.440006669487
105000	-3983.140639149039
105500	-3933.358843976837
106000	-3860.506400401032
106500	-3900.073361410578
107000	-3961.871797369904
107500	-3948.8569556147427
108000	-3857.3449337975107
108500	-3851.0278170755996
109000	-3885.9391929497497
109500	-3854.8198206257293
110000	-3949.020950795207
110500	-3907.499815809334
111000	-3961.4499746380666
111500	-3920.3323983626865
112000	-3902.9876726416796
112500	-3879.2991541102765
113000	-3911.5658788816054
113500	-3925.4485050054072
114000	-3984.8497700482785
114500	-3878.150688978961
115000	-3886.547833411942
115500	-3831.2654726565906
116000	-3840.2571423941154
116500	-3907.510824710005
117000	-3807.2701606339588
117500	-3918.1472011569595
118000	-3864.8315183445184
118500	-3872.962902392182
119000	-3861.92490086917
119500	-3846.3455588107768
120000	-3878.4377105019125
120500	-3884.5095744482533
121000	-3905.3781540106575
121500	-3995.62950008293
122000	-3918.35747339264
122500	-3842.7253911276766
123000	-3887.8862071615354
123500	-3903.367492008887
124000	-3870.0023158061936
124500	-3829.9400333357794
125000	-3813.867139983307
125500	-3940.718379462512
126000	-3984.9996391729437
126500	-3905.8341631229696
127000	-3903.744677092954
127500	-3923.362852794715
128000	-3853.7285636283846
128500	-3850.7038111767033
129000	-3889.2404461150986
129500	-3822.6650626534347
130000	-3792.258603207788
130500	-3879.726040251342
131000	-3857.7286342618
131500	-3813.4695455804326
132000	-3884.103084380342
132500	-3925.2152742974363
133000	-3749.513240897424
133500	-3744.2206287912254
134000	-3786.4472414539446
134500	-3832.906953484589
135000	-3798.0924081729236
135500	-3850.046187285789
136000	-3836.7917792290505
136500	-3828.1427544317457
137000	-3791.849475623863
137500	-3825.0434381237824
138000	-3771.420162013892
138500	-3785.4871224639555
139000	-3801.9204379995476
139500	-3772.1871813972175
140000	-3838.635702241876
140500	-3812.0416036100646
141000	-3755.262830902596
141500	-3808.481303449109
142000	-3748.0612751115877
142500	-3801.5731325824727
143000	-3726.209426935195
143500	-3734.474485476609
144000	-3753.2772034456416
144500	-3775.331363510073
145000	-3746.85501773916
145500	-3737.103433761495
146000	-3724.570422731324
146500	-3718.6286223384955
147000	-3780.583680450519
147500	-3805.7019070748606
148000	-3865.091983279083
148500	-3852.7058456759905
149000	-3849.2938023411816
149500	-3868.322691456137
150000	-3955.8722529022116
150500	-3892.8676739772436
151000	-3881.329161960541
151500	-3874.040001708947
152000	-3876.5199998773387
152500	-3878.7977571721885
153000	-3802.079968216278
153500	-3857.8902566847596
154000	-3933.9032623285675
154500	-3888.9725854271355
155000	-3919.038337521681
155500	-3931.2230304557092
156000	-3799.217964933112
156500	-3748.462884182208
157000	-3773.652236352024
157500	-3834.9836529795407
158000	-3753.695275210766
158500	-3750.4843889735375
159000	-3747.7329880623643
159500	-3792.8268016415154
160000	-3813.3214759065136
160500	-3841.856408289009
161000	-3836.463973077953
161500	-3816.6957712039634
162000	-3741.22361575534
162500	-3744.8481610686795
163000	-3734.432922151708
163500	-3764.8067929173117
164000	-3760.1847780638095
164500	-3803.155120415807
165000	-3805.3652474042897
165500	-3838.5777275772966
166000	-3793.4706726502527
166500	-3813.5090941636304
167000	-3780.2905860852416
167500	-3907.2461632333466
168000	-3948.916681257861
168500	-3716.3345990079406
169000	-3686.1819152039293
169500	-3656.4679070042957
170000	-3695.1736056323944
170500	-3654.9977432768337
171000	-3670.3528147993648
171500	-3736.4057757811643
172000	-3677.882548860316
172500	-3666.239568741179
173000	-3702.7691668268426
173500	-3664.5902900469473
174000	-3670.0569946443934
174500	-3694.7492823350167
175000	-3667.4561494262725
175500	-3668.608238928597
176000	-3642.5055634658092
176500	-3766.69254434153
177000	-3742.830120880169
177500	-3826.129748524001
178000	-3791.0033456826104
178500	-3746.863196610024
179000	-3790.8961717633238
179500	-3801.646572115357
180000	-3801.6954814618916
180500	-3847.0246602165757
181000	-3719.1885150516555
181500	-3677.798753257427
182000	-3824.368380341425
182500	-3789.301571855908
183000	-3725.13480790296
183500	-3768.432609636292
184000	-3737.6795974635365
184500	-3740.3103411426296
185000	-3755.655830086024
185500	-3790.180485452532
186000	-3783.3392696629903
186500	-3866.345407915026
187000	-3908.642952741541
187500	-3832.7340795961627
188000	-3752.9882720999135
188500	-3730.946750890965
189000	-3780.460740405439
189500	-3827.088654270621
190000	-3877.8899034412298
190500	-3830.7969625816686
191000	-3766.371386316102
191500	-3747.7298286530377
192000	-3814.2317054889513
192500	-3896.2716158124795
193000	-3895.3767534155377
193500	-3837.8933097890654
194000	-3990.4290862943876
194500	-3993.561890424655
195000	-3899.341572871384
195500	-3925.631683987968
196000	-3900.076434363353
196500	-4001.0873480202295
197000	-3997.0741637531764
197500	-3966.7004750594533
198000	-4043.300404751683
198500	-3981.512716954463
199000	-3960.38931906554
199500	-3861.0736271498763
200000	-3988.563224266234
200500	-3887.8510442641386
201000	-3917.3152376066714
201500	-3901.257031348563
202000	-3856.7612626730306
202500	-3831.929549460259
203000	-3919.5366868545734
203500	-4038.883688183941
204000	-3802.774937925208
204500	-3808.796874035999
205000	-3847.4409085340053
205500	-3865.855201578946
206000	-3763.066422845034
206500	-3795.319371844788
207000	-3841.325676244226
207500	-3888.69660953904
208000	-3744.828028312509
208500	-3776.074444121641
209000	-3862.86809837149
209500	-3941.385524554851
210000	-3874.7753503718614
210500	-3905.2068515271594
211000	-3816.819503851594
211500	-3836.2015900684187
212000	-3882.2562388041683
212500	-3857.3052560832657
213000	-3887.5188854386392
213500	-3792.1843204721754
214000	-3799.511759817635
214500	-3801.485314646087
215000	-3862.2674599901097
215500	-3824.231968340649
216000	-3986.0627066398793
216500	-3927.520171620437
217000	-3894.4139307286337
217500	-3906.400524231509
218000	-3740.2501036239823
218500	-3845.1257205741585
219000	-3827.4351769193213
219500	-3781.0400321763464
220000	-3802.209015357752
220500	-3818.6520407552985
221000	-3819.9746633414425
221500	-3831.7926714935693
222000	-3795.4904936715784
222500	-3827.015972182324
223000	-3813.3029377358926
223500	-3807.5229577361893
224000	-3817.1017819454228
224500	-3785.4466528644225
225000	-3923.630849008119
225500	-3917.9857709950725
226000	-3800.234881053455
226500	-3868.1529494863653
227000	-3917.628133471954
227500	-3780.167584294148
228000	-3828.542521608792
228500	-3750.875058120752
229000	-3733.5756560608315
229500	-3784.5342571528463
230000	-3711.9685946094587
230500	-3798.1213634680116
231000	-3818.0204445364484
231500	-3814.0196055138495
232000	-3783.684246148052
232500	-3776.616553356051
233000	-3676.9874578436375
233500	-3644.840090433069
234000	-3705.406724421656
234500	-3717.922003643103
235000	-3651.6711031393097
235500	-3631.2903335298192
236000	-3593.2847669849034
236500	-3613.6152017090953
237000	-3594.8835077500617
237500	-3576.5005083877636
238000	-3610.1634420363725
238500	-3657.863251229157
239000	-3604.0328550752483
239500	-3594.5379658060706
240000	-3621.287810357169
240500	-3705.358585870819
241000	-3647.3372406852595
241500	-3615.168557374638
242000	-3843.9573777675637
242500	-3835.5962062787476
243000	-3819.4470205577386
243500	-3756.9063277403466
244000	-3827.255057975301
244500	-3831.046223315359
245000	-3967.2572912963456
245500	-3935.399730932989
246000	-3817.3384109936746
246500	-3765.917205913641
247000	-3838.1045732150487
247500	-3841.209488804419
248000	-3924.514101993434
248500	-3853.399391583043
249000	-3775.076516705259
249500	-3773.482748054959
250000	-3733.604005223657
250500	-3790.661557851231
251000	-3882.7646374761557
251500	-3825.1513735459775
252000	-3868.390830383434
252500	-3797.201734480595
253000	-3803.16129301484
253500	-3837.7685019718306
254000	-3795.5671187322905
254500	-3756.801604275998
255000	-3776.545263110329
255500	-3812.9344292873693
256000	-3771.1818178929702
256500	-3818.094707016502
257000	-3754.989663887557
257500	-3810.0244139064985
258000	-3790.681028957662
258500	-3769.453997651872
259000	-3767.551379645091
259500	-3748.3804426582806
260000	-3677.7296348214877
260500	-3716.0746062070143
261000	-3705.278475354542
261500	-3763.265118639988
262000	-3787.988498987981
262500	-3774.578521521636
263000	-3692.7784078824775
263500	-3714.9256166259624
264000	-3742.545473692661
264500	-3679.1639111237314
265000	-3726.6015743827206
265500	-3745.4644786408717
266000	-3698.172601117898
266500	-3706.433707121888
267000	-3645.92083020186
267500	-3723.9914338782187
268000	-3835.6051822197846
268500	-3834.500321906744
269000	-3728.9611773507486
269500	-3792.0786519821722
270000	-3769.661598690406
270500	-3707.873196830736
271000	-3691.156366159886
271500	-3737.6862288052735
272000	-3757.0101180381134
272500	-3798.435936967368
273000	-3751.8568922770196
273500	-3837.0691262976247
274000	-3821.5891846033946
274500	-3750.2076242210865
275000	-3761.378353616962
275500	-3769.485732550351
276000	-3694.861150393334
276500	-3666.5561669781077
277000	-3625.0810433139927
277500	-3701.216943823485
278000	-3638.947450326177
278500	-3702.0252718001457
279000	-3721.208872372365
279500	-3751.5181358838176
280000	-3755.2747340111796
280500	-3716.14784300743
281000	-3786.3989331803114
281500	-3747.9168400316626
282000	-3791.2504339103184
282500	-3727.0486806042813
283000	-3795.2020650921067
283500	-3838.37562809504
284000	-3829.474069609713
284500	-3747.46961399833
285000	-3707.874673655547
285500	-3682.0794607082958
286000	-3691.8582281718323
286500	-3755.4333802173364
287000	-3822.9738608651933
287500	-3713.262514558616
288000	-3781.09197039305
288500	-3806.8238700100333
289000	-3779.645397801265
289500	-3758.5048832870593
290000	-3777.6162367282564
290500	-3804.0395443884486
291000	-3768.971996752875
291500	-3825.0401120057227
292000	-3803.2448938016596
292500	-3897.795919751852
293000	-3868.222450873544
293500	-3838.3643412100428
294000	-3894.7773817871985
294500	-3887.957532779516
295000	-3797.670231665188
295500	-3805.775246619857
296000	-3815.975118519772
296500	-3868.683830457289
297000	-3713.915020924946
297500	-3757.210828824525
298000	-3745.607847397739
298500	-3844.159063999307
299000	-3861.611941344795
299500	-3947.5893900272936
300000	-3886.668294082438
300500	-3834.5839663091956
301000	-3877.491044795819
301500	-3900.9130584003015
302000	-3835.4714159885566
302500	-3842.005643155233
303000	-3857.6828764217157
303500	-3884.687908011332
304000	-3879.0377298119856
304500	-3854.6086073026518
305000	-3884.84786653549
305500	-3830.464027169967
306000	-3867.857794922093
306500	-3825.4316892421944
307000	-3761.1681632192285
307500	-3775.4630491427306
308000	-3730.302909758111
308500	-3743.8520206687645
309000	-3750.287577211678
309500	-3737.932291022285
310000	-3773.229371693333
310500	-3760.844721676806
311000	-3767.388117115783
311500	-3797.6375317798315
312000	-3755.0226372862253
312500	-3748.877590672128
313000	-3756.7523289067744
313500	-3757.931742327818
314000	-3709.893267837842
314500	-3686.5565089401493
315000	-3746.6066616732564
315500	-3731.3799524514307
316000	-3698.2584555074463
316500	-3664.911216363971
317000	-3679.8114777648257
317500	-3687.880549909146
318000	-3663.9846626306517
318500	-3741.206781288833
319000	-3794.331131508491
319500	-3756.0613135012977
320000	-3794.4752057475644
320500	-3723.7565174686474
321000	-3711.2830530928677
321500	-3758.1258453198193
322000	-3693.223375980124
322500	-3713.557412373981
323000	-3736.0560228801555
323500	-3814.2902961131017
324000	-3744.2737106712107
324500	-3761.2416366139723
325000	-3725.0213836650582
325500	-3692.2614704848643
326000	-3769.2786187344022
326500	-3772.9113842110683
327000	-3843.4275432769455
327500	-3834.0880984682926
328000	-3717.723716062091
328500	-3779.3757985810903
329000	-3755.989389640673
329500	-3770.54312441324
330000	-3725.431933126316
330500	-3741.8441932824967
331000	-3644.317943822589
331500	-3683.1824026646937
332000	-3658.771949082244
332500	-3715.9614479279808
333000	-3798.189829090238
333500	-3745.733398699328
334000	-3809.1671213563754
334500	-3784.1499766158227
335000	-3808.953371592921
335500	-3782.336606438551
336000	-3736.9214326946967
336500	-3813.369888074644
337000	-3734.2561513348874
337500	-3752.6780785906644
338000	-3774.6808126480782
338500	-3779.149558449012
339000	-3853.778627323595
339500	-3790.2175074520887
340000	-3856.240982333466
340500	-3803.663296557195
341000	-3788.2734710890295
341500	-3859.3726726825075
342000	-3811.5105448674904
342500	-3824.444612103472
343000	-3765.6424090600062
343500	-3716.5191634890275
344000	-3737.232743868258
344500	-3887.820857977675
345000	-3678.904012938071
345500	-3763.948852378485
346000	-3721.886513551885
346500	-3741.9417394222082
347000	-3688.675485043845
347500	-3735.3876454376637
348000	-3786.4254816698212
348500	-3727.0925165917356
349000	-3713.87985316638
349500	-3777.147100074202
350000	-3710.6130443483316
350500	-3772.9731410478444
351000	-3791.920838232762
351500	-3715.6701750248276
352000	-3667.2443339179435
352500	-3719.920039876878
353000	-3801.805338684954
353500	-3820.16352754729
354000	-3924.302881914954
354500	-3903.2669773441953
355000	-3859.928874839743
355500	-3885.011523902761
356000	-3875.4612410643076
356500	-3812.890741952575
357000	-3811.741433200966
357500	-3861.706380515614
358000	-3842.6395865384593
358500	-3788.286407079696
359000	-3874.2517269721025
359500	-3951.1894284169375
360000	-3957.52913024366
360500	-3906.8143309610796
361000	-3883.876533028439
361500	-3854.7760774181875
362000	-3929.7451215810447
362500	-3821.8777219196145
363000	-3859.854933640806
363500	-3820.522780601056
364000	-3838.4126666590446
364500	-3865.469398799694
365000	-3826.7352893114053
365500	-3873.0439731278802
366000	-3739.766192069791
366500	-3794.244071052169
367000	-3791.9169752131425
367500	-3818.097074268923
368000	-3865.904329767507
368500	-3808.915898387068
369000	-3792.579977254801
369500	-3899.1153264757895
370000	-3812.9991538146355
370500	-3786.7970680999733
371000	-3825.5020775145617
371500	-3793.558116866157
372000	-3855.689697902153
372500	-3787.9974975601367
373000	-3909.061989505978
373500	-3848.1387374821347
374000	-3861.326910569515
374500	-3851.338794472732
375000	-3941.742171039292
375500	-3853.22828405149
376000	-3866.33951580058
376500	-3859.6729628398484
377000	-3977.9149523095357
377500	-3998.4918946721887
378000	-3924.1391491986833
378500	-3900.236357033709
379000	-3807.292773997171
379500	-3869.8298666366322
380000	-3791.4059540873413
380500	-3878.895260871059
381000	-3954.091240333983
381500	-3860.8858735926133
382000	-3818.123117350102
382500	-3974.0958865325633
383000	-3951.358392147476
383500	-4029.0620484828705
384000	-3941.6652435469687
384500	-3912.775255489671
385000	-3955.8622049117125
385500	-3988.155312539593
386000	-4047.7024217488633
386500	-3924.1627565077483
387000	-3977.402213132934
387500	-3970.587217042504
388000	-3985.4182240282375
388500	-3947.0000858510857
389000	-4043.338915170469
389500	-4006.1830066179773
390000	-3976.8214286330135
390500	-4013.4164924812453
391000	-4038.8185448100326
391500	-4051.5963506388853
392000	-3987.8339893421385
392500	-3894.3028476893323
393000	-3897.0066992405073
393500	-3927.663251632984
394000	-3903.5192944612413
394500	-3876.511354248064
395000	-3930.457652522019
395500	-4013.9535363340506
396000	-3994.1711857300006
396500	-3916.7430073872424
397000	-4036.0894483508537
397500	-3974.361475201322
398000	-4023.3989581779238
398500	-4006.8969947190635
399000	-4041.643999735268
399500	-4081.211281020637
400000	-4066.933578589988
400500	-4020.871195410413
401000	-3983.0169495175983
401500	-4080.6680582929903
402000	-4011.071502642184
402500	-3949.472491695151
403000	-3956.246356140526
403500	-3889.423241337814
404000	-4003.1683412011866
404500	-3975.4496515141
405000	-3920.345593710456
405500	-3991.4713574168436
406000	-3973.9433915558757
406500	-3911.2556022385706
407000	-3865.4391834516796
407500	-4031.232160057658
408000	-3918.6168367864584
408500	-3976.8785314322927
409000	-3978.001377349413
409500	-4065.1980074430285
410000	-4035.88730449311
410500	-3929.0762000436225
411000	-4013.3363015260006
411500	-4010.8700888874837
412000	-3965.595709618834
412500	-3887.8207268906317
413000	-3955.9689216235183
413500	-3825.8444558213127
414000	-3881.8580843932396
414500	-3900.079817404775
415000	-3922.0003202538287
415500	-3843.9116203961403
416000	-3911.6787252041217
416500	-3889.069673203578
417000	-3902.9323997395377
417500	-3938.818048861496
418000	-3958.8952302945518
418500	-3990.270632596648
419000	-3943.1948426037875
419500	-3914.6397487387026
420000	-3985.9408286847047
420500	-3858.9842806506895
421000	-3947.254466378085
421500	-4032.786571143979
422000	-3942.890278620753
422500	-3966.690678689087
423000	-3946.394315753019
423500	-3962.9525347268145
424000	-3980.2887912138303
424500	-3969.157899963988
425000	-3955.1327564112876
425500	-3969.767057868748
426000	-3973.877928204507
426500	-3999.3651670973986
427000	-3897.511600039034
427500	-3819.943436604293
428000	-3836.630613662896
428500	-3918.6804448070498
429000	-3943.2715217967425
429500	-3772.997801481562
430000	-3842.38887146608
430500	-3865.9004314009103
431000	-3738.8967266756267
431500	-3858.729871619107
432000	-3935.008243242808
432500	-3828.669566085538
433000	-3812.5980706556043
433500	-3840.291178993785
434000	-3865.434221683614
434500	-3855.481295015864
435000	-3823.899668807713
435500	-3844.0849158656474
436000	-3854.189081545791
436500	-3815.0035206800903
437000	-3883.391663475074
437500	-3889.7812872959034
438000	-3888.774218095099
438500	-3833.6630654668757
439000	-3867.5456409242756
439500	-3841.7230724791575
440000	-3790.6462897655933
440500	-3873.8471925966774
441000	-3735.121995569902
441500	-3786.34339921329
442000	-3823.505671670551
442500	-3847.032713628636
443000	-3984.906286573172
443500	-3911.9799556918906
444000	-3935.7639471327375
444500	-3908.5315635125226
445000	-3828.294854102973
445500	-3896.914377250169
446000	-3836.5607047328976
446500	-3830.094190775868
447000	-3878.0539820840418
447500	-3948.8004553497526
448000	-4089.1542414462406
448500	-3994.970239043419
449000	-3962.445723731917
449500	-3943.297261567662
450000	-3963.9755180188195
450500	-3923.6196059350377
451000	-3945.5303334879995
451500	-3984.4558933284584
452000	-3953.754965512776
452500	-3970.3314637698118
453000	-3931.326879033307
453500	-4013.473378486506
454000	-3973.065530352819
454500	-4030.538006145418
455000	-3999.928536680761
455500	-3956.2692861825217
456000	-3943.004708657185
456500	-3854.147002082556
457000	-4053.111171856967
457500	-3995.1283191889106
458000	-3947.839160436923
458500	-3930.306288718031
459000	-3893.755260259252
459500	-3927.1359402256326
460000	-3842.430039694987
460500	-3750.8521603615936
461000	-3771.0479860955
461500	-3777.569768626966
462000	-3808.4214545597697
462500	-3755.5136030646177
463000	-3809.5752733885306
463500	-3693.07520911112
464000	-3801.053627084098
464500	-3735.3014041293986
465000	-3701.234888890583
465500	-3682.443455824117
466000	-3744.546207201355
466500	-3686.497635693465
467000	-3730.8089542246676
467500	-3773.515235844476
468000	-3760.916416122279
468500	-3803.8825773810986
469000	-3829.8351740577205
469500	-3792.2396583683685
470000	-3734.9051090563557
470500	-3753.5860092325934
471000	-3715.479150293069
471500	-3880.0958250546405
472000	-3749.195736836878
472500	-3790.28559117862
473000	-3755.263082736815
473500	-3859.2959611539904
474000	-3868.1165993845934
474500	-3903.39883732184
475000	-3997.9617605370977
475500	-3893.8464865543724
476000	-3899.916871037136
476500	-3912.4167291977215
477000	-3948.8889627673943
477500	-3979.689393496431
478000	-3884.959505190045
478500	-3775.101946625586
479000	-3729.6731921316155
479500	-3757.4509555785744
480000	-3740.7771380043455
480500	-3800.4955103407838
481000	-3857.3278705804773
481500	-3818.555472813637
482000	-3835.3806568284513
482500	-3773.816359813792
483000	-3914.8114455281734
483500	-3936.7653056448084
484000	-4013.3583961044064
484500	-3904.2585727812098
485000	-3908.340344263307
485500	-3856.1403536096955
486000	-3841.7254542925907
486500	-3865.712758023754
487000	-3898.6778880510506
487500	-3859.0164042148986
488000	-3913.0427486587814
488500	-3887.727354185831
489000	-3943.435145057252
489500	-4047.3754313788313
490000	-3975.6104991223997
490500	-3938.5549872169777
491000	-3880.810525231216
491500	-3825.7939753597593
492000	-3913.986953179404
492500	-3927.03272452506
493000	-3917.380081767853
493500	-3925.9912830225576
494000	-3965.9947011669965
494500	-3902.1322888779796
495000	-4098.72462077371
495500	-4039.5600157607287
496000	-4070.013982136794
496500	-3976.17148007757
497000	-3934.6917188503285
497500	-3898.211517901401
498000	-3951.24384746272
498500	-3897.35322229143
499000	-3745.4615012997474
499500	-3741.163200801982
500000	-3799.887664004609
500500	-3846.448609917387
501000	-3851.704334382378
501500	-3866.7021357512717
502000	-3843.3418676637552
502500	-3855.305720468686
503000	-3811.1359226866525
503500	-3791.62922023843
504000	-3930.2976521063983
504500	-3795.050524908351
505000	-3786.4014541092142
505500	-3795.5361491180242
506000	-3811.305561543395
506500	-3793.8674040762535
507000	-3812.307722266388
507500	-3766.2053619953754
508000	-3819.6791573900937
508500	-3833.4552135731733
509000	-3795.838693084749
509500	-3766.311692184265
510000	-3788.145711432657
510500	-3853.974840309781
511000	-3888.732779779377
511500	-3873.6774454857987
512000	-3822.341538455592
512500	-3832.351754746382
513000	-3799.6096234623287
513500	-3811.5551497173524
514000	-3763.732206891315
514500	-3861.85860597335
515000	-3897.7640472934045
515500	-3806.662341908558
516000	-3841.8317719890047
516500	-3782.3200320496217
517000	-3716.0938963844123
517500	-3761.7526335693888
518000	-3822.46550127043
518500	-3828.974632507311
519000	-3835.181245646612
519500	-3811.8047887974067
520000	-3877.063775324741
520500	-3865.5034709593106
521000	-3831.422586334859
521500	-3849.047428716123
522000	-3776.328559830161
522500	-3792.0185136810846
523000	-3804.4032660926396
523500	-3820.3126323657416
524000	-3846.42947443768
524500	-3911.0844501769875
525000	-3869.1310922684615
525500	-3904.7749479284353
526000	-3984.4584622148845
526500	-3929.3419905709175
527000	-3956.6537833366187
527500	-3979.8120375903572
528000	-3906.740351609484
528500	-3894.2177456575764
529000	-3944.253497110712
529500	-3864.272622652372
530000	-3898.860584620014
530500	-3856.998063799887
531000	-3825.4369543871694
531500	-3832.9387388125224
532000	-3820.8558587282587
532500	-3927.0562049896807
533000	-3834.6269813695662
533500	-3763.7586726750237
534000	-3824.6835455021687
534500	-3834.6893173458
535000	-3850.5799983884463
535500	-3752.70457178176
536000	-3762.534183809358
536500	-3717.942110637477
537000	-3710.857340763835
537500	-3748.36171803915
538000	-3884.4242355185493
538500	-3782.3036144061043
539000	-3757.0364205991623
539500	-3809.365369534548
540000	-3831.3176893011814
540500	-3863.1754539047447
541000	-3915.947496943198
541500	-3949.155142687604
542000	-3959.0945806793707
542500	-3882.963664879634
543000	-3885.419538143671
543500	-3862.5150124763404
544000	-3879.2961292795208
544500	-3828.733082782025
545000	-3869.706678810205
545500	-3890.601082435188
546000	-3868.719282684099
546500	-3915.7130501403567
547000	-3952.920975364872
547500	-3848.9471731859326
548000	-3885.7880939214074
548500	-3874.524945828032
549000	-3922.2022878733433
549500	-3916.8724486467895
550000	-3877.8753744016735
550500	-3943.7585136857124
551000	-3866.771390422627
551500	-3861.579255038878
552000	-3911.3764309749963
552500	-3818.987567290114
553000	-3859.5659184692818
553500	-3882.687156887457
554000	-3839.207043825812
554500	-3930.1712637225914
555000	-3905.389588643808
555500	-3872.4925134258183
556000	-3880.0660908999134
556500	-3838.8902177361156
557000	-3803.4958646607206
557500	-3814.5259231394775
558000	-3807.46848810554
558500	-3864.769098028055
559000	-3892.2652135477456
559500	-3907.3909510899416
560000	-3806.608251984802
560500	-3778.613733090186
561000	-3835.2045021192152
561500	-3855.1575246972325
562000	-3771.14491562952
562500	-3944.2876271147807
563000	-3829.279831682174
563500	-3810.550636937702
564000	-3836.6292593875332
564500	-3919.7113567714237
565000	-4031.525333937645
565500	-3880.2530126084116
566000	-3895.9795461248505
566500	-3898.0182233041573
567000	-3941.410912000113
567500	-3866.7317639286384
568000	-3881.80033906824
568500	-3831.594978017911
569000	-3844.6506570426086
569500	-3899.041965545219
570000	-3929.7557500430576
570500	-3946.6721846560768
571000	-3913.0746372845456
571500	-3952.468991573309
572000	-3967.0888414074025
572500	-3776.973643026463
573000	-3867.0176460483535
573500	-3838.3505545878397
574000	-3765.8795400991303
574500	-3907.268157709533
575000	-3913.121481812761
575500	-3862.751930985227
576000	-3731.614616391767
576500	-3702.7994968424496
577000	-3839.1062698510746
577500	-3876.7347586435167
578000	-3875.2086261064574
578500	-3798.955629610823
579000	-3875.5465601872797
579500	-3862.797080423587
580000	-3850.489311808249
580500	-3857.5118130416395
581000	-3768.607276396256
581500	-3756.822982382021
582000	-3825.492254249088
582500	-3895.304380941446
583000	-3871.690398769844
583500	-3916.038685056691
584000	-3858.2870933640847
584500	-3864.6936414880506
585000	-3883.344542925585
585500	-3954.3619179649313
586000	-3948.298971313565
586500	-3913.708365699555
587000	-3881.3049921738984
587500	-3865.9745249993057
588000	-3861.8961449257786
588500	-3911.994827516287
589000	-3914.214921044918
589500	-3918.78841314533
590000	-3924.8661128015297
590500	-3948.8855804104446
591000	-3872.7422099480586
591500	-3837.277539193608
592000	-3845.129201552864
592500	-3882.880282175994
593000	-3839.2826509209153
593500	-3847.311056953698
594000	-3834.9110794684266
594500	-3779.5120129440656
595000	-3846.7869781628565
595500	-3840.967480965293
596000	-3893.649819777523
596500	-3777.5382701158906
597000	-3831.2046151883146
597500	-3744.3631569033005
598000	-3809.7305343290805
598500	-3774.9123507063446
599000	-3762.6460244379523
599500	-3852.983567917719
600000	-3712.2492909873863
600500	-3735.070840607566
601000	-3784.2052857053013
601500	-3769.074921694922
602000	-3907.422573427251
602500	-3772.7491571306405
603000	-3828.23773554619
603500	-3858.396127062615
604000	-3822.475646377661
604500	-3852.2779529972863
605000	-3818.347479256088
605500	-3776.968535838767
606000	-3733.1020899649184
606500	-3895.011169460253
607000	-3876.5715349359234
607500	-3771.7371448585714
608000	-3730.159369246114
608500	-3794.5765167704612
609000	-3733.2604366335045
609500	-3864.0150191321977
610000	-3803.8632099761353
610500	-3860.7198971449684
611000	-3790.218916767072
611500	-3813.1047878320346
612000	-3884.98825170464
612500	-3926.15473655151
613000	-3878.3772137925234
613500	-3937.4994113926005
614000	-3846.4290803647796
614500	-3882.1475372095974
615000	-3861.7493644689916
615500	-3812.840894643425
616000	-3791.8276245416605
616500	-3746.788516011209
617000	-3797.289766881843
617500	-3839.4790629151057
618000	-3805.6133352769016
618500	-3779.2647233745993
619000	-3775.683206281832
619500	-3851.782486759619
620000	-3907.9271413201427
620500	-3846.852178991462
621000	-3910.3853950924045
621500	-3888.3200285115495
622000	-3928.1582551268975
622500	-3830.7415276454594
623000	-3859.570318133732
623500	-3788.568432856287
624000	-3855.523145152167
624500	-3802.0019210374458
625000	-3810.964328527118
625500	-3908.2317340336904
626000	-3833.260143374671
626500	-3972.482394563082
627000	-3964.473101049867
627500	-3899.887487146697
628000	-3924.6995382895198
628500	-3860.6718249539763
629000	-3857.9377912625946
629500	-3887.5913801488928
630000	-3846.5550982440764
630500	-3764.509980665095
631000	-3736.404512480991
631500	-3708.5514311994716
632000	-3853.9182652907157
632500	-3865.940815981187
633000	-3865.940815981187
633500	-3865.940815981187
634000	-3865.940815981187
634500	-3865.940815981187
635000	-3865.940815981187
635500	-3865.940815981187
636000	-3865.940815981187
636500	-3818.656243789609
637000	-3774.6213216693336
637500	-3744.201538998007
638000	-3979.015514726496
638500	-3854.2505288298044
639000	-3822.8402723572012
639500	-3914.1680310629863
640000	-3946.8912401171883
640500	-3882.683759123237
641000	-3975.778778232205
641500	-3897.1039168805323
642000	-3841.1565749283272
642500	-3890.715291296018
643000	-3835.264227131045
643500	-3931.0081692355175
644000	-3868.8421064611634
644500	-3830.178536645468
645000	-3803.4977358993197
645500	-3866.990845790944
646000	-3829.6533704163676
646500	-3814.8075475483242
647000	-3868.9955132879722
647500	-3834.3533773169816
648000	-3882.648615479486
648500	-3840.5146725505588
649000	-3861.2446921785436
649500	-3917.8875029902065
650000	-3805.893659787703
650500	-3790.2361228732416
651000	-3840.8691867313287
651500	-3981.997354952449
652000	-3998.1244063448635
652500	-3932.097173625801
653000	-3970.787069736957
653500	-3878.818812998289
654000	-3888.14120667631
654500	-3902.5406021048757
655000	-3830.296445180138
655500	-3832.0307369078846
656000	-3854.4713499432232
656500	-3929.778304779366
657000	-3878.88098510742
657500	-3881.6608204142776
658000	-3909.089231862117
658500	-3940.4049704006134
659000	-3918.9742517335812
659500	-3953.069811116453
660000	-3971.1883213976266
660500	-3935.359720651631
661000	-3936.0894290471347
661500	-3897.9212217164336
662000	-3908.313230035935
662500	-3842.5219812826813
663000	-3857.544137909782
663500	-3771.4806119057416
664000	-3835.0958206030605
664500	-3845.227594050729
665000	-3804.024832532107
665500	-3878.8226077704767
666000	-3869.777891402914
666500	-3815.5062164703736
667000	-3814.571356256934
667500	-3834.0693012548413
668000	-3847.836354358407
668500	-3884.885460474289
669000	-3876.7378121017346
669500	-3790.028534312814
670000	-3853.1342894036557
670500	-3830.974219457117
671000	-3879.335179547393
671500	-3835.8151999055344
672000	-3894.9212771082716
672500	-3892.8961185824264
673000	-3818.303739985685
673500	-3877.303710140101
674000	-3880.573505595677
674500	-3752.291953450597
675000	-3882.5265482065797
675500	-3803.0202158777392
676000	-3818.470537445027
676500	-3829.6957976504314
677000	-3792.352525337672
677500	-3811.7753051278482
678000	-3843.989797436569
678500	-3869.4326001761897
679000	-3894.116267517373
679500	-3968.853105960329
680000	-3946.221166312331
680500	-3990.50593401861
681000	-3840.8045951961376
681500	-3893.559393118232
682000	-3783.168933626637
682500	-3798.5725154481192
683000	-3882.442799201362
683500	-3761.6927224076235
684000	-3813.8830539414894
684500	-3786.904688690613
685000	-3765.8409217355393
685500	-3782.7816675702466
686000	-3868.080832942805
686500	-3929.555622492578
687000	-3924.763933677674
687500	-3861.8170057573093
688000	-3791.5657568767283
688500	-3773.5248912035413
689000	-3814.073446390428
689500	-3816.5868130349672
690000	-3872.325742794626
690500	-3872.477555290241
691000	-3906.406740788952
691500	-3803.144863239182
692000	-3753.94014589487
692500	-3844.9507966812757
693000	-3780.35521389337
693500	-3817.4983939542412
694000	-3903.5431382724723
694500	-3927.2164897511634
695000	-3900.593469280373
695500	-3851.4664583660106
696000	-3855.5495186583776
696500	-3824.7135501821535
697000	-3840.218880542373
697500	-3856.6992904428807
698000	-3838.2023092663126
698500	-3780.9055243840744
699000	-3855.8522596701164
699500	-3761.515368598365
700000	-3837.802594515533
700500	-3864.340623290041
701000	-3813.687886141643
701500	-3896.958787750629
702000	-3805.894375033639
702500	-3823.236931238807
703000	-3752.6660016088094
703500	-3866.1735722354797
704000	-3944.5144721408246
704500	-3918.6343554214372
705000	-3859.5282833048473
705500	-3887.968470267191
706000	-3873.0814099405493
706500	-3978.9771818837285
707000	-3958.887489462546
707500	-3928.433467142453
708000	-3928.1205991243287
708500	-3871.1063132011536
709000	-3928.7127123163705
709500	-3971.519117215242
710000	-3960.528870094779
710500	-3956.409786635804
711000	-3925.558343775933
711500	-3951.4562813767934
712000	-3955.6306436623804
712500	-4015.49897681708
713000	-3911.2413817170504
713500	-3972.2862849465037
714000	-3940.6830223026454
714500	-3945.245798551723
715000	-4010.4745933818444
715500	-3955.2161206744895
716000	-3871.6177515342592
716500	-3800.4494762266536
717000	-3844.9050858765627
717500	-3804.224622803955
718000	-3810.0036594844805
718500	-3898.1031410221476
719000	-3884.951722088103
719500	-3871.8458814600367
720000	-3879.1193324883648
720500	-3953.5279260054613
721000	-3920.1788507024585
721500	-3891.72465816577
722000	-3876.480291011707
722500	-3988.1832924226915
723000	-3811.168531459315
723500	-3841.3676980086234
724000	-3769.686472727601
724500	-3804.8408325112414
725000	-3880.291001639258
725500	-3841.339244521471
726000	-3911.9352298010967
726500	-3904.9187242372586
727000	-3983.0981079190683
727500	-3965.2601557287835
728000	-3888.2948874783565
728500	-3854.62045069192
729000	-3832.3439988676296
729500	-3811.0870731429604
730000	-3823.609454449165
730500	-3879.7586626376196
731000	-3897.6072652523435
731500	-4014.709836159289
732000	-4006.2127424011883
732500	-3845.356801006093
733000	-3885.735442471797
733500	-3799.4110424100954
734000	-3795.1872110681384
734500	-3773.85685072139
735000	-3765.0348571714126
735500	-3778.445182874931
736000	-3784.5681290165553
736500	-3802.7549656907977
737000	-3787.5775590026824
737500	-3908.7237145177664
738000	-3889.8131568951057
738500	-3907.627117453813
739000	-3813.901142458907
739500	-3915.461517090996
740000	-3868.304940794073
740500	-3861.683891540972
741000	-3819.261802792903
741500	-3880.411313931811
742000	-3850.066208691527
742500	-3937.430215130837
743000	-3792.413018428152
743500	-3869.287449651341
744000	-3815.9511544792504
744500	-3936.1228744157524
745000	-3910.8611256289178
745500	-3886.5552289288544
746000	-3909.7584594323807
746500	-3986.2270056770917
747000	-3868.1470233320983
747500	-3861.9838651176
748000	-3851.265249867003
748500	-3853.42554790806
749000	-3898.609821335378
749500	-3985.389963505363
750000	-4011.3078922662867
750500	-4059.0181833048537
751000	-3944.9270382675695
751500	-3860.583743927523
752000	-3908.617314669098
752500	-3820.6057293784797
753000	-3818.934477587352
753500	-3935.330186238129
754000	-3965.5298916791016
754500	-4013.9506179706223
755000	-3923.138549607117
755500	-3848.2161642861142
756000	-3834.6563832533734
756500	-3785.5370032971337
757000	-3861.6196108983386
757500	-3848.890169466847
758000	-3832.777843892276
758500	-3778.444653762582
759000	-3754.3262281779434
759500	-3816.2693663750447
760000	-3865.967184920512
760500	-3806.761028893171
761000	-3828.7076937513443
761500	-3893.991617933631
762000	-3761.223688483254
762500	-3769.151985427448
763000	-3800.6661816425953
763500	-3820.1155450166016
764000	-3861.3194101335107
764500	-3866.1264242960783
765000	-3894.8301835435236
765500	-3895.111327765085
766000	-3843.0506090820686
766500	-3834.7721492972655
767000	-3911.9117501867113
767500	-3819.0255763503774
768000	-3864.6541023334144
768500	-3919.975150916938
769000	-3861.9808769960723
769500	-3752.795757237982
770000	-3743.365325235979
770500	-3693.6798112209335
771000	-3808.0129300600743
771500	-3747.738323545685
772000	-3731.544686203556
772500	-3757.0438614797554
773000	-3816.110217497723
773500	-3772.5522774214014
774000	-3756.8131868077776
774500	-3808.0008328921795
775000	-3766.347866812717
775500	-3794.4217752844943
776000	-3931.032853696132
776500	-3824.7073966868766
777000	-3861.992075955307
777500	-3765.979957905561
778000	-3702.805926826211
778500	-3817.1256230492963
779000	-3882.848066008586
779500	-3818.024901991735
780000	-3874.5768668155442
780500	-3806.855394080806
781000	-3818.3580705054555
781500	-3856.8638861361605
782000	-3854.4613617151967
782500	-3897.9996205400153
783000	-3917.2274432991926
783500	-4022.0586197738244
784000	-4106.095361154233
784500	-3887.398316206367
785000	-4058.5250695967943
785500	-3970.6816978482516
786000	-4024.376954810182
786500	-4004.609897587959
787000	-4022.6446668273143
787500	-3992.0172169299276
788000	-3940.776308653784
788500	-3940.1185471476424
789000	-3931.274970456035
789500	-4015.938330917834
790000	-4000.8409949149554
790500	-3973.2714444077174
791000	-3831.293097515621
791500	-3874.6436821274574
792000	-3832.083877782307
792500	-3846.49126251014
793000	-3930.2073496463313
793500	-3802.657824277328
794000	-3943.7975339316813
794500	-3770.132410401368
795000	-3815.531949146293
795500	-3882.185896939583
796000	-3834.424250584324
796500	-3995.94910126235
797000	-3888.7821664701023
797500	-3916.8072435447484
798000	-3715.2533944047873
798500	-3787.066385510151
799000	-3676.256417565423
799500	-3687.237137958845
800000	-3835.8714049218183
800500	-3824.3599773196042
801000	-3765.156762546927
801500	-3801.343601162509
802000	-3803.9028517056704
802500	-3771.8886442613034
803000	-3732.5788986273606
803500	-3792.221502005523
804000	-3753.5820378183557
804500	-3762.7308681558025
805000	-3798.4467014010097
805500	-3786.593058796143
806000	-3783.523285053677
806500	-3825.1947113357123
807000	-3735.530601085504
807500	-3935.5384439796267
808000	-3963.235810891656
808500	-3891.022498542015
809000	-3971.663761534733
809500	-3871.481779514212
810000	-3835.689316849312
810500	-3868.8560018518356
811000	-3859.329878155136
811500	-3868.5702793519763
812000	-3817.7010583732813
812500	-3951.8686827855645
813000	-3914.1814158800594
813500	-3937.2120938627645
814000	-3883.8391073986745
814500	-3912.043088439394
815000	-3875.6966896619174
815500	-3863.2334291688785
816000	-3769.8270211558743
816500	-3825.6520209728174
817000	-3868.4757316399914
817500	-3784.1616721550145
818000	-3859.958755483007
818500	-3874.74256675668
819000	-3850.2508055704398
819500	-3967.5386542721467
820000	-4026.862437625901
820500	-3884.435090362329
821000	-3749.7713857963386
821500	-3750.819752761377
822000	-3791.7025867722477
822500	-3793.477408114645
823000	-3875.169527297484
823500	-3745.0899065910003
824000	-3719.8391067985585
824500	-3725.2450573367287
825000	-3767.7620893347353
825500	-3777.3171360393458
826000	-3783.749815409515
826500	-3794.798999185412
827000	-3673.8359828816247
827500	-3684.9312375991863
828000	-3735.166707719311
828500	-3733.6898134400617
829000	-3715.5217628151054
829500	-3760.092410181341
830000	-3761.0405983878586
830500	-3730.8547752869304
831000	-3819.0066230678685
831500	-3954.4587323727505
832000	-3716.2295797707948
832500	-3768.324836663836
833000	-3857.5276568988024
833500	-3773.675092666795
834000	-3764.803038259801
834500	-3897.5800215386894
835000	-3885.0782455476574
835500	-3869.696042251945
836000	-3755.12389554637
836500	-3798.464143401652
837000	-3842.2516449957384
837500	-3773.9017457977884
838000	-3676.3412412300922
838500	-3676.978798654475
839000	-3738.751814538816
839500	-3694.9324702494405
840000	-3769.5022500305868
840500	-3683.2387690636797
841000	-3747.208181566316
841500	-3781.323464621728
842000	-3859.9151789840057
842500	-3835.4419634349747
843000	-3779.6658223033587
843500	-3740.2978904060437
844000	-3764.8506018046223
844500	-3860.541373215679
845000	-3718.2352286165537
845500	-3772.127218711708
846000	-3824.3228756680387
846500	-3708.0552817289195
847000	-3725.573113191898
847500	-3753.0773107352165
848000	-3869.775541686356
848500	-3716.858514258969
849000	-3755.6822620529965
849500	-3781.544645537948
850000	-3734.8564652523046
850500	-3789.651760670638
851000	-3841.137829710808
851500	-3880.541641067662
852000	-3815.782239402273
852500	-3750.563342443683
853000	-3770.8027373342807
853500	-3862.3001622990614
854000	-3737.415389376013
854500	-3763.9933456328745
855000	-3803.7059061267173
855500	-3781.248176287554
856000	-3751.615821442523
856500	-3764.188885253009
857000	-3828.517620394765
857500	-3746.196669423989
858000	-3786.782437094366
858500	-3770.3290570446443
859000	-3875.3873532517887
859500	-3744.7516017587614
860000	-3792.016499776214
860500	-3842.808315191778
861000	-3806.0232621941864
861500	-3761.317466578944
862000	-3706.2603203951176
862500	-3739.200151133475
863000	-3643.153286451631
863500	-3725.3081084684295
864000	-3801.3931883410132
864500	-3712.6437277781592
865000	-3737.2783911799343
865500	-3811.5639328175885
866000	-3740.677534763645
866500	-3818.525076790188
867000	-3812.759843818258
867500	-3921.2485940765605
868000	-3903.1755381032567
868500	-3888.701841893281
869000	-3874.090251958074
869500	-3844.7108031905236
870000	-3836.656430976522
870500	-3853.79561038306
871000	-3921.769039075142
871500	-3857.602242266053
872000	-3829.6994306480756
872500	-3875.3365179063517
873000	-3862.4895959994483
873500	-3878.746721869814
874000	-3930.8422256764898
874500	-3858.4729563504607
875000	-3900.016319252486
875500	-3859.9297426535077
876000	-3882.5963933699068
876500	-3832.5435346155696
877000	-3884.251136784339
877500	-3943.531793013033
878000	-3796.3691401554765
878500	-4046.4916847949103
879000	-3926.7363158069456
879500	-4049.4225596491797
880000	-3958.462842415048
880500	-3997.201760699477
881000	-3929.8436525584116
881500	-3883.127600243915
882000	-3983.3841410491755
882500	-3906.710459099775
883000	-4036.6539863298276
883500	-3888.8923420630676
884000	-3915.6473737028423
884500	-3989.993870667893
885000	-3933.3407861556802
885500	-3886.3317167484806
886000	-3913.9916019147668
886500	-3850.7332289712667
887000	-3837.1580582385745
887500	-3855.3394773350847
888000	-3832.6887748605345
888500	-3855.780053289697
889000	-3823.4860702668125
889500	-3828.346731917138
890000	-3871.6722143403144
890500	-3840.523593666338
891000	-3809.825168701216
891500	-3858.6939166743473
892000	-3781.957721415596
892500	-3773.8034165053746
893000	-3859.3274893226458
893500	-3773.2048829720443
894000	-3847.9778707312826
894500	-3805.3115588959495
895000	-3824.2359054443154
895500	-3735.93699104954
896000	-3803.7066638645333
896500	-3770.2182310646713
897000	-3735.0283299570992
897500	-3947.3574470151702
898000	-3931.8039907599973
898500	-4025.0684380101297
899000	-3884.781717917308
899500	-3820.5962907556795
900000	-3872.7543449543764
900500	-3865.3616428827595
901000	-3913.484467869504
901500	-3943.9094336888215
902000	-3886.0965097273606
902500	-3884.53692789966
903000	-3864.220295307695
903500	-3869.821088509921
904000	-3816.383720051393
904500	-3773.0867133528736
905000	-3781.239851056329
905500	-3796.705182665474
906000	-3836.255583114827
906500	-3807.6960797128186
907000	-3840.450200105817
907500	-3853.3456359565344
908000	-3848.1302320274085
908500	-3863.1388768616375
909000	-3972.0036842543736
909500	-3852.56277767359
910000	-3892.246040128856
910500	-3916.194311224172
911000	-3936.904391009754
911500	-3905.0051637544543
912000	-3920.5451065353263
912500	-3889.707629105139
913000	-3911.5685562641565
913500	-3989.3458626822876
914000	-3872.8827560875443
914500	-3887.6408579114427
915000	-3871.675189266132
915500	-3919.9664001153706
916000	-4009.430547491187
916500	-3901.699772873953
917000	-3968.8487050293584
917500	-4025.0158952074585
918000	-3932.5215124927768
918500	-3871.703429500076
919000	-3910.2423906179606
919500	-4015.959657160599
920000	-4062.567070079276
920500	-4042.502467231559
921000	-4030.9235319463305
921500	-4033.581502378714
922000	-3987.2152366407363
922500	-4043.1305828820473
923000	-3976.546386348725
923500	-4104.301728823268
924000	-3797.298022772515
924500	-3794.7770060741177
925000	-3795.253626471533
925500	-3857.494066977636
926000	-3864.1219342109753
926500	-3854.926169071286
927000	-4028.653584438121
927500	-3966.850483204864
928000	-3902.248798958701
928500	-3935.346569357318
929000	-3892.281067488999
929500	-3932.694809715161
930000	-3990.5514241964593
930500	-3896.754316366194
931000	-4019.3669737060004
931500	-3967.9579040963167
932000	-3907.171613581244
932500	-3851.8580259576174
933000	-3847.7458869732286
933500	-3890.876497156487
934000	-3895.444638644328
934500	-3870.369617953473
935000	-3904.238642242
935500	-3858.1486938978674
936000	-3820.8359524677053
936500	-3833.9021362427816
937000	-3870.1713315285924
937500	-3811.283208986133
938000	-3903.1253886474296
938500	-3874.005912323368
939000	-3788.1086380809224
939500	-3743.5567391684276
940000	-3721.8598585835807
940500	-3732.5678680079627
941000	-3741.392315616828
941500	-3733.7433971265395
942000	-3824.0757600660068
942500	-3926.8741847129268
943000	-3906.645601471465
943500	-3887.4362007718605
944000	-3869.8652694321604
944500	-3759.198875034263
945000	-3772.3264659972483
945500	-3732.117964304942
946000	-3811.4642261286554
946500	-3811.800548763415
947000	-3894.2195111681494
947500	-3779.687308097734
948000	-3863.6977689617142
948500	-3831.3312486348773
949000	-3972.955591352824
949500	-4031.151918020901
950000	-4088.3687342804496
950500	-4072.556032190939
951000	-3996.8118860852105
951500	-4000.473254824728
952000	-3949.013510737166
952500	-3904.5494816653586
953000	-3919.8710842698274
953500	-3946.8955654773495
954000	-3805.6620974991815
954500	-3883.1700351843274
955000	-3888.571701074795
955500	-3818.3454820139877
956000	-3820.0443590151626
956500	-3816.687219098724
957000	-3849.688915752162
957500	-3798.780889366862
958000	-3959.2204948522403
958500	-3797.3037105500725
959000	-3749.2437541150275
959500	-3745.16975699504
960000	-3744.820847106377
960500	-3759.044890331945
961000	-3798.4384193785518
961500	-3835.95475983157
962000	-3853.023521728374
962500	-3882.562702949568
963000	-3950.399004770564
963500	-3864.634666744391
964000	-3864.3576301010903
964500	-3873.193104190878
965000	-3904.230867580135
965500	-3928.09341947876
966000	-3967.6432985452966
966500	-3877.231830673751
967000	-3855.3048329196463
967500	-3953.1903854514153
968000	-3885.7204187544007
968500	-3947.1270022405347
969000	-3901.3331548339484
969500	-3885.312190063588
970000	-3775.268312160936
970500	-3951.3605252528446
971000	-3926.578570728133
971500	-3976.188472169449
972000	-3982.2040796367396
972500	-3950.2560737347076
973000	-3952.7471068598697
973500	-3844.693326993377
974000	-3910.999216636152
974500	-3875.2126373160504
975000	-3976.539365103882
975500	-3938.1161703286834
976000	-3875.753356842642
976500	-3919.774624269109
977000	-3869.338116693288
977500	-3848.2866349814904
978000	-3878.428706210468
978500	-3914.780742346499
979000	-3911.0204800292067
979500	-3855.762813745598
980000	-3908.8345523239013
980500	-3871.470689527364
981000	-3865.8403470122043
981500	-3824.842106163695
982000	-3768.9894718852142
982500	-3692.9487619740407
983000	-3691.987145293538
983500	-3827.7576581813473
984000	-3657.389974733085
984500	-3658.3152963192474
985000	-3746.161067452159
985500	-3662.044448884826
986000	-3784.1549634086637
986500	-3785.275063564107
987000	-3834.125664291079
987500	-3831.658728972971
988000	-3798.348164935358
988500	-3840.9017041788466
989000	-3782.345360130434
989500	-3858.464888072893
990000	-3882.798371430846
990500	-3898.2723052142824
991000	-3845.380650782673
991500	-3765.9942458764945
992000	-3730.3277274242796
992500	-3779.616829432426
993000	-3707.4272958378606
993500	-3729.8592608027952
994000	-3752.001922039417
994500	-3780.930712787547
995000	-3868.6782993486413
995500	-3845.3631722799355
996000	-3748.441460546974
996500	-3739.8460852698076
997000	-3821.5746729428015
997500	-3847.2531263729193
998000	-3762.4734335311623
998500	-3872.781634473042
999000	-3823.401612061634
999500	-3734.5056238406655
1000000	-3771.391158837005
1000500	-3873.6416975327666
1001000	-3826.5968006770927
1001500	-3831.4999192920745
1002000	-3914.9093318516466
1002500	-3820.610466735082
1003000	-3869.8810255714548
1003500	-3903.113452810105
1004000	-3882.9404265036196
1004500	-3919.2849812263903
1005000	-3944.364240524392
1005500	-3960.6280946359957
1006000	-3917.344772555615
1006500	-3871.7814457214163
1007000	-3825.6587943024037
1007500	-3825.560964143283
1008000	-3834.321136983149
1008500	-3840.9594196070907
1009000	-3828.031258456082
1009500	-3753.4256122754337
1010000	-3747.702445968139
1010500	-3759.3913726515543
1011000	-3791.272539866685
1011500	-3936.549891883449
1012000	-3823.3550360459176
1012500	-3783.7022265367546
1013000	-3783.8721943039336
1013500	-3778.991093624883
1014000	-3808.5270811862392
1014500	-3802.850402861312
1015000	-3743.1807362830646
1015500	-3800.0645807910096
1016000	-3816.3606218684827
1016500	-3809.255513179891
1017000	-3804.7606575437294
1017500	-3851.8552266627357
1018000	-3838.520306498357
1018500	-3868.88423474357
1019000	-3846.0429995557415
1019500	-3834.754132670198
1020000	-3801.850029626369
1020500	-3715.157394434818
1021000	-3775.9704674967065
1021500	-3894.668909488747
1022000	-3719.68230376038
1022500	-3716.580411834875
1023000	-3837.0276694153863
1023500	-3820.532018767566
1024000	-3819.781180392181
1024500	-3825.4315187242314
1025000	-3808.8236081268683
1025500	-3836.1242401280065
1026000	-3785.087661629064
1026500	-3722.828517786907
1027000	-3785.9080414259856
1027500	-3881.406607764509
1028000	-3753.3308926704135
1028500	-3850.034574776397
1029000	-3874.73984005753
1029500	-3831.047810861967
1030000	-3840.368116401029
1030500	-3822.179113512651
1031000	-3811.061508945204
1031500	-3827.3156995793356
1032000	-3905.0617958788102
1032500	-3921.013894326855
1033000	-3849.000109170937
1033500	-3800.4564654346373
1034000	-3877.425339932846
1034500	-3900.1488996274943
1035000	-3807.7336653306797
1035500	-3824.356740794865
1036000	-3812.7170057462286
1036500	-3803.9290377234515
1037000	-3726.387308084096
1037500	-3740.501747119476
1038000	-3730.839559338018
1038500	-3800.8318058010786
1039000	-3744.9371731136034
1039500	-3809.392049965594
1040000	-3803.4370846078673
1040500	-3774.2605383627847
1041000	-3897.8637861321854
1041500	-3802.624956059621
1042000	-3735.0026176552337
1042500	-3761.5528046201393
1043000	-3809.972892387662
1043500	-3836.716283761296
1044000	-3787.2481117269035
1044500	-3805.054916125165
1045000	-3836.8458517039035
1045500	-3891.281617042609
1046000	-3861.04764677879
1046500	-3791.2710229822187
1047000	-3842.4907182954344
1047500	-3775.646089863166
1048000	-3816.198541734625
1048500	-3886.444324527196
1049000	-3773.142586202391
1049500	-3768.1488211252117
1050000	-3895.420631976802
1050500	-3816.394939159484
1051000	-3828.664537369326
1051500	-3723.620275416974
1052000	-3830.3224455059867
1052500	-3928.785227465272
1053000	-3870.5010794090063
1053500	-3771.0439792465536
1054000	-3787.3869461364243
1054500	-3824.7848918849604
1055000	-3784.5393266453984
1055500	-3839.74112651035
1056000	-3834.921330905792
1056500	-3907.53581882407
1057000	-3837.2883358821746
1057500	-3781.2949138809413
1058000	-3795.085069921188
1058500	-3753.393989690254
1059000	-3765.430808356597
1059500	-3789.1582428436204
1060000	-3917.7901049323214
1060500	-3806.457261733561
1061000	-3753.1782282012664
1061500	-3742.566555368249
1062000	-3724.776504496446
1062500	-3810.1593189176947
1063000	-3865.364975844793
1063500	-3804.8187122658346
1064000	-3782.2468676019203
1064500	-3826.158310492846
1065000	-3790.6934139462182
1065500	-3741.0110877576053
1066000	-3701.6298430419392
1066500	-3793.795573536408
1067000	-3818.742668218918
1067500	-3815.412463873566
1068000	-3782.4297864908276
1068500	-3744.034377556684
1069000	-3772.169322091617
1069500	-3773.3147849423567
1070000	-3687.4270552193757
1070500	-3723.6514039391727
1071000	-3694.0997634452337
1071500	-3774.105031859818
1072000	-3714.9450423763483
1072500	-3836.338601767735
1073000	-3838.1684925628406
1073500	-3828.184237659659
1074000	-3800.7307528156603
1074500	-3856.690582312818
1075000	-3874.2657408548534
1075500	-3777.4540739795193
1076000	-3804.759661232292
1076500	-3783.2112047165497
1077000	-3901.2000678802788
1077500	-3865.112094877135
1078000	-3806.2697796104776
1078500	-3852.7465976585936
1079000	-3805.3223884508284
1079500	-3818.841808441492
1080000	-3846.1742920088723
1080500	-3802.361028837923
1081000	-3827.7781494453034
1081500	-3836.8187475404534
1082000	-3858.0839282347997
1082500	-3774.371867812948
1083000	-3796.4172945322402
1083500	-3806.2609089139105
1084000	-3809.2700847288165
1084500	-3745.1074273066747
1085000	-3775.2993676206497
1085500	-3683.5496137325517
1086000	-3722.189927279868
1086500	-3782.8514464541263
1087000	-3912.2991484476693
1087500	-3871.784793822434
1088000	-3899.947604333355
1088500	-3903.544952751621
1089000	-3857.218549235067
1089500	-3991.1281626405
1090000	-3942.7197544695764
1090500	-3960.976172145155
1091000	-3991.198205950782
1091500	-3871.022669891416
1092000	-3912.567591459721
1092500	-3939.691180846786
1093000	-3956.3174218356307
1093500	-4065.4063386183348
1094000	-3951.7487389055536
1094500	-3922.746242420936
1095000	-3924.092597928881
1095500	-3952.5943678690314
1096000	-3947.6477041626313
1096500	-3911.596980411861
1097000	-4013.730981696736
1097500	-3870.909920905726
1098000	-3892.413699448639
1098500	-3956.5668042454545
1099000	-3909.5743734716216
1099500	-3951.8030752165296
1100000	-3876.0361271561123
1100500	-3927.6857598005317
1101000	-3899.845673035541
1101500	-3904.97514761429
1102000	-3937.7357561314934
1102500	-3984.5587168076827
1103000	-3925.6892467876582
1103500	-3853.2422555228495
1104000	-3891.0851097850646
1104500	-3815.932906287666
1105000	-3945.384603932269
1105500	-3897.592872461092
1106000	-3870.1077476168725
1106500	-3852.6302036367333
1107000	-3800.875118381278
1107500	-3760.585703405047
1108000	-3874.8589267308294
1108500	-3859.775830687151
1109000	-3786.149147672308
1109500	-3911.242926206305
1110000	-3795.2767016922376
1110500	-3786.079882358375
1111000	-3804.1774573205344
1111500	-3771.6755866282856
1112000	-3790.2637009824516
1112500	-3721.2687354532322
1113000	-3770.6397706978605
1113500	-3741.0638667677317
1114000	-3806.3467033005636
1114500	-3868.864802522667
1115000	-3732.354531137435
1115500	-3766.836622321006
1116000	-3784.373960998911
1116500	-3760.3718955686286
1117000	-3750.555029537062
1117500	-3798.603465568795
1118000	-3764.408864102962
1118500	-3763.861539301002
1119000	-3719.688700402973
1119500	-3721.5180817187825
1120000	-3699.5020172369354
1120500	-3686.2421363114004
1121000	-3811.784758221051
1121500	-3776.968509110487
1122000	-3717.3419390985036
1122500	-3722.1912107373773
1123000	-3791.8088915125427
1123500	-3867.2741848627697
1124000	-3804.186166373248
1124500	-3751.370919961621
1125000	-3765.148054176151
1125500	-3784.3622810238016
1126000	-3736.8301182471355
1126500	-3793.4610164762307
1127000	-3813.4660413248243
1127500	-3868.6808306058383
1128000	-3745.3268049696485
1128500	-3829.596079633905
1129000	-3752.3698666866185
1129500	-3889.7674136794462
1130000	-3867.584647975921
1130500	-3841.7558343131113
1131000	-3809.741330301287
1131500	-3790.9412488493836
1132000	-3898.819968751139
1132500	-3845.4600890043725
1133000	-3908.2554299074677
1133500	-3935.521308174711
1134000	-3947.6671087228356
1134500	-3825.1206399538396
1135000	-3908.8929535345765
1135500	-3943.659960417033
1136000	-3950.076294715141
1136500	-3832.3111965301705
1137000	-3861.070099582528
1137500	-3901.9101007042673
1138000	-3891.731679593705
1138500	-3890.65914028233
1139000	-3928.9271736776445
1139500	-3853.1056256520997
1140000	-3916.166195951319
1140500	-3972.024505896593
1141000	-3839.6790327719586
1141500	-3926.1932321937966
1142000	-3930.3262720354764
1142500	-3882.315717936019
1143000	-3874.835235451246
1143500	-3940.8933796166516
1144000	-3805.472916138888
1144500	-3847.0975003038957
1145000	-3816.8378333741634
1145500	-3842.8627342523114
1146000	-3788.778662155442
1146500	-3852.373520568736
1147000	-3892.242391155264
1147500	-3884.027948652192
1148000	-3802.8012455279018
1148500	-3864.922684955777
1149000	-3827.2680490834805
1149500	-3843.126285155902
1150000	-4000.7817850763076
1150500	-3904.3831318259104
1151000	-3832.95314822387
1151500	-3887.80163451615
1152000	-3833.536498463234
1152500	-3810.5169986328483
1153000	-3864.7414897752624
1153500	-3903.446196521531
1154000	-3917.260682882134
1154500	-3966.2152449899772
1155000	-3908.678302475474
1155500	-3839.9617593256485
1156000	-3827.5095866598276
1156500	-3836.675344579949
1157000	-3819.3196148978122
1157500	-3825.013941918109
1158000	-3904.299111714882
1158500	-3869.463629420678
1159000	-3840.9375857613936
1159500	-3838.553794479488
1160000	-3907.211332319106
1160500	-3875.29505487287
1161000	-3860.8133486479132
1161500	-3834.386931825894
1162000	-3824.3946186330536
1162500	-3779.580567165435
1163000	-3851.4791650807097
1163500	-3857.4512441587462
1164000	-3781.756052421888
1164500	-3871.4903262688167
1165000	-3799.503740098374
1165500	-3850.9911400237825
1166000	-3865.0270984629656
1166500	-4057.9208331387977
1167000	-3829.88919613707
1167500	-3876.5697256491776
1168000	-3900.5214735365753
1168500	-3922.336353950732
1169000	-3957.6048730916496
1169500	-3891.255227381115
1170000	-3910.188173025287
1170500	-3919.219104692762
1171000	-3994.182324139196
1171500	-3879.741522099032
1172000	-3958.587431006624
1172500	-3917.356663426212
1173000	-3853.7911051319024
1173500	-3823.526550802006
1174000	-3800.3776954493096
1174500	-3820.0165984136465
1175000	-3817.8512596477867
1175500	-3817.7913598816276
1176000	-3866.9662575260936
1176500	-3818.9160898670684
1177000	-3811.9826440355682
1177500	-3771.212749433477
1178000	-3834.807179465255
1178500	-3921.4475285020126
1179000	-3905.507972855677
1179500	-3895.3176324206556
1180000	-3799.19349728569
1180500	-3764.6419498115856
1181000	-3749.7092171602917
1181500	-3873.2382937286725
1182000	-3867.228371410905
1182500	-3858.0721804185882
1183000	-3919.873678862937
1183500	-3885.8203302796883
1184000	-3791.391185507568
1184500	-3831.402863844612
1185000	-3872.16187587934
1185500	-3812.279656340549
1186000	-3855.6573147805093
1186500	-3833.7872366839333
1187000	-3821.950228415278
1187500	-3884.617909904714
1188000	-3811.8616278731906
1188500	-3827.0774053630053
1189000	-3839.6630485166384
1189500	-3836.558305633175
1190000	-3907.823052917541
1190500	-3887.5609644220626
1191000	-3847.8558107238678
1191500	-3847.537295948133
1192000	-3796.75635739757
1192500	-3738.187117294061
1193000	-3744.0641109149005
1193500	-3707.886293213459
1194000	-3727.928571159783
1194500	-3755.0068467742117
1195000	-3712.115156588286
1195500	-3744.7743536938183
1196000	-3847.3196800345163
1196500	-3838.484143027371
1197000	-3869.7646041012126
1197500	-3811.7602083361294
1198000	-3792.2568132801734
1198500	-3880.773737899116
1199000	-3793.217855008281
1199500	-3906.4837557351543
1200000	-3879.0851167139044
1200500	-3793.8232035047686
1201000	-3767.6271131550657
1201500	-3802.406902617796
1202000	-3826.072333690813
1202500	-3891.987560288243
1203000	-3892.858747173969
1203500	-3798.4192906011604
1204000	-3846.153739066635
1204500	-3735.716180848479
1205000	-3820.9353557528575
1205500	-3847.8762341649767
1206000	-3879.564645352044
1206500	-3816.2624664809946
1207000	-3829.711232044704
1207500	-3804.691257117414
1208000	-3904.0705975007527
1208500	-3890.6158232337057
1209000	-3873.4924740250126
1209500	-3847.490248284069
1210000	-3876.573707043606
1210500	-3936.8372038655475
1211000	-3881.7436354449633
1211500	-3767.4111230565463
1212000	-3845.222109892434
1212500	-3829.9864016408424
1213000	-3823.307695692177
1213500	-3797.1141513069992
1214000	-3785.9320860578655
1214500	-3893.1396707544463
1215000	-3835.897208460467
1215500	-3869.725202852978
1216000	-3797.809145110016
1216500	-3837.586146885854
1217000	-3778.597047049597
1217500	-3791.2670421911535
1218000	-3903.5330846243432
1218500	-3827.6830975895828
1219000	-3760.8273287223533
1219500	-3810.8422850426405
1220000	-3892.0308145596823
1220500	-3915.7818225111246
1221000	-3845.9228058983663
1221500	-3817.3505268394138
1222000	-3890.840606290649
1222500	-3825.86068738978
1223000	-3818.2118528949786
1223500	-3883.3288809775627
1224000	-3828.374639212688
1224500	-3833.4189887664597
1225000	-3840.685590920057
1225500	-3697.2546599900975
1226000	-3803.032873459479
1226500	-3709.007535117961
1227000	-3777.3597763960065
1227500	-3789.32529976367
1228000	-3850.9158058750427
1228500	-3763.277549083112
1229000	-3677.378937695114
1229500	-3737.841070242245
1230000	-3774.012766400675
1230500	-3777.6599966969366
1231000	-3787.9573981021313
1231500	-3816.9249292842783
1232000	-3758.551832937414
1232500	-3774.888051737988
1233000	-3760.4848734796947
1233500	-3766.4520092890452
1234000	-3986.1505232612353
1234500	-3809.321551718113
1235000	-3836.733757823211
1235500	-3751.7317293515125
1236000	-3808.4360240635942
1236500	-3868.386812926669
1237000	-3834.2807153844933
1237500	-3850.869505677258
1238000	-3846.5331498635865
1238500	-3859.312564878969
1239000	-3820.794266021082
1239500	-3876.93391711038
1240000	-3915.914569514765
1240500	-3860.2219742091725
1241000	-3888.6307568164175
1241500	-3825.9668549139383
1242000	-3898.110677581847
1242500	-3868.942569765839
1243000	-3859.80087055808
1243500	-3889.895239077868
1244000	-3854.429962941789
1244500	-3901.134996533552
1245000	-3871.9363600805445
1245500	-3866.130323352258
1246000	-3823.8790623121126
1246500	-3886.357096340452
1247000	-3818.8827473220986
1247500	-3858.995688806266
1248000	-3777.75176016449
1248500	-3802.1695748399407
1249000	-3802.153274756332
1249500	-3799.243906998982
1250000	-3769.543761221417
1250500	-3767.405643282456
1251000	-3747.2512871877198
1251500	-3743.3433735305243
1252000	-3731.031655624772
1252500	-3781.14902277193
1253000	-3814.103182235358
1253500	-3754.213663426935
1254000	-3877.144165630223
1254500	-3842.3014199011373
1255000	-3844.7764855062233
1255500	-3874.701806610625
1256000	-3852.6634363737494
1256500	-3913.0865560113057
1257000	-3895.4934268276706
1257500	-3902.6593898313445
1258000	-3932.6254689319708
1258500	-3913.9717230935007
1259000	-3893.0419266703516
1259500	-3896.9383387932917
1260000	-3860.114766422901
1260500	-3881.4054539727767
1261000	-3763.6598857113445
1261500	-3823.8176584230637
1262000	-3764.9814761247444
1262500	-3746.790215311807
1263000	-3867.247053557071
1263500	-3837.473480004474
1264000	-3845.6002850486757
1264500	-3765.3503676585547
1265000	-3792.459275749816
1265500	-3830.5613302234165
1266000	-3811.8914746481405
1266500	-3809.919562912866
1267000	-3777.4608837484097
1267500	-3746.099153758475
1268000	-3830.6410496134818
1268500	-3805.8359370104636
1269000	-3803.589295457027
1269500	-3800.6399922329497
1270000	-3874.974958939172
1270500	-3795.507507738998
1271000	-3837.856571907665
1271500	-3907.095312927433
1272000	-3845.0049691650415
1272500	-3874.872671434851
1273000	-3903.647427783663
1273500	-3848.1554179265618
1274000	-3837.0606297472573
1274500	-3960.126164505699
1275000	-3914.7747304073264
1275500	-3845.2139972886876
1276000	-3822.5768041553492
1276500	-3821.50153519449
1277000	-3846.60797839617
1277500	-3931.9343065071835
1278000	-3933.4252930395087
1278500	-3921.217834204313
1279000	-3851.09365436562
1279500	-3858.117875245357
1280000	-3853.3825745439394
1280500	-3826.23514907564
1281000	-3859.1179454827125
1281500	-3886.4520681334084
1282000	-3804.9270654938878
1282500	-3828.913082626821
1283000	-3809.623992550625
1283500	-3850.5502949628767
1284000	-3825.3291544819035
1284500	-3769.255449273523
1285000	-3833.7090606174565
1285500	-3885.2979270414544
1286000	-3841.491700776941
1286500	-3873.9016229553645
1287000	-3805.1151232801494
1287500	-3873.8527212560407
1288000	-3921.961917216114
1288500	-3876.066331103691
1289000	-3909.143651641598
1289500	-3881.298103030597
1290000	-3891.618899109252
1290500	-3910.3456087163995
1291000	-3921.8877844613125
1291500	-3887.4353080534593
1292000	-3918.0238936254764
1292500	-3893.9402321614716
1293000	-3862.6036654546842
1293500	-3805.690314616708
1294000	-3796.343164009926
1294500	-3727.7092382700694
1295000	-3785.483362691397
1295500	-3787.1805759348576
1296000	-3882.2978464054822
1296500	-3803.3574412879457
1297000	-3839.5816554441517
1297500	-3749.0759182874153
1298000	-3764.2345688755754
1298500	-3808.620524027965
1299000	-3792.198275089188
1299500	-3753.0276197274143
1300000	-3724.0548614186823
1300500	-3824.9028113005465
1301000	-3850.9598038259614
1301500	-3790.443407411865
1302000	-3804.4923945186506
1302500	-3819.9102811062335
1303000	-3752.43284429104
1303500	-3726.1441271199587
1304000	-3788.4043034347997
1304500	-3741.3349513412395
1305000	-3807.8991535968526
1305500	-3891.0511438863155
1306000	-3865.409071218287
1306500	-3839.1910567995965
1307000	-3858.8634330516957
1307500	-3876.937975582829
1308000	-3924.902917359404
1308500	-3951.3619979474447
1309000	-3854.3657079545774
1309500	-3922.256907457877
1310000	-3934.552078540892
1310500	-3942.6444184016377
1311000	-3968.923183175396
1311500	-3959.492449624592
1312000	-3849.844589752313
1312500	-3969.460553879353
1313000	-3953.781044232874
1313500	-3968.3288759080815
1314000	-4027.562664700459
1314500	-3975.567921095368
1315000	-4014.06292115525
1315500	-3958.8972133708594
1316000	-3916.0558026339263
1316500	-3949.924016575013
1317000	-3892.908778306233
1317500	-3870.431092362927
1318000	-3873.5555925360227
1318500	-3932.164398113646
1319000	-3868.5440271945436
1319500	-3902.7064678231395
1320000	-4000.3636595466646
1320500	-3954.365161950369
1321000	-3747.30664393132
1321500	-3808.1904063152174
1322000	-3864.3451843101775
1322500	-3883.1294084673978
1323000	-3813.566919200732
1323500	-3768.309075335696
1324000	-3787.1439288063107
1324500	-3905.3073031702106
1325000	-3809.8957499900935
1325500	-3909.6405804976994
1326000	-3910.5553290260295
1326500	-3863.5389304571186
1327000	-3799.844481763029
1327500	-3872.5449914295114
1328000	-3859.3724360724423
1328500	-3846.552842822725
1329000	-3870.1637698732916
1329500	-3830.0437444477957
1330000	-3772.9545981948822
1330500	-3747.6203734250516
1331000	-3795.6342456140624
1331500	-3757.702057308715
1332000	-3921.568126903174
1332500	-3893.8098641354727
1333000	-3734.210500926326
1333500	-3753.4041985703166
1334000	-3819.538619958655
1334500	-3788.2431773256753
1335000	-3873.8135927902927
1335500	-3885.4668968557344
1336000	-3873.4258867559497
1336500	-3909.474769967872
1337000	-3922.773374339934
1337500	-3922.7519003587363
1338000	-3915.805035285098
1338500	-3931.859822795215
1339000	-3940.458936945412
1339500	-3985.713938226405
1340000	-3911.0184096261396
1340500	-3898.101944348097
1341000	-3820.047056214474
1341500	-3807.323228234401
1342000	-3820.2453280200457
1342500	-3938.0400617023392
1343000	-3985.1140296755534
1343500	-3738.2474821765372
1344000	-3839.2487672038774
1344500	-3899.86955836785
1345000	-3853.097847131441
1345500	-3857.3610936812725
1346000	-3899.5829809999714
1346500	-3863.1897673237127
1347000	-3910.4079181725333
1347500	-3966.562691222214
1348000	-3914.4779366145376
1348500	-3891.9326224720985
1349000	-3898.147759268214
1349500	-3816.6255468295726
1350000	-3954.6760041452526
1350500	-3867.61802203092
1351000	-3837.970842851658
1351500	-3774.0099414638703
1352000	-3824.772245039118
1352500	-3820.1716325921802
1353000	-3958.6510670574685
1353500	-3857.9449992862164
1354000	-3990.654596590707
1354500	-3922.424362258481
1355000	-4000.652344743201
1355500	-3829.356449765083
1356000	-3883.290320818448
1356500	-3702.308824430721
1357000	-3795.209149343289
1357500	-3766.6529590939276
1358000	-3774.6747844076017
1358500	-3731.209278111414
1359000	-3793.6356399764645
1359500	-3770.0020451469586
1360000	-3743.2953562341754
1360500	-3720.312241020983
1361000	-3848.278753671467
1361500	-3804.48092790323
1362000	-3856.196287165986
1362500	-3948.6534143301947
1363000	-3884.9946528886676
1363500	-3964.441505226772
1364000	-3861.889083720573
1364500	-3863.719722520229
1365000	-3811.1693603458816
1365500	-3871.3937245001757
1366000	-3911.436182753054
1366500	-3943.825641108556
1367000	-3886.945676438523
1367500	-3876.2642127010326
1368000	-3867.256052941937
1368500	-3861.081148191276
1369000	-3850.430773759609
1369500	-3863.884363654119
1370000	-3866.1998017662568
1370500	-3911.5893736229336
1371000	-3839.959414193336
1371500	-3957.025482301696
1372000	-3970.4039032391574
1372500	-3898.8079790677157
1373000	-3927.770660845001
1373500	-3852.0896698021425
1374000	-3879.8021224218796
1374500	-3931.7690600844167
1375000	-3901.357159503171
1375500	-3946.8176330334036
1376000	-3893.1638766437545
1376500	-3911.6274192575866
1377000	-3863.2419654151054
1377500	-4014.242328660665
1378000	-3933.12361928821
1378500	-3954.343772618496
1379000	-3922.3795451904825
1379500	-3902.2051810100884
1380000	-3827.6350390203447
1380500	-3840.3361551975895
1381000	-3764.769209083896
1381500	-3799.626886468696
1382000	-3873.4431447398533
1382500	-3820.452307211921
1383000	-3910.5250796774585
1383500	-3916.5613440877833
1384000	-3961.2597726722647
1384500	-3906.544682906017
1385000	-3918.0778053907256
1385500	-3908.428803730534
1386000	-3853.871716661999
1386500	-3898.726996332655
1387000	-3836.08371347079
1387500	-3824.0348253348066
1388000	-3951.4472815445743
1388500	-3714.105313161398
1389000	-3709.5654621674444
1389500	-3751.3374722605786
1390000	-3805.57040749785
1390500	-3792.0659703207166
1391000	-3791.841336263989
1391500	-3737.1935813445484
1392000	-3730.5173672444316
1392500	-3812.651193314577
1393000	-3831.7845829968696
1393500	-3749.8459739925097
1394000	-3756.222467444124
1394500	-3680.4564495663
1395000	-3700.253261115992
1395500	-3747.744965720377
1396000	-3678.1298851965294
1396500	-3677.983369757271
1397000	-3738.258424453873
1397500	-3748.123705887546
1398000	-3765.256884042284
1398500	-3655.094953658319
1399000	-3695.428190147859
1399500	-3699.9852634501003
1400000	-3634.912352228274
1400500	-3656.944411570126
1401000	-3651.6066859844664
1401500	-3648.5941963691616
1402000	-3696.868810602373
1402500	-3639.0013480456637
1403000	-3680.9940769880695
1403500	-3739.904807024748
1404000	-3763.485982355246
1404500	-3666.920539272197
1405000	-3711.3514034258246
1405500	-3664.450081576553
1406000	-3663.0823194165678
1406500	-3738.1785678240503
1407000	-3692.1783200132945
1407500	-3709.4290083211795
1408000	-3774.195078456852
1408500	-3768.8863558248772
1409000	-3818.4048793483894
1409500	-3800.9370356114464
1410000	-3893.1064587653154
1410500	-3822.4916036008
1411000	-3897.34385194377
1411500	-3831.5082352218924
1412000	-3862.7956054672277
1412500	-3826.564312605624
1413000	-3859.908082604558
1413500	-3862.4243220582703
1414000	-3858.9158257951362
1414500	-3855.2250941534903
1415000	-3855.7056678390295
1415500	-3889.8697483785354
1416000	-3796.8712364542093
1416500	-3796.37356643896
1417000	-3890.6360663178184
1417500	-3914.8851280942517
1418000	-3892.2836232016366
1418500	-3849.3156749293366
1419000	-3823.2325001497834
1419500	-3962.8866089980957
1420000	-3852.055602793295
1420500	-3865.6370575724595
1421000	-3823.8474505355553
1421500	-3794.8831577490664
1422000	-3831.6698638994817
1422500	-3913.929957337004
1423000	-3839.514528019132
1423500	-3889.040697187302
1424000	-3785.327435631364
1424500	-3873.492552032576
1425000	-3882.0801584139563
1425500	-3847.654642796096
1426000	-3870.135359370778
1426500	-3820.257030664481
1427000	-3784.885372325643
1427500	-3788.3486973474382
1428000	-3816.3980179002947
1428500	-3821.1898340280472
1429000	-3770.5641872516517
1429500	-3716.2948194729024
1430000	-3720.1772934802507
1430500	-3790.8944235970284
1431000	-3779.661290373424
1431500	-3719.0133260161415
1432000	-3693.8591379625527
1432500	-3767.400877319584
1433000	-3834.361584862069
1433500	-3906.9709172080206
1434000	-3812.962364668731
1434500	-3781.1315329400477
1435000	-3794.610047413068
1435500	-3809.913388926442
1436000	-3772.4333717006216
1436500	-3791.9540440516744
1437000	-3866.350894742112
1437500	-3816.302990034149
1438000	-3792.297824168934
1438500	-3828.8309798512955
1439000	-3888.3292990083587
1439500	-3912.2767268580333
1440000	-3914.2582072946784
1440500	-3950.0739166742474
1441000	-3771.6013910430793
1441500	-3777.6376244348266
1442000	-3758.785994261955
1442500	-3834.7483279808016
1443000	-3702.322817620616
1443500	-3819.5958592405045
1444000	-3972.201523998076
1444500	-3773.1686396104406
1445000	-3850.3218437806754
1445500	-3824.425340727696
1446000	-3834.2942192961436
1446500	-3833.4004543922374
1447000	-3820.8826632390465
1447500	-3781.3825319815664
1448000	-3785.1799449401096
1448500	-3815.9936645268813
1449000	-3836.627221427471
1449500	-3834.2024325909133
1450000	-3853.5824260446984
1450500	-3812.3530982979123
1451000	-3847.941563530084
1451500	-3706.717186033508
1452000	-3734.6175974946727
1452500	-3765.075819286818
1453000	-3836.483427286827
1453500	-3713.7766102427217
1454000	-3860.6909246584337
1454500	-3677.028551434714
1455000	-3900.823680132404
1455500	-3869.8307918310093
1456000	-3809.975071244389
1456500	-3687.1721864900755
1457000	-3789.5596440620366
1457500	-3681.959281175536
1458000	-3772.419972703917
1458500	-3794.6930160258303
1459000	-3709.454258688671
1459500	-3709.861362716211
1460000	-3763.1808519115802
1460500	-3761.9969699288026
1461000	-3773.314092697281
1461500	-3758.8370011293887
1462000	-3723.805031204217
1462500	-3714.29600371642
1463000	-3754.7581548758594
1463500	-3781.452164470565
1464000	-3838.941713460285
1464500	-3870.599330939137
1465000	-3787.8378838797403
1465500	-3816.953239657427
1466000	-3849.0634380379774
1466500	-3825.851162362796
1467000	-3846.2537972910404
1467500	-3830.248504239309
1468000	-3727.452284174961
1468500	-3872.4690824497225
1469000	-3724.7986684026587
1469500	-3805.613300680623
1470000	-3825.49513938167
1470500	-3812.0045168864153
1471000	-4010.5985369719547
1471500	-3912.760076538494
1472000	-3993.568243120986
1472500	-3840.9648766644345
1473000	-3835.2268068780354
1473500	-3879.6637237829727
1474000	-3777.7411412219294
1474500	-3798.4496794341294
1475000	-3817.975388743183
1475500	-3920.3295574103345
1476000	-3905.0191444375932
1476500	-3938.3744035694035
1477000	-3723.1279198745838
1477500	-3798.3324304507455
1478000	-3770.504497434755
1478500	-3782.4260642517747
1479000	-3759.591499139464
1479500	-3785.8021090826414
1480000	-3774.1181389485287
1480500	-3718.4020510638907
1481000	-3795.8046371986484
1481500	-3781.532051817999
1482000	-3731.270432810121
1482500	-3851.6028063420777
1483000	-3747.5468944148097
1483500	-3862.3025627118113
1484000	-3906.3069990524477
1484500	-3767.647414584959
1485000	-3753.9346765879745
1485500	-3705.167372348567
1486000	-3740.8271640419166
1486500	-3905.6977591402983
1487000	-3735.351829144997
1487500	-3830.5509135975276
1488000	-3796.7875987823973
1488500	-3813.9681729359627
1489000	-3790.502389610621
1489500	-3870.9010565465032
1490000	-3864.404530462508
1490500	-3766.421723480609
1491000	-3733.3991623062107
1491500	-3826.593313886797
1492000	-3889.381749540465
1492500	-3954.4082924804125
1493000	-3900.263007741201
1493500	-3783.7509624212557
1494000	-3812.9995007197704
1494500	-3851.9569890126677
1495000	-3831.703072987288
1495500	-3822.263216924512
1496000	-3890.7388070983493
1496500	-3771.070099658964
1497000	-3718.30988063214
1497500	-3731.6880159530037
1498000	-3798.654806062339
1498500	-3783.646717898019
1499000	-3838.7213043023335
1499500	-3776.794182646539
1500000	-3806.758294611615
