Sample	likelihood
0	-6646.159758581844
500	-6301.011462430519
1000	-6383.915052403154
1500	-6238.964742789027
2000	-6414.656700829985
2500	-6260.9017854136255
3000	-6342.384660208051
3500	-6971.039745447185
4000	-7032.049477913186
4500	-7097.984112729367
5000	-7132.579655513434
5500	-7116.172726301757
6000	-6993.937358842624
6500	-6970.136182141406
7000	-6710.134511844306
7500	-7133.819926033016
8000	-7483.289628410092
8500	-6728.513524996792
9000	-6716.855802387903
9500	-6707.571467286838
10000	-6578.414416326106
10500	-6319.4763845348225
11000	-6400.27091840205
11500	-5722.8346111264045
12000	-5344.678020820087
12500	-6020.883294256156
13000	-6489.143472685436
13500	-6488.786217522849
14000	-6231.919058853311
14500	-6503.147003331195
15000	-6542.417562114634
15500	-6395.701033888424
16000	-6239.955685815004
16500	-5594.405782074382
17000	-4863.6696022206625
17500	-4453.658398085568
18000	-4522.040266415461
18500	-4487.8633174309725
19000	-4650.387680377075
19500	-4715.184860786003
20000	-5040.606356664067
20500	-4786.230221676466
21000	-4749.238219460447
21500	-5360.650980098985
22000	-5222.06600297894
22500	-6017.679537842026
23000	-6137.6121615440225
23500	-6074.788633182291
24000	-6413.332122450669
24500	-6252.722425512346
25000	-6375.371446327083
25500	-6341.4053600374555
26000	-5850.926156337295
26500	-6076.81780623758
27000	-6134.907843209428
27500	-5042.150480812933
28000	-4512.13289665287
28500	-4275.90290687668
29000	-4189.211201278283
29500	-4504.292665950669
30000	-4538.436944414686
30500	-4643.831241732348
31000	-5631.272223694019
31500	-5384.427278992039
32000	-7288.715458778351
32500	-7442.7578816763325
33000	-7647.514329843354
33500	-7413.019369932872
34000	-7524.694262367561
34500	-7302.007522830828
35000	-7566.2326763953
35500	-7710.633059193398
36000	-7647.621224843397
36500	-7763.545622683395
37000	-7790.934014762567
37500	-7736.264390088842
38000	-7585.4090388410295
38500	-7428.424457586182
39000	-7514.245982886418
39500	-7411.789754946819
40000	-7631.185567854952
40500	-7529.376900590256
41000	-7789.180743604169
41500	-7782.738805647303
42000	-7759.528634910116
42500	-7809.367818707271
43000	-7705.878206506536
43500	-7594.894489301251
44000	-7383.9029131936895
44500	-7239.2384867079
45000	-7352.737397254894
45500	-7584.840457025069
46000	-7476.327398834138
46500	-7644.835203063153
47000	-7618.054164191147
47500	-7648.1160902487245
48000	-7430.788723501658
48500	-7665.365874314833
49000	-7540.434961677769
49500	-6901.758758383212
50000	-7249.337757654522
50500	-7370.706909232256
51000	-6747.11740609876
51500	-6430.684602719377
52000	-8020.884471550215
52500	-8429.790527119665
53000	-8744.752536629941
53500	-7102.171184515941
54000	-7948.090657588579
54500	-7430.908369094549
55000	-8072.743831456963
55500	-6045.090328308325
56000	-6889.774397300097
56500	-6741.646759969264
57000	-7249.402523506501
57500	-7000.8343238024
58000	-7104.732534409979
58500	-7306.620650181123
59000	-7438.355089118741
59500	-7451.842317462278
60000	-7316.182485618441
60500	-7458.037081256726
61000	-7236.413003202605
61500	-5469.10775361672
62000	-4424.515076682431
62500	-4442.492475505217
63000	-4411.877467817292
63500	-4454.326674365183
64000	-4442.017521630298
64500	-4355.050271003742
65000	-4817.979704937154
65500	-4615.58622365634
66000	-4333.6829380623785
66500	-4618.05068457754
67000	-4446.948284360409
67500	-4540.545447663962
68000	-4504.945364101701
68500	-5756.760748792079
69000	-5783.407858165757
69500	-4585.468822130194
70000	-4850.180472939754
70500	-4449.016866015509
71000	-4493.639416246612
71500	-4731.511054539327
72000	-4417.969438671086
72500	-4410.5495121096565
73000	-4619.664449323975
73500	-4996.862730007994
74000	-5214.191617784852
74500	-4634.6618807098985
75000	-5658.3761768408285
75500	-4592.661120118287
76000	-4574.13743150945
76500	-4697.08942740173
77000	-4644.3526099096325
77500	-7017.55676474881
78000	-4986.950055526805
78500	-5149.845101717826
79000	-9518.90364320919
79500	-9352.034527060547
80000	-10154.759767792912
80500	-8698.479344267631
81000	-6970.557421824486
81500	-7073.195655899386
82000	-7648.064886694358
82500	-8304.611275240339
83000	-7097.161229705096
83500	-8979.040659063967
84000	-8525.37873863827
84500	-7099.408226441342
85000	-4664.84079486829
85500	-4993.963445965141
86000	-6163.013139333426
86500	-5942.6653651481065
87000	-5983.4416252985675
87500	-7240.217526264776
88000	-6199.948630060069
88500	-7111.571027947133
89000	-7097.858203857743
89500	-7135.67032083607
90000	-7530.223105294794
90500	-7012.702455990595
91000	-7215.081205783735
91500	-8420.528259716948
92000	-8584.86592622128
92500	-7020.430554318456
93000	-6871.73413606761
93500	-6529.790465893889
94000	-6766.874003075909
94500	-6972.961251517639
95000	-7194.545395714291
95500	-7131.6058804822205
96000	-5730.623508451794
96500	-6508.054265090874
97000	-5831.516379861013
97500	-5670.558924934572
98000	-6012.824155530142
98500	-7020.23763029105
99000	-6226.563928086539
99500	-6268.637185237571
100000	-6752.842980729366
100500	-6657.204892827079
101000	-7089.000866273331
101500	-7122.928049590378
102000	-6942.487078884088
102500	-7208.789316824132
103000	-6876.6334893711455
103500	-6993.101774076355
104000	-7050.5967522019255
104500	-6805.523352553879
105000	-7043.818222030178
105500	-6921.9229670534105
106000	-7018.608173194335
106500	-7067.33639142803
107000	-7081.167353533926
107500	-7102.923742693456
108000	-7167.772783255637
108500	-7126.916166237356
109000	-6966.983494707767
109500	-7058.566390587022
110000	-7177.4998313516835
110500	-7210.316623590459
111000	-7073.9946057245825
111500	-7064.570749727545
112000	-7164.795003527484
112500	-7152.09526729528
113000	-7159.939775645821
113500	-6940.771761360289
114000	-6562.625570767021
114500	-7767.206115052574
115000	-6050.68639652124
115500	-6348.6144546594605
116000	-6895.645954232392
116500	-6402.616989547823
117000	-6556.927605764817
117500	-6153.018062969231
118000	-6951.803567093144
118500	-5343.24755379077
119000	-6979.701792742332
119500	-7922.964292934905
120000	-6919.591788438914
120500	-5664.525679746249
121000	-5311.981417311206
121500	-5250.654766776127
122000	-6363.0837177100875
122500	-6252.186366101181
123000	-6351.57929346924
123500	-4270.494354373468
124000	-4233.841812588342
124500	-4832.232645461321
125000	-4982.871007720792
125500	-5501.332318903356
126000	-5472.955797516348
126500	-4673.276865193272
127000	-4560.604265027559
127500	-4735.60134256881
128000	-4523.207324319184
128500	-4476.868554761325
129000	-4454.551810140051
129500	-4957.232827700125
130000	-5053.054713174156
130500	-4696.391674634457
131000	-4563.674046802754
131500	-4457.4959137005435
132000	-4474.699815638754
132500	-4514.584619653738
133000	-4230.6741728126435
133500	-4346.271339193977
134000	-4310.502686217153
134500	-4109.397065486571
135000	-4586.15386851059
135500	-4613.524079454907
136000	-4525.264723673593
136500	-4659.4023604805
137000	-4634.993789517291
137500	-4571.135079322717
138000	-5085.840256273623
138500	-4880.58437952981
139000	-5127.787979206546
139500	-4677.08770527496
140000	-4611.348723149805
140500	-4736.1564867271145
141000	-4608.974022240136
141500	-4726.181235968216
142000	-5051.715458321749
142500	-4897.289150102979
143000	-5858.45785100777
143500	-6489.733297922962
144000	-5252.952342042765
144500	-5255.542373837625
145000	-5094.349561568493
145500	-4599.303949419894
146000	-4918.455286374354
146500	-5157.394461805935
147000	-6503.898839112193
147500	-6875.15827972003
148000	-6780.330076216803
148500	-6751.131292272341
149000	-6844.270236065087
149500	-6687.140666635605
150000	-6818.573568148607
150500	-6818.055120234742
151000	-6738.367872659391
151500	-6871.781166668637
152000	-6850.283527866092
152500	-6882.150227839485
153000	-6882.713433012381
153500	-6662.075284356111
154000	-6757.484001390203
154500	-6704.73708419901
155000	-6872.997408669142
155500	-6851.0605495842465
156000	-6881.381212673052
156500	-6874.765494870548
157000	-6882.856195224811
157500	-6882.821964418376
158000	-6882.856195224811
158500	-6882.818903634164
159000	-6882.856195224802
159500	-6828.954770510886
160000	-6627.433444805722
160500	-6871.290333057928
161000	-6577.288223971159
161500	-6878.878961187365
162000	-6882.853311088422
162500	-6882.831711129392
163000	-5864.086938362245
163500	-5828.153075140453
164000	-5787.816750052693
164500	-5093.51453823953
165000	-4661.854240568814
165500	-4815.825509810968
166000	-4628.0173551764055
166500	-4667.8022169259075
167000	-5097.188498900863
167500	-4832.010098352234
168000	-4882.703083329114
168500	-5337.469791217445
169000	-6597.219508658487
169500	-7464.0876338477165
170000	-5617.643121904504
170500	-4882.69603046343
171000	-4752.104610014997
171500	-5070.515795127873
172000	-4761.184298765675
172500	-4561.745913340324
173000	-4319.586104334859
173500	-4311.640635643753
174000	-4180.342483574164
174500	-4299.4419308438555
175000	-4226.820462313143
175500	-4239.534341838162
176000	-5638.140337250041
176500	-4640.777535436142
177000	-4501.612855993814
177500	-4969.816829097403
178000	-6849.450792852716
178500	-4785.63098827901
179000	-4907.882860126142
179500	-7154.836004950102
180000	-7234.237886293226
180500	-6983.97315309616
181000	-7757.260095090672
181500	-8206.510558635151
182000	-8622.79609828443
182500	-7483.341293675885
183000	-8204.991217586527
183500	-8711.166229001308
184000	-8928.48347923864
184500	-8621.400791389608
185000	-8884.195414567475
185500	-8905.189751697175
186000	-8864.45185042489
186500	-8792.19671457527
187000	-8728.88682758917
187500	-8660.223135357459
188000	-8581.715469895189
188500	-8658.414590069342
189000	-8625.25992312167
189500	-8638.016478559133
190000	-8753.041735585866
190500	-8839.5503730765
191000	-8730.440082191972
191500	-8642.28199451789
192000	-7913.4546043235005
192500	-8416.734323848183
193000	-8036.19169495986
193500	-7937.590585835628
194000	-7398.648686029438
194500	-4913.568749317267
195000	-5001.0202131982705
195500	-4583.176654995096
196000	-4556.81097728549
196500	-4468.227343433378
197000	-4613.693507755708
197500	-5095.831144778974
198000	-4577.496960951616
198500	-4722.429629823376
199000	-4649.964354158679
199500	-4699.430286686499
200000	-4599.65435186551
200500	-4480.126208005591
201000	-4590.230847101249
201500	-4567.035170846858
202000	-4450.322974725326
202500	-4451.945735112742
203000	-4598.708629491383
203500	-4539.993993636259
204000	-4470.332912278482
204500	-4492.476489558184
205000	-4415.227658707973
205500	-4378.031058128093
206000	-4442.9818540440265
206500	-4480.770046918719
207000	-4649.024217351216
207500	-4624.340761971518
208000	-4614.760227703179
208500	-4661.147390445363
209000	-4557.581873315307
209500	-4625.80900703245
210000	-4820.2948534810475
210500	-4597.517798471137
211000	-4867.8575248355755
211500	-4645.395161626044
212000	-4653.094631258564
212500	-5045.162745414509
213000	-8128.509075377869
213500	-9983.435316485407
214000	-5847.306538007198
214500	-6266.991472215533
215000	-8278.601787372712
215500	-7972.267973356205
216000	-9273.038441105546
216500	-5685.900118886388
217000	-4643.339081338338
217500	-4653.540893206227
218000	-8611.904197180193
218500	-7737.20255082671
219000	-5259.87807378384
219500	-4539.661063470818
220000	-7567.691743305504
220500	-8168.631376647813
221000	-9562.38939734092
221500	-10257.023743874832
222000	-11086.814824907939
222500	-11014.517729442221
223000	-10440.517054960572
223500	-8113.30596678367
224000	-6833.082768662398
224500	-5111.952056511647
225000	-4678.671451459781
225500	-4625.425959381897
226000	-4910.401004491376
226500	-4711.680650889007
227000	-9193.216500944265
227500	-9541.43735529028
228000	-9902.57135658613
228500	-10050.794261087367
229000	-9844.441196655704
229500	-9640.583696282334
230000	-9630.291695784776
230500	-10132.099598076065
231000	-10235.554037275915
231500	-10470.121611598617
232000	-10897.809095308465
232500	-11586.880308212843
233000	-11314.911285997872
233500	-11244.201196247783
234000	-11565.840225378868
234500	-10928.601772156102
235000	-11174.07822039593
235500	-10669.3538947492
236000	-11039.94202991152
236500	-11329.333104173706
237000	-11257.832951681614
237500	-11185.934797587277
238000	-11023.290677921568
238500	-11149.568728571612
239000	-10392.517972798281
239500	-10617.383412549823
240000	-11023.930282571091
240500	-11389.933847124388
241000	-11212.068078911241
241500	-11000.310123624458
242000	-11230.999556811854
242500	-11525.196289132704
243000	-11247.415912375398
243500	-11272.305827999888
244000	-10680.983488735043
244500	-10187.083673475317
245000	-10651.5975914289
245500	-10686.601160170332
246000	-10249.76863629897
246500	-10708.854339421077
247000	-10786.303835095994
247500	-11425.151266769333
248000	-11037.903698250471
248500	-11326.455916851792
249000	-11363.09899754659
249500	-11609.587613111553
250000	-11686.431471731257
250500	-11697.391260205393
251000	-11464.494903251067
251500	-11589.15828151707
252000	-11386.878565878966
252500	-11521.708463517956
253000	-11654.568843572224
253500	-11537.605827284542
254000	-11562.605519310397
254500	-11636.155253395558
255000	-11610.601936143084
255500	-11184.522461337521
256000	-11132.977252843375
256500	-9889.404589982156
257000	-11041.514631064356
257500	-10943.08118471696
258000	-8934.594241570998
258500	-9999.282786561242
259000	-9905.473998585003
259500	-8203.98597765847
260000	-9081.740583743285
260500	-9284.593251468694
261000	-9316.662360173805
261500	-9358.538281917994
262000	-9336.65668375686
262500	-9238.640694323485
263000	-8902.59559808376
263500	-8893.487038250069
264000	-7860.383881799181
264500	-7600.492491707498
265000	-8038.456077510621
265500	-8032.274825400152
266000	-7832.645897351023
266500	-7803.577061960302
267000	-7971.450091029492
267500	-8192.12968594729
268000	-7709.692336192717
268500	-7780.041455584712
269000	-6943.196218405786
269500	-6761.2936557940975
270000	-6738.096150168904
270500	-6300.103699409297
271000	-7376.255997237185
271500	-8067.579650216186
272000	-7580.067142878366
272500	-7027.339714650475
273000	-6369.663451080062
273500	-6423.896883273122
274000	-6666.165400485782
274500	-6682.665261903649
275000	-7092.311048459103
275500	-7849.264872986444
276000	-7978.756167649783
276500	-8187.826987835834
277000	-8052.3699237920455
277500	-8063.5682022046785
278000	-8110.700039986608
278500	-8382.08224012397
279000	-8313.375988806412
279500	-8333.756013271588
280000	-8299.860357390573
280500	-8017.271340810702
281000	-7460.912890915049
281500	-7455.279796400574
282000	-7109.8640741213185
282500	-6333.0382536632305
283000	-6329.883821215188
283500	-6418.123099406623
284000	-5459.670256068165
284500	-5418.452138943733
285000	-4522.2475109252255
285500	-4472.666177168538
286000	-4616.1388622356935
286500	-4517.365483367655
287000	-4497.0611968378025
287500	-4783.402427558756
288000	-4923.4618158052
288500	-5019.546944925961
289000	-5353.815170506659
289500	-5409.675873006959
290000	-5437.375634297102
290500	-5400.65626904413
291000	-5846.3056783497195
291500	-5958.416089464454
292000	-5847.612257274811
292500	-5844.85561879139
293000	-6091.614789981902
293500	-5407.610880914328
294000	-5542.956232024512
294500	-5428.95381747454
295000	-4987.630103331441
295500	-5187.596648167212
296000	-4614.653802474769
296500	-4426.487967676329
297000	-4713.565774222748
297500	-4662.790420156514
298000	-4986.439254071394
298500	-4730.171547536492
299000	-4703.643238455551
299500	-4696.577680895771
300000	-4701.710599894439
300500	-4378.361070700538
301000	-5294.364038838604
301500	-5151.543101934821
302000	-4851.943767781932
302500	-4859.88184806967
303000	-4817.666379863831
303500	-4582.277119596558
304000	-4283.2226851133355
304500	-4560.369561043395
305000	-4614.875013942685
305500	-4549.13423351941
306000	-4603.478295741138
306500	-4586.113326515374
307000	-5191.626308954279
307500	-5251.3084747020475
308000	-4198.8652260328
308500	-4568.574376347951
309000	-4755.970594158763
309500	-4660.475673731826
310000	-4568.543250212076
310500	-4579.897305649926
311000	-6831.453750618593
311500	-6935.309686800351
312000	-8219.273559258538
312500	-7674.29719657161
313000	-7934.51958958088
313500	-7887.4690374370975
314000	-7912.93333477161
314500	-7550.264148730645
315000	-7877.967244570066
315500	-7649.9924711019585
316000	-7222.915797009869
316500	-8015.21678031029
317000	-8043.763996222349
317500	-7910.940367198088
318000	-7470.199377378174
318500	-7710.4451332475755
319000	-8075.114325079461
319500	-8227.034671452588
320000	-8334.280850313267
320500	-8015.161906498399
321000	-8214.177945771202
321500	-8320.038826947459
322000	-8417.86331115269
322500	-8039.273451270716
323000	-8353.303452100143
323500	-8328.102987146349
324000	-8437.21957518491
324500	-8382.496719542136
325000	-8461.928118818912
325500	-8583.481687507885
326000	-8547.47175780377
326500	-8020.456929088114
327000	-8117.119819272563
327500	-8333.617951324408
328000	-7949.164446845928
328500	-7733.80075825084
329000	-7973.758616724291
329500	-7603.563953934957
330000	-6837.425438425781
330500	-7268.477302903095
331000	-7332.969524387142
331500	-7387.005387780159
332000	-7342.7917020354
332500	-7122.387241562887
333000	-7267.1595361493655
333500	-7379.41158657503
334000	-7275.477349009158
334500	-6966.244695850995
335000	-6955.556506288313
335500	-7003.7904736665905
336000	-6892.768425188354
336500	-6921.3187040419225
337000	-7058.635348507286
337500	-6891.978509244884
338000	-7120.155563568485
338500	-7104.280809145015
339000	-7227.606582840921
339500	-7146.61627844697
340000	-7201.543172565732
340500	-7229.468228904909
341000	-6862.8543162657015
341500	-6314.063036461384
342000	-6230.767236326079
342500	-6154.628515247967
343000	-6144.29344689994
343500	-6217.643025995806
344000	-6885.547657820821
344500	-6688.273512489955
345000	-6733.451572118473
345500	-7020.229438524747
346000	-6220.335635131775
346500	-6143.376179758622
347000	-5884.765941234297
347500	-5997.3828014065575
348000	-5651.635243198709
348500	-5799.161180096288
349000	-5583.135925353909
349500	-5228.957380080555
350000	-5038.565428675075
350500	-4986.858580831405
351000	-4955.408856692555
351500	-5114.934978610474
352000	-5773.220555743776
352500	-5341.079608721906
353000	-5573.280072029215
353500	-5752.224560520201
354000	-5803.81594533801
354500	-5344.90232472187
355000	-5199.724728110057
355500	-5123.5341382048055
356000	-5503.596639314744
356500	-5592.851547530333
357000	-6356.691599986496
357500	-5438.68483715026
358000	-5513.812494199181
358500	-5596.577160546953
359000	-5473.393386370284
359500	-5732.238224300451
360000	-5377.451915968872
360500	-4867.251807089541
361000	-4903.218990250655
361500	-4920.463691354934
362000	-4783.539619481457
362500	-4269.570456412684
363000	-4084.6215238164505
363500	-4854.033127437172
364000	-4710.962361487352
364500	-4709.7848996798175
365000	-4534.90018057878
365500	-4418.691454409521
366000	-4307.294631774482
366500	-4431.605809936746
367000	-5075.143461358158
367500	-4786.408094354412
368000	-5575.086507559343
368500	-6326.05306187986
369000	-6206.889899221487
369500	-6373.837632887333
370000	-5918.7673714296825
370500	-5982.559706536332
371000	-5905.581428952896
371500	-6297.419917292193
372000	-6325.261998151314
372500	-5659.61225126776
373000	-5378.066812237862
373500	-5843.577778734469
374000	-5948.118802280158
374500	-5169.7376599178
375000	-5358.195775393221
375500	-6007.952935555378
376000	-6355.470781339339
376500	-5625.251783318757
377000	-5756.046741394169
377500	-5334.028179187887
378000	-6982.37569968362
378500	-6791.965735463858
379000	-6831.4867585219135
379500	-7314.573468998229
380000	-6446.937613009463
380500	-6841.946061606548
381000	-6067.002203767781
381500	-6093.605274032305
382000	-6156.6960150948125
382500	-5984.9023708217355
383000	-6356.93634612967
383500	-5655.935268758904
384000	-4670.130039646593
384500	-4485.144622585114
385000	-4435.535078531574
385500	-4707.922255381927
386000	-4897.037654375075
386500	-4812.926745509429
387000	-4447.957233546915
387500	-4587.8650536240875
388000	-4946.794094539991
388500	-5477.345791051162
389000	-5075.0563710998185
389500	-5032.840668942891
390000	-6879.281111650253
390500	-6770.284983865871
391000	-6319.690137080931
391500	-5573.783635395088
392000	-7001.492448254656
392500	-5826.600598052645
393000	-5830.057130965086
393500	-6155.429226075638
394000	-4936.278037321759
394500	-5391.972492364015
395000	-6043.955616040998
395500	-6083.356191292517
396000	-6024.213271422682
396500	-6044.865998569831
397000	-5162.511497816321
397500	-5711.824216712909
398000	-6250.359593142666
398500	-6260.435889922073
399000	-5962.6530481118625
399500	-5316.040028115887
400000	-5250.628934563635
400500	-5420.032134935739
401000	-5363.304485457135
401500	-6107.417104054228
402000	-5497.30852055669
402500	-6367.939197265656
403000	-6437.330147706324
403500	-6490.754872025241
404000	-6675.52422659798
404500	-6308.849647547266
405000	-6682.277416182636
405500	-6430.862177924301
406000	-6669.269214709087
406500	-6332.103179546018
407000	-6315.1637216186355
407500	-6573.912278034647
408000	-6567.421243706628
408500	-6476.765031131121
409000	-6552.093430111223
409500	-6305.558672810581
410000	-6186.653882246968
410500	-5203.982535221594
411000	-6166.994903566823
411500	-5844.870943952783
412000	-6138.361580260505
412500	-4571.18497276668
413000	-4706.007161177211
413500	-4289.084980427811
414000	-4249.231410008451
414500	-4369.287795328468
415000	-4448.599388644389
415500	-4555.978088656111
416000	-5276.864200368206
416500	-5169.583744151156
417000	-5617.950002952465
417500	-5366.228170305485
418000	-5938.109704327729
418500	-5237.366186250617
419000	-5436.069307740254
419500	-5383.358703687496
420000	-5995.712884257399
420500	-6047.3938487921805
421000	-6041.483236803427
421500	-6222.807306693191
422000	-6126.73626136758
422500	-5943.316445053292
423000	-5828.967781981691
423500	-5960.355482723036
424000	-5436.626034687734
424500	-5516.954828147889
425000	-5956.246049050021
425500	-5531.670913321965
426000	-5149.390088569972
426500	-4689.136003707457
427000	-4507.01897036932
427500	-4703.9199739521755
428000	-4976.733270188801
428500	-6034.887545052965
429000	-6371.597788831659
429500	-6373.368157344998
430000	-6660.146867459056
430500	-6676.85047487834
431000	-6688.211630542753
431500	-6530.787488849812
432000	-6583.121529225101
432500	-6686.8550048978595
433000	-6582.242522123124
433500	-6678.438744126874
434000	-6444.000577837101
434500	-6313.63495493709
435000	-5678.651091963734
435500	-6035.059472966104
436000	-6320.169604021812
436500	-6322.040929583941
437000	-5824.335336266654
437500	-5398.524104979829
438000	-6221.771933885003
438500	-6304.666470403012
439000	-5831.8612102912475
439500	-5287.211084262265
440000	-5229.298367300396
440500	-6323.517628336146
441000	-6153.5697410758585
441500	-5809.9280168407495
442000	-4732.145079484186
442500	-4854.379897175622
443000	-4603.043304443695
443500	-4712.698455215548
444000	-4480.874030130654
444500	-4535.72036209632
445000	-4391.324760372256
445500	-4174.258361047962
446000	-4353.491907979441
446500	-4701.750226840997
447000	-4441.581107387788
447500	-4261.713390838686
448000	-4391.090974753303
448500	-4326.324635629156
449000	-4504.462681848261
449500	-4678.463416203742
450000	-5274.215625037952
450500	-6043.101295310404
451000	-6123.222442471719
451500	-6414.888244172928
452000	-6313.352339983003
452500	-6181.280274210081
453000	-6586.861905694308
453500	-6380.530993777984
454000	-6580.521029444784
454500	-6658.024374836414
455000	-6517.325926887819
455500	-6688.962829564546
456000	-6688.940745292043
456500	-6600.62082752473
457000	-6600.546943466687
457500	-6384.269412740272
458000	-6542.259048670219
458500	-6524.39081202901
459000	-6266.037589053841
459500	-6161.589578744741
460000	-6397.120609499542
460500	-6127.483762743648
461000	-5889.942891641917
461500	-6197.468922754653
462000	-6608.134422474338
462500	-6297.5977623314975
463000	-6342.508491872878
463500	-6617.006110418984
464000	-6352.921401695144
464500	-6023.649845311538
465000	-6345.761401641993
465500	-6168.277065023707
466000	-6581.895268130327
466500	-6673.505369496866
467000	-6451.807449392112
467500	-6406.876263142715
468000	-6586.165507021736
468500	-6420.941553876115
469000	-6523.042588094162
469500	-6624.615141558925
470000	-6679.910557718977
470500	-6632.305931389037
471000	-6596.207647731289
471500	-6677.829192201253
472000	-6623.545067287297
472500	-6573.8021452538
473000	-6626.751242932739
473500	-6673.72169705022
474000	-6680.106496322088
474500	-6684.927462291451
475000	-6578.252633620855
475500	-6648.454435299177
476000	-6687.2144379579095
476500	-6492.733233849239
477000	-6687.580554626839
477500	-6384.212267508846
478000	-6477.126471706943
478500	-6651.210682062215
479000	-6507.68890642242
479500	-6560.166631730838
480000	-6523.357556566242
480500	-6689.212157377818
481000	-6689.2163004929125
481500	-6689.215369492269
482000	-6689.216318644029
482500	-6589.0839686496165
483000	-6674.4326017747535
483500	-6571.501724662196
484000	-6676.531987158391
484500	-6688.689566573477
485000	-6611.849593099895
485500	-6642.971793317246
486000	-6616.269853474251
486500	-6614.246683654515
487000	-6535.867580197515
487500	-6661.868549755424
488000	-6706.211578266721
488500	-6245.853205505554
489000	-6662.397724064897
489500	-6475.976363191345
490000	-6368.530890114448
490500	-6530.14877773933
491000	-6290.41380149016
491500	-6663.65917386403
492000	-6678.720579551092
492500	-6533.833732933034
493000	-6408.799979050275
493500	-6159.088144044169
494000	-6615.939752741806
494500	-6105.358637671911
495000	-5738.527025177586
495500	-5143.203570407867
496000	-5764.719885979265
496500	-4980.322319591217
497000	-4878.572637177172
497500	-4630.4268032192585
498000	-4663.80568808071
498500	-4819.831470549654
499000	-4653.233014310893
499500	-4696.111430070716
500000	-4943.4153997216035
500500	-6853.696386525801
501000	-6847.069278743708
501500	-6881.733484137534
502000	-6816.1697719075155
502500	-6779.786558326831
503000	-6450.573688361627
503500	-6401.115046267393
504000	-6590.444637899171
504500	-5753.5515854569585
505000	-5199.210011884753
505500	-4835.392990933781
506000	-4827.463979153294
506500	-4542.276980015954
507000	-4755.835128865377
507500	-4818.600533945426
508000	-4808.976818728551
508500	-5009.118377365683
509000	-5347.470539070575
509500	-4987.850089503326
510000	-5075.44107855823
510500	-5475.068945680586
511000	-5533.684136670406
511500	-5478.218709332041
512000	-5211.561727684578
512500	-4741.118371783372
513000	-4412.332594891085
513500	-4578.496517527114
514000	-4519.244277065724
514500	-4621.12855417241
515000	-4591.828742413752
515500	-4534.657699006874
516000	-4763.62823295378
516500	-4809.478621105636
517000	-4748.234501724508
517500	-5073.854026115597
518000	-5693.44182406092
518500	-6332.455772908271
519000	-6312.572820370082
519500	-6361.984601308947
520000	-6313.086314690048
520500	-6286.738526058977
521000	-6426.354066408255
521500	-6100.848481997362
522000	-6215.3360265854735
522500	-6157.256426547731
523000	-6119.754230637854
523500	-6373.091746283632
524000	-6262.978652051723
524500	-6378.257898283116
525000	-6290.178446522458
525500	-6396.917551811889
526000	-6406.627928768537
526500	-6406.718348239956
527000	-6406.719067915519
527500	-6406.719067916002
528000	-6463.0286776764115
528500	-6406.718183418853
529000	-6406.344092015461
529500	-6406.7190349747925
530000	-6406.688172027676
530500	-6406.719067915661
531000	-6406.719067916453
531500	-6406.719067916403
532000	-6406.719031829173
532500	-6375.063023567673
533000	-6390.502017401452
533500	-6363.261107285549
534000	-6154.717731133188
534500	-6110.848414886973
535000	-5286.146044286695
535500	-5258.458044004384
536000	-5358.682673693841
536500	-4623.433750792726
537000	-4549.701853325437
537500	-4540.90205698355
538000	-4723.464493559102
538500	-4681.249501924801
539000	-5116.697382099065
539500	-5108.453448599843
540000	-5201.6044781082355
540500	-4563.398189755189
541000	-4651.355147941732
541500	-4750.365698851724
542000	-4750.56188133959
542500	-4619.607676956737
543000	-5095.809260228347
543500	-4943.990843465265
544000	-4784.8908645654465
544500	-4744.4780714369335
545000	-5384.601103636656
545500	-5109.27895351153
546000	-4939.308746226994
546500	-4813.539377892501
547000	-4612.664257222152
547500	-4602.751371621576
548000	-4404.124438406761
548500	-4429.501022284852
549000	-4312.254339290196
549500	-5541.184858690604
550000	-5869.3204228670975
550500	-5427.1126381741415
551000	-4878.778735104683
551500	-5379.9134240412895
552000	-5087.297356215781
552500	-5581.842632163026
553000	-5046.646572507369
553500	-4896.7335465068545
554000	-5117.22045511556
554500	-4648.260025087718
555000	-4778.2315168301175
555500	-4685.640868676808
556000	-4620.406304975544
556500	-4615.141302368867
557000	-4695.530619386824
557500	-4931.227801949437
558000	-5059.236745335468
558500	-4585.995614168399
559000	-4728.254493887682
559500	-5232.857093469352
560000	-5545.408796742501
560500	-5743.857792752282
561000	-5774.359882616737
561500	-6203.101500513601
562000	-6677.337432643817
562500	-6463.894334042984
563000	-5986.63487682204
563500	-6183.521897894234
564000	-5699.496345369564
564500	-6008.80192450739
565000	-5826.034975971599
565500	-5086.109722335616
566000	-4747.8309241577335
566500	-4456.233153777493
567000	-4648.574798569679
567500	-4449.135472414637
568000	-4287.426600331686
568500	-4714.778709163658
569000	-4149.436771986957
569500	-4305.115298372389
570000	-4362.193126357853
570500	-4334.560779871941
571000	-4833.149748492927
571500	-5092.169910830029
572000	-4570.794619255406
572500	-4511.64134493606
573000	-4711.965611212716
573500	-4936.51684318913
574000	-4916.098329294186
574500	-5227.738448258975
575000	-4812.278581163771
575500	-4857.159714277054
576000	-4876.3596443183515
576500	-4601.796516811259
577000	-5031.0966494450595
577500	-5209.626610594999
578000	-5106.028140823423
578500	-5942.214320380469
579000	-6798.1511437787885
579500	-6109.293805084276
580000	-6952.163624230097
580500	-7267.814323338342
581000	-6613.957316188913
581500	-7308.032507913382
582000	-7635.281707112188
582500	-7295.855689098819
583000	-7366.230341525029
583500	-7185.131229137554
584000	-7310.849599594629
584500	-7361.699329256723
585000	-7103.307013646009
585500	-6807.184454430857
586000	-6528.646505148633
586500	-5723.309587367752
587000	-5887.584494111201
587500	-5627.627061835874
588000	-5597.6252029722555
588500	-5476.469430123342
589000	-4784.909031525455
589500	-5586.183675858499
590000	-5073.449429223764
590500	-5292.5994961860315
591000	-5318.5938355032495
591500	-5418.06153956223
592000	-6057.6651256937785
592500	-6455.969861185435
593000	-7025.661963640028
593500	-7052.221010251935
594000	-6467.146275189619
594500	-6501.648380476531
595000	-6924.256940468526
595500	-7921.029991110867
596000	-8517.431647421687
596500	-8233.302447086064
597000	-7667.809195894371
597500	-7570.580581025642
598000	-7921.810168422682
598500	-7177.585818630797
599000	-7354.084137943443
599500	-6620.865883429312
600000	-6021.369443383772
600500	-5942.1289884749
601000	-6035.085812449335
601500	-6386.9239445950825
602000	-6704.853262068659
602500	-6669.978993565644
603000	-7165.882648829023
603500	-6529.352031657528
604000	-5864.810539402838
604500	-5827.166374455598
605000	-5432.868037654341
605500	-5488.797297486429
606000	-5450.3668249098255
606500	-5714.248040044766
607000	-5620.411957665619
607500	-5240.364108807493
608000	-4976.754560085114
608500	-5317.480051248458
609000	-5546.07924723067
609500	-5151.064362519527
610000	-5768.549489745793
610500	-5225.87305381204
611000	-5335.316664466442
611500	-5143.1846556469245
612000	-4613.433978085445
612500	-4482.0683570659285
613000	-4686.722384489993
613500	-4475.471316083921
614000	-4704.729582667773
614500	-4439.700410406504
615000	-4620.338744614396
615500	-4586.4748271083445
616000	-4681.952485339829
616500	-5924.060263814414
617000	-5914.661750744397
617500	-5573.801781220791
618000	-5169.435427976613
618500	-4732.391964348738
619000	-4510.87765061564
619500	-4546.769374400797
620000	-4538.098065711295
620500	-4595.493033175018
621000	-4896.90372568015
621500	-4564.10441479439
622000	-4736.239115699976
622500	-4766.250598950333
623000	-5136.100157218297
623500	-5211.0778845756095
624000	-5219.168385759968
624500	-4737.770628176682
625000	-5024.377396567385
625500	-4567.943224451665
626000	-4843.418782258473
626500	-5010.938063353955
627000	-5668.562721015128
627500	-8561.802239107494
628000	-7551.066361476303
628500	-8029.795681312103
629000	-7536.597269643569
629500	-5056.306709665129
630000	-5338.861086871836
630500	-5071.4518925684915
631000	-5469.692691624661
631500	-5823.440911605007
632000	-5593.591000022777
632500	-5749.661055901807
633000	-5484.057953245231
633500	-5428.730681929072
634000	-5332.30454374963
634500	-5470.848630180877
635000	-6074.7916490539665
635500	-6147.214127763509
636000	-6588.623861188873
636500	-6517.262239990945
637000	-7140.084048440361
637500	-6479.594533069206
638000	-6385.612779171132
638500	-6119.460738924485
639000	-6520.691565061927
639500	-6425.408111437659
640000	-6359.269217294189
640500	-6286.9343753583835
641000	-5275.623915493588
641500	-5116.523204516835
642000	-5032.69050029008
642500	-5246.124772118619
643000	-5668.870462222735
643500	-5970.9869281386445
644000	-5269.522991585651
644500	-4986.435208246503
645000	-5114.633392278111
645500	-5166.74180230789
646000	-5348.511384522381
646500	-5688.000463954682
647000	-5256.4375175591695
647500	-5315.835882652727
648000	-4978.007263690859
648500	-5851.606409860875
649000	-6148.261737968562
649500	-5613.424315003287
650000	-5884.7112063617515
650500	-5996.9742447266735
651000	-6168.328578477763
651500	-5713.788614198389
652000	-5622.575645838938
652500	-5429.609820984504
653000	-5690.944940657589
653500	-5147.551145764109
654000	-4946.548483177085
654500	-5039.896032696084
655000	-5094.558756648681
655500	-5469.3854058482375
656000	-6203.887194730345
656500	-7573.077421592055
657000	-7613.041031568083
657500	-7243.593285251777
658000	-7385.607216836811
658500	-7582.1873274663785
659000	-7226.413977115275
659500	-7142.0930299458605
660000	-6929.716579499287
660500	-6458.486365785117
661000	-5094.087406861126
661500	-4818.921026172927
662000	-4868.22403348526
662500	-4993.765872644304
663000	-4873.268289687314
663500	-5376.240771719927
664000	-5278.803517944695
664500	-5604.714283456145
665000	-5217.1822993901515
665500	-4927.772462813159
666000	-4622.985071896621
666500	-4605.411348020874
667000	-4501.5224238964
667500	-4682.124225657484
668000	-4808.425574726267
668500	-5072.466866345723
669000	-5022.175795887596
669500	-4730.687720175031
670000	-4589.672207389695
670500	-4661.67855472877
671000	-4673.108196760979
671500	-4546.388576757865
672000	-4468.539280972092
672500	-4393.961271227276
673000	-4746.540842666002
673500	-4664.017154731287
674000	-4840.693270835088
674500	-5179.392917100314
675000	-4617.818768732603
675500	-4492.494976243869
676000	-4493.367477192862
676500	-4509.519202116378
677000	-4628.913803835598
677500	-4665.856726106697
678000	-5746.230518764433
678500	-5766.322924635777
679000	-5731.795216192291
679500	-5686.394323825456
680000	-5782.808917048134
680500	-5915.851269328627
681000	-5981.375879273796
681500	-5661.3247368168595
682000	-6027.528094613795
682500	-6019.580653629835
683000	-6137.217859119495
683500	-5631.799920631604
684000	-5746.195168950049
684500	-5763.776367330699
685000	-4924.55910217185
685500	-4332.008482412032
686000	-4849.673262465961
686500	-4629.441928828434
687000	-4671.979031170602
687500	-4545.621994556508
688000	-4574.145284193934
688500	-4739.710535010471
689000	-5920.182552471058
689500	-7276.316886310405
690000	-7634.484799356807
690500	-7703.248780920918
691000	-8262.326287500417
691500	-8042.652924764102
692000	-7131.263173103366
692500	-6803.508711351265
693000	-7334.243040829064
693500	-7067.552989585542
694000	-7227.617766277393
694500	-6248.1149832329365
695000	-5852.234720809496
695500	-4702.23434824607
696000	-4572.2142877248425
696500	-4596.77625274367
697000	-4606.31825282133
697500	-5003.259651996283
698000	-5157.423318483784
698500	-4848.917196706632
699000	-4594.040910575168
699500	-5238.336165121765
700000	-5550.472623541948
700500	-6056.998230065557
701000	-6027.703959449607
701500	-6773.964707365909
702000	-6974.053552615795
702500	-7124.421909468897
703000	-7424.460159526576
703500	-8199.901973596328
704000	-7910.333836879154
704500	-8075.58445905301
705000	-7883.462313759393
705500	-7665.18416412114
706000	-7328.230148488871
706500	-7672.539836485068
707000	-7675.861480458359
707500	-8045.996135113499
708000	-7849.042723791131
708500	-7679.51693819479
709000	-7855.946160950001
709500	-7897.8477248103745
710000	-8231.510980527373
710500	-7941.797300494564
711000	-7774.807706552885
711500	-8165.817146576985
712000	-7946.43915736414
712500	-7747.568520826585
713000	-7973.098746876059
713500	-8323.869727888907
714000	-8431.068971362502
714500	-8014.710384913701
715000	-7790.445006834947
715500	-7649.038979448337
716000	-7140.29190536635
716500	-6576.9129949069
717000	-6997.072936756514
717500	-6730.762953108876
718000	-6570.095635982613
718500	-6475.244336607405
719000	-5862.1133509399
719500	-5764.878830751538
720000	-5548.963115796668
720500	-5211.809719643192
721000	-5265.774594815901
721500	-5441.741407056461
722000	-5254.493688936861
722500	-5264.409373605955
723000	-5532.006420638272
723500	-5918.222638576674
724000	-5672.969004288496
724500	-5854.030460741848
725000	-5635.592859638607
725500	-5346.164197514576
726000	-5151.603813631461
726500	-4836.332258491681
727000	-4845.5362236260335
727500	-4912.273655192592
728000	-4966.19532868181
728500	-4757.982290806036
729000	-4538.132700653857
729500	-4433.25774773388
730000	-4517.322096733147
730500	-4506.006219891496
731000	-4653.586754088111
731500	-4904.275686636123
732000	-4602.356822972956
732500	-4415.357038216387
733000	-4615.129275364565
733500	-5477.219375535459
734000	-5244.176527948958
734500	-4639.797951708798
735000	-4792.780934857856
735500	-5141.794430523315
736000	-4436.438105153416
736500	-4996.988330086779
737000	-4437.394994244335
737500	-4647.5974688305005
738000	-4530.895682573059
738500	-4705.112031088516
739000	-4828.139617329101
739500	-4894.50810289338
740000	-4448.607779607887
740500	-5314.979401147594
741000	-6353.999706435131
741500	-6117.286849955057
742000	-5728.723129055716
742500	-6117.977109535155
743000	-6550.802268542386
743500	-6513.803120330125
744000	-7062.3309069514025
744500	-7200.097113266398
745000	-6992.783029478125
745500	-7159.250821521454
746000	-6914.688471523751
746500	-6659.156471717584
747000	-6818.09573358543
747500	-6928.202739230205
748000	-6536.926861611709
748500	-6816.299938321634
749000	-5846.300303126301
749500	-6192.311373756948
750000	-6420.1811599912535
750500	-6825.457096535376
751000	-6868.63570589923
751500	-6467.661417294343
752000	-5703.818057224224
752500	-4418.218841648718
753000	-4559.455738010598
753500	-4590.31297984653
754000	-5106.084816504078
754500	-4771.313824782994
755000	-4907.535005050434
755500	-4760.046756989224
756000	-4659.1401816153275
756500	-4921.140798971181
757000	-4571.620754621564
757500	-4794.4209181453225
758000	-4906.789025795515
758500	-4801.407423533422
759000	-4957.51803816758
759500	-5185.520716270509
760000	-4761.364415467065
760500	-4930.202921576525
761000	-4472.823633027866
761500	-4769.859631139861
762000	-4489.942266592071
762500	-4651.4767594290215
763000	-4766.504993092937
763500	-4676.491121859263
764000	-4482.779079260448
764500	-5682.077699692301
765000	-5937.997508604213
765500	-6005.538578832565
766000	-5953.901032197868
766500	-5410.2114483397345
767000	-6256.545058065429
767500	-5508.246952402698
768000	-5355.890741071062
768500	-5041.454205108974
769000	-5117.184077148122
769500	-6094.148343323239
770000	-6309.325296214315
770500	-5211.319597242244
771000	-4872.720077925925
771500	-5039.577824453644
772000	-4781.267377875753
772500	-4633.489146013947
773000	-4795.907687544625
773500	-4903.9131676340785
774000	-4246.266304586782
774500	-4472.051784842234
775000	-4752.075492481976
775500	-4672.181129718067
776000	-4889.929307933381
776500	-4642.8093815345765
777000	-4753.166591405466
777500	-4919.485017252557
778000	-4879.351893982275
778500	-4980.38757630013
779000	-4758.050410356683
779500	-4612.351482618685
780000	-4722.643983011344
780500	-4687.193664230726
781000	-5073.069946414287
781500	-4872.373472102459
782000	-4907.225261215741
782500	-4285.83172789812
783000	-4145.63825438186
783500	-4302.442156655613
784000	-4207.234682270307
784500	-4297.690172326316
785000	-4675.566930666357
785500	-4104.54415146962
786000	-4386.6903167999335
786500	-4374.080130207588
787000	-4305.416919625283
787500	-4716.967548132528
788000	-4705.443721663961
788500	-4641.148857241285
789000	-5166.156693574526
789500	-4664.129679149921
790000	-4438.285048462578
790500	-4716.756956789929
791000	-4810.221693911596
791500	-4603.0373380767
792000	-4633.901710571615
792500	-4955.183856690354
793000	-4977.590658276696
793500	-4535.062223923366
794000	-4520.188966372936
794500	-4230.968483364276
795000	-4307.8545362652785
795500	-4616.8569206834
796000	-4832.666593319066
796500	-4699.017106135242
797000	-4600.811908466404
797500	-5716.986638165725
798000	-5206.446233826327
798500	-5115.641568746298
799000	-5145.419828443844
799500	-5885.357537446723
800000	-5596.395716881232
800500	-5571.614686735016
801000	-6119.906957734568
801500	-6723.740573640911
802000	-7135.543345374704
802500	-7061.277249871175
803000	-7179.074101993191
803500	-7253.096310719665
804000	-7262.432694543246
804500	-7254.341361418897
805000	-6712.212128041862
805500	-7233.22175763452
806000	-7060.498584130558
806500	-7172.784824619448
807000	-7095.557029310314
807500	-7247.820186717781
808000	-7176.518376962664
808500	-7244.426992725252
809000	-7207.700255154526
809500	-7234.382813229097
810000	-7230.130381948775
810500	-7098.894703176731
811000	-7292.750007687112
811500	-6992.726126545647
812000	-7168.670085269536
812500	-7063.35148627272
813000	-6960.200681597692
813500	-7219.80046425038
814000	-7226.293532074515
814500	-7046.791774393705
815000	-7240.137453089292
815500	-7222.3104024140775
816000	-6935.560987673761
816500	-7123.957874128239
817000	-7118.008567979412
817500	-7070.192223632144
818000	-7190.235573627877
818500	-7070.7016892851
819000	-6925.342938547006
819500	-7118.8051344812875
820000	-7200.108418610565
820500	-7228.840180316967
821000	-7228.934203297622
821500	-7189.526075479095
822000	-7132.530324807133
822500	-6875.728388495915
823000	-6866.265483226248
823500	-7114.040544834574
824000	-7180.387343227443
824500	-7095.4243349916915
825000	-7216.086024910635
825500	-7248.123861272255
826000	-7260.378792794973
826500	-7198.892103556367
827000	-7223.732862978911
827500	-7075.831658009841
828000	-6914.591556349124
828500	-7174.24883683456
829000	-6855.695770431274
829500	-6812.623925628439
830000	-6964.913743733825
830500	-7178.791675396272
831000	-6845.768147922794
831500	-7046.449137321844
832000	-7143.11453802034
832500	-6932.483406968389
833000	-7056.055529566583
833500	-6650.277462684078
834000	-6590.535050590926
834500	-7019.741570054378
835000	-7008.276922232096
835500	-6969.897411020752
836000	-6951.422395871558
836500	-6909.211132494744
837000	-6956.017227655171
837500	-7047.742717951925
838000	-6746.991459880602
838500	-7216.678462299524
839000	-7247.8865860112965
839500	-7165.678666143886
840000	-7060.626831707748
840500	-7025.61858572016
841000	-6831.388939735711
841500	-7021.5946726837565
842000	-6823.704654514493
842500	-7190.499065263971
843000	-6763.2455499947155
843500	-7170.90173900261
844000	-7195.215274753131
844500	-7085.061562531727
845000	-6704.162805230232
845500	-6470.677280078479
846000	-5677.068808386683
846500	-5720.006890976775
847000	-5215.752053939688
847500	-4965.790417642738
848000	-6238.14137351568
848500	-7118.773087167135
849000	-6871.987996483705
849500	-6004.1357762952875
850000	-5664.005627896635
850500	-5932.9174544974085
851000	-6217.731854671261
851500	-6188.358466117116
852000	-5536.553790506593
852500	-4743.323466446964
853000	-5333.4347147438275
853500	-4936.674947769814
854000	-4805.758081619506
854500	-4647.282306612813
855000	-4527.910381847064
855500	-4838.157097370696
856000	-4598.402099461765
856500	-4678.309544824092
857000	-4848.191040390007
857500	-4542.6585776004
858000	-4305.310606832692
858500	-4809.2635043461605
859000	-4758.489428930204
859500	-4635.902995537986
860000	-4671.007510599272
860500	-5720.386148424111
861000	-4874.586685888578
861500	-6877.539277536163
862000	-4595.023599923863
862500	-4734.125627114845
863000	-4657.552219466974
863500	-4770.699471669304
864000	-4442.411333291235
864500	-4618.937328687634
865000	-4662.287951515666
865500	-4810.242995034298
866000	-5805.110104255706
866500	-4497.844067433711
867000	-4508.5612127203885
867500	-4527.219623270728
868000	-4550.576717586596
868500	-4472.244430242573
869000	-4551.484436825624
869500	-7647.341554825593
870000	-8952.779754472376
870500	-8332.922406432288
871000	-9356.944660907604
871500	-9632.839040753324
872000	-7364.519811581494
872500	-7728.070965893645
873000	-5723.79616536154
873500	-5849.000455351116
874000	-4950.983065271191
874500	-4898.701705885494
875000	-4823.218219575551
875500	-5410.48299856247
876000	-5484.40938518529
876500	-5364.510928443697
877000	-5892.769913963213
877500	-8253.090403585458
878000	-4960.269648633374
878500	-4572.891273784505
879000	-4927.560988669808
879500	-4993.456171352155
880000	-5718.175884059037
880500	-5907.1390816745015
881000	-5463.768860766703
881500	-7696.644264147454
882000	-7804.585752370244
882500	-4375.321897566706
883000	-4833.534539775522
883500	-4656.089600949785
884000	-5127.6930626055955
884500	-4607.182474180475
885000	-4847.230852305873
885500	-5457.180839892526
886000	-5325.0687938246665
886500	-5378.3028879202675
887000	-5206.634423994454
887500	-5211.657067547641
888000	-4892.637658507143
888500	-4564.196234600394
889000	-4677.023937168457
889500	-4570.961430115173
890000	-9509.906654687122
890500	-10998.133414641183
891000	-6292.2297949666245
891500	-5981.485676458172
892000	-4670.891464774929
892500	-5852.289236337881
893000	-7227.404823291136
893500	-8951.886413668335
894000	-10739.863672524625
894500	-11061.040061707216
895000	-10980.589782610195
895500	-10964.781920818774
896000	-10409.897921008675
896500	-11664.189140937659
897000	-11140.660814497978
897500	-10700.222385184585
898000	-9617.756494254187
898500	-10049.538399523699
899000	-5932.686999319667
899500	-6088.947601184869
900000	-7437.375414556135
900500	-7039.189955878022
901000	-6430.823311776008
901500	-8687.772970516318
902000	-9973.318139318235
902500	-6992.255393970844
903000	-4846.348361725282
903500	-4998.362208439225
904000	-5124.0387724549655
904500	-7854.51572920796
905000	-5042.42743333731
905500	-5427.246652159508
906000	-6110.112882640511
906500	-7582.13247564176
907000	-6268.567482487362
907500	-10567.871274542129
908000	-9371.697880854306
908500	-8756.476848303928
909000	-10233.02552074422
909500	-10728.846519759927
910000	-10790.89080934333
910500	-10626.727977373568
911000	-10355.709254636295
911500	-9695.372395716224
912000	-10104.48632593787
912500	-9635.13480027441
913000	-9819.153465505216
913500	-9645.326633058594
914000	-9514.105253032922
914500	-10415.23963795903
915000	-10685.876280200066
915500	-10741.030342804204
916000	-9279.461452186266
916500	-9028.177600420782
917000	-10206.841389741277
917500	-11170.319376429068
918000	-9635.07733670057
918500	-9952.911356626126
919000	-10263.01228867591
919500	-10483.045472385553
920000	-10189.884204556338
920500	-10018.177639673677
921000	-10253.403938115578
921500	-10182.4858238267
922000	-10444.79734224275
922500	-9938.485102664861
923000	-7828.480244375665
923500	-7275.2443825181645
924000	-7384.055905494906
924500	-7607.218955786622
925000	-7415.044847447568
925500	-7893.264358108019
926000	-8039.4865606665635
926500	-7900.966509541651
927000	-7913.976501832692
927500	-8185.523095054292
928000	-8245.006522177375
928500	-8187.260538138344
929000	-8218.73932113434
929500	-8170.526474159435
930000	-8243.507599103006
930500	-8241.718877513136
931000	-8006.302048859725
931500	-7981.730027038324
932000	-7988.717634070274
932500	-7011.847791732195
933000	-7121.125282886583
933500	-6773.414596774269
934000	-8406.286095366971
934500	-6728.1539318061805
935000	-7295.921411642129
935500	-5661.374642498863
936000	-5157.166169390709
936500	-4908.79411075515
937000	-5122.386258129442
937500	-4861.370740686478
938000	-5413.830278096999
938500	-5264.805507664094
939000	-4488.5745270166935
939500	-4608.431005037848
940000	-5063.126101735016
940500	-5004.210682092295
941000	-5757.9401492877705
941500	-7358.370047025461
942000	-8214.042894552009
942500	-5691.91279383617
943000	-5942.9671958429335
943500	-5146.514823958459
944000	-8160.503497320256
944500	-8184.77848174066
945000	-8722.583122399836
945500	-9691.640345657823
946000	-11183.968738742202
946500	-11167.057092179633
947000	-10939.494532429777
947500	-9828.287535355325
948000	-9743.20218852112
948500	-10131.346352378541
949000	-11222.43231156882
949500	-11368.138270703923
950000	-11100.729196078548
950500	-11461.643022373444
951000	-11368.17527404729
951500	-11396.51804856055
952000	-11352.10180098137
952500	-11377.637943786767
953000	-11413.799048266601
953500	-11305.776045739029
954000	-11479.245753724474
954500	-11435.91815929443
955000	-11268.119190758136
955500	-11295.973334560702
956000	-11040.769798728496
956500	-11203.845994572403
957000	-11476.450324467874
957500	-11471.393330504598
958000	-11472.359534011048
958500	-11204.766717622619
959000	-11470.260667747909
959500	-11341.860982196431
960000	-8865.69570455447
960500	-8851.883301206854
961000	-8923.989024842576
961500	-8936.377354523209
962000	-8798.7407023938
962500	-8390.04267504668
963000	-8346.516797814702
963500	-8246.485094719485
964000	-8215.822757385818
964500	-8050.703577345122
965000	-8677.239896410554
965500	-8781.136005626724
966000	-8775.847605987008
966500	-8797.570923603584
967000	-8785.07264586177
967500	-8936.056989962766
968000	-8742.222720912023
968500	-8624.786695266697
969000	-8926.972768651909
969500	-8668.396287053743
970000	-8790.121664259685
970500	-8292.450532652349
971000	-8452.957270876592
971500	-8802.751836192569
972000	-8602.370629186107
972500	-8883.103699177227
973000	-8699.491704717237
973500	-8937.143383903607
974000	-8948.786034664787
974500	-8851.2668992312
975000	-8919.907518824613
975500	-8737.452294929923
976000	-8871.478049049847
976500	-8918.395562142892
977000	-8787.65926138764
977500	-8765.875280715625
978000	-8849.258663910736
978500	-8833.81908940365
979000	-8626.194327935242
979500	-8613.245068911314
980000	-8733.200267525184
980500	-8162.553524998289
981000	-8117.655256550415
981500	-7376.983976950413
982000	-7482.70618709019
982500	-6922.844922182727
983000	-7053.287765491168
983500	-4587.729254459745
984000	-5060.334539211835
984500	-6643.617325603143
985000	-6408.588378534358
985500	-6273.280194187502
986000	-6490.879280661475
986500	-6619.822749085752
987000	-5024.768654575224
987500	-4923.670759930941
988000	-4989.306296228359
988500	-5397.655672497188
989000	-5293.37111745693
989500	-6143.010525145859
990000	-6216.5502207078525
990500	-5515.69696391188
991000	-4393.101853742208
991500	-4592.93727899857
992000	-4783.538644662143
992500	-4557.807041246081
993000	-4796.9140089561815
993500	-4802.025281818694
994000	-4558.428994536776
994500	-4543.380295922109
995000	-4735.786643307574
995500	-4509.99385995176
996000	-4589.124341207031
996500	-4837.914490897372
997000	-4797.590130210366
997500	-4705.027728104811
998000	-4545.744625277601
998500	-4606.384436199394
999000	-4518.37630466382
999500	-4622.038825440441
1000000	-4635.689337483689
1000500	-5079.086079162159
1001000	-5356.723274564369
1001500	-5551.317250767522
1002000	-5440.711732977127
1002500	-5297.222452814608
1003000	-5168.802066122122
1003500	-5180.874369140134
1004000	-5046.328451813516
1004500	-5018.758856353673
1005000	-5131.970449926746
1005500	-5048.9535455491805
1006000	-5404.716493542933
1006500	-5110.908534902469
1007000	-5060.956690682401
1007500	-4710.344068345433
1008000	-4553.584931569628
1008500	-4621.975608679122
1009000	-4619.217186842766
1009500	-4447.803574482306
1010000	-4529.525637594177
1010500	-4555.710429306669
1011000	-4659.45600429351
1011500	-4649.610837228943
1012000	-4604.426616335118
1012500	-4345.030658821898
1013000	-4301.53935636229
1013500	-4699.20747771596
1014000	-4398.9066992532635
1014500	-4413.070281734967
1015000	-4502.044394821689
1015500	-4607.352945924028
1016000	-4161.0362588662265
1016500	-4348.0019356863395
1017000	-4328.207396645982
1017500	-4294.824451454088
1018000	-4637.177711394754
1018500	-5129.061091757037
1019000	-4853.331428065846
1019500	-4584.2697988324235
1020000	-4680.32881248498
1020500	-4701.9628890481745
1021000	-4630.935603552545
1021500	-5743.610134936793
1022000	-5863.156134467341
1022500	-5691.103788993464
1023000	-4473.161061546102
1023500	-4297.808476656083
1024000	-4557.332444985879
1024500	-4683.020458670246
1025000	-4982.004041839629
1025500	-4719.501765927527
1026000	-4782.599528684284
1026500	-6181.4151369877045
1027000	-6562.735200054244
1027500	-6252.30048078024
1028000	-6373.962597356719
1028500	-6276.576267113601
1029000	-6476.418273311082
1029500	-6303.594080777929
1030000	-6473.539305148516
1030500	-6623.436898056494
1031000	-6586.768570020519
1031500	-6503.084121315646
1032000	-6455.303095395589
1032500	-6638.679558223028
1033000	-6638.559052598191
1033500	-6627.592681495004
1034000	-6390.622408692208
1034500	-6514.90816056504
1035000	-6613.907471036922
1035500	-6636.077740507829
1036000	-6588.52690929674
1036500	-6595.025895060074
1037000	-6559.776063168282
1037500	-6448.788792785306
1038000	-6632.08281560821
1038500	-6624.531132124915
1039000	-6240.558318069278
1039500	-6195.3437749834475
1040000	-6577.019642592386
1040500	-7188.458901008282
1041000	-6618.777058900474
1041500	-6123.688354580873
1042000	-7129.47817289538
1042500	-7296.777487657073
1043000	-7235.419848551027
1043500	-7307.44059660305
1044000	-7217.550062674148
1044500	-6792.631089430667
1045000	-6860.403608798274
1045500	-7036.292799883894
1046000	-7292.382253133759
1046500	-7208.714181316957
1047000	-7269.044772168785
1047500	-7136.782921851317
1048000	-7128.409912932168
1048500	-7296.851638492805
1049000	-7206.59301600957
1049500	-7208.060357905845
1050000	-7307.087519426398
1050500	-7154.371738692186
1051000	-7208.285465886781
1051500	-7212.88695319711
1052000	-7304.149441424248
1052500	-7293.175933340194
1053000	-7198.388982458246
1053500	-7039.514072361658
1054000	-6774.04105178605
1054500	-7161.759046621471
1055000	-6579.48449217374
1055500	-6925.172595156673
1056000	-6874.973285307416
1056500	-6665.8346833585965
1057000	-6651.766928612952
1057500	-6737.436528596594
1058000	-6753.257129360536
1058500	-6777.185676968006
1059000	-6772.978122957222
1059500	-6749.104585119163
1060000	-6698.484338479668
1060500	-6751.911782911492
1061000	-6760.015650265502
1061500	-6780.12492204539
1062000	-6665.8356832559775
1062500	-6738.278210167412
1063000	-6656.670098040917
1063500	-6582.730718709513
1064000	-6537.377033045827
1064500	-6201.915911987244
1065000	-6542.49275855006
1065500	-6623.633280404791
1066000	-6500.048804189912
1066500	-6777.663335662459
1067000	-6740.149724363236
1067500	-6720.973786885111
1068000	-6780.025308435999
1068500	-6727.331528321791
1069000	-6525.468254941683
1069500	-6433.9388762930585
1070000	-6312.5808400523
1070500	-6461.569748696236
1071000	-5917.466052748039
1071500	-5412.730234333353
1072000	-4452.145489437368
1072500	-5227.079538176539
1073000	-5422.34477132308
1073500	-5360.434579848905
1074000	-5446.713802711726
1074500	-5337.80016233035
1075000	-5135.626506255975
1075500	-5584.171074202541
1076000	-5916.373814269568
1076500	-6495.429825063596
1077000	-6446.379030441151
1077500	-6542.2659634451675
1078000	-6994.39600756205
1078500	-6791.029298318436
1079000	-7351.13112043446
1079500	-7646.772382779202
1080000	-7267.2308782750215
1080500	-7401.972336774745
1081000	-6803.207806800582
1081500	-6867.918664765656
1082000	-6741.969993213635
1082500	-6962.741885050863
1083000	-7139.804412629124
1083500	-6361.4938477918295
1084000	-6092.725061867727
1084500	-6583.826288143328
1085000	-6453.633970950298
1085500	-6372.396596024571
1086000	-6498.366844268477
1086500	-5976.582827513529
1087000	-5935.70115506198
1087500	-6188.618625483304
1088000	-7026.663325843333
1088500	-7362.145479153576
1089000	-7697.049485107554
1089500	-7299.3448690831665
1090000	-7030.443067584247
1090500	-7268.8888031930555
1091000	-7509.724295347612
1091500	-7404.734115809808
1092000	-7421.153179054406
1092500	-6961.54842744655
1093000	-7084.420094261717
1093500	-7195.307382342767
1094000	-7759.043704677099
1094500	-7636.356404455419
1095000	-6956.169089323074
1095500	-6832.472761292603
1096000	-7040.130826052249
1096500	-7257.405516770046
1097000	-7222.725635344875
1097500	-7623.119669979707
1098000	-7486.344456971625
1098500	-6882.5219676350725
1099000	-7447.612740202877
1099500	-7002.314982939052
1100000	-6884.986449844691
1100500	-6425.027629680691
1101000	-6823.742016183892
1101500	-7280.8285546875895
1102000	-7707.274088758592
1102500	-7779.471814271282
1103000	-7410.732161138147
1103500	-7243.371896481386
1104000	-7490.427766062628
1104500	-7445.583729541251
1105000	-7313.943991170931
1105500	-7173.2357478481135
1106000	-7476.0195923387
1106500	-6838.387598520397
1107000	-7234.784870580958
1107500	-7721.330500209132
1108000	-7365.073056416516
1108500	-7526.9824587220555
1109000	-7862.441645649741
1109500	-8182.395587024829
1110000	-7718.528555740773
1110500	-7650.188245567167
1111000	-7328.573156011051
1111500	-7482.214368832614
1112000	-6901.543839883075
1112500	-6936.351218905983
1113000	-6978.920330055562
1113500	-7324.201202381863
1114000	-6826.085944017873
1114500	-7028.067222477
1115000	-7324.312207215852
1115500	-7217.321569537149
1116000	-6681.327322296515
1116500	-6646.181942012437
1117000	-6648.2833556998285
1117500	-6562.055676153072
1118000	-6995.542089988883
1118500	-6443.662606432791
1119000	-6471.886623819788
1119500	-6255.473599709898
1120000	-6113.684604799861
1120500	-5471.261618215462
1121000	-5632.29754840051
1121500	-5453.284944167854
1122000	-6170.9059071809515
1122500	-6019.407667998439
1123000	-5893.9751994589205
1123500	-5367.415808092946
1124000	-5244.821757651716
1124500	-5188.458099328957
1125000	-5199.6629020135415
1125500	-4984.038767203847
1126000	-4351.002744241172
1126500	-4380.691536268748
1127000	-4439.79234067456
1127500	-4402.475330377683
1128000	-4627.641651228479
1128500	-5988.80690814755
1129000	-6268.163387463004
1129500	-6214.752781378577
1130000	-6234.683738648938
1130500	-6175.77296959455
1131000	-6083.903760457581
1131500	-5234.696834984987
1132000	-5546.3094939302755
1132500	-5642.8788051622905
1133000	-6160.9891878245035
1133500	-5912.4924210565105
1134000	-5834.76152271484
1134500	-6124.682237661368
1135000	-6118.217251494856
1135500	-5439.005722515274
1136000	-5083.355556373415
1136500	-4602.202733068373
1137000	-6025.695690865786
1137500	-5059.959419539279
1138000	-4485.7455984052685
1138500	-4549.375734774185
1139000	-4651.112319804663
1139500	-4945.570106694978
1140000	-5355.758233520125
1140500	-4907.804219655154
1141000	-4915.521094596364
1141500	-4614.427972291247
1142000	-4782.171845029582
1142500	-4982.411347841714
1143000	-4573.0806702241
1143500	-4845.091976936593
1144000	-4828.081068152415
1144500	-4662.782736360216
1145000	-4892.007935145981
1145500	-4525.818306817658
1146000	-4611.569554566847
1146500	-5138.469292532762
1147000	-7807.8788872177265
1147500	-7915.2129593547115
1148000	-7972.59660911126
1148500	-8091.285236179275
1149000	-8566.992966417929
1149500	-8700.364357134446
1150000	-8647.264306195135
1150500	-8622.801425339854
1151000	-8622.936277909934
1151500	-8594.515822229201
1152000	-8647.782752500134
1152500	-8779.100522212328
1153000	-8631.031801912719
1153500	-8679.273802880136
1154000	-8656.452570505679
1154500	-8770.596942342805
1155000	-8600.768201602255
1155500	-8703.903875556232
1156000	-8602.465891088468
1156500	-8548.97502084953
1157000	-7478.84309901432
1157500	-7315.191488245869
1158000	-7474.581364047713
1158500	-7895.517616422098
1159000	-8580.455676252448
1159500	-8603.014290139272
1160000	-8588.359144810893
1160500	-8603.828081827307
1161000	-8579.021826130689
1161500	-8445.885719071892
1162000	-8350.047896844932
1162500	-8383.430972663136
1163000	-7485.718977363708
1163500	-8054.663069818709
1164000	-8701.28427451998
1164500	-7835.375479423251
1165000	-6873.128723320214
1165500	-7224.780668293191
1166000	-5026.029614296481
1166500	-5122.249828950575
1167000	-7767.329889832554
1167500	-5988.083242641127
1168000	-8073.550115691922
1168500	-6404.550784691113
1169000	-8563.185921506325
1169500	-9126.511937851372
1170000	-9282.651323850503
1170500	-9223.536752723594
1171000	-8702.90655880589
1171500	-8066.330073880559
1172000	-5312.372185167357
1172500	-5625.111984647539
1173000	-5314.86577228083
1173500	-5465.057694554553
1174000	-5412.835885473516
1174500	-5450.562258380061
1175000	-5419.633043276534
1175500	-5127.245349059764
1176000	-5205.195406923448
1176500	-5155.8554896828855
1177000	-5216.098580342739
1177500	-4920.200601358448
1178000	-5124.269290687521
1178500	-5112.6116226496215
1179000	-4745.68964927917
1179500	-5068.584728113526
1180000	-4910.073246429662
1180500	-5138.778538444822
1181000	-5493.354312787796
1181500	-6224.004593756214
1182000	-6167.0502704616565
1182500	-6240.561207733789
1183000	-5561.3347026459205
1183500	-4948.373718258087
1184000	-5146.018476257331
1184500	-4755.398413192437
1185000	-5298.881306203294
1185500	-4571.925323982606
1186000	-4422.7897427253
1186500	-4466.21281874319
1187000	-4894.993500828661
1187500	-5257.196362886414
1188000	-5205.608855375026
1188500	-5308.3761298228965
1189000	-5153.175127254954
1189500	-5071.337337923299
1190000	-5335.261116187456
1190500	-5485.812809404675
1191000	-5448.888870381771
1191500	-5162.4806545369265
1192000	-5569.680627448099
1192500	-4996.641650471123
1193000	-4795.052459146353
1193500	-4517.441907806408
1194000	-4550.047395135438
1194500	-4630.873884948663
1195000	-4846.77771183311
1195500	-5244.172147002975
1196000	-5183.742711010312
1196500	-5778.345757266828
1197000	-4309.731869596213
1197500	-4499.348991397804
1198000	-5632.032737753525
1198500	-5187.516487882632
1199000	-5119.411448641477
1199500	-4288.046201420876
1200000	-4362.686797148645
1200500	-4631.711608341036
1201000	-4561.838602863234
1201500	-4593.892048336897
1202000	-5107.9670161490685
1202500	-4613.07222306809
1203000	-5505.003925217322
1203500	-5737.262568174585
1204000	-5905.149451920947
1204500	-4714.452832132875
1205000	-4635.621469747344
1205500	-5616.269461390412
1206000	-6703.086575363802
1206500	-5132.121670977002
1207000	-5224.226167049105
1207500	-4616.938835313573
1208000	-4898.833273695313
1208500	-5216.257650654616
1209000	-5356.422673694373
1209500	-4454.179068601577
1210000	-4211.277830798127
1210500	-4401.657823222457
1211000	-4330.007443429501
1211500	-4672.164977805541
1212000	-4766.149292134526
1212500	-4436.057283167856
1213000	-4421.227709741053
1213500	-4477.995925070128
1214000	-4313.182227952494
1214500	-4435.252377139599
1215000	-4199.913898947718
1215500	-4413.634296287481
1216000	-4564.722668684016
1216500	-4815.5381797778755
1217000	-4866.1696986131865
1217500	-5413.975418221125
1218000	-4747.460384056085
1218500	-5235.844820638697
1219000	-4821.418717136639
1219500	-5514.7142813406535
1220000	-5271.670525081754
1220500	-5353.797443271313
1221000	-6068.088819430251
1221500	-5452.494157387232
1222000	-6145.654497415846
1222500	-6182.311736918605
1223000	-5382.619722943263
1223500	-5746.5223973035545
1224000	-5927.064101822445
1224500	-5430.187810438735
1225000	-6096.358828378227
1225500	-6211.064695846863
1226000	-6764.725114513903
1226500	-6149.833942920687
1227000	-6206.054844827019
1227500	-6854.130458897052
1228000	-6849.935065991788
1228500	-7144.45512490606
1229000	-7407.239314282015
1229500	-7057.269619344329
1230000	-7667.720238036149
1230500	-8036.214217528642
1231000	-7822.54390707503
1231500	-7582.185444516444
1232000	-7653.131622672151
1232500	-8070.119251258463
1233000	-8551.26664444495
1233500	-8349.43739840413
1234000	-8896.21076276959
1234500	-9273.160379233195
1235000	-9203.898473412724
1235500	-10053.482210673386
1236000	-9326.992228720183
1236500	-9966.725073942627
1237000	-10368.852355131525
1237500	-9049.625396879099
1238000	-9279.953527008855
1238500	-9244.25133466745
1239000	-9349.129508174117
1239500	-9510.644805928247
1240000	-9776.222097099051
1240500	-9880.42360899411
1241000	-9669.55554783066
1241500	-9618.861215635445
1242000	-9439.294898181071
1242500	-9086.691114842113
1243000	-8962.115288361418
1243500	-9876.195073925683
1244000	-10050.030765152056
1244500	-9340.55198056182
1245000	-9923.514692168832
1245500	-10586.525659589373
1246000	-10099.961663593707
1246500	-10991.65741898326
1247000	-11062.606110505534
1247500	-11205.371327144378
1248000	-10940.34848778135
1248500	-10283.060432401366
1249000	-9474.755580759514
1249500	-9377.839287688075
1250000	-9888.999885131647
1250500	-10063.866470630945
1251000	-10046.397254538373
1251500	-9026.802641062564
1252000	-9110.788665296597
1252500	-7590.256430504726
1253000	-7520.66277364619
1253500	-7073.438486765008
1254000	-7187.749708752951
1254500	-6818.35060315601
1255000	-7349.115301458155
1255500	-7525.9000177690705
1256000	-6845.226320656358
1256500	-6939.786305210327
1257000	-7062.094591233715
1257500	-6981.157966224212
1258000	-7352.950720149347
1258500	-7436.745020649176
1259000	-7800.3071785020675
1259500	-7836.115426402886
1260000	-7971.477999179268
1260500	-7581.230484579861
1261000	-7442.7043363333905
1261500	-7321.020353384162
1262000	-6887.8501399684255
1262500	-7040.252456051714
1263000	-6593.821013195505
1263500	-6693.51013940332
1264000	-6094.417535344391
1264500	-6104.078262767719
1265000	-5830.998083841556
1265500	-6152.794432750816
1266000	-6098.306414290917
1266500	-5872.029868460392
1267000	-5926.202460955952
1267500	-7465.553346031494
1268000	-7376.8121031384035
1268500	-7830.887228255156
1269000	-8110.439457646083
1269500	-8126.12259326433
1270000	-8332.497786569169
1270500	-8354.49668574472
1271000	-7778.057556858635
1271500	-7563.738964175334
1272000	-8076.9965729999485
1272500	-7839.301370708132
1273000	-7426.009029260397
1273500	-7828.332874934546
1274000	-8358.636512033045
1274500	-8484.4596925022
1275000	-8089.262477132487
1275500	-8402.677166754656
1276000	-8327.514493974768
1276500	-7862.111858195143
1277000	-7987.204794567698
1277500	-8430.663335631194
1278000	-8400.30055634981
1278500	-8786.04349422945
1279000	-8736.723731040469
1279500	-8384.89165988299
1280000	-8391.811788361694
1280500	-8147.285578981079
1281000	-8444.095286897798
1281500	-8475.579798156608
1282000	-7666.670284640735
1282500	-7769.426389956452
1283000	-7317.8568041679
1283500	-7105.493922641706
1284000	-7041.830481803236
1284500	-6992.445596501395
1285000	-7326.3830166501075
1285500	-7594.144568289119
1286000	-6869.141514708849
1286500	-6387.080565687633
1287000	-6453.961691065532
1287500	-6465.856471905629
1288000	-6698.97946293514
1288500	-7362.562049257185
1289000	-7311.56194872429
1289500	-7253.841656532881
1290000	-6930.745337991354
1290500	-6971.537024593163
1291000	-6427.377410849345
1291500	-6308.828740606434
1292000	-6155.889812920988
1292500	-5746.035585743399
1293000	-5535.451645442541
1293500	-5392.092679855273
1294000	-6353.344445841264
1294500	-6051.533620381017
1295000	-6472.261910741851
1295500	-7108.013686762035
1296000	-7171.139494873179
1296500	-6943.091671700992
1297000	-6978.272056465393
1297500	-6953.0615850834
1298000	-7093.434335128902
1298500	-7929.5214035877
1299000	-8040.787591463268
1299500	-7946.629047717028
1300000	-7799.370120661007
1300500	-8423.508328186515
1301000	-8514.759849706046
1301500	-8320.790860661806
1302000	-9545.104009397182
1302500	-9924.788041533053
1303000	-9568.952257493815
1303500	-9878.275355679283
1304000	-10080.19853877685
1304500	-10396.17532364296
1305000	-10282.410196770083
1305500	-10523.724285317996
1306000	-10853.275067784562
1306500	-11029.398165325158
1307000	-10938.91828781789
1307500	-10109.422250709034
1308000	-10303.342140861987
1308500	-13375.483594278698
1309000	-12294.766708250087
1309500	-15297.27754237297
1310000	-12772.393134258335
1310500	-13253.231177806552
1311000	-12067.53810546927
1311500	-13224.906050714304
1312000	-11514.28962230856
1312500	-11456.99964210627
1313000	-11393.131515816114
1313500	-10928.719805831013
1314000	-11245.84047714913
1314500	-11220.9494049309
1315000	-10739.36716976724
1315500	-10193.650649839004
1316000	-10039.559009232193
1316500	-10374.893822706747
1317000	-10097.007361723652
1317500	-10437.09013117691
1318000	-10603.12611484852
1318500	-10459.593439645243
1319000	-10329.291826600098
1319500	-9980.76446032909
1320000	-10365.489261206052
1320500	-10700.772392296169
1321000	-11243.616894408227
1321500	-10030.370442596057
1322000	-10495.427793413788
1322500	-10325.029870410299
1323000	-10346.976809050017
1323500	-9795.571128120742
1324000	-10302.364886941254
1324500	-9664.79562994992
1325000	-9456.038171418162
1325500	-9601.736866112544
1326000	-10745.6153067061
1326500	-13737.728492086326
1327000	-13618.346074271307
1327500	-16001.35405512036
1328000	-12101.368839833882
1328500	-11403.720398721925
1329000	-10823.487249111842
1329500	-10541.636854246386
1330000	-10173.035331768846
1330500	-9719.422604319549
1331000	-9986.439002077143
1331500	-10445.03741916912
1332000	-10221.594045036529
1332500	-10179.299589781274
1333000	-10334.272117928944
1333500	-8899.073826140686
1334000	-9576.112223856748
1334500	-10018.9167477588
1335000	-9905.7552288596
1335500	-9631.577018642318
1336000	-9533.495368266696
1336500	-9848.40036739536
1337000	-9872.997692881685
1337500	-9023.103933811693
1338000	-8708.116223559984
1338500	-9297.136126286863
1339000	-9453.400018370134
1339500	-9529.18860998988
1340000	-9482.629181299833
1340500	-9354.444092582185
1341000	-10271.030779453511
1341500	-8654.605246600238
1342000	-8380.272112277324
1342500	-7941.024038020082
1343000	-8399.953814713557
1343500	-7755.681106967811
1344000	-7917.046100239794
1344500	-8356.639193942256
1345000	-8224.050858512226
1345500	-7771.807284578403
1346000	-7930.504075190805
1346500	-8384.319995418597
1347000	-8230.993602121893
1347500	-8343.263572758815
1348000	-8050.292728630818
1348500	-8756.117262512777
1349000	-8631.933281213429
1349500	-8531.829680713558
1350000	-8357.27160691445
1350500	-8364.50439416175
1351000	-8303.748205443335
1351500	-8681.226266986241
1352000	-8389.696461214564
1352500	-8167.468695471143
1353000	-8538.27798397695
1353500	-8155.518085144554
1354000	-8143.153134068097
1354500	-8130.234739027563
1355000	-7563.869318661172
1355500	-7644.682051439251
1356000	-7385.355448017277
1356500	-7148.996213114966
1357000	-7093.208429946407
1357500	-7093.067761219628
1358000	-7371.81628466632
1358500	-7417.7973621162855
1359000	-7279.098028921213
1359500	-7629.28138548458
1360000	-7495.76948392575
1360500	-7042.274332966645
1361000	-6782.493000906916
1361500	-6805.417746844071
1362000	-6952.052496732778
1362500	-7262.468021060383
1363000	-7534.497452502861
1363500	-6590.350605569677
1364000	-6422.437843616786
1364500	-6401.721907813104
1365000	-6228.72778100688
1365500	-6426.84617833258
1366000	-6609.614293639283
1366500	-6272.342475710293
1367000	-6815.764682813549
1367500	-6800.547903485705
1368000	-6682.772300761861
1368500	-6390.794566365083
1369000	-6287.25844982589
1369500	-6211.5105292292465
1370000	-6023.168952151872
1370500	-6024.443724376411
1371000	-6833.801824589288
1371500	-6496.90624032311
1372000	-6843.466046946438
1372500	-6367.4458297204565
1373000	-6525.981148968852
1373500	-5519.441943352764
1374000	-5356.791658245421
1374500	-5447.12088505301
1375000	-5582.003623658036
1375500	-6231.54610619127
1376000	-5968.612142466752
1376500	-5537.459922236391
1377000	-5986.961932788917
1377500	-5664.169042761163
1378000	-6021.155620907092
1378500	-5574.773026217023
1379000	-5730.736614871721
1379500	-5768.49545859547
1380000	-5829.7680060285875
1380500	-5957.67179492903
1381000	-5859.832581937947
1381500	-5655.72140482218
1382000	-5105.20571986231
1382500	-5590.187019402767
1383000	-5708.041948808237
1383500	-5850.063098391035
1384000	-5868.512907193528
1384500	-5601.911366513744
1385000	-5496.170610353116
1385500	-5604.3256269618405
1386000	-5253.136504889111
1386500	-5712.781363053568
1387000	-5846.335313543194
1387500	-5341.481861348077
1388000	-4958.0048816434155
1388500	-5200.33069130126
1389000	-5108.265149082774
1389500	-4744.874641266218
1390000	-4963.320886404448
1390500	-4713.272863852325
1391000	-4797.671410472469
1391500	-4676.813102888668
1392000	-4849.06263424879
1392500	-4860.1240465241735
1393000	-4685.280881021255
1393500	-4621.075817252312
1394000	-4682.461781741043
1394500	-4718.319894150035
1395000	-4950.429721424372
1395500	-5979.3447198848235
1396000	-5541.051817570737
1396500	-5997.076236654455
1397000	-6161.637087816373
1397500	-5325.149675694376
1398000	-6216.843844954272
1398500	-6645.33460780171
1399000	-7103.509934185814
1399500	-7071.885223575354
1400000	-7105.519582690328
1400500	-6966.678124960589
1401000	-7008.777872975261
1401500	-7098.652398704031
1402000	-7094.313762485174
1402500	-7029.049942273599
1403000	-7105.550526769119
1403500	-7125.613291305434
1404000	-7106.612466816107
1404500	-7076.410174726248
1405000	-7106.453331686826
1405500	-7106.431476915088
1406000	-7105.6546135336075
1406500	-7106.2982596868005
1407000	-7106.611284959959
1407500	-7103.872782052802
1408000	-7119.789600170604
1408500	-6893.957012108259
1409000	-6947.195050292681
1409500	-6934.456516122829
1410000	-6553.444552395994
1410500	-6342.363389455515
1411000	-5607.430730631882
1411500	-4747.253080655071
1412000	-4696.678177747684
1412500	-4707.789621351912
1413000	-4897.1560342990915
1413500	-4663.520890197919
1414000	-4488.779652738357
1414500	-4563.332648238883
1415000	-4341.315991857567
1415500	-4360.156326171528
1416000	-4579.389105856271
1416500	-4359.939577686969
1417000	-4659.446614028989
1417500	-4915.291550388347
1418000	-5007.970903332097
1418500	-5063.016298215201
1419000	-5056.524468558479
1419500	-5287.127666750064
1420000	-5482.72850506593
1420500	-5314.362914518749
1421000	-5717.263783077186
1421500	-5945.066165669575
1422000	-5911.33909684855
1422500	-6114.102450194887
1423000	-6485.505021471346
1423500	-6702.890154130587
1424000	-6209.724435475844
1424500	-6661.612108734985
1425000	-6935.230407572238
1425500	-6794.284066234362
1426000	-6919.9230247545
1426500	-7460.771354000799
1427000	-7178.638058117797
1427500	-6916.7322742202605
1428000	-7523.467520174075
1428500	-7279.521114887673
1429000	-6889.083430990122
1429500	-6797.533206489989
1430000	-6892.630686312794
1430500	-7334.031617732348
1431000	-7398.587682673377
1431500	-7540.625844291582
1432000	-7360.4172786154
1432500	-7640.424060836852
1433000	-7570.570909675849
1433500	-7224.939863119418
1434000	-7380.592225555544
1434500	-7920.604464519043
1435000	-7539.001413841466
1435500	-7006.2581189487655
1436000	-6882.223278451024
1436500	-6168.649425828742
1437000	-6026.906336243416
1437500	-6224.7088747263415
1438000	-6506.014705281374
1438500	-6389.706736952237
1439000	-6621.912015050504
1439500	-6372.93404761354
1440000	-6648.378096818381
1440500	-6554.861758256097
1441000	-6450.558235510522
1441500	-6235.604965534375
1442000	-5932.105044485402
1442500	-5985.459888493366
1443000	-5687.758313316926
1443500	-5870.381985947102
1444000	-5312.725047987338
1444500	-5784.746794315767
1445000	-6094.306962890438
1445500	-5891.569354939091
1446000	-5950.508763959522
1446500	-5555.527650639598
1447000	-6227.577433052373
1447500	-6274.637869006157
1448000	-5822.235547106482
1448500	-6106.681262839946
1449000	-6171.981621171781
1449500	-6842.174666251234
1450000	-6278.172536222789
1450500	-6055.953177449831
1451000	-5658.883178369095
1451500	-5924.734891092082
1452000	-5496.85801840029
1452500	-5306.392645905221
1453000	-4892.527452545231
1453500	-4682.983831740546
1454000	-4449.130184819571
1454500	-4311.624345169181
1455000	-4425.186242427844
1455500	-4518.681493328851
1456000	-4788.234866229903
1456500	-4586.168173665488
1457000	-4403.377601507113
1457500	-5681.040159277831
1458000	-6158.534608825569
1458500	-5813.338667724637
1459000	-6062.872621983702
1459500	-6627.128737199888
1460000	-6808.984950873579
1460500	-6803.180994864231
1461000	-6837.782026184012
1461500	-6821.292654787892
1462000	-6832.576992401056
1462500	-6841.472168098153
1463000	-6836.37584159056
1463500	-6790.961173642156
1464000	-6837.2793178171905
1464500	-6730.3939434068225
1465000	-6733.460048600943
1465500	-6841.773650173956
1466000	-6807.967538483866
1466500	-6839.637495874239
1467000	-6779.813630197812
1467500	-6780.299418421068
1468000	-6791.16156644307
1468500	-6802.0276602297035
1469000	-6836.274620842299
1469500	-6838.3585496436
1470000	-6812.159313442645
1470500	-6767.160688013324
1471000	-6841.807459127351
1471500	-6841.7902190506
1472000	-6764.472618261814
1472500	-6841.807553330201
1473000	-6841.807558290532
1473500	-6841.8077107685995
1474000	-6841.807660707645
1474500	-6841.806059651263
1475000	-6673.865446017345
1475500	-6764.299744783855
1476000	-6832.392234103417
1476500	-6827.6333494654955
1477000	-6841.7345514199105
1477500	-6819.409987039127
1478000	-6841.799706971594
1478500	-6841.024367924421
1479000	-6841.8075534300515
1479500	-6841.807556088205
1480000	-6841.807556733084
1480500	-6841.733601479773
1481000	-6841.804896282833
1481500	-6841.577624324502
1482000	-6841.803641770377
1482500	-6841.8075535832095
1483000	-6833.984147435415
1483500	-6841.807528183814
1484000	-6841.785507797979
1484500	-6841.807561261464
1485000	-6840.452977185472
1485500	-6860.318224468444
1486000	-6390.99993033877
1486500	-6656.634998628531
1487000	-6510.111630152117
1487500	-6841.807569705737
1488000	-6841.807556607473
1488500	-6834.8260871499015
1489000	-6838.87346351824
1489500	-6625.985788305246
1490000	-6422.930119079962
1490500	-6709.898175656891
1491000	-6841.807595260276
1491500	-6792.501130212404
1492000	-6841.807393971858
1492500	-6802.465701107008
1493000	-6878.727463650206
1493500	-6840.032057774569
1494000	-6841.806191860044
1494500	-6833.962833452296
1495000	-6798.615302567429
1495500	-8012.653379007681
1496000	-8110.54701540029
1496500	-8173.046636216991
1497000	-8199.00527069567
1497500	-7737.665141656894
1498000	-9166.111331556189
1498500	-9189.583896678714
1499000	-8895.135355136938
1499500	-8293.247548692776
1500000	-8339.785263122089
