Sample	likelihood
0	-3429.125856625183
500	-3420.537286924179
1000	-3417.9955680164535
1500	-3421.6159829863486
2000	-3421.3870353113566
2500	-3427.75567291903
3000	-3425.3523540949427
3500	-3425.910881570105
4000	-3426.1220176140864
4500	-3432.5056351600692
5000	-3438.0415499959927
5500	-3425.9430042634012
6000	-3419.0668300444936
6500	-3420.9156577739823
7000	-3428.290489470277
7500	-3430.575863364115
8000	-3436.5906239454553
8500	-3427.8886688791636
9000	-3422.2485190873463
9500	-3425.7022800404316
10000	-3425.885820775096
10500	-3424.8155700026973
11000	-3421.7971723077358
11500	-3422.583124310832
12000	-3422.710586939212
12500	-3423.690565066053
13000	-3424.3186405425195
13500	-3429.291972403238
14000	-3426.7573740852586
14500	-3420.435130150847
15000	-3422.540516804444
15500	-3422.312281699563
16000	-3427.624756069828
16500	-3427.8463996877413
17000	-3421.1875026241987
17500	-3422.2226698028517
18000	-3432.0024108784432
18500	-3430.6255943450815
19000	-3425.3801566605034
19500	-3430.8124722935086
20000	-3431.5947360553378
20500	-3426.827197735859
21000	-3430.949276926161
21500	-3426.2033270622137
22000	-3438.219204237017
22500	-3427.171722560114
23000	-3426.9390889640586
23500	-3423.98021253143
24000	-3440.7424114617816
24500	-3426.126637881126
25000	-3426.618581911273
25500	-3425.015171044279
26000	-3421.1788967956977
26500	-3427.8428542506194
27000	-3431.4329963329355
27500	-3429.218002556252
28000	-3427.8515681175068
28500	-3427.2119405668623
29000	-3428.715414769023
29500	-3430.161907084903
30000	-3425.978738296346
30500	-3424.255470950418
31000	-3427.1289181395073
31500	-3420.1626181689157
32000	-3427.5225558787015
32500	-3424.685302618879
33000	-3423.1334439992747
33500	-3429.3712546268016
34000	-3422.0754383796825
34500	-3426.6647195641845
35000	-3436.7392014264005
35500	-3427.902090619905
36000	-3427.017437494451
36500	-3432.774058731361
37000	-3431.7874019868186
37500	-3429.180200024243
38000	-3439.3196498003035
38500	-3422.6423546301467
39000	-3425.5233147180925
39500	-3419.5239403113987
40000	-3424.0356841449834
40500	-3431.46579302682
41000	-3421.874581530783
41500	-3434.3559930272427
42000	-3422.1506373061334
42500	-3420.277012282133
43000	-3442.0472223784136
43500	-3420.8768747534873
44000	-3417.5575826762015
44500	-3433.563384902988
45000	-3424.481878692801
45500	-3421.406076901286
46000	-3420.07295171929
46500	-3420.5240069300366
47000	-3431.145261775013
47500	-3421.0521296211014
48000	-3423.99545233288
48500	-3422.28562607136
49000	-3425.8161104516935
49500	-3424.1193542851183
50000	-3424.3036639739425
50500	-3428.6108575337944
51000	-3430.071196245605
51500	-3424.8106035568717
52000	-3425.243075740758
52500	-3424.892988608209
53000	-3432.931149847694
53500	-3418.3615914129728
54000	-3428.6581477225955
54500	-3423.9622521335364
55000	-3434.1153864606335
55500	-3425.7817163770274
56000	-3426.1060341350944
56500	-3433.3377672541387
57000	-3427.2384999435903
57500	-3422.599822864993
58000	-3428.115623285084
58500	-3423.696466174325
59000	-3427.7306602708177
59500	-3426.5883352525925
60000	-3430.1320242427505
60500	-3415.049861315169
61000	-3421.232806075367
61500	-3425.2087209921206
62000	-3424.1472484804717
62500	-3424.685326140277
63000	-3433.7835936888787
63500	-3424.1376326957156
64000	-3419.755062945234
64500	-3425.6843895889992
65000	-3429.1527694949386
65500	-3421.7785081868533
66000	-3429.0055867897386
66500	-3426.5927717042514
67000	-3432.0897710970876
67500	-3427.907778403092
68000	-3424.1360333828547
68500	-3433.2255379340913
69000	-3435.5043127602066
69500	-3426.141694023733
70000	-3423.161661343658
70500	-3428.935548658294
71000	-3419.368374794214
71500	-3422.5929316783668
72000	-3425.046425519793
72500	-3422.211769480276
73000	-3427.0344564365632
73500	-3426.3087105904324
74000	-3434.123283659483
74500	-3430.286381608077
75000	-3427.296721111439
75500	-3434.8609571407314
76000	-3427.4402287454495
76500	-3432.658649326255
77000	-3429.56984885712
77500	-3429.7787998822996
78000	-3428.977531954783
78500	-3434.9940152086256
79000	-3424.121568292799
79500	-3419.6129676810215
80000	-3422.7670888945486
80500	-3431.4681812029953
81000	-3425.361742642229
81500	-3420.4442019579947
82000	-3423.230484561761
82500	-3432.157408554741
83000	-3428.0530509401415
83500	-3431.006362616859
84000	-3420.3459328431163
84500	-3422.7187391463162
85000	-3427.6014222147587
85500	-3419.4470494545085
86000	-3417.974105733457
86500	-3425.2536685285986
87000	-3419.1983867359572
87500	-3424.9540548951477
88000	-3424.9672867416066
88500	-3419.5866171458656
89000	-3434.3975508772246
89500	-3425.0084215655515
90000	-3425.2823023664455
90500	-3419.4830910838477
91000	-3417.046582926032
91500	-3426.0849726214014
92000	-3423.351807741865
92500	-3423.7639770794503
93000	-3422.1270365315518
93500	-3421.197628326482
94000	-3426.5370059650745
94500	-3426.2341687891744
95000	-3421.6237978793843
95500	-3425.5199812335263
96000	-3427.8918412358817
96500	-3427.8120714412407
97000	-3428.5988267341113
97500	-3430.9399654478625
98000	-3430.327048053883
98500	-3431.3064240400436
99000	-3428.3030930443606
99500	-3428.2294456415007
100000	-3426.4032830227275
100500	-3429.3762247845248
101000	-3421.5735528893933
101500	-3421.7187346231767
102000	-3426.7807671821347
102500	-3423.5858135133662
103000	-3427.255371387557
103500	-3437.1472994095225
104000	-3424.228730259711
104500	-3421.2340529819494
105000	-3425.9795329835756
105500	-3419.847896658423
106000	-3425.2271990455893
106500	-3433.374970002894
107000	-3424.5005197331907
107500	-3426.8910017124085
108000	-3421.9860612401735
108500	-3433.5102738996015
109000	-3429.35887954271
109500	-3430.56934757905
110000	-3422.2676026764007
110500	-3422.393862956632
111000	-3427.94758395836
111500	-3430.5311428713476
112000	-3432.3408234354038
112500	-3426.0470120608525
113000	-3420.383764743069
113500	-3428.1931761796786
114000	-3434.0537763682496
114500	-3430.8253912295004
115000	-3426.5931506248967
115500	-3423.287454977689
116000	-3424.822943307833
116500	-3424.9449204242787
117000	-3427.7944932531177
117500	-3427.738085658898
118000	-3422.7930708973913
118500	-3423.7808089443383
119000	-3424.315090711199
119500	-3422.9564748578177
120000	-3426.965094232739
120500	-3425.1158580784036
121000	-3422.4388018361456
121500	-3425.000445565828
122000	-3431.9759932394404
122500	-3428.6958978577927
123000	-3424.194584827812
123500	-3420.043339469355
124000	-3427.077299163759
124500	-3422.8428643773095
125000	-3424.4369694790244
125500	-3426.906877618361
126000	-3439.2040650081485
126500	-3433.572375076289
127000	-3425.3950632498786
127500	-3425.5002228793082
128000	-3423.0701707464045
128500	-3428.9083911110915
129000	-3426.512944537106
129500	-3430.131744834743
130000	-3428.8592327489328
130500	-3426.815267313654
131000	-3441.769611267465
131500	-3422.4366345287876
132000	-3422.263768454603
132500	-3419.607893188225
133000	-3431.846802798126
133500	-3423.4626278265705
134000	-3425.19076427088
134500	-3420.264144288922
135000	-3419.437540358837
135500	-3429.3720252318126
136000	-3427.4147294645727
136500	-3423.656173143425
137000	-3436.2866456810543
137500	-3429.4356634417036
138000	-3423.8503943347746
138500	-3439.0580720753055
139000	-3429.75921142554
139500	-3438.0170261253384
140000	-3429.2436377446124
140500	-3428.746400106005
141000	-3435.322375101605
141500	-3431.831705428484
142000	-3428.9492031181035
142500	-3435.073582691017
143000	-3428.7611009230377
143500	-3428.154033206037
144000	-3425.039260650067
144500	-3436.989140900205
145000	-3431.1396386256138
145500	-3433.3988866663667
146000	-3422.0223401401554
146500	-3422.925302176419
147000	-3433.495160277249
147500	-3429.0261447629728
148000	-3426.4934449215066
148500	-3418.683432919195
149000	-3419.228301543256
149500	-3424.178863211443
150000	-3420.7185796701615
150500	-3427.150081706062
151000	-3426.7375446705955
151500	-3426.8117732906826
152000	-3427.0318444080226
152500	-3424.1039416615154
153000	-3431.6310326325465
153500	-3426.009306238837
154000	-3427.970540910165
154500	-3438.6539263634463
155000	-3430.314015446767
155500	-3422.4046582943524
156000	-3430.555361270257
156500	-3423.329067915809
157000	-3423.531839926087
157500	-3421.160615607443
158000	-3426.2158218172485
158500	-3421.7627995670355
159000	-3429.800443217969
159500	-3431.409802445602
160000	-3424.3213988534108
160500	-3430.3546399277575
161000	-3430.7788206037562
161500	-3426.702322092016
162000	-3415.8607982016515
162500	-3419.0463585553725
163000	-3431.856564158466
163500	-3432.7381460776246
164000	-3433.742486471913
164500	-3439.424287352404
165000	-3433.6319725612275
165500	-3434.8423664921374
166000	-3428.698485808247
166500	-3425.193957591903
167000	-3421.8647231654013
167500	-3429.051363775467
168000	-3423.713085957231
168500	-3432.725522638604
169000	-3435.3998232608233
169500	-3431.459437464606
170000	-3431.0468177876787
170500	-3437.3333168975514
171000	-3445.156646570543
171500	-3435.6314360686106
172000	-3432.6801506165657
172500	-3439.1230538730506
173000	-3430.7306012770923
173500	-3430.177875881026
174000	-3438.036504409133
174500	-3423.747617507963
175000	-3417.7696361519556
175500	-3419.7712588116287
176000	-3425.645127555645
176500	-3420.5135246894592
177000	-3430.783809883334
177500	-3433.2364526740025
178000	-3428.869836660423
178500	-3425.0528926835996
179000	-3428.877210239393
179500	-3434.159998967469
180000	-3421.5999774108504
180500	-3423.709038529832
181000	-3421.3955224986116
181500	-3418.8373316618563
182000	-3419.6256740384574
182500	-3424.3717308536948
183000	-3428.3259772925694
183500	-3424.118882570475
184000	-3433.0830113613865
184500	-3424.1873860702026
185000	-3424.4362136922055
185500	-3432.1388361377058
186000	-3419.9167206335815
186500	-3421.5633329328534
187000	-3423.543570318374
187500	-3423.528024440269
188000	-3427.270742470778
188500	-3433.7975751776303
189000	-3437.579653102656
189500	-3425.1297576714355
190000	-3427.389787566582
190500	-3423.668691663301
191000	-3425.2125422593017
191500	-3426.692526136148
192000	-3432.712596955814
192500	-3429.336204894812
193000	-3430.108650651678
193500	-3427.5335246498275
194000	-3424.0399162953227
194500	-3431.4652725210913
195000	-3433.184811020495
195500	-3427.726151639746
196000	-3424.1976266870315
196500	-3430.788437679175
197000	-3435.8310198962963
197500	-3437.96782462
198000	-3438.5831307714598
198500	-3435.4785258833813
199000	-3430.9030345612455
199500	-3441.3208276042374
200000	-3446.018793856809
200500	-3444.044642644744
201000	-3439.7246686007284
201500	-3438.8235499391044
202000	-3435.9793091121437
202500	-3435.9282862010596
203000	-3441.6937159740164
203500	-3439.799297361475
204000	-3449.65782389862
204500	-3433.5004062854446
205000	-3430.042300813644
205500	-3432.2575465355703
206000	-3417.5507641628747
206500	-3424.5327446994334
207000	-3426.400666990826
207500	-3430.4021870914357
208000	-3421.891431237014
208500	-3418.000083671224
209000	-3424.8721624556406
209500	-3425.810473500188
210000	-3424.873181812451
210500	-3426.1306200565655
211000	-3423.753537025113
211500	-3433.080832340852
212000	-3421.4957116448195
212500	-3430.4281533049107
213000	-3432.825174418228
213500	-3417.9904628538707
214000	-3426.8549086481685
214500	-3427.422751839482
215000	-3425.4873029562123
215500	-3424.5015962660145
216000	-3423.74304420675
216500	-3424.6080407704953
217000	-3429.3114498884042
217500	-3423.3521481936414
218000	-3419.5871890968056
218500	-3423.4278831728393
219000	-3437.1895655196604
219500	-3425.134502368511
220000	-3423.8139865539397
220500	-3416.8610962188113
221000	-3422.9216302438954
221500	-3420.423626053127
222000	-3420.3656760234576
222500	-3431.134388900295
223000	-3425.331937115522
223500	-3421.5605708380076
224000	-3430.71583712929
224500	-3430.4616475499242
225000	-3436.8168525755536
225500	-3434.6916816340454
226000	-3430.0717777062137
226500	-3431.140048708165
227000	-3421.768344777622
227500	-3422.2186324959744
228000	-3419.781268452604
228500	-3425.4857304072793
229000	-3420.1035112914
229500	-3425.0019904125174
230000	-3417.703403190688
230500	-3428.4960298630513
231000	-3425.989896207408
231500	-3422.049564552477
232000	-3427.6727032460003
232500	-3426.9021252023826
233000	-3429.430461080001
233500	-3424.1928801112144
234000	-3423.7511009393074
234500	-3422.558144887646
235000	-3427.0889067878397
235500	-3432.0763303382055
236000	-3428.421492062392
236500	-3428.0040856177407
237000	-3426.692261608905
237500	-3422.218594268619
238000	-3428.5137020447855
238500	-3426.9996434695868
239000	-3425.762669839257
239500	-3427.916866940498
240000	-3424.5664866394577
240500	-3425.701888808959
241000	-3421.4954884912304
241500	-3416.9054465123113
242000	-3422.8894185460435
242500	-3426.603772671122
243000	-3418.4377380268047
243500	-3430.884876206845
244000	-3423.860793928157
244500	-3421.4875486234855
245000	-3437.0620060391834
245500	-3435.5431674531865
246000	-3424.7135453334486
246500	-3428.0722605274836
247000	-3425.4944835181805
247500	-3423.635951047674
248000	-3428.8932735337303
248500	-3433.2182951717477
249000	-3428.387369186116
249500	-3428.3865891454448
250000	-3433.6924260001206
250500	-3430.8145121840653
251000	-3420.2918302887488
251500	-3424.520980700589
252000	-3419.689075460199
252500	-3418.6981524483217
253000	-3421.7540224610616
253500	-3425.2284249179756
254000	-3424.931714568456
254500	-3421.6428839442196
255000	-3421.0887460779595
255500	-3428.4428573785913
256000	-3425.8402165406083
256500	-3432.051221701239
257000	-3424.8450674294895
257500	-3429.48835555724
258000	-3428.3504261054995
258500	-3427.2286217813785
259000	-3425.8801442698013
259500	-3424.1326257375263
260000	-3425.0533946099386
260500	-3420.9539663644387
261000	-3420.3614296701285
261500	-3419.9907061446843
262000	-3424.7244926764456
262500	-3421.471904442812
263000	-3430.4795033960904
263500	-3428.62324478571
264000	-3436.2234291091204
264500	-3434.678772901517
265000	-3424.77634981745
265500	-3422.4796537294937
266000	-3424.815743266519
266500	-3430.5788626301733
267000	-3438.2526887473005
267500	-3431.8499560774844
268000	-3428.3975226048465
268500	-3425.1240049220196
269000	-3424.528396017037
269500	-3428.9470741368004
270000	-3428.8197048737393
270500	-3429.2503067121006
271000	-3422.278007243407
271500	-3435.10035197762
272000	-3427.5954094829676
272500	-3425.6911878223564
273000	-3438.6263737501386
273500	-3426.912718375024
274000	-3426.882141069018
274500	-3432.1097635475494
275000	-3431.9559734417053
275500	-3434.4988851771063
276000	-3427.8970455493018
276500	-3436.7738231066205
277000	-3430.31381827797
277500	-3423.1248417751985
278000	-3437.904263468623
278500	-3432.9397735792295
279000	-3433.4430568681582
279500	-3429.540242171474
280000	-3426.980807739717
280500	-3434.665675253677
281000	-3431.5020880791517
281500	-3441.1096762393086
282000	-3430.611252331471
282500	-3431.3702547409275
283000	-3428.612412720719
283500	-3424.0162549674046
284000	-3433.59842042433
284500	-3429.3608619729757
285000	-3424.8523786290193
285500	-3428.328658190635
286000	-3428.103724602641
286500	-3427.2236385328333
287000	-3426.534142360763
287500	-3438.0761245703666
288000	-3432.883890641691
288500	-3427.5785129090355
289000	-3439.5228610415998
289500	-3419.0851557293367
290000	-3423.03069184392
290500	-3423.838232488306
291000	-3426.23692929748
291500	-3424.3350268478334
292000	-3424.347295462538
292500	-3424.935297540271
293000	-3418.4506730852518
293500	-3430.90864893465
294000	-3422.758638144786
294500	-3432.0608922222764
295000	-3420.0240372884414
295500	-3422.9715384751726
296000	-3426.083094664457
296500	-3430.4710838301485
297000	-3421.8583185451093
297500	-3422.4827817314635
298000	-3421.3462032125503
298500	-3420.664404821706
299000	-3426.987194316072
299500	-3414.6690388768607
300000	-3427.048272728316
300500	-3425.358302157737
301000	-3427.2818775491096
301500	-3431.515926071657
302000	-3432.6846183681587
302500	-3424.4823521684043
303000	-3429.042112787924
303500	-3431.9048725345438
304000	-3435.4457693658333
304500	-3436.321322902079
305000	-3437.3848443915376
305500	-3424.742185151712
306000	-3422.2533721978602
306500	-3427.5194174036787
307000	-3418.515231910809
307500	-3425.20580848996
308000	-3419.0207241990724
308500	-3427.1662677225163
309000	-3422.424371472523
309500	-3424.905436530773
310000	-3429.0512876105345
310500	-3430.43471258045
311000	-3429.8108176930778
311500	-3430.3761945800793
312000	-3435.188216345295
312500	-3429.003353810107
313000	-3428.4759044199977
313500	-3425.837833140658
314000	-3421.0110966764955
314500	-3420.742814426618
315000	-3432.4809521366715
315500	-3423.3107284214707
316000	-3426.734344554331
316500	-3421.0003220046488
317000	-3425.304186517392
317500	-3435.424776261592
318000	-3432.702768405965
318500	-3427.9944762292043
319000	-3424.816361311498
319500	-3424.913985011788
320000	-3433.926003996852
320500	-3435.0738079299467
321000	-3433.8721518721864
321500	-3432.4515855966742
322000	-3424.700936792691
322500	-3429.2098414817992
323000	-3430.3088730654545
323500	-3426.6276142260717
324000	-3426.6210545946833
324500	-3422.4528920943753
325000	-3419.438425425152
325500	-3438.873399983095
326000	-3437.138863704222
326500	-3433.214623252891
327000	-3422.3527578857243
327500	-3432.8407329660295
328000	-3422.839595635433
328500	-3423.304442119228
329000	-3437.927738821741
329500	-3427.356623048399
330000	-3417.4885602962536
330500	-3419.0999293468876
331000	-3425.727329577084
331500	-3433.7836043294683
332000	-3436.4807531947104
332500	-3435.6632416754705
333000	-3442.4188706342943
333500	-3431.5604577416902
334000	-3423.8647302301297
334500	-3442.965801844964
335000	-3418.294446632235
335500	-3421.36756549668
336000	-3420.8367953023517
336500	-3424.0618690430965
337000	-3419.6234044391203
337500	-3425.2513082571886
338000	-3420.130216108329
338500	-3438.1901453512564
339000	-3425.8264760805705
339500	-3426.9235423404607
340000	-3433.686544235034
340500	-3423.6791333948477
341000	-3426.0461640021845
341500	-3428.3750290705684
342000	-3425.2579388694403
342500	-3425.7346143325635
343000	-3419.3582396026177
343500	-3423.1683267788844
344000	-3427.248725594232
344500	-3427.3768413897787
345000	-3426.0406999869615
345500	-3431.8240564093076
346000	-3434.556130187542
346500	-3431.6419331540255
347000	-3428.87599429784
347500	-3435.3977722777113
348000	-3417.8539055556057
348500	-3418.4645725781775
349000	-3426.8976553998236
349500	-3431.703184301706
350000	-3434.5211515345864
350500	-3432.541516210996
351000	-3440.6388177479294
351500	-3433.7006906467705
352000	-3437.8593011131384
352500	-3427.4068055261405
353000	-3430.1997945463545
353500	-3418.045372942782
354000	-3428.6997085224516
354500	-3419.9500789929416
355000	-3423.9865592346214
355500	-3421.8418328278976
356000	-3433.261354566226
356500	-3432.5255268617543
357000	-3428.6031309940927
357500	-3429.8049349829353
358000	-3430.6763564533467
358500	-3435.7573274712377
359000	-3437.8963631988645
359500	-3436.2213990300397
360000	-3429.8007229035625
360500	-3421.798707527095
361000	-3426.7383406693993
361500	-3426.192493779616
362000	-3425.7233327336817
362500	-3421.4021247980268
363000	-3417.723591211591
363500	-3424.722658619123
364000	-3422.528008095632
364500	-3421.654862536745
365000	-3426.129775591269
365500	-3428.3777209804557
366000	-3424.738578710057
366500	-3426.5715756783875
367000	-3432.7782322999137
367500	-3419.943855821407
368000	-3429.0431944239367
368500	-3427.9860747976836
369000	-3433.019896669235
369500	-3422.284987654311
370000	-3427.057208217651
370500	-3420.3109041500975
371000	-3434.552879416855
371500	-3429.738857040158
372000	-3428.110634548715
372500	-3425.209563541039
373000	-3433.0532198319947
373500	-3430.7139800222694
374000	-3433.2070855067886
374500	-3425.7628428662424
375000	-3420.1552548005
375500	-3422.3349410210612
376000	-3423.290983371645
376500	-3421.6177668381274
377000	-3430.971160282302
377500	-3422.0422226566084
378000	-3421.2037767973006
378500	-3426.947746851332
379000	-3426.7208241931703
379500	-3423.029696003648
380000	-3425.145715932831
380500	-3424.3407039373433
381000	-3428.6481988238193
381500	-3434.7350859302314
382000	-3432.062780473497
382500	-3429.834334419946
383000	-3426.054094408904
383500	-3422.2950001493723
384000	-3424.5832938781077
384500	-3427.3098015971455
385000	-3428.2872283968845
385500	-3422.6496479845905
386000	-3428.487239285095
386500	-3426.11752849117
387000	-3434.627693335806
387500	-3430.598312052699
388000	-3433.2891279001547
388500	-3433.983874594952
389000	-3433.872800348585
389500	-3436.82735054835
390000	-3435.2331806271004
390500	-3432.6259875420023
391000	-3427.1663929171036
391500	-3436.2081903906706
392000	-3431.857848039094
392500	-3430.024166375131
393000	-3429.931471945427
393500	-3425.3615787196622
394000	-3427.7880220824295
394500	-3435.8545454769605
395000	-3430.478646742094
395500	-3439.636094909668
396000	-3433.6344162156497
396500	-3429.6097888502063
397000	-3432.348557622683
397500	-3425.8392168446962
398000	-3427.5029199068094
398500	-3436.7502038728135
399000	-3428.0979832796793
399500	-3419.152439207948
400000	-3423.662534873038
400500	-3421.872772058064
401000	-3423.6656545579017
401500	-3428.6544633050944
402000	-3427.4859818621007
402500	-3423.696932891839
403000	-3426.5186799039784
403500	-3433.3145328234596
404000	-3433.235676463862
404500	-3431.0640297597183
405000	-3442.9556467553402
405500	-3436.4031672357683
406000	-3442.0804945062127
406500	-3441.958543526901
407000	-3443.0743413268815
407500	-3433.8940179293863
408000	-3429.8339578224795
408500	-3421.4760415299374
409000	-3438.1181923124223
409500	-3433.2930157836863
410000	-3427.661854814722
410500	-3430.0181982790723
411000	-3430.8060325055885
411500	-3423.881752775386
412000	-3429.026576594637
412500	-3426.387512798085
413000	-3441.681292645924
413500	-3434.8643223255763
414000	-3425.8128942751214
414500	-3418.1060132533
415000	-3421.851690099253
415500	-3421.653691577735
416000	-3425.9189728948813
416500	-3417.871432656157
417000	-3418.6480499245704
417500	-3422.805321940917
418000	-3425.353237219912
418500	-3426.1173751442197
419000	-3426.3484680280844
419500	-3425.3551759967313
420000	-3420.62784484047
420500	-3427.538417035167
421000	-3430.1023923423845
421500	-3427.9555765402347
422000	-3428.7426702775515
422500	-3428.2214466403098
423000	-3424.6361370415902
423500	-3425.1434177419965
424000	-3424.5377430179446
424500	-3421.9272513809965
425000	-3420.275892139394
425500	-3419.404961389075
426000	-3426.7790110690776
426500	-3417.3255765930985
427000	-3417.160942151934
427500	-3427.22143100906
428000	-3423.7338187982587
428500	-3424.999989348557
429000	-3430.8456041030713
429500	-3428.0577832591553
430000	-3437.3741500087035
430500	-3430.489764954842
431000	-3437.311853013466
431500	-3432.60906099654
432000	-3426.5172879473853
432500	-3426.814893615006
433000	-3425.3390110039377
433500	-3424.6257301505043
434000	-3426.1694745223513
434500	-3422.1604616178333
435000	-3424.227029714814
435500	-3429.4497349547246
436000	-3423.491672654221
436500	-3428.915475120488
437000	-3423.984791754658
437500	-3426.5064058723897
438000	-3419.868027100023
438500	-3420.1900881421348
439000	-3429.103825624797
439500	-3414.588477745004
440000	-3420.029649767456
440500	-3414.3372307931504
441000	-3415.606537310948
441500	-3415.5588057127975
442000	-3417.7143126520004
442500	-3420.486218199528
443000	-3423.237099982288
443500	-3420.5110797217017
444000	-3427.392527067306
444500	-3422.352205521726
445000	-3422.5722905192156
445500	-3422.3903227409705
446000	-3444.627355629582
446500	-3426.0593605414897
447000	-3430.322680750585
447500	-3426.536757104871
448000	-3421.896752754509
448500	-3426.050824699927
449000	-3430.6110247594193
449500	-3422.053366720127
450000	-3422.5606142164615
450500	-3422.252958361797
451000	-3421.8569779707095
451500	-3426.1544299771185
452000	-3422.282351250046
452500	-3421.2594939465084
453000	-3423.2324366561406
453500	-3424.1062012197303
454000	-3427.402620387209
454500	-3422.9672939521715
455000	-3419.898520471914
455500	-3424.576927911257
456000	-3417.5634252456275
456500	-3429.0595912595354
457000	-3424.305989813602
457500	-3432.6580582180277
458000	-3423.0570445040385
458500	-3426.8926226594967
459000	-3419.2744263161085
459500	-3425.5526589933484
460000	-3436.2571157694906
460500	-3421.0320652300834
461000	-3433.6328017902533
461500	-3433.0112534762047
462000	-3434.263657943137
462500	-3433.1723321522145
463000	-3428.2340206585645
463500	-3423.261971995476
464000	-3425.808101754703
464500	-3431.2659486831503
465000	-3430.988165874673
465500	-3435.960716803036
466000	-3429.367984260923
466500	-3423.448628492631
467000	-3436.5987534220244
467500	-3428.605478532523
468000	-3422.594121556537
468500	-3424.5788429328727
469000	-3425.6174846142053
469500	-3433.528574469105
470000	-3434.2339106309964
470500	-3430.595696439358
471000	-3428.5917045394062
471500	-3426.7845223300947
472000	-3441.9416369233804
472500	-3433.545192178818
473000	-3443.6998189162823
473500	-3429.952070952205
474000	-3431.710588122407
474500	-3435.7994720239417
475000	-3431.033507532052
475500	-3424.9235064077266
476000	-3435.464731346845
476500	-3435.1377810018
477000	-3433.5779541952506
477500	-3427.4931814104184
478000	-3429.6117799823023
478500	-3431.6624889797113
479000	-3423.2839224225468
479500	-3426.097894637025
480000	-3435.186341678197
480500	-3428.9500699803993
481000	-3423.609469135254
481500	-3426.9829888446457
482000	-3428.843002360059
482500	-3433.6911713075024
483000	-3429.9795235408833
483500	-3421.9473128250115
484000	-3425.9322778173128
484500	-3425.7148735205824
485000	-3424.2477812014467
485500	-3422.5755771172812
486000	-3427.1508985714377
486500	-3422.066180242716
487000	-3429.956544375023
487500	-3424.83937919805
488000	-3423.0824753402144
488500	-3431.311698598047
489000	-3423.8570972681614
489500	-3422.3341913173485
490000	-3434.393869788357
490500	-3423.911252325593
491000	-3425.7829393607153
491500	-3425.466969970123
492000	-3424.150150125608
492500	-3423.8391086043557
493000	-3429.8828325568784
493500	-3431.982195310682
494000	-3424.3050663412637
494500	-3418.4048934826506
495000	-3426.369956123672
495500	-3426.0973185872613
496000	-3425.7388363010277
496500	-3421.0983490821677
497000	-3421.2795474670907
497500	-3435.399537596362
498000	-3424.5644265672527
498500	-3427.592873287436
499000	-3417.7187656326887
499500	-3424.894767228765
500000	-3424.6421253274875
500500	-3420.870650698494
501000	-3421.8121887831758
501500	-3425.6511458249297
502000	-3427.889633942599
502500	-3424.0175812860316
503000	-3425.072079347489
503500	-3423.7955588325485
504000	-3421.137454386359
504500	-3425.470746945561
505000	-3423.0382368881023
505500	-3423.2832231594903
506000	-3429.7584837087825
506500	-3421.064769614531
507000	-3421.064769614531
507500	-3421.064769614531
508000	-3421.064769614531
508500	-3421.064769614531
509000	-3421.064769614531
509500	-3421.064769614531
510000	-3421.064769614531
510500	-3423.7789897439475
511000	-3427.7237491692013
511500	-3422.0865851992753
512000	-3424.281739497587
512500	-3423.623980757017
513000	-3420.467415268792
513500	-3423.200573255168
514000	-3421.8472623231924
514500	-3421.3439764835994
515000	-3425.855522954783
515500	-3422.4342041270766
516000	-3428.221693522686
516500	-3429.5196341478722
517000	-3434.776837173518
517500	-3434.2802118670793
518000	-3440.419551865165
518500	-3425.6857928309237
519000	-3422.5399831188306
519500	-3422.611281857629
520000	-3434.6032234476015
520500	-3430.4862393829967
521000	-3425.880233137482
521500	-3428.32667000692
522000	-3429.6601864491554
522500	-3432.709637165158
523000	-3425.354263643898
523500	-3419.619825768794
524000	-3426.3668072392843
524500	-3426.3776105610154
525000	-3425.5964502309744
525500	-3423.7661151654156
526000	-3432.212698936997
526500	-3432.6768653887466
527000	-3435.1657756648115
527500	-3442.8863232951785
528000	-3442.0157370856855
528500	-3442.2193788462246
529000	-3433.663179536294
529500	-3440.893674490755
530000	-3438.2871704314853
530500	-3437.0220215497507
531000	-3452.3810866173476
531500	-3444.397453876568
532000	-3445.3909333489564
532500	-3444.2683084022847
533000	-3437.0857166030833
533500	-3433.757462571865
534000	-3428.440622950519
534500	-3432.8534691905734
535000	-3431.231587134781
535500	-3429.2607935697065
536000	-3429.9972008251957
536500	-3435.655818538949
537000	-3430.5862305379637
537500	-3430.47230295215
538000	-3428.850731878431
538500	-3422.699151976163
539000	-3432.8780644177905
539500	-3434.8515308481747
540000	-3434.162965678225
540500	-3424.1861050840844
541000	-3426.5179845858
541500	-3428.6035825751733
542000	-3437.8899685494325
542500	-3423.1567873123304
543000	-3426.220587087506
543500	-3422.170347133176
544000	-3421.5943171677036
544500	-3437.438535402334
545000	-3432.64155622277
545500	-3432.2438999543947
546000	-3446.0821129081373
546500	-3438.0972143710273
547000	-3428.454952788372
547500	-3432.917906324183
548000	-3429.856264086533
548500	-3427.868989515748
549000	-3430.3405743354137
549500	-3438.048542335713
550000	-3438.4492653553034
550500	-3431.486662186978
551000	-3431.382964121402
551500	-3428.2493532064846
552000	-3422.2208420487805
552500	-3431.452647196059
553000	-3430.934977397724
553500	-3426.8520100758487
554000	-3430.3662218920776
554500	-3421.0392243560273
555000	-3435.306030378697
555500	-3426.9744046865426
556000	-3425.532531771197
556500	-3425.1622493561617
557000	-3437.482403794564
557500	-3421.959712461711
558000	-3430.020333594735
558500	-3428.7804061916877
559000	-3424.4924380734724
559500	-3433.748080620943
560000	-3427.1499641286227
560500	-3441.2039950546505
561000	-3427.740464319196
561500	-3432.707988312996
562000	-3433.215564648196
562500	-3430.471926354613
563000	-3438.6520527171456
563500	-3428.90071342788
564000	-3422.4523462139587
564500	-3429.358722642767
565000	-3422.212177207895
565500	-3426.910326120878
566000	-3433.927672056211
566500	-3420.3945788556075
567000	-3427.2980460770714
567500	-3426.8601239619843
568000	-3429.3029958708257
568500	-3423.25367921013
569000	-3420.600038417607
569500	-3431.265193075228
570000	-3426.024645350662
570500	-3429.9013107985
571000	-3426.9868563754717
571500	-3435.30225909559
572000	-3431.029435953432
572500	-3426.1772442460274
573000	-3427.351938371224
573500	-3424.998043189083
574000	-3432.378838973679
574500	-3431.965354379411
575000	-3426.555124771643
575500	-3427.167034139589
576000	-3423.3746613570065
576500	-3425.165179413743
577000	-3426.195885339744
577500	-3429.048311935428
578000	-3431.257138098957
578500	-3429.9505008072983
579000	-3432.2117403187062
579500	-3431.1322259788194
580000	-3429.2612189093393
580500	-3423.0537162449846
581000	-3428.7482838337323
581500	-3430.0359598738764
582000	-3425.367178355406
582500	-3419.7806678457923
583000	-3429.440515009002
583500	-3425.4145712088944
584000	-3433.193581671734
584500	-3424.7709267492687
585000	-3429.405063933457
585500	-3424.8779416144066
586000	-3422.5087084075003
586500	-3425.6140613211514
587000	-3431.0647470776485
587500	-3434.690737237903
588000	-3424.970112089837
588500	-3429.7033285972584
589000	-3435.7238857519287
589500	-3430.7365226587253
590000	-3432.6636919941543
590500	-3432.03337964758
591000	-3426.120806360166
591500	-3430.9708773853067
592000	-3423.5203038570867
592500	-3431.82704397196
593000	-3430.2524826649187
593500	-3427.3711797876704
594000	-3425.6201676534124
594500	-3427.9966081264456
595000	-3426.2001524172542
595500	-3424.098751838804
596000	-3418.4456297322517
596500	-3425.8048272191695
597000	-3430.824660842051
597500	-3427.3022023185995
598000	-3431.9866332557167
598500	-3431.251389655285
599000	-3427.224999608738
599500	-3418.932891528027
600000	-3428.590962050137
600500	-3431.77208239034
601000	-3423.3585589728013
601500	-3428.670260035505
602000	-3430.828123680587
602500	-3426.55560188698
603000	-3425.6739338484576
603500	-3423.5308908762363
604000	-3424.835881991861
604500	-3422.260777545664
605000	-3423.9615895655643
605500	-3430.021716831012
606000	-3421.282511652094
606500	-3421.8790751613556
607000	-3421.3593958677375
607500	-3422.4145366804814
608000	-3433.5500456338455
608500	-3428.1086475141274
609000	-3421.228273292767
609500	-3422.8151050702095
610000	-3418.9167330902756
610500	-3427.1514547013676
611000	-3430.3199747628364
611500	-3425.648407214972
612000	-3425.168676427034
612500	-3433.385204621959
613000	-3426.714292707182
613500	-3422.9948180789493
614000	-3425.348993286726
614500	-3424.3716550424488
615000	-3421.744696567625
615500	-3438.8994923460564
616000	-3425.639295296347
616500	-3429.0836471825005
617000	-3427.9068550328734
617500	-3418.896528072876
618000	-3426.7311950969815
618500	-3416.2517144213307
619000	-3420.7679872146846
619500	-3420.811432555412
620000	-3419.526574979819
620500	-3427.8581760104908
621000	-3427.1528637432657
621500	-3427.737853130195
622000	-3426.7907457262004
622500	-3432.8570927794203
623000	-3420.5116412139364
623500	-3421.0784353942954
624000	-3436.361374872425
624500	-3433.496593179076
625000	-3424.3372874568936
625500	-3426.709329763133
626000	-3427.6532478276467
626500	-3426.7133867257076
627000	-3429.8313458854136
627500	-3421.306349398609
628000	-3427.042764204194
628500	-3427.462513543237
629000	-3434.413553633718
629500	-3428.6307897820684
630000	-3425.0577380880227
630500	-3425.85211055103
631000	-3417.126910690096
631500	-3422.769482612874
632000	-3426.8582853551275
632500	-3418.3762485244415
633000	-3424.6472139558837
633500	-3422.236809182731
634000	-3427.050691485201
634500	-3417.1917953364045
635000	-3427.0201982047847
635500	-3423.563365716317
636000	-3425.199228637055
636500	-3422.0943270229313
637000	-3427.664128746345
637500	-3424.0022823087597
638000	-3425.2434129197686
638500	-3424.6266449309464
639000	-3420.7671847861247
639500	-3428.577573320519
640000	-3425.5078922714847
640500	-3420.080400152326
641000	-3423.4599711391907
641500	-3425.7785721173746
642000	-3424.0791716111567
642500	-3429.2924114740904
643000	-3425.6529509340057
643500	-3431.2540462798106
644000	-3432.4847069036578
644500	-3428.894396958584
645000	-3422.309634891353
645500	-3427.1035998827447
646000	-3422.007606511889
646500	-3429.947155425889
647000	-3428.108444401952
647500	-3431.9388719164886
648000	-3430.506366201025
648500	-3431.3600246604947
649000	-3424.037179190502
649500	-3427.2856945449807
650000	-3426.8567551391925
650500	-3428.6015012255325
651000	-3436.7906527193454
651500	-3425.9635148074503
652000	-3429.756428835293
652500	-3428.339004647448
653000	-3427.487031717891
653500	-3429.441837270993
654000	-3426.986021136901
654500	-3422.6721502875794
655000	-3424.27456971913
655500	-3425.916648498701
656000	-3424.7458982700964
656500	-3429.7814904930424
657000	-3422.7756372943954
657500	-3431.6772730259463
658000	-3432.9739607647884
658500	-3423.2538179597614
659000	-3425.105934414654
659500	-3424.58568484507
660000	-3433.7596019279345
660500	-3430.1645621831417
661000	-3423.460252368003
661500	-3428.88917160614
662000	-3419.8395189672165
662500	-3421.134135210144
663000	-3425.1168250223886
663500	-3435.0677330603307
664000	-3427.475646104404
664500	-3426.001064541569
665000	-3429.036045983895
665500	-3431.9448121796177
666000	-3422.594213865667
666500	-3427.5265575934445
667000	-3420.472713391275
667500	-3424.509236713056
668000	-3416.3965812738143
668500	-3427.4858270776376
669000	-3429.0776321819003
669500	-3437.6749796405393
670000	-3433.0387998507376
670500	-3427.879365056491
671000	-3425.7323429532853
671500	-3427.84133707233
672000	-3432.4272709077245
672500	-3425.8072847872786
673000	-3428.935753772497
673500	-3422.536207871381
674000	-3427.0453621394518
674500	-3434.5530430221334
675000	-3430.244372268832
675500	-3425.311886244683
676000	-3430.9717897521664
676500	-3421.619852938236
677000	-3436.7801810496107
677500	-3433.5061569324585
678000	-3423.769838562629
678500	-3445.8817173777848
679000	-3434.478973895147
679500	-3424.4308614052043
680000	-3426.4823297543817
680500	-3426.7196173927778
681000	-3424.1144300936517
681500	-3426.3341849694925
682000	-3432.8225751071836
682500	-3426.2580739527025
683000	-3420.717876686844
683500	-3429.5588251301374
684000	-3426.1795746844077
684500	-3425.7243627657444
685000	-3424.4198262841787
685500	-3428.6541614698244
686000	-3427.2186651610655
686500	-3428.0172263812697
687000	-3424.8918877155575
687500	-3424.3392050995653
688000	-3432.375952812907
688500	-3424.854151005754
689000	-3427.455897958634
689500	-3432.713305922045
690000	-3429.6519639966627
690500	-3426.153813860903
691000	-3426.9093109409055
691500	-3432.359497653752
692000	-3427.7440082695452
692500	-3427.3476833941177
693000	-3420.7646417960154
693500	-3428.2067259555406
694000	-3423.8411982694142
694500	-3422.9308773687917
695000	-3428.032219315205
695500	-3427.440205444435
696000	-3439.8691836590465
696500	-3424.818505286657
697000	-3435.0134677016163
697500	-3426.2740908004484
698000	-3430.7900278164934
698500	-3432.46371823753
699000	-3424.762669815449
699500	-3436.8813956041527
700000	-3426.286099129687
700500	-3430.302180231647
701000	-3425.53691831674
701500	-3427.971754361924
702000	-3428.0464356737984
702500	-3425.454943821182
703000	-3426.5110031744107
703500	-3428.0275136895084
704000	-3429.3329615549787
704500	-3431.780277928286
705000	-3428.0455012006987
705500	-3422.633236098377
706000	-3437.850845424008
706500	-3428.541008649068
707000	-3440.5961666257963
707500	-3426.999455189422
708000	-3436.5912628512283
708500	-3431.413869807113
709000	-3433.83928097604
709500	-3429.6089136560613
710000	-3432.6289469118315
710500	-3431.388625929723
711000	-3427.2396049350737
711500	-3427.600273740973
712000	-3437.7159612817263
712500	-3432.2762507861835
713000	-3426.789202653628
713500	-3432.3659472483296
714000	-3434.479219831086
714500	-3426.6196379525095
715000	-3422.964414197011
715500	-3429.5810802413375
716000	-3427.2964103475383
716500	-3442.891237709388
717000	-3439.803833050636
717500	-3428.852540321655
718000	-3436.2842611378974
718500	-3435.404244321854
719000	-3425.434774241825
719500	-3429.0668910676122
720000	-3427.603686958146
720500	-3427.822517273943
721000	-3427.3663474560176
721500	-3429.134467205615
722000	-3424.5455995358225
722500	-3429.873844036404
723000	-3426.430945133405
723500	-3427.0396791126886
724000	-3427.126552726956
724500	-3426.6376763365033
725000	-3431.3000349803683
725500	-3420.396126535749
726000	-3430.2357685382335
726500	-3439.7573818461906
727000	-3433.225438872194
727500	-3436.9652186213916
728000	-3437.5800053974995
728500	-3435.762716973108
729000	-3432.5724190752408
729500	-3432.3375683067848
730000	-3429.271094533167
730500	-3436.942917379523
731000	-3434.8181231286103
731500	-3443.46254625577
732000	-3432.125213690285
732500	-3444.386658464438
733000	-3429.0255261807993
733500	-3430.8030012561576
734000	-3421.533281945743
734500	-3439.614531037001
735000	-3430.1514167057903
735500	-3424.6726482295812
736000	-3430.992116610033
736500	-3428.6554019512687
737000	-3432.7969257362433
737500	-3427.49094350217
738000	-3424.275856964533
738500	-3424.856965765374
739000	-3424.336015705304
739500	-3430.3979756765293
740000	-3428.2159912983384
740500	-3431.200685263436
741000	-3424.7633348692425
741500	-3427.613638844477
742000	-3427.815793896277
742500	-3432.455796552094
743000	-3427.068517487697
743500	-3425.974679628066
744000	-3426.9583957685963
744500	-3423.0905038187543
745000	-3434.4945171374666
745500	-3430.314080082961
746000	-3427.975521245278
746500	-3431.7058343357544
747000	-3429.78908734622
747500	-3429.1293135766605
748000	-3433.532918610234
748500	-3427.418703108679
749000	-3432.0673893236267
749500	-3421.9939857193995
750000	-3429.994372005808
750500	-3423.5457962825026
751000	-3429.0052982574953
751500	-3426.4143493538527
752000	-3430.7882855280864
752500	-3434.7204223089584
753000	-3438.6868041405087
753500	-3430.997918042126
754000	-3433.8562346693498
754500	-3424.481250385438
755000	-3442.7063868389914
755500	-3437.5786041652723
756000	-3432.5508604937154
756500	-3424.1930446756546
757000	-3428.162041415614
757500	-3430.470620587033
758000	-3428.997267438828
758500	-3429.5793789961417
759000	-3427.3240590472474
759500	-3433.695887046479
760000	-3424.149171709506
760500	-3425.221564452218
761000	-3427.698784609898
761500	-3434.6536825496823
762000	-3433.94233860635
762500	-3431.408548297857
763000	-3437.5945789103025
763500	-3433.616451673091
764000	-3434.4482422912056
764500	-3433.930253593006
765000	-3429.5442180518785
765500	-3427.6087043992015
766000	-3424.624825861304
766500	-3428.837347810923
767000	-3432.102458769606
767500	-3425.8918954644187
768000	-3423.674042441717
768500	-3424.746399440463
769000	-3426.9967353085485
769500	-3428.026819957858
770000	-3423.311653520669
770500	-3427.445853108474
771000	-3424.390575243386
771500	-3427.3269440271256
772000	-3432.1369062449485
772500	-3427.7905694669744
773000	-3425.8790221770337
773500	-3433.546670731702
774000	-3437.176541852564
774500	-3436.0657741007426
775000	-3435.8012528116287
775500	-3439.872601346377
776000	-3435.859341520839
776500	-3433.6965830860936
777000	-3430.630040180921
777500	-3430.1914620979987
778000	-3439.836309502407
778500	-3433.2794607522446
779000	-3425.0526623305386
779500	-3422.002157571784
780000	-3426.241332552619
780500	-3428.994634010112
781000	-3426.0340755747848
781500	-3430.110507758539
782000	-3426.7998080688744
782500	-3430.293002960305
783000	-3437.9835155841897
783500	-3424.995529188482
784000	-3420.627862230862
784500	-3432.396586789957
785000	-3427.037709365042
785500	-3422.162807779654
786000	-3427.1109507135266
786500	-3431.4352417519303
787000	-3431.767406348154
787500	-3433.0945442094417
788000	-3437.7021607468278
788500	-3427.476507764787
789000	-3424.831798130709
789500	-3422.203810441402
790000	-3424.1783720702033
790500	-3430.642398279526
791000	-3423.820272374516
791500	-3423.9125659796073
792000	-3426.208289939183
792500	-3429.2304795555683
793000	-3430.10711056039
793500	-3432.9072799529918
794000	-3421.772456841491
794500	-3431.0384645164
795000	-3427.390101535186
795500	-3429.6570302814703
796000	-3430.57478198818
796500	-3430.521073392087
797000	-3429.8145916260114
797500	-3434.897286744427
798000	-3440.815833635415
798500	-3440.153536640947
799000	-3435.1686506883584
799500	-3430.1979374453704
800000	-3433.3100460794517
800500	-3432.1698192718804
801000	-3440.4147422063065
801500	-3433.5982337940018
802000	-3435.3602962192945
802500	-3430.7319674256496
803000	-3436.339690447853
803500	-3436.4477152453233
804000	-3432.9715244367576
804500	-3431.8056089316724
805000	-3431.2061187599893
805500	-3427.6774537698293
806000	-3433.1677339443368
806500	-3430.02859843889
807000	-3448.780290446752
807500	-3433.299259089911
808000	-3429.492989648774
808500	-3443.010741249876
809000	-3435.6536569694617
809500	-3434.8823875772755
810000	-3431.1651643874834
810500	-3435.7730112518784
811000	-3429.585494689033
811500	-3435.0415015349486
812000	-3445.182843925838
812500	-3436.7728484119593
813000	-3435.4029222887957
813500	-3437.42240231267
814000	-3448.171779679449
814500	-3443.9440589921833
815000	-3440.5827717933807
815500	-3438.6994946408545
816000	-3434.2180608464587
816500	-3425.773619173363
817000	-3426.909498844044
817500	-3433.8068440760476
818000	-3438.009345162676
818500	-3439.627939183679
819000	-3434.881672858856
819500	-3431.0300171848307
820000	-3446.4970294097684
820500	-3430.2357933985572
821000	-3432.2182304991325
821500	-3444.1769603066955
822000	-3429.1457020800576
822500	-3430.826680951205
823000	-3432.0298319916687
823500	-3437.391315685487
824000	-3433.603323509322
824500	-3428.0655986309016
825000	-3430.1902839676045
825500	-3431.186419473918
826000	-3428.310937496908
826500	-3439.997204885604
827000	-3427.021261733782
827500	-3426.8268288197164
828000	-3424.5726848892473
828500	-3423.793773284427
829000	-3424.1741583241505
829500	-3439.1811009698986
830000	-3430.916057626348
830500	-3434.6709089506785
831000	-3433.0410527361273
831500	-3431.2518572547715
832000	-3444.230322651854
832500	-3430.1871784782497
833000	-3428.248838072269
833500	-3434.334074305463
834000	-3429.4636362605615
834500	-3421.0136341641823
835000	-3429.864747864523
835500	-3428.0491553332567
836000	-3422.671937341117
836500	-3424.4241992317848
837000	-3418.3387195046057
837500	-3429.789331831916
838000	-3431.8195567915186
838500	-3431.284160039834
839000	-3425.620955537012
839500	-3431.3482686050284
840000	-3435.77562339132
840500	-3433.9038725279
841000	-3436.3427691003467
841500	-3440.5905705220557
842000	-3440.217735477879
842500	-3434.0549773581142
843000	-3432.111759216359
843500	-3432.025096224543
844000	-3427.908780745543
844500	-3428.935156039105
845000	-3427.8116352207126
845500	-3428.8115090292367
846000	-3425.5513614005517
846500	-3434.4285781676344
847000	-3425.336151904325
847500	-3423.0996985103657
848000	-3428.4803138113302
848500	-3430.2009409138486
849000	-3438.46435709664
849500	-3449.015317859005
850000	-3426.1310658437674
850500	-3430.4008383991372
851000	-3429.384899932296
851500	-3435.3247495487935
852000	-3426.6319362182385
852500	-3428.4547836141637
853000	-3429.2196874780157
853500	-3430.4663578095833
854000	-3433.5621558388993
854500	-3423.9279931699166
855000	-3437.2546304985635
855500	-3433.291283151242
856000	-3434.4210472134273
856500	-3430.3473290220295
857000	-3431.7311860639406
857500	-3429.6218585503707
858000	-3428.403007760851
858500	-3427.2671374174456
859000	-3426.3118588581888
859500	-3429.8441314492825
860000	-3428.3216275283426
860500	-3436.374476575709
861000	-3430.797383775742
861500	-3427.7344863534436
862000	-3425.289596833573
862500	-3432.2300990291897
863000	-3430.671318331156
863500	-3437.2369481419623
864000	-3429.574443410045
864500	-3424.688934428718
865000	-3423.4889016998927
865500	-3427.269056562183
866000	-3441.012030011285
866500	-3429.1996992269446
867000	-3434.4412686340834
867500	-3436.839707604345
868000	-3437.0695098328965
868500	-3432.047179802417
869000	-3434.8547606064753
869500	-3444.1981140526527
870000	-3431.802685145608
870500	-3427.814554829832
871000	-3424.9061308692067
871500	-3422.0356017168474
872000	-3426.83991553885
872500	-3430.376921421498
873000	-3437.7274292638117
873500	-3430.2461777295393
874000	-3424.6863066137093
874500	-3428.1219351600794
875000	-3434.8009125679823
875500	-3437.0787303978736
876000	-3433.5966048034547
876500	-3435.940135692201
877000	-3427.6359088461786
877500	-3425.548990880293
878000	-3420.4806517204324
878500	-3425.523824807985
879000	-3424.1372213973673
879500	-3434.6292044664247
880000	-3428.0389937530354
880500	-3431.5134575570946
881000	-3422.794519740513
881500	-3426.6322207120334
882000	-3424.129292531485
882500	-3428.1763219476384
883000	-3435.971275438381
883500	-3421.163514668023
884000	-3423.3052045185646
884500	-3429.5510311072426
885000	-3424.4959404546694
885500	-3431.6394046657833
886000	-3436.731718954937
886500	-3423.448957583777
887000	-3433.4503224285663
887500	-3428.3508661796072
888000	-3423.024104366574
888500	-3426.6719071891994
889000	-3428.634269117004
889500	-3430.9671015166355
890000	-3425.5907502925006
890500	-3428.0690308601506
891000	-3429.5910748443926
891500	-3432.442286871781
892000	-3432.397234741502
892500	-3420.453605361711
893000	-3424.702829456092
893500	-3421.124547197758
894000	-3423.727854531676
894500	-3431.236959198195
895000	-3423.5215998867498
895500	-3425.6691815937916
896000	-3424.774521806986
896500	-3425.9487126369813
897000	-3421.633997600509
897500	-3422.246691016776
898000	-3425.241219490334
898500	-3429.9870616408944
899000	-3423.512749934806
899500	-3429.0769930072115
900000	-3434.8543275043316
900500	-3445.711861944437
901000	-3433.0748227348545
901500	-3426.5277714661024
902000	-3426.429291135799
902500	-3428.9970156176632
903000	-3423.2779026581816
903500	-3426.4174167357282
904000	-3428.6186689277597
904500	-3419.9328770563056
905000	-3426.529881852667
905500	-3430.5065716615873
906000	-3424.5257003985466
906500	-3432.353293071849
907000	-3422.5426397089172
907500	-3423.5369041037998
908000	-3430.9191782956154
908500	-3434.380493689836
909000	-3437.4864969543846
909500	-3424.9003866767694
910000	-3427.549123190499
910500	-3431.6539881173408
911000	-3428.434496296481
911500	-3435.8636896295798
912000	-3431.844290673518
912500	-3425.857489736731
913000	-3429.50555188446
913500	-3423.6249364514515
914000	-3426.386417435524
914500	-3428.034247
915000	-3425.371752776813
915500	-3426.4750082004175
916000	-3433.50803432603
916500	-3433.9604493585234
917000	-3425.4882481834948
917500	-3425.0787460219494
918000	-3426.745638505447
918500	-3430.0362900059395
919000	-3432.640666375223
919500	-3429.2304533484908
920000	-3425.9921755616792
920500	-3435.619107316422
921000	-3424.4712174025663
921500	-3423.1016653190404
922000	-3439.3543697712253
922500	-3435.415898521806
923000	-3430.1495811473865
923500	-3422.916533118431
924000	-3427.9978215257306
924500	-3428.7398530633545
925000	-3424.2758818742277
925500	-3427.1059701646464
926000	-3429.0112258146783
926500	-3428.088912825116
927000	-3426.379530508764
927500	-3432.779077047423
928000	-3425.1146852445345
928500	-3440.4841852146683
929000	-3437.2294452273295
929500	-3424.297180423415
930000	-3424.404223357506
930500	-3422.8430557073457
931000	-3424.0666383725556
931500	-3424.0263989435803
932000	-3418.5883654962586
932500	-3425.718217588245
933000	-3427.0890412910476
933500	-3426.7398444888645
934000	-3430.2334667787713
934500	-3424.3549688893654
935000	-3426.7483652972437
935500	-3425.598966351303
936000	-3427.757296983335
936500	-3433.8766176475865
937000	-3431.1377291524477
937500	-3427.6869069009476
938000	-3425.652306254671
938500	-3425.809597733898
939000	-3432.013626173736
939500	-3435.8379679839622
940000	-3437.370106533895
940500	-3429.994385538602
941000	-3424.1938955770597
941500	-3426.421412649154
942000	-3428.409539017439
942500	-3437.6406472589
943000	-3432.019187640841
943500	-3434.298272115517
944000	-3426.6065765812027
944500	-3430.066064222747
945000	-3431.0477281558055
945500	-3431.3104549161862
946000	-3429.5539102517314
946500	-3430.6320629149814
947000	-3429.832284951098
947500	-3428.4233506087694
948000	-3432.551021115024
948500	-3424.160098966488
949000	-3427.9859963727267
949500	-3439.5692701414546
950000	-3430.663069759393
950500	-3430.0059353383817
951000	-3432.697808749122
951500	-3434.178765782877
952000	-3434.217145876415
952500	-3433.493845509391
953000	-3431.041918011101
953500	-3434.7681893023823
954000	-3432.447366245924
954500	-3427.879025132677
955000	-3428.5080908653977
955500	-3433.098072856331
956000	-3429.429467364849
956500	-3432.237957920802
957000	-3424.9820047927083
957500	-3426.5476792242803
958000	-3429.962987476649
958500	-3423.9399998902854
959000	-3425.464192581828
959500	-3423.7982264365514
960000	-3427.840394553416
960500	-3423.8358909531084
961000	-3437.324372827947
961500	-3424.5458837692595
962000	-3425.5216510267833
962500	-3427.253684548967
963000	-3430.852922112451
963500	-3433.150900126358
964000	-3419.6557352821465
964500	-3430.8757515049197
965000	-3421.4891901975247
965500	-3428.1038621480056
966000	-3425.399928208334
966500	-3422.4367402970734
967000	-3427.720370792738
967500	-3423.7899373247965
968000	-3427.7696491335864
968500	-3429.5104843503696
969000	-3425.03176463393
969500	-3427.9869590345843
970000	-3420.2049844698017
970500	-3426.0647391267808
971000	-3424.839029815016
971500	-3437.565489329957
972000	-3424.7652156912513
972500	-3427.8884197383672
973000	-3428.8912351373315
973500	-3433.868572001103
974000	-3432.8640070966194
974500	-3429.2714014708295
975000	-3425.7578053198376
975500	-3426.3618096611685
976000	-3423.606031715783
976500	-3423.3057540670043
977000	-3431.500642090475
977500	-3427.644127661063
978000	-3430.594793079995
978500	-3438.992468476483
979000	-3435.3239968709263
979500	-3425.292768719131
980000	-3435.8916747681415
980500	-3424.7211091648196
981000	-3425.24643333339
981500	-3422.167884557791
982000	-3428.6356063608655
982500	-3427.086580299991
983000	-3427.497622219215
983500	-3423.5448875075713
984000	-3432.2474655003934
984500	-3427.579128314193
985000	-3424.254042287557
985500	-3423.9080882565286
986000	-3440.2620439305474
986500	-3438.077240610738
987000	-3429.3219154414455
987500	-3429.3143380176357
988000	-3426.536823589248
988500	-3435.2857789922004
989000	-3423.1220757738906
989500	-3426.295366630001
990000	-3432.512398667543
990500	-3428.591978355432
991000	-3432.4251999759435
991500	-3426.304698472437
992000	-3430.2325350436786
992500	-3432.2655601735073
993000	-3430.5983599071133
993500	-3427.413296298465
994000	-3431.525618914361
994500	-3430.6388456596533
995000	-3433.728630983527
995500	-3436.2922514144097
996000	-3428.827895978876
996500	-3426.1067500039208
997000	-3435.587231435182
997500	-3431.002642908032
998000	-3433.777589034092
998500	-3430.918232630176
999000	-3430.492006566854
999500	-3430.2871043686428
1000000	-3428.496534129655
1000500	-3420.5135103204857
1001000	-3427.3981389796395
1001500	-3430.8376012338554
1002000	-3420.2848077541994
1002500	-3422.7295509180785
1003000	-3421.6772196054267
1003500	-3426.711183079157
1004000	-3422.306624635436
1004500	-3419.5034892252606
1005000	-3421.9460499070165
1005500	-3418.8332838617225
1006000	-3418.6058304662465
1006500	-3424.2705749575207
1007000	-3416.0743162677477
1007500	-3418.5351747195427
1008000	-3420.7847760189657
1008500	-3421.7045419212623
1009000	-3420.9649161510824
1009500	-3425.600488191714
1010000	-3428.6002522825256
1010500	-3436.426992524377
1011000	-3434.137629320719
1011500	-3431.6261697773944
1012000	-3428.1715720277584
1012500	-3434.387375294517
1013000	-3434.081151171205
1013500	-3430.083761485491
1014000	-3426.034392604012
1014500	-3424.867508225827
1015000	-3424.7455885911563
1015500	-3421.4258622415887
1016000	-3421.7386045794756
1016500	-3426.3223362593008
1017000	-3420.2983080830872
1017500	-3425.937840178475
1018000	-3416.0837631765685
1018500	-3425.8849350793635
1019000	-3420.7888152554465
1019500	-3422.112448375213
1020000	-3433.4108579611857
1020500	-3432.6299297472638
1021000	-3425.615554650062
1021500	-3428.1224658820915
1022000	-3422.468959088262
1022500	-3428.0753147074915
1023000	-3423.4707102924276
1023500	-3436.8305638178313
1024000	-3430.7283891970355
1024500	-3425.7564991055915
1025000	-3428.8412894542703
1025500	-3425.854619138675
1026000	-3425.7234999531333
1026500	-3422.541213321188
1027000	-3430.6588830421365
1027500	-3427.483735207266
1028000	-3417.0495756053992
1028500	-3427.0503744468733
1029000	-3422.0283244964626
1029500	-3421.7789023577084
1030000	-3422.166255346165
1030500	-3427.4577728758836
1031000	-3428.9717956475724
1031500	-3432.288187093518
1032000	-3424.3174478895958
1032500	-3422.784139130128
1033000	-3421.2715240052976
1033500	-3417.5775318922488
1034000	-3428.9667954029305
1034500	-3421.6792845539167
1035000	-3422.7436400199404
1035500	-3420.8518390170807
1036000	-3426.014015546321
1036500	-3418.6869527995336
1037000	-3419.175271324334
1037500	-3421.8092255556944
1038000	-3428.64411574981
1038500	-3423.747385712914
1039000	-3423.681180387227
1039500	-3423.9074905547423
1040000	-3427.4140923385594
1040500	-3412.44571549936
1041000	-3413.634085328136
1041500	-3429.117847590463
1042000	-3424.062654005388
1042500	-3435.3965674985348
1043000	-3422.3308843283908
1043500	-3424.9710275876537
1044000	-3425.259777218783
1044500	-3427.848527123407
1045000	-3430.4033150907594
1045500	-3434.055588470008
1046000	-3435.413482956947
1046500	-3427.383330206513
1047000	-3425.9314722319523
1047500	-3420.2466839811614
1048000	-3420.0544149100056
1048500	-3423.1677157416316
1049000	-3420.740314776135
1049500	-3426.1918534404604
1050000	-3417.959746827306
1050500	-3426.6299739105298
1051000	-3433.229589339815
1051500	-3428.3546816539088
1052000	-3422.195780108802
1052500	-3417.333984065028
1053000	-3419.8532062513227
1053500	-3423.7748897786564
1054000	-3424.296312830511
1054500	-3423.139070818124
1055000	-3424.8133157084094
1055500	-3420.092154460361
1056000	-3431.8560656666523
1056500	-3430.8260504805257
1057000	-3434.8543166110567
1057500	-3435.0697900611535
1058000	-3428.345700495832
1058500	-3430.082600361117
1059000	-3439.475497700823
1059500	-3429.0449798942295
1060000	-3424.701362147237
1060500	-3433.728938477151
1061000	-3423.438230030162
1061500	-3428.442532968999
1062000	-3423.9117147370225
1062500	-3417.1496467560974
1063000	-3421.645511134173
1063500	-3425.9874347529794
1064000	-3424.487123358704
1064500	-3419.1977015210477
1065000	-3421.9479191464784
1065500	-3427.4705891081294
1066000	-3428.574004436905
1066500	-3428.7711044270186
1067000	-3419.9642753388684
1067500	-3423.2820550115903
1068000	-3422.016618681833
1068500	-3427.708566437612
1069000	-3428.3485167909457
1069500	-3425.255992888512
1070000	-3430.468332717745
1070500	-3431.8511146093497
1071000	-3426.982825287508
1071500	-3431.9505093703133
1072000	-3444.098093262365
1072500	-3437.7069753040723
1073000	-3433.658690636317
1073500	-3437.401718062054
1074000	-3439.8774683866386
1074500	-3449.6170029361133
1075000	-3440.2663467937787
1075500	-3438.999563821902
1076000	-3441.920229599688
1076500	-3435.264906555334
1077000	-3427.9716142167135
1077500	-3418.156297115933
1078000	-3428.9509061883673
1078500	-3422.26469882043
1079000	-3426.294692575217
1079500	-3426.006537974937
1080000	-3429.524117605657
1080500	-3428.348681113551
1081000	-3427.4247157023315
1081500	-3426.313242498794
1082000	-3432.566578341997
1082500	-3425.376900450354
1083000	-3431.098412128799
1083500	-3438.558343807149
1084000	-3418.4910463265946
1084500	-3425.500107113454
1085000	-3427.1625880094434
1085500	-3432.1868434766507
1086000	-3430.2002346931226
1086500	-3430.0519018914642
1087000	-3425.5523951873106
1087500	-3430.1019270341753
1088000	-3424.9586832081463
1088500	-3437.2825557019764
1089000	-3426.890027987284
1089500	-3426.8197684072616
1090000	-3435.2050504566955
1090500	-3427.6228980677315
1091000	-3431.6381472027765
1091500	-3427.721882055087
1092000	-3429.240246596904
1092500	-3423.467913671155
1093000	-3428.9633097079072
1093500	-3423.1822556997267
1094000	-3431.011671988922
1094500	-3421.6658676615793
1095000	-3425.5565258469983
1095500	-3427.771178998292
1096000	-3431.22551510205
1096500	-3436.812028746578
1097000	-3431.54755676857
1097500	-3442.8306884888525
1098000	-3433.9694495279073
1098500	-3424.5314491879603
1099000	-3436.529624789727
1099500	-3431.2018356878384
1100000	-3431.6752484018502
1100500	-3429.735629275885
1101000	-3428.983880728934
1101500	-3426.8583183797027
1102000	-3429.265425602305
1102500	-3431.3569840926157
1103000	-3422.3339222982972
1103500	-3431.3430945781697
1104000	-3418.430692784145
1104500	-3426.531284720431
1105000	-3426.4619020578384
1105500	-3423.8677216817555
1106000	-3421.996510140046
1106500	-3436.0711165836
1107000	-3419.4763678308445
1107500	-3423.687399825864
1108000	-3434.401089513715
1108500	-3424.502120410342
1109000	-3419.7063069327337
1109500	-3419.3229042707335
1110000	-3418.440651124326
1110500	-3423.6519173031347
1111000	-3425.4649319592086
1111500	-3420.8662816757233
1112000	-3426.847529773254
1112500	-3428.2004552072194
1113000	-3427.861614430196
1113500	-3422.940826290872
1114000	-3422.5816444255775
1114500	-3424.686923938181
1115000	-3425.602472774675
1115500	-3423.7821188297776
1116000	-3424.984099497961
1116500	-3430.369182939718
1117000	-3426.8610053318307
1117500	-3428.1209942989944
1118000	-3429.2559797042304
1118500	-3427.0545688980765
1119000	-3426.090973071095
1119500	-3436.077211862344
1120000	-3428.1569433046548
1120500	-3426.91449737176
1121000	-3429.7180502921683
1121500	-3431.800179284017
1122000	-3424.1847130593155
1122500	-3431.7171303067107
1123000	-3432.561724031565
1123500	-3442.4139639545933
1124000	-3428.7549811090425
1124500	-3431.4551248618823
1125000	-3424.145786362756
1125500	-3420.5793573445744
1126000	-3418.115219609957
1126500	-3422.34917140284
1127000	-3419.5955905606497
1127500	-3428.908301488361
1128000	-3425.8053519509613
1128500	-3426.0579888293782
1129000	-3434.232692166218
1129500	-3426.157529374213
1130000	-3431.9613959270887
1130500	-3426.7124247001957
1131000	-3432.1204043118596
1131500	-3430.907350980038
1132000	-3429.755831528346
1132500	-3424.891990376387
1133000	-3429.0769144223977
1133500	-3422.1248606926856
1134000	-3429.371254722756
1134500	-3422.2427545412893
1135000	-3427.336699430211
1135500	-3427.683483994476
1136000	-3424.4986350496665
1136500	-3417.7332304609213
1137000	-3419.371289941715
1137500	-3434.9394227930156
1138000	-3427.635821790853
1138500	-3426.252451968103
1139000	-3428.880587686688
1139500	-3427.280669199702
1140000	-3426.2588440699274
1140500	-3428.7779603675126
1141000	-3431.2640518910443
1141500	-3427.3784854277537
1142000	-3427.433771156254
1142500	-3428.551590198517
1143000	-3428.8681495707297
1143500	-3438.7723219069026
1144000	-3432.680563445242
1144500	-3425.334180244286
1145000	-3426.05988249661
1145500	-3422.033168546765
1146000	-3438.294313272213
1146500	-3443.7596086849335
1147000	-3438.6411811619423
1147500	-3427.902202165243
1148000	-3429.672706369619
1148500	-3443.4599736000555
1149000	-3427.005527528227
1149500	-3425.7035183801654
1150000	-3423.1910385078086
1150500	-3424.9381501255784
1151000	-3427.7725266488233
1151500	-3426.746558347928
1152000	-3428.770196667328
1152500	-3429.448621530949
1153000	-3434.448538241872
1153500	-3432.1844148401406
1154000	-3419.771237425751
1154500	-3429.859510013323
1155000	-3426.090992939745
1155500	-3422.987684514247
1156000	-3424.940086832049
1156500	-3433.489040617768
1157000	-3427.181141238831
1157500	-3425.1239860360593
1158000	-3423.3831109548914
1158500	-3428.843969939446
1159000	-3421.7341456517647
1159500	-3424.5353572685017
1160000	-3431.657934163604
1160500	-3427.7513541656017
1161000	-3428.2516291033617
1161500	-3423.6295221633764
1162000	-3420.602049262345
1162500	-3427.2999682150617
1163000	-3428.55936532912
1163500	-3429.110432370121
1164000	-3438.5162233741253
1164500	-3421.4533754897398
1165000	-3429.9824146600513
1165500	-3425.861561601529
1166000	-3421.9813284933552
1166500	-3427.587705327995
1167000	-3430.4336447520463
1167500	-3432.8009019966594
1168000	-3440.7624279950855
1168500	-3427.5740940777814
1169000	-3428.9681573169287
1169500	-3429.248743838492
1170000	-3444.315075874868
1170500	-3430.6829767319487
1171000	-3430.829411784854
1171500	-3432.685832418247
1172000	-3424.6671386829626
1172500	-3443.160447522891
1173000	-3436.4816984047307
1173500	-3434.1391045912374
1174000	-3431.565483182027
1174500	-3431.47576862113
1175000	-3441.793126335333
1175500	-3440.05907580605
1176000	-3433.3318143797146
1176500	-3433.676939188561
1177000	-3431.385260135097
1177500	-3423.4973201193925
1178000	-3425.550259543375
1178500	-3427.3439629672757
1179000	-3427.3633662882617
1179500	-3427.0968228285565
1180000	-3432.3634906894154
1180500	-3425.1892237891675
1181000	-3429.3163529368917
1181500	-3429.8987479850807
1182000	-3428.668621734234
1182500	-3423.2168529657133
1183000	-3421.421086629313
1183500	-3424.3340172791372
1184000	-3428.684305332695
1184500	-3423.2774263013207
1185000	-3427.3153853101476
1185500	-3423.987956616287
1186000	-3422.3845243058686
1186500	-3421.7014716469644
1187000	-3421.5165810756553
1187500	-3429.545790529971
1188000	-3428.507766650604
1188500	-3424.100192737874
1189000	-3423.917492703453
1189500	-3431.1619324571684
1190000	-3425.901522397471
1190500	-3424.021536773211
1191000	-3420.7781445532974
1191500	-3422.4002219165686
1192000	-3422.2679614508384
1192500	-3421.5464924087123
1193000	-3428.246485275892
1193500	-3430.12885859616
1194000	-3438.7456271006104
1194500	-3430.3511258314948
1195000	-3432.7917592327094
1195500	-3446.691178290721
1196000	-3434.909026729807
1196500	-3429.5038202216906
1197000	-3420.489329568764
1197500	-3424.533553644049
1198000	-3425.771697721279
1198500	-3430.4139957580055
1199000	-3434.8043038567416
1199500	-3429.035615965298
1200000	-3431.1224918047174
1200500	-3433.6165962931186
1201000	-3432.3829557766685
1201500	-3432.415879321735
1202000	-3431.261496772943
1202500	-3433.3497912860753
1203000	-3431.361335622052
1203500	-3423.3575767849784
1204000	-3430.5386172612316
1204500	-3428.0018290576963
1205000	-3421.802061575286
1205500	-3429.1943634264094
1206000	-3423.3933522722887
1206500	-3426.8153083118327
1207000	-3424.5100737266894
1207500	-3428.3674014917037
1208000	-3425.9123782022257
1208500	-3425.2591001563333
1209000	-3422.1880776381713
1209500	-3438.1224181658745
1210000	-3444.0292939886604
1210500	-3424.499430887615
1211000	-3428.492404021829
1211500	-3419.0904783853216
1212000	-3423.117573511429
1212500	-3428.305247364922
1213000	-3425.6374320024147
1213500	-3419.602242505642
1214000	-3430.9250991623553
1214500	-3427.7138143046236
1215000	-3426.973475738394
1215500	-3431.511086064779
1216000	-3423.5373184028913
1216500	-3425.278166907869
1217000	-3414.2550068050023
1217500	-3424.3399308767625
1218000	-3426.880149704012
1218500	-3416.3452714959344
1219000	-3423.4856081311896
1219500	-3423.003790608878
1220000	-3429.810206162853
1220500	-3419.4985306277376
1221000	-3423.7131011353868
1221500	-3421.5953248967626
1222000	-3419.5297329241125
1222500	-3424.9222598652646
1223000	-3426.251779582343
1223500	-3419.0652658739414
1224000	-3421.854272565543
1224500	-3426.862545419896
1225000	-3419.652765798343
1225500	-3419.4785935020805
1226000	-3422.889279493972
1226500	-3425.092698114046
1227000	-3426.472747345344
1227500	-3425.2566503196886
1228000	-3419.9039564020954
1228500	-3422.477605462553
1229000	-3428.068573743911
1229500	-3428.3420036919442
1230000	-3421.7100180258103
1230500	-3418.470775774322
1231000	-3419.8701779086923
1231500	-3424.3148087943346
1232000	-3432.8420646494815
1232500	-3424.6737717036713
1233000	-3431.045430391657
1233500	-3419.8016558066506
1234000	-3425.616798471667
1234500	-3424.602182288512
1235000	-3431.309071851508
1235500	-3423.6732137652475
1236000	-3428.966393596357
1236500	-3420.4616724674897
1237000	-3431.5161420324544
1237500	-3424.69906065183
1238000	-3419.1704448819573
1238500	-3419.780624992966
1239000	-3420.8360179609144
1239500	-3425.182247010336
1240000	-3428.3405575649604
1240500	-3431.8571277381147
1241000	-3422.5438127246707
1241500	-3425.425013269915
1242000	-3425.573593203946
1242500	-3428.082733542594
1243000	-3432.4276201409757
1243500	-3433.293641511197
1244000	-3430.1209145019557
1244500	-3436.8538130205575
1245000	-3430.635467508107
1245500	-3435.242520140111
1246000	-3429.7871114358
1246500	-3425.411402704986
1247000	-3428.9014436774446
1247500	-3427.462461459357
1248000	-3432.894023449472
1248500	-3427.897045050988
1249000	-3429.901712226869
1249500	-3438.2718279384126
1250000	-3436.3580808463703
1250500	-3436.2734660282804
1251000	-3431.792740697712
1251500	-3434.1947013738195
1252000	-3440.585541585377
1252500	-3432.0519109777765
1253000	-3432.4144937603924
1253500	-3426.916837496404
1254000	-3433.001310596096
1254500	-3429.1515125959395
1255000	-3434.3205014495334
1255500	-3440.4586525868644
1256000	-3441.339149657205
1256500	-3435.282784799032
1257000	-3435.699631098523
1257500	-3439.2726933773333
1258000	-3433.7333802258554
1258500	-3438.3400041143736
1259000	-3447.7108412288053
1259500	-3437.1315735355856
1260000	-3436.196755461077
1260500	-3437.1022375947978
1261000	-3432.0886069502117
1261500	-3433.5029419972166
1262000	-3429.197773384395
1262500	-3420.591748978995
1263000	-3421.119432909243
1263500	-3427.2593881792336
1264000	-3430.8221659921705
1264500	-3433.2987502703845
1265000	-3434.405006477471
1265500	-3426.5925985961426
1266000	-3430.2479470330786
1266500	-3430.2706121673095
1267000	-3435.0270033235424
1267500	-3428.2206120847522
1268000	-3428.9262235004076
1268500	-3434.434164169963
1269000	-3438.9330035683915
1269500	-3430.202122566913
1270000	-3435.977244436146
1270500	-3431.6284975517224
1271000	-3439.110755363369
1271500	-3433.303868818303
1272000	-3425.349650652781
1272500	-3432.707604661624
1273000	-3434.19593787368
1273500	-3432.7177525967927
1274000	-3433.862830835256
1274500	-3428.4669810016703
1275000	-3427.0058992326885
1275500	-3424.835644736193
1276000	-3431.4443048463468
1276500	-3424.30763830185
1277000	-3427.0506247030935
1277500	-3432.0046832076364
1278000	-3429.971766742841
1278500	-3423.0030540543685
1279000	-3429.232632289222
1279500	-3427.4127905878695
1280000	-3423.7585372873373
1280500	-3426.419428059321
1281000	-3428.7426347678306
1281500	-3425.948195943463
1282000	-3430.184278825352
1282500	-3425.670325893248
1283000	-3421.1294904037827
1283500	-3429.826077578636
1284000	-3428.4782263108696
1284500	-3434.9899347067767
1285000	-3426.309377571251
1285500	-3426.247238510323
1286000	-3420.574436781393
1286500	-3427.91624751256
1287000	-3434.896267138877
1287500	-3425.1916476188667
1288000	-3422.35807010145
1288500	-3434.879342061712
1289000	-3426.8662467605373
1289500	-3424.310643321887
1290000	-3432.3584605081755
1290500	-3428.780039963121
1291000	-3433.7463841914687
1291500	-3424.713384180901
1292000	-3427.3173221463894
1292500	-3430.4864821934316
1293000	-3425.997385159001
1293500	-3432.72192640038
1294000	-3429.611180837718
1294500	-3431.828131223432
1295000	-3432.230029185784
1295500	-3424.552308068235
1296000	-3430.3305586468828
1296500	-3421.9669280030907
1297000	-3438.0863314660023
1297500	-3426.063483457196
1298000	-3430.1216702478982
1298500	-3435.0217493352293
1299000	-3421.4749880825693
1299500	-3435.454941977231
1300000	-3433.11184314114
1300500	-3428.7552528854703
1301000	-3429.910472800785
1301500	-3438.013374462085
1302000	-3429.806797248826
1302500	-3435.1920231081267
1303000	-3425.1335518050923
1303500	-3427.173653921223
1304000	-3437.5311211594026
1304500	-3427.94729505839
1305000	-3434.638604566876
1305500	-3429.390324152822
1306000	-3431.818662225934
1306500	-3429.36202595419
1307000	-3430.273616333404
1307500	-3429.6748776891645
1308000	-3425.6340914412544
1308500	-3420.398091492976
1309000	-3434.435405508076
1309500	-3424.5117448380047
1310000	-3423.753339066478
1310500	-3423.1690428903858
1311000	-3430.249706911513
1311500	-3428.9841008320273
1312000	-3426.5320266436206
1312500	-3421.3628501777875
1313000	-3436.452374749091
1313500	-3430.6622851561365
1314000	-3424.9205902852095
1314500	-3430.002823150745
1315000	-3432.081276531217
1315500	-3424.6057642587007
1316000	-3436.425121012426
1316500	-3424.9408850798773
1317000	-3420.87436341582
1317500	-3431.5660635244826
1318000	-3426.2009793434318
1318500	-3424.4731521116596
1319000	-3422.149864013213
1319500	-3433.6940931562585
1320000	-3424.4474907911954
1320500	-3427.7355784413794
1321000	-3428.166898231757
1321500	-3424.315643616753
1322000	-3430.057395855043
1322500	-3423.8242233292144
1323000	-3421.0781563184437
1323500	-3428.863992108474
1324000	-3431.4732821877647
1324500	-3418.8530407039398
1325000	-3423.8661088176214
1325500	-3428.131598484772
1326000	-3426.511768804434
1326500	-3429.3650722978714
1327000	-3428.9156852564197
1327500	-3426.416188098132
1328000	-3422.4281937233136
1328500	-3420.4067549600154
1329000	-3424.6308050395014
1329500	-3423.832841309349
1330000	-3429.333933107533
1330500	-3421.793397354236
1331000	-3427.5458221415233
1331500	-3428.0077840004014
1332000	-3426.3344664578044
1332500	-3423.314560668434
1333000	-3428.3525466115834
1333500	-3429.4057418184675
1334000	-3426.825512907734
1334500	-3428.9332631714456
1335000	-3421.016422361625
1335500	-3426.6938559040714
1336000	-3428.8386195495314
1336500	-3429.8342590329326
1337000	-3430.638597504342
1337500	-3421.6653616592967
1338000	-3421.4861953094905
1338500	-3424.006662291948
1339000	-3428.0433740148
1339500	-3437.933217454672
1340000	-3422.7821901232383
1340500	-3426.170105294194
1341000	-3431.1069237148313
1341500	-3443.2227679260877
1342000	-3437.736112949498
1342500	-3425.44055815551
1343000	-3428.2507862133652
1343500	-3433.196127576893
1344000	-3421.6933035531083
1344500	-3424.140479638473
1345000	-3429.307380798752
1345500	-3423.978363386657
1346000	-3429.6215083315674
1346500	-3430.344618077847
1347000	-3427.449223038705
1347500	-3431.915769138258
1348000	-3424.189788338831
1348500	-3424.1372014457074
1349000	-3433.3549131963177
1349500	-3425.1687763724835
1350000	-3428.8165236793848
1350500	-3436.9202310714186
1351000	-3429.627158002424
1351500	-3427.1459607983556
1352000	-3435.917474905404
1352500	-3425.289690648753
1353000	-3428.6319642086914
1353500	-3430.2410917387224
1354000	-3431.3535387577017
1354500	-3421.180881309395
1355000	-3423.447382416672
1355500	-3419.4339167592684
1356000	-3421.1057223355765
1356500	-3424.362737924228
1357000	-3427.18102385399
1357500	-3440.8766996069407
1358000	-3428.246840412366
1358500	-3422.893921398631
1359000	-3429.2720130009425
1359500	-3425.8134446303143
1360000	-3422.6662499017775
1360500	-3430.0366409721137
1361000	-3429.2324876139533
1361500	-3427.7309339231424
1362000	-3436.6934302144637
1362500	-3433.9202907666704
1363000	-3421.045813060417
1363500	-3422.687768977502
1364000	-3429.2572273979104
1364500	-3423.0470409714335
1365000	-3424.692736423316
1365500	-3426.3312274654895
1366000	-3431.6185887542683
1366500	-3430.6773303723417
1367000	-3433.7981643441512
1367500	-3434.21001026712
1368000	-3433.540051278818
1368500	-3426.462385259841
1369000	-3438.0125631911396
1369500	-3428.9247511044036
1370000	-3436.776027064155
1370500	-3423.303357545292
1371000	-3426.7005276126597
1371500	-3428.5528575732937
1372000	-3429.3803251307572
1372500	-3435.420668267525
1373000	-3429.635262864621
1373500	-3439.9733882439414
1374000	-3435.8589950135383
1374500	-3426.905985946315
1375000	-3424.446128277589
1375500	-3429.515902982774
1376000	-3423.311097965832
1376500	-3419.8064655125736
1377000	-3430.9773288451506
1377500	-3423.7636009149087
1378000	-3427.3523679613622
1378500	-3425.453450849734
1379000	-3425.069676517686
1379500	-3434.3884076377344
1380000	-3434.228199610361
1380500	-3427.437146737049
1381000	-3428.374837419371
1381500	-3434.220211147587
1382000	-3427.8387984006677
1382500	-3431.509238657444
1383000	-3430.7231659621543
1383500	-3434.096682756097
1384000	-3430.5679415305885
1384500	-3438.33198401175
1385000	-3428.152763618929
1385500	-3427.934733106017
1386000	-3432.6597703342763
1386500	-3431.2913546337068
1387000	-3434.373139830208
1387500	-3426.665416287265
1388000	-3435.1567286918894
1388500	-3436.026718437434
1389000	-3430.418447369635
1389500	-3432.199791012926
1390000	-3421.789192564274
1390500	-3439.50064982655
1391000	-3432.9482202296135
1391500	-3421.003025954446
1392000	-3436.4897757299277
1392500	-3424.943331690447
1393000	-3425.6488798728155
1393500	-3422.482234364043
1394000	-3431.3952660884615
1394500	-3437.4765690675235
1395000	-3428.7795367054096
1395500	-3422.3189202982167
1396000	-3426.657842150995
1396500	-3433.992097160988
1397000	-3432.8590652947164
1397500	-3439.183748539827
1398000	-3434.3703207288822
1398500	-3441.87635634279
1399000	-3434.0503547492776
1399500	-3435.501005923529
1400000	-3432.458811643728
1400500	-3433.741439485657
1401000	-3425.0277818449426
1401500	-3431.2882972152083
1402000	-3436.256019995511
1402500	-3425.8360415792413
1403000	-3439.553447067946
1403500	-3441.2687446607547
1404000	-3431.3147869101454
1404500	-3437.822446412314
1405000	-3434.899149972566
1405500	-3437.1859993168387
1406000	-3435.5156800123154
1406500	-3425.465784596304
1407000	-3424.8553455589936
1407500	-3422.825296522658
1408000	-3417.640548577687
1408500	-3423.162255446433
1409000	-3424.8662863703953
1409500	-3433.808539264856
1410000	-3426.074851254268
1410500	-3426.472147387243
1411000	-3425.205486035276
1411500	-3429.381550735476
1412000	-3424.194453478656
1412500	-3429.929167471377
1413000	-3428.998194086979
1413500	-3427.7307451448605
1414000	-3427.5938073465145
1414500	-3422.430820394552
1415000	-3420.4527560370407
1415500	-3427.7410922588365
1416000	-3432.519444101971
1416500	-3438.6687555804265
1417000	-3428.289123719688
1417500	-3423.034170720876
1418000	-3424.840433625588
1418500	-3421.9184436774335
1419000	-3418.883824500525
1419500	-3426.045913190953
1420000	-3433.0331447550734
1420500	-3429.046009562039
1421000	-3429.8227852384675
1421500	-3431.8689418530003
1422000	-3429.259590921544
1422500	-3421.024900858118
1423000	-3432.2541445918932
1423500	-3426.6315966382977
1424000	-3429.9664571745875
1424500	-3426.3468824766223
1425000	-3428.185650296529
1425500	-3431.2910844493035
1426000	-3428.4658777352197
1426500	-3428.724194338808
1427000	-3431.3065114396627
1427500	-3427.0886650541643
1428000	-3421.1642365136345
1428500	-3428.1446140102726
1429000	-3431.8072000104335
1429500	-3428.8665634280983
1430000	-3421.578081076466
1430500	-3421.286737460434
1431000	-3418.6588407725135
1431500	-3424.1977694112024
1432000	-3418.1491127646395
1432500	-3421.2682023317047
1433000	-3419.469289328728
1433500	-3429.297747809899
1434000	-3429.119035570443
1434500	-3420.3000377320773
1435000	-3418.37825152359
1435500	-3429.1980777566364
1436000	-3423.8142434457964
1436500	-3422.5419956427845
1437000	-3421.168243398955
1437500	-3435.489664877154
1438000	-3433.233781074135
1438500	-3438.1250973076326
1439000	-3441.2434484874248
1439500	-3434.8482996807243
1440000	-3440.9320877640403
1440500	-3437.563883514067
1441000	-3439.949316034068
1441500	-3436.0462060573254
1442000	-3438.0271536698106
1442500	-3434.1589929484826
1443000	-3428.0961533712675
1443500	-3429.6987086129034
1444000	-3429.3281271690976
1444500	-3432.6464093217205
1445000	-3430.6707299736486
1445500	-3437.045733349601
1446000	-3439.750995904327
1446500	-3432.3250030813083
1447000	-3432.0593143958845
1447500	-3431.5351786026367
1448000	-3422.617769733703
1448500	-3426.8970862265396
1449000	-3426.751063934527
1449500	-3426.4179257741844
1450000	-3426.562635290525
1450500	-3428.711937306756
1451000	-3427.6439158834164
1451500	-3448.737593456952
1452000	-3448.989280221763
1452500	-3440.518981507441
1453000	-3443.9168401968986
1453500	-3434.4551215810607
1454000	-3432.7093284821885
1454500	-3432.6265479169347
1455000	-3425.1370514209048
1455500	-3428.578934599176
1456000	-3428.411493055589
1456500	-3434.7847242841526
1457000	-3435.7396279007367
1457500	-3427.6965695791146
1458000	-3430.636012779962
1458500	-3435.465727289623
1459000	-3435.393534499611
1459500	-3429.232567006813
1460000	-3435.292865241982
1460500	-3430.042456179911
1461000	-3429.2543360820864
1461500	-3426.9489714050233
1462000	-3430.4553711701888
1462500	-3431.277835834068
1463000	-3428.9651077596595
1463500	-3438.297651456669
1464000	-3431.168560779074
1464500	-3432.295097689974
1465000	-3421.8004689657787
1465500	-3426.630807144961
1466000	-3426.700412945592
1466500	-3424.3725290966686
1467000	-3433.8257004978523
1467500	-3428.2482695111794
1468000	-3419.6514691644106
1468500	-3424.2287553984884
1469000	-3424.2963164194675
1469500	-3430.802273420569
1470000	-3429.579495886044
1470500	-3423.454400296176
1471000	-3425.8515181414914
1471500	-3426.737414699715
1472000	-3419.2296912092543
1472500	-3422.886247339771
1473000	-3422.612164917917
1473500	-3422.247452755721
1474000	-3424.368264607542
1474500	-3439.313998920029
1475000	-3437.069242602385
1475500	-3434.577495747934
1476000	-3437.725108388826
1476500	-3423.3679471223822
1477000	-3422.148515657297
1477500	-3430.163210350842
1478000	-3443.3197986282617
1478500	-3423.9457068595675
1479000	-3426.847394389425
1479500	-3425.5652036312913
1480000	-3423.9667512976566
1480500	-3427.302452639244
1481000	-3423.6396080167247
1481500	-3425.816896465723
1482000	-3429.7030334921624
1482500	-3425.8721085983516
1483000	-3425.934642526693
1483500	-3428.7173083310645
1484000	-3429.701148756173
1484500	-3421.150063063421
1485000	-3420.895698164257
1485500	-3429.4136358482033
1486000	-3434.3923086209043
1486500	-3432.1023222905487
1487000	-3429.5382350966343
1487500	-3423.0599003241055
1488000	-3429.3237649115226
1488500	-3424.9241472623353
1489000	-3428.172407583207
1489500	-3421.6563549101743
1490000	-3435.6701993107426
1490500	-3429.1639968596196
1491000	-3422.221541885887
1491500	-3425.429150145272
1492000	-3421.106550056037
1492500	-3428.774371531882
1493000	-3425.985825386853
1493500	-3434.091220680487
1494000	-3429.966886093632
1494500	-3434.773838454946
1495000	-3427.409994612812
1495500	-3437.9928971437084
1496000	-3431.1115106195643
1496500	-3439.336191408081
1497000	-3430.901015331178
1497500	-3428.8607315947156
1498000	-3433.571975925698
1498500	-3423.811176439041
1499000	-3431.65679125616
1499500	-3426.320662314465
1500000	-3434.1749095063706
