Sample	likelihood
0	-3497.9376447253844
500	-3505.182151086226
1000	-3513.197463876114
1500	-3513.9886211325143
2000	-3481.287748398679
2500	-3539.150068555037
3000	-3497.616654077794
3500	-3504.0675412329065
4000	-3504.805626633729
4500	-3487.5784275408746
5000	-3502.3672806264995
5500	-3502.2627825079308
6000	-3495.4902230197317
6500	-3489.2961722944506
7000	-3481.61744948609
7500	-3480.6473905672874
8000	-3497.7817426601055
8500	-3480.1634672163113
9000	-3477.7433059498444
9500	-3482.256252494963
10000	-3496.243652877838
10500	-3517.9824361705014
11000	-3483.870023681025
11500	-3479.576428257269
12000	-3509.6439296918647
12500	-3490.1172746251204
13000	-3496.1496174473414
13500	-3479.2515409744165
14000	-3532.637671306438
14500	-3517.9498108415237
15000	-3512.3263991921585
15500	-3488.048117935643
16000	-3509.012816638445
16500	-3505.102754444652
17000	-3484.1534517228497
17500	-3483.035859246456
18000	-3490.5224311533943
18500	-3496.61252995431
19000	-3504.1422761867743
19500	-3500.3413277722
20000	-3484.9644033342274
20500	-3501.894498535963
21000	-3494.5514730100895
21500	-3537.0390900575735
22000	-3496.3503245344405
22500	-3519.88639206644
23000	-3511.706111606513
23500	-3515.042719069238
24000	-3514.9828194336487
24500	-3491.865612794342
25000	-3488.0370448622784
25500	-3501.9863854146142
26000	-3478.746142856564
26500	-3474.2689831623225
27000	-3501.2486895306943
27500	-3471.926616983852
28000	-3482.2920827700073
28500	-3484.115951514148
29000	-3502.838416434443
29500	-3485.1712699908
30000	-3516.6238683855554
30500	-3515.934130859698
31000	-3522.1445163365465
31500	-3500.45026457874
32000	-3502.8912780383525
32500	-3485.7376393774093
33000	-3488.1590284589665
33500	-3481.168826735042
34000	-3518.844206125381
34500	-3470.9552510493445
35000	-3497.751817264992
35500	-3511.0486983282963
36000	-3496.240551759048
36500	-3517.293031038249
37000	-3519.350390878696
37500	-3502.098899670166
38000	-3504.2484087302805
38500	-3510.1972492254745
39000	-3522.926840115381
39500	-3508.5935148439903
40000	-3491.9238279410665
40500	-3500.814740611697
41000	-3541.692300018915
41500	-3497.5313371530624
42000	-3485.821978512004
42500	-3488.531414057891
43000	-3482.3615295490217
43500	-3487.1062190413745
44000	-3490.7779083687797
44500	-3484.406887913499
45000	-3480.3617553204267
45500	-3476.2956143951537
46000	-3466.7946054245003
46500	-3477.053534878157
47000	-3503.0449135023587
47500	-3465.136785425922
48000	-3499.887033265304
48500	-3485.6437574366364
49000	-3483.0252624255786
49500	-3495.39840540624
50000	-3506.9151075793484
50500	-3483.555769986815
51000	-3480.2029488597996
51500	-3484.7167011002202
52000	-3498.1630478452325
52500	-3498.8790570406168
53000	-3478.720579501596
53500	-3464.072151693253
54000	-3478.9112651024643
54500	-3480.659234508539
55000	-3489.5787090033214
55500	-3491.3916403918256
56000	-3491.8612402589574
56500	-3492.083035892957
57000	-3485.234660542632
57500	-3475.8374300834644
58000	-3477.501025069437
58500	-3489.9917601862107
59000	-3497.6815383204134
59500	-3513.1516474499895
60000	-3495.4034023670188
60500	-3464.256587401984
61000	-3456.9178252071706
61500	-3450.991737753735
62000	-3453.7811494817984
62500	-3456.6364164484667
63000	-3486.4973668662465
63500	-3485.241841945602
64000	-3490.2566001039236
64500	-3484.259517599144
65000	-3502.8149956611637
65500	-3481.9286900285
66000	-3518.9451445517357
66500	-3533.6564712460527
67000	-3504.7992914935367
67500	-3480.1634089241516
68000	-3471.780212731356
68500	-3520.4979140007226
69000	-3488.1530996297392
69500	-3475.7142938163242
70000	-3480.9468504878146
70500	-3480.322265184346
71000	-3483.2100316489878
71500	-3482.4549657674647
72000	-3479.76765447658
72500	-3486.9218056924356
73000	-3472.722109948908
73500	-3498.4531955753455
74000	-3494.511594776987
74500	-3529.1941384945535
75000	-3486.433362404392
75500	-3493.082456724969
76000	-3472.0797322100425
76500	-3524.310852821662
77000	-3522.496573466786
77500	-3496.620611536164
78000	-3504.6328628646515
78500	-3499.767709686053
79000	-3478.56180401113
79500	-3488.819477155862
80000	-3485.092314945844
80500	-3483.1350655376145
81000	-3519.1048535593745
81500	-3516.398518359713
82000	-3495.3144570139507
82500	-3509.4570562114377
83000	-3534.495338619166
83500	-3515.3121514753075
84000	-3492.2431831782774
84500	-3474.633051874063
85000	-3484.678680273019
85500	-3483.9186307142763
86000	-3459.7339365119733
86500	-3459.550110667198
87000	-3467.7724925836037
87500	-3481.1749403917456
88000	-3503.121560924317
88500	-3547.522608141031
89000	-3524.1454259126267
89500	-3524.137521327583
90000	-3545.217958816222
90500	-3522.9898497209906
91000	-3506.0696977343637
91500	-3468.4096052899395
92000	-3512.935600999703
92500	-3518.4898162128957
93000	-3525.298154667682
93500	-3506.783183622586
94000	-3534.9156550102853
94500	-3529.509834319392
95000	-3510.6840236509724
95500	-3528.1818063405303
96000	-3519.179494299885
96500	-3518.646214750105
97000	-3512.340650334925
97500	-3511.6968618326014
98000	-3478.030297531041
98500	-3467.346671894811
99000	-3490.318275399689
99500	-3473.0169296720615
100000	-3487.402770015663
100500	-3495.2400351956653
101000	-3501.200977310214
101500	-3482.4668298536085
102000	-3474.2106286948897
102500	-3499.2081549071
103000	-3471.035096974736
103500	-3477.658676858984
104000	-3494.5936598727217
104500	-3497.3945980123954
105000	-3479.3068704906086
105500	-3502.3014331233803
106000	-3492.189995113743
106500	-3475.2372470923906
107000	-3498.995006526234
107500	-3479.588402793352
108000	-3498.5983239322054
108500	-3483.7338887306
109000	-3492.603930229911
109500	-3501.734799171816
110000	-3505.564754464603
110500	-3473.9726876991326
111000	-3481.7757992760094
111500	-3485.518852116497
112000	-3518.630968741623
112500	-3499.2687203605137
113000	-3497.8649497100905
113500	-3490.8490461895626
114000	-3476.402087912573
114500	-3473.6342256182434
115000	-3474.883050427729
115500	-3466.5297030679994
116000	-3472.2533509819655
116500	-3489.3334168656024
117000	-3498.1686051152897
117500	-3504.468026361753
118000	-3545.607652188212
118500	-3519.1507050271375
119000	-3493.1696093067144
119500	-3488.891192878128
120000	-3481.3645009722327
120500	-3465.2914950909617
121000	-3456.8887918978708
121500	-3498.6889788726326
122000	-3504.8234615456217
122500	-3498.4732522058694
123000	-3483.382654865922
123500	-3484.2274940573907
124000	-3501.1670805569493
124500	-3493.3455011970495
125000	-3508.5620115869365
125500	-3489.1519811291378
126000	-3471.6703832958183
126500	-3469.8221181570516
127000	-3467.401546918756
127500	-3466.8632494732065
128000	-3484.6400932369816
128500	-3479.3173393574025
129000	-3467.6447851027224
129500	-3480.7176767129217
130000	-3468.17955599654
130500	-3467.6788849152013
131000	-3482.7737942205636
131500	-3504.6997766463865
132000	-3483.6402053020793
132500	-3472.8157032538234
133000	-3457.3973118391814
133500	-3455.6878771746165
134000	-3467.485588111737
134500	-3464.2274037751918
135000	-3484.5566060578108
135500	-3477.8663274080895
136000	-3470.1475416961775
136500	-3482.3966295868936
137000	-3454.9397254400683
137500	-3462.295574878728
138000	-3480.248484886855
138500	-3466.7727210641237
139000	-3494.478053248701
139500	-3472.0491630764695
140000	-3471.659090364837
140500	-3460.996192820688
141000	-3461.055443972704
141500	-3466.9840865018596
142000	-3469.982336622504
142500	-3472.6011605490353
143000	-3462.5564304272207
143500	-3469.8547126113745
144000	-3484.1320847106385
144500	-3479.96140718203
145000	-3474.199591922245
145500	-3491.651433204532
146000	-3488.4181571290815
146500	-3492.8217981528
147000	-3463.2699313638254
147500	-3461.6077308159925
148000	-3481.0836862677984
148500	-3455.7358506734304
149000	-3463.9061829889133
149500	-3486.5987625100734
150000	-3482.710972243042
150500	-3469.8658598136253
151000	-3459.335368539026
151500	-3480.794368198985
152000	-3470.6730049616217
152500	-3477.470433830036
153000	-3472.467459123661
153500	-3456.683938991203
154000	-3465.5567033302486
154500	-3455.606102132719
155000	-3471.5972417153143
155500	-3481.6857048361853
156000	-3478.216251389312
156500	-3467.458726472448
157000	-3467.391250257672
157500	-3483.9435570738083
158000	-3483.773057931282
158500	-3486.9129702074842
159000	-3480.3337455200303
159500	-3473.3851988414203
160000	-3470.2871922438817
160500	-3477.2374989682926
161000	-3468.8408727036194
161500	-3466.5156483193496
162000	-3478.1937250752467
162500	-3470.0046759722622
163000	-3476.1729317550344
163500	-3471.0488148661802
164000	-3456.9426761361324
164500	-3470.602287092415
165000	-3474.0883934825138
165500	-3470.548844991968
166000	-3493.331840268807
166500	-3485.7328071973466
167000	-3476.1040518262885
167500	-3467.998664146753
168000	-3467.56058491216
168500	-3493.5251935232627
169000	-3480.0243447956373
169500	-3498.1232391915296
170000	-3503.689666344486
170500	-3483.214897955907
171000	-3478.4884248140515
171500	-3481.4396930723883
172000	-3482.816722122921
172500	-3468.1167373510434
173000	-3473.940496347128
173500	-3482.7973787642786
174000	-3492.6348661955035
174500	-3470.0809674574684
175000	-3473.861678117694
175500	-3477.1050338801556
176000	-3472.0038022766457
176500	-3515.810239468034
177000	-3498.1942847626697
177500	-3496.621511772866
178000	-3529.39585197564
178500	-3478.3315484942955
179000	-3473.326260024434
179500	-3480.0086884819943
180000	-3486.060084202638
180500	-3499.2529632556516
181000	-3477.9517388256954
181500	-3515.9014066957143
182000	-3468.3356502203706
182500	-3501.3133264573707
183000	-3492.5895540092583
183500	-3508.3507213620164
184000	-3484.175197281913
184500	-3472.7348880397562
185000	-3483.507469441412
185500	-3498.373172636978
186000	-3510.455076312169
186500	-3506.243030849625
187000	-3492.2498238728945
187500	-3521.408767653706
188000	-3523.063941709884
188500	-3523.5517523909757
189000	-3505.177891857643
189500	-3559.485010266644
190000	-3538.5932086873713
190500	-3536.1907727187017
191000	-3544.89861730943
191500	-3520.8586821464673
192000	-3547.1113624153963
192500	-3552.5301885781982
193000	-3518.609390760156
193500	-3502.7636628033492
194000	-3509.930366458333
194500	-3491.6855923078197
195000	-3551.0105350573695
195500	-3512.960626210728
196000	-3518.166572497468
196500	-3501.156919907806
197000	-3499.730668610935
197500	-3500.6761852563036
198000	-3512.014618889255
198500	-3491.4008844924456
199000	-3497.4823675019375
199500	-3509.057585334979
200000	-3508.3077869022404
200500	-3525.7364295633124
201000	-3497.0654214241545
201500	-3479.2441064735917
202000	-3503.3105926832354
202500	-3517.4912709030186
203000	-3511.0882128184653
203500	-3506.317191026967
204000	-3507.0052880943495
204500	-3541.049459058347
205000	-3526.6328159876552
205500	-3529.116791483744
206000	-3493.0303163697827
206500	-3515.2773107847424
207000	-3509.3434654511498
207500	-3496.136109395641
208000	-3499.6748641857107
208500	-3511.152925287918
209000	-3533.028135541538
209500	-3520.2242907283867
210000	-3524.712265557337
210500	-3511.4127982477735
211000	-3521.745062864966
211500	-3528.464609496225
212000	-3544.1381476314823
212500	-3500.985423753476
213000	-3522.754714141048
213500	-3520.2977903286564
214000	-3516.9608979274844
214500	-3533.5938293282197
215000	-3512.012355688753
215500	-3473.0729603344244
216000	-3473.7558682342187
216500	-3464.5190740035155
217000	-3478.4443067098528
217500	-3492.7192385821777
218000	-3467.6202091469027
218500	-3482.801845953053
219000	-3524.068016437021
219500	-3499.158984975142
220000	-3481.6397326106157
220500	-3465.2402438578806
221000	-3477.523745705221
221500	-3480.608184459099
222000	-3478.711212877086
222500	-3460.821233046019
223000	-3481.837816930485
223500	-3484.817693347519
224000	-3493.116825158981
224500	-3511.362714994034
225000	-3466.4084482318663
225500	-3494.8429523900672
226000	-3507.329241712045
226500	-3458.9037426696277
227000	-3495.5548817027047
227500	-3469.9726089438095
228000	-3480.0334520026004
228500	-3479.2486950508255
229000	-3489.278643776449
229500	-3482.9330580358287
230000	-3489.3386914136413
230500	-3454.627218748859
231000	-3460.86277720101
231500	-3462.983100382205
232000	-3472.507535345771
232500	-3478.0654315075053
233000	-3531.275079514941
233500	-3506.8298757465636
234000	-3497.5119817819245
234500	-3474.887377877976
235000	-3477.1049119620684
235500	-3505.255041531381
236000	-3469.7982708358295
236500	-3493.350194693397
237000	-3483.314468530586
237500	-3474.0776992106044
238000	-3489.2235002293946
238500	-3502.509938140083
239000	-3482.4544164976774
239500	-3475.649473593739
240000	-3486.4426744789002
240500	-3489.534641807444
241000	-3481.2796079149575
241500	-3481.4005725155343
242000	-3471.6658392381723
242500	-3489.7676572324062
243000	-3503.431391852461
243500	-3480.4112989526093
244000	-3477.6288671002517
244500	-3495.027241416082
245000	-3509.603389714647
245500	-3490.965011609268
246000	-3501.175747310524
246500	-3504.2436106188084
247000	-3489.107183861824
247500	-3493.748862764811
248000	-3489.244194213452
248500	-3481.883493135936
249000	-3491.52576016881
249500	-3486.2359181130023
250000	-3473.966581703287
250500	-3484.6085953266575
251000	-3482.4666206133606
251500	-3494.43113935797
252000	-3476.3450656715295
252500	-3468.2279962346165
253000	-3477.866784245296
253500	-3497.1458152350697
254000	-3512.3865808776654
254500	-3476.070692973991
255000	-3479.3655263453866
255500	-3472.156533063245
256000	-3484.4260751288643
256500	-3483.490343604866
257000	-3494.37585676538
257500	-3503.7026702864023
258000	-3525.873768561667
258500	-3480.371163953058
259000	-3493.865596231658
259500	-3519.349567254429
260000	-3515.901763224201
260500	-3497.1181195537893
261000	-3499.149436275599
261500	-3512.31217255427
262000	-3513.8448765286116
262500	-3496.462737915688
263000	-3506.7837870711196
263500	-3529.918725129695
264000	-3507.812678170653
264500	-3522.99827851462
265000	-3536.2400637207024
265500	-3543.326496098291
266000	-3531.4335161959148
266500	-3521.121219294158
267000	-3550.6146365168083
267500	-3545.832802622194
268000	-3556.9436991179027
268500	-3522.1921923534733
269000	-3556.627895380588
269500	-3536.897040413256
270000	-3503.113087857418
270500	-3504.644783434385
271000	-3517.251510584281
271500	-3506.528393300352
272000	-3487.3564704291925
272500	-3496.796540985565
273000	-3493.0099139831073
273500	-3514.8735072481545
274000	-3500.470917228537
274500	-3510.5748124798856
275000	-3491.316817082702
275500	-3504.4059105407214
276000	-3500.0751512790225
276500	-3528.6375764485874
277000	-3507.8849126075193
277500	-3494.1995711555387
278000	-3475.4282672693685
278500	-3492.8988591965826
279000	-3476.5994181125307
279500	-3484.7625589539107
280000	-3505.7993409543747
280500	-3530.4426938767742
281000	-3534.896503029511
281500	-3545.5215905682257
282000	-3532.607327731471
282500	-3538.8768350015225
283000	-3538.1470549054243
283500	-3559.923517231789
284000	-3566.012100163652
284500	-3570.859273203043
285000	-3562.0429189947854
285500	-3542.880479411062
286000	-3535.8318367205793
286500	-3505.448164630077
287000	-3518.5453473234293
287500	-3540.4546606102845
288000	-3546.1138454511743
288500	-3528.9099908133235
289000	-3531.7832774256985
289500	-3555.408042433714
290000	-3529.8647211774046
290500	-3530.550153809817
291000	-3563.778564865991
291500	-3529.663344374616
292000	-3522.334021767737
292500	-3498.5358880182002
293000	-3528.348951326563
293500	-3503.401031312829
294000	-3517.362596829858
294500	-3533.8574099252864
295000	-3510.8616813907784
295500	-3544.5749244301505
296000	-3510.3087164961403
296500	-3510.5550959748007
297000	-3533.6017713392
297500	-3512.3640519502756
298000	-3524.3649666929573
298500	-3508.016539918396
299000	-3514.4179265057046
299500	-3491.6307749289613
300000	-3507.414111123316
300500	-3516.362136878082
301000	-3485.8720628627343
301500	-3522.597215948442
302000	-3524.9101325548863
302500	-3538.946518917613
303000	-3556.086431285639
303500	-3528.681894321208
304000	-3492.787919411385
304500	-3495.180347402336
305000	-3509.8119500216403
305500	-3505.3095687064865
306000	-3496.639448200976
306500	-3488.8200078981054
307000	-3508.2058426260683
307500	-3512.2523526914897
308000	-3504.6528186298397
308500	-3524.029858080093
309000	-3504.2311772835915
309500	-3485.799335694447
310000	-3490.257944626619
310500	-3463.0902340849666
311000	-3476.729155313099
311500	-3504.351355672772
312000	-3506.255893826199
312500	-3491.5448058312586
313000	-3503.6332539418445
313500	-3498.970737932539
314000	-3500.1741101792177
314500	-3500.2354338953924
315000	-3486.459213411917
315500	-3498.5195102719554
316000	-3468.577363280677
316500	-3497.339401967359
317000	-3485.8386690108996
317500	-3492.606762414232
318000	-3480.8222736843845
318500	-3499.425021578515
319000	-3500.9725234168486
319500	-3524.087767173421
320000	-3504.519608377641
320500	-3498.962683088597
321000	-3497.4204073014075
321500	-3502.1294638762765
322000	-3485.4134629174982
322500	-3491.931428468954
323000	-3488.214502881411
323500	-3511.83201629603
324000	-3482.4622292751887
324500	-3489.549675245907
325000	-3478.538003307587
325500	-3469.3430703922736
326000	-3475.3733328383173
326500	-3496.9355726846593
327000	-3489.3831306674115
327500	-3505.216150266231
328000	-3497.8868653650375
328500	-3507.803917242091
329000	-3494.8848282103404
329500	-3495.0377243703338
330000	-3496.278935355806
330500	-3495.4417801291083
331000	-3489.793590957861
331500	-3477.35135112707
332000	-3476.325151766914
332500	-3486.4421113969483
333000	-3489.9593679778213
333500	-3505.0374112605045
334000	-3479.7781372720046
334500	-3463.4304900858533
335000	-3512.0631730190603
335500	-3506.0449396606773
336000	-3485.9716576620012
336500	-3477.575522746127
337000	-3515.902487939007
337500	-3483.4729143092145
338000	-3471.162666125976
338500	-3485.325541965216
339000	-3480.6088788535153
339500	-3461.370655496946
340000	-3480.2277258718586
340500	-3500.658094047617
341000	-3477.2014499692837
341500	-3497.384030882617
342000	-3496.0571498350805
342500	-3489.1506936495352
343000	-3487.3162143344816
343500	-3468.9215471848406
344000	-3470.147497812128
344500	-3468.419668353209
345000	-3460.380074543206
345500	-3471.2927384572886
346000	-3512.9818011914244
346500	-3472.4147729041842
347000	-3498.4290111352784
347500	-3473.7026725329247
348000	-3493.3591301263773
348500	-3503.005340861387
349000	-3496.389971411898
349500	-3492.7409277441566
350000	-3522.839316376887
350500	-3502.865318332556
351000	-3500.2032161385187
351500	-3493.4186552803862
352000	-3493.5965384310985
352500	-3519.0261651353226
353000	-3480.7727263825714
353500	-3471.019538862581
354000	-3489.4488982053094
354500	-3504.687468663378
355000	-3473.738140828014
355500	-3514.9177617251817
356000	-3520.866243080024
356500	-3497.5741520954994
357000	-3495.892788618069
357500	-3506.3547106666692
358000	-3492.7500290507196
358500	-3487.079739059511
359000	-3487.415840503997
359500	-3480.7997087308368
360000	-3507.804896939788
360500	-3473.351851646643
361000	-3515.4685650640367
361500	-3497.152693515745
362000	-3480.4514032583147
362500	-3467.941854822004
363000	-3493.9384165572874
363500	-3509.2351985859536
364000	-3484.535738802159
364500	-3498.5485354441885
365000	-3479.637144242916
365500	-3471.551463490614
366000	-3475.869537343258
366500	-3483.93552007337
367000	-3481.446475842678
367500	-3504.1503043568428
368000	-3487.1309036412636
368500	-3495.3284154186504
369000	-3469.4768825494316
369500	-3490.318168858652
370000	-3485.4428064188824
370500	-3487.2828291204028
371000	-3493.6943062826695
371500	-3476.6895525680197
372000	-3488.936144617891
372500	-3503.7245758464487
373000	-3473.8055088018104
373500	-3490.9518018836548
374000	-3504.0623544731884
374500	-3491.7455130791777
375000	-3490.3990626821983
375500	-3477.4665843744237
376000	-3484.493438214531
376500	-3480.7224067766197
377000	-3477.2160207554302
377500	-3506.607811210067
378000	-3503.3430314553325
378500	-3514.2905545899507
379000	-3502.2807752039093
379500	-3500.5131720827103
380000	-3509.27012768153
380500	-3500.312365366052
381000	-3473.5514279130134
381500	-3493.423312975805
382000	-3511.08747447883
382500	-3490.466458522777
383000	-3500.1984831574496
383500	-3518.34303697237
384000	-3495.035261538004
384500	-3479.1989633470876
385000	-3492.958710649383
385500	-3495.3068177257974
386000	-3471.6332218899406
386500	-3484.6117440785983
387000	-3489.148906566519
387500	-3465.5918631060654
388000	-3465.9958199074636
388500	-3460.6961666138423
389000	-3453.8684165455943
389500	-3473.9520299921164
390000	-3480.439813229914
390500	-3469.04624849455
391000	-3464.0169926191384
391500	-3483.987259658666
392000	-3473.2810693353567
392500	-3475.2480557652207
393000	-3526.1683966957685
393500	-3501.35499601448
394000	-3511.2371689678384
394500	-3494.6437139580307
395000	-3494.0975369309454
395500	-3491.2287814464667
396000	-3480.558212836569
396500	-3479.909487332736
397000	-3491.5388255096946
397500	-3468.681948540461
398000	-3500.6462871410235
398500	-3472.9898609592124
399000	-3512.8409293768427
399500	-3507.6854613646356
400000	-3489.294400915246
400500	-3507.8275943257454
401000	-3519.4215048403803
401500	-3519.2324014232363
402000	-3493.978701454715
402500	-3515.7492030086805
403000	-3494.9233667319836
403500	-3492.7582851298253
404000	-3485.728735006217
404500	-3492.8375787092004
405000	-3498.1224836504625
405500	-3492.9935388601116
406000	-3483.8055222926414
406500	-3515.4001577716726
407000	-3493.6466463637657
407500	-3494.66851086788
408000	-3514.566414342027
408500	-3518.9991511428107
409000	-3524.871948357878
409500	-3524.808530941028
410000	-3513.389595426819
410500	-3487.493111928352
411000	-3487.6821450274906
411500	-3511.7116766080158
412000	-3491.895691103483
412500	-3479.9187007162236
413000	-3488.490561378245
413500	-3506.3817638849864
414000	-3499.1412359137453
414500	-3489.2760344174053
415000	-3492.357323387743
415500	-3515.645488111224
416000	-3480.281445779665
416500	-3479.9912658828584
417000	-3510.287588172408
417500	-3502.413920375498
418000	-3512.7616938360466
418500	-3501.6748348307888
419000	-3494.093712003251
419500	-3522.868152692291
420000	-3490.6928537829317
420500	-3506.8278843718217
421000	-3505.727010407717
421500	-3477.3165158879883
422000	-3486.173665117195
422500	-3514.1859817055665
423000	-3485.1937369808184
423500	-3523.318449622732
424000	-3539.2241416072434
424500	-3514.3825352936
425000	-3503.585655487772
425500	-3514.5368847498726
426000	-3501.6173537300215
426500	-3505.989822895725
427000	-3509.034187887369
427500	-3494.5867715675195
428000	-3467.0230671521927
428500	-3465.0542861682984
429000	-3472.3129135531412
429500	-3476.296688945192
430000	-3465.3027015618964
430500	-3471.3805382135547
431000	-3485.9732035025513
431500	-3503.7343643431095
432000	-3521.8997745343977
432500	-3510.439794003793
433000	-3483.6628027418533
433500	-3494.543010890404
434000	-3520.701646264804
434500	-3498.6032760112776
435000	-3487.1307418176984
435500	-3499.5109547920592
436000	-3519.290135583241
436500	-3503.176601723233
437000	-3506.616400403797
437500	-3502.0157325052364
438000	-3523.5446084409773
438500	-3525.4172379437473
439000	-3516.565433173301
439500	-3480.9991553875775
440000	-3486.268565695209
440500	-3508.2933738306137
441000	-3504.5450073582233
441500	-3538.203102182959
442000	-3504.51671852404
442500	-3484.2518891266145
443000	-3509.001289877273
443500	-3523.6511890292322
444000	-3513.060597917504
444500	-3527.9873636593975
445000	-3516.576137559698
445500	-3511.4017440603498
446000	-3511.112140920753
446500	-3526.738606355714
447000	-3538.887855425176
447500	-3527.22784726299
448000	-3526.5676847089967
448500	-3506.908911331228
449000	-3489.7449134075528
449500	-3514.928012514998
450000	-3518.408956545648
450500	-3529.3915019318893
451000	-3502.6248947167255
451500	-3511.1196250417506
452000	-3508.521881196816
452500	-3527.4718960995287
453000	-3502.635371645618
453500	-3493.779933873792
454000	-3484.406672302291
454500	-3520.8488794526643
455000	-3513.8927209394833
455500	-3516.875314398038
456000	-3501.492972876382
456500	-3511.2472951715863
457000	-3529.524731527187
457500	-3522.1248422346116
458000	-3507.954903492003
458500	-3530.7123624456135
459000	-3520.6821997879097
459500	-3555.057638475295
460000	-3525.8346925247743
460500	-3530.6097993832595
461000	-3506.2506861890524
461500	-3514.834359632348
462000	-3532.367637813132
462500	-3517.5341826373415
463000	-3510.838918912832
463500	-3527.785147631831
464000	-3500.4438658472577
464500	-3508.6209192721967
465000	-3519.398791991601
465500	-3528.446426318449
466000	-3550.2714230065594
466500	-3520.7128828270606
467000	-3518.105683947452
467500	-3505.844950245994
468000	-3505.5469942751756
468500	-3514.0170546679806
469000	-3519.803218487378
469500	-3534.2061676028243
470000	-3538.6884075200023
470500	-3544.3860037449463
471000	-3531.0751524432676
471500	-3535.2090878954523
472000	-3525.544789350093
472500	-3533.7522133090474
473000	-3510.760163218137
473500	-3518.156231248237
474000	-3525.7734261966834
474500	-3509.904448626856
475000	-3497.7186699844547
475500	-3512.535185832473
476000	-3515.5861270519154
476500	-3541.407626868607
477000	-3524.8369754224104
477500	-3534.381813505975
478000	-3507.5531448308766
478500	-3519.9686972189925
479000	-3504.7987555537084
479500	-3519.1234527906977
480000	-3498.693979148269
480500	-3498.521272020565
481000	-3511.0678419999467
481500	-3503.355675957119
482000	-3500.8574983861595
482500	-3524.0652594476182
483000	-3570.1022505111227
483500	-3546.5774717594836
484000	-3524.617104420889
484500	-3549.870073109735
485000	-3510.560691847382
485500	-3486.2820254265025
486000	-3496.7507263963007
486500	-3472.432626790175
487000	-3495.224243951692
487500	-3497.620239389485
488000	-3504.5359664253847
488500	-3495.088178574379
489000	-3502.8304959216634
489500	-3521.2720487020906
490000	-3519.295925925114
490500	-3499.732142270247
491000	-3504.570284837476
491500	-3506.7045992609355
492000	-3475.6293118980448
492500	-3488.783588242128
493000	-3510.947436610124
493500	-3497.8399436579416
494000	-3496.8806614068108
494500	-3518.2512659374797
495000	-3503.9655654232447
495500	-3500.737774005037
496000	-3498.086261485622
496500	-3513.344091552356
497000	-3506.095010945998
497500	-3536.484331206679
498000	-3555.03070935807
498500	-3488.470690533365
499000	-3509.5200868327856
499500	-3502.1510744407155
500000	-3505.3977479544333
500500	-3466.7438766899836
501000	-3463.2407568251924
501500	-3464.21190163948
502000	-3471.45917148087
502500	-3474.614013612464
503000	-3468.4701713209893
503500	-3460.8663719851816
504000	-3473.652837006716
504500	-3485.865270062174
505000	-3467.3342615819056
505500	-3486.3675274118455
506000	-3484.3515597816067
506500	-3468.395980803359
507000	-3476.4594774110356
507500	-3488.7758519366303
508000	-3466.616297323306
508500	-3463.888660870777
509000	-3465.2635418517402
509500	-3476.138227766757
510000	-3482.374233548733
510500	-3479.538872974936
511000	-3464.684554131354
511500	-3471.233733293334
512000	-3471.9713945113645
512500	-3465.0835638887606
513000	-3501.8879624409196
513500	-3478.365462399149
514000	-3479.5207852555595
514500	-3468.6929787234585
515000	-3505.7003089526975
515500	-3473.518730340686
516000	-3485.546092737871
516500	-3477.5578335339987
517000	-3489.719006457688
517500	-3469.8095671952856
518000	-3504.9823999791047
518500	-3485.3410719661833
519000	-3474.496904500265
519500	-3486.5681615950057
520000	-3521.7962081649616
520500	-3488.546470044367
521000	-3472.824837090824
521500	-3486.0989444505753
522000	-3502.826801955994
522500	-3519.487444534176
523000	-3476.0949005541797
523500	-3469.548613379251
524000	-3503.7174346122074
524500	-3487.338563982188
525000	-3486.0637411648268
525500	-3471.918051925616
526000	-3490.2522041001653
526500	-3488.3722266437426
527000	-3501.5802842075977
527500	-3480.7202791603117
528000	-3491.2172752812485
528500	-3472.856106402998
529000	-3469.9480402822833
529500	-3468.6227322095356
530000	-3485.9645379045387
530500	-3489.558198602571
531000	-3497.370105238685
531500	-3485.3257725133376
532000	-3489.790632902543
532500	-3487.957534581539
533000	-3470.539442172149
533500	-3459.910043567518
534000	-3494.4098605622976
534500	-3476.354809400438
535000	-3484.541032314584
535500	-3489.6012800183175
536000	-3489.6028405326083
536500	-3477.5122345324908
537000	-3467.6745604892662
537500	-3458.739937116161
538000	-3454.645948106481
538500	-3493.8481996922046
539000	-3491.113404942294
539500	-3480.1153249593294
540000	-3468.0546941661046
540500	-3488.1404959670713
541000	-3469.7457022294584
541500	-3461.1545804978296
542000	-3474.6481750159946
542500	-3483.2719186834133
543000	-3488.436843056199
543500	-3480.3418861507766
544000	-3472.0663449478293
544500	-3483.670656573928
545000	-3472.250117938736
545500	-3545.684690389287
546000	-3464.2245460122167
546500	-3490.756585639398
547000	-3487.7915941938227
547500	-3483.7365211719034
548000	-3469.3453972881957
548500	-3473.5482528149537
549000	-3492.883261381289
549500	-3501.895966983196
550000	-3495.573896094262
550500	-3498.5192599169986
551000	-3524.9534687456853
551500	-3507.527457105278
552000	-3528.539882568156
552500	-3527.587963631838
553000	-3531.125624232058
553500	-3527.5905060159644
554000	-3515.189823054219
554500	-3500.18274099432
555000	-3492.684415746377
555500	-3466.4205210620457
556000	-3495.233873746771
556500	-3491.4044294036585
557000	-3517.4116116151326
557500	-3505.8252355708755
558000	-3527.9934005670434
558500	-3505.6501236421955
559000	-3486.92907837691
559500	-3491.0906072432126
560000	-3508.1026073393987
560500	-3522.0166727871497
561000	-3526.3107189955285
561500	-3529.800176393115
562000	-3502.128661074408
562500	-3504.144390139038
563000	-3507.63254983866
563500	-3466.6795588563723
564000	-3449.8882365567124
564500	-3487.694119781297
565000	-3485.2407439828908
565500	-3496.4617925712605
566000	-3481.33837483367
566500	-3490.5715656957723
567000	-3515.8367952777794
567500	-3473.347124664282
568000	-3472.6257524530984
568500	-3499.0611221569184
569000	-3487.3394856279037
569500	-3491.382983603624
570000	-3502.9077416445984
570500	-3515.5535999510944
571000	-3497.826313660503
571500	-3521.999672969988
572000	-3486.494079514398
572500	-3484.7221119938317
573000	-3493.688019967821
573500	-3495.1947828591406
574000	-3494.510854070193
574500	-3481.127375914804
575000	-3490.2547983010027
575500	-3481.3870176723376
576000	-3475.214489596659
576500	-3479.4401103438245
577000	-3517.9944866473675
577500	-3491.512846297188
578000	-3475.45203761393
578500	-3511.4383942405934
579000	-3507.9461188331725
579500	-3488.7612304840063
580000	-3487.7678946272426
580500	-3490.876607565201
581000	-3509.735188996135
581500	-3487.4970947988086
582000	-3497.5681586965015
582500	-3507.4649423850506
583000	-3503.183895558437
583500	-3522.487445992132
584000	-3475.8695109815703
584500	-3489.028678187503
585000	-3479.138023621785
585500	-3495.68671005912
586000	-3486.403625547085
586500	-3511.242643258623
587000	-3514.311481133125
587500	-3550.8257801796312
588000	-3502.998052644715
588500	-3492.9458760591624
589000	-3486.4849921759856
589500	-3495.3466303431487
590000	-3504.6383243298715
590500	-3506.7964683167434
591000	-3481.7046343470693
591500	-3512.372729878109
592000	-3510.794154266647
592500	-3504.953909763551
593000	-3490.644970203273
593500	-3504.8942431224814
594000	-3486.7924313071726
594500	-3489.226504609634
595000	-3471.5641962568197
595500	-3496.5629790529774
596000	-3469.6481481396945
596500	-3503.3496826518544
597000	-3481.2705361257167
597500	-3500.851507428867
598000	-3452.005949536275
598500	-3458.2140056513076
599000	-3475.8694253260537
599500	-3499.5374705620393
600000	-3479.9078793353333
600500	-3477.28851375698
601000	-3467.225533104784
601500	-3472.2874512978697
602000	-3460.6890091494106
602500	-3494.265252075078
603000	-3478.143455359487
603500	-3469.4629980388872
604000	-3487.609150290328
604500	-3502.539868573929
605000	-3502.634361447551
605500	-3489.21844057204
606000	-3484.23329091496
606500	-3495.155112105586
607000	-3488.1550963756094
607500	-3482.7220677602854
608000	-3481.763001835617
608500	-3485.4177199233827
609000	-3494.6047114100325
609500	-3487.6461156175187
610000	-3511.103279168028
610500	-3483.419399569387
611000	-3459.220714695043
611500	-3477.13083244623
612000	-3472.8292558902585
612500	-3494.9866639731213
613000	-3483.9384152069615
613500	-3485.8151969410683
614000	-3472.199959793069
614500	-3489.5598768245363
615000	-3485.251950207697
615500	-3491.0042996935135
616000	-3481.887078370733
616500	-3489.556838353131
617000	-3481.7890119781528
617500	-3506.253519460523
618000	-3516.1270389642295
618500	-3499.7246435211428
619000	-3510.877423675125
619500	-3482.720916467544
620000	-3481.6377540757194
620500	-3471.372735977895
621000	-3475.5616746115443
621500	-3468.2065610614313
622000	-3473.6891208934694
622500	-3462.496494264419
623000	-3483.6934782017493
623500	-3460.912026490174
624000	-3466.501853586262
624500	-3488.186460662015
625000	-3483.659522538734
625500	-3477.3536722093836
626000	-3471.2267835397174
626500	-3496.9523646502844
627000	-3473.8387767048785
627500	-3549.5079929195945
628000	-3494.8038441829913
628500	-3469.133674150887
629000	-3479.3154814302497
629500	-3476.8977946680648
630000	-3448.4825454147126
630500	-3478.6400760122615
631000	-3489.138308437492
631500	-3470.08263894416
632000	-3476.5862384508873
632500	-3480.4380499466015
633000	-3505.466597931236
633500	-3486.7184082362287
634000	-3510.0589879367562
634500	-3510.287885843798
635000	-3464.0754682424263
635500	-3469.772137997913
636000	-3454.907388385524
636500	-3462.2530957819904
637000	-3486.843849178502
637500	-3497.7397998352376
638000	-3522.8793948280254
638500	-3523.5878938853043
639000	-3472.689918050888
639500	-3491.2124536853216
640000	-3479.513604470789
640500	-3480.9357128017905
641000	-3461.716697757733
641500	-3451.2322975816364
642000	-3482.5271064070935
642500	-3494.508522081228
643000	-3492.47026549643
643500	-3466.024871909968
644000	-3482.1244713467636
644500	-3491.3650630962793
645000	-3482.771769739957
645500	-3491.539983826152
646000	-3479.6183308481577
646500	-3463.022389214666
647000	-3449.0889935502487
647500	-3456.1108652733546
648000	-3487.8927251162754
648500	-3501.6499426580517
649000	-3484.52361554665
649500	-3487.461699598115
650000	-3484.402963370821
650500	-3506.2150212315205
651000	-3481.343492349827
651500	-3493.8403217910495
652000	-3535.120412467222
652500	-3458.9056585174308
653000	-3462.421444329136
653500	-3467.8498250314706
654000	-3476.571310738814
654500	-3486.6361644561466
655000	-3481.6374107617194
655500	-3485.0958553299542
656000	-3487.8253285394126
656500	-3474.6523770050385
657000	-3490.5432942055513
657500	-3482.569542738827
658000	-3476.095076133938
658500	-3485.559798500234
659000	-3469.171198047726
659500	-3475.5798878603728
660000	-3478.0610780857933
660500	-3486.8424930042042
661000	-3484.8409857114684
661500	-3468.0677479583787
662000	-3492.79286371727
662500	-3453.003761998928
663000	-3458.8391117336387
663500	-3470.6788234631845
664000	-3474.1142952034857
664500	-3502.7835716983705
665000	-3492.4827908172356
665500	-3481.0202882046387
666000	-3494.236725062355
666500	-3495.237810010966
667000	-3493.261201893461
667500	-3484.3605557939572
668000	-3490.0632407255794
668500	-3496.478379345111
669000	-3489.5307231850998
669500	-3488.999873483127
670000	-3486.2068091266324
670500	-3486.3964208367997
671000	-3500.020496388671
671500	-3473.796059276284
672000	-3464.88885678601
672500	-3463.3319243892447
673000	-3486.2732164698464
673500	-3485.8455852457846
674000	-3480.6088183374595
674500	-3480.090078168665
675000	-3476.5225934842115
675500	-3500.335253167115
676000	-3498.6076462763644
676500	-3463.863258737505
677000	-3472.7720301667177
677500	-3486.220998673668
678000	-3493.76568923384
678500	-3528.642118491608
679000	-3527.824161709316
679500	-3519.7637797908938
680000	-3490.946377082092
680500	-3469.9467667152535
681000	-3486.656980341733
681500	-3504.626579514288
682000	-3508.7941795560214
682500	-3513.7023555231826
683000	-3492.7504297657406
683500	-3525.8337496974827
684000	-3532.6091417607818
684500	-3540.9442669126483
685000	-3521.7929693849364
685500	-3517.6902066180965
686000	-3467.3948736485977
686500	-3496.092766787684
687000	-3487.414573523052
687500	-3515.032724164337
688000	-3529.555399206547
688500	-3501.8714904644494
689000	-3499.8241000526546
689500	-3536.2451772261825
690000	-3524.812131090067
690500	-3514.3583911717633
691000	-3520.7717599605908
691500	-3511.861283124163
692000	-3517.1358121954295
692500	-3528.0965480532864
693000	-3507.705760519599
693500	-3504.0350179580187
694000	-3505.973339114663
694500	-3511.2376204640905
695000	-3490.9289863764348
695500	-3531.4070119824846
696000	-3534.84784067667
696500	-3535.221200605184
697000	-3522.442885436906
697500	-3498.453917422299
698000	-3499.9960209497467
698500	-3506.898275406869
699000	-3490.4261189336703
699500	-3529.9130382331755
700000	-3541.560469112254
700500	-3492.185583656048
701000	-3498.8062521755164
701500	-3518.12290475875
702000	-3518.764363575396
702500	-3478.0717060108736
703000	-3518.518002504213
703500	-3532.496155381448
704000	-3509.0858123692383
704500	-3514.719423512065
705000	-3528.9235676448325
705500	-3525.615008909098
706000	-3538.1302135194887
706500	-3541.513042842503
707000	-3512.6024418290003
707500	-3512.262701415496
708000	-3518.4972572055576
708500	-3515.519920477472
709000	-3500.8543980080753
709500	-3496.6649215548673
710000	-3495.640028110496
710500	-3495.3878216878534
711000	-3498.913509272446
711500	-3507.3516159131573
712000	-3489.3731207375004
712500	-3493.0710749580585
713000	-3487.103421112259
713500	-3472.8227397782052
714000	-3501.357655224249
714500	-3464.3810000649028
715000	-3497.501009708436
715500	-3467.1704554088747
716000	-3464.0256725582476
716500	-3472.573850010969
717000	-3476.3192110749906
717500	-3457.513041193641
718000	-3482.9806359655295
718500	-3486.8791519545716
719000	-3472.8162096894876
719500	-3473.4705250424868
720000	-3458.310968075036
720500	-3466.281794138022
721000	-3478.93316337994
721500	-3465.3730251291922
722000	-3482.652420408669
722500	-3495.6110393455606
723000	-3473.280840987887
723500	-3495.159840817687
724000	-3498.5787617672395
724500	-3511.1255766226277
725000	-3488.8686274231222
725500	-3491.758182159511
726000	-3478.5417375190236
726500	-3481.386644283644
727000	-3490.5496031718517
727500	-3489.5198893760025
728000	-3494.016857460634
728500	-3486.75505210806
729000	-3475.406449913109
729500	-3465.0614621462546
730000	-3468.4819965222673
730500	-3454.570915794874
731000	-3453.4092174808848
731500	-3468.290269744295
732000	-3456.619932050388
732500	-3508.1098364157965
733000	-3486.4342960472445
733500	-3497.099462454894
734000	-3498.4410646586975
734500	-3477.748002650447
735000	-3510.754975861375
735500	-3508.8092755150683
736000	-3509.6586336639625
736500	-3516.6602773504746
737000	-3464.2222556448887
737500	-3499.131989602681
738000	-3488.917199988639
738500	-3499.4882152353853
739000	-3494.661294858012
739500	-3478.5577786834574
740000	-3531.1820242262133
740500	-3515.440760479557
741000	-3510.5407821385443
741500	-3514.5132491612467
742000	-3463.540115216685
742500	-3472.5816294920196
743000	-3461.118252231882
743500	-3464.543601448141
744000	-3470.6377181573953
744500	-3478.18414158234
745000	-3478.868228124368
745500	-3460.2494461942483
746000	-3472.3091267489617
746500	-3466.601340076187
747000	-3482.3109508618422
747500	-3454.322347895388
748000	-3459.7430205300657
748500	-3486.4764050002887
749000	-3471.9604198300335
749500	-3450.960922770519
750000	-3451.1428991072166
750500	-3476.584897628365
751000	-3454.3167319166732
751500	-3486.3303737378205
752000	-3477.6913375244485
752500	-3482.3074062123733
753000	-3495.501874230583
753500	-3471.3176666758213
754000	-3462.3420334879943
754500	-3451.6569049421714
755000	-3480.8191814086963
755500	-3509.7277331397718
756000	-3481.8106048721693
756500	-3479.2628249012073
757000	-3484.823231589266
757500	-3460.1078695248484
758000	-3460.9508945879784
758500	-3489.178213577718
759000	-3477.5801312469325
759500	-3481.940645417546
760000	-3473.8300274245394
760500	-3477.1772680021927
761000	-3473.406224430406
761500	-3473.8889578340613
762000	-3469.254157322855
762500	-3456.479836065683
763000	-3473.037832737266
763500	-3487.2256611412845
764000	-3469.520075253883
764500	-3458.080169461108
765000	-3463.689856722366
765500	-3455.6504102245367
766000	-3445.964799922265
766500	-3503.5065121508896
767000	-3464.9935352353764
767500	-3480.84962049563
768000	-3469.4488112114714
768500	-3486.1078489907436
769000	-3473.771653704253
769500	-3491.1044844086837
770000	-3479.761697748941
770500	-3485.860290040989
771000	-3465.9424403665416
771500	-3456.6185418282926
772000	-3463.773465256804
772500	-3499.7770241106064
773000	-3485.723711004789
773500	-3482.8366588504127
774000	-3501.321449079954
774500	-3484.8750690085512
775000	-3462.536497544187
775500	-3485.496431616608
776000	-3463.8260569158897
776500	-3461.84383914974
777000	-3457.352498426789
777500	-3469.359160983358
778000	-3480.630623203501
778500	-3456.309251818354
779000	-3498.8968980514373
779500	-3473.7633005500124
780000	-3450.6164347766558
780500	-3441.098885613347
781000	-3454.219814109624
781500	-3447.030144738424
782000	-3459.459408476221
782500	-3484.952322397358
783000	-3485.034468807656
783500	-3473.1005679955074
784000	-3488.5657373437016
784500	-3473.6201831177605
785000	-3459.377997239491
785500	-3475.3703823782935
786000	-3473.0894436477565
786500	-3480.7589925197944
787000	-3480.8823559007787
787500	-3461.286821282097
788000	-3476.94579417744
788500	-3447.682888747906
789000	-3472.938340534228
789500	-3471.3637377116306
790000	-3475.521701237138
790500	-3460.8349964705267
791000	-3479.4462796014786
791500	-3475.6545945309667
792000	-3520.9700462057463
792500	-3482.702559457371
793000	-3466.182911043124
793500	-3479.7550138589077
794000	-3511.8563238948655
794500	-3461.997696217169
795000	-3464.1950328973508
795500	-3494.8181220210367
796000	-3505.7444752228134
796500	-3482.992491562093
797000	-3489.68515539304
797500	-3481.7402391121786
798000	-3451.804236517102
798500	-3487.0117305449944
799000	-3518.2094681314265
799500	-3504.4266254228933
800000	-3500.4147198340816
800500	-3496.3717391173186
801000	-3484.4893288386415
801500	-3487.920744111612
802000	-3502.0227842038507
802500	-3528.3377999609384
803000	-3486.7523564904714
803500	-3487.802499940661
804000	-3504.837189017046
804500	-3487.787743398187
805000	-3508.3594230219037
805500	-3493.142339544554
806000	-3477.7525977471423
806500	-3477.4609408928795
807000	-3485.1833518041144
807500	-3467.689017015291
808000	-3471.06327029831
808500	-3486.5629919656953
809000	-3487.580997995774
809500	-3473.306743278642
810000	-3475.298686627486
810500	-3456.986063847628
811000	-3490.4624717576908
811500	-3457.796440639253
812000	-3486.9443348801665
812500	-3480.1086476999767
813000	-3477.0514876719185
813500	-3465.717420570277
814000	-3487.760062222129
814500	-3480.866592817612
815000	-3472.882228318389
815500	-3485.9662362552217
816000	-3465.01116273692
816500	-3465.126904588689
817000	-3469.3710781544687
817500	-3463.477413644148
818000	-3494.6470564201404
818500	-3479.249772883415
819000	-3497.522207666979
819500	-3521.965572502504
820000	-3514.7724698470865
820500	-3517.145889780835
821000	-3498.9943873191346
821500	-3502.4343946875915
822000	-3501.7176438507004
822500	-3480.1028962382707
823000	-3495.6927720721374
823500	-3486.352951297922
824000	-3494.276036633112
824500	-3515.3285279483976
825000	-3503.6061541330037
825500	-3509.351148721737
826000	-3500.2448363665117
826500	-3505.545950834083
827000	-3518.840681531054
827500	-3527.6725113253515
828000	-3510.8020719439887
828500	-3533.551813781062
829000	-3504.640391868436
829500	-3521.3411449434707
830000	-3518.4538131513837
830500	-3501.8234955402486
831000	-3504.4358041059036
831500	-3498.6610531681613
832000	-3491.2069490696877
832500	-3475.976035985717
833000	-3508.08052986796
833500	-3506.9067352781917
834000	-3503.6782666263753
834500	-3492.474221533068
835000	-3477.466146082416
835500	-3487.6233657689813
836000	-3493.740769182604
836500	-3497.556961053402
837000	-3509.4377483099047
837500	-3534.8921101849605
838000	-3503.198266719845
838500	-3489.779693879148
839000	-3481.944976685416
839500	-3480.7203703958166
840000	-3481.7220149877603
840500	-3498.9488782318663
841000	-3489.654477388818
841500	-3502.523668495034
842000	-3505.1195268659285
842500	-3481.9972608534886
843000	-3502.682421901467
843500	-3514.512720805484
844000	-3493.669751084704
844500	-3485.8299938515706
845000	-3514.646153081509
845500	-3492.6124452503277
846000	-3482.498257185421
846500	-3490.7801480832786
847000	-3490.7038860975094
847500	-3494.0960156023466
848000	-3482.8162204671466
848500	-3472.0079705215962
849000	-3468.171289116855
849500	-3494.6052050127655
850000	-3481.1674439617045
850500	-3498.442481719477
851000	-3474.561028051277
851500	-3465.496017213098
852000	-3485.7016156077407
852500	-3483.8975528872215
853000	-3457.808943927401
853500	-3456.4219816534737
854000	-3470.5143504145126
854500	-3462.7163165884185
855000	-3449.377804696076
855500	-3443.69338445233
856000	-3473.570394878481
856500	-3466.9581282867925
857000	-3478.410790370002
857500	-3461.047869619535
858000	-3472.7813033675716
858500	-3490.4679756156984
859000	-3488.968126012202
859500	-3464.592451187203
860000	-3454.981979794602
860500	-3494.9956163330608
861000	-3502.271342457195
861500	-3480.7747698555545
862000	-3470.489091333648
862500	-3456.208676201607
863000	-3490.500163592531
863500	-3467.0719163774625
864000	-3476.424718770964
864500	-3469.3874184859615
865000	-3467.080468874548
865500	-3495.1292977882604
866000	-3481.0481450732477
866500	-3463.5121176216226
867000	-3475.612276928226
867500	-3473.3090582417462
868000	-3487.9469431038133
868500	-3487.6094359543376
869000	-3460.7898244114695
869500	-3482.9730935059815
870000	-3453.845908072319
870500	-3488.0812034683736
871000	-3485.1733173060497
871500	-3459.9273015257027
872000	-3451.9609334831516
872500	-3475.0049816342516
873000	-3498.5232601861126
873500	-3474.4921040487707
874000	-3499.5734422101737
874500	-3460.5070096949203
875000	-3460.751117350663
875500	-3463.3199446182007
876000	-3473.596304170251
876500	-3461.4885598508954
877000	-3451.4016095426123
877500	-3475.6075979071966
878000	-3474.467644921866
878500	-3513.064287333867
879000	-3473.683715387945
879500	-3478.905307724504
880000	-3480.966805374836
880500	-3462.074978585677
881000	-3449.935409545938
881500	-3465.839661797368
882000	-3476.1989253824163
882500	-3475.962899450659
883000	-3470.832697410671
883500	-3458.5533503811153
884000	-3461.4309353050617
884500	-3501.9847422489397
885000	-3480.7631827705372
885500	-3448.411765379209
886000	-3481.036193588254
886500	-3488.813177715538
887000	-3472.7987026224087
887500	-3507.135635314774
888000	-3505.7688613871255
888500	-3480.9583027789167
889000	-3472.602362669123
889500	-3490.945399682334
890000	-3490.8923691342648
890500	-3506.097746837925
891000	-3489.8737173242757
891500	-3509.2551544387843
892000	-3482.7258262258433
892500	-3479.518939893383
893000	-3512.9970157926195
893500	-3492.8161128443717
894000	-3458.6954430315436
894500	-3467.6844589248803
895000	-3454.042195491935
895500	-3465.0833171951663
896000	-3456.625951776175
896500	-3500.6511262012777
897000	-3469.3533896050503
897500	-3472.115613755613
898000	-3475.317876560951
898500	-3488.949913147251
899000	-3491.1601330870317
899500	-3484.404655514715
900000	-3473.408863608162
900500	-3497.4755371561782
901000	-3494.9750119217347
901500	-3485.8415568213577
902000	-3528.4306491563643
902500	-3488.8010015369114
903000	-3476.1811174033187
903500	-3490.3302214596824
904000	-3484.0591766518355
904500	-3499.386619105115
905000	-3507.8140019202483
905500	-3506.760424086516
906000	-3508.5024000957005
906500	-3510.893711393479
907000	-3517.099592083058
907500	-3520.805993751458
908000	-3529.7512912491216
908500	-3516.139330425426
909000	-3507.7186239381645
909500	-3510.0195642088497
910000	-3514.09469360913
910500	-3489.1928775320634
911000	-3509.343470407278
911500	-3490.9686183707718
912000	-3493.852815032712
912500	-3505.666025662857
913000	-3513.940345297841
913500	-3516.3834600689925
914000	-3506.790774195643
914500	-3493.822752794129
915000	-3501.249270562414
915500	-3509.7077693243873
916000	-3480.58002275112
916500	-3479.9899913073086
917000	-3471.138884759398
917500	-3498.1808217549315
918000	-3481.489827040234
918500	-3486.6085907092724
919000	-3463.22585031093
919500	-3470.0186876619346
920000	-3483.810557277131
920500	-3472.189522955944
921000	-3492.655743039836
921500	-3526.3032533844257
922000	-3509.8243009492394
922500	-3478.9684695823394
923000	-3449.282139188718
923500	-3472.2920361857214
924000	-3460.515962782301
924500	-3484.054782487246
925000	-3478.1050927611554
925500	-3497.6284680141052
926000	-3508.236646941492
926500	-3476.558641784502
927000	-3477.3671551128473
927500	-3475.307436340306
928000	-3483.91927753233
928500	-3477.292720287416
929000	-3466.3369561340105
929500	-3490.4879592145553
930000	-3491.469721835426
930500	-3488.234477864966
931000	-3476.723915778077
931500	-3490.9488272993385
932000	-3460.8405252376733
932500	-3461.750644275298
933000	-3478.427491103214
933500	-3482.9759386935857
934000	-3480.383409592557
934500	-3499.388529075201
935000	-3503.0364809182297
935500	-3463.400822180011
936000	-3489.1879458284666
936500	-3490.5182551772705
937000	-3506.4331568725493
937500	-3511.837935699582
938000	-3480.136152682388
938500	-3456.485085484678
939000	-3484.8356198383076
939500	-3469.401327702631
940000	-3479.7398776141044
940500	-3508.2758961790314
941000	-3513.110624128962
941500	-3479.2772552120737
942000	-3537.347717338385
942500	-3494.2444813794878
943000	-3499.9675851308702
943500	-3489.8570994429906
944000	-3491.782980968828
944500	-3486.738296005025
945000	-3504.388321875647
945500	-3515.4436971609102
946000	-3493.6595372180013
946500	-3502.2993889368354
947000	-3514.8605511968826
947500	-3524.7096759423266
948000	-3484.790836936854
948500	-3496.755266153066
949000	-3477.9547048845207
949500	-3474.957934661651
950000	-3498.944740195619
950500	-3513.5368165405243
951000	-3505.245120003522
951500	-3494.383685163848
952000	-3508.738237476971
952500	-3504.0616094408956
953000	-3542.866575579671
953500	-3528.521004676662
954000	-3498.1669130467003
954500	-3488.821748789647
955000	-3499.7524327126894
955500	-3509.5576825068147
956000	-3475.971681906996
956500	-3521.659964900059
957000	-3494.4508200079554
957500	-3507.9286306675826
958000	-3503.8817517583966
958500	-3493.501618333278
959000	-3463.6098284861064
959500	-3499.4348245031597
960000	-3480.921731951215
960500	-3473.768390901328
961000	-3465.619178804641
961500	-3482.0028252093143
962000	-3476.890451029827
962500	-3495.0762224822943
963000	-3507.819552947926
963500	-3495.7857845366625
964000	-3498.0870434980543
964500	-3505.809961463762
965000	-3503.3086733310283
965500	-3511.418383165826
966000	-3504.252147743039
966500	-3489.806810530025
967000	-3498.9341725392533
967500	-3501.9155056809054
968000	-3489.7674624634187
968500	-3481.0400461835934
969000	-3474.624334986493
969500	-3489.304076063756
970000	-3487.237898857555
970500	-3492.684256417785
971000	-3499.0756321628073
971500	-3489.558937072238
972000	-3476.397181653343
972500	-3471.3780096517594
973000	-3494.264456551563
973500	-3512.831531177718
974000	-3505.3326696830704
974500	-3496.6135376902876
975000	-3502.7151369739786
975500	-3502.935934462566
976000	-3466.389131423525
976500	-3470.947330982663
977000	-3483.833584696641
977500	-3476.398165392941
978000	-3471.1357874096934
978500	-3464.428705528864
979000	-3471.681152073376
979500	-3480.481093420635
980000	-3472.873778799925
980500	-3485.6455423045827
981000	-3480.4204841954565
981500	-3477.2171424766875
982000	-3493.0435266368227
982500	-3475.02980372208
983000	-3479.503611838056
983500	-3470.53879632556
984000	-3464.9497032826544
984500	-3465.0314637416973
985000	-3472.3348777490296
985500	-3480.914007457661
986000	-3463.1073528260913
986500	-3488.9549119101
987000	-3504.8696340354145
987500	-3506.4264243230537
988000	-3465.8528082633916
988500	-3465.3266289579105
989000	-3503.7130860173356
989500	-3470.6740614314817
990000	-3467.9504980911097
990500	-3462.1058606136744
991000	-3444.8777221530613
991500	-3474.6924539656657
992000	-3478.505707250416
992500	-3461.0968262473443
993000	-3494.7764289519837
993500	-3485.5831719270896
994000	-3495.397813374735
994500	-3496.8335032582327
995000	-3484.6518250353342
995500	-3472.6542159936644
996000	-3490.485241394686
996500	-3481.1774747238705
997000	-3493.635817520118
997500	-3489.21291940461
998000	-3512.698881165141
998500	-3458.479430783081
999000	-3484.6427725683006
999500	-3486.4072156788366
1000000	-3492.38091638154
1000500	-3471.603066172277
1001000	-3481.2621058028917
1001500	-3493.916404145283
1002000	-3487.878777815909
1002500	-3543.444059740693
1003000	-3528.953807509457
1003500	-3502.162024507435
1004000	-3538.0217261691996
1004500	-3497.3552273819228
1005000	-3492.163078584165
1005500	-3480.171943687636
1006000	-3471.221038386397
1006500	-3489.1811881491135
1007000	-3491.4185023911173
1007500	-3492.5985030039164
1008000	-3493.854765902596
1008500	-3467.3018418383153
1009000	-3469.03669074745
1009500	-3469.779635060249
1010000	-3484.5930687523733
1010500	-3483.4491628751775
1011000	-3490.388666169122
1011500	-3492.38509311085
1012000	-3485.9800144838114
1012500	-3483.948202495652
1013000	-3475.037061737842
1013500	-3501.758676444303
1014000	-3494.092177994093
1014500	-3501.254509944407
1015000	-3503.8395228847817
1015500	-3496.9673595478753
1016000	-3495.956432598887
1016500	-3482.563991723003
1017000	-3492.667204200802
1017500	-3499.941512399202
1018000	-3482.763165858825
1018500	-3470.13593402957
1019000	-3476.2023420419355
1019500	-3503.243749031473
1020000	-3508.030705634316
1020500	-3501.094651676303
1021000	-3521.7882545414873
1021500	-3490.522572771614
1022000	-3495.2767175607173
1022500	-3479.6522819554652
1023000	-3496.3136563575918
1023500	-3500.0208239161516
1024000	-3479.859378862192
1024500	-3507.339856125593
1025000	-3490.6507907485425
1025500	-3478.7039136050053
1026000	-3496.113395888047
1026500	-3493.348390248868
1027000	-3473.8172522330997
1027500	-3470.9471695097036
1028000	-3494.593567012548
1028500	-3488.8926064634143
1029000	-3496.556730520612
1029500	-3498.0619892214117
1030000	-3477.8991149467524
1030500	-3493.217027413397
1031000	-3507.5656521180013
1031500	-3492.4844883317655
1032000	-3491.90643633562
1032500	-3506.078341025179
1033000	-3485.3777044783824
1033500	-3496.7797477660606
1034000	-3496.1748441580994
1034500	-3522.4831913940834
1035000	-3495.654234425224
1035500	-3511.0103927325495
1036000	-3508.6503377858853
1036500	-3520.070384462333
1037000	-3508.5423580164343
1037500	-3515.0312869927525
1038000	-3512.3429195636118
1038500	-3526.9830240788933
1039000	-3510.842489212109
1039500	-3492.664604958023
1040000	-3505.5972429714316
1040500	-3498.6381815106542
1041000	-3506.7691347903433
1041500	-3524.64760148459
1042000	-3505.180533019231
1042500	-3475.6153485486166
1043000	-3481.266776236494
1043500	-3486.1178578789863
1044000	-3516.213022020289
1044500	-3505.9486077934057
1045000	-3485.9141080791032
1045500	-3462.472251905451
1046000	-3505.9407456372173
1046500	-3462.4612623721246
1047000	-3460.954099787916
1047500	-3460.920624356091
1048000	-3467.511471700876
1048500	-3473.4029786614624
1049000	-3475.0120656783474
1049500	-3476.736537743509
1050000	-3468.944804550596
1050500	-3454.804571973816
1051000	-3477.0790575505976
1051500	-3481.726757038018
1052000	-3470.3084914019946
1052500	-3516.248349968904
1053000	-3472.1165653010594
1053500	-3477.393907939419
1054000	-3475.0430967883517
1054500	-3491.9601561905934
1055000	-3502.8467659788635
1055500	-3519.0730690685205
1056000	-3518.1884467960354
1056500	-3504.7057143635825
1057000	-3549.8678590230993
1057500	-3503.4211858975223
1058000	-3478.411707452006
1058500	-3472.4390404844944
1059000	-3475.298397003872
1059500	-3479.380259932949
1060000	-3481.21243700008
1060500	-3456.9225719139777
1061000	-3480.114757014102
1061500	-3462.0506406143086
1062000	-3489.58029507543
1062500	-3494.538688276215
1063000	-3491.3572616493584
1063500	-3498.530632936128
1064000	-3494.765286523295
1064500	-3482.6688580804976
1065000	-3476.5026475446207
1065500	-3495.8470286606916
1066000	-3480.8525276217133
1066500	-3490.758133436634
1067000	-3493.618670943563
1067500	-3481.1174706543748
1068000	-3508.9897627327964
1068500	-3482.6246719529704
1069000	-3481.3697099259593
1069500	-3495.24440064048
1070000	-3479.074217195445
1070500	-3473.6681138242334
1071000	-3467.3052559564007
1071500	-3448.679514250456
1072000	-3462.1136516202037
1072500	-3464.925160496701
1073000	-3462.954204184801
1073500	-3496.5288664333393
1074000	-3475.8872521056596
1074500	-3489.7542800739207
1075000	-3493.188117975664
1075500	-3480.4343002133432
1076000	-3477.569631507232
1076500	-3476.831311136211
1077000	-3480.9320742674154
1077500	-3512.417999611418
1078000	-3506.598954206554
1078500	-3502.763024402366
1079000	-3473.4683683271783
1079500	-3510.8657727157847
1080000	-3498.0776038736326
1080500	-3512.7436839718757
1081000	-3503.70414054946
1081500	-3501.1211040741146
1082000	-3487.496426475069
1082500	-3504.385319181816
1083000	-3514.9976658806713
1083500	-3496.4033158550255
1084000	-3489.039695646228
1084500	-3486.0723699849427
1085000	-3479.6777766167556
1085500	-3469.81231558969
1086000	-3472.6167816309426
1086500	-3485.7568525741176
1087000	-3502.3371530067257
1087500	-3454.6466260008215
1088000	-3491.507950185295
1088500	-3505.716702448135
1089000	-3514.980273643698
1089500	-3497.217288215355
1090000	-3482.7223129228087
1090500	-3487.3774972979363
1091000	-3477.4559599713784
1091500	-3489.737959894565
1092000	-3500.4181137323794
1092500	-3495.848864966786
1093000	-3456.888384218213
1093500	-3462.0608385385835
1094000	-3484.7637113962383
1094500	-3476.0943460855283
1095000	-3493.0788484103336
1095500	-3499.5297203586324
1096000	-3486.6077322080027
1096500	-3483.9005044804426
1097000	-3477.358849080369
1097500	-3490.129740742403
1098000	-3468.231442236939
1098500	-3479.435563527822
1099000	-3489.260519039682
1099500	-3472.7822013892664
1100000	-3456.665446967816
1100500	-3461.4813437830753
1101000	-3452.9706457172224
1101500	-3515.220858138048
1102000	-3495.9316863483173
1102500	-3518.628584073703
1103000	-3482.22470353071
1103500	-3483.67316432836
1104000	-3494.4873793096795
1104500	-3453.729921816974
1105000	-3476.426780363793
1105500	-3477.6281016550925
1106000	-3463.8945318643337
1106500	-3490.7866743507752
1107000	-3498.5870869371283
1107500	-3512.7883928385095
1108000	-3483.1631591243586
1108500	-3493.7360919997286
1109000	-3502.9008717944193
1109500	-3472.8415719993695
1110000	-3491.697032014134
1110500	-3474.546816875669
1111000	-3494.8818455769438
1111500	-3480.6182826815984
1112000	-3475.2617645993664
1112500	-3478.497417107993
1113000	-3468.8024880457015
1113500	-3476.1291722954184
1114000	-3482.8499769495675
1114500	-3511.312141637562
1115000	-3524.4386545251286
1115500	-3500.640617171394
1116000	-3502.694562391629
1116500	-3493.4412391465858
1117000	-3498.2143546700463
1117500	-3519.363357517223
1118000	-3500.9465086356367
1118500	-3486.4224666335954
1119000	-3481.1210030269544
1119500	-3475.6130514558854
1120000	-3472.440153342317
1120500	-3491.350267463616
1121000	-3502.7741648165347
1121500	-3467.1342228549374
1122000	-3477.222261837769
1122500	-3477.837613690991
1123000	-3505.8266152810174
1123500	-3489.9541900346358
1124000	-3482.1486799501795
1124500	-3490.4027088653343
1125000	-3484.2719981323535
1125500	-3476.283792560184
1126000	-3510.3943697369377
1126500	-3513.1619184341544
1127000	-3462.8547081284332
1127500	-3475.017314269365
1128000	-3480.7902552564433
1128500	-3489.2423401851506
1129000	-3476.347230183268
1129500	-3478.7932369023624
1130000	-3466.25928049145
1130500	-3475.7851353091637
1131000	-3473.6804571073003
1131500	-3472.9640530158654
1132000	-3470.7762638659306
1132500	-3469.7229907450323
1133000	-3466.1125724264043
1133500	-3489.457950333139
1134000	-3467.8787429174054
1134500	-3470.361456945635
1135000	-3485.1333188906992
1135500	-3481.5479802423
1136000	-3479.5663952464533
1136500	-3486.354188403942
1137000	-3489.1083533667415
1137500	-3476.5548662799692
1138000	-3454.9202152221355
1138500	-3475.918947697648
1139000	-3473.779901609359
1139500	-3469.3643842689144
1140000	-3478.6462969870004
1140500	-3463.250058929897
1141000	-3465.1251800841874
1141500	-3477.331461949868
1142000	-3467.8874506731145
1142500	-3511.176105901802
1143000	-3512.257260041307
1143500	-3562.517097602566
1144000	-3516.8312466917237
1144500	-3513.8867086613272
1145000	-3501.699444286701
1145500	-3486.07229579989
1146000	-3508.00607107311
1146500	-3505.07441200936
1147000	-3479.427599026005
1147500	-3518.74796722276
1148000	-3517.8689812465427
1148500	-3497.64412785553
1149000	-3510.2715326489924
1149500	-3506.069384673541
1150000	-3510.1967472928777
1150500	-3494.614350264816
1151000	-3482.903003283456
1151500	-3495.4498989271488
1152000	-3507.0172190958947
1152500	-3510.7510049978628
1153000	-3517.3490873906408
1153500	-3471.2237090024937
1154000	-3509.701505359462
1154500	-3494.047072110097
1155000	-3523.2548879760825
1155500	-3531.047417419792
1156000	-3521.9814396256024
1156500	-3489.4089649053794
1157000	-3519.0073411820567
1157500	-3515.984966763694
1158000	-3522.617121160792
1158500	-3515.1544636404587
1159000	-3528.885582475014
1159500	-3513.3431773293073
1160000	-3542.4376023491973
1160500	-3500.215995120906
1161000	-3491.010334614386
1161500	-3490.217056837148
1162000	-3463.2693640342354
1162500	-3506.0373727970923
1163000	-3510.813808730242
1163500	-3512.328334303942
1164000	-3504.670773598509
1164500	-3479.7325569038962
1165000	-3490.233950267421
1165500	-3497.020436012796
1166000	-3482.230479196517
1166500	-3502.5051748498377
1167000	-3487.993414321303
1167500	-3494.0051074301714
1168000	-3495.27600301194
1168500	-3499.438646267333
1169000	-3489.0682199965972
1169500	-3523.8415485596215
1170000	-3493.1930088637996
1170500	-3482.441096706968
1171000	-3502.256809474668
1171500	-3505.290783873842
1172000	-3506.576826501639
1172500	-3508.058705659578
1173000	-3477.3077734848084
1173500	-3504.206205378386
1174000	-3508.526929070857
1174500	-3515.7564641266817
1175000	-3480.0455779469103
1175500	-3483.101952112073
1176000	-3476.953621577904
1176500	-3472.0368864440993
1177000	-3455.685981944471
1177500	-3477.2851764226566
1178000	-3473.5301988457904
1178500	-3492.3151733247996
1179000	-3469.0689576815
1179500	-3484.227872313192
1180000	-3468.8082749318787
1180500	-3476.5801302091877
1181000	-3480.837329473415
1181500	-3489.242607505235
1182000	-3476.261691100961
1182500	-3479.371718091582
1183000	-3492.824571433674
1183500	-3473.4929095031584
1184000	-3482.255325182586
1184500	-3481.0346671523944
1185000	-3524.9379960121505
1185500	-3488.365408998326
1186000	-3495.797116356919
1186500	-3486.8119322307157
1187000	-3473.609252843407
1187500	-3485.0860918495196
1188000	-3483.5306200142472
1188500	-3475.872904898231
1189000	-3470.7881338283505
1189500	-3461.493054734852
1190000	-3476.49980558673
1190500	-3478.3653522946406
1191000	-3486.2001495957315
1191500	-3497.9509437719744
1192000	-3497.6835969882604
1192500	-3482.115913474376
1193000	-3485.1945088896464
1193500	-3475.281282734778
1194000	-3491.842195579896
1194500	-3486.6843862151163
1195000	-3452.277985973486
1195500	-3480.545169802403
1196000	-3463.8300553733197
1196500	-3466.375726439993
1197000	-3486.3864104276436
1197500	-3462.6130505296605
1198000	-3472.376501575429
1198500	-3472.63482953407
1199000	-3501.5610593283736
1199500	-3512.21086769322
1200000	-3472.884398504194
1200500	-3501.0300786529156
1201000	-3491.542410190095
1201500	-3515.0856973382283
1202000	-3498.015035893898
1202500	-3495.719787416109
1203000	-3494.5514933692357
1203500	-3508.6965967115048
1204000	-3519.171583876905
1204500	-3506.9345301703997
1205000	-3491.8901448654506
1205500	-3490.613800466829
1206000	-3481.966248828001
1206500	-3466.3599565304735
1207000	-3495.6231489911315
1207500	-3514.7016561041582
1208000	-3510.108171810821
1208500	-3480.410118220153
1209000	-3517.2363484018283
1209500	-3513.702750421731
1210000	-3507.579890416608
1210500	-3495.0068711931863
1211000	-3487.2077158471443
1211500	-3482.9607735202508
1212000	-3487.7896472913776
1212500	-3489.8658483569893
1213000	-3502.313455669084
1213500	-3474.71655784394
1214000	-3462.6353328092846
1214500	-3464.911980426105
1215000	-3491.809332433169
1215500	-3474.1080450531845
1216000	-3487.52494693699
1216500	-3477.9544200412647
1217000	-3475.708625640883
1217500	-3466.6055104838447
1218000	-3483.16679526923
1218500	-3474.375452813705
1219000	-3470.7358890941464
1219500	-3465.2122935960224
1220000	-3499.9916634523724
1220500	-3466.6116815375203
1221000	-3482.481190762377
1221500	-3495.74191261112
1222000	-3479.761090063941
1222500	-3469.0096029211545
1223000	-3469.265351393792
1223500	-3466.7643767278314
1224000	-3473.631729799655
1224500	-3481.4876649831663
1225000	-3465.142084109939
1225500	-3499.022924820017
1226000	-3476.2426019193663
1226500	-3490.7627311486062
1227000	-3501.4983211156377
1227500	-3489.0262990504993
1228000	-3482.219188895135
1228500	-3479.3024837935636
1229000	-3466.99051266152
1229500	-3479.202769465128
1230000	-3472.8005968515017
1230500	-3480.602710929177
1231000	-3477.4881048743996
1231500	-3466.5251008065284
1232000	-3467.6397619576946
1232500	-3464.684588707797
1233000	-3476.2647489781116
1233500	-3478.217972893557
1234000	-3463.562690976758
1234500	-3467.005013397354
1235000	-3476.084182378754
1235500	-3480.9702115543123
1236000	-3478.586192143977
1236500	-3524.5205672457555
1237000	-3488.8255614419922
1237500	-3464.2625016360225
1238000	-3503.409063288032
1238500	-3493.028214575879
1239000	-3468.406183371034
1239500	-3456.2626018068636
1240000	-3507.779798779883
1240500	-3483.8190400574576
1241000	-3484.2839403701173
1241500	-3486.247321920616
1242000	-3486.3332951010066
1242500	-3482.6989627051203
1243000	-3466.8483060296558
1243500	-3470.844306704822
1244000	-3477.912769115875
1244500	-3483.7469416200247
1245000	-3472.1777595636013
1245500	-3461.8237970219657
1246000	-3487.550802247429
1246500	-3475.606381079876
1247000	-3477.31798409697
1247500	-3458.7000554102824
1248000	-3507.8461016482715
1248500	-3496.25486990007
1249000	-3475.4509051759933
1249500	-3473.497382118633
1250000	-3478.1267946871426
1250500	-3494.506698983725
1251000	-3484.8422850090424
1251500	-3483.9670509531297
1252000	-3495.076852672123
1252500	-3463.5222963771753
1253000	-3462.7068015044883
1253500	-3474.793447863027
1254000	-3460.4165589690365
1254500	-3469.7933608794333
1255000	-3501.0350706910285
1255500	-3502.6659941909297
1256000	-3463.266678154869
1256500	-3464.0225588756325
1257000	-3466.395212823468
1257500	-3457.7832705467945
1258000	-3477.3240297020448
1258500	-3449.0484315253266
1259000	-3489.0819459500394
1259500	-3467.688066499806
1260000	-3512.9972387382736
1260500	-3469.0743290920764
1261000	-3473.375090552594
1261500	-3473.8780546090775
1262000	-3493.473995639188
1262500	-3478.1772810611656
1263000	-3467.0159081251068
1263500	-3498.3632843157206
1264000	-3532.3952860630384
1264500	-3495.6715173445155
1265000	-3500.4961957880446
1265500	-3516.7437685081086
1266000	-3493.465950416863
1266500	-3465.4892402155724
1267000	-3471.391329281647
1267500	-3486.237297917963
1268000	-3481.096257384192
1268500	-3489.650619431758
1269000	-3509.465060488909
1269500	-3499.8220685556735
1270000	-3493.6006377935664
1270500	-3493.6873126008195
1271000	-3487.078509316831
1271500	-3474.065266495916
1272000	-3501.0321574223694
1272500	-3487.8476245396173
1273000	-3492.869172547425
1273500	-3491.100702414542
1274000	-3476.756374233114
1274500	-3500.2564145031142
1275000	-3501.4370209144504
1275500	-3501.0258166353365
1276000	-3483.1111921403676
1276500	-3520.6327229573726
1277000	-3512.2043809675715
1277500	-3498.3993364978573
1278000	-3488.5302492148126
1278500	-3515.3573067188713
1279000	-3484.439259167928
1279500	-3513.6872619701435
1280000	-3502.8762772228315
1280500	-3501.5969253691537
1281000	-3529.396963076127
1281500	-3506.1443999332923
1282000	-3487.2689807044844
1282500	-3513.10703709016
1283000	-3509.1644328261714
1283500	-3507.811912191371
1284000	-3495.2890280764186
1284500	-3494.482429433923
1285000	-3516.1454952408753
1285500	-3500.6353857364
1286000	-3490.8657183673236
1286500	-3486.841430318863
1287000	-3491.830634534197
1287500	-3486.552103462452
1288000	-3492.33365019178
1288500	-3486.993112322809
1289000	-3503.8622272417183
1289500	-3501.995016572265
1290000	-3522.172416023968
1290500	-3489.406407797754
1291000	-3482.00412222536
1291500	-3487.051074028583
1292000	-3488.4816709757856
1292500	-3510.0545151444053
1293000	-3508.452907267393
1293500	-3483.5318931013253
1294000	-3482.4123753388412
1294500	-3495.3525782330717
1295000	-3505.0209664457393
1295500	-3506.280030837186
1296000	-3491.7183522437126
1296500	-3496.694788462569
1297000	-3512.4437987378255
1297500	-3531.832651567878
1298000	-3512.9979539940305
1298500	-3525.209053552417
1299000	-3515.188461807367
1299500	-3510.3442780432815
1300000	-3491.090681987191
1300500	-3487.382652839858
1301000	-3501.5425811472396
1301500	-3474.9733256978097
1302000	-3500.5944619451197
1302500	-3474.792126315241
1303000	-3498.5789020620136
1303500	-3477.0446149132135
1304000	-3488.10782806281
1304500	-3469.1831463934286
1305000	-3487.9053338116787
1305500	-3464.194699017168
1306000	-3475.031962728848
1306500	-3492.2938593159497
1307000	-3492.2795122811967
1307500	-3477.4158173428846
1308000	-3471.811990956376
1308500	-3482.73630323751
1309000	-3470.644453082679
1309500	-3482.724283538064
1310000	-3494.469002833559
1310500	-3471.952853382056
1311000	-3473.5014979519415
1311500	-3482.41440910813
1312000	-3505.8340053629836
1312500	-3498.657885650677
1313000	-3467.412806552224
1313500	-3467.1601158028056
1314000	-3474.8584524447742
1314500	-3469.8314356888845
1315000	-3464.1861060027213
1315500	-3456.4521921653554
1316000	-3472.054884929589
1316500	-3486.1345851082838
1317000	-3502.1934431739
1317500	-3495.944281975192
1318000	-3501.7388324480335
1318500	-3496.2804951201338
1319000	-3471.000632538732
1319500	-3467.1020503718637
1320000	-3456.444540299124
1320500	-3453.048226906159
1321000	-3478.027862514223
1321500	-3466.992366215106
1322000	-3467.6331945026723
1322500	-3463.6643616599836
1323000	-3443.0534186577597
1323500	-3467.664028011109
1324000	-3457.8042683004596
1324500	-3457.0238470114145
1325000	-3459.2699759554307
1325500	-3464.5701555695123
1326000	-3474.0720626577277
1326500	-3489.497051410796
1327000	-3467.8403469252567
1327500	-3481.2920390323334
1328000	-3473.6748196860694
1328500	-3456.0250987916183
1329000	-3451.881941541994
1329500	-3450.9035922003195
1330000	-3464.6199485966526
1330500	-3449.9983103214145
1331000	-3464.391802205088
1331500	-3472.872479596198
1332000	-3471.6596111632166
1332500	-3472.257450110088
1333000	-3475.25069683922
1333500	-3498.308279556611
1334000	-3484.3776474857864
1334500	-3494.498483894262
1335000	-3476.274391661774
1335500	-3474.1325406787328
1336000	-3477.529119445656
1336500	-3479.0440051888318
1337000	-3477.9058139761723
1337500	-3461.7158922531075
1338000	-3461.0811263640103
1338500	-3488.799756946606
1339000	-3480.633653403904
1339500	-3490.6952802135943
1340000	-3464.1026718252247
1340500	-3479.8462870635335
1341000	-3455.8799621222374
1341500	-3465.655059902212
1342000	-3463.8029325572284
1342500	-3473.5185479170655
1343000	-3449.5231694999316
1343500	-3486.2695875780028
1344000	-3471.7840529374193
1344500	-3478.130165816454
1345000	-3475.5931344703813
1345500	-3460.535585161735
1346000	-3462.6597210430646
1346500	-3500.107736664566
1347000	-3465.6993363338556
1347500	-3491.5314854623634
1348000	-3475.090121424984
1348500	-3500.2215323697164
1349000	-3480.1386813751114
1349500	-3501.277727829558
1350000	-3471.689619599612
1350500	-3499.9396378154997
1351000	-3478.160715878293
1351500	-3473.4066463152158
1352000	-3490.806383056275
1352500	-3489.482525730517
1353000	-3489.897492784485
1353500	-3471.4743979941513
1354000	-3478.0470140721063
1354500	-3459.9460390140794
1355000	-3497.1394743585583
1355500	-3510.1288169861273
1356000	-3503.5484203194223
1356500	-3496.4992614764624
1357000	-3494.6379374231333
1357500	-3485.348609986652
1358000	-3487.2194423104957
1358500	-3468.8635825838232
1359000	-3487.9445411383854
1359500	-3489.162397094114
1360000	-3501.5521671398824
1360500	-3503.4984962418143
1361000	-3502.5775322596155
1361500	-3492.769790523501
1362000	-3472.5153110769
1362500	-3487.34329489505
1363000	-3497.9326466655925
1363500	-3493.1829523174383
1364000	-3519.367604325605
1364500	-3503.26961675846
1365000	-3535.199228491409
1365500	-3561.221760608171
1366000	-3479.2754713838663
1366500	-3507.4942842498917
1367000	-3526.1716093851865
1367500	-3512.42156311982
1368000	-3493.420166601134
1368500	-3524.8082838045366
1369000	-3542.4557709459777
1369500	-3535.189504265071
1370000	-3548.872300815294
1370500	-3515.4804614852146
1371000	-3533.378081320346
1371500	-3515.198408452325
1372000	-3528.027335249016
1372500	-3524.8308575947367
1373000	-3539.348926539228
1373500	-3517.904152329414
1374000	-3492.367952962606
1374500	-3513.0508998264554
1375000	-3493.53431946414
1375500	-3497.5357778998286
1376000	-3492.2065709878957
1376500	-3516.410939575748
1377000	-3507.288988472762
1377500	-3471.1424193293583
1378000	-3467.147457919577
1378500	-3495.82126362042
1379000	-3463.6211513526787
1379500	-3483.279042169912
1380000	-3513.2901636168262
1380500	-3494.949505176664
1381000	-3488.9709185931324
1381500	-3477.693036736946
1382000	-3468.7071960868216
1382500	-3469.464919877286
1383000	-3464.394533775655
1383500	-3475.177793788115
1384000	-3490.0327005658187
1384500	-3478.1362536167717
1385000	-3497.7697282683325
1385500	-3467.6525547231363
1386000	-3491.304196017609
1386500	-3453.1073090889117
1387000	-3471.0913167746685
1387500	-3456.7804601305816
1388000	-3478.547501097513
1388500	-3481.038955923396
1389000	-3500.874239321608
1389500	-3523.6581136175464
1390000	-3481.0899081317934
1390500	-3510.424881218433
1391000	-3472.647240993988
1391500	-3461.1903782823883
1392000	-3466.4613544224794
1392500	-3477.359934497913
1393000	-3501.292653881563
1393500	-3478.3749040993303
1394000	-3484.5889536544632
1394500	-3483.6072567805086
1395000	-3455.2661346727346
1395500	-3465.7226248278444
1396000	-3458.2734900316045
1396500	-3454.4166655227564
1397000	-3467.314991933278
1397500	-3493.99534004143
1398000	-3446.7558202179625
1398500	-3454.154604552767
1399000	-3462.261747766764
1399500	-3449.146742939638
1400000	-3477.368853253172
1400500	-3474.4796621007936
1401000	-3455.0343194158904
1401500	-3466.3825439093516
1402000	-3446.834761219191
1402500	-3447.353910636802
1403000	-3453.1318426922257
1403500	-3486.0919354255634
1404000	-3480.114563136156
1404500	-3462.983178370898
1405000	-3486.1137621161497
1405500	-3478.392657495
1406000	-3476.744649845294
1406500	-3470.705145402125
1407000	-3488.8426880624575
1407500	-3497.1668482904665
1408000	-3504.767440709225
1408500	-3480.4888326008413
1409000	-3492.1286738686854
1409500	-3496.2364247786336
1410000	-3485.3607082213916
1410500	-3475.5549245463385
1411000	-3490.4101958793894
1411500	-3474.4531435629024
1412000	-3462.649760798183
1412500	-3470.5409933665424
1413000	-3457.5939364517044
1413500	-3468.4934722503012
1414000	-3490.984232395525
1414500	-3474.2686272769415
1415000	-3444.593104509933
1415500	-3479.7185218672544
1416000	-3482.2373542167643
1416500	-3513.0494607494525
1417000	-3471.2946679308625
1417500	-3475.1283467845183
1418000	-3469.425255895694
1418500	-3464.851284481711
1419000	-3463.992834353817
1419500	-3487.8303392866255
1420000	-3497.45388280733
1420500	-3457.9288230898587
1421000	-3463.675588381379
1421500	-3477.3131707333073
1422000	-3491.135699627826
1422500	-3488.5376132599345
1423000	-3492.8698874220004
1423500	-3479.3624439045734
1424000	-3487.795683802068
1424500	-3469.8382586360794
1425000	-3475.564681844163
1425500	-3471.087924622966
1426000	-3483.6359666445433
1426500	-3454.6489678754824
1427000	-3474.7793187289067
1427500	-3472.7223418156664
1428000	-3471.5621164060703
1428500	-3469.7135670057532
1429000	-3477.7967171195396
1429500	-3454.2142743313816
1430000	-3487.349242082434
1430500	-3496.488809987065
1431000	-3489.297188370073
1431500	-3479.154243867226
1432000	-3481.7167676350364
1432500	-3476.9853107782565
1433000	-3470.433666136701
1433500	-3498.783847837808
1434000	-3445.020807731011
1434500	-3479.7593002160716
1435000	-3459.738829773527
1435500	-3460.555233845181
1436000	-3456.7277293350303
1436500	-3452.2628078928874
1437000	-3459.2807077716407
1437500	-3449.6289765891697
1438000	-3461.718330494265
1438500	-3491.3026246982536
1439000	-3465.4316463980185
1439500	-3461.9908566710787
1440000	-3484.3431013067357
1440500	-3467.7710197273327
1441000	-3454.3432391907145
1441500	-3458.5404333897445
1442000	-3475.474879533496
1442500	-3474.402351204562
1443000	-3462.3582002100693
1443500	-3471.737080899288
1444000	-3476.132126957804
1444500	-3482.4151411992984
1445000	-3495.4803753951887
1445500	-3475.3933096309465
1446000	-3470.2786821245827
1446500	-3469.8843038081463
1447000	-3489.6198233336863
1447500	-3476.084051531198
1448000	-3486.6895952861714
1448500	-3474.1700675045895
1449000	-3472.9128621260347
1449500	-3488.6073525136667
1450000	-3471.7284184543255
1450500	-3487.351836740266
1451000	-3484.930623775269
1451500	-3489.0377033825735
1452000	-3494.7942528526182
1452500	-3491.737195782962
1453000	-3486.512049541107
1453500	-3478.7438858449163
1454000	-3475.868461175351
1454500	-3498.2723292426367
1455000	-3485.2606781652958
1455500	-3507.3179980980017
1456000	-3502.034590653343
1456500	-3471.6232228722724
1457000	-3492.9391216688264
1457500	-3488.02379418444
1458000	-3461.8638952040096
1458500	-3474.7578231344855
1459000	-3483.004673720333
1459500	-3472.2521983573583
1460000	-3510.9587918553484
1460500	-3496.3068133280135
1461000	-3534.4506456898134
1461500	-3509.3570594264484
1462000	-3496.7928299409596
1462500	-3477.9745524020113
1463000	-3479.6267496598366
1463500	-3457.4311869555586
1464000	-3470.9744782609478
1464500	-3488.202619266191
1465000	-3464.8091542783336
1465500	-3480.626159094926
1466000	-3470.752445395609
1466500	-3472.001532824906
1467000	-3489.898044566709
1467500	-3464.348971127313
1468000	-3484.0183009105363
1468500	-3483.873280573805
1469000	-3491.265578888592
1469500	-3497.6963418026144
1470000	-3458.1253010177493
1470500	-3499.328375389822
1471000	-3465.3525846308994
1471500	-3467.22716178359
1472000	-3475.0936495661344
1472500	-3471.3209012723164
1473000	-3485.7682585354937
1473500	-3472.7143330475633
1474000	-3459.9895375171855
1474500	-3487.947366926737
1475000	-3480.7583909419777
1475500	-3477.0991204185943
1476000	-3473.17653953235
1476500	-3477.1174027107936
1477000	-3490.9014951492513
1477500	-3477.5780424038735
1478000	-3468.9834246643777
1478500	-3497.5904137632906
1479000	-3491.72416503272
1479500	-3451.3753922652595
1480000	-3458.7072244311807
1480500	-3475.516200698978
1481000	-3486.8696049333257
1481500	-3470.1676218638377
1482000	-3471.8271477367025
1482500	-3472.858476872464
1483000	-3486.2316409702817
1483500	-3492.443529412422
1484000	-3513.714462225744
1484500	-3468.2403913909766
1485000	-3459.277710335003
1485500	-3457.159302384349
1486000	-3464.2262989428937
1486500	-3472.8027391517685
1487000	-3464.378046317622
1487500	-3463.775342875349
1488000	-3471.705716189546
1488500	-3470.449853708296
1489000	-3484.9144230353386
1489500	-3512.56322410915
1490000	-3461.384658279825
1490500	-3474.8543915861364
1491000	-3481.0632156172533
1491500	-3482.113111395826
1492000	-3481.163972007714
1492500	-3465.202260481228
1493000	-3458.024447321995
1493500	-3478.885152322533
1494000	-3502.7192330152625
1494500	-3472.1350831112895
1495000	-3469.983685001713
1495500	-3493.9762367934904
1496000	-3509.5538276465963
1496500	-3465.5299246490704
1497000	-3485.6771723118277
1497500	-3464.527357091287
1498000	-3488.166273733515
1498500	-3501.1266031339546
1499000	-3481.3803968509196
1499500	-3470.999188785772
1500000	-3471.612798890828
