Sample	likelihood
0	-4679.557860479195
500	-4519.250283664507
1000	-4711.512845856292
1500	-4624.095071308151
2000	-4582.7100694747705
2500	-4133.564355877857
3000	-4647.019058129625
3500	-4949.142540132797
4000	-5070.21659080388
4500	-5025.538462989547
5000	-5087.842395151132
5500	-5630.678878810415
6000	-5538.014065125342
6500	-5269.652876677931
7000	-5249.307955864273
7500	-5226.4691113701765
8000	-4847.03849302228
8500	-5424.384334390466
9000	-5913.103037036087
9500	-6211.688407646906
10000	-6522.152061974744
10500	-7223.66441995122
11000	-6710.50853134875
11500	-6695.679114587579
12000	-7548.190807654139
12500	-6575.743972026795
13000	-7112.713736468201
13500	-7483.559568491318
14000	-9344.086876737345
14500	-7544.696856655048
15000	-7526.895492238064
15500	-6635.224981750362
16000	-6446.033437199366
16500	-5275.163612894373
17000	-5868.0469721620475
17500	-4827.585379558535
18000	-5029.861782322828
18500	-4721.631816429086
19000	-4481.362365458967
19500	-4957.460947471905
20000	-4620.859778132987
20500	-4679.773932765676
21000	-4629.057147807136
21500	-4558.124165162253
22000	-5791.815141252003
22500	-5200.192114825701
23000	-5099.032060396521
23500	-5270.303378471078
24000	-5082.765025662071
24500	-6243.875078789306
25000	-7548.9625772174195
25500	-5140.28215653429
26000	-6078.541720707082
26500	-5230.6242140646455
27000	-5188.874963812825
27500	-4933.634315471428
28000	-6435.1042467022025
28500	-7073.908215408769
29000	-6490.887468606489
29500	-6494.460462582065
30000	-4633.543018397097
30500	-5275.989417758522
31000	-6274.325572546024
31500	-6834.451707207036
32000	-8284.18801773231
32500	-7752.414378416262
33000	-5025.628254734318
33500	-5008.491833659938
34000	-5970.745955371373
34500	-6513.022884519174
35000	-6902.218435066922
35500	-7110.455120899674
36000	-7278.191569658286
36500	-6699.361137559751
37000	-8332.173105147374
37500	-8397.109182353826
38000	-8390.571580239644
38500	-7482.393008642446
39000	-5774.0481541417375
39500	-5063.809647453275
40000	-5188.178676723617
40500	-4507.996607744068
41000	-5160.150892899807
41500	-6256.023879856307
42000	-6262.8193639822875
42500	-6916.4383177929185
43000	-7520.3504400638185
43500	-9589.837525892171
44000	-9525.672773243401
44500	-9121.249129468148
45000	-8389.640915447664
45500	-7925.844089062428
46000	-9044.133690967687
46500	-9447.457567531634
47000	-9706.013823798925
47500	-9267.84555284529
48000	-8971.341873421932
48500	-8251.672568425936
49000	-9692.959173483008
49500	-9318.002019797239
50000	-9691.760044790995
50500	-9705.12912103182
51000	-9705.016667750842
51500	-9706.013876970062
52000	-9706.013876966776
52500	-10973.66776604109
53000	-10973.667766041332
53500	-10973.667766041113
54000	-10973.667765453938
54500	-10884.034356336919
55000	-10701.398067323165
55500	-10894.081248755336
56000	-10973.667236328945
56500	-10973.665686031529
57000	-10973.649881570165
57500	-10819.65285952112
58000	-10973.223231921007
58500	-10973.667766041484
59000	-10973.667766041483
59500	-10973.667766041483
60000	-10973.667766041483
60500	-10973.667766032091
61000	-10973.667766041483
61500	-10973.667657694079
62000	-10763.581678187471
62500	-6902.040470090665
63000	-5170.150871783011
63500	-7799.156994889337
64000	-8875.057570664896
64500	-7349.554714188639
65000	-5858.007764968811
65500	-6595.956886854492
66000	-5115.859035300049
66500	-5707.273111950929
67000	-5635.240333846673
67500	-6080.62659731988
68000	-6318.281847609189
68500	-6750.259062341607
69000	-5950.874331335229
69500	-5978.4473403999045
70000	-4776.525787063353
70500	-5324.463359230972
71000	-5677.523116417042
71500	-5494.300586959752
72000	-5257.274639151949
72500	-5369.789994654191
73000	-5488.91807593599
73500	-7543.980156081423
74000	-5604.088097442468
74500	-6568.8554522624745
75000	-8940.509336225703
75500	-6923.961455622531
76000	-7458.619890772874
76500	-6372.505197139952
77000	-6320.592880822194
77500	-6270.94632433913
78000	-6808.61031098974
78500	-6864.967778477358
79000	-6718.121397131086
79500	-5401.2548824547075
80000	-4898.409575316605
80500	-5659.9749777960005
81000	-5064.691198909262
81500	-4435.12245268281
82000	-4542.37446235655
82500	-4718.553938714455
83000	-4516.6042438477325
83500	-6967.191782758666
84000	-8317.27444929423
84500	-7341.1974101107535
85000	-8412.288941949735
85500	-4646.661706156213
86000	-4050.0246186798827
86500	-4586.579448253637
87000	-4414.3928427965175
87500	-4757.8067740655515
88000	-4903.060979060571
88500	-4339.279550229859
89000	-4915.993370142162
89500	-4667.087416054234
90000	-4516.973649789291
90500	-8087.489473814393
91000	-6950.813673678837
91500	-5343.079853577345
92000	-6571.147405591291
92500	-4892.346472042325
93000	-5873.390506066522
93500	-5599.521203914111
94000	-6795.039669971385
94500	-8401.58807366617
95000	-8570.792829739503
95500	-9061.151897706206
96000	-9083.592633001272
96500	-9078.189573545595
97000	-9086.529922781678
97500	-9086.531318128196
98000	-9086.531317828512
98500	-9086.531318128196
99000	-9086.531318128196
99500	-8890.126301558776
100000	-8986.483621418398
100500	-9082.343792650494
101000	-9054.838200432876
101500	-8340.1998893302
102000	-7888.418847659962
102500	-7548.641176930519
103000	-6353.34115961541
103500	-6512.822931940004
104000	-7425.7913837246315
104500	-7273.959697728771
105000	-7200.801831622645
105500	-7462.102867432223
106000	-6698.324224253141
106500	-5599.3414243777615
107000	-4622.2444166128635
107500	-5077.969099647553
108000	-5437.392292242203
108500	-5464.921946856147
109000	-6195.546871033007
109500	-6374.184696165228
110000	-4708.520671344923
110500	-4531.630711600236
111000	-4815.043543875598
111500	-5922.902835842184
112000	-6381.935191172506
112500	-6381.935191474343
113000	-6350.085123509255
113500	-6376.223644541691
114000	-6381.930220228197
114500	-6360.519310910073
115000	-6381.69665581202
115500	-6381.935191474279
116000	-6381.9351914742065
116500	-6381.9351914737135
117000	-6381.935191474084
117500	-6381.93519147426
118000	-6381.935191474317
118500	-8232.61631622813
119000	-7861.2112157381325
119500	-7769.577557118611
120000	-6958.603004743846
120500	-6858.577191782307
121000	-5557.474877246091
121500	-4306.572628923442
122000	-4127.848629723123
122500	-5080.756438854965
123000	-5143.6946668188175
123500	-4423.883357671878
124000	-7380.494856097355
124500	-7304.735356185253
125000	-7385.801693313151
125500	-7385.807349667204
126000	-7382.941453763678
126500	-7385.608605885819
127000	-7385.807350747945
127500	-7235.219414005795
128000	-7385.806728880915
128500	-7352.31623396062
129000	-7385.807350719058
129500	-7385.736050264186
130000	-7385.245556230698
130500	-7385.807350747946
131000	-7385.7977213061995
131500	-7333.05979928296
132000	-7385.773986157453
132500	-7009.498021613108
133000	-7361.664455764555
133500	-7363.713974772779
134000	-7208.704305056592
134500	-7385.801802713362
135000	-7367.976970224341
135500	-7269.873429476454
136000	-7154.253998691785
136500	-7287.615366843235
137000	-7303.244626474914
137500	-7203.231088676136
138000	-7385.807350747942
138500	-7385.807350291354
139000	-7385.8069629572965
139500	-7385.795428225381
140000	-7385.735039239181
140500	-7385.807334386562
141000	-7303.51596639533
141500	-6414.09566447739
142000	-6414.092720641849
142500	-6414.0956645735105
143000	-6377.229905768439
143500	-6325.197328832553
144000	-6171.146260143678
144500	-5851.094989938168
145000	-6400.359118842412
145500	-6167.122023995576
146000	-5244.2353115234355
146500	-6345.861907255879
147000	-6332.165167550255
147500	-6414.024115424668
148000	-6414.095663038312
148500	-6372.364158412055
149000	-6400.527705102503
149500	-6255.484696434272
150000	-6326.076519556654
150500	-6290.920251359512
151000	-6399.493641081821
151500	-6410.502816779464
152000	-6413.609179175805
152500	-6414.095664568626
153000	-6414.075920331664
153500	-6414.095549756651
154000	-6414.012177925743
154500	-6414.095664573582
155000	-6414.095664573559
155500	-6414.092889574715
156000	-6414.095081414901
156500	-6414.0956643119725
157000	-6413.944730762698
157500	-6381.179893554395
158000	-5393.8808157552685
158500	-4619.492802644985
159000	-4698.580213122981
159500	-4617.506757468669
160000	-5204.755261320146
160500	-4758.13300422537
161000	-4924.651232229312
161500	-4584.546320776473
162000	-4822.250297702749
162500	-5499.23865942706
163000	-5237.678927392928
163500	-5225.3801156310055
164000	-4602.632675182162
164500	-5495.320821589159
165000	-4877.459914511923
165500	-4747.125452285774
166000	-4814.142691401781
166500	-4540.977677803933
167000	-5195.2923175792375
167500	-5687.904425751554
168000	-6847.296417664882
168500	-7898.932808103616
169000	-7176.588590503293
169500	-7300.1513614047435
170000	-6171.633048726634
170500	-6734.830470468346
171000	-6058.916089435281
171500	-6663.518044458169
172000	-6739.962562405667
172500	-5648.898677985554
173000	-5899.560825417264
173500	-6461.164019769308
174000	-5831.587617842737
174500	-4901.678886976897
175000	-4255.164089559359
175500	-4651.490396731917
176000	-5701.770780811504
176500	-4323.124735711547
177000	-4795.194182008723
177500	-5911.497260635034
178000	-6402.047514624501
178500	-6401.128062078697
179000	-6399.333027177434
179500	-6350.315185208695
180000	-6414.0956645733295
180500	-6414.084739647296
181000	-6414.095664573401
181500	-6414.070080100282
182000	-6414.095664573191
182500	-6391.705708742063
183000	-6414.095664555035
183500	-6414.095664573121
184000	-6414.095664573472
184500	-6335.249758367535
185000	-6414.095664573556
185500	-6414.095664552438
186000	-6256.49019692577
186500	-6345.282576717463
187000	-6409.816017401058
187500	-6370.316378757012
188000	-6407.302784117554
188500	-6413.742226205295
189000	-6414.0955949160925
189500	-6287.209454000504
190000	-6353.854974290781
190500	-5988.791331314864
191000	-6073.4568043530435
191500	-6318.5451982036675
192000	-6355.535849601148
192500	-5538.028221526129
193000	-4426.787329067719
193500	-4673.491136417452
194000	-4690.677700790122
194500	-4363.6017191697
195000	-5216.234200383736
195500	-5552.090291380261
196000	-4411.043817259368
196500	-4178.874250638548
197000	-5260.741182529619
197500	-4770.444579744922
198000	-4460.890834464168
198500	-4954.600379098907
199000	-4180.188136162321
199500	-4084.774690557901
200000	-4682.494453930958
200500	-4637.345782907423
201000	-5926.454591096458
201500	-6470.413425076881
202000	-6451.97965023047
202500	-6471.956554668254
203000	-6471.059638502992
203500	-6471.9565551250735
204000	-6471.9565551196865
204500	-6471.956554948449
205000	-6456.797004713022
205500	-6471.956539560929
206000	-6124.797865017915
206500	-6223.897755614856
207000	-4933.894081879577
207500	-5450.6051697055345
208000	-6312.078149117089
208500	-6391.502914476736
209000	-6238.447255229991
209500	-6094.151289153301
210000	-5833.873597635741
210500	-6470.942525381407
211000	-6469.974325347345
211500	-6471.956555125271
212000	-6471.956555125032
212500	-6471.956555124934
213000	-6471.956555125052
213500	-6471.9565551253
214000	-6471.95655512498
214500	-6471.956555125124
215000	-6470.439351191113
215500	-6471.956555125366
216000	-6471.956555125148
216500	-6471.956555125308
217000	-6465.991165125979
217500	-6462.062267562312
218000	-6471.956555125187
218500	-6471.956554683569
219000	-6471.95655511927
219500	-6388.619532667164
220000	-6469.897836214914
220500	-5698.798654694266
221000	-4810.06148124477
221500	-4613.333548799939
222000	-4864.416468042354
222500	-5402.480849601749
223000	-5691.882534113302
223500	-5098.5944881417745
224000	-5181.316450789574
224500	-4867.404116131228
225000	-4284.611305526635
225500	-4904.828863806868
226000	-4846.620271288737
226500	-5449.819468154624
227000	-4951.243920200902
227500	-5828.68869567066
228000	-5374.864495484385
228500	-5079.448178092881
229000	-4274.577171459588
229500	-4639.8481321243335
230000	-5162.125856142556
230500	-4401.48238475937
231000	-4759.69908732925
231500	-4462.489166680925
232000	-5128.596263918806
232500	-5269.5836628497045
233000	-4390.089257976736
233500	-4760.87961228023
234000	-4693.8218793793385
234500	-5037.284148769348
235000	-4907.271644798693
235500	-5332.529915600849
236000	-5287.625163560014
236500	-5291.589332250191
237000	-4998.491086832413
237500	-4634.522797844743
238000	-4788.7797145050945
238500	-4424.3473793320245
239000	-4301.570294006551
239500	-4271.636272121398
240000	-4325.488340583637
240500	-4084.800488705139
241000	-4095.2443263261057
241500	-4124.877065989267
242000	-4840.80044941009
242500	-5407.8557562288415
243000	-4604.598159736936
243500	-4939.967170524158
244000	-5679.980685914386
244500	-6315.263219702596
245000	-6363.322646547124
245500	-6471.956527465569
246000	-6468.041905600239
246500	-6413.792568130536
247000	-6326.1465644248965
247500	-6454.550594879801
248000	-5798.606954686729
248500	-6196.614096308096
249000	-4867.416754778311
249500	-4859.244714393204
250000	-4694.296366565577
250500	-5503.691369752289
251000	-4908.061034974846
251500	-6112.0539030520795
252000	-5451.5471807758995
252500	-5684.529054919094
253000	-6280.364823162288
253500	-6327.791906941585
254000	-6256.488614093659
254500	-6462.5812426715665
255000	-6351.641067930039
255500	-6262.6305654753305
256000	-6413.201110742685
256500	-6082.039556616789
257000	-5993.532803048076
257500	-5263.422413793829
258000	-4871.752366410509
258500	-4753.039357488844
259000	-5050.245819693137
259500	-6437.255760210097
260000	-5160.833898038514
260500	-4599.729018741209
261000	-4562.831889208461
261500	-4894.7954654344585
262000	-5419.181991295086
262500	-5324.612087981773
263000	-5728.083550585291
263500	-6033.122571246808
264000	-5637.342965092577
264500	-5025.683049820128
265000	-5042.029723879939
265500	-5527.494664148532
266000	-5229.167977985024
266500	-5348.180771389581
267000	-5350.552408361522
267500	-4604.952118780441
268000	-4520.854528177085
268500	-4587.658319659148
269000	-4784.528933549622
269500	-4770.925263668702
270000	-5180.483217495507
270500	-5320.045286225852
271000	-5157.455004677985
271500	-4424.37429219881
272000	-4681.463155216925
272500	-4819.932213469273
273000	-4868.091089687482
273500	-4986.0424455142465
274000	-4994.131384120865
274500	-5357.147123057879
275000	-4981.512091044271
275500	-5031.094751793096
276000	-5020.7348907932665
276500	-5430.842066332764
277000	-5123.854252387339
277500	-4589.323031831926
278000	-4629.322813185678
278500	-4485.397546354437
279000	-5102.467213649132
279500	-4836.311310017413
280000	-4892.607056107766
280500	-4759.57865066998
281000	-4622.535286853116
281500	-4831.358951069112
282000	-4685.498122355294
282500	-4377.888129914469
283000	-4303.666376003332
283500	-4278.048661135697
284000	-4512.672603375518
284500	-5904.539196086142
285000	-4775.9834463612015
285500	-4471.688866758078
286000	-4493.8790765337
286500	-5357.7060946181255
287000	-6491.257630367549
287500	-6576.4128113947745
288000	-6576.774671903557
288500	-6576.774669974674
289000	-6576.774671902299
289500	-6575.774174764799
290000	-6534.892721662686
290500	-6255.195718366924
291000	-7688.893059753494
291500	-7853.545972723487
292000	-7808.126072459049
292500	-7842.71082464834
293000	-7832.391828612119
293500	-7862.98691344805
294000	-7633.164094116152
294500	-7593.581019057215
295000	-7679.759399752682
295500	-7863.463935431464
296000	-7790.219258736524
296500	-5922.012914124896
297000	-6513.901730941489
297500	-4943.693896933649
298000	-4469.032940770785
298500	-4641.2970479539845
299000	-4481.840352616562
299500	-5672.689178960368
300000	-5934.397886306912
300500	-6659.826008349692
301000	-6411.612085077634
301500	-4758.666245209168
302000	-6267.564421437999
302500	-7490.372488976634
303000	-7314.6221329013915
303500	-7165.024016064917
304000	-7233.576903022176
304500	-7860.605857896315
305000	-7863.4660856184855
305500	-7863.0795853391055
306000	-7863.466084981627
306500	-7863.169259180917
307000	-7671.971352185995
307500	-7639.695332488089
308000	-7395.354198732576
308500	-7741.885563731776
309000	-7642.105342745577
309500	-7118.240555672984
310000	-7058.537234586145
310500	-6520.059342967277
311000	-6238.140143861362
311500	-5542.0429542776665
312000	-4484.270675088862
312500	-5040.304136888506
313000	-5197.5675200176975
313500	-4712.584095102112
314000	-4881.33717790391
314500	-4555.431271003987
315000	-4591.536040455478
315500	-4516.4609993226395
316000	-5693.109625271395
316500	-5844.398180454271
317000	-5971.65307501153
317500	-5869.879064408837
318000	-5108.287648559376
318500	-4830.642108678885
319000	-4758.204030244265
319500	-5020.531161276666
320000	-5148.181316648273
320500	-5245.757552676434
321000	-4891.661521710711
321500	-5333.376720621231
322000	-6921.4903498559415
322500	-7323.0891914732465
323000	-6892.326494772798
323500	-6207.484494277176
324000	-5997.734194897032
324500	-6343.111338303398
325000	-6666.831743349414
325500	-6340.689515367945
326000	-6940.445796282082
326500	-4554.866354260881
327000	-5084.761762160855
327500	-5082.622760577836
328000	-4647.405273550969
328500	-4803.605465567491
329000	-4972.757813776233
329500	-5178.223047065406
330000	-5410.864575908081
330500	-4901.34129777299
331000	-4579.990205653501
331500	-4540.115360414759
332000	-5089.545454779573
332500	-4769.676734415296
333000	-4603.470226840971
333500	-4401.9328950768395
334000	-4423.6578811157015
334500	-4722.050103687156
335000	-4943.836594917035
335500	-4278.441670978068
336000	-4241.3767351944725
336500	-4216.008572727317
337000	-4805.627776203587
337500	-4370.856441131759
338000	-4519.666859709752
338500	-4614.1553175847075
339000	-5989.983221941198
339500	-6071.0686148269615
340000	-5850.918942200905
340500	-7074.133594967809
341000	-7001.6612998297705
341500	-7210.682021776429
342000	-7469.649829106439
342500	-7160.112956608564
343000	-7403.137513557934
343500	-7850.668107508839
344000	-8546.296455155996
344500	-9356.931379378648
345000	-10086.738423516375
345500	-10152.331463833207
346000	-9342.84539549921
346500	-9300.836761348595
347000	-9120.424387954185
347500	-9300.025778296294
348000	-8891.207382578254
348500	-9012.143919520551
349000	-9019.236844983767
349500	-9047.327860913405
350000	-8164.518354359549
350500	-8406.198226831992
351000	-8622.672373874086
351500	-8281.124701354389
352000	-7485.027582262364
352500	-7531.144926026315
353000	-8373.626370312766
353500	-7315.551704306564
354000	-7240.557097746839
354500	-7189.820754660744
355000	-7049.750665288579
355500	-6870.398630757303
356000	-6495.31080484246
356500	-6100.333949136476
357000	-6623.261616867889
357500	-6679.8766024063
358000	-7147.195545847251
358500	-6852.9772353502785
359000	-6493.824336282342
359500	-6830.56874077843
360000	-6242.33116258237
360500	-7017.257031833264
361000	-6573.82566405153
361500	-7116.149072636344
362000	-6502.604655358123
362500	-6384.390985542568
363000	-6743.475357235357
363500	-6466.9193383192805
364000	-6085.719609780912
364500	-5993.884801702313
365000	-6042.624755561532
365500	-5822.71621874848
366000	-4650.399071726825
366500	-5051.3620937595515
367000	-5545.077682299058
367500	-5360.07699383807
368000	-5732.8474114993405
368500	-5383.1133794725165
369000	-6090.168611847377
369500	-5890.046420515752
370000	-7002.109443040176
370500	-6558.919445235588
371000	-6854.798443276504
371500	-7195.638043469141
372000	-6546.444870756487
372500	-6895.947359446988
373000	-6965.825356873388
373500	-6449.631828177414
374000	-6716.990875672109
374500	-6064.001542656723
375000	-5368.868877124613
375500	-5120.262257869016
376000	-5345.833142979349
376500	-5757.607765228512
377000	-5405.686930343201
377500	-5586.694986195889
378000	-4521.7871841443875
378500	-6008.093352340024
379000	-5460.7912970384905
379500	-5292.864033212241
380000	-5215.598469455441
380500	-5708.101081911827
381000	-4698.214192168947
381500	-4752.240672428563
382000	-4896.954624555809
382500	-5087.201261160791
383000	-5072.374601712559
383500	-4782.938936618078
384000	-4699.5064197137735
384500	-5218.436527234275
385000	-5062.247882553441
385500	-5113.911391993326
386000	-4876.5494571844365
386500	-5194.718314343754
387000	-6098.229350021034
387500	-5963.177521749496
388000	-6060.9908610119755
388500	-6413.949165201177
389000	-6345.879143805753
389500	-6096.561375802135
390000	-6189.57858013074
390500	-5205.144842213891
391000	-5439.085097352633
391500	-5287.1512000335515
392000	-5691.90874245831
392500	-5798.778672276167
393000	-5647.361853805241
393500	-5520.852505838896
394000	-6102.2264182711815
394500	-5967.518241727622
395000	-6000.695334641704
395500	-5019.091609998484
396000	-6319.756879230393
396500	-6525.492234790253
397000	-6216.184478907844
397500	-6339.681026025721
398000	-6233.816141289482
398500	-6066.14230903143
399000	-5993.208701279055
399500	-5571.214224856273
400000	-5144.273101863798
400500	-5344.5299172592295
401000	-5459.143550623056
401500	-4854.914189712349
402000	-5070.577036972998
402500	-5034.819575020343
403000	-4616.020880003888
403500	-4716.553277945411
404000	-4535.707457589588
404500	-4325.156994731521
405000	-4487.034842642316
405500	-4378.210791262589
406000	-4835.592983873337
406500	-5125.1753176205675
407000	-5191.944987627633
407500	-4715.784454409103
408000	-4440.968700396536
408500	-4568.210072064565
409000	-4669.7288381471535
409500	-4962.057028462539
410000	-4497.8447199036455
410500	-4689.863137981251
411000	-4939.788155138041
411500	-4586.290320303205
412000	-4903.161449810523
412500	-5240.448290865384
413000	-4856.930265492394
413500	-4738.03972843009
414000	-4482.742422092123
414500	-4745.8659986827615
415000	-4983.774355487747
415500	-5023.059347516284
416000	-4783.39873748085
416500	-5089.113413937633
417000	-4672.944274076502
417500	-4840.975816135743
418000	-4890.920365314982
418500	-4569.428703449254
419000	-4239.176207640902
419500	-4374.011009403481
420000	-4647.797305088789
420500	-4321.684884937013
421000	-4459.055200897501
421500	-4507.000373811393
422000	-4498.231721344232
422500	-4737.196341254745
423000	-5460.944877073043
423500	-4980.8161844131655
424000	-4677.9699100657535
424500	-4609.378395403064
425000	-4779.290617751389
425500	-4602.963590085074
426000	-5391.786583640228
426500	-4584.383378082209
427000	-4269.49364952473
427500	-4563.545164134586
428000	-6329.50441076689
428500	-6291.746091257248
429000	-6479.880168005664
429500	-6479.936319210158
430000	-6479.952271089325
430500	-6479.9522792438065
431000	-6479.048129318325
431500	-6479.952279243744
432000	-6470.2224415525825
432500	-6479.585462659245
433000	-6479.952274793266
433500	-6479.95227385559
434000	-6475.79214650561
434500	-6479.929679958339
435000	-6479.952279243528
435500	-6479.948531461785
436000	-6465.432617915435
436500	-6461.516904029079
437000	-6156.590454415295
437500	-6086.7856819806775
438000	-5247.13608392139
438500	-4298.040531134224
439000	-4053.231426510258
439500	-4120.653786245067
440000	-4428.735635301017
440500	-4621.817071655883
441000	-5901.796886351298
441500	-4906.404394031503
442000	-4782.1451443877595
442500	-4371.903470560779
443000	-4425.431994676281
443500	-6092.215881714107
444000	-5961.917602830841
444500	-5240.4017801869295
445000	-6487.082397445867
445500	-8088.9218038098015
446000	-8152.693569892486
446500	-9025.800070503421
447000	-9002.182959976371
447500	-9073.06283818215
448000	-9073.062838182059
448500	-9072.69107040275
449000	-9073.062838181753
449500	-8975.895054346702
450000	-8848.097795326406
450500	-8943.352967043895
451000	-9065.388227853668
451500	-9072.735304161793
452000	-7103.34983821014
452500	-4958.919839783881
453000	-4841.366571520365
453500	-6754.182097652318
454000	-5319.189595738447
454500	-7084.2654442589355
455000	-7114.480619292489
455500	-6999.999308186591
456000	-6261.255635535862
456500	-6682.683453045717
457000	-6579.255618299507
457500	-6913.629857295986
458000	-6980.200802409637
458500	-5046.8579713632
459000	-5535.092966469872
459500	-5223.1406596416655
460000	-6628.412176348385
460500	-7052.823421015544
461000	-7104.8665759166315
461500	-6502.905836948581
462000	-5502.196604739906
462500	-6475.3465006583365
463000	-5140.994744607513
463500	-5354.6795451175785
464000	-4596.201894387244
464500	-4897.774152596173
465000	-4440.205027212836
465500	-5188.260907397552
466000	-4668.231125372879
466500	-4916.820026249038
467000	-4769.610711792407
467500	-4687.4821900321
468000	-4635.728209857327
468500	-5423.708065376745
469000	-5613.563724389733
469500	-5864.058652221949
470000	-6146.742084220378
470500	-5498.240314780585
471000	-5633.636306402611
471500	-6153.642725617039
472000	-6306.628071713391
472500	-5976.940105289452
473000	-5888.236807303182
473500	-5584.2122429589945
474000	-4792.770887455247
474500	-6780.217215714536
475000	-6492.297951832615
475500	-7093.554586938588
476000	-7271.864145580362
476500	-6839.7752137281
477000	-7012.949776609054
477500	-7081.870807079091
478000	-5416.302802276146
478500	-5741.7665735692335
479000	-5978.460729858826
479500	-5988.392040321029
480000	-5540.366396502522
480500	-5555.658967497922
481000	-6251.492077727494
481500	-6283.619789907388
482000	-6774.199058516531
482500	-7849.616405289746
483000	-8230.99893923323
483500	-7000.720478816343
484000	-6261.940387570644
484500	-6368.437800062646
485000	-5553.710347078526
485500	-5058.600934755199
486000	-4808.7419088416955
486500	-4603.380929423767
487000	-4976.1836873695065
487500	-5954.130117869807
488000	-7367.157937571226
488500	-6490.4416499836525
489000	-6090.616731049134
489500	-6871.061427274597
490000	-5868.596299398864
490500	-6184.031393901162
491000	-6908.900855357067
491500	-7469.477040422821
492000	-7765.303705662461
492500	-7196.391248630145
493000	-7216.879616659605
493500	-6831.832281092093
494000	-7010.9231935763255
494500	-5820.21720391128
495000	-5109.880856247521
495500	-5335.664517783663
496000	-5056.492868826335
496500	-4912.4815433695
497000	-4567.317086309921
497500	-4611.369843720788
498000	-5400.311534228402
498500	-6877.791601904999
499000	-6974.428189814282
499500	-6974.428190927591
500000	-6974.428190353682
500500	-8544.770446501561
501000	-8544.770566136505
501500	-8544.770566040494
502000	-8544.770566136878
502500	-8544.754046687958
503000	-8389.681799872944
503500	-8520.1324760077
504000	-7615.416905215915
504500	-7621.644831940459
505000	-7553.473819208717
505500	-7226.977144177384
506000	-7461.281174619659
506500	-7562.739574729511
507000	-7328.093757920594
507500	-6777.002082898125
508000	-6702.446513576452
508500	-6319.880851164948
509000	-6809.165172513948
509500	-6022.630971729449
510000	-5679.214647294652
510500	-5138.417043896519
511000	-5824.527086219783
511500	-5441.008969016048
512000	-5766.610811502395
512500	-5713.102057233321
513000	-5922.6875784933745
513500	-7378.003832551067
514000	-7348.686452192406
514500	-7566.372818321179
515000	-7717.725371305418
515500	-7559.656935934877
516000	-7386.943689706856
516500	-7515.406142737868
517000	-7503.037546712302
517500	-7717.458976797367
518000	-7717.8013216003355
518500	-7496.538652385945
519000	-7715.227479769752
519500	-7582.631942080648
520000	-7651.120876027736
520500	-7254.198696554071
521000	-7075.076537512172
521500	-7559.003844688725
522000	-6527.776979428891
522500	-5970.450690251404
523000	-7321.443932060384
523500	-7082.764951327838
524000	-7696.41225786194
524500	-7716.791749416752
525000	-7622.888493829387
525500	-7221.750889075516
526000	-7618.709324273996
526500	-7339.391162456464
527000	-7627.889080385103
527500	-7655.091294956115
528000	-7486.588014075111
528500	-7717.698356851957
529000	-7717.2417906880555
529500	-7717.801714943794
530000	-7690.542210404953
530500	-6774.901049226105
531000	-8665.895460128562
531500	-8795.00988668232
532000	-8750.82936772162
532500	-8547.788925252415
533000	-8648.261315153864
533500	-8797.433483550298
534000	-8703.15356576889
534500	-8796.060435917316
535000	-8730.094518135984
535500	-8614.772725357243
536000	-8785.955565898508
536500	-8797.842442065346
537000	-8797.857452501876
537500	-8779.727133389031
538000	-8772.377452767643
538500	-8797.959989898098
539000	-8797.959989898944
539500	-8797.959989898445
540000	-8797.815530929014
540500	-8797.959989898056
541000	-8779.674364845176
541500	-8797.959989872792
542000	-8797.95986551084
542500	-8797.95998989795
543000	-8797.95998989795
543500	-8770.570841364455
544000	-8797.957540040563
544500	-8004.266814142267
545000	-7381.004349612961
545500	-7356.340896902639
546000	-7573.203893514505
546500	-8287.64866515768
547000	-8173.322017258864
547500	-7656.749339496423
548000	-8104.5151428039135
548500	-8211.733306461794
549000	-8284.638466525033
549500	-8287.644809530973
550000	-8287.649771792938
550500	-8287.649771792809
551000	-7163.8104973357285
551500	-7163.809631815726
552000	-7133.86024765244
552500	-6407.264702900575
553000	-6423.035518905156
553500	-6032.611226214418
554000	-5670.494892755825
554500	-5833.925616165549
555000	-5836.514088982693
555500	-5628.578676929648
556000	-5685.620852403923
556500	-7163.810480096504
557000	-7161.61289729841
557500	-7052.026666010727
558000	-7046.889959307612
558500	-7163.810466964155
559000	-7163.810497336326
559500	-7163.810496077563
560000	-7163.7672220882005
560500	-7150.039957737691
561000	-7160.844827397128
561500	-7049.10525708704
562000	-6955.997518046211
562500	-6340.978929940361
563000	-6650.137032172319
563500	-6711.011779923194
564000	-6962.024285291265
564500	-7149.250481310549
565000	-7163.810497336273
565500	-7163.653405609631
566000	-7163.810497336273
566500	-7163.810497336273
567000	-7163.810497336273
567500	-6981.636127193366
568000	-6531.803099376275
568500	-6646.648408586673
569000	-6012.334493845691
569500	-5287.601395381422
570000	-6779.706252192914
570500	-6682.443272815441
571000	-6310.952643187964
571500	-6847.080694228915
572000	-6797.443798672816
572500	-9144.052581340105
573000	-6377.765696929141
573500	-8313.404720192448
574000	-7323.3376171504415
574500	-7572.081149350315
575000	-6681.0010521570075
575500	-6716.238776852308
576000	-6570.805697070138
576500	-6149.710659037696
577000	-6702.846479673719
577500	-6564.316017514607
578000	-6671.848117153048
578500	-6733.81036913465
579000	-6728.799401248315
579500	-6733.0912838502145
580000	-6733.810378204365
580500	-6645.76028324544
581000	-6729.554433780195
581500	-6733.721600694282
582000	-8161.256003971114
582500	-8161.327342947756
583000	-8145.160662498855
583500	-7874.3581819773035
584000	-8050.315361425779
584500	-8161.374943912169
585000	-8161.374939126198
585500	-8153.268878932812
586000	-8085.0542635711445
586500	-8055.344772995998
587000	-8159.711402867385
587500	-8161.374939707795
588000	-8160.693615049267
588500	-8157.861976400074
589000	-8118.8775978239655
589500	-8132.957170183361
590000	-8154.7180333622955
590500	-7902.621520493653
591000	-7828.983697089503
591500	-8102.381958916846
592000	-8124.490038435831
592500	-7178.938243390842
593000	-7549.009385335141
593500	-7209.910224226396
594000	-7715.377807723571
594500	-7967.875167588423
595000	-7587.7551091279765
595500	-8095.463526177251
596000	-7776.261127828803
596500	-7450.289779746932
597000	-6482.3155525883085
597500	-6511.096932860144
598000	-6402.122095651637
598500	-6379.640447833379
599000	-6429.108188375846
599500	-6471.798181898424
600000	-5817.523798959243
600500	-5886.6877945136575
601000	-5597.278407912977
601500	-5970.205636886996
602000	-5579.872710227836
602500	-5165.287938011714
603000	-5183.203338316578
603500	-4889.210951422677
604000	-4948.939285479033
604500	-5874.66944038857
605000	-4876.004279054441
605500	-5391.647306890294
606000	-5762.765584397405
606500	-5148.278480449271
607000	-5418.799464819191
607500	-5704.299033232144
608000	-5860.928992042105
608500	-6010.128804968061
609000	-5894.411919380887
609500	-6353.660948169813
610000	-6348.206007972281
610500	-5593.405424915867
611000	-4371.4956333714945
611500	-4503.7040216342
612000	-4618.635597944759
612500	-4706.250953958349
613000	-5094.59342639868
613500	-4988.566901013486
614000	-4898.5953797059565
614500	-4564.522090824771
615000	-5809.906739100155
615500	-6507.582181821806
616000	-5358.040423936115
616500	-4907.251323620088
617000	-4744.006009726033
617500	-5011.220136952835
618000	-5633.123099122231
618500	-5476.468890607177
619000	-6749.492000572555
619500	-7046.93050267213
620000	-7247.430075632089
620500	-7031.421139102353
621000	-5997.885413978618
621500	-6284.714557606978
622000	-7303.9014446726405
622500	-7684.995660164871
623000	-7684.907810983711
623500	-7090.427854232667
624000	-6929.107597462756
624500	-7012.110121910738
625000	-6912.041681217917
625500	-5410.07960625138
626000	-5408.159764612851
626500	-5127.654351176011
627000	-5893.676434226987
627500	-5783.700983426412
628000	-6145.135025141195
628500	-5966.136179157902
629000	-6438.386733779916
629500	-7272.881913402797
630000	-4655.697952020095
630500	-4725.96331560217
631000	-5092.342346345936
631500	-5194.046243377954
632000	-5115.771738529807
632500	-5104.5857839052605
633000	-4894.175577297682
633500	-4503.815813286323
634000	-4625.792057610849
634500	-5144.82559592833
635000	-4753.101527374221
635500	-5013.172473462285
636000	-5431.979086567239
636500	-5189.047595877023
637000	-5256.431973821691
637500	-5129.7686379411625
638000	-5274.852706059798
638500	-4999.537960181257
639000	-4687.199078523273
639500	-4960.348764017462
640000	-4672.111391959246
640500	-4736.489238905392
641000	-4877.2578777918125
641500	-4806.301327362256
642000	-5348.550387381105
642500	-4738.500323176115
643000	-5491.335225616305
643500	-5420.482086602439
644000	-5692.212267132411
644500	-5473.5437682547445
645000	-5411.792790208908
645500	-5246.399565016064
646000	-5073.715391913412
646500	-5303.768592214857
647000	-4976.826275814144
647500	-5340.4584404136685
648000	-5344.829936950387
648500	-5425.2786476514475
649000	-4722.647587871582
649500	-4990.715006995259
650000	-5283.524942642342
650500	-5597.302381469318
651000	-5636.096166791426
651500	-5803.725487395146
652000	-6555.666184748168
652500	-6309.844667928615
653000	-6126.119722164899
653500	-5331.50522930212
654000	-6351.101876914652
654500	-6511.120450302356
655000	-6079.185237797811
655500	-6098.619571364297
656000	-5679.230513111397
656500	-6117.587868519593
657000	-5846.764924912717
657500	-6049.291281536391
658000	-5467.21547074384
658500	-4916.703842330679
659000	-5187.994054353565
659500	-4896.5375202588075
660000	-6395.1788212992515
660500	-6489.455782035637
661000	-4779.913957656859
661500	-4976.819088901258
662000	-5796.234211586118
662500	-6334.577111710599
663000	-6347.671397428681
663500	-5585.136831432781
664000	-5572.234579178452
664500	-6228.845624146428
665000	-5738.624227062882
665500	-6070.314419429258
666000	-6005.938223133796
666500	-4872.813904333529
667000	-5185.130105144033
667500	-4951.338953204865
668000	-5676.729969823338
668500	-5409.598197096836
669000	-4738.445713158098
669500	-5310.767010854685
670000	-6395.141752102206
670500	-6395.528305579007
671000	-6395.391311332592
671500	-6395.528305578866
672000	-6395.5283055787495
672500	-6395.528305578826
673000	-6395.52830538886
673500	-6395.52830557799
674000	-6395.528305577828
674500	-6394.993314843328
675000	-6395.52830557857
675500	-6395.499766839479
676000	-6379.039472226065
676500	-6395.433518471646
677000	-5209.58685156809
677500	-4334.848514885564
678000	-4364.297764056107
678500	-5226.281802667178
679000	-5582.1486329966365
679500	-5403.137752577417
680000	-6090.778937560209
680500	-6446.926722043227
681000	-6415.331332331339
681500	-5799.8500930027285
682000	-7295.306196619063
682500	-7043.227058935466
683000	-6913.0216606210215
683500	-8156.548478079925
684000	-8100.099220268875
684500	-7945.247297687529
685000	-6655.7779174065845
685500	-6145.201540464405
686000	-4555.5542420123675
686500	-4663.542499430547
687000	-4506.887123748322
687500	-5432.2193140551235
688000	-5806.630783403916
688500	-6719.020955128673
689000	-6971.629745173588
689500	-6513.5681826504915
690000	-7457.990383938873
690500	-5740.020530655931
691000	-5599.737458811803
691500	-5331.660134866808
692000	-6353.427395165049
692500	-6093.599413217731
693000	-5479.1825671060315
693500	-6039.6474624817365
694000	-5418.393009456004
694500	-5117.919631413561
695000	-5266.886668075105
695500	-5559.974402919246
696000	-5157.266088133824
696500	-5588.21984452854
697000	-6231.723500705619
697500	-7275.833826619846
698000	-6747.74487890477
698500	-6682.242783003792
699000	-6442.955084100458
699500	-7283.2176006016025
700000	-7795.545036021241
700500	-7705.359154110486
701000	-7205.793553720471
701500	-8161.251945434523
702000	-7231.168328640556
702500	-7482.736447025144
703000	-8109.887718011446
703500	-7229.286606652655
704000	-7800.298649478669
704500	-8120.033582754107
705000	-6374.069433586852
705500	-6700.185114157989
706000	-7233.692191833982
706500	-6834.703921281601
707000	-7141.13071909429
707500	-8510.951082611837
708000	-8393.878735954277
708500	-8112.99876270827
709000	-7558.911548903415
709500	-7502.243892997976
710000	-6467.957069565896
710500	-7393.341123515579
711000	-7003.795201841473
711500	-7530.1112227541535
712000	-7193.718779126431
712500	-7402.778456520042
713000	-7457.968979473098
713500	-7611.789862599038
714000	-7777.218079770863
714500	-7993.434403391562
715000	-7313.1635675558255
715500	-6846.114251954529
716000	-6452.5840437416655
716500	-6082.281807611414
717000	-5506.198077695988
717500	-4999.48038236191
718000	-6148.798616525507
718500	-6301.850309976996
719000	-5985.238721109276
719500	-5402.174291431628
720000	-4597.270659427692
720500	-4078.9648982454974
721000	-4322.119856777993
721500	-4580.33236948593
722000	-4963.680733113383
722500	-5151.1154507436895
723000	-5259.669615056446
723500	-5258.18862730401
724000	-5246.124059498415
724500	-5354.68773757109
725000	-5803.387943852403
725500	-6251.1994653935
726000	-6584.426975444692
726500	-6791.303013068721
727000	-5903.066334321085
727500	-4777.633239882739
728000	-4499.276420316549
728500	-3978.3703608517744
729000	-4221.674985483547
729500	-4648.974566607979
730000	-4641.16690624473
730500	-5093.127501404857
731000	-5722.971210217295
731500	-6114.924487280034
732000	-5815.871684685673
732500	-6182.395674680202
733000	-5690.6948270101875
733500	-4127.166781607648
734000	-4266.638512108889
734500	-4313.888225427721
735000	-4234.933613029566
735500	-4059.9513884913968
736000	-4754.928159006733
736500	-4369.6832417113765
737000	-4279.62906986657
737500	-4682.0226518145755
738000	-4552.024868226121
738500	-4403.926970151647
739000	-4678.564720440035
739500	-4816.640250821909
740000	-4492.373109053083
740500	-5342.980236521249
741000	-4270.7551463361115
741500	-4696.7965938092375
742000	-4519.110810105672
742500	-4633.270701769022
743000	-4628.587748042075
743500	-4566.608688016512
744000	-5052.533423217519
744500	-5668.391663804848
745000	-4410.422408111379
745500	-4419.467223085944
746000	-5228.819504081005
746500	-4518.16138287301
747000	-4356.879486733988
747500	-5088.746088703854
748000	-4478.610830366603
748500	-4522.585101202081
749000	-4342.911479019739
749500	-5387.212061568828
750000	-5672.5182258578025
750500	-5878.668352438936
751000	-6176.143526845779
751500	-5349.2598662343835
752000	-6216.42307597529
752500	-6386.930828091045
753000	-6386.930828091046
753500	-6386.930828091046
754000	-6386.930828091046
754500	-6386.930828091046
755000	-6386.930828091046
755500	-6386.930828091046
756000	-6386.930828091046
756500	-6386.930828091046
757000	-6386.930828091046
757500	-6386.930828091046
758000	-6386.930828091046
758500	-6386.930828091046
759000	-6386.725288922135
759500	-6386.930828091046
760000	-6242.701327748008
760500	-6362.333191223429
761000	-6310.081371648586
761500	-6386.930246100295
762000	-6386.930828083395
762500	-6385.160591235212
763000	-6384.739908937981
763500	-6386.930828047733
764000	-6386.930828092207
764500	-6386.930828091389
765000	-6386.930828091134
765500	-6386.930796913682
766000	-6386.920806142882
766500	-6386.930746971047
767000	-6381.148227608774
767500	-6386.930828091217
768000	-6256.5516583956605
768500	-6384.881943680864
769000	-6386.424589739968
769500	-6379.010894302669
770000	-6221.681454041387
770500	-6278.064681201946
771000	-6350.923218057366
771500	-6296.140816565835
772000	-6291.726286084587
772500	-6383.570343826024
773000	-6386.314164690125
773500	-6386.930828091047
774000	-6386.930828091047
774500	-6386.930828091047
775000	-6385.744575905978
775500	-6386.930828091047
776000	-6386.930828091047
776500	-6386.930828091047
777000	-6386.930828091047
777500	-6386.930828065238
778000	-6386.925144354129
778500	-6337.887161928033
779000	-6210.597149846537
779500	-8266.714168241975
780000	-8102.861139885245
780500	-8679.973456774793
781000	-8679.956325228699
781500	-8658.488909227119
782000	-8679.973456774795
782500	-8672.028544736455
783000	-7107.518320174859
783500	-7185.786242847022
784000	-5284.274986273853
784500	-5562.984204343243
785000	-7803.38095323153
785500	-6768.6302017149455
786000	-6211.706731108765
786500	-6742.238366323657
787000	-7704.006350542412
787500	-7738.201055855778
788000	-7738.201055880364
788500	-7736.00835613681
789000	-7738.201055864936
789500	-7737.623394356851
790000	-7683.177383410535
790500	-7737.4533273753605
791000	-6041.114333692178
791500	-5150.037845857458
792000	-4616.343163543302
792500	-4853.4258066427265
793000	-4982.542613551862
793500	-4653.205296684813
794000	-4584.627737498145
794500	-4339.93652170222
795000	-4329.588382836093
795500	-5201.855993241948
796000	-5324.647063734403
796500	-5255.4682629976305
797000	-5716.42838356258
797500	-5166.878742887106
798000	-6228.422181842235
798500	-6485.648012733289
799000	-6270.972748627623
799500	-6183.2513624319545
800000	-6276.2481622183905
800500	-6001.253704655726
801000	-6199.871888236143
801500	-6265.956590562644
802000	-6423.081874345589
802500	-5436.813577214623
803000	-5582.298108442401
803500	-5978.578617917818
804000	-5806.644399765372
804500	-5510.957664063296
805000	-6097.285987880485
805500	-5632.487826262957
806000	-4690.696663902652
806500	-4935.334893770465
807000	-4503.894063159253
807500	-4928.398786962864
808000	-4704.984601359505
808500	-7378.800030346406
809000	-6919.170977286707
809500	-7243.284417681991
810000	-6851.283644077283
810500	-4652.627794842368
811000	-4485.744513047243
811500	-4512.933188479548
812000	-4397.269457971347
812500	-4487.985998189387
813000	-4492.475106403015
813500	-4576.983656788124
814000	-5274.358689404087
814500	-5364.1945391901
815000	-5950.968152305306
815500	-5257.689626613832
816000	-5097.4066692029755
816500	-4738.328731404412
817000	-5098.2140312577085
817500	-4609.620076047663
818000	-4928.086150392837
818500	-5624.177863980505
819000	-5000.533889183145
819500	-4942.555795321037
820000	-4634.339261633168
820500	-4653.59908742261
821000	-5423.792821195835
821500	-5203.254688136467
822000	-4744.8195709295
822500	-4819.417393815248
823000	-4554.297648407739
823500	-4435.782617361348
824000	-4969.875516793774
824500	-6565.308770685497
825000	-5797.240937200931
825500	-8286.107741032469
826000	-9053.802194706672
826500	-8877.373551571121
827000	-7543.49782249455
827500	-7529.929527555929
828000	-7566.621330699324
828500	-7534.627682484954
829000	-7566.6216938867865
829500	-7427.341411748787
830000	-7509.143939979657
830500	-6718.239096081831
831000	-7167.458406937956
831500	-7067.922113117591
832000	-6075.641360625453
832500	-5853.297779510762
833000	-7520.650742945813
833500	-7566.323476033683
834000	-7232.845545485469
834500	-7304.286523339229
835000	-6382.9261722670235
835500	-5529.132650240863
836000	-4940.976480919702
836500	-4867.86019272043
837000	-5351.917833021305
837500	-5591.445924010627
838000	-4836.589765262388
838500	-4874.913817164643
839000	-6377.668925912739
839500	-7566.622047119253
840000	-7559.91601292432
840500	-7566.619303613755
841000	-7391.312022414451
841500	-7365.469004098953
842000	-7103.842772222109
842500	-7499.3511469230125
843000	-7379.963720198009
843500	-7489.444580817034
844000	-7566.621845357742
844500	-7548.252989437887
845000	-7550.092783324651
845500	-7453.93491583222
846000	-7401.082733175149
846500	-7320.335764832999
847000	-7545.3702685516855
847500	-7565.567118569776
848000	-7561.069432007269
848500	-7566.622047119137
849000	-7566.62120036337
849500	-7566.6220471004945
850000	-7566.622047119131
850500	-7566.622047119128
851000	-7566.621958669707
851500	-7565.980295377667
852000	-7566.515951853
852500	-7566.32339157631
853000	-7398.769717779618
853500	-7549.622137036727
854000	-7501.598505513978
854500	-7566.621847186252
855000	-7566.621622279579
855500	-7566.622047119149
856000	-7566.622047116223
856500	-7558.326529913285
857000	-7170.316818286299
857500	-6373.677106353571
858000	-6728.352448528139
858500	-6946.987180641004
859000	-7565.452230729145
859500	-7558.279535164679
860000	-7566.62203523198
860500	-7558.95372800804
861000	-6940.024516342795
861500	-7563.548101151544
862000	-7472.6401728260535
862500	-7156.702039726153
863000	-6858.0981581046135
863500	-4548.233613319772
864000	-4437.605735043553
864500	-4576.305761019269
865000	-4587.052237101161
865500	-6415.060388839515
866000	-5539.2188038368895
866500	-6417.643352036173
867000	-7332.228035724138
867500	-7326.304272491261
868000	-7417.533775880335
868500	-7393.116591659039
869000	-7128.377316170865
869500	-7415.4009574982665
870000	-7288.408537206842
870500	-7180.836604615955
871000	-7517.662276618216
871500	-7525.509039471594
872000	-7554.396099508236
872500	-7381.185875929732
873000	-7548.761125539788
873500	-7563.09176147296
874000	-7566.606141598204
874500	-7566.622047119075
875000	-7500.9144228507475
875500	-7563.876260777147
876000	-7545.231462280176
876500	-7557.191677657082
877000	-7132.20873011705
877500	-7244.061315017813
878000	-6983.033180742849
878500	-5981.901333936719
879000	-6488.582414027479
879500	-6608.025632545266
880000	-7513.730069554712
880500	-7527.423805650846
881000	-7498.376403124618
881500	-7389.064868218016
882000	-7189.115084317852
882500	-7532.617177254074
883000	-7172.292443269533
883500	-7355.868783381254
884000	-7533.5662488542985
884500	-7490.562715013551
885000	-7556.309601452669
885500	-7566.622047119026
886000	-7566.622047119068
886500	-7566.505801356998
887000	-7542.759665154142
887500	-7566.621941964568
888000	-7183.774596565608
888500	-7309.78418920343
889000	-7287.177971398058
889500	-7519.85302566088
890000	-7566.598002660398
890500	-7565.944774949693
891000	-7496.240993785815
891500	-7070.259982283557
892000	-6793.41132227096
892500	-6428.855465049862
893000	-7558.598487539895
893500	-7558.6845212208145
894000	-7417.283789469255
894500	-8489.94574639768
895000	-8347.428891508745
895500	-8546.450870630464
896000	-8546.45085798562
896500	-8546.447924672892
897000	-8546.450802456373
897500	-8512.989973373004
898000	-8437.51332294201
898500	-8486.316910688203
899000	-8526.31150495995
899500	-8370.279513725616
900000	-7112.325549613206
900500	-7697.499026750476
901000	-7635.9366802527165
901500	-8208.022361705938
902000	-7848.451245269601
902500	-8377.445510037867
903000	-8188.84265398644
903500	-9409.808852783279
904000	-9409.808852648588
904500	-6546.831481064369
905000	-6546.831495834586
905500	-6535.647737758157
906000	-6418.507338391016
906500	-6443.271472549694
907000	-6523.180926060893
907500	-6546.8298113936635
908000	-6546.823156174768
908500	-6546.8299417301305
909000	-6546.831358994615
909500	-6536.866219927455
910000	-6543.9464699368555
910500	-6466.797928309798
911000	-6058.260988755832
911500	-6504.834698704679
912000	-6204.776930942424
912500	-5886.2736531196915
913000	-6409.596223109897
913500	-6411.434857474695
914000	-6493.161900345247
914500	-6536.666165709021
915000	-6507.636063133501
915500	-6546.831498827542
916000	-6546.831498827638
916500	-6374.033435992946
917000	-6518.81812869073
917500	-6544.260861661913
918000	-6454.000701217608
918500	-6546.814554734455
919000	-6546.796233809334
919500	-6504.714060997798
920000	-6331.3391175653505
920500	-5365.98421442972
921000	-4658.533241709361
921500	-4774.093201465188
922000	-5383.717140649549
922500	-5496.034963659136
923000	-5423.152825248336
923500	-6546.30497599824
924000	-6538.466664740079
924500	-6546.4721851807635
925000	-6540.421213497063
925500	-6462.77095367956
926000	-6546.831498827095
926500	-6546.818328856701
927000	-6546.0160195397175
927500	-6546.831498558497
928000	-6546.831498827269
928500	-6546.831497999618
929000	-6534.369856598998
929500	-6546.8314914046705
930000	-6546.830997302352
930500	-6546.831498826918
931000	-6546.831492675929
931500	-6546.814054190201
932000	-6546.831498827161
932500	-6546.783324557483
933000	-6546.00797776308
933500	-6546.7294090042315
934000	-5167.370899693291
934500	-5752.557824997713
935000	-5149.284069386261
935500	-6340.014754382898
936000	-6274.158360287493
936500	-6358.665734233161
937000	-6539.4375831058
937500	-6422.79018920708
938000	-6456.415403996163
938500	-5680.866243969355
939000	-5780.415895743495
939500	-6284.598339516525
940000	-4912.288180354827
940500	-4681.246625178578
941000	-4642.410610489234
941500	-6540.7300674910975
942000	-6451.582783316452
942500	-5474.763085244778
943000	-4765.533688938613
943500	-4378.51177878616
944000	-5387.343584412004
944500	-5194.870589544167
945000	-6351.0816093686735
945500	-6907.818751104201
946000	-6355.705776519097
946500	-5952.14937085297
947000	-6326.821784966564
947500	-5374.947565718217
948000	-5828.141502554017
948500	-6403.868261880675
949000	-6727.868913385751
949500	-6743.19126135959
950000	-6996.841309063041
950500	-7716.301134117613
951000	-7505.048010867657
951500	-6985.591240096679
952000	-6735.57109813764
952500	-5836.601200416653
953000	-5852.138381075376
953500	-6396.498694026954
954000	-5794.13624023312
954500	-5909.840531228455
955000	-5893.896440957114
955500	-5377.6948673706665
956000	-5861.460043085052
956500	-5787.032509560654
957000	-5995.083479478279
957500	-5642.127119704798
958000	-5729.799690590838
958500	-5627.826565236449
959000	-5502.034370008822
959500	-6077.595109232505
960000	-6042.94376589918
960500	-6312.790840910442
961000	-6649.984402572657
961500	-6159.7176794022225
962000	-5512.908482023456
962500	-5975.189052224229
963000	-6131.532379766012
963500	-6398.718210292114
964000	-5698.883620251637
964500	-5084.3973642955525
965000	-4762.324506987728
965500	-5207.155145027052
966000	-4892.635929564485
966500	-5021.338832658017
967000	-5209.858154601881
967500	-4921.5991448341965
968000	-4555.15236135414
968500	-4887.550832161702
969000	-5031.950720488441
969500	-4888.409370175992
970000	-4863.319180322945
970500	-4842.626015911288
971000	-4699.657128296798
971500	-5082.484341116613
972000	-6524.213536564028
972500	-6248.574624256732
973000	-6442.503457982427
973500	-5470.7329059396325
974000	-6461.716403947502
974500	-6550.947804069819
975000	-6547.403792090426
975500	-6203.537518489671
976000	-5890.72984543482
976500	-6473.149783368176
977000	-6546.75330058598
977500	-6398.286869127651
978000	-6316.824248807363
978500	-5354.8010734452655
979000	-5200.706348512906
979500	-6372.390305293642
980000	-5471.149844987736
980500	-5657.361211430171
981000	-6392.287814617542
981500	-6550.572003035534
982000	-6541.8719927699485
982500	-6543.639739615732
983000	-6550.487848446607
983500	-6549.9364258470705
984000	-6315.293291920173
984500	-6212.195681963793
985000	-6900.177897753586
985500	-6911.738013334656
986000	-8175.589706845729
986500	-8779.627548088887
987000	-8728.562758132266
987500	-8665.440958323994
988000	-8792.325364430442
988500	-8764.057738633037
989000	-8626.848572604124
989500	-8792.325425245415
990000	-8785.010237879233
990500	-8235.172963466228
991000	-7497.089372906337
991500	-8226.366195422832
992000	-8641.275653958019
992500	-8731.441364047678
993000	-8791.584810809705
993500	-8762.491053248057
994000	-8792.325425285188
994500	-8791.023492630477
995000	-8792.325425283983
995500	-8762.097447938995
996000	-7845.42785440859
996500	-8542.427059640213
997000	-8279.243825142745
997500	-8614.777855162845
998000	-11859.99628558988
998500	-11956.815408893732
999000	-11957.486115558924
999500	-11957.507670796678
1000000	-11956.761303824229
1000500	-7439.692483748844
1001000	-7995.096005665583
1001500	-8070.585381754594
1002000	-8863.587392005249
1002500	-8832.617009156083
1003000	-9074.01919817215
1003500	-8885.20656419488
1004000	-7983.4643562542715
1004500	-7987.948439923538
1005000	-8176.40473839969
1005500	-7786.947437035065
1006000	-8017.945647413479
1006500	-8115.419207854839
1007000	-7841.810175642077
1007500	-7820.971130847977
1008000	-7469.354970921485
1008500	-7600.594495455063
1009000	-6458.346015394442
1009500	-5877.551841201566
1010000	-6116.62043269628
1010500	-6219.768050174576
1011000	-6342.90876691943
1011500	-5634.837677845277
1012000	-5060.613569015875
1012500	-5148.511444998803
1013000	-5214.104575822233
1013500	-4725.886250900431
1014000	-4622.008218225822
1014500	-4610.455745019639
1015000	-4416.46264303398
1015500	-4896.439575178982
1016000	-4815.052292277789
1016500	-5789.5313432177245
1017000	-6207.202162459946
1017500	-5228.048091651477
1018000	-7068.210688271734
1018500	-6045.3194542615165
1019000	-6491.065628925947
1019500	-7760.242867109049
1020000	-7329.672201620048
1020500	-7759.4965761192225
1021000	-7892.021236145289
1021500	-8049.594186569696
1022000	-7990.811737667688
1022500	-7911.6061293737575
1023000	-6749.252073956102
1023500	-6294.18823014032
1024000	-6183.248000925181
1024500	-5980.118179079351
1025000	-5878.685298875876
1025500	-5624.994476060947
1026000	-6690.179427029984
1026500	-6812.028347961148
1027000	-6798.4016147089715
1027500	-6819.95323489756
1028000	-6819.934156338837
1028500	-6819.94964180201
1029000	-6819.952585602284
1029500	-6813.1993981181795
1030000	-6819.775657639766
1030500	-6819.319037615204
1031000	-6819.953239992143
1031500	-7929.823292347899
1032000	-7961.086584825815
1032500	-7975.620101360774
1033000	-7971.675395632757
1033500	-7977.735048144099
1034000	-7963.993340224758
1034500	-7766.941562157455
1035000	-7976.571697618774
1035500	-7921.629391055231
1036000	-7802.633700553261
1036500	-7977.741016004981
1037000	-7977.748569808025
1037500	-7977.685099048069
1038000	-7956.661610481999
1038500	-7976.737353544803
1039000	-7857.495162499924
1039500	-7430.297627660995
1040000	-7616.455127941113
1040500	-7403.612568011196
1041000	-7721.332045931559
1041500	-7819.335117315341
1042000	-7748.9028753186385
1042500	-7813.5264340441245
1043000	-6692.383731861351
1043500	-8407.903536685479
1044000	-7373.76936826893
1044500	-7090.066957102773
1045000	-7711.888715938401
1045500	-6672.21012655173
1046000	-6615.839022674544
1046500	-7022.953927098601
1047000	-5195.769050492727
1047500	-6116.218027739685
1048000	-7909.11179088197
1048500	-5917.240954229142
1049000	-6037.615128613226
1049500	-4791.356051964591
1050000	-4576.410907556553
1050500	-4273.460357953582
1051000	-4077.364555066817
1051500	-4460.5725417777385
1052000	-4889.242219350192
1052500	-6270.497790307737
1053000	-6208.490623406444
1053500	-5954.172328807429
1054000	-6231.332873353222
1054500	-6406.17456507191
1055000	-6994.247156840817
1055500	-6670.318452718682
1056000	-6843.282238446045
1056500	-6811.87417004993
1057000	-7674.450260018328
1057500	-8046.064573579916
1058000	-8437.5489215434
1058500	-8417.112166262936
1059000	-8454.257159543007
1059500	-8456.787514100175
1060000	-8456.15051496752
1060500	-8456.287925055398
1061000	-8306.801904208933
1061500	-8264.009096836817
1062000	-8360.041863870283
1062500	-7709.429294407534
1063000	-6176.760430371911
1063500	-4883.349459340567
1064000	-5760.114048471236
1064500	-6822.295284724326
1065000	-6561.680401265058
1065500	-5670.841007046876
1066000	-5889.753983064371
1066500	-6142.912685740587
1067000	-5756.452808775922
1067500	-5919.8058067257625
1068000	-5691.187245806359
1068500	-5365.028977451648
1069000	-5616.964529712477
1069500	-6793.188896115984
1070000	-6753.461100682141
1070500	-6701.597878157905
1071000	-6578.98080820353
1071500	-5208.502923679388
1072000	-5545.687977895565
1072500	-5490.324817378907
1073000	-5164.063064968641
1073500	-5583.882181983846
1074000	-5649.204281076207
1074500	-4928.09573916632
1075000	-5376.596810698468
1075500	-5710.00695359577
1076000	-5243.6439916165245
1076500	-5506.328617583756
1077000	-5239.201025524524
1077500	-5547.813068900323
1078000	-5168.015126089115
1078500	-5353.106421740903
1079000	-5606.275467933481
1079500	-5826.119242299205
1080000	-5605.30995432574
1080500	-5855.4948101114815
1081000	-6182.405767326155
1081500	-5536.624012035418
1082000	-5420.519509129751
1082500	-5579.199260519983
1083000	-5825.520246139075
1083500	-6085.8045549697445
1084000	-6545.20588262937
1084500	-6580.538630080403
1085000	-6826.310724063909
1085500	-6658.6765140783
1086000	-6972.280045324482
1086500	-5993.07198739464
1087000	-5461.534500684221
1087500	-4943.069517915685
1088000	-4764.803467095549
1088500	-5378.703208439778
1089000	-4922.804144173204
1089500	-4840.054583282614
1090000	-4844.271255875151
1090500	-4697.515340386917
1091000	-5055.793470617365
1091500	-5366.377224759051
1092000	-4450.891031172605
1092500	-4928.976318791176
1093000	-5151.067199258133
1093500	-4955.936567756741
1094000	-4667.5387340685875
1094500	-4717.891463233954
1095000	-6582.898443257226
1095500	-6549.736733763817
1096000	-6555.539671280338
1096500	-6593.502257429287
1097000	-6593.502257429287
1097500	-6593.502257429287
1098000	-6593.502257429287
1098500	-6461.66232899479
1099000	-6554.283580855858
1099500	-6588.565941304886
1100000	-6592.696175613456
1100500	-6470.717973528997
1101000	-6292.505314432559
1101500	-5962.161330889001
1102000	-6341.549105384338
1102500	-6592.532383864336
1103000	-6593.462669085175
1103500	-6593.257963417354
1104000	-5954.189105188631
1104500	-6253.9724311699865
1105000	-6593.502257251175
1105500	-6593.502257429171
1106000	-6593.456057693216
1106500	-6399.68679832578
1107000	-6592.078269571016
1107500	-6580.693080060609
1108000	-6593.502257429303
1108500	-6593.5022574293
1109000	-6593.502257429297
1109500	-6593.502257429361
1110000	-6593.502257429342
1110500	-6593.502257429287
1111000	-6593.502257429287
1111500	-6593.502253847846
1112000	-6593.502257427946
1112500	-6593.502257429149
1113000	-6591.593464753591
1113500	-6593.493845308092
1114000	-6593.50225741032
1114500	-6593.502257376864
1115000	-6580.446378714952
1115500	-6194.95338158311
1116000	-6593.502236734916
1116500	-6118.303084560811
1117000	-6560.006549060759
1117500	-6494.166918272915
1118000	-5382.510488726782
1118500	-4391.949576652389
1119000	-4453.7651502400195
1119500	-4680.880234000285
1120000	-4467.220448226263
1120500	-4560.4399371327045
1121000	-5941.202745229766
1121500	-6594.049296007969
1122000	-6774.728379600739
1122500	-5755.426904717948
1123000	-6088.722174062398
1123500	-6102.703660593559
1124000	-6493.503476350233
1124500	-6774.764318908235
1125000	-6744.307124242838
1125500	-6702.161910407226
1126000	-6468.378097691568
1126500	-6166.387097574675
1127000	-6713.442735098429
1127500	-6743.442995083359
1128000	-6874.780287270254
1128500	-6771.717370741176
1129000	-6768.578651661595
1129500	-6433.305072258783
1130000	-5296.840708048125
1130500	-5115.312474154283
1131000	-5304.19922989361
1131500	-5305.080025280382
1132000	-5492.115953452431
1132500	-5536.471021839283
1133000	-5228.6588344667825
1133500	-5280.770787481189
1134000	-5421.283166280131
1134500	-5313.116971263018
1135000	-4847.139737461545
1135500	-4912.109859835043
1136000	-4539.324467325797
1136500	-4707.972325117137
1137000	-4822.256162680056
1137500	-4546.358794806786
1138000	-4673.9614805195315
1138500	-4556.162047073402
1139000	-4771.683365316768
1139500	-5567.289347661787
1140000	-5916.846135544277
1140500	-5979.583298818572
1141000	-6771.107614609526
1141500	-6593.230019324844
1142000	-6773.906445549523
1142500	-6754.966636993402
1143000	-6774.83224397155
1143500	-6702.7161116232255
1144000	-6719.472387321973
1144500	-6774.8326168748745
1145000	-6774.832616875153
1145500	-6774.832616875048
1146000	-6774.832616303286
1146500	-6744.584058914548
1147000	-6774.8141838143565
1147500	-6774.82888877708
1148000	-6263.231235586385
1148500	-5317.151610774637
1149000	-5423.009330712524
1149500	-6249.677812596054
1150000	-6769.409897168696
1150500	-6323.2150638051435
1151000	-6035.098980266835
1151500	-6298.8291071188005
1152000	-4505.330588261048
1152500	-4408.172944298404
1153000	-4380.85487549524
1153500	-4811.705282323345
1154000	-4648.554210742476
1154500	-4350.568012147673
1155000	-4754.4042108048025
1155500	-4518.602216737543
1156000	-4158.5797985219615
1156500	-4252.06374421068
1157000	-6408.331016339254
1157500	-6658.987445462844
1158000	-6551.9019768237795
1158500	-6405.148971606386
1159000	-6707.338843224807
1159500	-6774.8326162517005
1160000	-6774.828274623008
1160500	-6583.5243052057185
1161000	-6732.86091599817
1161500	-6759.596729003299
1162000	-6503.682816637477
1162500	-5878.027788140076
1163000	-6774.831110059332
1163500	-6774.831410803201
1164000	-6752.11714359239
1164500	-6743.70263663444
1165000	-6734.656050495015
1165500	-6599.143967257275
1166000	-6668.939717424024
1166500	-6772.628321837091
1167000	-6657.969042237758
1167500	-6774.801967377115
1168000	-6768.5669518268305
1168500	-6765.50730348348
1169000	-6774.832615978265
1169500	-6608.515128491082
1170000	-6834.714313604047
1170500	-6771.12246723326
1171000	-6754.180084178071
1171500	-6660.5461309277935
1172000	-6618.635796202297
1172500	-6725.442660173278
1173000	-6564.5346590916115
1173500	-6488.024730658301
1174000	-6976.771733679787
1174500	-7912.714137820394
1175000	-7577.352669497022
1175500	-7063.914376981354
1176000	-4641.874694517872
1176500	-4604.971385585573
1177000	-5435.3391064539255
1177500	-4797.292860809247
1178000	-6776.665094354501
1178500	-7775.154545992763
1179000	-8234.996723885997
1179500	-8604.934503265933
1180000	-7444.618286211177
1180500	-8704.107579773769
1181000	-7841.808157341826
1181500	-7743.649026913065
1182000	-8329.502807969593
1182500	-8558.088736596268
1183000	-8812.9385056001
1183500	-8912.353039397487
1184000	-8812.198508316986
1184500	-8779.77039950978
1185000	-8706.25415731617
1185500	-8886.098705617962
1186000	-8914.15704746836
1186500	-8755.37245949269
1187000	-8883.662187609996
1187500	-8857.926028999553
1188000	-8920.926566286236
1188500	-8945.438307628217
1189000	-8941.310760630433
1189500	-8917.54938297715
1190000	-8844.056359055257
1190500	-8876.944497486937
1191000	-8795.528253684823
1191500	-8936.316645453297
1192000	-8945.428177409027
1192500	-8939.283455607934
1193000	-8944.801028585583
1193500	-8917.629934037905
1194000	-8770.790897976842
1194500	-8877.262836642607
1195000	-8881.18528902303
1195500	-8942.644908426724
1196000	-8945.352330303294
1196500	-8945.412027559303
1197000	-8932.869423058513
1197500	-8769.85028271408
1198000	-8917.591392725717
1198500	-8509.847406734887
1199000	-7348.8304511747665
1199500	-7170.456662604552
1200000	-7228.822758564183
1200500	-8240.408919982414
1201000	-8735.372063185718
1201500	-8940.348781614775
1202000	-8934.999894756722
1202500	-8945.438298976469
1203000	-8850.324959789423
1203500	-8945.116799557876
1204000	-8958.4776135248
1204500	-8902.361401142254
1205000	-8379.330907705655
1205500	-5729.9536872663775
1206000	-5720.259539441515
1206500	-7186.449928015028
1207000	-4734.265274000476
1207500	-4535.452881871857
1208000	-4547.2443583773875
1208500	-4515.062534844498
1209000	-4604.968000271151
1209500	-4621.971789584887
1210000	-4544.671679887603
1210500	-4836.263251629614
1211000	-4521.859741956565
1211500	-4342.915933095987
1212000	-4618.2296155842705
1212500	-4608.735714325066
1213000	-6135.864897003046
1213500	-5439.869239889234
1214000	-7479.94164063122
1214500	-7151.831674800662
1215000	-6680.523586894067
1215500	-7224.592060491709
1216000	-7643.676893044084
1216500	-7549.672744364039
1217000	-7338.489986302152
1217500	-7426.292100255802
1218000	-7623.439355615323
1218500	-7716.038304317037
1219000	-7715.458990582113
1219500	-7667.925160697798
1220000	-7638.965352452595
1220500	-7763.897541072237
1221000	-7438.0516566435845
1221500	-7766.473346796282
1222000	-7674.315398899983
1222500	-6996.122221335251
1223000	-6298.743403329652
1223500	-5776.632257044192
1224000	-6274.455908073549
1224500	-6580.724475390275
1225000	-6136.824900879479
1225500	-5999.195148664022
1226000	-6053.220671838862
1226500	-5313.404747826431
1227000	-5025.881335729254
1227500	-5546.762442391691
1228000	-5693.461498683662
1228500	-6064.258896243614
1229000	-5818.158866916096
1229500	-5390.551513441929
1230000	-5168.447649230674
1230500	-4915.417541822247
1231000	-5141.502999406794
1231500	-4906.739184695938
1232000	-4953.674836932599
1232500	-5225.917404013351
1233000	-5323.839079309967
1233500	-4780.771895191366
1234000	-5201.351396154457
1234500	-4689.399693199982
1235000	-4932.3009509898
1235500	-5698.809750125231
1236000	-6283.184182013135
1236500	-5036.68902062503
1237000	-5639.494420138341
1237500	-5129.324299654002
1238000	-4761.0931769896915
1238500	-4622.2798416916185
1239000	-4772.463092226569
1239500	-4841.011228839461
1240000	-4694.091148375867
1240500	-5181.057299541795
1241000	-4937.875120674811
1241500	-4696.240149966257
1242000	-4951.647820528733
1242500	-5638.326128840451
1243000	-4913.006444674115
1243500	-5628.711924764942
1244000	-5779.141804338828
1244500	-6010.016013700918
1245000	-5024.204098952482
1245500	-4739.103221293775
1246000	-5019.803799260739
1246500	-4510.015321268096
1247000	-6465.829053716399
1247500	-6321.121058783045
1248000	-7470.037619199586
1248500	-7977.802380623718
1249000	-7934.653303770023
1249500	-6732.048680284217
1250000	-6653.912418631223
1250500	-4970.513710391397
1251000	-6024.063322423247
1251500	-5806.611361462139
1252000	-6447.763539886012
1252500	-6959.267825317244
1253000	-6214.708624861873
1253500	-6877.152770325903
1254000	-7250.758203598213
1254500	-7179.763598776141
1255000	-7398.979068315307
1255500	-8004.9900071242555
1256000	-7630.910746567012
1256500	-7728.817571802908
1257000	-7692.870549073432
1257500	-6668.015759224465
1258000	-7861.654420073676
1258500	-6936.36251984485
1259000	-5153.597336146836
1259500	-5027.348797699375
1260000	-5473.821352747964
1260500	-4688.958539680656
1261000	-4988.786568722555
1261500	-4828.531873717985
1262000	-5108.852939798857
1262500	-5065.595318616343
1263000	-5870.481431317831
1263500	-4811.80610267044
1264000	-4702.118843587593
1264500	-4502.859697458276
1265000	-5036.8652676198035
1265500	-5357.053173094175
1266000	-4908.138041724375
1266500	-5090.3936815181505
1267000	-5292.324875437974
1267500	-5210.522467594397
1268000	-5718.864513428537
1268500	-5443.628253133495
1269000	-6217.274795603149
1269500	-5682.9403266927475
1270000	-7255.440554019583
1270500	-8061.296375156209
1271000	-8064.121013515492
1271500	-7861.487562612276
1272000	-8481.203393795357
1272500	-8476.840003639643
1273000	-8308.58749311482
1273500	-8482.237516310144
1274000	-8484.66697271547
1274500	-8484.666972694633
1275000	-8484.644369749603
1275500	-8459.013460409782
1276000	-8336.473161564143
1276500	-8439.131622060555
1277000	-8433.20656914825
1277500	-8482.219370680434
1278000	-8484.666058255621
1278500	-8320.238977733465
1279000	-7642.053746426873
1279500	-8255.040398742285
1280000	-7895.001049236258
1280500	-7777.362732616266
1281000	-7374.709952500093
1281500	-7133.637128644891
1282000	-7023.145818812438
1282500	-8411.461474277738
1283000	-7298.218831781506
1283500	-7629.596306704691
1284000	-7177.112581465386
1284500	-6215.666959551099
1285000	-8287.362489595718
1285500	-8296.421034118157
1286000	-8220.753659803882
1286500	-8121.68213169609
1287000	-8150.693885216202
1287500	-6654.903841384941
1288000	-7072.422555692364
1288500	-5739.576243159423
1289000	-6650.657572001728
1289500	-6779.645231104035
1290000	-5720.474693100122
1290500	-8200.57748897591
1291000	-8414.013860654826
1291500	-8461.795888788645
1292000	-8011.697967726406
1292500	-8289.165940601459
1293000	-8416.984052952856
1293500	-8484.324584015545
1294000	-8459.875367215609
1294500	-7684.348481605311
1295000	-7566.49726389412
1295500	-8339.59600745057
1296000	-8273.372260166961
1296500	-8267.740165196254
1297000	-8473.266463611591
1297500	-8281.64062528371
1298000	-8287.292185158136
1298500	-8394.170391529986
1299000	-8478.86012096375
1299500	-8330.522173696572
1300000	-8347.784582524146
1300500	-7902.170751262575
1301000	-7533.861303966618
1301500	-6304.753898069582
1302000	-7450.468290666778
1302500	-6490.7946153167795
1303000	-7443.859240143617
1303500	-7981.953290268563
1304000	-8466.465182066477
1304500	-7688.585660369774
1305000	-7234.157278555721
1305500	-6145.212463952819
1306000	-5133.4008869426
1306500	-5964.082637801336
1307000	-5631.261058323508
1307500	-5626.636995676309
1308000	-4858.586605402986
1308500	-5357.581622149933
1309000	-7078.829658461288
1309500	-6435.646750598158
1310000	-5113.061948308397
1310500	-4627.007872233476
1311000	-4476.064443951456
1311500	-4429.778379998047
1312000	-5158.309961659542
1312500	-4468.376758325719
1313000	-5414.985478838548
1313500	-6072.9040438505
1314000	-6572.200748138589
1314500	-6490.708784199173
1315000	-5164.303589375938
1315500	-5240.478449189278
1316000	-5542.465437666423
1316500	-5728.599245686453
1317000	-5996.072792898945
1317500	-5789.5088482591955
1318000	-6844.193552157085
1318500	-6004.310286909204
1319000	-6170.174887029482
1319500	-5338.460511776245
1320000	-4598.980700323904
1320500	-6407.939184581999
1321000	-5836.920077134818
1321500	-6366.34644921273
1322000	-4396.217658652781
1322500	-4383.486489679147
1323000	-4865.636867514098
1323500	-5675.774258476764
1324000	-5069.521597358676
1324500	-4375.677448946782
1325000	-4176.3221556492435
1325500	-4402.323749717593
1326000	-4555.739531672884
1326500	-6112.17680562939
1327000	-4124.55503078945
1327500	-4760.038949483031
1328000	-4837.040967921776
1328500	-5354.879208800922
1329000	-4842.317234787824
1329500	-4863.341208439292
1330000	-4871.816990767037
1330500	-4675.495632040292
1331000	-4332.428272230846
1331500	-5171.145244751718
1332000	-5324.585607914425
1332500	-6023.43571105633
1333000	-6263.246834714217
1333500	-5675.018114977613
1334000	-5984.61561924857
1334500	-5694.063769418568
1335000	-4741.383145777352
1335500	-5260.316161365765
1336000	-4761.809406301606
1336500	-5069.1877066385105
1337000	-5004.556746134281
1337500	-5190.929769575185
1338000	-5423.131365195948
1338500	-5269.209274840088
1339000	-4953.419823828063
1339500	-5550.348240792572
1340000	-6531.554904676202
1340500	-6119.350303988289
1341000	-6105.930459385163
1341500	-6055.574354187451
1342000	-6964.975056812963
1342500	-6416.383502482379
1343000	-6751.377481384499
1343500	-7646.271318352528
1344000	-7058.756420980445
1344500	-7225.676907643551
1345000	-7963.239585291089
1345500	-7170.992919244353
1346000	-6646.833911161853
1346500	-5102.8389782369695
1347000	-4397.769004156646
1347500	-4999.813791000168
1348000	-5198.105834844242
1348500	-5302.319874191753
1349000	-5063.727911250047
1349500	-5191.945089609914
1350000	-5100.796273980718
1350500	-5062.815976984516
1351000	-5971.982768508277
1351500	-5649.19249743173
1352000	-6178.182357151302
1352500	-6292.4240715548785
1353000	-5568.470798300929
1353500	-4882.641632004463
1354000	-5528.520465940618
1354500	-6226.425060180619
1355000	-6008.368496818375
1355500	-6156.558193150369
1356000	-7017.180729958627
1356500	-7559.784869060142
1357000	-7561.3500005496635
1357500	-7089.747742369615
1358000	-7801.853607205856
1358500	-8098.137604510413
1359000	-7563.972273470252
1359500	-7786.400258740233
1360000	-7330.555048944656
1360500	-6158.408307950162
1361000	-6446.677162992022
1361500	-7750.982062865613
1362000	-7016.846487004084
1362500	-6996.136262794832
1363000	-5314.211703380147
1363500	-5456.153188621658
1364000	-5754.125521500613
1364500	-5255.306179496453
1365000	-5821.521681314001
1365500	-5389.46950551657
1366000	-4887.8303269197195
1366500	-4794.836925423034
1367000	-4948.146057202422
1367500	-5202.8725733638075
1368000	-5193.300517145382
1368500	-5474.824785807364
1369000	-5456.268591838511
1369500	-5037.8785202491645
1370000	-4913.616980319388
1370500	-5395.234425059915
1371000	-7135.8953931296555
1371500	-6613.3454109663035
1372000	-6952.16049620046
1372500	-5101.982002993077
1373000	-5345.616944878318
1373500	-4551.0932382977
1374000	-4574.006162176174
1374500	-5534.725449564905
1375000	-5173.541660086392
1375500	-4623.092670758421
1376000	-4821.986739361247
1376500	-4606.4520426827785
1377000	-4623.537331915298
1377500	-4651.844909687313
1378000	-4514.976455597872
1378500	-4707.863419970963
1379000	-4894.949364393272
1379500	-4812.577994369021
1380000	-4525.188854735362
1380500	-4472.792317222707
1381000	-4818.276488657424
1381500	-5057.222611084386
1382000	-4663.975194629638
1382500	-4888.123561935906
1383000	-5158.202200292607
1383500	-5103.82089567134
1384000	-5532.185387614361
1384500	-6280.524375551434
1385000	-7252.503339740481
1385500	-7039.668020745998
1386000	-6344.62748317095
1386500	-6206.570593648552
1387000	-6254.680884896054
1387500	-7215.449743992646
1388000	-6836.496585910263
1388500	-6656.8203325085715
1389000	-6650.138968504127
1389500	-6443.935593511102
1390000	-6896.061325034741
1390500	-6864.169549945134
1391000	-6479.649141891026
1391500	-6285.748475323987
1392000	-6842.295868086549
1392500	-6924.674897539682
1393000	-7322.566267083023
1393500	-7602.587908416366
1394000	-7780.703395557995
1394500	-8193.959453080373
1395000	-7679.689623457548
1395500	-7970.779867468785
1396000	-8445.800740416404
1396500	-8840.75415205925
1397000	-8379.183323152067
1397500	-8293.07227919492
1398000	-8609.255966364095
1398500	-8448.014449564556
1399000	-9038.11190747434
1399500	-8844.347406483717
1400000	-8103.844406642394
1400500	-7057.524532541207
1401000	-6849.509286678583
1401500	-6735.143339054407
1402000	-6779.113785373375
1402500	-6778.7732978825425
1403000	-6907.148208586549
1403500	-6890.487698141023
1404000	-7056.612630894068
1404500	-7038.898873606786
1405000	-7827.20525840249
1405500	-7497.0723601165255
1406000	-6336.737541423945
1406500	-7139.919739903729
1407000	-7861.509647028359
1407500	-7863.652479200953
1408000	-8772.214218922332
1408500	-7627.358710030085
1409000	-7774.997706318341
1409500	-7450.648581658047
1410000	-7008.762094569628
1410500	-7193.011380271868
1411000	-7410.074483373625
1411500	-6691.718850165024
1412000	-6558.27425454784
1412500	-6850.096218457156
1413000	-5837.851062204793
1413500	-5253.916947711805
1414000	-7791.926832809703
1414500	-6967.160482054474
1415000	-8668.223523654744
1415500	-6865.893554393959
1416000	-5860.800761321858
1416500	-5984.978125142893
1417000	-5710.497786156839
1417500	-5608.242291998395
1418000	-5685.569920821844
1418500	-6278.6154999668615
1419000	-8798.381668692911
1419500	-9108.095512053262
1420000	-9844.72983856176
1420500	-7913.294571884162
1421000	-8199.945081333553
1421500	-7684.292078154135
1422000	-7333.398650284936
1422500	-8750.784826511775
1423000	-6772.024997259314
1423500	-7500.03613451675
1424000	-7371.8553234180135
1424500	-6380.390649817924
1425000	-7390.822035330587
1425500	-7537.27616710476
1426000	-7624.7083639436005
1426500	-7624.703075799567
1427000	-7542.637608996584
1427500	-6311.491141142139
1428000	-7126.732550286366
1428500	-7617.932716241298
1429000	-7624.708395975973
1429500	-7624.605730981684
1430000	-7624.708395976161
1430500	-7624.707788414492
1431000	-7590.632285819703
1431500	-7624.708395976165
1432000	-7624.708395976285
1432500	-7624.468783341546
1433000	-7624.6230279439405
1433500	-7624.704297471513
1434000	-6842.364325360294
1434500	-7734.251914111569
1435000	-7443.725768374938
1435500	-6820.8448130359
1436000	-7568.8841106306645
1436500	-7427.125873026233
1437000	-7624.708115883565
1437500	-7624.708395976199
1438000	-7624.708395972723
1438500	-7624.706709603443
1439000	-7624.698906456314
1439500	-7624.705729228672
1440000	-7623.490405400138
1440500	-7618.95466607439
1441000	-7622.744384752769
1441500	-7624.703896043347
1442000	-7558.172389857956
1442500	-7623.337055505533
1443000	-7443.550319478659
1443500	-7613.868794732337
1444000	-7497.871612668071
1444500	-7640.4586572219205
1445000	-6810.838112851923
1445500	-6552.497759166301
1446000	-6274.207611033942
1446500	-6703.8563532754615
1447000	-6802.672556532656
1447500	-7171.419430243621
1448000	-10137.49138544239
1448500	-10313.142209575686
1449000	-10275.880253826652
1449500	-10057.84912603719
1450000	-7467.639092042689
1450500	-7319.89319014733
1451000	-6266.368017175936
1451500	-6877.789339972908
1452000	-6623.782115063584
1452500	-8008.33636933195
1453000	-6638.153453964688
1453500	-6640.93302099862
1454000	-6627.5667652310085
1454500	-6640.933021962901
1455000	-6640.933021962901
1455500	-6526.541798983434
1456000	-6538.96116489407
1456500	-6637.117318654726
1457000	-6622.91302528408
1457500	-6628.012652549337
1458000	-6640.933021957018
1458500	-6639.327894008784
1459000	-6586.483676883448
1459500	-6640.932585362582
1460000	-6640.933021962901
1460500	-6640.932965656056
1461000	-6552.153026605882
1461500	-6205.11031463594
1462000	-6444.643221727652
1462500	-6021.048556492443
1463000	-5583.061755251443
1463500	-4771.961726790374
1464000	-4804.784471482836
1464500	-5280.544065421443
1465000	-4635.8202014054605
1465500	-4356.329101968462
1466000	-4143.673252373343
1466500	-4530.544448508779
1467000	-4861.385931538305
1467500	-4993.4220987053895
1468000	-4839.9200043952
1468500	-5019.541915674895
1469000	-4799.544149533258
1469500	-5052.071676754482
1470000	-5264.589430530006
1470500	-5373.627542885761
1471000	-5461.849909936995
1471500	-4746.83920148305
1472000	-5257.391717823423
1472500	-4943.842396679808
1473000	-4769.755966130628
1473500	-4719.455132852718
1474000	-4662.886602480093
1474500	-5816.219288717656
1475000	-6572.820485607814
1475500	-6628.357538616375
1476000	-6602.733055736929
1476500	-6462.74385107316
1477000	-6274.479296579325
1477500	-6416.286215964671
1478000	-4794.436736478938
1478500	-4290.968850352877
1479000	-4399.755261162856
1479500	-4622.404852241338
1480000	-4826.903345458123
1480500	-5359.083866556208
1481000	-4681.399208598172
1481500	-4232.383096693363
1482000	-3995.6331650173097
1482500	-4774.230835148001
1483000	-4663.7469677191975
1483500	-4467.317502108582
1484000	-4521.705565440165
1484500	-4500.803179562597
1485000	-4349.29245117919
1485500	-4679.251153990939
1486000	-4443.7956252568265
1486500	-4490.854978169521
1487000	-4501.944245967574
1487500	-4743.585665696418
1488000	-5208.377578677614
1488500	-4583.576338661813
1489000	-4489.402424166017
1489500	-4495.121744326926
1490000	-7195.9818595501865
1490500	-4887.543985595422
1491000	-4886.928445275112
1491500	-4458.414488375237
1492000	-4841.576214918081
1492500	-5179.788193990318
1493000	-5146.0730964805625
1493500	-5276.750245728365
1494000	-5354.767614261221
1494500	-5558.96832267569
1495000	-6549.735604802634
1495500	-6088.096312574503
1496000	-6389.9882661512265
1496500	-5593.227940962356
1497000	-6610.257853983707
1497500	-6949.662354710998
1498000	-6958.677725126113
1498500	-6455.320640430251
1499000	-5641.562980099993
1499500	-6714.307449080938
1500000	-6623.845754814884
