Sample	likelihood
0	-3698.611830208598
500	-3747.7617650524517
1000	-3796.7286772250486
1500	-3735.964152826507
2000	-3899.1644736395474
2500	-3880.089625976246
3000	-3924.728281274894
3500	-3898.040943441029
4000	-3831.1280600918058
4500	-3842.5630784920754
5000	-3989.1649860214056
5500	-4123.2411571185485
6000	-4191.073233807122
6500	-4085.4885650743527
7000	-4190.728965054347
7500	-4041.352712147908
8000	-3819.8320315398264
8500	-3742.5960427595815
9000	-3668.30369252673
9500	-3766.548764959149
10000	-3648.5957354593534
10500	-3674.8251243608347
11000	-3714.227450775983
11500	-3689.410276919921
12000	-3816.0973554599163
12500	-4024.8798614596703
13000	-3686.9012201560863
13500	-3721.181680265804
14000	-3758.3099740773323
14500	-3797.635534342101
15000	-3735.326369469594
15500	-3748.490533514906
16000	-3898.9229173827193
16500	-3803.7874813541
17000	-3824.3611634339577
17500	-3730.24446153068
18000	-4048.2824491434735
18500	-3952.6431078460287
19000	-4056.7911295802946
19500	-3907.261940420321
20000	-3837.924501021327
20500	-3754.8124612529937
21000	-3808.195027902705
21500	-3780.265195239243
22000	-3922.482960604542
22500	-3946.2931144663467
23000	-3870.601868814209
23500	-4119.361350142481
24000	-4016.0891780835077
24500	-3923.9842892168663
25000	-4180.585927029954
25500	-4163.816219463665
26000	-4137.510026006136
26500	-4188.703662123043
27000	-3977.4237831735772
27500	-3932.082791639454
28000	-3867.3654351408045
28500	-3956.2063150519953
29000	-3957.417459976937
29500	-3885.4531811057864
30000	-3735.6977245284397
30500	-3774.3210596030385
31000	-3852.0193484724273
31500	-3897.925921166682
32000	-3781.4027061846973
32500	-3945.355663552295
33000	-3734.1723246605025
33500	-3656.6717813118253
34000	-3699.0727909513607
34500	-3983.2407720998326
35000	-3886.597056721204
35500	-4057.6745252628084
36000	-4041.669982338
36500	-4131.499086987206
37000	-4119.201348122515
37500	-3737.8544227266043
38000	-3858.392471232298
38500	-3956.081121770108
39000	-3844.7720215742283
39500	-3909.7238780767584
40000	-4003.6315853744563
40500	-4011.3604793775917
41000	-4067.8739986133764
41500	-4134.932307117832
42000	-3960.7475273195673
42500	-3945.422059402548
43000	-3877.4777258997397
43500	-3742.6173265015545
44000	-3788.506160229745
44500	-3809.0218219304047
45000	-3751.430739952203
45500	-3985.8829430036626
46000	-3893.4893078019654
46500	-3943.003677776383
47000	-3808.1586338798875
47500	-3818.1879969626702
48000	-3838.4905879426487
48500	-3896.733393540881
49000	-3686.347251676367
49500	-3601.049920413632
50000	-3640.8383941074453
50500	-3608.1416106235306
51000	-3738.2861376133974
51500	-3814.7626254112643
52000	-3792.005432305434
52500	-3916.8167952303083
53000	-3856.0743215352804
53500	-3799.7267462905697
54000	-3873.6296545934947
54500	-3999.8614739992254
55000	-3844.9973021473625
55500	-3966.8095616491382
56000	-3826.1276494427866
56500	-3698.355215117621
57000	-3661.0898101924836
57500	-3757.7403329209997
58000	-3741.607781474647
58500	-3755.4506370528347
59000	-3756.036975548173
59500	-3649.2162632466557
60000	-3644.16489677106
60500	-3722.984963346489
61000	-3807.898771524385
61500	-3703.102552039891
62000	-3685.0742101130354
62500	-3706.542295707057
63000	-3671.5272280277527
63500	-3707.792420281418
64000	-3776.669330415499
64500	-3877.3665494824204
65000	-3667.471987555586
65500	-3676.1115688416485
66000	-3901.865210075891
66500	-4012.6365900707906
67000	-3855.5144287705757
67500	-3909.133876478782
68000	-3915.4272293182726
68500	-3955.937592013774
69000	-3878.4741541965186
69500	-3700.665325192317
70000	-3630.5670086338387
70500	-3936.5561053915194
71000	-3894.526002582171
71500	-3846.1376904352214
72000	-3806.5654807634814
72500	-3881.973513944984
73000	-3691.603473131961
73500	-3765.4958016810047
74000	-3671.0004622239394
74500	-3783.9734185239913
75000	-3980.57579681422
75500	-4003.5141595925465
76000	-4048.9308971313385
76500	-3905.791127751597
77000	-4080.88220498488
77500	-4026.8496830845397
78000	-3863.3253075311286
78500	-4032.653950532866
79000	-3949.165303894152
79500	-3919.0531282354623
80000	-4024.4703381295694
80500	-4037.4071448240925
81000	-4088.081899488561
81500	-3761.820770924018
82000	-3766.2852512171694
82500	-3865.800370803145
83000	-3917.699827856762
83500	-3976.6557258061807
84000	-4039.545568609846
84500	-3899.209241239885
85000	-3971.154816160432
85500	-4084.457347757222
86000	-3842.895537766035
86500	-4011.4564523766394
87000	-4037.4927845008137
87500	-4033.131161470079
88000	-4194.36580519136
88500	-4163.497439958203
89000	-3983.9106263225194
89500	-3780.7993354656833
90000	-3889.598874223794
90500	-3904.184240651085
91000	-3947.0661007302538
91500	-3854.1695538746167
92000	-3845.515134639009
92500	-3857.1334579765935
93000	-3930.5300347373272
93500	-3950.2910257154745
94000	-3846.4564862988523
94500	-3944.5335505734874
95000	-4008.143951473374
95500	-3899.446726328821
96000	-3836.971879678717
96500	-3854.603485085718
97000	-4008.0057104877997
97500	-3890.4555470956952
98000	-4080.1138740262095
98500	-3905.928202995961
99000	-3838.739251769468
99500	-3710.276359421662
100000	-3742.2975326455626
100500	-3674.920344792848
101000	-3719.7109922082072
101500	-3676.6436604681726
102000	-3824.255752290138
102500	-3877.8506744235992
103000	-3719.9662802366324
103500	-3736.255689386376
104000	-4004.5139736059823
104500	-3952.963215375278
105000	-4002.6089291798157
105500	-3969.936802907464
106000	-4080.603983384652
106500	-4017.731930600246
107000	-4023.0636457050714
107500	-3981.1442570109725
108000	-3929.964939553969
108500	-4359.513237646326
109000	-4127.424092937297
109500	-4233.304646409915
110000	-3997.767826082955
110500	-4058.903007725287
111000	-3978.9967428197524
111500	-4058.093969797933
112000	-4277.677069824505
112500	-4070.081542140375
113000	-4113.172166023054
113500	-4046.4338441778136
114000	-3998.982967230323
114500	-4005.549576105949
115000	-3953.55009625795
115500	-4123.337931021459
116000	-4092.214332353223
116500	-4090.8963027195587
117000	-3984.7185810447004
117500	-3893.285810690325
118000	-3830.1664055881897
118500	-3754.3876520276926
119000	-3965.2048936438327
119500	-3973.9242959806425
120000	-3799.65898201589
120500	-3865.3878637383236
121000	-3862.5902714209074
121500	-3804.38249299746
122000	-3917.1238566754046
122500	-3805.6930456432747
123000	-3938.3844352412975
123500	-4042.275739000379
124000	-4005.4656851363757
124500	-3963.686230582845
125000	-3942.338331701002
125500	-3960.5323044115717
126000	-4108.643361856375
126500	-4037.6715263586116
127000	-4066.858080086561
127500	-3997.8033851161754
128000	-4068.6607448753257
128500	-4086.871002006546
129000	-4290.400639874075
129500	-4084.924583046822
130000	-4020.0171242168312
130500	-4051.748496865996
131000	-4157.909709114414
131500	-4139.969210393588
132000	-4254.3864172788135
132500	-3918.4133594316036
133000	-4020.6708140005053
133500	-4055.6551646137987
134000	-3879.731238862639
134500	-3969.7994377850646
135000	-3911.2075129868335
135500	-3973.934542983708
136000	-3895.7662017397734
136500	-3876.9510888287587
137000	-3914.970122856303
137500	-3930.728968125582
138000	-4024.990927873706
138500	-3789.6443537976825
139000	-3995.6640066377413
139500	-3839.38119603439
140000	-3890.219984890526
140500	-3978.6995377224416
141000	-3675.6012673624073
141500	-3784.2362757506776
142000	-4074.7493583891846
142500	-4137.732381423061
143000	-4340.731731013874
143500	-4356.185878269492
144000	-4022.7831722453666
144500	-3940.6977745324602
145000	-3861.668198821397
145500	-4077.8756400245506
146000	-3927.1275611626497
146500	-3928.87629711687
147000	-3908.2261773138594
147500	-3702.8659047392475
148000	-3705.656178415434
148500	-3772.4024584888216
149000	-3824.9959724297505
149500	-3822.735403176073
150000	-3822.773024117511
150500	-3800.32124856498
151000	-3813.5645507127365
151500	-3986.219423545235
152000	-3735.2653822636535
152500	-3791.7910157195156
153000	-3790.3287856158495
153500	-3788.318029604028
154000	-3888.8730871009257
154500	-3826.9895687050016
155000	-3834.399141811534
155500	-3779.8070115935543
156000	-3865.401204122382
156500	-3770.7151799257254
157000	-3597.678304774395
157500	-3638.841452553749
158000	-3674.7017783492256
158500	-3909.4854483759427
159000	-3909.0093565793127
159500	-3852.824708703161
160000	-3708.666538395961
160500	-3883.2125421893925
161000	-4145.385135255606
161500	-4125.516914068814
162000	-3906.2233438177136
162500	-3916.1080069419354
163000	-4108.648386330946
163500	-4031.187052710335
164000	-4053.2812964968793
164500	-4019.1134557034247
165000	-4083.2506020851106
165500	-3954.6650975350067
166000	-3723.1669014967297
166500	-3749.044831395421
167000	-3732.229004990045
167500	-3720.881064547154
168000	-3748.9014393325456
168500	-3633.4670977017067
169000	-3792.181670627176
169500	-3699.4136802472935
170000	-3715.5781085844856
170500	-3691.693193851983
171000	-3810.7478459953763
171500	-3819.724643144417
172000	-3900.28753755353
172500	-4173.579602510067
173000	-3798.3267649081495
173500	-3646.014940606876
174000	-3760.196433053048
174500	-3670.474619322062
175000	-3762.679664629267
175500	-3955.972075332572
176000	-4131.3673867548205
176500	-4297.855376149309
177000	-3997.1130189479136
177500	-3786.0698870293563
178000	-3903.7294393657057
178500	-3938.3025474031015
179000	-4006.2694126082033
179500	-4191.205468218086
180000	-4098.055026548941
180500	-4190.442885518017
181000	-4065.221244868914
181500	-3972.838348793317
182000	-4108.573974958591
182500	-3979.1184734433045
183000	-3980.1517070492578
183500	-3958.4104502206255
184000	-4075.8274279226343
184500	-3729.2098632701313
185000	-3784.9989554361277
185500	-3787.059558520298
186000	-4002.993243903461
186500	-3812.4708800865656
187000	-3779.132898023694
187500	-3751.394280105181
188000	-4042.980269373821
188500	-3871.46079679597
189000	-3825.6160370591338
189500	-3843.9774357661377
190000	-3932.112511379687
190500	-3965.821130053233
191000	-3848.003941096341
191500	-3981.285309374723
192000	-4000.0718339846544
192500	-3870.1094804470954
193000	-4112.157593224028
193500	-3919.9291557993342
194000	-3930.2213454818248
194500	-3900.023085524794
195000	-4016.9956172306643
195500	-4230.943155742353
196000	-4044.299972359032
196500	-4035.9789832407664
197000	-4010.8222711913636
197500	-3979.0978013269864
198000	-4159.9440332599115
198500	-3925.9464776024247
199000	-3852.878071862784
199500	-3682.698208156296
200000	-3830.2296808746914
200500	-3866.5542806863655
201000	-3694.9965933774797
201500	-3819.716443254932
202000	-3765.0431499192264
202500	-3819.983556826724
203000	-3986.7722856663645
203500	-3732.813833901679
204000	-3883.2226965085997
204500	-3862.758582229328
205000	-3921.783801615047
205500	-4037.5284294452886
206000	-4031.5241060819253
206500	-3884.8613853633765
207000	-3824.3920600740594
207500	-3813.628746377396
208000	-3856.4196056172464
208500	-4043.273490862243
209000	-3825.290158656463
209500	-3905.839537152322
210000	-3872.390635474724
210500	-3813.129985554713
211000	-4080.595137860191
211500	-3794.1101448725203
212000	-3816.3407972629457
212500	-3838.672073217329
213000	-3901.7747788373317
213500	-3814.8615838994665
214000	-3812.51494587095
214500	-3721.748441346133
215000	-3734.5413313913796
215500	-3695.460463997188
216000	-3771.666340700076
216500	-4115.589892596932
217000	-4132.820211844645
217500	-3981.0339004037023
218000	-3860.4855641816025
218500	-4110.005035865599
219000	-4174.527262164472
219500	-4032.5987590232526
220000	-4127.108536254287
220500	-4131.790984072786
221000	-4248.937857970955
221500	-4108.194348898934
222000	-3688.6719104054737
222500	-3953.414210322031
223000	-3914.4765986543607
223500	-3840.560862384605
224000	-3959.823948259614
224500	-4044.0253311437805
225000	-3974.158467242124
225500	-4134.108358729586
226000	-3986.8233443934605
226500	-4103.79404562138
227000	-4029.0890098342766
227500	-4087.4562504718465
228000	-3961.358524179122
228500	-3925.3043376691835
229000	-3800.593043883023
229500	-3664.1688782163146
230000	-3659.0337175783466
230500	-3645.0641159779743
231000	-3712.3001603924463
231500	-3715.6864503818747
232000	-3580.9953182305344
232500	-3826.695871627211
233000	-3806.107084846211
233500	-3891.769022335658
234000	-3867.4844252269427
234500	-3763.7014410695906
235000	-3920.5583986349607
235500	-3978.2045577206536
236000	-3950.512032853114
236500	-3861.1103714687983
237000	-3746.243015416513
237500	-3675.5527670459987
238000	-3683.2598810058084
238500	-3879.1064003507217
239000	-3917.188807770875
239500	-3843.2331895252196
240000	-3916.824205970919
240500	-4165.764282175726
241000	-4143.944791514963
241500	-3867.136074098231
242000	-3948.5639527247813
242500	-4014.6464455204823
243000	-4013.4726957398375
243500	-3923.1210556039314
244000	-3994.8424214595225
244500	-3822.0881265074613
245000	-3981.86099357307
245500	-4127.202498516413
246000	-3914.530803056071
246500	-3822.2736080916493
247000	-3904.040879229295
247500	-3851.824875682959
248000	-3864.9751469178204
248500	-3835.1642419641994
249000	-3978.896564953235
249500	-3866.159397419925
250000	-3693.5853908721897
250500	-3879.1401608869674
251000	-3921.3939369293735
251500	-3949.020151395577
252000	-4031.6691217732646
252500	-4116.313086284369
253000	-4135.988759897633
253500	-4124.643470093498
254000	-4123.291906107114
254500	-4100.3052347165585
255000	-3920.6923340907865
255500	-3807.6803805764916
256000	-3989.3007928459156
256500	-4034.2194539236357
257000	-3813.3486491632743
257500	-3791.4687097928672
258000	-3843.108120869347
258500	-3870.606549133177
259000	-3866.7515323918365
259500	-3985.7424286723976
260000	-4031.888177156556
260500	-4080.787872994587
261000	-3861.561008518848
261500	-3804.2605648921926
262000	-3754.599951441779
262500	-3785.6041622418084
263000	-3810.8241606494175
263500	-3960.7627793613187
264000	-3990.600062975737
264500	-3998.0153182091794
265000	-4078.871333778261
265500	-4270.127483163552
266000	-3953.7428165688884
266500	-3858.2613308523573
267000	-3877.596840931054
267500	-3928.529281061838
268000	-4226.648084756844
268500	-4177.765681491011
269000	-4181.734224810451
269500	-4476.270720508683
270000	-4312.394340404284
270500	-3921.460427977925
271000	-3925.8158434512106
271500	-3881.3862105118405
272000	-4063.1573448975787
272500	-4005.3438160320366
273000	-3904.981720620413
273500	-3936.4585099466585
274000	-4122.594409990113
274500	-4333.699784853801
275000	-4160.507984605793
275500	-3997.8790727955725
276000	-3992.860120733972
276500	-4037.021133197235
277000	-4124.221347806675
277500	-4248.671173684154
278000	-4213.605195518826
278500	-4249.191716689169
279000	-4290.26832091168
279500	-4175.560246000303
280000	-4087.869277367586
280500	-3947.91650905137
281000	-3805.2044533703374
281500	-3910.96996746834
282000	-4059.6255075549107
282500	-4089.9452804354223
283000	-4105.1024758503645
283500	-4198.050056773079
284000	-4152.498303588651
284500	-4017.495383945692
285000	-4102.8192280170915
285500	-3967.359819603311
286000	-3984.333361935453
286500	-4049.750824377933
287000	-4027.957233372367
287500	-4040.153698379557
288000	-4129.954777471924
288500	-4215.882908038114
289000	-3960.107379974522
289500	-3759.9238675092106
290000	-3880.6145789852635
290500	-3903.6242518778777
291000	-4021.66218111778
291500	-3925.9497419502623
292000	-3893.8837981359375
292500	-3924.6320459927683
293000	-3798.664604339409
293500	-3626.8939383782104
294000	-3706.459427612778
294500	-3832.3541171139145
295000	-3836.2621320357457
295500	-3808.264505963953
296000	-3832.59624754437
296500	-3926.7125435887133
297000	-3932.1505376072637
297500	-3660.9599775758006
298000	-3850.906303602446
298500	-3664.1742184410173
299000	-3802.7541411745283
299500	-3864.4869848089484
300000	-3893.6071912519537
300500	-3871.949071194568
301000	-3972.2999322933915
301500	-3799.1349028928794
302000	-3829.2563284617895
302500	-3906.9567002473077
303000	-3857.965594877052
303500	-3960.961852810052
304000	-3905.6053945042336
304500	-3843.682817440336
305000	-3936.647221218974
305500	-3928.6277713819763
306000	-3804.404256263976
306500	-3870.342466635721
307000	-3883.3037523575385
307500	-3897.0698317078836
308000	-4099.29847411863
308500	-3919.503593328473
309000	-3885.6924931352473
309500	-3811.209430699407
310000	-3937.9231942425495
310500	-3813.1506087433836
311000	-3862.9253287621564
311500	-3993.155662565559
312000	-3922.267215375783
312500	-4125.0002988661645
313000	-4106.562898934086
313500	-4023.139380927118
314000	-3960.7439788811043
314500	-3953.916931109325
315000	-3975.435831786728
315500	-3915.8094975461004
316000	-3994.6686433951136
316500	-3976.9144176493423
317000	-3962.719650248192
317500	-3931.851522328514
318000	-3826.3104872643016
318500	-3762.961702020103
319000	-3990.086678786723
319500	-3951.6746799467687
320000	-4018.669321193929
320500	-3928.0863255705403
321000	-3944.3729558296936
321500	-4007.1925223278654
322000	-4019.1736281184817
322500	-3888.4908812904328
323000	-3799.7587069383803
323500	-3955.266271627699
324000	-4052.133577182002
324500	-3980.663131132567
325000	-3841.272436294264
325500	-3987.6592776455504
326000	-3933.6194384402247
326500	-3923.7667390877755
327000	-3894.5241687582293
327500	-3775.6400402090285
328000	-3762.134129784976
328500	-3721.864443548905
329000	-3765.1066448042993
329500	-3752.8915573974527
330000	-3763.701514952026
330500	-3753.112384462975
331000	-3711.9237955691765
331500	-3728.663891072627
332000	-3789.886285585597
332500	-3790.383505928022
333000	-3877.8683688604633
333500	-3637.321305271013
334000	-3637.380817900946
334500	-3816.8297797580753
335000	-3807.1288393817817
335500	-3700.056780501434
336000	-3655.2655759193517
336500	-3693.5982721259143
337000	-3832.0056038976677
337500	-3919.481517009317
338000	-3728.910589492068
338500	-3763.27887276602
339000	-3658.57196200782
339500	-3620.252893579136
340000	-3791.3898348726916
340500	-3816.107927398028
341000	-3806.118233575804
341500	-3957.641513624899
342000	-3957.9441540899365
342500	-3828.8154419853036
343000	-3863.627445005079
343500	-3857.7842429383923
344000	-3817.4456336519124
344500	-3794.715875558116
345000	-3769.4898046604694
345500	-3917.4087880091693
346000	-3811.5980169033633
346500	-3831.417645245268
347000	-3748.450529172867
347500	-3649.8080029034727
348000	-3789.1016064991263
348500	-3673.431662026478
349000	-3676.2722854476933
349500	-3814.7039693608413
350000	-3753.056470469165
350500	-3793.864285952262
351000	-3942.1343431750415
351500	-3885.623798509759
352000	-3940.879367122755
352500	-3969.4245961878732
353000	-3840.110278273076
353500	-3859.2220993953474
354000	-3865.64268886227
354500	-3948.5387557424733
355000	-3883.2489264608175
355500	-3837.017851725896
356000	-3875.6873058461347
356500	-3758.2483301901184
357000	-4138.877508063634
357500	-3788.2175733127788
358000	-3904.147352266372
358500	-3896.1150552370536
359000	-3873.848704081407
359500	-3804.547990307772
360000	-3799.7708660321905
360500	-3607.3728398798075
361000	-3770.110441946314
361500	-3793.041994084372
362000	-3793.1733627847702
362500	-3845.5416247504495
363000	-3976.7223761057567
363500	-4027.0150740584836
364000	-4151.585910267417
364500	-4125.092449088134
365000	-3965.476624666631
365500	-3895.4873054576824
366000	-3883.4406449655853
366500	-3929.8092627630945
367000	-3832.587762306184
367500	-3846.6451999557316
368000	-3774.0765384019055
368500	-3986.882965532475
369000	-4100.864104667001
369500	-4201.4877556229185
370000	-3887.547934311224
370500	-3930.179236297578
371000	-4002.6039285018724
371500	-4065.171258354282
372000	-3965.55783421208
372500	-3716.116461188371
373000	-3717.9932645569006
373500	-3718.188518699636
374000	-3844.6363727203416
374500	-3886.9068471396035
375000	-3801.1289779796675
375500	-3881.8740704937413
376000	-4108.854388954287
376500	-4001.6708860225585
377000	-4036.6466977744767
377500	-3947.922373742591
378000	-4064.6918995099977
378500	-3863.8365108750427
379000	-3928.033383155192
379500	-3954.2392042730607
380000	-3927.3300091174324
380500	-3950.3361494642586
381000	-3848.5914026257697
381500	-3960.67565717662
382000	-3928.634101145894
382500	-3940.323251573894
383000	-4080.2412194146364
383500	-4205.36812658432
384000	-4255.384050790789
384500	-4190.471720887482
385000	-4176.514654719053
385500	-3976.274293774392
386000	-4283.215783736779
386500	-4148.400329469275
387000	-3934.0836799744056
387500	-3846.7422088721696
388000	-3976.7342145541174
388500	-4101.490909543888
389000	-3852.9966576598185
389500	-3988.083118385076
390000	-3843.2025346652854
390500	-3856.1559326976276
391000	-4064.416149884257
391500	-3704.102313563445
392000	-3895.1675666134515
392500	-3982.508280026084
393000	-4052.172503948396
393500	-4030.841562585476
394000	-3842.4812201756126
394500	-3977.745551043004
395000	-3766.580444359642
395500	-3907.5491813934036
396000	-3766.8602102834725
396500	-3837.3690924849175
397000	-3891.655896130901
397500	-3936.225672497003
398000	-3756.968598655438
398500	-3660.6736755901675
399000	-3586.137261350097
399500	-3801.563178363488
400000	-3884.3354437365547
400500	-4088.457153074284
401000	-4030.932849138081
401500	-4108.284881638645
402000	-4072.0466271960663
402500	-4154.333942621797
403000	-4081.804297594404
403500	-3892.870504588995
404000	-3803.2981558470515
404500	-3922.0039693467543
405000	-4253.954064149369
405500	-4035.250640927466
406000	-4096.636270700399
406500	-3929.673982023308
407000	-4178.4840678451765
407500	-4049.464619941188
408000	-4023.993794277126
408500	-3970.1307492793544
409000	-3910.3647151546884
409500	-3960.6050276505957
410000	-3772.927150847413
410500	-3892.1773029680426
411000	-4056.2408308452004
411500	-3837.8591899450066
412000	-3705.7310170277583
412500	-3793.898941154379
413000	-3747.037398355704
413500	-3820.2041898432503
414000	-3798.4013019175
414500	-3690.7488308091274
415000	-4107.553363714328
415500	-4005.4067411065507
416000	-4127.091966678733
416500	-4254.640659308356
417000	-3870.374114291796
417500	-3890.972764662904
418000	-3825.6464338072346
418500	-4009.9418752107217
419000	-4012.3067293934023
419500	-4052.888211807886
420000	-3968.1083252402873
420500	-3979.1553230927466
421000	-4069.4944505425665
421500	-3989.6618265840884
422000	-4012.9455757213454
422500	-3992.0608335614497
423000	-3956.951771117009
423500	-3937.0798544737268
424000	-3995.746698416646
424500	-3971.184286779074
425000	-4113.615584411811
425500	-3999.6754726321706
426000	-3965.537771779831
426500	-3817.173565166271
427000	-3781.1512862248373
427500	-3871.496488714475
428000	-3803.430199306554
428500	-3912.112242973802
429000	-3927.815135471374
429500	-3856.489993232845
430000	-3796.0683172833774
430500	-3986.41160025059
431000	-4076.667415348862
431500	-4144.766438994632
432000	-3996.418560071168
432500	-3875.2414851338704
433000	-3805.32920378759
433500	-3818.0958623109073
434000	-3861.3001293362436
434500	-3860.936139434722
435000	-3808.9556592900376
435500	-3924.2816343419927
436000	-4014.2969428950414
436500	-3811.560770045483
437000	-3827.492400574543
437500	-3870.8370672921096
438000	-3795.2846705942675
438500	-3821.8619499619017
439000	-3776.788687597428
439500	-3748.0508573885604
440000	-3733.3149301627527
440500	-3671.9779204031806
441000	-3798.3472553949678
441500	-3895.003325654583
442000	-4065.4898840313504
442500	-4294.068412202394
443000	-4147.7403024389305
443500	-4112.928090780473
444000	-3859.298288650668
444500	-3866.816832909814
445000	-3997.9820707185754
445500	-3946.1203905244624
446000	-3994.2853068438567
446500	-3817.556062684161
447000	-4003.054550200623
447500	-3833.58345532163
448000	-4050.0440491438085
448500	-3932.2783678349133
449000	-3750.610049549841
449500	-3736.4923118497477
450000	-3790.56937766089
450500	-3785.1060365108224
451000	-3808.9999767265226
451500	-3902.522902874261
452000	-3782.9697932132617
452500	-4022.8709348373386
453000	-4057.8620787952154
453500	-3811.4628362262847
454000	-3910.4868217683193
454500	-3833.440159549659
455000	-3807.2385076298747
455500	-3940.934858606514
456000	-4036.508073472172
456500	-3859.4100699200108
457000	-3861.9695596685588
457500	-3802.715232290469
458000	-3597.775120733855
458500	-3601.654053919731
459000	-3876.0444912261714
459500	-3887.791079851016
460000	-4040.988159083851
460500	-4176.893375780595
461000	-4205.838452249294
461500	-4173.8570003573
462000	-4043.387299626332
462500	-4021.2769680122788
463000	-3999.1452135189156
463500	-3797.4354349744913
464000	-3909.0632257184884
464500	-3863.1517870028074
465000	-3825.445800320266
465500	-3602.650013118249
466000	-3782.8172188533053
466500	-3760.7735053546294
467000	-3813.173245658328
467500	-3819.406107300511
468000	-3828.18378302625
468500	-3735.44349952362
469000	-3765.204531910957
469500	-3807.75437119936
470000	-3611.616201810637
470500	-3628.618273855254
471000	-3687.1726217027626
471500	-3747.5827331276187
472000	-3871.056823577089
472500	-3709.0752616989503
473000	-3819.806273343703
473500	-3868.6148758702075
474000	-3891.8841150537646
474500	-3887.2190412714467
475000	-3761.979733897125
475500	-3878.632796161319
476000	-3778.6890224066797
476500	-3982.440110546677
477000	-4153.474490788077
477500	-3725.1701692000815
478000	-3852.359756758161
478500	-3660.528945758879
479000	-3848.89221822907
479500	-3860.968550019898
480000	-3875.6653870653545
480500	-4034.8048525525064
481000	-4064.0020738482544
481500	-3748.063001185794
482000	-3726.1033964034777
482500	-3728.593491756849
483000	-3769.3938614202666
483500	-3696.9641073820712
484000	-3731.4674577743335
484500	-3847.1957634360156
485000	-3939.216147358777
485500	-4082.2553541562907
486000	-4085.1393544710104
486500	-4043.164506684242
487000	-4067.5782233808345
487500	-3855.9578937617803
488000	-3845.3902705170235
488500	-4163.9226372042
489000	-4261.154941061721
489500	-4120.812889611403
490000	-3920.0783042198286
490500	-4025.167074470094
491000	-4026.328891538141
491500	-4041.980263639383
492000	-3916.09860143372
492500	-3973.2105147449943
493000	-4066.4076522920736
493500	-3894.430867577121
494000	-3919.6759042938684
494500	-3959.0934484562604
495000	-4091.504505427026
495500	-4039.3185813757977
496000	-3884.2623804855893
496500	-3929.2141266581393
497000	-3931.987243308712
497500	-3859.0565659921285
498000	-3834.675326514846
498500	-4067.559948532816
499000	-4059.01465372052
499500	-4018.0298632534364
500000	-4156.58489455752
