Sample	likelihood
0	-6235.447175647864
500	-6268.238896435238
1000	-6198.198715072442
1500	-6205.836470028674
2000	-6237.698316000832
2500	-6252.952703320876
3000	-6198.62129543461
3500	-6213.545157072683
4000	-6230.7110148407455
4500	-6196.193853848082
5000	-6185.451854901739
5500	-6085.312714125236
6000	-6145.0026787956385
6500	-6196.228072657516
7000	-6214.705786479222
7500	-6209.442670150018
8000	-6241.091619090124
8500	-6207.735177487562
9000	-6153.800193830196
9500	-6159.219566635435
10000	-6178.201425888322
10500	-5761.898316480604
11000	-5677.2812013235725
11500	-5533.766043514923
12000	-5457.2987337122195
12500	-5853.645968446443
13000	-5561.681607008391
13500	-5636.621645800493
14000	-5743.394534489205
14500	-6022.829524436106
15000	-6002.960920962524
15500	-5980.265890066929
16000	-6095.820660747512
16500	-6223.9025635346115
17000	-6204.641969753911
17500	-6279.908726677194
18000	-6281.929372800598
18500	-6264.429125179755
19000	-6381.695183670196
19500	-6314.6340963444645
20000	-6333.448801627438
20500	-6016.474963959101
21000	-6158.187162149751
21500	-6204.622230848589
22000	-6366.467089720034
22500	-6380.684022190256
23000	-6293.137282078122
23500	-6197.811854272968
24000	-6363.764181014009
24500	-6251.7681417082385
25000	-6336.032705957143
25500	-6373.583610139872
26000	-6296.954148250274
26500	-6202.527713755311
27000	-6811.7517804586005
27500	-6676.883596186303
28000	-6492.297742588315
28500	-6454.317050050655
29000	-6014.365771040816
29500	-5911.34691434736
30000	-6382.401054201702
30500	-5999.771203455104
31000	-6133.7783076060105
31500	-6031.007180264747
32000	-6611.202037819894
32500	-6217.141105384908
33000	-6589.960397208796
33500	-6288.791791957039
34000	-6401.25156315998
34500	-6349.697794062161
35000	-6167.777360208859
35500	-6302.126366340664
36000	-6194.315553126034
36500	-6009.888434441963
37000	-5986.427859298942
37500	-6213.662915279471
38000	-6080.447907229892
38500	-6180.1373079372015
39000	-6197.092183775442
39500	-6197.092183775442
40000	-6197.092183775442
40500	-6203.011981259723
41000	-6218.506584843576
41500	-6394.339872462836
42000	-6275.675375587789
42500	-5568.989780598845
43000	-5338.583232571578
43500	-4761.512523511268
44000	-4744.005538006972
44500	-5329.712290094712
45000	-5190.533139617358
45500	-5442.872468423515
46000	-6009.154805730304
46500	-6113.350125194991
47000	-6142.09752518153
47500	-7177.732356501218
48000	-7070.536936809729
48500	-6324.969923263452
49000	-6549.827654191485
49500	-6694.125320601814
50000	-6787.796046143892
50500	-6218.543849710903
51000	-5366.068069977067
51500	-5346.929284034582
52000	-5642.719343092031
52500	-5717.410156281082
53000	-5913.179977009386
53500	-5986.659681239287
54000	-6028.1723670776155
54500	-5877.555241874755
55000	-5799.389179751423
55500	-6254.66861587371
56000	-5867.853197901711
56500	-6470.003313050656
57000	-6641.380711186645
57500	-6455.794834441545
58000	-6420.079580276717
58500	-6879.97285997661
59000	-6440.6229788759065
59500	-6268.708203903615
60000	-6194.827712249555
60500	-5464.22817073382
61000	-5371.084867601277
61500	-5053.354830183195
62000	-4792.907559616467
62500	-4735.253510423714
63000	-4866.710795567548
63500	-4895.207731492905
64000	-5064.86580897382
64500	-5066.109588735771
65000	-5146.6039767187995
65500	-5223.91013617714
66000	-4884.792510928691
66500	-4859.524462805909
67000	-4640.827479440135
67500	-5226.7557651701345
68000	-5087.775030036989
68500	-5242.512554741412
69000	-4883.684405111394
69500	-5101.80587703773
70000	-5324.4254634385425
70500	-5252.664653548602
71000	-5281.257663036275
71500	-4745.790386869062
72000	-5002.588034772378
72500	-4706.139048847895
73000	-4744.815564860168
73500	-4706.882148067424
74000	-4546.199793005243
74500	-4464.098008361389
75000	-4469.432669923247
75500	-4448.907675421989
76000	-4494.715672776535
76500	-4443.877681430126
77000	-4549.02030665792
77500	-4476.117792508167
78000	-4603.51965695717
78500	-4447.9243081581635
79000	-4514.105618062753
79500	-4612.942384847049
80000	-4655.051184123172
80500	-4634.663702833587
81000	-4789.879837661245
81500	-4776.90304193779
82000	-4697.117866171594
82500	-4709.411851903722
83000	-4944.9119637585445
83500	-4829.551637776848
84000	-4508.013618635695
84500	-4809.464393805801
85000	-5126.328423899772
85500	-6204.144355990218
86000	-6267.583586258686
86500	-6575.532720564752
87000	-6506.8656615720965
87500	-6418.412563474697
88000	-6383.359466077235
88500	-6207.949243557603
89000	-6167.2100314314
89500	-6381.7942425302
90000	-6379.667653745323
90500	-6383.72721061573
91000	-6382.568630243651
91500	-6383.521306412439
92000	-6383.697213513663
92500	-6347.040181000252
93000	-6383.732112468123
93500	-6382.898498184267
94000	-6383.2808997137445
94500	-6347.7708243415145
95000	-6249.378459505816
95500	-6117.092222520834
96000	-6225.19107002154
96500	-5126.330599458863
97000	-5062.180794954108
97500	-5029.399802479118
98000	-6226.367133600776
98500	-6004.970150571037
99000	-5378.054522056922
99500	-5281.674460400772
100000	-5240.549005642256
100500	-5350.509190192093
101000	-4756.780413360425
101500	-4697.854876539149
102000	-6174.722768632032
102500	-6353.186787956618
103000	-6311.903160864312
103500	-6380.042817367338
104000	-6347.596474515829
104500	-6222.050487954137
105000	-6342.5479170375165
105500	-6095.74242029548
106000	-6191.924535870087
106500	-6383.624643618297
107000	-6335.564102035277
107500	-7160.635421632774
108000	-7283.911300884158
108500	-6919.604206572879
109000	-6821.277573490923
109500	-7015.032863638223
110000	-7177.612184428974
110500	-6898.644945008622
111000	-6979.794630346112
111500	-7009.417674147392
112000	-7228.4373475443235
112500	-7192.131951249127
113000	-7195.656968774642
113500	-7195.047111187323
114000	-7195.39556990618
114500	-7101.720375561152
115000	-7195.391672586012
115500	-6811.074677732717
116000	-6493.136298619007
116500	-6478.889016460136
117000	-7026.624245073398
117500	-6956.705903423431
118000	-7092.335066080428
118500	-7180.185953672641
119000	-7154.8423471373435
119500	-7170.039653450969
120000	-6795.540548386708
120500	-6863.239572862746
121000	-6928.843383361007
121500	-7164.81138694375
122000	-7195.627776169504
122500	-7151.6345186775125
123000	-7123.873569618846
123500	-7075.370771871706
124000	-7148.961872781773
124500	-7144.936376135805
125000	-7148.91792195061
125500	-7128.248137816549
126000	-7195.556362973935
126500	-7191.977315087618
127000	-7185.023799813042
127500	-7192.893359303132
128000	-7195.65696877467
128500	-7195.65696877383
129000	-7195.656949485161
129500	-7169.884949604244
130000	-7056.610543878003
130500	-7030.118426626844
131000	-7177.851670310004
131500	-7025.213357050874
132000	-7120.098354289538
132500	-5976.933813347772
133000	-5952.552976722037
133500	-6648.207319242578
134000	-6505.908014674786
134500	-6464.438192349092
135000	-6672.886825004407
135500	-6540.09051573566
136000	-6638.416238929611
136500	-6765.631780282931
137000	-5869.291520868435
137500	-5369.651682493845
138000	-4825.386026182517
138500	-4886.555813223813
139000	-4705.180027625584
139500	-5204.559245714068
140000	-5297.456465845104
140500	-5194.672161892505
141000	-5559.995479828328
141500	-5482.018696975511
142000	-4671.9644325771715
142500	-5255.351195341094
143000	-5402.996880546553
143500	-5520.079511601902
144000	-5162.683784108808
144500	-5210.464042490759
145000	-4562.366864500507
145500	-4254.996649854452
146000	-4474.859796683303
146500	-4539.836109355274
147000	-4674.191730418261
147500	-4492.274640555585
148000	-4628.038270568894
148500	-4716.782245794258
149000	-5213.871358634511
149500	-5876.652517682061
150000	-6272.063362296109
150500	-6354.408308054923
151000	-6195.2545561731395
151500	-5189.035153506251
152000	-4706.192472847595
152500	-8370.572080660299
153000	-9015.366934425667
153500	-8703.384588776888
154000	-9561.128489904217
154500	-9958.357133995398
155000	-9976.670815331634
155500	-9811.903363197873
156000	-10022.724689052966
156500	-9981.080280253604
157000	-9998.26616312997
157500	-9992.312668372031
158000	-10093.552316002588
158500	-9558.576109805575
159000	-8349.793155799185
159500	-6071.767144158932
160000	-7774.125313197357
160500	-5638.21911503251
161000	-5889.434890668252
161500	-4452.946640551271
162000	-4574.0563489859205
162500	-5098.500593666427
163000	-4632.600203050863
163500	-5288.376812829303
164000	-5098.597421053453
164500	-5330.502982461771
165000	-5535.24813732255
165500	-5898.619340096609
166000	-5790.111869897771
166500	-5945.950602440661
167000	-6108.970817464215
167500	-6140.274961897838
168000	-6078.158767635621
168500	-6497.6269572003475
169000	-6170.6755032304
169500	-6091.001342962275
170000	-6389.719060569978
170500	-6645.928776394556
171000	-6580.823458089896
171500	-6466.232374216192
172000	-5912.88389254526
172500	-5257.629297649666
173000	-4909.554448153611
173500	-4772.299989242938
174000	-4447.650068027337
174500	-4640.553937394254
175000	-5046.872795086524
175500	-5662.740043553152
176000	-5326.692646543872
176500	-4976.434760047682
177000	-5049.451685201263
177500	-5190.990338767947
178000	-5265.3223222093775
178500	-5166.838604043845
179000	-5075.242974135316
179500	-5249.136986056298
180000	-5109.236207244352
180500	-5137.496747003275
181000	-5171.653829773171
181500	-6281.67917564305
182000	-5504.933374622722
182500	-8003.3267259832655
183000	-7182.463260078122
183500	-6738.06620239087
184000	-7317.293692152897
184500	-7901.804419539584
185000	-8145.361651626517
185500	-8509.849469343491
186000	-8493.430097213644
186500	-8729.278145673392
187000	-8977.72237651208
187500	-8092.872248114923
188000	-8720.32094913053
188500	-8836.699597610843
189000	-7845.081909842973
189500	-5682.095796571553
190000	-7544.906992202192
190500	-8819.502872509356
191000	-7466.874948335883
191500	-8592.460051748934
192000	-8312.743576266654
192500	-8186.275072308953
193000	-10054.464936714272
193500	-10213.732411076973
194000	-9488.286891827545
194500	-9222.064149550813
195000	-8801.444688272552
195500	-5071.445769214621
196000	-4712.747410876726
196500	-4835.145528509835
197000	-4730.989045853576
197500	-4856.132860678397
198000	-9124.070593102391
198500	-9434.37670783617
199000	-10301.114004712888
199500	-10732.812165697302
200000	-10758.566911120184
200500	-10695.845531482815
201000	-10576.393057990112
201500	-10469.841329796756
202000	-10075.972279309923
202500	-10626.31797856465
203000	-10581.268149797514
203500	-10537.105001072321
204000	-10492.547543146022
204500	-9473.034353745237
205000	-9249.989399568993
205500	-8807.463060839807
206000	-8829.460873988164
206500	-7921.129383674677
207000	-7587.282227824986
207500	-7660.542001291345
208000	-9204.651368561112
208500	-7667.744477653118
209000	-7733.31172558825
209500	-7181.196515451296
210000	-7273.126779942573
210500	-5384.278564799405
211000	-4812.560181463462
211500	-5231.255951892875
212000	-4749.693443525677
212500	-6640.310850003117
213000	-6358.3815087672
213500	-4578.577451373094
214000	-4621.61653375076
214500	-4480.346121689997
215000	-4437.455253350376
215500	-4595.517754248369
216000	-5061.873158318253
216500	-5267.575521209555
217000	-5375.631378298143
217500	-5452.966810780568
218000	-6113.266878316438
218500	-5295.15740538447
219000	-5120.323646168359
219500	-4878.764867250481
220000	-4827.251288485036
220500	-4847.04106303252
221000	-5117.051277574948
221500	-5021.082448408868
222000	-4953.351081683746
222500	-5389.240288047845
223000	-5257.987644639913
223500	-6810.156991850321
224000	-4674.640953426598
224500	-4631.362192751325
225000	-4826.497184371494
225500	-4722.929347518317
226000	-4536.985845817601
226500	-4932.005096048943
227000	-5272.528984387578
227500	-5454.005647084243
228000	-5484.799851605451
228500	-5946.378354716378
229000	-5903.326800213373
229500	-5815.7517984717815
230000	-5588.767510837394
230500	-4812.014806138002
231000	-4890.3349280182865
231500	-4625.782466915225
232000	-5138.913614352692
232500	-4889.520801056128
233000	-4818.289284079881
233500	-5017.870577150498
234000	-5173.287734268091
234500	-5267.630434264863
235000	-5020.33031967442
235500	-4836.282814397273
236000	-4587.55217119681
236500	-4509.3592729851725
237000	-4894.6163823818315
237500	-4437.742540910275
238000	-4647.792563895543
238500	-4586.325304775705
239000	-4503.858780517877
239500	-4523.979875465271
240000	-4814.135740385819
240500	-4538.632276535532
241000	-4696.631537654191
241500	-4682.504627094771
242000	-4810.475963004845
242500	-4804.243415385431
243000	-4771.178429151357
243500	-4529.003271425026
244000	-4507.772759298696
244500	-4554.991930052598
245000	-5306.732838453588
245500	-5291.816697093039
246000	-5447.100383636578
246500	-5336.164596117749
247000	-5483.5249859078585
247500	-5378.679148094279
248000	-5148.763500825319
248500	-5283.059460272701
249000	-5873.332354336011
249500	-5920.79251755434
250000	-5077.045729199391
250500	-5108.2078935752625
251000	-5099.5933315916855
251500	-5097.722336693518
252000	-5090.786213888286
252500	-5193.101653592076
253000	-5385.164301277784
253500	-6445.197069376717
254000	-6802.331092283037
254500	-6530.952283818834
255000	-6997.947774790351
255500	-7380.885093519549
256000	-7278.786453090793
256500	-7055.2470844262925
257000	-7431.704234319886
257500	-8098.93330051539
258000	-8590.626257100595
258500	-8149.946270987821
259000	-7489.848728674594
259500	-7347.090642764008
260000	-7775.528627278906
260500	-7210.948992587857
261000	-6574.133166353555
261500	-6500.668564524657
262000	-7351.328429752864
262500	-7185.094474175189
263000	-7214.1913456032635
263500	-7742.131065014462
264000	-8396.762060310464
264500	-8248.920866537273
265000	-8058.976819705023
265500	-8048.183001102182
266000	-7904.438941707712
266500	-8302.895122884122
267000	-8548.529123174789
267500	-8279.92496553578
268000	-7899.271805855916
268500	-7775.452082659455
269000	-8635.325744904963
269500	-8467.01872632718
270000	-8063.637106754831
270500	-8078.7920603580005
271000	-7820.264417363358
271500	-7857.590441783347
272000	-7835.6187088556135
272500	-7840.533682311505
273000	-8087.912289870009
273500	-8095.9703113285805
274000	-7616.58429377903
274500	-8162.481993765582
275000	-7168.033551704507
275500	-6829.778624340483
276000	-6763.578229772964
276500	-6881.906509832614
277000	-6807.499606032968
277500	-6272.200076979898
278000	-6270.616855107202
278500	-6151.785507364913
279000	-6034.595636109211
279500	-5928.180163670012
280000	-6477.983824462744
280500	-6844.546249941563
281000	-7153.102141102548
281500	-7057.446953136609
282000	-6993.695804634532
282500	-7003.902166191947
283000	-6636.5435795075555
283500	-6514.327528101914
284000	-6494.983745826038
284500	-6055.072449007142
285000	-6140.912196720572
285500	-5835.539495851439
286000	-5702.631781351957
286500	-5925.407698797668
287000	-6098.488427133551
287500	-6266.1026882810975
288000	-6658.564801903629
288500	-6658.62264366869
289000	-6810.464641151691
289500	-6387.792436256554
290000	-6668.808026927372
290500	-7389.602743519356
291000	-7585.420460254491
291500	-7230.974912992608
292000	-6985.50709675597
292500	-6978.519923717205
293000	-7243.319066761774
293500	-7651.176320048739
294000	-6783.922495963268
294500	-7269.568108257951
295000	-7502.676086555044
295500	-7390.527370310294
296000	-7731.0843595000115
296500	-7398.924501826073
297000	-7891.562124156018
297500	-7547.989319549282
298000	-7770.754568503225
298500	-7237.656848292248
299000	-6981.733656108685
299500	-6738.188568340544
300000	-6834.852146541173
300500	-6806.159583275182
301000	-6764.329379369916
301500	-6432.02389863939
302000	-6749.2033718710445
302500	-6794.931083401172
303000	-7072.856509616154
303500	-7158.585118916934
304000	-7554.165993079303
304500	-8019.216353955314
305000	-7513.8323463535935
305500	-7389.561979174315
306000	-7770.945211891237
306500	-7548.2595971444
307000	-7831.659661547469
307500	-7831.726036980634
308000	-8117.763389423459
308500	-7959.10431639845
309000	-7566.858726543216
309500	-7705.831900044014
310000	-7825.706746716171
310500	-7850.907689873019
311000	-6883.51489456841
311500	-7295.246869363072
312000	-6707.08583010822
312500	-6082.646887965145
313000	-5951.268676850192
313500	-6169.615722521722
314000	-7032.233455189586
314500	-7667.249728824396
315000	-7229.4906902144085
315500	-7058.321234574165
316000	-6825.739304621973
316500	-7303.769040706406
317000	-7188.783255453325
317500	-7217.169352041639
318000	-7348.039863045298
318500	-6790.906999304099
319000	-7127.829288249361
319500	-6637.278052277163
320000	-6577.17621619185
320500	-7067.811462918675
321000	-7116.662794544628
321500	-7073.174771966824
322000	-7139.223890264236
322500	-7525.915375801162
323000	-7232.110192916082
323500	-7079.559734589318
324000	-6986.580777122659
324500	-7156.5037359834
325000	-6549.731061685449
325500	-5361.951129638937
326000	-4712.579436227403
326500	-4396.967584272761
327000	-4449.599173244568
327500	-4435.414316114011
328000	-5380.606846539721
328500	-6980.407018386295
329000	-6951.777191400002
329500	-5818.753309987763
330000	-9607.056424584289
330500	-6687.085303128607
331000	-5128.423608628566
331500	-8333.058411742157
332000	-12673.62000164402
332500	-12812.66088856436
333000	-13448.259654506137
333500	-11108.656799426748
334000	-7434.057234684952
334500	-5599.979186800994
335000	-4824.810074005704
335500	-5541.70418207102
336000	-4525.21421467935
336500	-4662.20131612161
337000	-4506.282206878991
337500	-4505.877747600932
338000	-4327.824134283632
338500	-4420.640977009336
339000	-4824.82969155553
339500	-4381.215968793308
340000	-8437.640438788521
340500	-4604.6454326251405
341000	-4662.152045155503
341500	-4535.0872345538355
342000	-6283.888669810097
342500	-4867.461711575079
343000	-5565.994775683618
343500	-4950.378363190189
344000	-6812.519278579357
344500	-4698.6257604184875
345000	-4637.926373916298
345500	-5591.342971867756
346000	-4770.722147091941
346500	-10582.956065541528
347000	-10966.624287127344
347500	-11562.834274240839
348000	-12362.993693722492
348500	-9066.167045534034
349000	-6117.960500935282
349500	-5986.372252478304
350000	-4802.607369023789
350500	-4599.8260893395845
351000	-4603.193511179639
351500	-6759.461328700796
352000	-4423.821286978869
352500	-6936.739696159518
353000	-4424.104403887198
353500	-5699.443563750286
354000	-7233.506570504247
354500	-5112.562405314632
355000	-7616.249492710857
355500	-9753.978677733841
356000	-9198.212131543305
356500	-8967.933542231198
357000	-8179.510908963713
357500	-9398.726472004282
358000	-9447.351162341325
358500	-8879.2974947878
359000	-8633.004334284456
359500	-7842.802802991839
360000	-5814.682160926017
360500	-7684.035485569128
361000	-8831.511604386245
361500	-8353.479957798374
362000	-9751.408260948834
362500	-8740.229182288967
363000	-8419.371983434212
363500	-8427.155426229847
364000	-8304.482894872443
364500	-8697.715416307867
365000	-9694.964835872186
365500	-9364.744594764084
366000	-10059.94768046551
366500	-10317.39518287064
367000	-9725.46113609585
367500	-9360.238650166284
368000	-9549.321444251427
368500	-9663.741446128935
369000	-9785.789292374893
369500	-10382.79200319462
370000	-10365.986868796783
370500	-10525.586016853264
371000	-10502.327319200942
371500	-10226.383388539018
372000	-10455.031560323598
372500	-10525.568437523621
373000	-8722.502155917486
373500	-8715.391923963052
374000	-6872.998959467705
374500	-6863.917391809839
375000	-6872.9989573902985
375500	-6586.775283256462
376000	-6610.486512290455
376500	-6678.980302071798
377000	-6872.46021608912
377500	-6864.053138163174
378000	-6762.5946523836365
378500	-6686.436924992408
379000	-6673.644530932159
379500	-6583.939740573243
380000	-6610.970839641698
380500	-6651.0867792388035
381000	-6846.300527104153
381500	-6798.201054485543
382000	-6872.418364823858
382500	-6530.784801573897
383000	-6495.429539214198
383500	-6552.373626673438
384000	-6651.894124748054
384500	-8256.056799207126
385000	-7930.7716521704515
385500	-8147.984050602834
386000	-8285.631642355025
386500	-8354.436484948186
387000	-8211.495604432195
387500	-8360.840832130682
388000	-8360.690679013427
388500	-8161.3561899927345
389000	-8105.998854328188
389500	-8225.943105485718
390000	-8035.200738859988
390500	-8231.448701835527
391000	-8260.948346877085
391500	-7844.80932421192
392000	-7937.773050411392
392500	-8180.606882563258
393000	-8328.426559943251
393500	-8029.260911080625
394000	-7988.312605565445
394500	-7989.969268284411
395000	-8021.959265037998
395500	-8045.371103549742
396000	-8178.148222721189
396500	-8159.834840017605
397000	-7256.6529241641365
397500	-7189.114806987823
398000	-7319.415212294562
398500	-7499.003846441527
399000	-7643.278575638257
399500	-7950.042818906986
400000	-7760.33394092217
400500	-8015.382531381704
401000	-7273.282278331071
401500	-7338.292193658011
402000	-7093.21614052789
402500	-6593.061542181771
403000	-6075.674526083876
403500	-5994.735903503984
404000	-6172.79940485603
404500	-6945.887022217397
405000	-7294.5185579592635
405500	-8148.493315628823
406000	-8728.811926381233
406500	-8909.20632024659
407000	-9010.225860121134
407500	-9992.848752439248
408000	-10186.789121623022
408500	-10301.034307531967
409000	-10194.173676699831
409500	-10357.98145723872
410000	-10425.889118404439
410500	-10348.330815776399
411000	-10374.196957527742
411500	-10216.862991451513
412000	-10146.000260849525
412500	-10483.727895305272
413000	-10446.603710444035
413500	-10304.167958706306
414000	-10029.193086703885
414500	-9591.029122769312
415000	-8125.881187518554
415500	-7060.683375767647
416000	-6995.01338679664
416500	-7347.22312957925
417000	-8241.879466108441
417500	-8283.207432155274
418000	-8430.531283208857
418500	-8339.499560081482
419000	-8428.05347257368
419500	-8430.524442882186
420000	-8151.322285123249
420500	-8176.63790394346
421000	-8151.633702722775
421500	-8166.070435812045
422000	-8210.16267107302
422500	-6463.881797407254
423000	-6280.207879996589
423500	-6358.763068822598
424000	-6459.437083907761
424500	-6364.058055133025
425000	-6459.250840539184
425500	-6440.574393626525
426000	-6386.471278393838
426500	-6430.62505910413
427000	-6560.45342253062
427500	-6493.111978341959
428000	-6654.297550086062
428500	-6470.5924865812485
429000	-7648.005705022444
429500	-7730.29468340457
430000	-7803.405800638712
430500	-7866.60735318159
431000	-6311.992109975776
431500	-6255.4017325736495
432000	-4697.737389198902
432500	-4580.007870725287
433000	-4796.3952875327695
433500	-4632.734831171465
434000	-4405.271166161894
434500	-4782.1780514562215
435000	-4508.024419328593
435500	-4592.643475340361
436000	-4542.005179630686
436500	-4479.817275478467
437000	-4318.830368246736
437500	-4412.033150231094
438000	-4358.235063434333
438500	-4354.675794348857
439000	-4297.541816081535
439500	-4548.2377968402125
440000	-4747.841850330002
440500	-4855.719471860977
441000	-5556.087831894918
441500	-5191.760588231703
442000	-5916.607946604094
442500	-6113.061796362531
443000	-6031.717131539168
443500	-6176.3567868838145
444000	-6239.995009978105
444500	-6290.004509332871
445000	-5405.150994843039
445500	-5206.609610586512
446000	-5748.321831324025
446500	-5774.975826889625
447000	-6251.780337102835
447500	-6215.377402356763
448000	-6410.56673529542
448500	-6410.667235745502
449000	-6218.540171473408
449500	-6410.17996769406
450000	-6210.078166817087
450500	-6066.701329554583
451000	-6191.193580252572
451500	-6230.035907606132
452000	-6024.101738894724
452500	-5546.614487221305
453000	-6023.965598674293
453500	-6009.329751045458
454000	-6084.8760399783405
454500	-6037.963504423215
455000	-6353.650970564895
455500	-6311.2068097346155
456000	-6164.725262788979
456500	-6395.3785644737045
457000	-5938.307625664901
457500	-5785.177993594605
458000	-6345.176468361444
458500	-6178.514168711672
459000	-6354.054627397118
459500	-6410.731259875556
460000	-6319.290581860386
460500	-6410.605345285187
461000	-6409.612026564525
461500	-6140.5470689404765
462000	-6276.839400609774
462500	-6332.669335615414
463000	-6342.4343410044685
463500	-6404.786466622863
464000	-6406.921406376443
464500	-6406.926316737623
465000	-5955.485579225097
465500	-6186.530925375055
466000	-6361.224278487513
466500	-6220.6132527575755
467000	-6012.896322471586
467500	-5630.180614690733
468000	-5942.4199949503145
468500	-5806.980441792936
469000	-5793.910486345147
469500	-5912.078242203668
470000	-6054.623375968126
470500	-5954.834451980017
471000	-6337.818481993191
471500	-6383.725955159867
472000	-6260.2147404538055
472500	-6410.776949313801
473000	-6410.423973375477
473500	-6226.15025696974
474000	-6228.023225681665
474500	-6345.446006547522
475000	-6410.184204164423
475500	-6244.606245828446
476000	-6357.275194219216
476500	-6383.011211445041
477000	-6455.944400768693
477500	-6503.842419976341
478000	-6223.427361629622
478500	-6170.28642258965
479000	-6043.459198410051
479500	-6337.9426193675245
480000	-6265.188470936004
480500	-5919.601686505671
481000	-6202.859046620554
481500	-6088.922952119598
482000	-5955.161726530139
482500	-6186.627758780703
483000	-6330.502979131421
483500	-6208.416758541701
484000	-6271.203477772772
484500	-6018.983012920888
485000	-6114.122918411549
485500	-6078.513407848215
486000	-6254.444153759474
486500	-6222.902263154853
487000	-6209.392517410895
487500	-6410.738037785021
488000	-6410.743071282858
488500	-6778.0048577891575
489000	-6010.909408970577
489500	-5267.8284327501
490000	-4712.602096111985
490500	-4899.003503344747
491000	-4779.398126315075
491500	-4464.27248043116
492000	-4862.334345834706
492500	-5029.805639416554
493000	-5526.750750949311
493500	-5841.945434051661
494000	-5762.290588813465
494500	-5939.0579445838985
495000	-6305.668532049655
495500	-5942.389990619028
496000	-6363.096986659171
496500	-6488.441723432094
497000	-6454.049575363682
497500	-6433.294862017126
498000	-6488.459312039657
498500	-6488.459338054321
499000	-6486.695075906439
499500	-6488.459338053857
500000	-6374.698129984984
500500	-7082.365297473016
501000	-6881.837114673194
501500	-6948.086647119967
502000	-6795.438263263439
502500	-7245.377840710664
503000	-7205.10860898215
503500	-7194.308547354854
504000	-7326.798895851947
504500	-6436.468294465998
505000	-6453.934471823413
505500	-6124.721298938213
506000	-5518.699456843746
506500	-6090.1355207270535
507000	-5391.3574397407365
507500	-6183.844306204428
508000	-6057.352380435447
508500	-5762.566225370478
509000	-6297.230676247256
509500	-6507.083507763462
510000	-7066.934602396035
510500	-6977.643559282747
511000	-7155.406710869017
511500	-7458.936053695749
512000	-6264.871600316072
512500	-6973.380713962646
513000	-6713.978799502988
513500	-6330.037416441944
514000	-6396.646758669661
514500	-6976.9083366231425
515000	-7111.615732614534
515500	-6228.036277011372
516000	-6153.118969025192
516500	-6179.71202932985
517000	-6314.239941189234
517500	-6148.994223086512
518000	-6427.812811598793
518500	-6488.740929189149
519000	-6249.633853474321
519500	-6549.699011545223
520000	-6668.20182253346
520500	-6807.138418709334
521000	-6654.675061157127
521500	-6340.261981635282
522000	-6480.810627932655
522500	-6475.596128321926
523000	-6796.2192565031955
523500	-6949.95898535007
524000	-6968.180998920637
524500	-7037.98033575959
525000	-6946.272563337209
525500	-7037.370470138151
526000	-6996.112392200522
526500	-6889.428792093191
527000	-6636.566193536632
527500	-6763.742399749802
528000	-6680.712895911973
528500	-6653.818116295957
529000	-6666.585409427579
529500	-6722.342922150066
530000	-6555.317272023474
530500	-6308.22481781462
531000	-6556.410633509713
531500	-6950.596493837967
532000	-6846.1609879849275
532500	-6865.398398252629
533000	-6954.4923426674195
533500	-7036.1229689983775
534000	-6956.134235781614
534500	-6985.330603537747
535000	-6794.523979476754
535500	-6797.906330043138
536000	-6681.589890009034
536500	-6859.761798242907
537000	-6832.815810745583
537500	-6595.273631211122
538000	-6501.4892436197915
538500	-6222.533803760658
539000	-5999.282157281285
539500	-6183.193557493542
540000	-6410.533634598883
540500	-6658.272572434975
541000	-6505.644559303993
541500	-6313.145177587975
542000	-6252.961322349427
542500	-6658.86244909864
543000	-6505.744129183554
543500	-5958.513540369762
544000	-6066.125687880497
544500	-5233.152123933777
545000	-5052.278932303852
545500	-5275.796655615147
546000	-5332.287450432026
546500	-5466.332854405729
547000	-5136.818106809981
547500	-5900.071797935359
548000	-5868.576937959096
548500	-5957.113733770597
549000	-5625.640849689158
549500	-5639.178004125986
550000	-6249.47063633654
550500	-6378.611258296694
551000	-5991.611304589141
551500	-6238.082878898012
552000	-5987.435991253318
552500	-5925.773765543987
553000	-5268.043906392283
553500	-4572.717704591445
554000	-4636.584834793217
554500	-4996.309942130492
555000	-4935.011596309076
555500	-5144.852280259663
556000	-5209.230145952154
556500	-6037.510024090888
557000	-5360.814535463604
557500	-6392.0270413996395
558000	-6283.016107129986
558500	-6080.199882304442
559000	-5670.3416311367855
559500	-5989.405331146828
560000	-5184.013074175109
560500	-5548.756522197141
561000	-5693.013930881895
561500	-5730.035199808388
562000	-6140.996378859177
562500	-5060.656059000784
563000	-4535.457467705891
563500	-4505.956337311633
564000	-4355.606746417857
564500	-4507.481327377827
565000	-4382.894920483471
565500	-4366.468793116995
566000	-4542.157020662283
566500	-4576.834792848318
567000	-4630.140900514102
567500	-4751.945417208237
568000	-4540.0056629504825
568500	-4786.753878141977
569000	-5755.393593590417
569500	-5659.412444718298
570000	-5933.116857024059
570500	-5676.715969864783
571000	-6127.3398787966
571500	-5777.840964702288
572000	-6054.637201709112
572500	-6116.809102316842
573000	-6119.767180884393
573500	-5807.67387144708
574000	-5653.788679538053
574500	-5335.800261916327
575000	-5570.004477111819
575500	-5840.490912762563
576000	-5891.125831056423
576500	-5146.9668829539105
577000	-4820.485886973559
577500	-5148.22605195868
578000	-5048.81681776482
578500	-4986.825750883703
579000	-4919.977528151778
579500	-4753.139748323435
580000	-5288.559621335704
580500	-5196.939640182118
581000	-5496.215906690251
581500	-5055.072971349456
582000	-5535.782015923541
582500	-5286.300722074133
583000	-5827.424114822519
583500	-5326.612914230399
584000	-5200.3797512416795
584500	-5001.005472626117
585000	-5088.215376797356
585500	-4774.222716194628
586000	-4983.768728748042
586500	-5352.274935186992
587000	-5778.494300301997
587500	-6017.339505297772
588000	-6379.981313444697
588500	-6543.409123001524
589000	-6293.177593536071
589500	-6366.318377493329
590000	-6576.449279991539
590500	-6358.791848018555
591000	-5686.907135545729
591500	-5014.456196480598
592000	-4753.962240504399
592500	-5199.800574785638
593000	-5125.218803536061
593500	-4825.504532969029
594000	-4733.463456927561
594500	-5133.577229887688
595000	-4829.755212893094
595500	-4940.348615468665
596000	-5281.783853866629
596500	-5282.938505709689
597000	-5342.695401685305
597500	-5222.653960472092
598000	-4980.5833173941555
598500	-4909.126638711435
599000	-5160.175056553386
599500	-5271.096166171519
600000	-5117.307378192727
600500	-5219.459864023623
601000	-4870.602213470635
601500	-5050.754412274069
602000	-5461.1849387466555
602500	-5263.5642343980435
603000	-5557.771835924579
603500	-5666.6359943899715
604000	-5580.2150091226795
604500	-5608.786918141723
605000	-5363.049453447907
605500	-4971.3860389437505
606000	-4904.111670028755
606500	-4844.44724790945
607000	-4898.397641713094
607500	-5423.983928757259
608000	-5268.612225781859
608500	-5228.930765934481
609000	-5183.346050810484
609500	-5233.6140290411695
610000	-5372.6011113016575
610500	-4958.29865400725
611000	-5402.792006909526
611500	-4985.179699409967
612000	-4888.746394954422
612500	-4883.443104361507
613000	-4815.411880865671
613500	-5204.40495538575
614000	-5000.564800702244
614500	-4757.320544530463
615000	-5436.03718545247
615500	-4627.487324694363
616000	-4633.590774591203
616500	-4918.910146068707
617000	-4898.640419291038
617500	-4797.90734943605
618000	-4744.017457134451
618500	-4954.752429442702
619000	-4990.096811286777
619500	-4446.121385760353
620000	-4500.911864268727
620500	-4698.771699457719
621000	-4576.07664075831
621500	-4693.738844898985
622000	-4611.287448250893
622500	-4641.121095822452
623000	-4858.613518270664
623500	-4518.388405414529
624000	-4453.628034610722
624500	-4627.977006806418
625000	-4587.065256630286
625500	-4719.056768755377
626000	-4542.49751747065
626500	-4638.726246326588
627000	-4449.214011282067
627500	-4534.012447446313
628000	-4616.580950374074
628500	-4465.785867721863
629000	-4587.009633938427
629500	-4728.180240678886
630000	-4485.216088043156
630500	-4519.789420262193
631000	-4821.6419502094595
631500	-4932.12822180145
632000	-4978.873205353132
632500	-6075.001697134663
633000	-6006.7327996059785
633500	-6465.103293369357
634000	-5962.24863033839
634500	-5417.479600196316
635000	-5862.67876653202
635500	-6268.5974944057925
636000	-6527.412136749824
636500	-6253.601242388007
637000	-6794.725328290835
637500	-6523.99484916346
638000	-6882.36144203281
638500	-6720.91373826207
639000	-6233.051417783773
639500	-6268.512245342248
640000	-5364.926742181173
640500	-5608.285156197713
641000	-5472.14869014963
641500	-5750.550894117703
642000	-5171.933427223748
642500	-5018.38930839892
643000	-4933.508162805009
643500	-5086.396822562786
644000	-5449.104029203988
644500	-5234.689597370699
645000	-5205.098082722394
645500	-5165.608529482118
646000	-5078.234913109274
646500	-5099.348859910042
647000	-4787.17845866167
647500	-5328.877893389092
648000	-5071.3464450062675
648500	-4534.902948767712
649000	-4537.539035156737
649500	-4306.381977032371
650000	-4564.789486062843
650500	-4820.203653876225
651000	-4957.831815749383
651500	-5276.529100708139
652000	-5045.03221530827
652500	-4506.174811020327
653000	-4397.551967851312
653500	-4458.003915350122
654000	-4505.069329007805
654500	-4589.687133481775
655000	-4622.406929171544
655500	-4765.787004493743
656000	-4749.352939939689
656500	-5142.913677313075
657000	-5076.848292294035
657500	-4430.096369710863
658000	-4570.226868890375
658500	-4801.9828719519455
659000	-4754.983368411151
659500	-4993.766926036121
660000	-4539.904511485585
660500	-4881.5478576988735
661000	-4453.467187968043
661500	-4641.281303912095
662000	-4599.377893939693
662500	-4655.542843342798
663000	-4603.693660747122
663500	-4861.686639993049
664000	-4878.083154449696
664500	-4600.972416970104
665000	-4372.272681285808
665500	-5023.3565011952
666000	-4625.190371844813
666500	-4512.058155683242
667000	-4596.865386194602
667500	-5069.526897251592
668000	-4795.6861702439655
668500	-5337.872743619058
669000	-5172.169946628635
669500	-5155.087141252448
670000	-5217.083471147199
670500	-5178.379992825038
671000	-5149.612376889142
671500	-5764.693274815226
672000	-4991.660024162722
672500	-4885.623461368176
673000	-4813.080176071068
673500	-4908.846156212703
674000	-4925.864569823783
674500	-5355.374955630416
675000	-5296.490024821786
675500	-5213.749673181518
676000	-5369.691275538777
676500	-5503.908858549834
677000	-5262.3077781805905
677500	-5335.353084114517
678000	-5128.740248384151
678500	-5047.465628719454
679000	-5178.203046763859
679500	-5010.541549831639
680000	-5227.918670467258
680500	-5547.148159712691
681000	-5272.265358453243
681500	-4963.444113822283
682000	-5399.5995844928375
682500	-4687.874940462859
683000	-4400.301623787984
683500	-4683.793459691784
684000	-5051.100666001874
684500	-4360.431341202092
685000	-4580.83653828511
685500	-4956.351013241773
686000	-4651.055835046668
686500	-4399.869321845063
687000	-4299.077916166436
687500	-4629.287755616007
688000	-4977.791244754649
688500	-4852.351729161784
689000	-4917.410833318535
689500	-4768.4169154731335
690000	-4614.953172836915
690500	-5211.155519396057
691000	-6012.112162929561
691500	-5880.7356646413655
692000	-5919.137313734699
692500	-6362.35919131727
693000	-5335.867020357877
693500	-5285.111793979874
694000	-4596.428117836348
694500	-5185.358037092228
695000	-4663.740299330537
695500	-4849.8261791267105
696000	-5060.604083431317
696500	-5376.4069643443345
697000	-5194.945120168394
697500	-5771.790967120245
698000	-5810.5045937396935
698500	-6059.7438709460985
699000	-5797.66820669939
699500	-6417.822674597926
700000	-5642.991705281571
700500	-6021.104628256106
701000	-5917.014981472942
701500	-5331.884115993417
702000	-5619.060880206117
702500	-6288.510780908971
703000	-5703.820452027091
703500	-6376.225283801389
704000	-6306.194914893097
704500	-6582.054326185074
705000	-6486.167620844614
705500	-6887.846080548559
706000	-7717.166731968877
706500	-7065.883994808278
707000	-6873.50206293776
707500	-6930.993803621719
708000	-7042.446538552269
708500	-7072.5422260556825
709000	-7059.029740207269
709500	-6965.269679172033
710000	-7243.10765397864
710500	-7049.074855712418
711000	-6917.368524365102
711500	-7507.877608061171
712000	-7621.724504866059
712500	-8252.017127740142
713000	-7364.036664920289
713500	-7515.8992360696275
714000	-6539.266056444359
714500	-6870.734877792692
715000	-7434.415256686568
715500	-7750.718339417036
716000	-8159.50418422547
716500	-8164.7936061493465
717000	-7396.987696232339
717500	-6948.576359287003
718000	-6697.851032251241
718500	-6608.907804393644
719000	-6332.612959432969
719500	-6343.006105586912
720000	-6275.021782312188
720500	-6500.38169141359
721000	-6965.212563530892
721500	-6847.377730986023
722000	-6957.297976198436
722500	-7148.618771308329
723000	-6253.429243001706
723500	-5747.016669013713
724000	-5719.8956163984685
724500	-5712.857323260403
725000	-5818.187279841637
725500	-6046.86044947168
726000	-5790.698221637239
726500	-5460.080339527327
727000	-6001.879974197409
727500	-5920.972748502411
728000	-6609.235070199882
728500	-6695.8632331961535
729000	-6445.0404512957475
729500	-6393.943378765248
730000	-5957.02493919091
730500	-6018.3778947891915
731000	-6315.74037285537
731500	-6040.139631874436
732000	-6404.682921984657
732500	-6632.123443352563
733000	-6468.798875826884
733500	-7379.610831144816
734000	-6570.363710469547
734500	-7210.476113287573
735000	-6757.712946550024
735500	-6727.374609096446
736000	-7173.267611907287
736500	-6445.550031345493
737000	-6750.785733740649
737500	-6547.300333263105
738000	-6290.814767895048
738500	-6730.695511178253
739000	-6756.658401974353
739500	-6801.994836496703
740000	-6717.665349174388
740500	-6667.747340073344
741000	-6823.322990492573
741500	-6951.635945496276
742000	-7249.394513076823
742500	-7470.5756079129305
743000	-7443.077568724772
743500	-7406.725392330207
744000	-7661.459847637543
744500	-8000.553255799427
745000	-7859.635746166771
745500	-7418.068980733872
746000	-7500.225495808841
746500	-7146.6625619131755
747000	-6377.530773808933
747500	-6890.822915286424
748000	-7189.8666431401325
748500	-7097.6460163139545
749000	-7262.2698850638335
749500	-7434.614452612776
750000	-7227.2201088709235
750500	-6576.633812738803
751000	-7043.282878928487
751500	-7049.855634894751
752000	-6766.534766162723
752500	-6445.634782834914
753000	-6040.6707328993325
753500	-6434.781992197209
754000	-5799.318701987145
754500	-6384.906184524529
755000	-6080.585362238629
755500	-6966.724959891228
756000	-6987.433848813027
756500	-6328.108302322626
757000	-6777.447525258105
757500	-6442.408921064495
758000	-6724.652115964076
758500	-6587.152434255994
759000	-6832.224647159686
759500	-6521.800703891329
760000	-6755.93190423858
760500	-6368.19985139918
761000	-5679.685681749615
761500	-5953.606588885355
762000	-6430.176287344631
762500	-5827.4796976466405
763000	-6319.907794962682
763500	-6986.631009806739
764000	-7019.153831507578
764500	-7264.829459770958
765000	-7555.987988625485
765500	-7091.2747771656595
766000	-7178.32013570568
766500	-7605.117068830466
767000	-8207.846191085206
767500	-8349.281119986692
768000	-8163.902416548484
768500	-8404.294597714623
769000	-8560.725463344359
769500	-8131.295751054049
770000	-8174.13662800895
770500	-8701.30852041853
771000	-8129.549438272538
771500	-7781.398807305245
772000	-8712.239143244211
772500	-9027.170293878766
773000	-10211.483676308204
773500	-10326.774914475645
774000	-9635.967917179994
774500	-9752.04849060512
775000	-9934.099932067349
775500	-9705.430249594767
776000	-10013.17963589449
776500	-9524.194824131373
777000	-9291.858227360177
777500	-9137.643941566805
778000	-9502.762254170078
778500	-9395.198189416902
779000	-8902.254430473686
779500	-9114.42356114692
780000	-8145.76676410998
780500	-8555.113013026454
781000	-9015.676043203304
781500	-8559.347802317572
782000	-8108.740113805288
782500	-8583.662694381259
783000	-8676.437396718527
783500	-7959.2083951734685
784000	-8404.369398236608
784500	-8339.649955779709
785000	-8893.212283348033
785500	-8755.794228285306
786000	-8542.669012209542
786500	-8156.730979793636
787000	-8265.984770526391
787500	-8511.316014085882
788000	-7745.728326908462
788500	-8308.197045667832
789000	-7409.32065103274
789500	-7209.259143752353
790000	-7439.373982601885
790500	-7637.200763781593
791000	-8634.121902489553
791500	-9389.531360206156
792000	-9001.683685003483
792500	-9101.194691525967
793000	-9415.705228036406
793500	-8948.6049836199
794000	-8315.629410234687
794500	-7875.290487218052
795000	-7155.277948944491
795500	-6784.212434972568
796000	-7836.651803702079
796500	-7900.220962389189
797000	-8686.377044402538
797500	-8326.26372091271
798000	-8313.671918871863
798500	-7828.498723233822
799000	-8342.938910408171
799500	-7770.9850774817
800000	-7868.807928155924
800500	-8525.67542842576
801000	-8444.528966723308
801500	-8142.0888984314115
802000	-7830.847059522564
802500	-7949.3724410876985
803000	-7691.854436673005
803500	-7244.313853667595
804000	-7719.252322648047
804500	-7464.436005493748
805000	-6988.6308188445955
805500	-6956.437947506866
806000	-6784.337842703013
806500	-6633.647893760579
807000	-6705.212229650875
807500	-6277.050614577522
808000	-6093.195596288783
808500	-6274.528274365982
809000	-6141.403518896461
809500	-6427.201494513202
810000	-6404.5744557005
810500	-5938.40893825421
811000	-6182.895272124591
811500	-5999.102174025682
812000	-5812.312510797435
812500	-5759.341145882239
813000	-5658.860429549393
813500	-6176.870909054981
814000	-6396.724257725991
814500	-6425.293921615114
815000	-6542.257361141972
815500	-6373.09214048998
816000	-6513.924016158423
816500	-6472.925578776063
817000	-6344.207991682124
817500	-6892.864198055789
818000	-6346.243616539758
818500	-6848.033529508107
819000	-6871.256614015366
819500	-6604.20928043419
820000	-6340.228516947853
820500	-6244.314435535201
821000	-6420.623741678492
821500	-6513.310829624039
822000	-5958.743524376289
822500	-6138.832200135401
823000	-5534.221353320752
823500	-5560.987005755371
824000	-5597.111948555295
824500	-5158.7408305447625
825000	-5220.844412719162
825500	-4943.709472459495
826000	-4830.165425814574
826500	-4981.065257509365
827000	-4637.1898017802705
827500	-4821.989597719597
828000	-4781.9558089154225
828500	-4583.804905516681
829000	-4756.410868196671
829500	-4773.137845892722
830000	-4806.482926460229
830500	-4170.537273271596
831000	-4638.938559826021
831500	-5715.455008413213
832000	-5914.4036568549545
832500	-5562.6868459708085
833000	-5822.343822209834
833500	-5823.600195845
834000	-6532.299332807726
834500	-6496.511702302868
835000	-6417.391636709485
835500	-6164.534318739519
836000	-6138.233749728918
836500	-6602.143818591757
837000	-6312.420931758191
837500	-6375.4293283853385
838000	-6385.241148127524
838500	-6631.009516566129
839000	-6446.2343373163
839500	-6271.818289007327
840000	-6348.347358670928
840500	-5958.841896027445
841000	-6596.224628293804
841500	-6572.649535766687
842000	-6621.054441789587
842500	-6630.8501485899105
843000	-6626.614113404691
843500	-6591.120047077081
844000	-6300.092583476023
844500	-5991.491282190568
845000	-5921.008687344484
845500	-6287.659258551562
846000	-6044.302909170734
846500	-5588.645415424699
847000	-5459.128894223034
847500	-5871.4257356132175
848000	-5815.6257497610995
848500	-5879.673428209015
849000	-5857.33567781412
849500	-5961.7730025750325
850000	-5853.63080101032
850500	-5579.006775159871
851000	-5199.550432156026
851500	-5788.802951090995
852000	-5620.1344971641665
852500	-4691.105110061451
853000	-5049.3987467594525
853500	-5733.360729089079
854000	-5987.283400115929
854500	-4801.340726252848
855000	-4803.036313280926
855500	-4790.966077193087
856000	-4477.400154444382
856500	-4277.314824516058
857000	-4572.053585220036
857500	-5749.710663015248
858000	-6203.692444524791
858500	-6165.698328990231
859000	-8089.413656099079
859500	-7973.473440024936
860000	-7845.712854544471
860500	-7906.953962806852
861000	-6003.614338666955
861500	-6419.839433185512
862000	-6619.168849228855
862500	-6691.346683693114
863000	-6619.031900230627
863500	-6380.052967289844
864000	-6200.508948314542
864500	-5916.5415743415
865000	-5547.072872451691
865500	-6353.867326263465
866000	-6376.000058274584
866500	-5750.661423511963
867000	-5709.41729500442
867500	-5043.151034174405
868000	-4599.151279737379
868500	-4556.01247122428
869000	-4675.839982895164
869500	-4850.264558973631
870000	-4620.601649817905
870500	-4341.975662381951
871000	-4263.081450121322
871500	-5424.063698392411
872000	-5273.308243107431
872500	-5045.5173209719505
873000	-5333.394735659407
873500	-5948.502702483679
874000	-5834.431299724235
874500	-5588.734362563693
875000	-5913.559980934626
875500	-5991.716341755637
876000	-5464.005382487044
876500	-6177.667789528199
877000	-6131.323535975893
877500	-5984.195590357108
878000	-6719.525597344877
878500	-6318.80341247872
879000	-5669.027697357282
879500	-5990.1092245721975
880000	-5174.139083019505
880500	-5092.35638506119
881000	-5459.117102327171
881500	-5918.414409692221
882000	-5657.278876549964
882500	-5865.2201946588075
883000	-5815.074436386132
883500	-6083.465826654854
884000	-5473.283599281907
884500	-5329.653046835538
885000	-5474.293651166747
885500	-5502.692556427639
886000	-5159.6759493627005
886500	-4758.9629523702915
887000	-4760.415404499261
887500	-4640.563866261117
888000	-4626.66638360304
888500	-4639.9534668436145
889000	-4913.336034783378
889500	-4868.594362652611
890000	-4738.779110351718
890500	-5495.321897911321
891000	-5479.930893237984
891500	-4729.316415280532
892000	-4820.390021671834
892500	-5625.039734475909
893000	-5340.218451155054
893500	-5372.972449039879
894000	-5337.441681660715
894500	-5000.0070752585325
895000	-5067.431282090789
895500	-5201.1312610319155
896000	-5473.292917974282
896500	-5231.279222651126
897000	-5940.590674252727
897500	-5787.294120697801
898000	-6055.202654087449
898500	-5572.992067039144
899000	-5265.790647522523
899500	-5219.961095621568
900000	-5254.150430236966
900500	-4890.55600549913
901000	-4721.8037424773265
901500	-4309.349112572862
902000	-4485.233315367897
902500	-4977.136174983223
903000	-4741.434884559645
903500	-5773.860373396052
904000	-6660.730453449605
904500	-6658.372733533857
905000	-6400.3534351884555
905500	-6944.798929886223
906000	-7380.695998119329
906500	-7343.891166715962
907000	-7373.255309542932
907500	-7495.9427653339335
908000	-6602.560111100366
908500	-7128.759980238281
909000	-5744.147058728616
909500	-6460.044324271429
910000	-6119.932423304738
910500	-5340.11680630855
911000	-5422.3205991591185
911500	-5648.008695107519
912000	-5636.677379217705
912500	-5621.950797582289
913000	-5158.561540239682
913500	-5662.821747958423
914000	-4888.662975057623
914500	-5097.836670260979
915000	-5965.94488752386
915500	-6051.819868905344
916000	-6320.944408444369
916500	-6215.934362462158
917000	-5869.262606921561
917500	-5216.753069050183
918000	-4805.071135802438
918500	-4836.108063842091
919000	-5751.254784454327
919500	-4938.646082767102
920000	-4967.405519368428
920500	-4856.501778110383
921000	-5130.351989663492
921500	-5078.72087640881
922000	-4884.136969327684
922500	-4540.479299768953
923000	-4502.743376655166
923500	-6177.725979616039
924000	-6534.536272590428
924500	-6713.137056768756
925000	-6901.3517603238615
925500	-7699.043778067908
926000	-6449.838979396276
926500	-7074.165595418958
927000	-7268.92729598874
927500	-7270.123291329146
928000	-7334.940265218302
928500	-7126.987774796873
929000	-6619.487673077643
929500	-7371.858461052964
930000	-7409.160144479672
930500	-7450.232405890889
931000	-7688.813962972371
931500	-6656.482844940041
932000	-6791.44876725073
932500	-7073.059196217485
933000	-6093.466046240192
933500	-6063.20234818945
934000	-5648.774048134057
934500	-6489.839131855099
935000	-7347.711635390223
935500	-6484.057545324406
936000	-5909.7680652390545
936500	-5686.798479412063
937000	-5353.352986931125
937500	-5477.556733042461
938000	-4523.692295753123
938500	-4583.7816056884285
939000	-4531.354945679081
939500	-4804.342617580696
940000	-5526.049896110478
940500	-4961.721177226227
941000	-4862.045570443862
941500	-5137.570595936746
942000	-5567.589131790967
942500	-6221.173404313726
943000	-6156.936584560119
943500	-6079.724723945721
944000	-6195.839110307261
944500	-4980.004136572282
945000	-6340.323251651205
945500	-6481.97966599574
946000	-6510.199567330794
946500	-6535.145213116576
947000	-6540.817057913341
947500	-6550.8358296168435
948000	-6541.467968926325
948500	-6503.750505184976
949000	-6358.803784189926
949500	-6525.874782465406
950000	-6550.939731537086
950500	-6550.938230054604
951000	-6387.600136334353
951500	-6536.680112591334
952000	-6352.518014622853
952500	-6266.093696329018
953000	-5673.33738494994
953500	-6234.865727243169
954000	-6138.372723770559
954500	-6519.063473924677
955000	-6528.195469937683
955500	-6548.860272789226
956000	-6550.365755210966
956500	-6550.639380528219
957000	-5827.931007539529
957500	-6254.434915503829
958000	-6530.797685652364
958500	-6495.148607682444
959000	-6541.301065949175
959500	-6545.309530682068
960000	-6390.440541490354
960500	-6532.2450999729
961000	-6527.785455551892
961500	-6550.7899372524425
962000	-6367.555041893591
962500	-6525.305903642393
963000	-6440.390296878481
963500	-6197.782588699561
964000	-6483.245545658342
964500	-6550.939255224398
965000	-6271.992742295388
965500	-6505.505061617862
966000	-6194.854779884352
966500	-5909.432799848362
967000	-6235.010176203746
967500	-6374.019863526709
968000	-6439.302525335103
968500	-6534.9734787694315
969000	-6550.789645560188
969500	-6403.299805140817
970000	-6106.157427293579
970500	-6308.411819394335
971000	-6226.836863438765
971500	-5826.654961184876
972000	-5590.877145762121
972500	-5418.326363211371
973000	-5536.9622921513765
973500	-5495.07617750925
974000	-5897.470265841138
974500	-5008.803979005741
975000	-4864.981213656702
975500	-4763.440364666109
976000	-5046.041199252648
976500	-5236.857191238466
977000	-5123.019182195985
977500	-5319.1331788883645
978000	-6442.259769032733
978500	-5779.184872182641
979000	-6127.813331613701
979500	-6418.272166254798
980000	-6550.8643718019985
980500	-6545.791755839552
981000	-6487.319019226076
981500	-6538.824056846213
982000	-6489.266626707554
982500	-6433.97363339318
983000	-6447.668443730655
983500	-6236.888441826467
984000	-6192.087570134588
984500	-6042.705532379251
985000	-6376.331195840524
985500	-6437.8451373581465
986000	-6475.320274053638
986500	-6419.855515216986
987000	-6508.466003505431
987500	-6514.207482088679
988000	-6549.122793000434
988500	-6468.799769244966
989000	-6540.497129877815
989500	-6492.26127939622
990000	-6549.289132129747
990500	-6478.845039261679
991000	-6493.821534413996
991500	-6452.919381678526
992000	-6292.362106441547
992500	-6434.620342055899
993000	-5707.0289056822885
993500	-5959.2331015485415
994000	-5676.296677818294
994500	-5280.071318688145
995000	-5487.802370704349
995500	-5170.8416631988375
996000	-5180.47698334446
996500	-5521.735980911921
997000	-5648.319569792796
997500	-6153.964425741362
998000	-6392.239695617953
998500	-6502.807299944734
999000	-6416.321138027369
999500	-6484.0835264728585
1000000	-6455.882340954767
1000500	-6982.384151929976
1001000	-5739.622095037635
1001500	-6568.494278967093
1002000	-6982.978537794117
1002500	-5883.478638717293
1003000	-5231.328171225322
1003500	-5213.082844947642
1004000	-5254.9702535358765
1004500	-5271.913268812639
1005000	-5288.830151737531
1005500	-5348.238043845086
1006000	-6023.694479206512
1006500	-6014.3641464386665
1007000	-5799.646688494273
1007500	-6109.447142054765
1008000	-5937.28501056652
1008500	-6280.863248706928
1009000	-6292.899973013127
1009500	-6122.561793890782
1010000	-6473.575990043783
1010500	-6414.709187666716
1011000	-6464.791723287409
1011500	-5810.030046059208
1012000	-5622.876816760052
1012500	-5758.744479677173
1013000	-6065.372653015215
1013500	-6581.437095303763
1014000	-6313.666391840473
1014500	-6374.602864846058
1015000	-6787.288081393192
1015500	-6538.724432727639
1016000	-6605.214575295502
1016500	-6334.9470091993
1017000	-6326.486360436119
1017500	-6426.690170171288
1018000	-6295.2375866570555
1018500	-5746.21734427535
1019000	-6113.808703604307
1019500	-5729.459647802288
1020000	-5747.132329913721
1020500	-5398.092329862235
1021000	-5367.610736409115
1021500	-5757.715748998751
1022000	-5679.711936103192
1022500	-5929.688404228509
1023000	-6547.137465729576
1023500	-6639.144801923667
1024000	-6980.570827950468
1024500	-7559.868575469441
1025000	-8052.360272713342
1025500	-7851.724391004886
1026000	-7967.201542265072
1026500	-8059.834094874825
1027000	-8132.193628143982
1027500	-8180.491624845566
1028000	-8058.4131824627975
1028500	-7984.684719268088
1029000	-8059.10382058313
1029500	-7960.405070289744
1030000	-7942.39377156419
1030500	-7934.488480561992
1031000	-6571.971007848299
1031500	-6279.182979562505
1032000	-6615.962212241047
1032500	-6609.638141840915
1033000	-6529.539537763777
1033500	-6566.591818674488
1034000	-6574.010840264161
1034500	-6302.544939788194
1035000	-6217.4991074070185
1035500	-6165.509413730087
1036000	-5719.723495752577
1036500	-6032.982679313818
1037000	-5772.7293025854915
1037500	-5818.704574164332
1038000	-5837.857265530001
1038500	-6008.7702356743785
1039000	-5688.686378980613
1039500	-5606.227776334581
1040000	-5976.255566540077
1040500	-6152.972530634135
1041000	-5968.725531692224
1041500	-5933.041144352838
1042000	-6310.695162464616
1042500	-6295.193857627172
1043000	-6067.809140125671
1043500	-5950.983097992546
1044000	-5869.422639092884
1044500	-5883.709458267663
1045000	-5159.0252387317005
1045500	-5657.086321708419
1046000	-6028.772970034074
1046500	-5841.657623424955
1047000	-6036.622656616643
1047500	-5280.5313622195745
1048000	-5443.719023395814
1048500	-5938.947925636713
1049000	-6128.098019214443
1049500	-6260.242747930121
1050000	-6015.337101224135
1050500	-6359.345270091958
1051000	-6397.859440398288
1051500	-6410.636795286135
1052000	-6388.674479087488
1052500	-6397.1931850414985
1053000	-6415.3371386418585
1053500	-6346.700100536395
1054000	-6312.802847371564
1054500	-6410.912995281566
1055000	-6384.789917697892
1055500	-6370.4723990971115
1056000	-6422.665540824102
1056500	-6413.0211462303305
1057000	-6345.382568809812
1057500	-6399.525804010198
1058000	-6398.551708255309
1058500	-6413.145534015396
1059000	-6415.337481421513
1059500	-6415.337321666532
1060000	-6352.406867696147
1060500	-6288.159400888546
1061000	-6386.724756500252
1061500	-6415.242276689054
1062000	-6284.972656887034
1062500	-6308.917161566752
1063000	-6354.424534307744
1063500	-6231.65073121349
1064000	-6406.412209941873
1064500	-6397.271512279914
1065000	-6309.043154444175
1065500	-5628.587392172771
1066000	-6116.978101585091
1066500	-6389.6655458786345
1067000	-6380.194215086108
1067500	-6387.973125504353
1068000	-6384.647125848234
1068500	-6366.856712551327
1069000	-6278.904951022984
1069500	-6366.174229996622
1070000	-6235.064931779662
1070500	-6254.9065791471385
1071000	-6354.9421646397695
1071500	-6413.704635295465
1072000	-6363.677145298355
1072500	-6364.276864313885
1073000	-6414.743682051964
1073500	-6414.44031931687
1074000	-6422.348407187065
1074500	-6387.145750242376
1075000	-6386.550993922078
1075500	-6413.129904294724
1076000	-6399.444583923984
1076500	-6415.337489453254
1077000	-6400.181750170028
1077500	-6415.328379338544
1078000	-6415.337489455819
1078500	-6415.337266443735
1079000	-6415.3374890906625
1079500	-6415.29798751404
1080000	-6377.353408613232
1080500	-6337.828429765359
1081000	-6360.126792135719
1081500	-6246.438616765049
1082000	-6054.927661361623
1082500	-5959.689765296013
1083000	-5349.6232801708065
1083500	-5539.812398549547
1084000	-5992.002937557391
1084500	-5980.349855322051
1085000	-5789.898071430213
1085500	-5801.150541615316
1086000	-5813.355764464902
1086500	-5663.8349187448475
1087000	-6130.177886662538
1087500	-6026.468637635481
1088000	-5841.08514791997
1088500	-6266.53644563191
1089000	-6299.4384978889775
1089500	-6313.464502965086
1090000	-6377.808485486344
1090500	-6155.674004034178
1091000	-6129.530791755854
1091500	-6026.159575134713
1092000	-5918.922940163533
1092500	-6165.3779894921145
1093000	-5836.496844402767
1093500	-5800.205689704813
1094000	-5538.980779758913
1094500	-6191.322360112645
1095000	-6279.816344704023
1095500	-5976.72738637163
1096000	-4977.030508942789
1096500	-5934.649330262637
1097000	-6130.818584747512
1097500	-5886.3629602365945
1098000	-5537.0472248065225
1098500	-6423.106849470967
1099000	-6164.108707896981
1099500	-6217.232885300037
1100000	-6395.046060339086
1100500	-6331.841999692521
1101000	-6137.152845293922
1101500	-5998.342512565997
1102000	-6420.444362271432
1102500	-6228.330704748015
1103000	-6319.137505977531
1103500	-6384.715881892055
1104000	-6413.970357182168
1104500	-6406.247896344488
1105000	-6234.053452622948
1105500	-6063.9423987853725
1106000	-6181.573842182908
1106500	-6383.11656498111
1107000	-6331.849374608042
1107500	-6365.9609624110635
1108000	-6359.650326798555
1108500	-6380.700780385301
1109000	-6383.004328402521
1109500	-6414.9366168051765
1110000	-6415.317826750677
1110500	-6415.290406284001
1111000	-6177.001217012235
1111500	-6184.307445344106
1112000	-6284.832574437486
1112500	-6231.844509522427
1113000	-6293.547721255834
1113500	-6415.3329467074245
1114000	-6399.2539759851325
1114500	-6396.4373981194685
1115000	-6300.095007812289
1115500	-6327.10579144855
1116000	-6399.746927008498
1116500	-6414.49599932295
1117000	-6411.418020376264
1117500	-6389.796155398662
1118000	-6389.430165819374
1118500	-6410.625795132051
1119000	-6415.179242576571
1119500	-6325.321977635323
1120000	-6831.428064623102
1120500	-6814.977042397613
1121000	-6935.248054265365
1121500	-6950.0779405233025
1122000	-6912.779476265796
1122500	-6886.290402798355
1123000	-7048.160939470172
1123500	-6606.338699004895
1124000	-6851.317352256182
1124500	-6976.138387719484
1125000	-6779.455404974568
1125500	-7060.825517110874
1126000	-7334.651515203414
1126500	-7290.453778425506
1127000	-6782.02730360226
1127500	-6914.234513707832
1128000	-6722.339752711837
1128500	-6772.124800197798
1129000	-6585.481279650231
1129500	-6435.04521492395
1130000	-5790.899548365237
1130500	-5711.92765742112
1131000	-5728.096834889656
1131500	-5878.876459367714
1132000	-5915.4848810971025
1132500	-5752.355906123455
1133000	-5603.515140508002
1133500	-5967.6121367594205
1134000	-5892.067760432613
1134500	-5685.402846582614
1135000	-5701.735131445045
1135500	-5775.259853571106
1136000	-5725.69620156738
1136500	-5908.015395179133
1137000	-5183.89024577186
1137500	-4667.333947843999
1138000	-5005.004151395299
1138500	-5243.251933518392
1139000	-4758.940332030707
1139500	-5819.465444162327
1140000	-6036.194029444678
1140500	-5955.959929420313
1141000	-6105.0537909318955
1141500	-5507.45873604051
1142000	-5456.6989247497095
1142500	-5282.5832979099905
1143000	-5312.334986824341
1143500	-5648.708299025096
1144000	-5870.580435205574
1144500	-6491.146557802554
1145000	-7344.811837829053
1145500	-6975.777791772985
1146000	-6131.01647822478
1146500	-6476.997425430644
1147000	-6890.023230687466
1147500	-6585.598026161702
1148000	-5150.492286138894
1148500	-5328.116891905045
1149000	-5130.354850997756
1149500	-5252.756415923412
1150000	-5053.260001541119
1150500	-4988.358122433784
1151000	-4910.044202050975
1151500	-5247.187859567572
1152000	-4827.603517290389
1152500	-4811.926502250054
1153000	-4804.609924460389
1153500	-4893.106911672744
1154000	-5424.482449284302
1154500	-5455.340638616664
1155000	-4760.023605911355
1155500	-4782.8299241289615
1156000	-5115.4347830371225
1156500	-5225.915774588021
1157000	-6233.886691711639
1157500	-5179.1887140879035
1158000	-4853.295519112541
1158500	-4863.776457559807
1159000	-5068.172527811698
1159500	-4945.956521294226
1160000	-5058.421434713398
1160500	-5374.898891543959
1161000	-4884.946887384186
1161500	-5338.708270379194
1162000	-6026.99650254129
1162500	-6048.625399168946
1163000	-6255.832307991886
1163500	-6182.295566175647
1164000	-6607.281847758087
1164500	-6598.560238789334
1165000	-6380.659355186985
1165500	-6424.583126921294
1166000	-5693.995754738955
1166500	-6140.263031689982
1167000	-6533.623674735862
1167500	-6283.341713179042
1168000	-6400.283097129471
1168500	-6495.366978837359
1169000	-6192.326064235609
1169500	-5877.046518589125
1170000	-6233.803390776694
1170500	-6324.083684514478
1171000	-6252.609178506425
1171500	-6625.2982149429645
1172000	-5883.448976536086
1172500	-6581.64338376713
1173000	-6525.922426112324
1173500	-6193.685481598956
1174000	-5900.122596209923
1174500	-5430.827717935892
1175000	-5721.275519404698
1175500	-5756.030949022264
1176000	-5910.986227236735
1176500	-6579.107806993667
1177000	-6347.553904920666
1177500	-6346.23896107666
1178000	-5817.504507103467
1178500	-5456.138261319722
1179000	-5210.373823133285
1179500	-4785.188369219526
1180000	-4703.8234306535
1180500	-4855.321896761901
1181000	-4781.324367588138
1181500	-4890.270847015101
1182000	-5064.632358236129
1182500	-5025.6165272816625
1183000	-5053.635513335591
1183500	-5083.307992822255
1184000	-4489.473968082459
1184500	-4479.848628126891
1185000	-5398.745029409655
1185500	-5849.330012943508
1186000	-5950.279917968459
1186500	-5779.758642501239
1187000	-4928.784397104271
1187500	-5185.517668260525
1188000	-5535.016451451314
1188500	-5155.1945573063385
1189000	-5066.969547874233
1189500	-5291.240773589236
1190000	-5163.901478862297
1190500	-4981.682232358374
1191000	-4720.457099096698
1191500	-4878.693585310759
1192000	-4773.4478266329115
1192500	-5242.231064414115
1193000	-5041.279527309257
1193500	-4985.090063305688
1194000	-4726.383129145474
1194500	-4796.626894492959
1195000	-4730.2263115302585
1195500	-4562.169609864167
1196000	-4690.036363986945
1196500	-4616.938599752109
1197000	-4835.857191579882
1197500	-4645.683675363382
1198000	-4490.558015180176
1198500	-5148.144764920784
1199000	-5339.0276423071555
1199500	-6113.0575219377
1200000	-6402.579663781163
1200500	-5643.38671909772
1201000	-6131.721962290478
1201500	-5548.9678128299165
1202000	-5682.492802044881
1202500	-5743.220842809595
1203000	-5958.988834973668
1203500	-5947.988274183487
1204000	-6184.711120579683
1204500	-6245.569680658286
1205000	-5662.75726535272
1205500	-5810.150642325385
1206000	-5812.230403335066
1206500	-5632.697539633996
1207000	-5118.1158824890545
1207500	-4746.452618528935
1208000	-4925.077961744686
1208500	-4820.572909312299
1209000	-5169.2536930970755
1209500	-6117.861912721351
1210000	-6063.318559164233
1210500	-5866.2209252846005
1211000	-6007.607672405305
1211500	-6499.278940315155
1212000	-6289.285690646238
1212500	-6539.7857069087395
1213000	-7598.205317018543
1213500	-7115.697109388783
1214000	-7009.669767669445
1214500	-6252.172097268729
1215000	-6579.455482633507
1215500	-6981.92917050111
1216000	-7043.075652926898
1216500	-6883.861073549848
1217000	-6395.030765329256
1217500	-6323.937555742532
1218000	-6822.397653978751
1218500	-6161.926435633569
1219000	-4769.440120863856
1219500	-5632.53723156282
1220000	-5182.265218126728
1220500	-6870.567224082806
1221000	-7051.343765236094
1221500	-7987.007330866586
1222000	-7976.945237674067
1222500	-8177.282046077428
1223000	-8094.11318970256
1223500	-8341.079136170058
1224000	-8192.923253227596
1224500	-8175.684021440377
1225000	-7044.398276768929
1225500	-5861.2712055722905
1226000	-5834.47639208216
1226500	-6183.297791230736
1227000	-6990.4435995718
1227500	-7338.921285508533
1228000	-7314.395080631602
1228500	-8324.424577563223
1229000	-8324.931005861294
1229500	-8322.438093070039
1230000	-8335.040247329029
1230500	-8340.399715630003
1231000	-8189.317466800418
1231500	-8153.402114941139
1232000	-10406.764393409137
1232500	-10505.452521701407
1233000	-10630.728995151872
1233500	-10560.977841806402
1234000	-10556.201148586086
1234500	-10580.690036710006
1235000	-10609.091205227294
1235500	-10592.321961795014
1236000	-10648.194498481369
1236500	-10455.137282567957
1237000	-10443.665792084468
1237500	-10707.885557452071
1238000	-9707.548368976344
1238500	-9692.698061843117
1239000	-9674.80243984864
1239500	-9581.483960994896
1240000	-9637.534033123979
1240500	-9341.194666101175
1241000	-9606.36217098409
1241500	-9279.992475156221
1242000	-9027.6862119452
1242500	-9279.906968437006
1243000	-9435.531814304068
1243500	-9276.447690038287
1244000	-8627.514473352749
1244500	-8779.25509030472
1245000	-8159.717669572556
1245500	-8153.124364823052
1246000	-9148.830403836106
1246500	-9141.72983699754
1247000	-8998.318474972424
1247500	-8907.115328207723
1248000	-8936.966639024813
1248500	-9186.92439292438
1249000	-9247.696066610319
1249500	-9163.977441430998
1250000	-8027.9214443973115
1250500	-8427.246658264055
1251000	-8698.717554991423
1251500	-8613.999882713555
1252000	-7727.41706405507
1252500	-5207.538803636049
1253000	-5105.963407448933
1253500	-4997.5230033721855
1254000	-6372.514904632806
1254500	-7377.115503139293
1255000	-7638.020803778971
1255500	-7056.209775295417
1256000	-7867.064352150441
1256500	-6150.654576588819
1257000	-5779.28148904035
1257500	-6064.808361732509
1258000	-5930.232515196922
1258500	-5961.692833385705
1259000	-6077.4648017448935
1259500	-5984.909376831476
1260000	-6397.093947425139
1260500	-6519.782886099925
1261000	-5669.169962321569
1261500	-5257.4601219966735
1262000	-5225.547197980714
1262500	-5355.049580500884
1263000	-6377.276349913407
1263500	-6164.319639589302
1264000	-6237.618521564004
1264500	-6281.134354294562
1265000	-6761.122821490128
1265500	-6595.005670406133
1266000	-6513.49704749681
1266500	-6711.18219345503
1267000	-6812.924786574181
1267500	-6800.220801017137
1268000	-6793.109563553921
1268500	-6830.804087457188
1269000	-6540.8175332521205
1269500	-5546.419414319031
1270000	-5819.667033084013
1270500	-5257.837413005234
1271000	-5549.1559195602085
1271500	-5511.930409914457
1272000	-6341.443773867597
1272500	-6548.930981539216
1273000	-6793.103096539948
1273500	-6484.768896358067
1274000	-6483.284442092323
1274500	-6088.822306920172
1275000	-5747.905192650415
1275500	-6484.6368372990255
1276000	-6412.303764844291
1276500	-6140.269587723208
1277000	-5984.002527607589
1277500	-6325.053664107141
1278000	-6052.673451299831
1278500	-6464.409753169729
1279000	-6872.946955346389
1279500	-6807.287326984064
1280000	-6533.138031244443
1280500	-6570.584547675662
1281000	-6340.90780569455
1281500	-6200.081830861211
1282000	-4883.930137510964
1282500	-4969.906069963573
1283000	-5957.300197888528
1283500	-5330.295483571545
1284000	-4696.285635071414
1284500	-4895.356234208771
1285000	-5135.657167464306
1285500	-4790.180082039155
1286000	-4528.298419689944
1286500	-4259.494417085416
1287000	-4236.07381262284
1287500	-4342.952499468851
1288000	-4242.850468800129
1288500	-4316.597139076659
1289000	-4362.3402920133785
1289500	-4777.05522280031
1290000	-4690.884801589887
1290500	-4577.589093828951
1291000	-4437.577015346945
1291500	-4332.99190378763
1292000	-4576.168156569422
1292500	-4587.665180724126
1293000	-4875.10166666055
1293500	-5051.78082514247
1294000	-5005.952997235593
1294500	-6436.879702853282
1295000	-6487.791670941051
1295500	-6319.475400564779
1296000	-5725.232444476506
1296500	-5210.870902694873
1297000	-4786.038381922189
1297500	-4613.320450248047
1298000	-4928.74800913144
1298500	-4982.475671517865
1299000	-5593.091102651522
1299500	-6721.1915813457645
1300000	-5790.000397044515
1300500	-7250.700963262655
1301000	-5341.180759674781
1301500	-7311.112888172463
1302000	-7899.809652716956
1302500	-8663.496654092398
1303000	-8641.238331587381
1303500	-8991.766912500869
1304000	-8940.706512353108
1304500	-8983.398110561868
1305000	-8781.950314524023
1305500	-8663.765810283034
1306000	-8802.684583625465
1306500	-8231.081368560463
1307000	-8370.692584422202
1307500	-7933.099696423509
1308000	-5170.371302320433
1308500	-6004.003612884738
1309000	-7399.481895770641
1309500	-7972.7534804951765
1310000	-8194.628041754884
1310500	-8208.363703275403
1311000	-9039.19677127054
1311500	-9059.085802765556
1312000	-9326.431374072428
1312500	-9910.868252076052
1313000	-9701.045189234066
1313500	-9864.602140569848
1314000	-7835.532714187235
1314500	-7881.47697376021
1315000	-7767.196719360512
1315500	-7851.1726443871685
1316000	-7842.365036249916
1316500	-7678.657674212242
1317000	-7843.320565227496
1317500	-7839.929406004962
1318000	-7312.597077798165
1318500	-7610.763279239942
1319000	-7648.415347391186
1319500	-7531.914442989352
1320000	-9001.839368690924
1320500	-8754.995741256344
1321000	-8470.57898031002
1321500	-8659.126162384275
1322000	-8810.706048255524
1322500	-8874.376065057804
1323000	-8901.05449987063
1323500	-7624.81136679269
1324000	-7748.274024954492
1324500	-8636.619049335974
1325000	-8074.82385482545
1325500	-8003.025546488177
1326000	-8540.446317500688
1326500	-8284.73841686545
1327000	-8121.019307263814
1327500	-8979.793466721107
1328000	-9374.362231682724
1328500	-9199.819073220644
1329000	-9369.568682902427
1329500	-9013.083932289961
1330000	-5985.371687715831
1330500	-6802.817385259589
1331000	-6679.5032843924255
1331500	-7074.285865395641
1332000	-7021.5429959301055
1332500	-6822.614094770241
1333000	-7093.321484815019
1333500	-7190.728166205673
1334000	-7233.293392912897
1334500	-7180.865241701874
1335000	-5878.363594166861
1335500	-5821.339882133125
1336000	-5579.948507036279
1336500	-5560.475793989426
1337000	-6185.586193225301
1337500	-6743.200567506459
1338000	-5726.595374456755
1338500	-6771.724331648008
1339000	-6873.599558645154
1339500	-6519.532908326778
1340000	-6923.768711845238
1340500	-7294.940442902754
1341000	-7104.501684790957
1341500	-7231.115188880614
1342000	-6994.415462801263
1342500	-6538.455048812162
1343000	-6815.896493217845
1343500	-6992.142599476824
1344000	-6602.324250639054
1344500	-7055.341552004644
1345000	-7343.441726401634
1345500	-7150.941697806988
1346000	-6992.740961072152
1346500	-6517.3644901875405
1347000	-6764.6559914366035
1347500	-6670.38066697696
1348000	-7075.273898940081
1348500	-7018.586917116414
1349000	-7064.7120512715655
1349500	-7138.119563114134
1350000	-7302.082660039123
1350500	-7627.584319057986
1351000	-7689.603978907903
1351500	-7413.015370339938
1352000	-6402.1731088104125
1352500	-6402.17311348677
1353000	-6367.653439516579
1353500	-6210.418990315759
1354000	-6196.790536511834
1354500	-6196.254669785497
1355000	-6029.940419186161
1355500	-6151.634530794418
1356000	-6360.750242345268
1356500	-7727.085568425775
1357000	-7810.311049757199
1357500	-7527.934248087419
1358000	-8005.136437126042
1358500	-7917.088769797301
1359000	-7902.742440822618
1359500	-7900.0868091906
1360000	-7760.910044315026
1360500	-7841.474084389157
1361000	-9029.149655721796
1361500	-9198.435657209222
1362000	-9055.737413240424
1362500	-9033.264244694963
1363000	-9114.613853351542
1363500	-9218.04995799028
1364000	-8998.336482351824
1364500	-9021.14963269103
1365000	-8954.191769062654
1365500	-8879.435293988245
1366000	-8846.341667831186
1366500	-8941.159780481914
1367000	-8882.766728753895
1367500	-8998.487458446338
1368000	-9107.425046751614
1368500	-9212.411957892113
1369000	-9222.949571702848
1369500	-9156.547854785778
1370000	-9273.353963518124
1370500	-9004.290434400262
1371000	-9165.60030507654
1371500	-9265.887501552217
1372000	-7960.858373092685
1372500	-8175.358481374196
1373000	-7721.488137634864
1373500	-7430.962108653185
1374000	-7920.843788040219
1374500	-7893.274221838699
1375000	-8038.506677608496
1375500	-8058.771282756572
1376000	-7967.515587790132
1376500	-7936.528728020652
1377000	-8063.313721930984
1377500	-8006.01054721212
1378000	-8038.60045348167
1378500	-8048.272280591688
1379000	-7751.232508342558
1379500	-7408.509590887795
1380000	-7147.815297890319
1380500	-7439.466639110322
1381000	-7496.872987302574
1381500	-7505.917850645561
1382000	-7835.01351418945
1382500	-7907.012088390605
1383000	-9530.78404320095
1383500	-9572.294351169317
1384000	-9385.696295108384
1384500	-9222.636464199917
1385000	-9214.893075162661
1385500	-8054.489169623449
1386000	-7646.446860863709
1386500	-8356.722110983248
1387000	-8676.606429183865
1387500	-7742.762095976192
1388000	-8160.771583691746
1388500	-8131.1610479193405
1389000	-8377.002824175068
1389500	-9310.369616356847
1390000	-8042.56403292275
1390500	-7512.548340028698
1391000	-7324.894549804362
1391500	-7846.803255195573
1392000	-7909.92773468908
1392500	-7669.3672421811025
1393000	-7799.576749240034
1393500	-7712.945879897605
1394000	-7987.200339796375
1394500	-7871.344181243581
1395000	-7053.493290298208
1395500	-7140.338950727045
1396000	-7114.276800900369
1396500	-7136.454013091472
1397000	-6190.647568567021
1397500	-6321.456901296574
1398000	-6211.054939790755
1398500	-5901.688751347431
1399000	-5794.009440988838
1399500	-4737.503624436455
1400000	-5353.872008064585
1400500	-4450.139949426181
1401000	-4733.127976955302
1401500	-4643.802043580167
1402000	-5588.574644503949
1402500	-6208.425695982883
1403000	-6166.793114345753
1403500	-6350.022589711082
1404000	-6387.620938332413
1404500	-6308.599432044483
1405000	-6363.273568612426
1405500	-6305.766132440384
1406000	-5417.418199408352
1406500	-5852.170143970282
1407000	-6383.244902953098
1407500	-6236.275671115349
1408000	-6399.714820892024
1408500	-6400.8990116332025
1409000	-6392.565092841064
1409500	-6370.518757057194
1410000	-6400.900594118383
1410500	-6399.6777116444255
1411000	-6397.96617575127
1411500	-6963.879574619738
1412000	-6849.270516360829
1412500	-7698.386255457281
1413000	-7631.207301626989
1413500	-6696.17797403574
1414000	-5060.5028453272125
1414500	-4468.410711868288
1415000	-5663.4452548799
1415500	-5674.152559382188
1416000	-4468.809322099612
1416500	-5139.530029834731
1417000	-4671.767325259173
1417500	-4875.246089777261
1418000	-5007.883785991606
1418500	-5373.7313226729275
1419000	-6252.137647122965
1419500	-6032.768490829494
1420000	-7287.539806617919
1420500	-7406.010400655146
1421000	-7216.289683834155
1421500	-6794.213044776305
1422000	-6763.134693321319
1422500	-5111.078890537262
1423000	-5190.066502488674
1423500	-6002.512894472621
1424000	-6247.154725682929
1424500	-6251.814278783807
1425000	-6158.591059016952
1425500	-6202.925878809691
1426000	-6208.42587934518
1426500	-6387.942261545506
1427000	-6403.583556576795
1427500	-6318.967912414453
1428000	-6374.313506521818
1428500	-6403.314060299449
1429000	-6403.580262426352
1429500	-6401.849738929495
1430000	-6282.846210749419
1430500	-6403.5843444009915
1431000	-6403.584344401173
1431500	-6403.584344400633
1432000	-6403.584344400356
1432500	-6403.584344401561
1433000	-6403.584344401303
1433500	-6403.549851494386
1434000	-6403.584344399577
1434500	-6403.5547327888635
1435000	-6400.144539916535
1435500	-6373.5702355254625
1436000	-6403.530555902207
1436500	-6380.9946061604605
1437000	-6329.53805618374
1437500	-6402.8834157296105
1438000	-6326.865610491312
1438500	-6320.856812788452
1439000	-6347.576561225209
1439500	-6181.858898515744
1440000	-5298.351073410836
1440500	-5781.059753246062
1441000	-5786.845741934527
1441500	-6387.845482897552
1442000	-6375.473963181644
1442500	-6382.633607488027
1443000	-6368.526880340996
1443500	-6217.64423433784
1444000	-6403.584329282847
1444500	-6402.714078050928
1445000	-6403.584344399345
1445500	-6403.583753417858
1446000	-6403.583169143715
1446500	-6377.8991005781545
1447000	-6402.390457425275
1447500	-6398.893330427437
1448000	-6403.560554613625
1448500	-6289.547868490633
1449000	-6395.839988280713
1449500	-6403.584344399257
1450000	-6269.796286897849
1450500	-6288.389043623371
1451000	-6150.622488571133
1451500	-6326.756517664414
1452000	-6110.842183203943
1452500	-6284.464473631168
1453000	-6364.975950100797
1453500	-6396.668875476959
1454000	-6338.960938161349
1454500	-6333.751309955488
1455000	-6402.927569826471
1455500	-6388.395425923706
1456000	-6403.520095499046
1456500	-6123.240475331944
1457000	-6121.297985809893
1457500	-6196.735788959237
1458000	-6386.581327129382
1458500	-6403.381011941185
1459000	-6232.525596612423
1459500	-6382.761010061502
1460000	-6381.864763026537
1460500	-6382.975105856504
1461000	-6370.861772011136
1461500	-6403.573506328462
1462000	-6403.58244111621
1462500	-6403.584342123246
1463000	-6367.412502298626
1463500	-6403.529586080425
1464000	-6403.477959516575
1464500	-6368.379414537987
1465000	-6400.205666345151
1465500	-6403.13745987577
1466000	-6403.584338034008
1466500	-6403.012805055659
1467000	-6403.584344401149
1467500	-6403.58434440124
1468000	-6403.164123992542
1468500	-6403.5842301497605
1469000	-6396.885465956058
1469500	-6403.466497375492
1470000	-6403.58434427498
1470500	-6385.881735054952
1471000	-5865.314280867169
1471500	-5851.5820613190845
1472000	-4865.654721389817
1472500	-5266.5443604998245
1473000	-6123.93893106485
1473500	-6370.042897725787
1474000	-6268.830459125279
1474500	-6043.6539995968915
1475000	-5762.707044069078
1475500	-5635.469848977428
1476000	-5938.601307404941
1476500	-5868.367924113393
1477000	-5882.603639644662
1477500	-5947.474958670768
1478000	-5707.344935059802
1478500	-5780.6881238513715
1479000	-6086.6916622462295
1479500	-6087.674247559918
1480000	-6270.990087839028
1480500	-6066.85145358581
1481000	-6401.863929271755
1481500	-6421.692241809859
1482000	-6399.857182345941
1482500	-6403.58254587052
1483000	-6397.55934543302
1483500	-6392.032086443012
1484000	-6403.581958497533
1484500	-6402.0720949241295
1485000	-6358.847229631683
1485500	-6349.789743665873
1486000	-6309.373782912866
1486500	-6196.300356214989
1487000	-6153.354341079642
1487500	-6175.354323629512
1488000	-6354.59489149438
1488500	-6415.018432197672
1489000	-6988.353428306314
1489500	-7403.429292017196
1490000	-7444.934627226316
1490500	-7573.095254056658
1491000	-7496.789882305684
1491500	-7222.674863694308
1492000	-7115.444103257255
1492500	-7348.296342499176
1493000	-6961.142222257462
1493500	-6749.905250676294
1494000	-6998.626426389773
1494500	-6104.201087305716
1495000	-5872.646837394225
1495500	-6678.861421416916
1496000	-6997.752944469511
1496500	-6922.999303412837
1497000	-7082.320521889153
1497500	-7446.002907084976
1498000	-7358.441463167391
1498500	-7431.678697855254
1499000	-7446.003007211374
1499500	-7431.42236029103
1500000	-7298.442631149467
